JOB ID: 2143360
Running on node: artongpu05
Project Directory: /usr/itetnas04/data-scratch-01/pparsons/data/MyExpoComm
--------------------------------
Algorithm:   iql
Environment: MAgent_AdvPursuit
Profile:     advP_IQL_RNN_nomm_43
--------------------------------
Conda activated: /usr/itetnas04/data-scratch-01/pparsons/data/conda_envs/ExpoComm
Starting Run...
Warning: Loaded 4 layers but model has 6 layers.
Exiting Main
Stopping all threads
Thread wandb-AsyncioManager-main is alive! Is daemon: True
Thread joined
Thread ChkStopThr is alive! Is daemon: True
Thread joined
Thread IntMsgThr is alive! Is daemon: True
Thread joined
Exiting script
[1;34mwandb[0m: 
[1;34mwandb[0m: 🚀 View run [33mmy_run-advP_IQL_RNN_nomm_43-20260731_153144[0m at: [34mhttps://wandb.ai/peterparsons02-eth-z-rich/my_experiment/runs/vjci8ira[0m
[1;34mwandb[0m: Find logs at: [1;35mwandb/run-20260731_153145-vjci8ira/logs[0m
Finished at: Sat Aug  1 11:32:48 CEST 2026
