JOB ID: 2147133
Running on node: tikgpu04
Project Directory: /usr/itetnas04/data-scratch-01/pparsons/data/MyExpoComm
--------------------------------
Algorithm:   qmix_ExpoComm_one_peer_n7_cont
Environment: MAgent_AdvPursuit
Profile:     advP_B_EC_op_nomm_44
--------------------------------
Conda activated: /usr/itetnas04/data-scratch-01/pparsons/data/conda_envs/ExpoComm
Starting Run...
Warning: Loaded 4 layers but model has 6 layers.
Exiting Main
Stopping all threads
Thread wandb-AsyncioManager-main is alive! Is daemon: True
Thread joined
Thread ChkStopThr is alive! Is daemon: True
Thread joined
Thread IntMsgThr is alive! Is daemon: True
Thread joined
Exiting script
[1;34mwandb[0m: 
[1;34mwandb[0m: 🚀 View run [33mmy_run-advP_B_EC_op_nomm_44-20260803_041329[0m at: [34mhttps://wandb.ai/peterparsons02-eth-z-rich/my_experiment/runs/k8dyhk7h[0m
[1;34mwandb[0m: Find logs at: [1;35mwandb/run-20260803_041330-k8dyhk7h/logs[0m
Finished at: Tue Aug  4 18:22:59 CEST 2026
