Gym has been unmaintained since 2022 and does not support NumPy 2.0 amongst other critical functionality.
Please upgrade to Gymnasium, the maintained drop-in replacement of Gym, or contact the authors of your software and request that they upgrade.
Users of this version of Gym should be able to simply replace 'import gym' with 'import gymnasium as gym' in the vast majority of cases.
See the migration guide at https://gymnasium.farama.org/introduction/migration_guide/ for additional information.
src/main.py:81: DeprecationWarning: Using or importing the ABCs from 'collections' instead of from 'collections.abc' is deprecated since Python 3.3, and in 3.10 it will stop working
  if isinstance(v, collections.Mapping):
wandb: [wandb.login()] Loaded credentials for https://api.wandb.ai from /home/pparsons/.netrc.
wandb: Currently logged in as: peterparsons02 (peterparsons02-eth-z-rich) to https://api.wandb.ai. Use `wandb login --relogin` to force relogin
wandb: setting up run fm404qm4
wandb: Tracking run with wandb version 0.24.1
wandb: Run data is saved locally in /usr/itetnas04/data-scratch-01/pparsons/data/MyExpoComm/wandb/run-20260606_210030-fm404qm4
wandb: Run `wandb offline` to turn off syncing.
wandb: Syncing run my_run-advP_Big_ExpoComm_5M_44-20260606_210030
wandb: ⭐️ View project at https://wandb.ai/peterparsons02-eth-z-rich/my_experiment
wandb: 🚀 View run at https://wandb.ai/peterparsons02-eth-z-rich/my_experiment/runs/fm404qm4
2026-06-06 21:00:32,079 - my_experiment - advP_Big_ExpoComm_5M_44 - my_run - INFO - Current directory: /usr/itetnas04/data-scratch-01/pparsons/data/MyExpoComm.
2026-06-06 21:00:32,079 - my_experiment - advP_Big_ExpoComm_5M_44 - my_run - INFO - Experiment Parameters:
2026-06-06 21:00:32,080 - my_experiment - advP_Big_ExpoComm_5M_44 - my_run - INFO - 

{   'action_selector': 'epsilon_greedy',
    'add_value_last_step': True,
    'agent': 'ExpoComm_one_peer_cont',
    'agent_output_type': 'q',
    'aux_coef': 0.1,
    'batch_size': 32,
    'batch_size_run': 1,
    'buffer_cpu_only': True,
    'buffer_size': 2000,
    'checkpoint_path': '',
    'double_q': True,
    'env': 'MAgent_AdvPursuit',
    'env_args': {   'global_reward': True,
                    'map_name': 'adversarial_pursuit_view8',
                    'map_size': 70,
                    'max_cycles': 200,
                    'minimap_mode': True,
                    'pretrained_ckpt': 'prey_params.pt',
                    'seed': 44},
    'epsilon_anneal_time': 1000000,
    'epsilon_finish': 0.05,
    'epsilon_start': 1.0,
    'evaluate': False,
    'evaluation_epsilon': 0.0,
    'exp_name': 'my_experiment',
    'gamma': 0.99,
    'global_reward': True,
    'grad_norm_clip': 10,
    'hidden_dim': 64,
    'hypergroup': None,
    'hypernet_embed': 64,
    'hypernet_layers': 2,
    'label': 'default_label',
    'learner': 'cont_q_learner',
    'learner_log_interval': 10000,
    'load_step': 0,
    'local_results_path': 'results',
    'log_interval': 50000,
    'lr': 0.0005,
    'mac': 'ExpoComm_mac',
    'mixer': 'qmix',
    'mixing_embed_dim': 64,
    'name': 'advP_Big_ExpoComm_5M_44',
    'neg_num': 20,
    'obs_agent_id': True,
    'obs_individual_obs': False,
    'obs_last_action': True,
    'one_peer': True,
    'optim_alpha': 0.99,
    'optim_eps': 1e-05,
    'pos_flag': False,
    'render': False,
    'repeat_id': 1,
    'run_name': 'my_run',
    'runner': 'episode',
    'runner_log_interval': 10000,
    'save_model': True,
    'save_model_interval': 500000,
    'save_replay': False,
    'seed': 44,
    'standardise_returns': False,
    'standardise_rewards': True,
    't_max': 5050000,
    'target_update_interval_or_tau': 200,
    'temperature': 0.07,
    'test_greedy': True,
    'test_interval': 50000,
    'test_nepisode': 16,
    'topk_neighbors': 7,
    'use_cuda': True,
    'use_rnn': True,
    'use_tensorboard': True,
    'work_dir': 'work_dirs/my_experiment/advP_Big_ExpoComm_5M_44/my_run/20260606_210030'}

/usr/itetnas04/data-scratch-01/pparsons/data/conda_envs/ExpoComm/lib/python3.8/site-packages/pettingzoo/utils/conversions.py:41: UserWarning: The `from_parallel` function is deprecated. Use the `parallel_to_aec` function instead.
  warnings.warn("The `from_parallel` function is deprecated. Use the `parallel_to_aec` function instead.")
/usr/itetnas04/data-scratch-01/pparsons/data/conda_envs/ExpoComm/lib/python3.8/site-packages/pettingzoo/utils/wrappers/base.py:44: UserWarning: The `observation_spaces` dictionary is deprecated. Use the `observation_space` function instead.
  warnings.warn("The `observation_spaces` dictionary is deprecated. Use the `observation_space` function instead.")
/usr/itetnas04/data-scratch-01/pparsons/data/conda_envs/ExpoComm/lib/python3.8/site-packages/pettingzoo/utils/conversions.py:36: UserWarning: The `to_parallel` function is deprecated. Use the `aec_to_parallel` function instead.
  warnings.warn("The `to_parallel` function is deprecated. Use the `aec_to_parallel` function instead.")
/usr/itetnas04/data-scratch-01/pparsons/data/conda_envs/ExpoComm/lib/python3.8/site-packages/pettingzoo/utils/conversions.py:80: UserWarning: The `action_spaces` dictionary is deprecated. Use the `action_space` function instead.
  warnings.warn("The `action_spaces` dictionary is deprecated. Use the `action_space` function instead.")
/usr/itetnas04/data-scratch-01/pparsons/data/conda_envs/ExpoComm/lib/python3.8/site-packages/pettingzoo/utils/wrappers/base.py:52: UserWarning: The `action_spaces` dictionary is deprecated. Use the `action_space` function instead.
  warnings.warn("The `action_spaces` dictionary is deprecated. Use the `action_space` function instead.")
/usr/itetnas04/data-scratch-01/pparsons/data/conda_envs/ExpoComm/lib/python3.8/site-packages/pettingzoo/utils/conversions.py:72: UserWarning: The `observation_spaces` dictionary is deprecated. Use the `observation_space` function instead.
  warnings.warn("The `observation_spaces` dictionary is deprecated. Use the `observation_space` function instead.")
2026-06-06 21:00:38,262 - my_experiment - advP_Big_ExpoComm_5M_44 - my_run - INFO - Beginning training for 5050000 timesteps
/usr/itetnas04/data-scratch-01/pparsons/data/MyExpoComm/src/envs/adv_pursuit_wrappers.py:240: UserWarning: To copy construct from a tensor, it is recommended to use sourceTensor.clone().detach() or sourceTensor.clone().detach().requires_grad_(True), rather than torch.tensor(sourceTensor).
  actions = th.tensor(actions, dtype=th.long)
2026-06-06 21:00:43,823 - my_experiment - advP_Big_ExpoComm_5M_44 - my_run - INFO - t_env: 200 / 5050000
2026-06-06 21:00:43,823 - my_experiment - advP_Big_ExpoComm_5M_44 - my_run - INFO - Estimated time left: 9 minutes, 19 seconds. Time passed: 5 seconds
2026-06-06 21:01:58,827 - my_experiment - advP_Big_ExpoComm_5M_44 - my_run - INFO - Saving models to work_dirs/my_experiment/advP_Big_ExpoComm_5M_44/my_run/20260606_210030/models/200
2026-06-06 21:24:21,686 - my_experiment - advP_Big_ExpoComm_5M_44 - my_run - INFO - Recent Stats | t_env:      50000 | Episode:      250
ep_length_mean:          200.0000	episode_length_mean:     199.0000	epsilon:                   0.9620	grad_norm:               131432.9248
info_nce_loss:             2.6554	loss:                    45879.3696	q_loss:                  41708.5164	q_taken_mean:              0.1289
return_mean:             -21.2065	return_std:                0.5977	target_mean:               1.5046	td_error_abs:            122.1941
test_ep_length_mean:     200.0000	test_episode_length_mean:199.0000	test_return_mean:        -39.3689	test_return_std:           1.2824

2026-06-06 21:24:27,147 - my_experiment - advP_Big_ExpoComm_5M_44 - my_run - INFO - t_env: 50200 / 5050000
2026-06-06 21:24:27,148 - my_experiment - advP_Big_ExpoComm_5M_44 - my_run - INFO - Estimated time left: 1 days, 15 hours, 32 minutes, 6 seconds. Time passed: 23 minutes, 48 seconds
2026-06-06 21:48:39,117 - my_experiment - advP_Big_ExpoComm_5M_44 - my_run - INFO - Recent Stats | t_env:     100000 | Episode:      500
ep_length_mean:          200.0000	episode_length_mean:     199.0000	epsilon:                   0.9145	grad_norm:               211493.0561
info_nce_loss:             2.4183	loss:                    33263.6697	q_loss:                  30239.6993	q_taken_mean:              8.4406
return_mean:             -19.3399	return_std:                0.8383	target_mean:               9.6350	td_error_abs:            109.7896
test_ep_length_mean:     200.0000	test_episode_length_mean:199.0000	test_return_mean:        -19.6844	test_return_std:           0.6412

2026-06-06 21:48:44,569 - my_experiment - advP_Big_ExpoComm_5M_44 - my_run - INFO - t_env: 100200 / 5050000
2026-06-06 21:48:44,570 - my_experiment - advP_Big_ExpoComm_5M_44 - my_run - INFO - Estimated time left: 1 days, 16 hours, 4 minutes, 38 seconds. Time passed: 48 minutes, 6 seconds
2026-06-06 22:12:47,075 - my_experiment - advP_Big_ExpoComm_5M_44 - my_run - INFO - Recent Stats | t_env:     150000 | Episode:      750
ep_length_mean:          200.0000	episode_length_mean:     199.0000	epsilon:                   0.8670	grad_norm:               313907.4406
info_nce_loss:             1.3016	loss:                    38123.2135	q_loss:                  34657.4654	q_taken_mean:             15.2460
return_mean:             -18.5125	return_std:                0.7501	target_mean:              16.3637	td_error_abs:            112.0607
test_ep_length_mean:     200.0000	test_episode_length_mean:199.0000	test_return_mean:        -13.1230	test_return_std:           0.4275

2026-06-06 22:12:52,522 - my_experiment - advP_Big_ExpoComm_5M_44 - my_run - INFO - t_env: 150200 / 5050000
2026-06-06 22:12:52,523 - my_experiment - advP_Big_ExpoComm_5M_44 - my_run - INFO - Estimated time left: 1 days, 15 hours, 24 minutes, 53 seconds. Time passed: 1 hours, 12 minutes, 14 seconds
2026-06-06 22:36:45,860 - my_experiment - advP_Big_ExpoComm_5M_44 - my_run - INFO - Recent Stats | t_env:     200000 | Episode:     1000
ep_length_mean:          200.0000	episode_length_mean:     199.0000	epsilon:                   0.8195	grad_norm:               393188.0500
info_nce_loss:             1.1047	loss:                    39678.0312	q_loss:                  36070.9369	q_taken_mean:             22.1326
return_mean:             -16.6796	return_std:                0.8194	target_mean:              23.1648	td_error_abs:            111.5150
test_ep_length_mean:     200.0000	test_episode_length_mean:199.0000	test_return_mean:         -9.8422	test_return_std:           0.3206

2026-06-06 22:36:51,317 - my_experiment - advP_Big_ExpoComm_5M_44 - my_run - INFO - t_env: 200200 / 5050000
2026-06-06 22:36:51,318 - my_experiment - advP_Big_ExpoComm_5M_44 - my_run - INFO - Estimated time left: 1 days, 14 hours, 45 minutes, 57 seconds. Time passed: 1 hours, 36 minutes, 13 seconds
2026-06-06 23:00:52,221 - my_experiment - advP_Big_ExpoComm_5M_44 - my_run - INFO - Recent Stats | t_env:     250000 | Episode:     1250
ep_length_mean:          200.0000	episode_length_mean:     199.0000	epsilon:                   0.7720	grad_norm:               1228104.2937
info_nce_loss:             0.2039	loss:                    65550.4160	q_loss:                  59591.2867	q_taken_mean:             28.1418
return_mean:             -15.6508	return_std:                0.7253	target_mean:              30.1857	td_error_abs:            172.5658
test_ep_length_mean:     200.0000	test_episode_length_mean:199.0000	test_return_mean:         -7.8738	test_return_std:           0.2565

2026-06-06 23:00:57,679 - my_experiment - advP_Big_ExpoComm_5M_44 - my_run - INFO - t_env: 250200 / 5050000
2026-06-06 23:00:57,680 - my_experiment - advP_Big_ExpoComm_5M_44 - my_run - INFO - Estimated time left: 1 days, 14 hours, 34 minutes, 4 seconds. Time passed: 2 hours, 19 seconds
2026-06-06 23:25:02,876 - my_experiment - advP_Big_ExpoComm_5M_44 - my_run - INFO - Recent Stats | t_env:     300000 | Episode:     1500
ep_length_mean:          200.0000	episode_length_mean:     199.0000	epsilon:                   0.7245	grad_norm:               1642555.9250
info_nce_loss:             0.3448	loss:                    40717.7297	q_loss:                  37016.1172	q_taken_mean:             34.4421
return_mean:             -14.9485	return_std:                0.7414	target_mean:              35.4676	td_error_abs:            120.5040
test_ep_length_mean:     200.0000	test_episode_length_mean:199.0000	test_return_mean:          0.0215	test_return_std:           0.0238

2026-06-06 23:25:08,339 - my_experiment - advP_Big_ExpoComm_5M_44 - my_run - INFO - t_env: 300200 / 5050000
2026-06-06 23:25:08,340 - my_experiment - advP_Big_ExpoComm_5M_44 - my_run - INFO - Estimated time left: 1 days, 14 hours, 16 minutes, 46 seconds. Time passed: 2 hours, 24 minutes, 30 seconds
2026-06-06 23:49:19,588 - my_experiment - advP_Big_ExpoComm_5M_44 - my_run - INFO - Recent Stats | t_env:     350000 | Episode:     1750
ep_length_mean:          200.0000	episode_length_mean:     199.0000	epsilon:                   0.6770	grad_norm:               2081339.0500
info_nce_loss:             0.4458	loss:                    37280.6883	q_loss:                  33891.5354	q_taken_mean:             40.2203
return_mean:             -14.1188	return_std:                0.6662	target_mean:              40.8875	td_error_abs:            110.4056
test_ep_length_mean:     200.0000	test_episode_length_mean:199.0000	test_return_mean:          0.0241	test_return_std:           0.0278

2026-06-06 23:49:25,188 - my_experiment - advP_Big_ExpoComm_5M_44 - my_run - INFO - t_env: 350200 / 5050000
2026-06-06 23:49:25,189 - my_experiment - advP_Big_ExpoComm_5M_44 - my_run - INFO - Estimated time left: 1 days, 14 hours, 2 minutes, 17 seconds. Time passed: 2 hours, 48 minutes, 46 seconds
2026-06-07 00:13:32,614 - my_experiment - advP_Big_ExpoComm_5M_44 - my_run - INFO - Recent Stats | t_env:     400000 | Episode:     2000
ep_length_mean:          200.0000	episode_length_mean:     199.0000	epsilon:                   0.6295	grad_norm:               5043656.5500
info_nce_loss:             0.3848	loss:                    45303.9035	q_loss:                  41185.3660	q_taken_mean:             44.9662
return_mean:             -13.3063	return_std:                0.5846	target_mean:              45.8205	td_error_abs:            122.6295
test_ep_length_mean:     200.0000	test_episode_length_mean:199.0000	test_return_mean:         -0.0403	test_return_std:           0.0640

2026-06-07 00:13:38,254 - my_experiment - advP_Big_ExpoComm_5M_44 - my_run - INFO - t_env: 400200 / 5050000
2026-06-07 00:13:38,255 - my_experiment - advP_Big_ExpoComm_5M_44 - my_run - INFO - Estimated time left: 1 days, 13 hours, 32 minutes, 9 seconds. Time passed: 3 hours, 12 minutes, 59 seconds
2026-06-07 00:37:48,903 - my_experiment - advP_Big_ExpoComm_5M_44 - my_run - INFO - Recent Stats | t_env:     450000 | Episode:     2250
ep_length_mean:          200.0000	episode_length_mean:     199.0000	epsilon:                   0.5820	grad_norm:               5943772.2500
info_nce_loss:             0.1512	loss:                    60880.1836	q_loss:                  55345.6215	q_taken_mean:             49.1066
return_mean:             -12.6051	return_std:                0.6355	target_mean:              50.6147	td_error_abs:            168.6091
test_ep_length_mean:     200.0000	test_episode_length_mean:199.0000	test_return_mean:         -0.0648	test_return_std:           0.1443

2026-06-07 00:37:54,368 - my_experiment - advP_Big_ExpoComm_5M_44 - my_run - INFO - t_env: 450200 / 5050000
2026-06-07 00:37:54,369 - my_experiment - advP_Big_ExpoComm_5M_44 - my_run - INFO - Estimated time left: 1 days, 13 hours, 12 minutes, 36 seconds. Time passed: 3 hours, 37 minutes, 16 seconds
2026-06-07 01:02:05,982 - my_experiment - advP_Big_ExpoComm_5M_44 - my_run - INFO - Recent Stats | t_env:     500000 | Episode:     2500
ep_length_mean:          200.0000	episode_length_mean:     199.0000	epsilon:                   0.5345	grad_norm:               6773659.3875
info_nce_loss:             0.4528	loss:                    49615.4832	q_loss:                  45104.9840	q_taken_mean:             55.2688
return_mean:             -11.0855	return_std:                0.7107	target_mean:              55.9891	td_error_abs:            130.3230
test_ep_length_mean:     200.0000	test_episode_length_mean:199.0000	test_return_mean:          0.0052	test_return_std:           0.2424

2026-06-07 01:02:11,508 - my_experiment - advP_Big_ExpoComm_5M_44 - my_run - INFO - t_env: 500200 / 5050000
2026-06-07 01:02:11,509 - my_experiment - advP_Big_ExpoComm_5M_44 - my_run - INFO - Estimated time left: 1 days, 12 hours, 49 minutes, 53 seconds. Time passed: 4 hours, 1 minutes, 33 seconds
2026-06-07 01:03:27,171 - my_experiment - advP_Big_ExpoComm_5M_44 - my_run - INFO - Saving models to work_dirs/my_experiment/advP_Big_ExpoComm_5M_44/my_run/20260606_210030/models/500200
2026-06-07 01:26:21,295 - my_experiment - advP_Big_ExpoComm_5M_44 - my_run - INFO - Recent Stats | t_env:     550000 | Episode:     2750
ep_length_mean:          200.0000	episode_length_mean:     199.0000	epsilon:                   0.4870	grad_norm:               8965798.3500
info_nce_loss:             0.3695	loss:                    50374.4629	q_loss:                  45794.9662	q_taken_mean:             59.6499
return_mean:              -9.9328	return_std:                0.8283	target_mean:              60.7065	td_error_abs:            137.9882
test_ep_length_mean:     200.0000	test_episode_length_mean:199.0000	test_return_mean:          0.5549	test_return_std:           0.5933

2026-06-07 01:26:26,920 - my_experiment - advP_Big_ExpoComm_5M_44 - my_run - INFO - t_env: 550200 / 5050000
2026-06-07 01:26:26,921 - my_experiment - advP_Big_ExpoComm_5M_44 - my_run - INFO - Estimated time left: 1 days, 12 hours, 23 minutes, 1 seconds. Time passed: 4 hours, 25 minutes, 48 seconds
2026-06-07 01:50:40,703 - my_experiment - advP_Big_ExpoComm_5M_44 - my_run - INFO - Recent Stats | t_env:     600000 | Episode:     3000
ep_length_mean:          200.0000	episode_length_mean:     199.0000	epsilon:                   0.4395	grad_norm:               7445868.7000
info_nce_loss:             0.3391	loss:                    47538.9625	q_loss:                  43217.2387	q_taken_mean:             65.7408
return_mean:              -8.7739	return_std:                1.0184	target_mean:              66.6375	td_error_abs:            120.4072
test_ep_length_mean:     200.0000	test_episode_length_mean:199.0000	test_return_mean:          1.6310	test_return_std:           0.9414

2026-06-07 01:50:46,203 - my_experiment - advP_Big_ExpoComm_5M_44 - my_run - INFO - t_env: 600200 / 5050000
2026-06-07 01:50:46,204 - my_experiment - advP_Big_ExpoComm_5M_44 - my_run - INFO - Estimated time left: 1 days, 12 hours, 4 minutes, 30 seconds. Time passed: 4 hours, 50 minutes, 7 seconds
2026-06-07 02:14:54,353 - my_experiment - advP_Big_ExpoComm_5M_44 - my_run - INFO - Recent Stats | t_env:     650000 | Episode:     3250
ep_length_mean:          200.0000	episode_length_mean:     199.0000	epsilon:                   0.3920	grad_norm:               9389473.7000
info_nce_loss:             0.2812	loss:                    58328.2805	q_loss:                  53025.7086	q_taken_mean:             68.9907
return_mean:              -8.8035	return_std:                0.8291	target_mean:              70.8434	td_error_abs:            154.6564
test_ep_length_mean:     200.0000	test_episode_length_mean:199.0000	test_return_mean:          2.2050	test_return_std:           1.2439

2026-06-07 02:14:59,871 - my_experiment - advP_Big_ExpoComm_5M_44 - my_run - INFO - t_env: 650200 / 5050000
2026-06-07 02:14:59,872 - my_experiment - advP_Big_ExpoComm_5M_44 - my_run - INFO - Estimated time left: 1 days, 11 hours, 31 minutes, 56 seconds. Time passed: 5 hours, 14 minutes, 21 seconds
2026-06-07 02:39:11,710 - my_experiment - advP_Big_ExpoComm_5M_44 - my_run - INFO - Recent Stats | t_env:     700000 | Episode:     3500
ep_length_mean:          200.0000	episode_length_mean:     199.0000	epsilon:                   0.3445	grad_norm:               13176735.4000
info_nce_loss:             0.4317	loss:                    48996.6762	q_loss:                  44542.4324	q_taken_mean:             74.0455
return_mean:              -7.9377	return_std:                0.8063	target_mean:              74.8624	td_error_abs:            114.8836
test_ep_length_mean:     200.0000	test_episode_length_mean:199.0000	test_return_mean:          2.3534	test_return_std:           1.3780

2026-06-07 02:39:17,213 - my_experiment - advP_Big_ExpoComm_5M_44 - my_run - INFO - t_env: 700200 / 5050000
2026-06-07 02:39:17,214 - my_experiment - advP_Big_ExpoComm_5M_44 - my_run - INFO - Estimated time left: 1 days, 11 hours, 13 minutes, 2 seconds. Time passed: 5 hours, 38 minutes, 38 seconds
2026-06-07 03:03:39,725 - my_experiment - advP_Big_ExpoComm_5M_44 - my_run - INFO - Recent Stats | t_env:     750000 | Episode:     3750
ep_length_mean:          200.0000	episode_length_mean:     199.0000	epsilon:                   0.2970	grad_norm:               15083279.8000
info_nce_loss:             0.4324	loss:                    57909.8523	q_loss:                  52645.3203	q_taken_mean:             77.2778
return_mean:              -6.2462	return_std:                0.8039	target_mean:              77.7889	td_error_abs:            110.1701
test_ep_length_mean:     200.0000	test_episode_length_mean:199.0000	test_return_mean:          2.3792	test_return_std:           1.5599

2026-06-07 03:03:45,245 - my_experiment - advP_Big_ExpoComm_5M_44 - my_run - INFO - t_env: 750200 / 5050000
2026-06-07 03:03:45,246 - my_experiment - advP_Big_ExpoComm_5M_44 - my_run - INFO - Estimated time left: 1 days, 11 hours, 4 minutes, 4 seconds. Time passed: 6 hours, 3 minutes, 6 seconds
2026-06-07 03:28:11,413 - my_experiment - advP_Big_ExpoComm_5M_44 - my_run - INFO - Recent Stats | t_env:     800000 | Episode:     4000
ep_length_mean:          200.0000	episode_length_mean:     199.0000	epsilon:                   0.2495	grad_norm:               17456171.0000
info_nce_loss:             0.1490	loss:                    57858.8914	q_loss:                  52598.9910	q_taken_mean:             80.4978
return_mean:              -4.7723	return_std:                1.0353	target_mean:              81.0706	td_error_abs:            109.8177
test_ep_length_mean:     200.0000	test_episode_length_mean:199.0000	test_return_mean:          2.4975	test_return_std:           1.6209

2026-06-07 03:28:16,911 - my_experiment - advP_Big_ExpoComm_5M_44 - my_run - INFO - t_env: 800200 / 5050000
2026-06-07 03:28:16,912 - my_experiment - advP_Big_ExpoComm_5M_44 - my_run - INFO - Estimated time left: 1 days, 10 hours, 44 minutes, 45 seconds. Time passed: 6 hours, 27 minutes, 38 seconds
2026-06-07 03:52:23,390 - my_experiment - advP_Big_ExpoComm_5M_44 - my_run - INFO - Recent Stats | t_env:     850000 | Episode:     4250
ep_length_mean:          200.0000	episode_length_mean:     199.0000	epsilon:                   0.2020	grad_norm:               17610235.2000
info_nce_loss:             0.2803	loss:                    70103.2242	q_loss:                  63730.2039	q_taken_mean:             84.0538
return_mean:              -3.2842	return_std:                1.4379	target_mean:              84.9726	td_error_abs:            122.9990
test_ep_length_mean:     200.0000	test_episode_length_mean:199.0000	test_return_mean:          2.0916	test_return_std:           1.8788

2026-06-07 03:52:28,892 - my_experiment - advP_Big_ExpoComm_5M_44 - my_run - INFO - t_env: 850200 / 5050000
2026-06-07 03:52:28,893 - my_experiment - advP_Big_ExpoComm_5M_44 - my_run - INFO - Estimated time left: 1 days, 9 hours, 52 minutes, 40 seconds. Time passed: 6 hours, 51 minutes, 50 seconds
2026-06-07 04:16:36,458 - my_experiment - advP_Big_ExpoComm_5M_44 - my_run - INFO - Recent Stats | t_env:     900000 | Episode:     4500
ep_length_mean:          200.0000	episode_length_mean:     199.0000	epsilon:                   0.1545	grad_norm:               22218747.2000
info_nce_loss:             0.3886	loss:                    69861.0672	q_loss:                  63510.0594	q_taken_mean:             86.9629
return_mean:              -2.3507	return_std:                1.3922	target_mean:              87.4801	td_error_abs:            107.5175
test_ep_length_mean:     200.0000	test_episode_length_mean:199.0000	test_return_mean:          1.7039	test_return_std:           1.8566

2026-06-07 04:16:41,962 - my_experiment - advP_Big_ExpoComm_5M_44 - my_run - INFO - t_env: 900200 / 5050000
2026-06-07 04:16:41,962 - my_experiment - advP_Big_ExpoComm_5M_44 - my_run - INFO - Estimated time left: 1 days, 9 hours, 29 minutes, 58 seconds. Time passed: 7 hours, 16 minutes, 3 seconds
2026-06-07 04:41:09,160 - my_experiment - advP_Big_ExpoComm_5M_44 - my_run - INFO - Recent Stats | t_env:     950000 | Episode:     4750
ep_length_mean:          200.0000	episode_length_mean:     199.0000	epsilon:                   0.1070	grad_norm:               21352816.6000
info_nce_loss:             0.4082	loss:                    112867.4680	q_loss:                  102606.7898	q_taken_mean:             88.4373
return_mean:              -2.0503	return_std:                1.5081	target_mean:              88.9971	td_error_abs:            173.7642
test_ep_length_mean:     200.0000	test_episode_length_mean:199.0000	test_return_mean:          1.6318	test_return_std:           1.7481

2026-06-07 04:41:14,679 - my_experiment - advP_Big_ExpoComm_5M_44 - my_run - INFO - t_env: 950200 / 5050000
2026-06-07 04:41:14,680 - my_experiment - advP_Big_ExpoComm_5M_44 - my_run - INFO - Estimated time left: 1 days, 9 hours, 32 minutes, 36 seconds. Time passed: 7 hours, 40 minutes, 36 seconds
2026-06-07 05:05:20,811 - my_experiment - advP_Big_ExpoComm_5M_44 - my_run - INFO - Recent Stats | t_env:    1000000 | Episode:     5000
ep_length_mean:          200.0000	episode_length_mean:     199.0000	epsilon:                   0.0595	grad_norm:               16686754.6000
info_nce_loss:             0.3632	loss:                    34835.0387	q_loss:                  31668.2168	q_taken_mean:             90.7234
return_mean:              -0.2295	return_std:                1.8333	target_mean:              91.3076	td_error_abs:            103.9908
test_ep_length_mean:     200.0000	test_episode_length_mean:199.0000	test_return_mean:          1.7217	test_return_std:           1.6378

2026-06-07 05:05:26,310 - my_experiment - advP_Big_ExpoComm_5M_44 - my_run - INFO - t_env: 1000200 / 5050000
2026-06-07 05:05:26,311 - my_experiment - advP_Big_ExpoComm_5M_44 - my_run - INFO - Estimated time left: 1 days, 8 hours, 39 minutes, 36 seconds. Time passed: 8 hours, 4 minutes, 48 seconds
2026-06-07 05:06:41,974 - my_experiment - advP_Big_ExpoComm_5M_44 - my_run - INFO - Saving models to work_dirs/my_experiment/advP_Big_ExpoComm_5M_44/my_run/20260606_210030/models/1000200
2026-06-07 05:29:35,887 - my_experiment - advP_Big_ExpoComm_5M_44 - my_run - INFO - Recent Stats | t_env:    1050000 | Episode:     5250
ep_length_mean:          200.0000	episode_length_mean:     199.0000	epsilon:                   0.0500	grad_norm:               17372672.4000
info_nce_loss:             0.2929	loss:                    42781.4531	q_loss:                  38892.2293	q_taken_mean:             93.8852
return_mean:               1.1693	return_std:                2.4419	target_mean:              94.5636	td_error_abs:            112.9369
test_ep_length_mean:     200.0000	test_episode_length_mean:199.0000	test_return_mean:          1.4998	test_return_std:           1.7374

2026-06-07 05:29:41,550 - my_experiment - advP_Big_ExpoComm_5M_44 - my_run - INFO - t_env: 1050200 / 5050000
2026-06-07 05:29:41,551 - my_experiment - advP_Big_ExpoComm_5M_44 - my_run - INFO - Estimated time left: 1 days, 8 hours, 20 minutes, 13 seconds. Time passed: 8 hours, 29 minutes, 3 seconds
2026-06-07 05:54:02,302 - my_experiment - advP_Big_ExpoComm_5M_44 - my_run - INFO - Recent Stats | t_env:    1100000 | Episode:     5500
ep_length_mean:          200.0000	episode_length_mean:     199.0000	epsilon:                   0.0500	grad_norm:               18297688.0000
info_nce_loss:             0.5220	loss:                    40369.5957	q_loss:                  36699.6320	q_taken_mean:             97.0758
return_mean:               2.1657	return_std:                2.5264	target_mean:              97.4973	td_error_abs:            100.3842
test_ep_length_mean:     200.0000	test_episode_length_mean:199.0000	test_return_mean:          1.8552	test_return_std:           1.6057

2026-06-07 05:54:07,950 - my_experiment - advP_Big_ExpoComm_5M_44 - my_run - INFO - t_env: 1100200 / 5050000
2026-06-07 05:54:07,951 - my_experiment - advP_Big_ExpoComm_5M_44 - my_run - INFO - Estimated time left: 1 days, 8 hours, 10 minutes, 39 seconds. Time passed: 8 hours, 53 minutes, 29 seconds
2026-06-07 06:18:28,984 - my_experiment - advP_Big_ExpoComm_5M_44 - my_run - INFO - Recent Stats | t_env:    1150000 | Episode:     5750
ep_length_mean:          200.0000	episode_length_mean:     199.0000	epsilon:                   0.0500	grad_norm:               18518274.8000
info_nce_loss:             0.2955	loss:                    46140.2867	q_loss:                  41945.7152	q_taken_mean:             99.5092
return_mean:               3.2098	return_std:                2.6265	target_mean:              99.6910	td_error_abs:             99.7649
test_ep_length_mean:     200.0000	test_episode_length_mean:199.0000	test_return_mean:          3.0102	test_return_std:           1.7707

2026-06-07 06:18:34,492 - my_experiment - advP_Big_ExpoComm_5M_44 - my_run - INFO - t_env: 1150200 / 5050000
2026-06-07 06:18:34,493 - my_experiment - advP_Big_ExpoComm_5M_44 - my_run - INFO - Estimated time left: 1 days, 7 hours, 46 minutes, 24 seconds. Time passed: 9 hours, 17 minutes, 56 seconds
2026-06-07 06:42:50,892 - my_experiment - advP_Big_ExpoComm_5M_44 - my_run - INFO - Recent Stats | t_env:    1200000 | Episode:     6000
ep_length_mean:          200.0000	episode_length_mean:     199.0000	epsilon:                   0.0500	grad_norm:               18091959.0000
info_nce_loss:             0.3186	loss:                    41882.8000	q_loss:                  38075.2727	q_taken_mean:            101.3134
return_mean:               4.4627	return_std:                2.7912	target_mean:             101.7876	td_error_abs:             97.0158
test_ep_length_mean:     200.0000	test_episode_length_mean:199.0000	test_return_mean:          4.0524	test_return_std:           2.1542

2026-06-07 06:42:56,400 - my_experiment - advP_Big_ExpoComm_5M_44 - my_run - INFO - t_env: 1200200 / 5050000
2026-06-07 06:42:56,401 - my_experiment - advP_Big_ExpoComm_5M_44 - my_run - INFO - Estimated time left: 1 days, 7 hours, 16 minutes, 1 seconds. Time passed: 9 hours, 42 minutes, 18 seconds
2026-06-07 07:07:09,680 - my_experiment - advP_Big_ExpoComm_5M_44 - my_run - INFO - Recent Stats | t_env:    1250000 | Episode:     6250
ep_length_mean:          200.0000	episode_length_mean:     199.0000	epsilon:                   0.0500	grad_norm:               18064826.4000
info_nce_loss:             0.4085	loss:                    50103.7805	q_loss:                  45548.8906	q_taken_mean:            103.4802
return_mean:               4.9689	return_std:                2.7307	target_mean:             103.9388	td_error_abs:            107.6512
test_ep_length_mean:     200.0000	test_episode_length_mean:199.0000	test_return_mean:          5.4475	test_return_std:           2.8475

2026-06-07 07:07:15,213 - my_experiment - advP_Big_ExpoComm_5M_44 - my_run - INFO - t_env: 1250200 / 5050000
2026-06-07 07:07:15,214 - my_experiment - advP_Big_ExpoComm_5M_44 - my_run - INFO - Estimated time left: 1 days, 6 hours, 47 minutes, 43 seconds. Time passed: 10 hours, 6 minutes, 36 seconds
2026-06-07 07:31:25,045 - my_experiment - advP_Big_ExpoComm_5M_44 - my_run - INFO - Recent Stats | t_env:    1300000 | Episode:     6500
ep_length_mean:          200.0000	episode_length_mean:     199.0000	epsilon:                   0.0500	grad_norm:               20075142.8000
info_nce_loss:             0.3187	loss:                    49711.7367	q_loss:                  45192.4883	q_taken_mean:            105.2599
return_mean:               4.9209	return_std:                2.6861	target_mean:             105.7422	td_error_abs:            100.7988
test_ep_length_mean:     200.0000	test_episode_length_mean:199.0000	test_return_mean:          6.4276	test_return_std:           2.9467

2026-06-07 07:31:30,696 - my_experiment - advP_Big_ExpoComm_5M_44 - my_run - INFO - t_env: 1300200 / 5050000
2026-06-07 07:31:30,697 - my_experiment - advP_Big_ExpoComm_5M_44 - my_run - INFO - Estimated time left: 1 days, 6 hours, 19 minutes, 15 seconds. Time passed: 10 hours, 30 minutes, 52 seconds
2026-06-07 07:56:25,227 - my_experiment - advP_Big_ExpoComm_5M_44 - my_run - INFO - Recent Stats | t_env:    1350000 | Episode:     6750
ep_length_mean:          200.0000	episode_length_mean:     199.0000	epsilon:                   0.0500	grad_norm:               15947202.4000
info_nce_loss:             0.3104	loss:                    41248.4949	q_loss:                  37498.6320	q_taken_mean:            107.7593
return_mean:               3.9220	return_std:                2.7160	target_mean:             108.0010	td_error_abs:             95.0577
test_ep_length_mean:     200.0000	test_episode_length_mean:199.0000	test_return_mean:          6.4493	test_return_std:           2.9996

2026-06-07 07:56:30,997 - my_experiment - advP_Big_ExpoComm_5M_44 - my_run - INFO - t_env: 1350200 / 5050000
2026-06-07 07:56:30,998 - my_experiment - advP_Big_ExpoComm_5M_44 - my_run - INFO - Estimated time left: 1 days, 6 hours, 50 minutes, 16 seconds. Time passed: 10 hours, 55 minutes, 52 seconds
2026-06-07 08:21:15,950 - my_experiment - advP_Big_ExpoComm_5M_44 - my_run - INFO - Recent Stats | t_env:    1400000 | Episode:     7000
ep_length_mean:          200.0000	episode_length_mean:     199.0000	epsilon:                   0.0500	grad_norm:               13539596.0000
info_nce_loss:             0.2102	loss:                    32475.2031	q_loss:                  29522.9113	q_taken_mean:            108.6219
return_mean:               4.1210	return_std:                3.2395	target_mean:             108.8508	td_error_abs:             88.1812
test_ep_length_mean:     200.0000	test_episode_length_mean:199.0000	test_return_mean:          6.2452	test_return_std:           3.0728

2026-06-07 08:21:21,473 - my_experiment - advP_Big_ExpoComm_5M_44 - my_run - INFO - t_env: 1400200 / 5050000
2026-06-07 08:21:21,475 - my_experiment - advP_Big_ExpoComm_5M_44 - my_run - INFO - Estimated time left: 1 days, 6 hours, 13 minutes, 18 seconds. Time passed: 11 hours, 20 minutes, 43 seconds
2026-06-07 08:45:46,594 - my_experiment - advP_Big_ExpoComm_5M_44 - my_run - INFO - Recent Stats | t_env:    1450000 | Episode:     7250
ep_length_mean:          200.0000	episode_length_mean:     199.0000	epsilon:                   0.0500	grad_norm:               14860222.4000
info_nce_loss:             0.3947	loss:                    42766.7812	q_loss:                  38878.8914	q_taken_mean:            110.7438
return_mean:               6.0119	return_std:                3.3627	target_mean:             111.0796	td_error_abs:             99.1116
test_ep_length_mean:     200.0000	test_episode_length_mean:199.0000	test_return_mean:          7.0202	test_return_std:           3.2663

2026-06-07 08:45:52,092 - my_experiment - advP_Big_ExpoComm_5M_44 - my_run - INFO - t_env: 1450200 / 5050000
2026-06-07 08:45:52,092 - my_experiment - advP_Big_ExpoComm_5M_44 - my_run - INFO - Estimated time left: 1 days, 5 hours, 24 minutes, 38 seconds. Time passed: 11 hours, 45 minutes, 13 seconds
2026-06-07 09:10:02,490 - my_experiment - advP_Big_ExpoComm_5M_44 - my_run - INFO - Recent Stats | t_env:    1500000 | Episode:     7500
ep_length_mean:          200.0000	episode_length_mean:     199.0000	epsilon:                   0.0500	grad_norm:               9860516.0500
info_nce_loss:             0.3110	loss:                    36547.3590	q_loss:                  33224.8719	q_taken_mean:            112.4295
return_mean:               7.4327	return_std:                3.6621	target_mean:             112.6751	td_error_abs:             97.8763
test_ep_length_mean:     200.0000	test_episode_length_mean:199.0000	test_return_mean:          7.8693	test_return_std:           3.1022

2026-06-07 09:10:08,004 - my_experiment - advP_Big_ExpoComm_5M_44 - my_run - INFO - t_env: 1500200 / 5050000
2026-06-07 09:10:08,004 - my_experiment - advP_Big_ExpoComm_5M_44 - my_run - INFO - Estimated time left: 1 days, 4 hours, 42 minutes, 43 seconds. Time passed: 12 hours, 9 minutes, 29 seconds
2026-06-07 09:11:23,942 - my_experiment - advP_Big_ExpoComm_5M_44 - my_run - INFO - Saving models to work_dirs/my_experiment/advP_Big_ExpoComm_5M_44/my_run/20260606_210030/models/1500200
2026-06-07 09:34:38,780 - my_experiment - advP_Big_ExpoComm_5M_44 - my_run - INFO - Recent Stats | t_env:    1550000 | Episode:     7750
ep_length_mean:          200.0000	episode_length_mean:     199.0000	epsilon:                   0.0500	grad_norm:               10718278.6000
info_nce_loss:             0.3663	loss:                    43812.8633	q_loss:                  39829.8750	q_taken_mean:            113.0580
return_mean:               7.4758	return_std:                3.8201	target_mean:             113.1453	td_error_abs:            122.1879
test_ep_length_mean:     200.0000	test_episode_length_mean:199.0000	test_return_mean:          8.5660	test_return_std:           3.2391

2026-06-07 09:34:44,304 - my_experiment - advP_Big_ExpoComm_5M_44 - my_run - INFO - t_env: 1550200 / 5050000
2026-06-07 09:34:44,305 - my_experiment - advP_Big_ExpoComm_5M_44 - my_run - INFO - Estimated time left: 1 days, 4 hours, 42 minutes, 15 seconds. Time passed: 12 hours, 34 minutes, 6 seconds
2026-06-07 09:59:03,166 - my_experiment - advP_Big_ExpoComm_5M_44 - my_run - INFO - Recent Stats | t_env:    1600000 | Episode:     8000
ep_length_mean:          200.0000	episode_length_mean:     199.0000	epsilon:                   0.0500	grad_norm:               8563806.5500
info_nce_loss:             0.2968	loss:                    35905.9191	q_loss:                  32641.7445	q_taken_mean:            113.2406
return_mean:               6.1374	return_std:                4.1169	target_mean:             113.1986	td_error_abs:            107.4960
test_ep_length_mean:     200.0000	test_episode_length_mean:199.0000	test_return_mean:          8.6786	test_return_std:           3.2499

2026-06-07 09:59:08,653 - my_experiment - advP_Big_ExpoComm_5M_44 - my_run - INFO - t_env: 1600200 / 5050000
2026-06-07 09:59:08,654 - my_experiment - advP_Big_ExpoComm_5M_44 - my_run - INFO - Estimated time left: 1 days, 4 hours, 3 minutes, 54 seconds. Time passed: 12 hours, 58 minutes, 30 seconds
2026-06-07 10:23:42,423 - my_experiment - advP_Big_ExpoComm_5M_44 - my_run - INFO - Recent Stats | t_env:    1650000 | Episode:     8250
ep_length_mean:          200.0000	episode_length_mean:     199.0000	epsilon:                   0.0500	grad_norm:               5106923.9000
info_nce_loss:             0.3867	loss:                    31859.5348	q_loss:                  28963.2137	q_taken_mean:            114.9234
return_mean:               7.6015	return_std:                3.3422	target_mean:             114.7879	td_error_abs:            110.7709
test_ep_length_mean:     200.0000	test_episode_length_mean:199.0000	test_return_mean:         10.0962	test_return_std:           3.2802

2026-06-07 10:23:47,964 - my_experiment - advP_Big_ExpoComm_5M_44 - my_run - INFO - t_env: 1650200 / 5050000
2026-06-07 10:23:47,965 - my_experiment - advP_Big_ExpoComm_5M_44 - my_run - INFO - Estimated time left: 1 days, 3 hours, 56 minutes, 27 seconds. Time passed: 13 hours, 23 minutes, 9 seconds
2026-06-07 10:48:00,040 - my_experiment - advP_Big_ExpoComm_5M_44 - my_run - INFO - Recent Stats | t_env:    1700000 | Episode:     8500
ep_length_mean:          200.0000	episode_length_mean:     199.0000	epsilon:                   0.0500	grad_norm:               4469851.0500
info_nce_loss:             0.3686	loss:                    22494.3711	q_loss:                  20449.4285	q_taken_mean:            115.8096
return_mean:              12.2956	return_std:                4.1337	target_mean:             115.8102	td_error_abs:             92.0761
test_ep_length_mean:     200.0000	test_episode_length_mean:199.0000	test_return_mean:         11.5756	test_return_std:           3.3385

2026-06-07 10:48:05,818 - my_experiment - advP_Big_ExpoComm_5M_44 - my_run - INFO - t_env: 1700200 / 5050000
2026-06-07 10:48:05,819 - my_experiment - advP_Big_ExpoComm_5M_44 - my_run - INFO - Estimated time left: 1 days, 3 hours, 7 minutes, 50 seconds. Time passed: 13 hours, 47 minutes, 27 seconds
2026-06-07 11:12:41,502 - my_experiment - advP_Big_ExpoComm_5M_44 - my_run - INFO - Recent Stats | t_env:    1750000 | Episode:     8750
ep_length_mean:          200.0000	episode_length_mean:     199.0000	epsilon:                   0.0500	grad_norm:               4544711.3000
info_nce_loss:             0.2338	loss:                    20812.7822	q_loss:                  18920.7113	q_taken_mean:            115.7554
return_mean:              15.9415	return_std:                5.0446	target_mean:             115.7281	td_error_abs:             83.6464
test_ep_length_mean:     200.0000	test_episode_length_mean:199.0000	test_return_mean:         14.0309	test_return_std:           3.5777

2026-06-07 11:12:47,020 - my_experiment - advP_Big_ExpoComm_5M_44 - my_run - INFO - t_env: 1750200 / 5050000
2026-06-07 11:12:47,020 - my_experiment - advP_Big_ExpoComm_5M_44 - my_run - INFO - Estimated time left: 1 days, 3 hours, 9 minutes, 13 seconds. Time passed: 14 hours, 12 minutes, 8 seconds
2026-06-07 11:36:55,659 - my_experiment - advP_Big_ExpoComm_5M_44 - my_run - INFO - Recent Stats | t_env:    1800000 | Episode:     9000
ep_length_mean:          200.0000	episode_length_mean:     199.0000	epsilon:                   0.0500	grad_norm:               5577008.3500
info_nce_loss:             0.2776	loss:                    19940.6096	q_loss:                  18127.8264	q_taken_mean:            115.9543
return_mean:              15.2197	return_std:                5.2305	target_mean:             115.9358	td_error_abs:             74.5100
test_ep_length_mean:     200.0000	test_episode_length_mean:199.0000	test_return_mean:         16.9239	test_return_std:           4.2080

2026-06-07 11:37:01,154 - my_experiment - advP_Big_ExpoComm_5M_44 - my_run - INFO - t_env: 1800200 / 5050000
2026-06-07 11:37:01,155 - my_experiment - advP_Big_ExpoComm_5M_44 - my_run - INFO - Estimated time left: 1 days, 2 hours, 15 minutes, 12 seconds. Time passed: 14 hours, 36 minutes, 22 seconds
2026-06-07 12:01:14,613 - my_experiment - advP_Big_ExpoComm_5M_44 - my_run - INFO - Recent Stats | t_env:    1850000 | Episode:     9250
ep_length_mean:          200.0000	episode_length_mean:     199.0000	epsilon:                   0.0500	grad_norm:               8326469.3000
info_nce_loss:             0.2448	loss:                    42766.9066	q_loss:                  38879.0059	q_taken_mean:            115.9295
return_mean:              15.1227	return_std:                4.9568	target_mean:             117.0989	td_error_abs:            139.8520
test_ep_length_mean:     200.0000	test_episode_length_mean:199.0000	test_return_mean:         20.9508	test_return_std:           4.4109

2026-06-07 12:01:20,273 - my_experiment - advP_Big_ExpoComm_5M_44 - my_run - INFO - t_env: 1850200 / 5050000
2026-06-07 12:01:20,274 - my_experiment - advP_Big_ExpoComm_5M_44 - my_run - INFO - Estimated time left: 1 days, 1 hours, 56 minutes, 17 seconds. Time passed: 15 hours, 42 seconds
2026-06-07 12:25:41,123 - my_experiment - advP_Big_ExpoComm_5M_44 - my_run - INFO - Recent Stats | t_env:    1900000 | Episode:     9500
ep_length_mean:          200.0000	episode_length_mean:     199.0000	epsilon:                   0.0500	grad_norm:               4905669.1000
info_nce_loss:             0.1888	loss:                    21636.4691	q_loss:                  19669.5174	q_taken_mean:            118.7623
return_mean:              17.2357	return_std:                5.5964	target_mean:             118.4778	td_error_abs:             98.6888
test_ep_length_mean:     200.0000	test_episode_length_mean:199.0000	test_return_mean:         22.9934	test_return_std:           4.7036

2026-06-07 12:25:46,626 - my_experiment - advP_Big_ExpoComm_5M_44 - my_run - INFO - t_env: 1900200 / 5050000
2026-06-07 12:25:46,627 - my_experiment - advP_Big_ExpoComm_5M_44 - my_run - INFO - Estimated time left: 1 days, 1 hours, 39 minutes, 34 seconds. Time passed: 15 hours, 25 minutes, 8 seconds
2026-06-07 12:50:02,798 - my_experiment - advP_Big_ExpoComm_5M_44 - my_run - INFO - Recent Stats | t_env:    1950000 | Episode:     9750
ep_length_mean:          200.0000	episode_length_mean:     199.0000	epsilon:                   0.0500	grad_norm:               7946840.9000
info_nce_loss:             0.3908	loss:                    41170.1307	q_loss:                  37427.3912	q_taken_mean:            121.2636
return_mean:              18.6718	return_std:                5.2341	target_mean:             120.9772	td_error_abs:            102.1786
test_ep_length_mean:     200.0000	test_episode_length_mean:199.0000	test_return_mean:         24.9280	test_return_std:           4.7912

2026-06-07 12:50:08,312 - my_experiment - advP_Big_ExpoComm_5M_44 - my_run - INFO - t_env: 1950200 / 5050000
2026-06-07 12:50:08,313 - my_experiment - advP_Big_ExpoComm_5M_44 - my_run - INFO - Estimated time left: 1 days, 1 hours, 10 minutes, 18 seconds. Time passed: 15 hours, 49 minutes, 30 seconds
2026-06-07 13:14:19,959 - my_experiment - advP_Big_ExpoComm_5M_44 - my_run - INFO - Recent Stats | t_env:    2000000 | Episode:    10000
ep_length_mean:          200.0000	episode_length_mean:     199.0000	epsilon:                   0.0500	grad_norm:               7746768.9000
info_nce_loss:             0.2352	loss:                    31587.8758	q_loss:                  28716.2514	q_taken_mean:            119.4428
return_mean:              24.3314	return_std:                5.3026	target_mean:             119.6946	td_error_abs:             96.7204
test_ep_length_mean:     200.0000	test_episode_length_mean:199.0000	test_return_mean:         25.4866	test_return_std:           4.7221

2026-06-07 13:14:25,414 - my_experiment - advP_Big_ExpoComm_5M_44 - my_run - INFO - t_env: 2000200 / 5050000
2026-06-07 13:14:25,414 - my_experiment - advP_Big_ExpoComm_5M_44 - my_run - INFO - Estimated time left: 1 days, 41 minutes, 17 seconds. Time passed: 16 hours, 13 minutes, 47 seconds
2026-06-07 13:15:41,249 - my_experiment - advP_Big_ExpoComm_5M_44 - my_run - INFO - Saving models to work_dirs/my_experiment/advP_Big_ExpoComm_5M_44/my_run/20260606_210030/models/2000200
2026-06-07 13:38:14,166 - my_experiment - advP_Big_ExpoComm_5M_44 - my_run - INFO - Recent Stats | t_env:    2050000 | Episode:    10250
ep_length_mean:          200.0000	episode_length_mean:     199.0000	epsilon:                   0.0500	grad_norm:               4532134.1125
info_nce_loss:             0.2069	loss:                    20581.8006	q_loss:                  18710.7273	q_taken_mean:            120.2754
return_mean:              24.7923	return_std:                4.7644	target_mean:             120.5687	td_error_abs:             99.8794
test_ep_length_mean:     200.0000	test_episode_length_mean:199.0000	test_return_mean:         26.9933	test_return_std:           4.2366

2026-06-07 13:38:19,614 - my_experiment - advP_Big_ExpoComm_5M_44 - my_run - INFO - t_env: 2050200 / 5050000
2026-06-07 13:38:19,615 - my_experiment - advP_Big_ExpoComm_5M_44 - my_run - INFO - Estimated time left: 23 hours, 54 minutes, 6 seconds. Time passed: 16 hours, 37 minutes, 41 seconds
2026-06-07 14:02:03,299 - my_experiment - advP_Big_ExpoComm_5M_44 - my_run - INFO - Recent Stats | t_env:    2100000 | Episode:    10500
ep_length_mean:          200.0000	episode_length_mean:     199.0000	epsilon:                   0.0500	grad_norm:               5612411.3750
info_nce_loss:             0.2226	loss:                    30183.4332	q_loss:                  27439.4842	q_taken_mean:            122.7077
return_mean:              23.6412	return_std:                4.5533	target_mean:             122.1448	td_error_abs:            112.5880
test_ep_length_mean:     200.0000	test_episode_length_mean:199.0000	test_return_mean:         27.1028	test_return_std:           4.2046

2026-06-07 14:02:08,724 - my_experiment - advP_Big_ExpoComm_5M_44 - my_run - INFO - t_env: 2100200 / 5050000
2026-06-07 14:02:08,725 - my_experiment - advP_Big_ExpoComm_5M_44 - my_run - INFO - Estimated time left: 23 hours, 25 minutes, 11 seconds. Time passed: 17 hours, 1 minutes, 30 seconds
2026-06-07 14:25:55,437 - my_experiment - advP_Big_ExpoComm_5M_44 - my_run - INFO - Recent Stats | t_env:    2150000 | Episode:    10750
ep_length_mean:          200.0000	episode_length_mean:     199.0000	epsilon:                   0.0500	grad_norm:               4522996.0500
info_nce_loss:             0.4513	loss:                    21654.3199	q_loss:                  19685.7451	q_taken_mean:            123.9048
return_mean:              24.2694	return_std:                4.6481	target_mean:             124.1188	td_error_abs:             91.7896
test_ep_length_mean:     200.0000	test_episode_length_mean:199.0000	test_return_mean:         28.8055	test_return_std:           4.1925

2026-06-07 14:26:00,940 - my_experiment - advP_Big_ExpoComm_5M_44 - my_run - INFO - t_env: 2150200 / 5050000
2026-06-07 14:26:00,941 - my_experiment - advP_Big_ExpoComm_5M_44 - my_run - INFO - Estimated time left: 23 hours, 4 minutes, 22 seconds. Time passed: 17 hours, 25 minutes, 22 seconds
2026-06-07 14:49:56,270 - my_experiment - advP_Big_ExpoComm_5M_44 - my_run - INFO - Recent Stats | t_env:    2200000 | Episode:    11000
ep_length_mean:          200.0000	episode_length_mean:     199.0000	epsilon:                   0.0500	grad_norm:               4635489.6250
info_nce_loss:             0.3688	loss:                    22793.2371	q_loss:                  20721.1246	q_taken_mean:            124.5627
return_mean:              27.2228	return_std:                5.2269	target_mean:             125.1413	td_error_abs:            100.7556
test_ep_length_mean:     200.0000	test_episode_length_mean:199.0000	test_return_mean:         30.6914	test_return_std:           4.0011

2026-06-07 14:50:01,741 - my_experiment - advP_Big_ExpoComm_5M_44 - my_run - INFO - t_env: 2200200 / 5050000
2026-06-07 14:50:01,742 - my_experiment - advP_Big_ExpoComm_5M_44 - my_run - INFO - Estimated time left: 22 hours, 48 minutes, 39 seconds. Time passed: 17 hours, 49 minutes, 23 seconds
2026-06-07 15:14:02,125 - my_experiment - advP_Big_ExpoComm_5M_44 - my_run - INFO - Recent Stats | t_env:    2250000 | Episode:    11250
ep_length_mean:          200.0000	episode_length_mean:     199.0000	epsilon:                   0.0500	grad_norm:               3753380.1250
info_nce_loss:             0.4644	loss:                    17848.0662	q_loss:                  16225.5148	q_taken_mean:            125.6284
return_mean:              29.2601	return_std:                5.1107	target_mean:             125.8706	td_error_abs:             96.0409
test_ep_length_mean:     200.0000	test_episode_length_mean:199.0000	test_return_mean:         34.3992	test_return_std:           4.1690

2026-06-07 15:14:07,551 - my_experiment - advP_Big_ExpoComm_5M_44 - my_run - INFO - t_env: 2250200 / 5050000
2026-06-07 15:14:07,552 - my_experiment - advP_Big_ExpoComm_5M_44 - my_run - INFO - Estimated time left: 22 hours, 29 minutes, 19 seconds. Time passed: 18 hours, 13 minutes, 29 seconds
2026-06-07 15:37:51,138 - my_experiment - advP_Big_ExpoComm_5M_44 - my_run - INFO - Recent Stats | t_env:    2300000 | Episode:    11500
ep_length_mean:          200.0000	episode_length_mean:     199.0000	epsilon:                   0.0500	grad_norm:               5928742.7000
info_nce_loss:             0.2992	loss:                    29934.6391	q_loss:                  27213.3082	q_taken_mean:            127.1987
return_mean:              30.5894	return_std:                5.0543	target_mean:             127.4159	td_error_abs:            109.8862
test_ep_length_mean:     200.0000	test_episode_length_mean:199.0000	test_return_mean:         36.9177	test_return_std:           4.1421

2026-06-07 15:37:56,741 - my_experiment - advP_Big_ExpoComm_5M_44 - my_run - INFO - t_env: 2300200 / 5050000
2026-06-07 15:37:56,742 - my_experiment - advP_Big_ExpoComm_5M_44 - my_run - INFO - Estimated time left: 21 hours, 49 minutes, 59 seconds. Time passed: 18 hours, 37 minutes, 18 seconds
2026-06-07 16:01:45,592 - my_experiment - advP_Big_ExpoComm_5M_44 - my_run - INFO - Recent Stats | t_env:    2350000 | Episode:    11750
ep_length_mean:          200.0000	episode_length_mean:     199.0000	epsilon:                   0.0500	grad_norm:               4140855.5500
info_nce_loss:             0.3198	loss:                    17836.8131	q_loss:                  16215.2846	q_taken_mean:            128.2574
return_mean:              31.3440	return_std:                4.8840	target_mean:             127.9103	td_error_abs:             91.9488
test_ep_length_mean:     200.0000	test_episode_length_mean:199.0000	test_return_mean:         40.5804	test_return_std:           4.3943

2026-06-07 16:01:51,023 - my_experiment - advP_Big_ExpoComm_5M_44 - my_run - INFO - t_env: 2350200 / 5050000
2026-06-07 16:01:51,024 - my_experiment - advP_Big_ExpoComm_5M_44 - my_run - INFO - Estimated time left: 21 hours, 30 minutes, 45 seconds. Time passed: 19 hours, 1 minutes, 12 seconds
2026-06-07 16:25:34,089 - my_experiment - advP_Big_ExpoComm_5M_44 - my_run - INFO - Recent Stats | t_env:    2400000 | Episode:    12000
ep_length_mean:          200.0000	episode_length_mean:     199.0000	epsilon:                   0.0500	grad_norm:               4004319.7000
info_nce_loss:             0.2298	loss:                    19385.8602	q_loss:                  17623.5090	q_taken_mean:            129.5398
return_mean:              38.2007	return_std:                5.8499	target_mean:             130.1016	td_error_abs:             94.9803
test_ep_length_mean:     200.0000	test_episode_length_mean:199.0000	test_return_mean:         46.6733	test_return_std:           4.6863

2026-06-07 16:25:39,494 - my_experiment - advP_Big_ExpoComm_5M_44 - my_run - INFO - t_env: 2400200 / 5050000
2026-06-07 16:25:39,495 - my_experiment - advP_Big_ExpoComm_5M_44 - my_run - INFO - Estimated time left: 21 hours, 1 minutes, 43 seconds. Time passed: 19 hours, 25 minutes, 1 seconds
2026-06-07 16:49:25,192 - my_experiment - advP_Big_ExpoComm_5M_44 - my_run - INFO - Recent Stats | t_env:    2450000 | Episode:    12250
ep_length_mean:          200.0000	episode_length_mean:     199.0000	epsilon:                   0.0500	grad_norm:               4539255.1500
info_nce_loss:             0.2843	loss:                    18855.9248	q_loss:                  17141.7498	q_taken_mean:            130.0159
return_mean:              40.9277	return_std:                6.9650	target_mean:             130.7717	td_error_abs:             95.1542
test_ep_length_mean:     200.0000	test_episode_length_mean:199.0000	test_return_mean:         53.2180	test_return_std:           5.1710

2026-06-07 16:49:30,619 - my_experiment - advP_Big_ExpoComm_5M_44 - my_run - INFO - t_env: 2450200 / 5050000
2026-06-07 16:49:30,619 - my_experiment - advP_Big_ExpoComm_5M_44 - my_run - INFO - Estimated time left: 20 hours, 40 minutes, 12 seconds. Time passed: 19 hours, 48 minutes, 52 seconds
2026-06-07 17:13:14,410 - my_experiment - advP_Big_ExpoComm_5M_44 - my_run - INFO - Recent Stats | t_env:    2500000 | Episode:    12500
ep_length_mean:          200.0000	episode_length_mean:     199.0000	epsilon:                   0.0500	grad_norm:               5983547.2000
info_nce_loss:             0.3149	loss:                    24697.5164	q_loss:                  22452.2877	q_taken_mean:            131.4402
return_mean:              46.3301	return_std:                6.5338	target_mean:             131.5319	td_error_abs:            104.7037
test_ep_length_mean:     200.0000	test_episode_length_mean:199.0000	test_return_mean:         59.4404	test_return_std:           5.4388

2026-06-07 17:13:19,844 - my_experiment - advP_Big_ExpoComm_5M_44 - my_run - INFO - t_env: 2500200 / 5050000
2026-06-07 17:13:19,845 - my_experiment - advP_Big_ExpoComm_5M_44 - my_run - INFO - Estimated time left: 20 hours, 14 minutes, 44 seconds. Time passed: 20 hours, 12 minutes, 41 seconds
2026-06-07 17:14:35,267 - my_experiment - advP_Big_ExpoComm_5M_44 - my_run - INFO - Saving models to work_dirs/my_experiment/advP_Big_ExpoComm_5M_44/my_run/20260606_210030/models/2500200
2026-06-07 17:37:02,976 - my_experiment - advP_Big_ExpoComm_5M_44 - my_run - INFO - Recent Stats | t_env:    2550000 | Episode:    12750
ep_length_mean:          200.0000	episode_length_mean:     199.0000	epsilon:                   0.0500	grad_norm:               8533830.2000
info_nce_loss:             0.2189	loss:                    51797.3562	q_loss:                  47088.5057	q_taken_mean:            132.6175
return_mean:              43.8380	return_std:                7.1860	target_mean:             133.2063	td_error_abs:            122.7226
test_ep_length_mean:     200.0000	test_episode_length_mean:199.0000	test_return_mean:         65.0929	test_return_std:           5.7118

2026-06-07 17:37:08,382 - my_experiment - advP_Big_ExpoComm_5M_44 - my_run - INFO - t_env: 2550200 / 5050000
2026-06-07 17:37:08,383 - my_experiment - advP_Big_ExpoComm_5M_44 - my_run - INFO - Estimated time left: 19 hours, 50 minutes, 21 seconds. Time passed: 20 hours, 36 minutes, 30 seconds
2026-06-07 18:00:51,249 - my_experiment - advP_Big_ExpoComm_5M_44 - my_run - INFO - Recent Stats | t_env:    2600000 | Episode:    13000
ep_length_mean:          200.0000	episode_length_mean:     199.0000	epsilon:                   0.0500	grad_norm:               11717606.9500
info_nce_loss:             0.2106	loss:                    74305.5922	q_loss:                  67550.5375	q_taken_mean:            134.5858
return_mean:              43.1043	return_std:                6.5111	target_mean:             134.6772	td_error_abs:            136.9565
test_ep_length_mean:     200.0000	test_episode_length_mean:199.0000	test_return_mean:         69.6444	test_return_std:           6.4820

2026-06-07 18:00:56,677 - my_experiment - advP_Big_ExpoComm_5M_44 - my_run - INFO - t_env: 2600200 / 5050000
2026-06-07 18:00:56,678 - my_experiment - advP_Big_ExpoComm_5M_44 - my_run - INFO - Estimated time left: 19 hours, 26 minutes, 20 seconds. Time passed: 21 hours, 18 seconds
2026-06-07 18:24:39,404 - my_experiment - advP_Big_ExpoComm_5M_44 - my_run - INFO - Recent Stats | t_env:    2650000 | Episode:    13250
ep_length_mean:          200.0000	episode_length_mean:     199.0000	epsilon:                   0.0500	grad_norm:               5355442.2000
info_nce_loss:             0.3646	loss:                    47288.9699	q_loss:                  42989.9734	q_taken_mean:            136.7880
return_mean:              45.2626	return_std:                5.8368	target_mean:             138.0481	td_error_abs:            129.8114
test_ep_length_mean:     200.0000	test_episode_length_mean:199.0000	test_return_mean:         69.8538	test_return_std:           6.5199

2026-06-07 18:24:44,830 - my_experiment - advP_Big_ExpoComm_5M_44 - my_run - INFO - t_env: 2650200 / 5050000
2026-06-07 18:24:44,831 - my_experiment - advP_Big_ExpoComm_5M_44 - my_run - INFO - Estimated time left: 19 hours, 2 minutes, 25 seconds. Time passed: 21 hours, 24 minutes, 6 seconds
2026-06-07 18:48:27,159 - my_experiment - advP_Big_ExpoComm_5M_44 - my_run - INFO - Recent Stats | t_env:    2700000 | Episode:    13500
ep_length_mean:          200.0000	episode_length_mean:     199.0000	epsilon:                   0.0500	grad_norm:               10989635.5500
info_nce_loss:             0.3793	loss:                    58206.6395	q_loss:                  52915.1262	q_taken_mean:            142.5951
return_mean:              47.7451	return_std:                7.0841	target_mean:             142.9184	td_error_abs:            123.6458
test_ep_length_mean:     200.0000	test_episode_length_mean:199.0000	test_return_mean:         71.5614	test_return_std:           7.2568

2026-06-07 18:48:32,585 - my_experiment - advP_Big_ExpoComm_5M_44 - my_run - INFO - t_env: 2700200 / 5050000
2026-06-07 18:48:32,586 - my_experiment - advP_Big_ExpoComm_5M_44 - my_run - INFO - Estimated time left: 18 hours, 38 minutes, 18 seconds. Time passed: 21 hours, 47 minutes, 54 seconds
2026-06-07 19:12:15,206 - my_experiment - advP_Big_ExpoComm_5M_44 - my_run - INFO - Recent Stats | t_env:    2750000 | Episode:    13750
ep_length_mean:          200.0000	episode_length_mean:     199.0000	epsilon:                   0.0500	grad_norm:               14966773.2500
info_nce_loss:             0.2777	loss:                    96060.0242	q_loss:                  87327.2922	q_taken_mean:            146.2570
return_mean:              49.2775	return_std:                6.8715	target_mean:             146.0190	td_error_abs:            151.5995
test_ep_length_mean:     200.0000	test_episode_length_mean:199.0000	test_return_mean:         71.8784	test_return_std:           7.3871

2026-06-07 19:12:20,632 - my_experiment - advP_Big_ExpoComm_5M_44 - my_run - INFO - t_env: 2750200 / 5050000
2026-06-07 19:12:20,633 - my_experiment - advP_Big_ExpoComm_5M_44 - my_run - INFO - Estimated time left: 18 hours, 14 minutes, 44 seconds. Time passed: 22 hours, 11 minutes, 42 seconds
2026-06-07 19:35:59,473 - my_experiment - advP_Big_ExpoComm_5M_44 - my_run - INFO - Recent Stats | t_env:    2800000 | Episode:    14000
ep_length_mean:          200.0000	episode_length_mean:     199.0000	epsilon:                   0.0500	grad_norm:               4554389.2500
info_nce_loss:             0.3576	loss:                    44261.1934	q_loss:                  40237.4484	q_taken_mean:            149.3049
return_mean:              48.0330	return_std:                7.5531	target_mean:             149.9550	td_error_abs:            130.2318
test_ep_length_mean:     200.0000	test_episode_length_mean:199.0000	test_return_mean:         72.5422	test_return_std:           7.7266

2026-06-07 19:36:04,900 - my_experiment - advP_Big_ExpoComm_5M_44 - my_run - INFO - t_env: 2800200 / 5050000
2026-06-07 19:36:04,901 - my_experiment - advP_Big_ExpoComm_5M_44 - my_run - INFO - Estimated time left: 17 hours, 48 minutes, 6 seconds. Time passed: 22 hours, 35 minutes, 26 seconds
2026-06-07 19:59:40,529 - my_experiment - advP_Big_ExpoComm_5M_44 - my_run - INFO - Recent Stats | t_env:    2850000 | Episode:    14250
ep_length_mean:          200.0000	episode_length_mean:     199.0000	epsilon:                   0.0500	grad_norm:               5805357.7500
info_nce_loss:             0.2944	loss:                    45782.6359	q_loss:                  41620.5789	q_taken_mean:            153.2608
return_mean:              51.0054	return_std:                6.3468	target_mean:             154.1654	td_error_abs:            122.5089
test_ep_length_mean:     200.0000	test_episode_length_mean:199.0000	test_return_mean:         74.1364	test_return_std:           7.3767

2026-06-07 19:59:45,924 - my_experiment - advP_Big_ExpoComm_5M_44 - my_run - INFO - t_env: 2850200 / 5050000
2026-06-07 19:59:45,925 - my_experiment - advP_Big_ExpoComm_5M_44 - my_run - INFO - Estimated time left: 17 hours, 21 minutes, 59 seconds. Time passed: 22 hours, 59 minutes, 7 seconds
2026-06-07 20:23:26,301 - my_experiment - advP_Big_ExpoComm_5M_44 - my_run - INFO - Recent Stats | t_env:    2900000 | Episode:    14500
ep_length_mean:          200.0000	episode_length_mean:     199.0000	epsilon:                   0.0500	grad_norm:               5005029.0500
info_nce_loss:             0.1980	loss:                    40175.7379	q_loss:                  36523.3977	q_taken_mean:            156.2913
return_mean:              51.9274	return_std:                6.7592	target_mean:             155.8931	td_error_abs:            114.2933
test_ep_length_mean:     200.0000	test_episode_length_mean:199.0000	test_return_mean:         77.9700	test_return_std:           7.5048

2026-06-07 20:23:31,707 - my_experiment - advP_Big_ExpoComm_5M_44 - my_run - INFO - t_env: 2900200 / 5050000
2026-06-07 20:23:31,708 - my_experiment - advP_Big_ExpoComm_5M_44 - my_run - INFO - Estimated time left: 17 hours, 1 minutes, 42 seconds. Time passed: 23 hours, 22 minutes, 53 seconds
2026-06-07 20:47:07,419 - my_experiment - advP_Big_ExpoComm_5M_44 - my_run - INFO - Recent Stats | t_env:    2950000 | Episode:    14750
ep_length_mean:          200.0000	episode_length_mean:     199.0000	epsilon:                   0.0500	grad_norm:               5066714.2000
info_nce_loss:             0.4365	loss:                    43537.5102	q_loss:                  39579.5551	q_taken_mean:            157.5529
return_mean:              51.0023	return_std:                6.7153	target_mean:             158.2443	td_error_abs:            137.1963
test_ep_length_mean:     200.0000	test_episode_length_mean:199.0000	test_return_mean:         78.2801	test_return_std:           6.9893

2026-06-07 20:47:12,803 - my_experiment - advP_Big_ExpoComm_5M_44 - my_run - INFO - t_env: 2950200 / 5050000
2026-06-07 20:47:12,804 - my_experiment - advP_Big_ExpoComm_5M_44 - my_run - INFO - Estimated time left: 16 hours, 34 minutes, 40 seconds. Time passed: 23 hours, 46 minutes, 34 seconds
slurmstepd: error: *** JOB 2072540 ON tikgpu09 CANCELLED AT 2026-06-07T21:00:32 DUE TO TIME LIMIT ***
