JOB ID: 2143357
Running on node: artongpu03
Project Directory: /usr/itetnas04/data-scratch-01/pparsons/data/MyExpoComm
--------------------------------
Algorithm:   HybridComm_one_peer
Environment: MAgent_AdvPursuit
Profile:     advP_HC_op_nomm_42
--------------------------------
Conda activated: /usr/itetnas04/data-scratch-01/pparsons/data/conda_envs/ExpoComm
Starting Run...
Warning: Loaded 4 layers but model has 6 layers.
Exiting Main
Stopping all threads
Thread wandb-AsyncioManager-main is alive! Is daemon: True
Thread joined
Thread ChkStopThr is alive! Is daemon: True
Thread joined
Thread IntMsgThr is alive! Is daemon: True
Thread joined
Exiting script
[1;34mwandb[0m: 
[1;34mwandb[0m: 🚀 View run [33mmy_run-advP_HC_op_nomm_42-20260730_193155[0m at: [34mhttps://wandb.ai/peterparsons02-eth-z-rich/my_experiment/runs/1tmel6lr[0m
[1;34mwandb[0m: Find logs at: [1;35mwandb/run-20260730_193156-1tmel6lr/logs[0m
Finished at: Fri Jul 31 20:00:57 CEST 2026
