Gym has been unmaintained since 2022 and does not support NumPy 2.0 amongst other critical functionality.
Please upgrade to Gymnasium, the maintained drop-in replacement of Gym, or contact the authors of your software and request that they upgrade.
Users of this version of Gym should be able to simply replace 'import gym' with 'import gymnasium as gym' in the vast majority of cases.
See the migration guide at https://gymnasium.farama.org/introduction/migration_guide/ for additional information.
src/main.py:81: DeprecationWarning: Using or importing the ABCs from 'collections' instead of from 'collections.abc' is deprecated since Python 3.3, and in 3.10 it will stop working
  if isinstance(v, collections.Mapping):
wandb: [wandb.login()] Loaded credentials for https://api.wandb.ai from /home/pparsons/.netrc.
wandb: Currently logged in as: peterparsons02 (peterparsons02-eth-z-rich) to https://api.wandb.ai. Use `wandb login --relogin` to force relogin
wandb: setting up run a6lddlca
wandb: Tracking run with wandb version 0.24.1
wandb: Run data is saved locally in /usr/itetnas04/data-scratch-01/pparsons/data/MyExpoComm/wandb/run-20260804_135621-a6lddlca
wandb: Run `wandb offline` to turn off syncing.
wandb: Syncing run my_run-advP_B_HC_op_nomm_44-20260804_135620
wandb: ⭐️ View project at https://wandb.ai/peterparsons02-eth-z-rich/my_experiment
wandb: 🚀 View run at https://wandb.ai/peterparsons02-eth-z-rich/my_experiment/runs/a6lddlca
2026-08-04 13:56:22,485 - my_experiment - advP_B_HC_op_nomm_44 - my_run - INFO - Current directory: /usr/itetnas04/data-scratch-01/pparsons/data/MyExpoComm.
2026-08-04 13:56:22,486 - my_experiment - advP_B_HC_op_nomm_44 - my_run - INFO - Experiment Parameters:
2026-08-04 13:56:22,488 - my_experiment - advP_B_HC_op_nomm_44 - my_run - INFO - 

{   'action_selector': 'epsilon_greedy',
    'add_value_last_step': True,
    'agent': 'ExpoComm_one_peer_cont',
    'agent_output_type': 'q',
    'attention_dim': 32,
    'aux_coef': 0.1,
    'batch_size': 32,
    'batch_size_run': 1,
    'buffer_cpu_only': True,
    'buffer_size': 2000,
    'checkpoint_path': '',
    'double_q': True,
    'env': 'MAgent_AdvPursuit',
    'env_args': {   'global_reward': True,
                    'map_name': 'adversarial_pursuit_view8',
                    'map_size': 70,
                    'max_cycles': 200,
                    'minimap_mode': False,
                    'pretrained_ckpt': 'prey_params.pt',
                    'seed': 44},
    'epsilon_anneal_time': 1000000,
    'epsilon_finish': 0.05,
    'epsilon_start': 1.0,
    'evaluate': False,
    'evaluation_epsilon': 0.0,
    'exp_name': 'my_experiment',
    'gamma': 0.99,
    'global_reward': True,
    'grad_norm_clip': 10,
    'hidden_dim': 64,
    'hypergroup': None,
    'label': 'default_label',
    'learner': 'hybrid_comm_learner',
    'learner_log_interval': 10000,
    'load_step': 0,
    'local_results_path': 'results',
    'log_interval': 50000,
    'lr': 0.0005,
    'mac': 'ExpoComm_mac',
    'mixer': None,
    'name': 'advP_B_HC_op_nomm_44',
    'neg_num': 20,
    'obs_agent_id': True,
    'obs_individual_obs': False,
    'obs_last_action': True,
    'one_peer': True,
    'optim_alpha': 0.99,
    'optim_eps': 1e-05,
    'render': False,
    'repeat_id': 1,
    'run_name': 'my_run',
    'runner': 'episode',
    'runner_log_interval': 10000,
    'save_model': True,
    'save_model_interval': 500000,
    'save_replay': False,
    'seed': 44,
    'standardise_returns': False,
    'standardise_rewards': True,
    't_max': 5050000,
    'target_update_interval_or_tau': 200,
    'temperature': 0.07,
    'test_greedy': True,
    'test_interval': 50000,
    'test_nepisode': 16,
    'topk_neighbors': 7,
    'use_cuda': True,
    'use_rnn': True,
    'use_tensorboard': True,
    'work_dir': 'work_dirs/my_experiment/advP_B_HC_op_nomm_44/my_run/20260804_135620'}

/usr/itetnas04/data-scratch-01/pparsons/data/conda_envs/ExpoComm/lib/python3.8/site-packages/pettingzoo/utils/conversions.py:41: UserWarning: The `from_parallel` function is deprecated. Use the `parallel_to_aec` function instead.
  warnings.warn("The `from_parallel` function is deprecated. Use the `parallel_to_aec` function instead.")
/usr/itetnas04/data-scratch-01/pparsons/data/conda_envs/ExpoComm/lib/python3.8/site-packages/pettingzoo/utils/wrappers/base.py:44: UserWarning: The `observation_spaces` dictionary is deprecated. Use the `observation_space` function instead.
  warnings.warn("The `observation_spaces` dictionary is deprecated. Use the `observation_space` function instead.")
/usr/itetnas04/data-scratch-01/pparsons/data/conda_envs/ExpoComm/lib/python3.8/site-packages/pettingzoo/utils/conversions.py:36: UserWarning: The `to_parallel` function is deprecated. Use the `aec_to_parallel` function instead.
  warnings.warn("The `to_parallel` function is deprecated. Use the `aec_to_parallel` function instead.")
/usr/itetnas04/data-scratch-01/pparsons/data/conda_envs/ExpoComm/lib/python3.8/site-packages/pettingzoo/utils/conversions.py:80: UserWarning: The `action_spaces` dictionary is deprecated. Use the `action_space` function instead.
  warnings.warn("The `action_spaces` dictionary is deprecated. Use the `action_space` function instead.")
/usr/itetnas04/data-scratch-01/pparsons/data/conda_envs/ExpoComm/lib/python3.8/site-packages/pettingzoo/utils/wrappers/base.py:52: UserWarning: The `action_spaces` dictionary is deprecated. Use the `action_space` function instead.
  warnings.warn("The `action_spaces` dictionary is deprecated. Use the `action_space` function instead.")
/usr/itetnas04/data-scratch-01/pparsons/data/conda_envs/ExpoComm/lib/python3.8/site-packages/pettingzoo/utils/conversions.py:72: UserWarning: The `observation_spaces` dictionary is deprecated. Use the `observation_space` function instead.
  warnings.warn("The `observation_spaces` dictionary is deprecated. Use the `observation_space` function instead.")
2026-08-04 13:56:25,534 - my_experiment - advP_B_HC_op_nomm_44 - my_run - INFO - Beginning training for 5050000 timesteps
/usr/itetnas04/data-scratch-01/pparsons/data/MyExpoComm/src/envs/adv_pursuit_wrappers.py:247: UserWarning: To copy construct from a tensor, it is recommended to use sourceTensor.clone().detach() or sourceTensor.clone().detach().requires_grad_(True), rather than torch.tensor(sourceTensor).
  actions = th.tensor(actions, dtype=th.long)
2026-08-04 13:56:30,706 - my_experiment - advP_B_HC_op_nomm_44 - my_run - INFO - t_env: 200 / 5050000
2026-08-04 13:56:30,706 - my_experiment - advP_B_HC_op_nomm_44 - my_run - INFO - Estimated time left: 8 minutes, 40 seconds. Time passed: 5 seconds
2026-08-04 13:57:42,528 - my_experiment - advP_B_HC_op_nomm_44 - my_run - INFO - Saving models to work_dirs/my_experiment/advP_B_HC_op_nomm_44/my_run/20260804_135620/models/200
2026-08-04 14:18:47,121 - my_experiment - advP_B_HC_op_nomm_44 - my_run - INFO - Recent Stats | t_env:      50000 | Episode:      250
ep_length_mean:          200.0000	episode_length_mean:     199.0000	epsilon:                   0.9620	grad_norm:                 0.1873
info_nce_loss:             2.8898	loss:                      1.1187	q_loss:                    1.0170	return_mean:             -21.2984
return_std:                0.5714	test_ep_length_mean:     200.0000	test_episode_length_mean:199.0000	test_return_mean:        -39.3689
test_return_std:           1.2824	
2026-08-04 14:18:52,301 - my_experiment - advP_B_HC_op_nomm_44 - my_run - INFO - t_env: 50200 / 5050000
2026-08-04 14:18:52,301 - my_experiment - advP_B_HC_op_nomm_44 - my_run - INFO - Estimated time left: 1 days, 13 hours, 15 minutes, 54 seconds. Time passed: 22 minutes, 26 seconds
2026-08-04 14:41:28,481 - my_experiment - advP_B_HC_op_nomm_44 - my_run - INFO - Recent Stats | t_env:     100000 | Episode:      500
ep_length_mean:          200.0000	episode_length_mean:     199.0000	epsilon:                   0.9145	grad_norm:                 0.8179
info_nce_loss:             1.7021	loss:                      1.1245	q_loss:                    1.0223	return_mean:             -19.3235
return_std:                0.8876	test_ep_length_mean:     200.0000	test_episode_length_mean:199.0000	test_return_mean:        -20.1468
test_return_std:           1.5918	
2026-08-04 14:41:33,665 - my_experiment - advP_B_HC_op_nomm_44 - my_run - INFO - t_env: 100200 / 5050000
2026-08-04 14:41:33,666 - my_experiment - advP_B_HC_op_nomm_44 - my_run - INFO - Estimated time left: 1 days, 13 hours, 26 minutes, 9 seconds. Time passed: 45 minutes, 8 seconds
2026-08-04 15:04:11,831 - my_experiment - advP_B_HC_op_nomm_44 - my_run - INFO - Recent Stats | t_env:     150000 | Episode:      750
ep_length_mean:          200.0000	episode_length_mean:     199.0000	epsilon:                   0.8670	grad_norm:                 1.7466
info_nce_loss:             1.0984	loss:                      1.2624	q_loss:                    1.1476	return_mean:             -17.0626
return_std:                0.9578	test_ep_length_mean:     200.0000	test_episode_length_mean:199.0000	test_return_mean:        -11.5863
test_return_std:           2.0970	
2026-08-04 15:04:17,001 - my_experiment - advP_B_HC_op_nomm_44 - my_run - INFO - t_env: 150200 / 5050000
2026-08-04 15:04:17,002 - my_experiment - advP_B_HC_op_nomm_44 - my_run - INFO - Estimated time left: 1 days, 13 hours, 6 minutes, 41 seconds. Time passed: 1 hours, 7 minutes, 51 seconds
2026-08-04 15:26:55,077 - my_experiment - advP_B_HC_op_nomm_44 - my_run - INFO - Recent Stats | t_env:     200000 | Episode:     1000
ep_length_mean:          200.0000	episode_length_mean:     199.0000	epsilon:                   0.8195	grad_norm:                 6.0275
info_nce_loss:             0.2880	loss:                      1.4534	q_loss:                    1.3213	return_mean:             -14.5452
return_std:                1.0270	test_ep_length_mean:     200.0000	test_episode_length_mean:199.0000	test_return_mean:         -4.7934
test_return_std:           2.9852	
2026-08-04 15:27:00,238 - my_experiment - advP_B_HC_op_nomm_44 - my_run - INFO - t_env: 200200 / 5050000
2026-08-04 15:27:00,239 - my_experiment - advP_B_HC_op_nomm_44 - my_run - INFO - Estimated time left: 1 days, 12 hours, 43 minutes, 48 seconds. Time passed: 1 hours, 30 minutes, 34 seconds
2026-08-04 15:49:37,444 - my_experiment - advP_B_HC_op_nomm_44 - my_run - INFO - Recent Stats | t_env:     250000 | Episode:     1250
ep_length_mean:          200.0000	episode_length_mean:     199.0000	epsilon:                   0.7720	grad_norm:                10.0568
info_nce_loss:             0.4936	loss:                      1.6207	q_loss:                    1.4734	return_mean:             -12.5466
return_std:                1.1946	test_ep_length_mean:     200.0000	test_episode_length_mean:199.0000	test_return_mean:         -2.9700
test_return_std:           3.5911	
2026-08-04 15:49:42,629 - my_experiment - advP_B_HC_op_nomm_44 - my_run - INFO - t_env: 250200 / 5050000
2026-08-04 15:49:42,964 - my_experiment - advP_B_HC_op_nomm_44 - my_run - INFO - Estimated time left: 1 days, 12 hours, 20 minutes, 16 seconds. Time passed: 1 hours, 53 minutes, 17 seconds
2026-08-04 16:12:19,959 - my_experiment - advP_B_HC_op_nomm_44 - my_run - INFO - Recent Stats | t_env:     300000 | Episode:     1500
ep_length_mean:          200.0000	episode_length_mean:     199.0000	epsilon:                   0.7245	grad_norm:                11.6541
info_nce_loss:             0.5004	loss:                      1.3984	q_loss:                    1.2713	return_mean:             -10.5528
return_std:                1.2518	test_ep_length_mean:     200.0000	test_episode_length_mean:199.0000	test_return_mean:          7.2965
test_return_std:           4.4851	
2026-08-04 16:12:25,119 - my_experiment - advP_B_HC_op_nomm_44 - my_run - INFO - t_env: 300200 / 5050000
2026-08-04 16:12:25,119 - my_experiment - advP_B_HC_op_nomm_44 - my_run - INFO - Estimated time left: 1 days, 11 hours, 56 minutes, 39 seconds. Time passed: 2 hours, 15 minutes, 59 seconds
2026-08-04 16:35:02,319 - my_experiment - advP_B_HC_op_nomm_44 - my_run - INFO - Recent Stats | t_env:     350000 | Episode:     1750
ep_length_mean:          200.0000	episode_length_mean:     199.0000	epsilon:                   0.6770	grad_norm:                14.2756
info_nce_loss:             0.0869	loss:                      1.4039	q_loss:                    1.2763	return_mean:              -7.9439
return_std:                1.4590	test_ep_length_mean:     200.0000	test_episode_length_mean:199.0000	test_return_mean:          9.4149
test_return_std:           4.9884	
2026-08-04 16:35:07,484 - my_experiment - advP_B_HC_op_nomm_44 - my_run - INFO - t_env: 350200 / 5050000
2026-08-04 16:35:07,485 - my_experiment - advP_B_HC_op_nomm_44 - my_run - INFO - Estimated time left: 1 days, 11 hours, 34 minutes, 16 seconds. Time passed: 2 hours, 38 minutes, 41 seconds
2026-08-04 16:57:38,716 - my_experiment - advP_B_HC_op_nomm_44 - my_run - INFO - Recent Stats | t_env:     400000 | Episode:     2000
ep_length_mean:          200.0000	episode_length_mean:     199.0000	epsilon:                   0.6295	grad_norm:                22.6141
info_nce_loss:             0.3035	loss:                      1.4420	q_loss:                    1.3109	return_mean:              -5.4914
return_std:                1.6788	test_ep_length_mean:     200.0000	test_episode_length_mean:199.0000	test_return_mean:         11.0771
test_return_std:           5.3861	
2026-08-04 16:57:43,860 - my_experiment - advP_B_HC_op_nomm_44 - my_run - INFO - t_env: 400200 / 5050000
2026-08-04 16:57:43,861 - my_experiment - advP_B_HC_op_nomm_44 - my_run - INFO - Estimated time left: 1 days, 11 hours, 2 minutes, 17 seconds. Time passed: 3 hours, 1 minutes, 18 seconds
2026-08-04 17:20:09,052 - my_experiment - advP_B_HC_op_nomm_44 - my_run - INFO - Recent Stats | t_env:     450000 | Episode:     2250
ep_length_mean:          200.0000	episode_length_mean:     199.0000	epsilon:                   0.5820	grad_norm:                54.8542
info_nce_loss:             0.2637	loss:                      1.9965	q_loss:                    1.8150	return_mean:              -2.7328
return_std:                1.8951	test_ep_length_mean:     200.0000	test_episode_length_mean:199.0000	test_return_mean:         12.1720
test_return_std:           5.4820	
2026-08-04 17:20:14,193 - my_experiment - advP_B_HC_op_nomm_44 - my_run - INFO - t_env: 450200 / 5050000
2026-08-04 17:20:14,194 - my_experiment - advP_B_HC_op_nomm_44 - my_run - INFO - Estimated time left: 1 days, 10 hours, 30 minutes, 25 seconds. Time passed: 3 hours, 23 minutes, 48 seconds
2026-08-04 17:42:41,790 - my_experiment - advP_B_HC_op_nomm_44 - my_run - INFO - Recent Stats | t_env:     500000 | Episode:     2500
ep_length_mean:          200.0000	episode_length_mean:     199.0000	epsilon:                   0.5345	grad_norm:                57.8191
info_nce_loss:             0.2208	loss:                      2.1315	q_loss:                    1.9377	return_mean:               0.2786
return_std:                2.1966	test_ep_length_mean:     200.0000	test_episode_length_mean:199.0000	test_return_mean:         16.2610
test_return_std:           5.2804	
2026-08-04 17:42:46,924 - my_experiment - advP_B_HC_op_nomm_44 - my_run - INFO - t_env: 500200 / 5050000
2026-08-04 17:42:46,925 - my_experiment - advP_B_HC_op_nomm_44 - my_run - INFO - Estimated time left: 1 days, 10 hours, 11 minutes, 33 seconds. Time passed: 3 hours, 46 minutes, 21 seconds
2026-08-04 17:43:58,739 - my_experiment - advP_B_HC_op_nomm_44 - my_run - INFO - Saving models to work_dirs/my_experiment/advP_B_HC_op_nomm_44/my_run/20260804_135620/models/500200
2026-08-04 18:05:13,820 - my_experiment - advP_B_HC_op_nomm_44 - my_run - INFO - Recent Stats | t_env:     550000 | Episode:     2750
ep_length_mean:          200.0000	episode_length_mean:     199.0000	epsilon:                   0.4870	grad_norm:               125.8282
info_nce_loss:             0.3374	loss:                      2.9793	q_loss:                    2.7084	return_mean:               2.3360
return_std:                2.4803	test_ep_length_mean:     200.0000	test_episode_length_mean:199.0000	test_return_mean:         17.5027
test_return_std:           4.9338	
2026-08-04 18:05:18,983 - my_experiment - advP_B_HC_op_nomm_44 - my_run - INFO - t_env: 550200 / 5050000
2026-08-04 18:05:18,984 - my_experiment - advP_B_HC_op_nomm_44 - my_run - INFO - Estimated time left: 1 days, 9 hours, 47 minutes, 59 seconds. Time passed: 4 hours, 8 minutes, 53 seconds
2026-08-04 18:27:46,235 - my_experiment - advP_B_HC_op_nomm_44 - my_run - INFO - Recent Stats | t_env:     600000 | Episode:     3000
ep_length_mean:          200.0000	episode_length_mean:     199.0000	epsilon:                   0.4395	grad_norm:               128.1142
info_nce_loss:             0.3423	loss:                      2.6293	q_loss:                    2.3903	return_mean:               5.1675
return_std:                2.4741	test_ep_length_mean:     200.0000	test_episode_length_mean:199.0000	test_return_mean:         20.1542
test_return_std:           4.8768	
2026-08-04 18:27:51,382 - my_experiment - advP_B_HC_op_nomm_44 - my_run - INFO - t_env: 600200 / 5050000
2026-08-04 18:27:51,383 - my_experiment - advP_B_HC_op_nomm_44 - my_run - INFO - Estimated time left: 1 days, 9 hours, 25 minutes, 58 seconds. Time passed: 4 hours, 31 minutes, 25 seconds
2026-08-04 18:50:19,120 - my_experiment - advP_B_HC_op_nomm_44 - my_run - INFO - Recent Stats | t_env:     650000 | Episode:     3250
ep_length_mean:          200.0000	episode_length_mean:     199.0000	epsilon:                   0.3920	grad_norm:               238.4510
info_nce_loss:             0.5878	loss:                      3.5526	q_loss:                    3.2296	return_mean:               7.4430
return_std:                2.8193	test_ep_length_mean:     200.0000	test_episode_length_mean:199.0000	test_return_mean:         22.8088
test_return_std:           4.9941	
2026-08-04 18:50:24,264 - my_experiment - advP_B_HC_op_nomm_44 - my_run - INFO - t_env: 650200 / 5050000
2026-08-04 18:50:24,265 - my_experiment - advP_B_HC_op_nomm_44 - my_run - INFO - Estimated time left: 1 days, 9 hours, 4 minutes, 8 seconds. Time passed: 4 hours, 53 minutes, 58 seconds
2026-08-04 19:12:51,276 - my_experiment - advP_B_HC_op_nomm_44 - my_run - INFO - Recent Stats | t_env:     700000 | Episode:     3500
ep_length_mean:          200.0000	episode_length_mean:     199.0000	epsilon:                   0.3445	grad_norm:               257.9680
info_nce_loss:             0.2636	loss:                      3.0168	q_loss:                    2.7425	return_mean:               8.4771
return_std:                3.1661	test_ep_length_mean:     200.0000	test_episode_length_mean:199.0000	test_return_mean:         25.0267
test_return_std:           4.9531	
2026-08-04 19:12:56,430 - my_experiment - advP_B_HC_op_nomm_44 - my_run - INFO - t_env: 700200 / 5050000
2026-08-04 19:12:56,430 - my_experiment - advP_B_HC_op_nomm_44 - my_run - INFO - Estimated time left: 1 days, 8 hours, 40 minutes, 32 seconds. Time passed: 5 hours, 16 minutes, 30 seconds
2026-08-04 19:35:23,700 - my_experiment - advP_B_HC_op_nomm_44 - my_run - INFO - Recent Stats | t_env:     750000 | Episode:     3750
ep_length_mean:          200.0000	episode_length_mean:     199.0000	epsilon:                   0.2970	grad_norm:               362.8732
info_nce_loss:             0.3081	loss:                      3.1856	q_loss:                    2.8960	return_mean:               9.4872
return_std:                3.5006	test_ep_length_mean:     200.0000	test_episode_length_mean:199.0000	test_return_mean:         25.5509
test_return_std:           5.8125	
2026-08-04 19:35:28,836 - my_experiment - advP_B_HC_op_nomm_44 - my_run - INFO - t_env: 750200 / 5050000
2026-08-04 19:35:28,837 - my_experiment - advP_B_HC_op_nomm_44 - my_run - INFO - Estimated time left: 1 days, 8 hours, 18 minutes, 21 seconds. Time passed: 5 hours, 39 minutes, 3 seconds
2026-08-04 19:57:56,209 - my_experiment - advP_B_HC_op_nomm_44 - my_run - INFO - Recent Stats | t_env:     800000 | Episode:     4000
ep_length_mean:          200.0000	episode_length_mean:     199.0000	epsilon:                   0.2495	grad_norm:               300.8874
info_nce_loss:             0.1924	loss:                      2.3866	q_loss:                    2.1697	return_mean:              11.6159
return_std:                4.5287	test_ep_length_mean:     200.0000	test_episode_length_mean:199.0000	test_return_mean:         26.9112
test_return_std:           6.0490	
2026-08-04 19:58:01,345 - my_experiment - advP_B_HC_op_nomm_44 - my_run - INFO - t_env: 800200 / 5050000
2026-08-04 19:58:01,346 - my_experiment - advP_B_HC_op_nomm_44 - my_run - INFO - Estimated time left: 1 days, 7 hours, 55 minutes, 57 seconds. Time passed: 6 hours, 1 minutes, 35 seconds
2026-08-04 20:20:28,342 - my_experiment - advP_B_HC_op_nomm_44 - my_run - INFO - Recent Stats | t_env:     850000 | Episode:     4250
ep_length_mean:          200.0000	episode_length_mean:     199.0000	epsilon:                   0.2020	grad_norm:               407.9155
info_nce_loss:             0.3961	loss:                      3.0853	q_loss:                    2.8048	return_mean:              14.0601
return_std:                5.2254	test_ep_length_mean:     200.0000	test_episode_length_mean:199.0000	test_return_mean:         27.4011
test_return_std:           6.8541	
2026-08-04 20:20:33,460 - my_experiment - advP_B_HC_op_nomm_44 - my_run - INFO - t_env: 850200 / 5050000
2026-08-04 20:20:33,461 - my_experiment - advP_B_HC_op_nomm_44 - my_run - INFO - Estimated time left: 1 days, 7 hours, 32 minutes, 52 seconds. Time passed: 6 hours, 24 minutes, 7 seconds
2026-08-04 20:43:00,364 - my_experiment - advP_B_HC_op_nomm_44 - my_run - INFO - Recent Stats | t_env:     900000 | Episode:     4500
ep_length_mean:          200.0000	episode_length_mean:     199.0000	epsilon:                   0.1545	grad_norm:               834.5464
info_nce_loss:             0.3172	loss:                      6.0999	q_loss:                    5.5454	return_mean:              17.6034
return_std:                4.4313	test_ep_length_mean:     200.0000	test_episode_length_mean:199.0000	test_return_mean:         27.0381
test_return_std:           6.5749	
2026-08-04 20:43:05,514 - my_experiment - advP_B_HC_op_nomm_44 - my_run - INFO - t_env: 900200 / 5050000
2026-08-04 20:43:05,515 - my_experiment - advP_B_HC_op_nomm_44 - my_run - INFO - Estimated time left: 1 days, 7 hours, 10 minutes, 15 seconds. Time passed: 6 hours, 46 minutes, 39 seconds
2026-08-04 21:05:31,796 - my_experiment - advP_B_HC_op_nomm_44 - my_run - INFO - Recent Stats | t_env:     950000 | Episode:     4750
ep_length_mean:          200.0000	episode_length_mean:     199.0000	epsilon:                   0.1070	grad_norm:               489.6561
info_nce_loss:             0.1616	loss:                      2.7781	q_loss:                    2.5255	return_mean:              17.6484
return_std:                6.5009	test_ep_length_mean:     200.0000	test_episode_length_mean:199.0000	test_return_mean:         25.5548
test_return_std:           6.9338	
2026-08-04 21:05:36,923 - my_experiment - advP_B_HC_op_nomm_44 - my_run - INFO - t_env: 950200 / 5050000
2026-08-04 21:05:36,924 - my_experiment - advP_B_HC_op_nomm_44 - my_run - INFO - Estimated time left: 1 days, 6 hours, 46 minutes, 50 seconds. Time passed: 7 hours, 9 minutes, 11 seconds
2026-08-04 21:28:03,120 - my_experiment - advP_B_HC_op_nomm_44 - my_run - INFO - Recent Stats | t_env:    1000000 | Episode:     5000
ep_length_mean:          200.0000	episode_length_mean:     199.0000	epsilon:                   0.0595	grad_norm:               351.7960
info_nce_loss:             0.1200	loss:                      1.8881	q_loss:                    1.7165	return_mean:              27.7585
return_std:                5.5918	test_ep_length_mean:     200.0000	test_episode_length_mean:199.0000	test_return_mean:         27.3233
test_return_std:           6.2616	
2026-08-04 21:28:08,267 - my_experiment - advP_B_HC_op_nomm_44 - my_run - INFO - t_env: 1000200 / 5050000
2026-08-04 21:28:08,268 - my_experiment - advP_B_HC_op_nomm_44 - my_run - INFO - Estimated time left: 1 days, 6 hours, 24 minutes, 13 seconds. Time passed: 7 hours, 31 minutes, 42 seconds
2026-08-04 21:29:20,221 - my_experiment - advP_B_HC_op_nomm_44 - my_run - INFO - Saving models to work_dirs/my_experiment/advP_B_HC_op_nomm_44/my_run/20260804_135620/models/1000200
2026-08-04 21:50:34,279 - my_experiment - advP_B_HC_op_nomm_44 - my_run - INFO - Recent Stats | t_env:    1050000 | Episode:     5250
ep_length_mean:          200.0000	episode_length_mean:     199.0000	epsilon:                   0.0500	grad_norm:               501.9163
info_nce_loss:             0.1753	loss:                      3.3935	q_loss:                    3.0850	return_mean:              28.7956
return_std:                5.6350	test_ep_length_mean:     200.0000	test_episode_length_mean:199.0000	test_return_mean:         28.5067
test_return_std:           6.5018	
2026-08-04 21:50:39,411 - my_experiment - advP_B_HC_op_nomm_44 - my_run - INFO - t_env: 1050200 / 5050000
2026-08-04 21:50:39,412 - my_experiment - advP_B_HC_op_nomm_44 - my_run - INFO - Estimated time left: 1 days, 6 hours, 1 minutes, 26 seconds. Time passed: 7 hours, 54 minutes, 13 seconds
2026-08-04 22:13:05,238 - my_experiment - advP_B_HC_op_nomm_44 - my_run - INFO - Recent Stats | t_env:    1100000 | Episode:     5500
ep_length_mean:          200.0000	episode_length_mean:     199.0000	epsilon:                   0.0500	grad_norm:               508.6822
info_nce_loss:             0.2399	loss:                      2.8668	q_loss:                    2.6061	return_mean:              27.8979
return_std:                5.6222	test_ep_length_mean:     200.0000	test_episode_length_mean:199.0000	test_return_mean:         28.5281
test_return_std:           6.2602	
2026-08-04 22:13:10,358 - my_experiment - advP_B_HC_op_nomm_44 - my_run - INFO - t_env: 1100200 / 5050000
2026-08-04 22:13:10,359 - my_experiment - advP_B_HC_op_nomm_44 - my_run - INFO - Estimated time left: 1 days, 5 hours, 38 minutes, 39 seconds. Time passed: 8 hours, 16 minutes, 44 seconds
2026-08-04 22:35:38,873 - my_experiment - advP_B_HC_op_nomm_44 - my_run - INFO - Recent Stats | t_env:    1150000 | Episode:     5750
ep_length_mean:          200.0000	episode_length_mean:     199.0000	epsilon:                   0.0500	grad_norm:               328.8059
info_nce_loss:             0.1848	loss:                      1.9841	q_loss:                    1.8038	return_mean:              29.4560
return_std:                6.0724	test_ep_length_mean:     200.0000	test_episode_length_mean:199.0000	test_return_mean:         30.6093
test_return_std:           6.6734	
2026-08-04 22:35:44,013 - my_experiment - advP_B_HC_op_nomm_44 - my_run - INFO - t_env: 1150200 / 5050000
2026-08-04 22:35:44,013 - my_experiment - advP_B_HC_op_nomm_44 - my_run - INFO - Estimated time left: 1 days, 5 hours, 19 minutes, 39 seconds. Time passed: 8 hours, 39 minutes, 18 seconds
2026-08-04 22:58:10,036 - my_experiment - advP_B_HC_op_nomm_44 - my_run - INFO - Recent Stats | t_env:    1200000 | Episode:     6000
ep_length_mean:          200.0000	episode_length_mean:     199.0000	epsilon:                   0.0500	grad_norm:               264.1043
info_nce_loss:             0.2619	loss:                      1.5515	q_loss:                    1.4105	return_mean:              33.5598
return_std:                5.7023	test_ep_length_mean:     200.0000	test_episode_length_mean:199.0000	test_return_mean:         33.6199
test_return_std:           6.5339	
2026-08-04 22:58:15,178 - my_experiment - advP_B_HC_op_nomm_44 - my_run - INFO - t_env: 1200200 / 5050000
2026-08-04 22:58:15,179 - my_experiment - advP_B_HC_op_nomm_44 - my_run - INFO - Estimated time left: 1 days, 4 hours, 53 minutes, 54 seconds. Time passed: 9 hours, 1 minutes, 49 seconds
2026-08-04 23:20:44,018 - my_experiment - advP_B_HC_op_nomm_44 - my_run - INFO - Recent Stats | t_env:    1250000 | Episode:     6250
ep_length_mean:          200.0000	episode_length_mean:     199.0000	epsilon:                   0.0500	grad_norm:               339.8154
info_nce_loss:             0.2948	loss:                      2.2726	q_loss:                    2.0660	return_mean:              36.0226
return_std:                5.4834	test_ep_length_mean:     200.0000	test_episode_length_mean:199.0000	test_return_mean:         35.4418
test_return_std:           6.8521	
2026-08-04 23:20:49,171 - my_experiment - advP_B_HC_op_nomm_44 - my_run - INFO - t_env: 1250200 / 5050000
2026-08-04 23:20:49,172 - my_experiment - advP_B_HC_op_nomm_44 - my_run - INFO - Estimated time left: 1 days, 4 hours, 34 minutes, 58 seconds. Time passed: 9 hours, 24 minutes, 23 seconds
2026-08-04 23:43:18,317 - my_experiment - advP_B_HC_op_nomm_44 - my_run - INFO - Recent Stats | t_env:    1300000 | Episode:     6500
ep_length_mean:          200.0000	episode_length_mean:     199.0000	epsilon:                   0.0500	grad_norm:               556.5946
info_nce_loss:             0.1295	loss:                      3.1060	q_loss:                    2.8237	return_mean:              36.5886
return_std:                5.8283	test_ep_length_mean:     200.0000	test_episode_length_mean:199.0000	test_return_mean:         37.0263
test_return_std:           6.7109	
2026-08-04 23:43:23,450 - my_experiment - advP_B_HC_op_nomm_44 - my_run - INFO - t_env: 1300200 / 5050000
2026-08-04 23:43:23,451 - my_experiment - advP_B_HC_op_nomm_44 - my_run - INFO - Estimated time left: 1 days, 4 hours, 12 minutes, 45 seconds. Time passed: 9 hours, 46 minutes, 57 seconds
2026-08-05 00:05:51,111 - my_experiment - advP_B_HC_op_nomm_44 - my_run - INFO - Recent Stats | t_env:    1350000 | Episode:     6750
ep_length_mean:          200.0000	episode_length_mean:     199.0000	epsilon:                   0.0500	grad_norm:               661.7380
info_nce_loss:             0.1836	loss:                      4.5936	q_loss:                    4.1760	return_mean:              35.1890
return_std:                5.6694	test_ep_length_mean:     200.0000	test_episode_length_mean:199.0000	test_return_mean:         41.3334
test_return_std:           6.9964	
2026-08-05 00:05:56,265 - my_experiment - advP_B_HC_op_nomm_44 - my_run - INFO - t_env: 1350200 / 5050000
2026-08-05 00:05:56,266 - my_experiment - advP_B_HC_op_nomm_44 - my_run - INFO - Estimated time left: 1 days, 3 hours, 48 minutes, 22 seconds. Time passed: 10 hours, 9 minutes, 30 seconds
2026-08-05 00:28:24,451 - my_experiment - advP_B_HC_op_nomm_44 - my_run - INFO - Recent Stats | t_env:    1400000 | Episode:     7000
ep_length_mean:          200.0000	episode_length_mean:     199.0000	epsilon:                   0.0500	grad_norm:               488.2909
info_nce_loss:             0.1817	loss:                      2.8752	q_loss:                    2.6138	return_mean:              34.0043
return_std:                6.3855	test_ep_length_mean:     200.0000	test_episode_length_mean:199.0000	test_return_mean:         42.8976
test_return_std:           6.9611	
2026-08-05 00:28:29,605 - my_experiment - advP_B_HC_op_nomm_44 - my_run - INFO - t_env: 1400200 / 5050000
2026-08-05 00:28:29,606 - my_experiment - advP_B_HC_op_nomm_44 - my_run - INFO - Estimated time left: 1 days, 3 hours, 26 minutes, 28 seconds. Time passed: 10 hours, 32 minutes, 4 seconds
2026-08-05 00:50:57,973 - my_experiment - advP_B_HC_op_nomm_44 - my_run - INFO - Recent Stats | t_env:    1450000 | Episode:     7250
ep_length_mean:          200.0000	episode_length_mean:     199.0000	epsilon:                   0.0500	grad_norm:               476.7301
info_nce_loss:             0.2228	loss:                      3.3297	q_loss:                    3.0270	return_mean:              33.3363
return_std:                6.9985	test_ep_length_mean:     200.0000	test_episode_length_mean:199.0000	test_return_mean:         44.9019
test_return_std:           6.9061	
2026-08-05 00:51:03,113 - my_experiment - advP_B_HC_op_nomm_44 - my_run - INFO - t_env: 1450200 / 5050000
2026-08-05 00:51:03,114 - my_experiment - advP_B_HC_op_nomm_44 - my_run - INFO - Estimated time left: 1 days, 3 hours, 4 minutes, 7 seconds. Time passed: 10 hours, 54 minutes, 37 seconds
2026-08-05 01:13:31,699 - my_experiment - advP_B_HC_op_nomm_44 - my_run - INFO - Recent Stats | t_env:    1500000 | Episode:     7500
ep_length_mean:          200.0000	episode_length_mean:     199.0000	epsilon:                   0.0500	grad_norm:               631.2239
info_nce_loss:             0.1683	loss:                      3.0204	q_loss:                    2.7459	return_mean:              37.4877
return_std:                6.7081	test_ep_length_mean:     200.0000	test_episode_length_mean:199.0000	test_return_mean:         43.1458
test_return_std:           6.4439	
2026-08-05 01:13:36,827 - my_experiment - advP_B_HC_op_nomm_44 - my_run - INFO - t_env: 1500200 / 5050000
2026-08-05 01:13:36,828 - my_experiment - advP_B_HC_op_nomm_44 - my_run - INFO - Estimated time left: 1 days, 2 hours, 41 minutes, 48 seconds. Time passed: 11 hours, 17 minutes, 11 seconds
2026-08-05 01:14:48,850 - my_experiment - advP_B_HC_op_nomm_44 - my_run - INFO - Saving models to work_dirs/my_experiment/advP_B_HC_op_nomm_44/my_run/20260804_135620/models/1500200
2026-08-05 01:36:05,399 - my_experiment - advP_B_HC_op_nomm_44 - my_run - INFO - Recent Stats | t_env:    1550000 | Episode:     7750
ep_length_mean:          200.0000	episode_length_mean:     199.0000	epsilon:                   0.0500	grad_norm:               446.0008
info_nce_loss:             0.1972	loss:                      2.0593	q_loss:                    1.8721	return_mean:              34.9199
return_std:                7.0502	test_ep_length_mean:     200.0000	test_episode_length_mean:199.0000	test_return_mean:         44.2916
test_return_std:           6.6976	
2026-08-05 01:36:10,546 - my_experiment - advP_B_HC_op_nomm_44 - my_run - INFO - t_env: 1550200 / 5050000
2026-08-05 01:36:10,547 - my_experiment - advP_B_HC_op_nomm_44 - my_run - INFO - Estimated time left: 1 days, 2 hours, 19 minutes, 14 seconds. Time passed: 11 hours, 39 minutes, 45 seconds
2026-08-05 01:58:38,910 - my_experiment - advP_B_HC_op_nomm_44 - my_run - INFO - Recent Stats | t_env:    1600000 | Episode:     8000
ep_length_mean:          200.0000	episode_length_mean:     199.0000	epsilon:                   0.0500	grad_norm:               549.8822
info_nce_loss:             0.1541	loss:                      2.1896	q_loss:                    1.9905	return_mean:              36.8822
return_std:                6.4592	test_ep_length_mean:     200.0000	test_episode_length_mean:199.0000	test_return_mean:         43.5576
test_return_std:           6.4155	
2026-08-05 01:58:44,054 - my_experiment - advP_B_HC_op_nomm_44 - my_run - INFO - t_env: 1600200 / 5050000
2026-08-05 01:58:44,055 - my_experiment - advP_B_HC_op_nomm_44 - my_run - INFO - Estimated time left: 1 days, 1 hours, 56 minutes, 26 seconds. Time passed: 12 hours, 2 minutes, 18 seconds
2026-08-05 02:21:12,421 - my_experiment - advP_B_HC_op_nomm_44 - my_run - INFO - Recent Stats | t_env:    1650000 | Episode:     8250
ep_length_mean:          200.0000	episode_length_mean:     199.0000	epsilon:                   0.0500	grad_norm:               486.9768
info_nce_loss:             0.0624	loss:                      1.8004	q_loss:                    1.6367	return_mean:              38.5144
return_std:                6.1974	test_ep_length_mean:     200.0000	test_episode_length_mean:199.0000	test_return_mean:         44.6146
test_return_std:           6.3295	
2026-08-05 02:21:17,562 - my_experiment - advP_B_HC_op_nomm_44 - my_run - INFO - t_env: 1650200 / 5050000
2026-08-05 02:21:17,563 - my_experiment - advP_B_HC_op_nomm_44 - my_run - INFO - Estimated time left: 1 days, 1 hours, 33 minutes, 53 seconds. Time passed: 12 hours, 24 minutes, 52 seconds
2026-08-05 02:43:47,995 - my_experiment - advP_B_HC_op_nomm_44 - my_run - INFO - Recent Stats | t_env:    1700000 | Episode:     8500
ep_length_mean:          200.0000	episode_length_mean:     199.0000	epsilon:                   0.0500	grad_norm:               488.6465
info_nce_loss:             0.2180	loss:                      1.7213	q_loss:                    1.5649	return_mean:              40.2645
return_std:                6.4015	test_ep_length_mean:     200.0000	test_episode_length_mean:199.0000	test_return_mean:         44.4785
test_return_std:           6.6823	
2026-08-05 02:43:53,150 - my_experiment - advP_B_HC_op_nomm_44 - my_run - INFO - t_env: 1700200 / 5050000
2026-08-05 02:43:53,151 - my_experiment - advP_B_HC_op_nomm_44 - my_run - INFO - Estimated time left: 1 days, 1 hours, 13 minutes, 38 seconds. Time passed: 12 hours, 47 minutes, 27 seconds
2026-08-05 03:06:24,599 - my_experiment - advP_B_HC_op_nomm_44 - my_run - INFO - Recent Stats | t_env:    1750000 | Episode:     8750
ep_length_mean:          200.0000	episode_length_mean:     199.0000	epsilon:                   0.0500	grad_norm:               604.8857
info_nce_loss:             0.1840	loss:                      2.7074	q_loss:                    2.4613	return_mean:              31.8386
return_std:                9.2184	test_ep_length_mean:     200.0000	test_episode_length_mean:199.0000	test_return_mean:         44.1632
test_return_std:           6.7775	
2026-08-05 03:06:29,759 - my_experiment - advP_B_HC_op_nomm_44 - my_run - INFO - t_env: 1750200 / 5050000
2026-08-05 03:06:29,759 - my_experiment - advP_B_HC_op_nomm_44 - my_run - INFO - Estimated time left: 1 days, 52 minutes, 10 seconds. Time passed: 13 hours, 10 minutes, 4 seconds
2026-08-05 03:28:59,322 - my_experiment - advP_B_HC_op_nomm_44 - my_run - INFO - Recent Stats | t_env:    1800000 | Episode:     9000
ep_length_mean:          200.0000	episode_length_mean:     199.0000	epsilon:                   0.0500	grad_norm:               721.4611
info_nce_loss:             0.1579	loss:                      2.9738	q_loss:                    2.7035	return_mean:              40.7862
return_std:                5.8337	test_ep_length_mean:     200.0000	test_episode_length_mean:199.0000	test_return_mean:         45.4002
test_return_std:           6.7817	
2026-08-05 03:29:04,450 - my_experiment - advP_B_HC_op_nomm_44 - my_run - INFO - t_env: 1800200 / 5050000
2026-08-05 03:29:04,450 - my_experiment - advP_B_HC_op_nomm_44 - my_run - INFO - Estimated time left: 1 days, 27 minutes, 29 seconds. Time passed: 13 hours, 32 minutes, 38 seconds
2026-08-05 03:51:33,749 - my_experiment - advP_B_HC_op_nomm_44 - my_run - INFO - Recent Stats | t_env:    1850000 | Episode:     9250
ep_length_mean:          200.0000	episode_length_mean:     199.0000	epsilon:                   0.0500	grad_norm:               400.9467
info_nce_loss:             0.2327	loss:                      1.3795	q_loss:                    1.2540	return_mean:              41.2666
return_std:                7.4772	test_ep_length_mean:     200.0000	test_episode_length_mean:199.0000	test_return_mean:         47.4500
test_return_std:           6.9393	
2026-08-05 03:51:38,913 - my_experiment - advP_B_HC_op_nomm_44 - my_run - INFO - t_env: 1850200 / 5050000
2026-08-05 03:51:38,914 - my_experiment - advP_B_HC_op_nomm_44 - my_run - INFO - Estimated time left: 1 days, 4 minutes, 40 seconds. Time passed: 13 hours, 55 minutes, 13 seconds
2026-08-05 04:14:08,174 - my_experiment - advP_B_HC_op_nomm_44 - my_run - INFO - Recent Stats | t_env:    1900000 | Episode:     9500
ep_length_mean:          200.0000	episode_length_mean:     199.0000	epsilon:                   0.0500	grad_norm:               500.1499
info_nce_loss:             0.1682	loss:                      1.5333	q_loss:                    1.3940	return_mean:              45.1347
return_std:                6.3587	test_ep_length_mean:     200.0000	test_episode_length_mean:199.0000	test_return_mean:         48.0884
test_return_std:           6.8586	
2026-08-05 04:14:13,323 - my_experiment - advP_B_HC_op_nomm_44 - my_run - INFO - t_env: 1900200 / 5050000
2026-08-05 04:14:13,324 - my_experiment - advP_B_HC_op_nomm_44 - my_run - INFO - Estimated time left: 23 hours, 42 minutes, 2 seconds. Time passed: 14 hours, 17 minutes, 47 seconds
2026-08-05 04:36:43,080 - my_experiment - advP_B_HC_op_nomm_44 - my_run - INFO - Recent Stats | t_env:    1950000 | Episode:     9750
ep_length_mean:          200.0000	episode_length_mean:     199.0000	epsilon:                   0.0500	grad_norm:               631.7694
info_nce_loss:             0.1989	loss:                      2.1685	q_loss:                    1.9714	return_mean:              42.7432
return_std:                7.7729	test_ep_length_mean:     200.0000	test_episode_length_mean:199.0000	test_return_mean:         48.0834
test_return_std:           6.1818	
2026-08-05 04:36:48,236 - my_experiment - advP_B_HC_op_nomm_44 - my_run - INFO - t_env: 1950200 / 5050000
2026-08-05 04:36:48,237 - my_experiment - advP_B_HC_op_nomm_44 - my_run - INFO - Estimated time left: 23 hours, 19 minutes, 59 seconds. Time passed: 14 hours, 40 minutes, 22 seconds
2026-08-05 04:59:14,152 - my_experiment - advP_B_HC_op_nomm_44 - my_run - INFO - Recent Stats | t_env:    2000000 | Episode:    10000
ep_length_mean:          200.0000	episode_length_mean:     199.0000	epsilon:                   0.0500	grad_norm:               522.7023
info_nce_loss:             0.3627	loss:                      1.7516	q_loss:                    1.5924	return_mean:              40.0886
return_std:               10.1581	test_ep_length_mean:     200.0000	test_episode_length_mean:199.0000	test_return_mean:         52.7350
test_return_std:           6.3113	
2026-08-05 04:59:19,291 - my_experiment - advP_B_HC_op_nomm_44 - my_run - INFO - t_env: 2000200 / 5050000
2026-08-05 04:59:19,291 - my_experiment - advP_B_HC_op_nomm_44 - my_run - INFO - Estimated time left: 22 hours, 53 minutes, 28 seconds. Time passed: 15 hours, 2 minutes, 53 seconds
2026-08-05 05:00:31,596 - my_experiment - advP_B_HC_op_nomm_44 - my_run - INFO - Saving models to work_dirs/my_experiment/advP_B_HC_op_nomm_44/my_run/20260804_135620/models/2000200
2026-08-05 05:21:48,191 - my_experiment - advP_B_HC_op_nomm_44 - my_run - INFO - Recent Stats | t_env:    2050000 | Episode:    10250
ep_length_mean:          200.0000	episode_length_mean:     199.0000	epsilon:                   0.0500	grad_norm:               552.2608
info_nce_loss:             0.1605	loss:                      1.7483	q_loss:                    1.5894	return_mean:              42.2570
return_std:                8.5969	test_ep_length_mean:     200.0000	test_episode_length_mean:199.0000	test_return_mean:         53.6416
test_return_std:           6.3674	
2026-08-05 05:21:53,322 - my_experiment - advP_B_HC_op_nomm_44 - my_run - INFO - t_env: 2050200 / 5050000
2026-08-05 05:21:53,323 - my_experiment - advP_B_HC_op_nomm_44 - my_run - INFO - Estimated time left: 22 hours, 33 minutes, 56 seconds. Time passed: 15 hours, 25 minutes, 27 seconds
2026-08-05 05:44:21,212 - my_experiment - advP_B_HC_op_nomm_44 - my_run - INFO - Recent Stats | t_env:    2100000 | Episode:    10500
ep_length_mean:          200.0000	episode_length_mean:     199.0000	epsilon:                   0.0500	grad_norm:               450.5700
info_nce_loss:             0.2865	loss:                      1.5752	q_loss:                    1.4320	return_mean:              41.0734
return_std:                6.8841	test_ep_length_mean:     200.0000	test_episode_length_mean:199.0000	test_return_mean:         54.0920
test_return_std:           5.7271	
2026-08-05 05:44:26,336 - my_experiment - advP_B_HC_op_nomm_44 - my_run - INFO - t_env: 2100200 / 5050000
2026-08-05 05:44:26,337 - my_experiment - advP_B_HC_op_nomm_44 - my_run - INFO - Estimated time left: 22 hours, 10 minutes, 22 seconds. Time passed: 15 hours, 48 minutes, 0 seconds
2026-08-05 06:06:54,177 - my_experiment - advP_B_HC_op_nomm_44 - my_run - INFO - Recent Stats | t_env:    2150000 | Episode:    10750
ep_length_mean:          200.0000	episode_length_mean:     199.0000	epsilon:                   0.0500	grad_norm:               506.7507
info_nce_loss:             0.2406	loss:                      1.6028	q_loss:                    1.4571	return_mean:              43.9758
return_std:                6.1096	test_ep_length_mean:     200.0000	test_episode_length_mean:199.0000	test_return_mean:         54.7674
test_return_std:           6.5068	
2026-08-05 06:06:59,331 - my_experiment - advP_B_HC_op_nomm_44 - my_run - INFO - t_env: 2150200 / 5050000
2026-08-05 06:06:59,332 - my_experiment - advP_B_HC_op_nomm_44 - my_run - INFO - Estimated time left: 21 hours, 47 minutes, 48 seconds. Time passed: 16 hours, 10 minutes, 33 seconds
2026-08-05 06:29:26,864 - my_experiment - advP_B_HC_op_nomm_44 - my_run - INFO - Recent Stats | t_env:    2200000 | Episode:    11000
ep_length_mean:          200.0000	episode_length_mean:     199.0000	epsilon:                   0.0500	grad_norm:               440.9083
info_nce_loss:             0.2133	loss:                      1.3171	q_loss:                    1.1974	return_mean:              42.6691
return_std:                7.2744	test_ep_length_mean:     200.0000	test_episode_length_mean:199.0000	test_return_mean:         57.1162
test_return_std:           6.7029	
2026-08-05 06:29:31,995 - my_experiment - advP_B_HC_op_nomm_44 - my_run - INFO - t_env: 2200200 / 5050000
2026-08-05 06:29:31,996 - my_experiment - advP_B_HC_op_nomm_44 - my_run - INFO - Estimated time left: 21 hours, 24 minutes, 56 seconds. Time passed: 16 hours, 33 minutes, 6 seconds
2026-08-05 06:52:00,032 - my_experiment - advP_B_HC_op_nomm_44 - my_run - INFO - Recent Stats | t_env:    2250000 | Episode:    11250
ep_length_mean:          200.0000	episode_length_mean:     199.0000	epsilon:                   0.0500	grad_norm:               670.2657
info_nce_loss:             0.1565	loss:                      3.1690	q_loss:                    2.8810	return_mean:              41.6799
return_std:                8.5839	test_ep_length_mean:     200.0000	test_episode_length_mean:199.0000	test_return_mean:         57.1460
test_return_std:           6.2456	
2026-08-05 06:52:05,162 - my_experiment - advP_B_HC_op_nomm_44 - my_run - INFO - t_env: 2250200 / 5050000
2026-08-05 06:52:05,162 - my_experiment - advP_B_HC_op_nomm_44 - my_run - INFO - Estimated time left: 21 hours, 2 minutes, 51 seconds. Time passed: 16 hours, 55 minutes, 39 seconds
2026-08-05 07:14:32,707 - my_experiment - advP_B_HC_op_nomm_44 - my_run - INFO - Recent Stats | t_env:    2300000 | Episode:    11500
ep_length_mean:          200.0000	episode_length_mean:     199.0000	epsilon:                   0.0500	grad_norm:               776.1532
info_nce_loss:             0.0654	loss:                      3.7142	q_loss:                    3.3765	return_mean:              41.5199
return_std:                8.2303	test_ep_length_mean:     200.0000	test_episode_length_mean:199.0000	test_return_mean:         54.9388
test_return_std:           5.5512	
2026-08-05 07:14:37,858 - my_experiment - advP_B_HC_op_nomm_44 - my_run - INFO - t_env: 2300200 / 5050000
2026-08-05 07:14:37,859 - my_experiment - advP_B_HC_op_nomm_44 - my_run - INFO - Estimated time left: 20 hours, 39 minutes, 52 seconds. Time passed: 17 hours, 18 minutes, 12 seconds
2026-08-05 07:37:05,891 - my_experiment - advP_B_HC_op_nomm_44 - my_run - INFO - Recent Stats | t_env:    2350000 | Episode:    11750
ep_length_mean:          200.0000	episode_length_mean:     199.0000	epsilon:                   0.0500	grad_norm:               373.1309
info_nce_loss:             0.2063	loss:                      1.7272	q_loss:                    1.5702	return_mean:              36.2967
return_std:               13.1739	test_ep_length_mean:     200.0000	test_episode_length_mean:199.0000	test_return_mean:         53.2391
test_return_std:           5.4124	
2026-08-05 07:37:11,042 - my_experiment - advP_B_HC_op_nomm_44 - my_run - INFO - t_env: 2350200 / 5050000
2026-08-05 07:37:11,043 - my_experiment - advP_B_HC_op_nomm_44 - my_run - INFO - Estimated time left: 20 hours, 17 minutes, 46 seconds. Time passed: 17 hours, 40 minutes, 45 seconds
2026-08-05 07:59:38,079 - my_experiment - advP_B_HC_op_nomm_44 - my_run - INFO - Recent Stats | t_env:    2400000 | Episode:    12000
ep_length_mean:          200.0000	episode_length_mean:     199.0000	epsilon:                   0.0500	grad_norm:               558.9810
info_nce_loss:             0.2566	loss:                      2.4915	q_loss:                    2.2650	return_mean:              39.3894
return_std:                9.3563	test_ep_length_mean:     200.0000	test_episode_length_mean:199.0000	test_return_mean:         53.0052
test_return_std:           4.7517	
2026-08-05 07:59:43,216 - my_experiment - advP_B_HC_op_nomm_44 - my_run - INFO - t_env: 2400200 / 5050000
2026-08-05 07:59:43,217 - my_experiment - advP_B_HC_op_nomm_44 - my_run - INFO - Estimated time left: 19 hours, 54 minutes, 19 seconds. Time passed: 18 hours, 3 minutes, 17 seconds
2026-08-05 08:22:11,106 - my_experiment - advP_B_HC_op_nomm_44 - my_run - INFO - Recent Stats | t_env:    2450000 | Episode:    12250
ep_length_mean:          200.0000	episode_length_mean:     199.0000	epsilon:                   0.0500	grad_norm:               323.7656
info_nce_loss:             0.1974	loss:                      1.2507	q_loss:                    1.1370	return_mean:              43.8456
return_std:                7.6467	test_ep_length_mean:     200.0000	test_episode_length_mean:199.0000	test_return_mean:         49.8720
test_return_std:           5.0264	
2026-08-05 08:22:16,254 - my_experiment - advP_B_HC_op_nomm_44 - my_run - INFO - t_env: 2450200 / 5050000
2026-08-05 08:22:16,255 - my_experiment - advP_B_HC_op_nomm_44 - my_run - INFO - Estimated time left: 19 hours, 32 minutes, 32 seconds. Time passed: 18 hours, 25 minutes, 50 seconds
2026-08-05 08:44:44,703 - my_experiment - advP_B_HC_op_nomm_44 - my_run - INFO - Recent Stats | t_env:    2500000 | Episode:    12500
ep_length_mean:          200.0000	episode_length_mean:     199.0000	epsilon:                   0.0500	grad_norm:               772.0000
info_nce_loss:             0.0614	loss:                      5.8850	q_loss:                    5.3500	return_mean:              39.5579
return_std:                8.9106	test_ep_length_mean:     200.0000	test_episode_length_mean:199.0000	test_return_mean:         49.1965
test_return_std:           5.3751	
2026-08-05 08:44:49,827 - my_experiment - advP_B_HC_op_nomm_44 - my_run - INFO - t_env: 2500200 / 5050000
2026-08-05 08:44:49,828 - my_experiment - advP_B_HC_op_nomm_44 - my_run - INFO - Estimated time left: 19 hours, 10 minutes, 26 seconds. Time passed: 18 hours, 48 minutes, 24 seconds
2026-08-05 08:46:01,844 - my_experiment - advP_B_HC_op_nomm_44 - my_run - INFO - Saving models to work_dirs/my_experiment/advP_B_HC_op_nomm_44/my_run/20260804_135620/models/2500200
2026-08-05 09:07:18,868 - my_experiment - advP_B_HC_op_nomm_44 - my_run - INFO - Recent Stats | t_env:    2550000 | Episode:    12750
ep_length_mean:          200.0000	episode_length_mean:     199.0000	epsilon:                   0.0500	grad_norm:               621.5161
info_nce_loss:             0.1824	loss:                      2.9974	q_loss:                    2.7249	return_mean:              41.6280
return_std:                6.1887	test_ep_length_mean:     200.0000	test_episode_length_mean:199.0000	test_return_mean:         49.7465
test_return_std:           5.5613	
2026-08-05 09:07:23,993 - my_experiment - advP_B_HC_op_nomm_44 - my_run - INFO - t_env: 2550200 / 5050000
2026-08-05 09:07:23,994 - my_experiment - advP_B_HC_op_nomm_44 - my_run - INFO - Estimated time left: 18 hours, 48 minutes, 22 seconds. Time passed: 19 hours, 10 minutes, 58 seconds
2026-08-05 09:29:52,923 - my_experiment - advP_B_HC_op_nomm_44 - my_run - INFO - Recent Stats | t_env:    2600000 | Episode:    13000
ep_length_mean:          200.0000	episode_length_mean:     199.0000	epsilon:                   0.0500	grad_norm:               475.5013
info_nce_loss:             0.1656	loss:                      2.2951	q_loss:                    2.0864	return_mean:              40.9447
return_std:                7.9901	test_ep_length_mean:     200.0000	test_episode_length_mean:199.0000	test_return_mean:         50.0777
test_return_std:           5.8306	
2026-08-05 09:29:58,081 - my_experiment - advP_B_HC_op_nomm_44 - my_run - INFO - t_env: 2600200 / 5050000
2026-08-05 09:29:58,082 - my_experiment - advP_B_HC_op_nomm_44 - my_run - INFO - Estimated time left: 18 hours, 25 minutes, 44 seconds. Time passed: 19 hours, 33 minutes, 32 seconds
2026-08-05 09:52:26,573 - my_experiment - advP_B_HC_op_nomm_44 - my_run - INFO - Recent Stats | t_env:    2650000 | Episode:    13250
ep_length_mean:          200.0000	episode_length_mean:     199.0000	epsilon:                   0.0500	grad_norm:               342.3603
info_nce_loss:             0.3483	loss:                      1.9044	q_loss:                    1.7313	return_mean:              37.4694
return_std:                9.1777	test_ep_length_mean:     200.0000	test_episode_length_mean:199.0000	test_return_mean:         49.7143
test_return_std:           6.5277	
2026-08-05 09:52:31,730 - my_experiment - advP_B_HC_op_nomm_44 - my_run - INFO - t_env: 2650200 / 5050000
2026-08-05 09:52:31,730 - my_experiment - advP_B_HC_op_nomm_44 - my_run - INFO - Estimated time left: 18 hours, 2 minutes, 49 seconds. Time passed: 19 hours, 56 minutes, 6 seconds
2026-08-05 10:14:59,590 - my_experiment - advP_B_HC_op_nomm_44 - my_run - INFO - Recent Stats | t_env:    2700000 | Episode:    13500
ep_length_mean:          200.0000	episode_length_mean:     199.0000	epsilon:                   0.0500	grad_norm:               254.8763
info_nce_loss:             0.1433	loss:                      1.3507	q_loss:                    1.2279	return_mean:              39.5199
return_std:                7.3923	test_ep_length_mean:     200.0000	test_episode_length_mean:199.0000	test_return_mean:         50.7459
test_return_std:           6.3577	
2026-08-05 10:15:04,726 - my_experiment - advP_B_HC_op_nomm_44 - my_run - INFO - t_env: 2700200 / 5050000
2026-08-05 10:15:04,727 - my_experiment - advP_B_HC_op_nomm_44 - my_run - INFO - Estimated time left: 17 hours, 39 minutes, 45 seconds. Time passed: 20 hours, 18 minutes, 39 seconds
2026-08-05 10:37:33,770 - my_experiment - advP_B_HC_op_nomm_44 - my_run - INFO - Recent Stats | t_env:    2750000 | Episode:    13750
ep_length_mean:          200.0000	episode_length_mean:     199.0000	epsilon:                   0.0500	grad_norm:               342.1881
info_nce_loss:             0.1098	loss:                      1.7466	q_loss:                    1.5878	return_mean:              38.5012
return_std:                8.2051	test_ep_length_mean:     200.0000	test_episode_length_mean:199.0000	test_return_mean:         46.7272
test_return_std:           6.4860	
2026-08-05 10:37:38,924 - my_experiment - advP_B_HC_op_nomm_44 - my_run - INFO - t_env: 2750200 / 5050000
2026-08-05 10:37:38,925 - my_experiment - advP_B_HC_op_nomm_44 - my_run - INFO - Estimated time left: 17 hours, 18 minutes, 7 seconds. Time passed: 20 hours, 41 minutes, 13 seconds
2026-08-05 11:00:06,851 - my_experiment - advP_B_HC_op_nomm_44 - my_run - INFO - Recent Stats | t_env:    2800000 | Episode:    14000
ep_length_mean:          200.0000	episode_length_mean:     199.0000	epsilon:                   0.0500	grad_norm:               398.3581
info_nce_loss:             0.1345	loss:                      2.0692	q_loss:                    1.8811	return_mean:              39.0471
return_std:                7.9750	test_ep_length_mean:     200.0000	test_episode_length_mean:199.0000	test_return_mean:         49.0116
test_return_std:           6.6689	
2026-08-05 11:00:11,979 - my_experiment - advP_B_HC_op_nomm_44 - my_run - INFO - t_env: 2800200 / 5050000
2026-08-05 11:00:11,980 - my_experiment - advP_B_HC_op_nomm_44 - my_run - INFO - Estimated time left: 16 hours, 54 minutes, 42 seconds. Time passed: 21 hours, 3 minutes, 46 seconds
2026-08-05 11:22:40,159 - my_experiment - advP_B_HC_op_nomm_44 - my_run - INFO - Recent Stats | t_env:    2850000 | Episode:    14250
ep_length_mean:          200.0000	episode_length_mean:     199.0000	epsilon:                   0.0500	grad_norm:               400.6766
info_nce_loss:             0.2036	loss:                      1.9319	q_loss:                    1.7563	return_mean:              39.2081
return_std:                7.4036	test_ep_length_mean:     200.0000	test_episode_length_mean:199.0000	test_return_mean:         49.1950
test_return_std:           6.6405	
2026-08-05 11:22:45,313 - my_experiment - advP_B_HC_op_nomm_44 - my_run - INFO - t_env: 2850200 / 5050000
2026-08-05 11:22:45,314 - my_experiment - advP_B_HC_op_nomm_44 - my_run - INFO - Estimated time left: 16 hours, 32 minutes, 21 seconds. Time passed: 21 hours, 26 minutes, 19 seconds
2026-08-05 11:45:13,065 - my_experiment - advP_B_HC_op_nomm_44 - my_run - INFO - Recent Stats | t_env:    2900000 | Episode:    14500
ep_length_mean:          200.0000	episode_length_mean:     199.0000	epsilon:                   0.0500	grad_norm:               402.8677
info_nce_loss:             0.1253	loss:                      1.9857	q_loss:                    1.8051	return_mean:              39.6951
return_std:                6.7305	test_ep_length_mean:     200.0000	test_episode_length_mean:199.0000	test_return_mean:         49.1280
test_return_std:           6.1363	
2026-08-05 11:45:18,200 - my_experiment - advP_B_HC_op_nomm_44 - my_run - INFO - t_env: 2900200 / 5050000
2026-08-05 11:45:18,200 - my_experiment - advP_B_HC_op_nomm_44 - my_run - INFO - Estimated time left: 16 hours, 9 minutes, 28 seconds. Time passed: 21 hours, 48 minutes, 52 seconds
2026-08-05 12:07:46,375 - my_experiment - advP_B_HC_op_nomm_44 - my_run - INFO - Recent Stats | t_env:    2950000 | Episode:    14750
ep_length_mean:          200.0000	episode_length_mean:     199.0000	epsilon:                   0.0500	grad_norm:               391.2708
info_nce_loss:             0.2297	loss:                      2.0185	q_loss:                    1.8350	return_mean:              39.8032
return_std:                5.2832	test_ep_length_mean:     200.0000	test_episode_length_mean:199.0000	test_return_mean:         48.5209
test_return_std:           5.9978	
2026-08-05 12:07:51,509 - my_experiment - advP_B_HC_op_nomm_44 - my_run - INFO - t_env: 2950200 / 5050000
2026-08-05 12:07:51,510 - my_experiment - advP_B_HC_op_nomm_44 - my_run - INFO - Estimated time left: 15 hours, 47 minutes, 13 seconds. Time passed: 22 hours, 11 minutes, 25 seconds
2026-08-05 12:30:18,837 - my_experiment - advP_B_HC_op_nomm_44 - my_run - INFO - Recent Stats | t_env:    3000000 | Episode:    15000
ep_length_mean:          200.0000	episode_length_mean:     199.0000	epsilon:                   0.0500	grad_norm:               398.1641
info_nce_loss:             0.1586	loss:                      1.7789	q_loss:                    1.6171	return_mean:              41.8491
return_std:                5.3331	test_ep_length_mean:     200.0000	test_episode_length_mean:199.0000	test_return_mean:         50.7364
test_return_std:           5.5851	
2026-08-05 12:30:23,990 - my_experiment - advP_B_HC_op_nomm_44 - my_run - INFO - t_env: 3000200 / 5050000
2026-08-05 12:30:23,991 - my_experiment - advP_B_HC_op_nomm_44 - my_run - INFO - Estimated time left: 15 hours, 24 minutes, 6 seconds. Time passed: 22 hours, 33 minutes, 58 seconds
2026-08-05 12:31:35,954 - my_experiment - advP_B_HC_op_nomm_44 - my_run - INFO - Saving models to work_dirs/my_experiment/advP_B_HC_op_nomm_44/my_run/20260804_135620/models/3000200
2026-08-05 12:52:51,719 - my_experiment - advP_B_HC_op_nomm_44 - my_run - INFO - Recent Stats | t_env:    3050000 | Episode:    15250
ep_length_mean:          200.0000	episode_length_mean:     199.0000	epsilon:                   0.0500	grad_norm:               434.3243
info_nce_loss:             0.1373	loss:                      1.9490	q_loss:                    1.7718	return_mean:              46.1446
return_std:                5.9004	test_ep_length_mean:     200.0000	test_episode_length_mean:199.0000	test_return_mean:         48.6072
test_return_std:           5.6924	
2026-08-05 12:52:56,865 - my_experiment - advP_B_HC_op_nomm_44 - my_run - INFO - t_env: 3050200 / 5050000
2026-08-05 12:52:56,866 - my_experiment - advP_B_HC_op_nomm_44 - my_run - INFO - Estimated time left: 15 hours, 1 minutes, 49 seconds. Time passed: 22 hours, 56 minutes, 31 seconds
2026-08-05 13:15:24,423 - my_experiment - advP_B_HC_op_nomm_44 - my_run - INFO - Recent Stats | t_env:    3100000 | Episode:    15500
ep_length_mean:          200.0000	episode_length_mean:     199.0000	epsilon:                   0.0500	grad_norm:               426.9498
info_nce_loss:             0.2274	loss:                      2.3195	q_loss:                    2.1087	return_mean:              47.1774
return_std:                6.1037	test_ep_length_mean:     200.0000	test_episode_length_mean:199.0000	test_return_mean:         50.2032
test_return_std:           6.0813	
2026-08-05 13:15:29,556 - my_experiment - advP_B_HC_op_nomm_44 - my_run - INFO - t_env: 3100200 / 5050000
2026-08-05 13:15:29,557 - my_experiment - advP_B_HC_op_nomm_44 - my_run - INFO - Estimated time left: 14 hours, 39 minutes, 9 seconds. Time passed: 23 hours, 19 minutes, 4 seconds
2026-08-05 13:37:57,790 - my_experiment - advP_B_HC_op_nomm_44 - my_run - INFO - Recent Stats | t_env:    3150000 | Episode:    15750
ep_length_mean:          200.0000	episode_length_mean:     199.0000	epsilon:                   0.0500	grad_norm:               288.5658
info_nce_loss:             0.2212	loss:                      1.2467	q_loss:                    1.1334	return_mean:              47.2011
return_std:                6.3732	test_ep_length_mean:     200.0000	test_episode_length_mean:199.0000	test_return_mean:         51.9696
test_return_std:           6.0231	
2026-08-05 13:38:02,919 - my_experiment - advP_B_HC_op_nomm_44 - my_run - INFO - t_env: 3150200 / 5050000
2026-08-05 13:38:02,920 - my_experiment - advP_B_HC_op_nomm_44 - my_run - INFO - Estimated time left: 14 hours, 17 minutes, 2 seconds. Time passed: 23 hours, 41 minutes, 37 seconds
2026-08-05 14:00:30,803 - my_experiment - advP_B_HC_op_nomm_44 - my_run - INFO - Recent Stats | t_env:    3200000 | Episode:    16000
ep_length_mean:          200.0000	episode_length_mean:     199.0000	epsilon:                   0.0500	grad_norm:               322.6053
info_nce_loss:             0.1605	loss:                      1.2620	q_loss:                    1.1473	return_mean:              46.5672
return_std:                7.1134	test_ep_length_mean:     200.0000	test_episode_length_mean:199.0000	test_return_mean:         54.5239
test_return_std:           5.8134	
2026-08-05 14:00:35,943 - my_experiment - advP_B_HC_op_nomm_44 - my_run - INFO - t_env: 3200200 / 5050000
2026-08-05 14:00:35,944 - my_experiment - advP_B_HC_op_nomm_44 - my_run - INFO - Estimated time left: 13 hours, 54 minutes, 16 seconds. Time passed: 1 days, 4 minutes, 10 seconds
2026-08-05 14:23:04,017 - my_experiment - advP_B_HC_op_nomm_44 - my_run - INFO - Recent Stats | t_env:    3250000 | Episode:    16250
ep_length_mean:          200.0000	episode_length_mean:     199.0000	epsilon:                   0.0500	grad_norm:               438.8480
info_nce_loss:             0.1825	loss:                      2.4482	q_loss:                    2.2257	return_mean:              45.7383
return_std:                6.1605	test_ep_length_mean:     200.0000	test_episode_length_mean:199.0000	test_return_mean:         56.9046
test_return_std:           6.2760	
2026-08-05 14:23:09,151 - my_experiment - advP_B_HC_op_nomm_44 - my_run - INFO - t_env: 3250200 / 5050000
2026-08-05 14:23:09,151 - my_experiment - advP_B_HC_op_nomm_44 - my_run - INFO - Estimated time left: 13 hours, 31 minutes, 50 seconds. Time passed: 1 days, 26 minutes, 43 seconds
2026-08-05 14:45:36,724 - my_experiment - advP_B_HC_op_nomm_44 - my_run - INFO - Recent Stats | t_env:    3300000 | Episode:    16500
ep_length_mean:          200.0000	episode_length_mean:     199.0000	epsilon:                   0.0500	grad_norm:               339.3523
info_nce_loss:             0.2189	loss:                      1.4977	q_loss:                    1.3615	return_mean:              49.7794
return_std:                6.6040	test_ep_length_mean:     200.0000	test_episode_length_mean:199.0000	test_return_mean:         59.0080
test_return_std:           6.0863	
2026-08-05 14:45:41,843 - my_experiment - advP_B_HC_op_nomm_44 - my_run - INFO - t_env: 3300200 / 5050000
2026-08-05 14:45:41,844 - my_experiment - advP_B_HC_op_nomm_44 - my_run - INFO - Estimated time left: 13 hours, 8 minutes, 58 seconds. Time passed: 1 days, 49 minutes, 16 seconds
2026-08-05 15:08:09,682 - my_experiment - advP_B_HC_op_nomm_44 - my_run - INFO - Recent Stats | t_env:    3350000 | Episode:    16750
ep_length_mean:          200.0000	episode_length_mean:     199.0000	epsilon:                   0.0500	grad_norm:               278.1149
info_nce_loss:             0.1635	loss:                      1.3411	q_loss:                    1.2192	return_mean:              50.0024
return_std:                5.7765	test_ep_length_mean:     200.0000	test_episode_length_mean:199.0000	test_return_mean:         58.7198
test_return_std:           5.7437	
2026-08-05 15:08:14,819 - my_experiment - advP_B_HC_op_nomm_44 - my_run - INFO - t_env: 3350200 / 5050000
2026-08-05 15:08:14,820 - my_experiment - advP_B_HC_op_nomm_44 - my_run - INFO - Estimated time left: 12 hours, 46 minutes, 35 seconds. Time passed: 1 days, 1 hours, 11 minutes, 49 seconds
2026-08-05 15:30:43,166 - my_experiment - advP_B_HC_op_nomm_44 - my_run - INFO - Recent Stats | t_env:    3400000 | Episode:    17000
ep_length_mean:          200.0000	episode_length_mean:     199.0000	epsilon:                   0.0500	grad_norm:               287.0747
info_nce_loss:             0.1190	loss:                      1.5774	q_loss:                    1.4340	return_mean:              49.6392
return_std:                6.2655	test_ep_length_mean:     200.0000	test_episode_length_mean:199.0000	test_return_mean:         59.4557
test_return_std:           5.4621	
2026-08-05 15:30:48,297 - my_experiment - advP_B_HC_op_nomm_44 - my_run - INFO - t_env: 3400200 / 5050000
2026-08-05 15:30:48,298 - my_experiment - advP_B_HC_op_nomm_44 - my_run - INFO - Estimated time left: 12 hours, 24 minutes, 19 seconds. Time passed: 1 days, 1 hours, 34 minutes, 22 seconds
2026-08-05 15:53:16,228 - my_experiment - advP_B_HC_op_nomm_44 - my_run - INFO - Recent Stats | t_env:    3450000 | Episode:    17250
ep_length_mean:          200.0000	episode_length_mean:     199.0000	epsilon:                   0.0500	grad_norm:               314.8609
info_nce_loss:             0.2111	loss:                      1.4833	q_loss:                    1.3484	return_mean:              48.3970
return_std:                5.2057	test_ep_length_mean:     200.0000	test_episode_length_mean:199.0000	test_return_mean:         60.2466
test_return_std:           6.1387	
2026-08-05 15:53:21,368 - my_experiment - advP_B_HC_op_nomm_44 - my_run - INFO - t_env: 3450200 / 5050000
2026-08-05 15:53:21,369 - my_experiment - advP_B_HC_op_nomm_44 - my_run - INFO - Estimated time left: 12 hours, 1 minutes, 32 seconds. Time passed: 1 days, 1 hours, 56 minutes, 55 seconds
2026-08-05 16:15:49,586 - my_experiment - advP_B_HC_op_nomm_44 - my_run - INFO - Recent Stats | t_env:    3500000 | Episode:    17500
ep_length_mean:          200.0000	episode_length_mean:     199.0000	epsilon:                   0.0500	grad_norm:               242.0994
info_nce_loss:             0.2034	loss:                      1.1847	q_loss:                    1.0770	return_mean:              45.4700
return_std:                4.7048	test_ep_length_mean:     200.0000	test_episode_length_mean:199.0000	test_return_mean:         59.3141
test_return_std:           5.5036	
2026-08-05 16:15:54,714 - my_experiment - advP_B_HC_op_nomm_44 - my_run - INFO - t_env: 3500200 / 5050000
2026-08-05 16:15:54,714 - my_experiment - advP_B_HC_op_nomm_44 - my_run - INFO - Estimated time left: 11 hours, 39 minutes, 8 seconds. Time passed: 1 days, 2 hours, 19 minutes, 29 seconds
2026-08-05 16:17:06,681 - my_experiment - advP_B_HC_op_nomm_44 - my_run - INFO - Saving models to work_dirs/my_experiment/advP_B_HC_op_nomm_44/my_run/20260804_135620/models/3500200
2026-08-05 16:38:22,576 - my_experiment - advP_B_HC_op_nomm_44 - my_run - INFO - Recent Stats | t_env:    3550000 | Episode:    17750
ep_length_mean:          200.0000	episode_length_mean:     199.0000	epsilon:                   0.0500	grad_norm:               228.2178
info_nce_loss:             0.3022	loss:                      1.1446	q_loss:                    1.0406	return_mean:              43.0764
return_std:                4.3014	test_ep_length_mean:     200.0000	test_episode_length_mean:199.0000	test_return_mean:         58.2705
test_return_std:           5.4398	
2026-08-05 16:38:27,706 - my_experiment - advP_B_HC_op_nomm_44 - my_run - INFO - t_env: 3550200 / 5050000
2026-08-05 16:38:27,707 - my_experiment - advP_B_HC_op_nomm_44 - my_run - INFO - Estimated time left: 11 hours, 16 minutes, 24 seconds. Time passed: 1 days, 2 hours, 42 minutes, 2 seconds
2026-08-05 17:00:55,466 - my_experiment - advP_B_HC_op_nomm_44 - my_run - INFO - Recent Stats | t_env:    3600000 | Episode:    18000
ep_length_mean:          200.0000	episode_length_mean:     199.0000	epsilon:                   0.0500	grad_norm:               300.5983
info_nce_loss:             0.1303	loss:                      1.1824	q_loss:                    1.0749	return_mean:              43.7120
return_std:                4.4697	test_ep_length_mean:     200.0000	test_episode_length_mean:199.0000	test_return_mean:         57.6163
test_return_std:           5.6408	
2026-08-05 17:01:00,613 - my_experiment - advP_B_HC_op_nomm_44 - my_run - INFO - t_env: 3600200 / 5050000
2026-08-05 17:01:00,614 - my_experiment - advP_B_HC_op_nomm_44 - my_run - INFO - Estimated time left: 10 hours, 53 minutes, 48 seconds. Time passed: 1 days, 3 hours, 4 minutes, 35 seconds
2026-08-05 17:23:28,803 - my_experiment - advP_B_HC_op_nomm_44 - my_run - INFO - Recent Stats | t_env:    3650000 | Episode:    18250
ep_length_mean:          200.0000	episode_length_mean:     199.0000	epsilon:                   0.0500	grad_norm:               278.9337
info_nce_loss:             0.2514	loss:                      1.1135	q_loss:                    1.0123	return_mean:              45.6357
return_std:                4.9523	test_ep_length_mean:     200.0000	test_episode_length_mean:199.0000	test_return_mean:         54.9286
test_return_std:           5.5532	
2026-08-05 17:23:33,951 - my_experiment - advP_B_HC_op_nomm_44 - my_run - INFO - t_env: 3650200 / 5050000
2026-08-05 17:23:33,952 - my_experiment - advP_B_HC_op_nomm_44 - my_run - INFO - Estimated time left: 10 hours, 31 minutes, 28 seconds. Time passed: 1 days, 3 hours, 27 minutes, 8 seconds
2026-08-05 17:46:01,790 - my_experiment - advP_B_HC_op_nomm_44 - my_run - INFO - Recent Stats | t_env:    3700000 | Episode:    18500
ep_length_mean:          200.0000	episode_length_mean:     199.0000	epsilon:                   0.0500	grad_norm:               222.4533
info_nce_loss:             0.3249	loss:                      0.9349	q_loss:                    0.8499	return_mean:              45.8598
return_std:                5.1697	test_ep_length_mean:     200.0000	test_episode_length_mean:199.0000	test_return_mean:         51.2182
test_return_std:           4.5746	
2026-08-05 17:46:06,957 - my_experiment - advP_B_HC_op_nomm_44 - my_run - INFO - t_env: 3700200 / 5050000
2026-08-05 17:46:06,957 - my_experiment - advP_B_HC_op_nomm_44 - my_run - INFO - Estimated time left: 10 hours, 8 minutes, 45 seconds. Time passed: 1 days, 3 hours, 49 minutes, 41 seconds
2026-08-05 18:08:34,896 - my_experiment - advP_B_HC_op_nomm_44 - my_run - INFO - Recent Stats | t_env:    3750000 | Episode:    18750
ep_length_mean:          200.0000	episode_length_mean:     199.0000	epsilon:                   0.0500	grad_norm:               339.0511
info_nce_loss:             0.2454	loss:                      1.9631	q_loss:                    1.7846	return_mean:              44.1641
return_std:                5.5465	test_ep_length_mean:     200.0000	test_episode_length_mean:199.0000	test_return_mean:         50.5037
test_return_std:           4.6536	
2026-08-05 18:08:40,046 - my_experiment - advP_B_HC_op_nomm_44 - my_run - INFO - t_env: 3750200 / 5050000
2026-08-05 18:08:40,047 - my_experiment - advP_B_HC_op_nomm_44 - my_run - INFO - Estimated time left: 9 hours, 46 minutes, 14 seconds. Time passed: 1 days, 4 hours, 12 minutes, 14 seconds
2026-08-05 18:31:08,313 - my_experiment - advP_B_HC_op_nomm_44 - my_run - INFO - Recent Stats | t_env:    3800000 | Episode:    19000
ep_length_mean:          200.0000	episode_length_mean:     199.0000	epsilon:                   0.0500	grad_norm:               270.9290
info_nce_loss:             0.1319	loss:                      1.1254	q_loss:                    1.0231	return_mean:              46.9052
return_std:                5.9158	test_ep_length_mean:     200.0000	test_episode_length_mean:199.0000	test_return_mean:         48.9956
test_return_std:           4.5484	
2026-08-05 18:31:13,463 - my_experiment - advP_B_HC_op_nomm_44 - my_run - INFO - t_env: 3800200 / 5050000
2026-08-05 18:31:13,463 - my_experiment - advP_B_HC_op_nomm_44 - my_run - INFO - Estimated time left: 9 hours, 23 minutes, 49 seconds. Time passed: 1 days, 4 hours, 34 minutes, 47 seconds
2026-08-05 18:53:41,627 - my_experiment - advP_B_HC_op_nomm_44 - my_run - INFO - Recent Stats | t_env:    3850000 | Episode:    19250
ep_length_mean:          200.0000	episode_length_mean:     199.0000	epsilon:                   0.0500	grad_norm:               240.8884
info_nce_loss:             0.2572	loss:                      1.1462	q_loss:                    1.0420	return_mean:              45.3816
return_std:                5.4663	test_ep_length_mean:     200.0000	test_episode_length_mean:199.0000	test_return_mean:         49.2856
test_return_std:           4.1902	
2026-08-05 18:53:46,774 - my_experiment - advP_B_HC_op_nomm_44 - my_run - INFO - t_env: 3850200 / 5050000
2026-08-05 18:53:46,775 - my_experiment - advP_B_HC_op_nomm_44 - my_run - INFO - Estimated time left: 9 hours, 1 minutes, 14 seconds. Time passed: 1 days, 4 hours, 57 minutes, 21 seconds
2026-08-05 19:16:15,087 - my_experiment - advP_B_HC_op_nomm_44 - my_run - INFO - Recent Stats | t_env:    3900000 | Episode:    19500
ep_length_mean:          200.0000	episode_length_mean:     199.0000	epsilon:                   0.0500	grad_norm:               308.2909
info_nce_loss:             0.1625	loss:                      1.2201	q_loss:                    1.1091	return_mean:              47.7321
return_std:                4.6620	test_ep_length_mean:     200.0000	test_episode_length_mean:199.0000	test_return_mean:         50.4489
test_return_std:           4.1706	
2026-08-05 19:16:20,237 - my_experiment - advP_B_HC_op_nomm_44 - my_run - INFO - t_env: 3900200 / 5050000
2026-08-05 19:16:20,238 - my_experiment - advP_B_HC_op_nomm_44 - my_run - INFO - Estimated time left: 8 hours, 38 minutes, 44 seconds. Time passed: 1 days, 5 hours, 19 minutes, 54 seconds
2026-08-05 19:38:48,119 - my_experiment - advP_B_HC_op_nomm_44 - my_run - INFO - Recent Stats | t_env:    3950000 | Episode:    19750
ep_length_mean:          200.0000	episode_length_mean:     199.0000	epsilon:                   0.0500	grad_norm:               253.2758
info_nce_loss:             0.1743	loss:                      1.1425	q_loss:                    1.0386	return_mean:              48.8718
return_std:                5.2054	test_ep_length_mean:     200.0000	test_episode_length_mean:199.0000	test_return_mean:         53.5598
test_return_std:           4.6749	
2026-08-05 19:38:53,263 - my_experiment - advP_B_HC_op_nomm_44 - my_run - INFO - t_env: 3950200 / 5050000
2026-08-05 19:38:53,264 - my_experiment - advP_B_HC_op_nomm_44 - my_run - INFO - Estimated time left: 8 hours, 16 minutes, 1 seconds. Time passed: 1 days, 5 hours, 42 minutes, 27 seconds
2026-08-05 20:01:21,800 - my_experiment - advP_B_HC_op_nomm_44 - my_run - INFO - Recent Stats | t_env:    4000000 | Episode:    20000
ep_length_mean:          200.0000	episode_length_mean:     199.0000	epsilon:                   0.0500	grad_norm:               310.1619
info_nce_loss:             0.1377	loss:                      1.1764	q_loss:                    1.0694	return_mean:              48.3233
return_std:                5.5881	test_ep_length_mean:     200.0000	test_episode_length_mean:199.0000	test_return_mean:         55.7876
test_return_std:           4.8106	
2026-08-05 20:01:26,954 - my_experiment - advP_B_HC_op_nomm_44 - my_run - INFO - t_env: 4000200 / 5050000
2026-08-05 20:01:26,955 - my_experiment - advP_B_HC_op_nomm_44 - my_run - INFO - Estimated time left: 7 hours, 53 minutes, 42 seconds. Time passed: 1 days, 6 hours, 5 minutes, 1 seconds
2026-08-05 20:02:38,904 - my_experiment - advP_B_HC_op_nomm_44 - my_run - INFO - Saving models to work_dirs/my_experiment/advP_B_HC_op_nomm_44/my_run/20260804_135620/models/4000200
2026-08-05 20:23:55,130 - my_experiment - advP_B_HC_op_nomm_44 - my_run - INFO - Recent Stats | t_env:    4050000 | Episode:    20250
ep_length_mean:          200.0000	episode_length_mean:     199.0000	epsilon:                   0.0500	grad_norm:               276.8729
info_nce_loss:             0.1076	loss:                      1.1643	q_loss:                    1.0585	return_mean:              46.7098
return_std:                5.0099	test_ep_length_mean:     200.0000	test_episode_length_mean:199.0000	test_return_mean:         57.2641
test_return_std:           4.9147	
2026-08-05 20:24:00,251 - my_experiment - advP_B_HC_op_nomm_44 - my_run - INFO - t_env: 4050200 / 5050000
2026-08-05 20:24:00,252 - my_experiment - advP_B_HC_op_nomm_44 - my_run - INFO - Estimated time left: 7 hours, 31 minutes, 0 seconds. Time passed: 1 days, 6 hours, 27 minutes, 34 seconds
2026-08-05 20:46:28,267 - my_experiment - advP_B_HC_op_nomm_44 - my_run - INFO - Recent Stats | t_env:    4100000 | Episode:    20500
ep_length_mean:          200.0000	episode_length_mean:     199.0000	epsilon:                   0.0500	grad_norm:               328.4614
info_nce_loss:             0.1415	loss:                      1.1742	q_loss:                    1.0674	return_mean:              45.1506
return_std:                5.7509	test_ep_length_mean:     200.0000	test_episode_length_mean:199.0000	test_return_mean:         57.6937
test_return_std:           4.7331	
2026-08-05 20:46:33,407 - my_experiment - advP_B_HC_op_nomm_44 - my_run - INFO - t_env: 4100200 / 5050000
2026-08-05 20:46:33,408 - my_experiment - advP_B_HC_op_nomm_44 - my_run - INFO - Estimated time left: 7 hours, 8 minutes, 24 seconds. Time passed: 1 days, 6 hours, 50 minutes, 7 seconds
2026-08-05 21:09:01,563 - my_experiment - advP_B_HC_op_nomm_44 - my_run - INFO - Recent Stats | t_env:    4150000 | Episode:    20750
ep_length_mean:          200.0000	episode_length_mean:     199.0000	epsilon:                   0.0500	grad_norm:               302.6621
info_nce_loss:             0.1600	loss:                      1.2275	q_loss:                    1.1159	return_mean:              45.1523
return_std:                6.1557	test_ep_length_mean:     200.0000	test_episode_length_mean:199.0000	test_return_mean:         57.0513
test_return_std:           4.9643	
2026-08-05 21:09:06,727 - my_experiment - advP_B_HC_op_nomm_44 - my_run - INFO - t_env: 4150200 / 5050000
2026-08-05 21:09:06,727 - my_experiment - advP_B_HC_op_nomm_44 - my_run - INFO - Estimated time left: 6 hours, 45 minutes, 54 seconds. Time passed: 1 days, 7 hours, 12 minutes, 41 seconds
2026-08-05 21:31:35,172 - my_experiment - advP_B_HC_op_nomm_44 - my_run - INFO - Recent Stats | t_env:    4200000 | Episode:    21000
ep_length_mean:          200.0000	episode_length_mean:     199.0000	epsilon:                   0.0500	grad_norm:               311.4006
info_nce_loss:             0.1301	loss:                      1.1484	q_loss:                    1.0440	return_mean:              47.2245
return_std:                5.1607	test_ep_length_mean:     200.0000	test_episode_length_mean:199.0000	test_return_mean:         56.0338
test_return_std:           5.0507	
2026-08-05 21:31:40,295 - my_experiment - advP_B_HC_op_nomm_44 - my_run - INFO - t_env: 4200200 / 5050000
2026-08-05 21:31:40,296 - my_experiment - advP_B_HC_op_nomm_44 - my_run - INFO - Estimated time left: 6 hours, 23 minutes, 25 seconds. Time passed: 1 days, 7 hours, 35 minutes, 14 seconds
2026-08-05 21:54:10,950 - my_experiment - advP_B_HC_op_nomm_44 - my_run - INFO - Recent Stats | t_env:    4250000 | Episode:    21250
ep_length_mean:          200.0000	episode_length_mean:     199.0000	epsilon:                   0.0500	grad_norm:               446.0410
info_nce_loss:             0.1288	loss:                      1.9018	q_loss:                    1.7289	return_mean:              46.9799
return_std:                5.4165	test_ep_length_mean:     200.0000	test_episode_length_mean:199.0000	test_return_mean:         54.9746
test_return_std:           5.2984	
2026-08-05 21:54:16,099 - my_experiment - advP_B_HC_op_nomm_44 - my_run - INFO - t_env: 4250200 / 5050000
2026-08-05 21:54:16,099 - my_experiment - advP_B_HC_op_nomm_44 - my_run - INFO - Estimated time left: 6 hours, 1 minutes, 27 seconds. Time passed: 1 days, 7 hours, 57 minutes, 50 seconds
2026-08-05 22:16:45,878 - my_experiment - advP_B_HC_op_nomm_44 - my_run - INFO - Recent Stats | t_env:    4300000 | Episode:    21500
ep_length_mean:          200.0000	episode_length_mean:     199.0000	epsilon:                   0.0500	grad_norm:               258.5707
info_nce_loss:             0.1660	loss:                      1.1421	q_loss:                    1.0383	return_mean:              48.6293
return_std:                6.1813	test_ep_length_mean:     200.0000	test_episode_length_mean:199.0000	test_return_mean:         56.1736
test_return_std:           5.6962	
2026-08-05 22:16:51,046 - my_experiment - advP_B_HC_op_nomm_44 - my_run - INFO - t_env: 4300200 / 5050000
2026-08-05 22:16:51,047 - my_experiment - advP_B_HC_op_nomm_44 - my_run - INFO - Estimated time left: 5 hours, 38 minutes, 38 seconds. Time passed: 1 days, 8 hours, 20 minutes, 25 seconds
2026-08-05 22:39:19,567 - my_experiment - advP_B_HC_op_nomm_44 - my_run - INFO - Recent Stats | t_env:    4350000 | Episode:    21750
ep_length_mean:          200.0000	episode_length_mean:     199.0000	epsilon:                   0.0500	grad_norm:               263.1296
info_nce_loss:             0.1973	loss:                      1.0223	q_loss:                    0.9294	return_mean:              47.7842
return_std:                5.4610	test_ep_length_mean:     200.0000	test_episode_length_mean:199.0000	test_return_mean:         55.4943
test_return_std:           5.7505	
2026-08-05 22:39:24,714 - my_experiment - advP_B_HC_op_nomm_44 - my_run - INFO - t_env: 4350200 / 5050000
2026-08-05 22:39:24,715 - my_experiment - advP_B_HC_op_nomm_44 - my_run - INFO - Estimated time left: 5 hours, 15 minutes, 45 seconds. Time passed: 1 days, 8 hours, 42 minutes, 59 seconds
2026-08-05 23:01:51,201 - my_experiment - advP_B_HC_op_nomm_44 - my_run - INFO - Recent Stats | t_env:    4400000 | Episode:    22000
ep_length_mean:          200.0000	episode_length_mean:     199.0000	epsilon:                   0.0500	grad_norm:               311.4774
info_nce_loss:             0.1327	loss:                      1.2722	q_loss:                    1.1566	return_mean:              46.7130
return_std:                5.4904	test_ep_length_mean:     200.0000	test_episode_length_mean:199.0000	test_return_mean:         55.7652
test_return_std:           5.5020	
2026-08-05 23:01:56,321 - my_experiment - advP_B_HC_op_nomm_44 - my_run - INFO - t_env: 4400200 / 5050000
2026-08-05 23:01:56,321 - my_experiment - advP_B_HC_op_nomm_44 - my_run - INFO - Estimated time left: 4 hours, 52 minutes, 45 seconds. Time passed: 1 days, 9 hours, 5 minutes, 30 seconds
2026-08-05 23:24:24,018 - my_experiment - advP_B_HC_op_nomm_44 - my_run - INFO - Recent Stats | t_env:    4450000 | Episode:    22250
ep_length_mean:          200.0000	episode_length_mean:     199.0000	epsilon:                   0.0500	grad_norm:               333.7566
info_nce_loss:             0.2693	loss:                      1.4039	q_loss:                    1.2763	return_mean:              48.3437
return_std:                4.7366	test_ep_length_mean:     200.0000	test_episode_length_mean:199.0000	test_return_mean:         53.8485
test_return_std:           5.0957	
2026-08-05 23:24:29,175 - my_experiment - advP_B_HC_op_nomm_44 - my_run - INFO - t_env: 4450200 / 5050000
2026-08-05 23:24:29,176 - my_experiment - advP_B_HC_op_nomm_44 - my_run - INFO - Estimated time left: 4 hours, 30 minutes, 28 seconds. Time passed: 1 days, 9 hours, 28 minutes, 3 seconds
2026-08-05 23:46:58,201 - my_experiment - advP_B_HC_op_nomm_44 - my_run - INFO - Recent Stats | t_env:    4500000 | Episode:    22500
ep_length_mean:          200.0000	episode_length_mean:     199.0000	epsilon:                   0.0500	grad_norm:               277.9367
info_nce_loss:             0.2217	loss:                      1.4083	q_loss:                    1.2803	return_mean:              46.0763
return_std:                5.3440	test_ep_length_mean:     200.0000	test_episode_length_mean:199.0000	test_return_mean:         54.0305
test_return_std:           5.0311	
2026-08-05 23:47:03,362 - my_experiment - advP_B_HC_op_nomm_44 - my_run - INFO - t_env: 4500200 / 5050000
2026-08-05 23:47:03,362 - my_experiment - advP_B_HC_op_nomm_44 - my_run - INFO - Estimated time left: 4 hours, 8 minutes, 10 seconds. Time passed: 1 days, 9 hours, 50 minutes, 37 seconds
2026-08-05 23:48:15,395 - my_experiment - advP_B_HC_op_nomm_44 - my_run - INFO - Saving models to work_dirs/my_experiment/advP_B_HC_op_nomm_44/my_run/20260804_135620/models/4500200
2026-08-06 00:09:32,247 - my_experiment - advP_B_HC_op_nomm_44 - my_run - INFO - Recent Stats | t_env:    4550000 | Episode:    22750
ep_length_mean:          200.0000	episode_length_mean:     199.0000	epsilon:                   0.0500	grad_norm:               189.9296
info_nce_loss:             0.2752	loss:                      0.9819	q_loss:                    0.8927	return_mean:              46.6137
return_std:                5.3634	test_ep_length_mean:     200.0000	test_episode_length_mean:199.0000	test_return_mean:         53.4880
test_return_std:           5.1332	
2026-08-06 00:09:37,390 - my_experiment - advP_B_HC_op_nomm_44 - my_run - INFO - t_env: 4550200 / 5050000
2026-08-06 00:09:37,391 - my_experiment - advP_B_HC_op_nomm_44 - my_run - INFO - Estimated time left: 3 hours, 45 minutes, 34 seconds. Time passed: 1 days, 10 hours, 13 minutes, 11 seconds
2026-08-06 00:32:05,389 - my_experiment - advP_B_HC_op_nomm_44 - my_run - INFO - Recent Stats | t_env:    4600000 | Episode:    23000
ep_length_mean:          200.0000	episode_length_mean:     199.0000	epsilon:                   0.0500	grad_norm:               197.8867
info_nce_loss:             0.1605	loss:                      0.8526	q_loss:                    0.7751	return_mean:              46.8909
return_std:                5.5851	test_ep_length_mean:     200.0000	test_episode_length_mean:199.0000	test_return_mean:         52.0152
test_return_std:           5.5221	
2026-08-06 00:32:10,506 - my_experiment - advP_B_HC_op_nomm_44 - my_run - INFO - t_env: 4600200 / 5050000
2026-08-06 00:32:10,507 - my_experiment - advP_B_HC_op_nomm_44 - my_run - INFO - Estimated time left: 3 hours, 22 minutes, 52 seconds. Time passed: 1 days, 10 hours, 35 minutes, 44 seconds
2026-08-06 00:54:39,503 - my_experiment - advP_B_HC_op_nomm_44 - my_run - INFO - Recent Stats | t_env:    4650000 | Episode:    23250
ep_length_mean:          200.0000	episode_length_mean:     199.0000	epsilon:                   0.0500	grad_norm:               224.4283
info_nce_loss:             0.1106	loss:                      0.9497	q_loss:                    0.8634	return_mean:              48.8162
return_std:                5.6952	test_ep_length_mean:     200.0000	test_episode_length_mean:199.0000	test_return_mean:         52.0477
test_return_std:           5.7582	
2026-08-06 00:54:44,645 - my_experiment - advP_B_HC_op_nomm_44 - my_run - INFO - t_env: 4650200 / 5050000
2026-08-06 00:54:44,646 - my_experiment - advP_B_HC_op_nomm_44 - my_run - INFO - Estimated time left: 3 hours, 27 seconds. Time passed: 1 days, 10 hours, 58 minutes, 19 seconds
2026-08-06 01:17:13,479 - my_experiment - advP_B_HC_op_nomm_44 - my_run - INFO - Recent Stats | t_env:    4700000 | Episode:    23500
ep_length_mean:          200.0000	episode_length_mean:     199.0000	epsilon:                   0.0500	grad_norm:               224.0958
info_nce_loss:             0.1002	loss:                      0.9133	q_loss:                    0.8303	return_mean:              48.2587
return_std:                5.9998	test_ep_length_mean:     200.0000	test_episode_length_mean:199.0000	test_return_mean:         54.1594
test_return_std:           6.2942	
2026-08-06 01:17:18,635 - my_experiment - advP_B_HC_op_nomm_44 - my_run - INFO - t_env: 4700200 / 5050000
2026-08-06 01:17:18,635 - my_experiment - advP_B_HC_op_nomm_44 - my_run - INFO - Estimated time left: 2 hours, 37 minutes, 52 seconds. Time passed: 1 days, 11 hours, 20 minutes, 53 seconds
2026-08-06 01:39:46,200 - my_experiment - advP_B_HC_op_nomm_44 - my_run - INFO - Recent Stats | t_env:    4750000 | Episode:    23750
ep_length_mean:          200.0000	episode_length_mean:     199.0000	epsilon:                   0.0500	grad_norm:               218.0635
info_nce_loss:             0.2055	loss:                      1.0246	q_loss:                    0.9314	return_mean:              48.5829
return_std:                5.8685	test_ep_length_mean:     200.0000	test_episode_length_mean:199.0000	test_return_mean:         54.7509
test_return_std:           6.5385	
2026-08-06 01:39:51,327 - my_experiment - advP_B_HC_op_nomm_44 - my_run - INFO - t_env: 4750200 / 5050000
2026-08-06 01:39:51,327 - my_experiment - advP_B_HC_op_nomm_44 - my_run - INFO - Estimated time left: 2 hours, 15 minutes, 10 seconds. Time passed: 1 days, 11 hours, 43 minutes, 25 seconds
2026-08-06 02:02:18,982 - my_experiment - advP_B_HC_op_nomm_44 - my_run - INFO - Recent Stats | t_env:    4800000 | Episode:    24000
ep_length_mean:          200.0000	episode_length_mean:     199.0000	epsilon:                   0.0500	grad_norm:               209.4945
info_nce_loss:             0.1851	loss:                      0.9136	q_loss:                    0.8305	return_mean:              49.9943
return_std:                6.5625	test_ep_length_mean:     200.0000	test_episode_length_mean:199.0000	test_return_mean:         55.3357
test_return_std:           6.2786	
2026-08-06 02:02:24,113 - my_experiment - advP_B_HC_op_nomm_44 - my_run - INFO - t_env: 4800200 / 5050000
2026-08-06 02:02:24,114 - my_experiment - advP_B_HC_op_nomm_44 - my_run - INFO - Estimated time left: 1 hours, 52 minutes, 38 seconds. Time passed: 1 days, 12 hours, 5 minutes, 58 seconds
2026-08-06 02:24:53,795 - my_experiment - advP_B_HC_op_nomm_44 - my_run - INFO - Recent Stats | t_env:    4850000 | Episode:    24250
ep_length_mean:          200.0000	episode_length_mean:     199.0000	epsilon:                   0.0500	grad_norm:               185.8248
info_nce_loss:             0.1394	loss:                      0.9779	q_loss:                    0.8890	return_mean:              53.1739
return_std:                6.8549	test_ep_length_mean:     200.0000	test_episode_length_mean:199.0000	test_return_mean:         58.8000
test_return_std:           6.8794	
2026-08-06 02:24:58,941 - my_experiment - advP_B_HC_op_nomm_44 - my_run - INFO - t_env: 4850200 / 5050000
2026-08-06 02:24:58,942 - my_experiment - advP_B_HC_op_nomm_44 - my_run - INFO - Estimated time left: 1 hours, 30 minutes, 13 seconds. Time passed: 1 days, 12 hours, 28 minutes, 33 seconds
2026-08-06 02:47:28,442 - my_experiment - advP_B_HC_op_nomm_44 - my_run - INFO - Recent Stats | t_env:    4900000 | Episode:    24500
ep_length_mean:          200.0000	episode_length_mean:     199.0000	epsilon:                   0.0500	grad_norm:               149.0499
info_nce_loss:             0.1173	loss:                      0.7898	q_loss:                    0.7180	return_mean:              53.2462
return_std:                7.4476	test_ep_length_mean:     200.0000	test_episode_length_mean:199.0000	test_return_mean:         61.5027
test_return_std:           7.2288	
2026-08-06 02:47:33,585 - my_experiment - advP_B_HC_op_nomm_44 - my_run - INFO - t_env: 4900200 / 5050000
2026-08-06 02:47:33,586 - my_experiment - advP_B_HC_op_nomm_44 - my_run - INFO - Estimated time left: 1 hours, 7 minutes, 38 seconds. Time passed: 1 days, 12 hours, 51 minutes, 8 seconds
2026-08-06 03:10:02,411 - my_experiment - advP_B_HC_op_nomm_44 - my_run - INFO - Recent Stats | t_env:    4950000 | Episode:    24750
ep_length_mean:          200.0000	episode_length_mean:     199.0000	epsilon:                   0.0500	grad_norm:               204.6240
info_nce_loss:             0.3312	loss:                      1.0493	q_loss:                    0.9539	return_mean:              56.9568
return_std:                7.2228	test_ep_length_mean:     200.0000	test_episode_length_mean:199.0000	test_return_mean:         63.7275
test_return_std:           7.6179	
2026-08-06 03:10:07,557 - my_experiment - advP_B_HC_op_nomm_44 - my_run - INFO - t_env: 4950200 / 5050000
2026-08-06 03:10:07,558 - my_experiment - advP_B_HC_op_nomm_44 - my_run - INFO - Estimated time left: 45 minutes, 2 seconds. Time passed: 1 days, 13 hours, 13 minutes, 42 seconds
2026-08-06 03:32:36,531 - my_experiment - advP_B_HC_op_nomm_44 - my_run - INFO - Recent Stats | t_env:    5000000 | Episode:    25000
ep_length_mean:          200.0000	episode_length_mean:     199.0000	epsilon:                   0.0500	grad_norm:               147.5013
info_nce_loss:             0.2823	loss:                      1.0597	q_loss:                    0.9634	return_mean:              56.7596
return_std:                7.0684	test_ep_length_mean:     200.0000	test_episode_length_mean:199.0000	test_return_mean:         63.6248
test_return_std:           7.3941	
2026-08-06 03:32:41,695 - my_experiment - advP_B_HC_op_nomm_44 - my_run - INFO - t_env: 5000200 / 5050000
2026-08-06 03:32:41,696 - my_experiment - advP_B_HC_op_nomm_44 - my_run - INFO - Estimated time left: 22 minutes, 28 seconds. Time passed: 1 days, 13 hours, 36 minutes, 16 seconds
2026-08-06 03:33:53,654 - my_experiment - advP_B_HC_op_nomm_44 - my_run - INFO - Saving models to work_dirs/my_experiment/advP_B_HC_op_nomm_44/my_run/20260804_135620/models/5000200
2026-08-06 03:55:11,614 - my_experiment - advP_B_HC_op_nomm_44 - my_run - INFO - Recent Stats | t_env:    5050000 | Episode:    25250
ep_length_mean:          200.0000	episode_length_mean:     199.0000	epsilon:                   0.0500	grad_norm:               167.6188
info_nce_loss:             0.2368	loss:                      1.0547	q_loss:                    0.9588	return_mean:              53.9586
return_std:                6.4505	test_ep_length_mean:     200.0000	test_episode_length_mean:199.0000	test_return_mean:         64.9009
test_return_std:           7.8526	
2026-08-06 03:55:16,765 - my_experiment - advP_B_HC_op_nomm_44 - my_run - INFO - t_env: 5050200 / 5050000
2026-08-06 03:55:16,766 - my_experiment - advP_B_HC_op_nomm_44 - my_run - INFO - Estimated time left: -. Time passed: 1 days, 13 hours, 58 minutes, 51 seconds
2026-08-06 03:56:28,834 - my_experiment - advP_B_HC_op_nomm_44 - my_run - INFO - Finished Training
