JOB ID: 1906307
Running on node: tikgpu03
Project Directory: /usr/itetnas04/data-scratch-01/pparsons/data/MyExpoComm
--------------------------------
Algorithm:   HybridComm
Environment: MAgent_AdvPursuit
Profile:     advP_HybridComm_5M_42
--------------------------------
Conda activated: /usr/itetnas04/data-scratch-01/pparsons/data/conda_envs/ExpoComm
Starting Run...
Warning: Loaded 4 layers but model has 6 layers.
Exiting Main
Stopping all threads
Thread wandb-AsyncioManager-main is alive! Is daemon: True
Thread joined
Thread ChkStopThr is alive! Is daemon: True
Thread joined
Thread IntMsgThr is alive! Is daemon: True
Thread joined
Exiting script
[1;34mwandb[0m: 
[1;34mwandb[0m: 🚀 View run [33mmy_run-advP_HybridComm_5M_42-20260424_012139[0m at: [34mhttps://wandb.ai/peterparsons02-eth-z-rich/my_experiment/runs/lr2m4oz6[0m
[1;34mwandb[0m: Find logs at: [1;35mwandb/run-20260424_012140-lr2m4oz6/logs[0m
Finished at: Sat Apr 25 10:44:49 CEST 2026
