JOB ID: 1906312
Running on node: artongpu02
Project Directory: /usr/itetnas04/data-scratch-01/pparsons/data/MyExpoComm
--------------------------------
Algorithm:   iql
Environment: MAgent_AdvPursuit
Profile:     advP_Big_IQL_RNN_5M_42
--------------------------------
Conda activated: /usr/itetnas04/data-scratch-01/pparsons/data/conda_envs/ExpoComm
Starting Run...
Warning: Loaded 4 layers but model has 6 layers.
Exiting Main
Stopping all threads
Thread wandb-AsyncioManager-main is alive! Is daemon: True
Thread joined
Thread ChkStopThr is alive! Is daemon: True
Thread joined
Thread IntMsgThr is alive! Is daemon: True
Thread joined
Exiting script
[1;34mwandb[0m: 
[1;34mwandb[0m: 🚀 View run [33mmy_run-advP_Big_IQL_RNN_5M_42-20260422_164520[0m at: [34mhttps://wandb.ai/peterparsons02-eth-z-rich/my_experiment/runs/jzqwhzt7[0m
[1;34mwandb[0m: Find logs at: [1;35mwandb/run-20260422_164523-jzqwhzt7/logs[0m
Finished at: Fri Apr 24 04:29:45 CEST 2026
