Gym has been unmaintained since 2022 and does not support NumPy 2.0 amongst other critical functionality.
Please upgrade to Gymnasium, the maintained drop-in replacement of Gym, or contact the authors of your software and request that they upgrade.
Users of this version of Gym should be able to simply replace 'import gym' with 'import gymnasium as gym' in the vast majority of cases.
See the migration guide at https://gymnasium.farama.org/introduction/migration_guide/ for additional information.
src/main.py:81: DeprecationWarning: Using or importing the ABCs from 'collections' instead of from 'collections.abc' is deprecated since Python 3.3, and in 3.10 it will stop working
  if isinstance(v, collections.Mapping):
wandb: [wandb.login()] Loaded credentials for https://api.wandb.ai from /home/pparsons/.netrc.
wandb: Currently logged in as: peterparsons02 (peterparsons02-eth-z-rich) to https://api.wandb.ai. Use `wandb login --relogin` to force relogin
wandb: setting up run fmnzf24c
wandb: Tracking run with wandb version 0.24.1
wandb: Run data is saved locally in /usr/itetnas04/data-scratch-01/pparsons/data/MyExpoComm/wandb/run-20260606_205648-fmnzf24c
wandb: Run `wandb offline` to turn off syncing.
wandb: Syncing run my_run-advP_HybridComm_5M_44-20260606_205647
wandb: ⭐️ View project at https://wandb.ai/peterparsons02-eth-z-rich/my_experiment
wandb: 🚀 View run at https://wandb.ai/peterparsons02-eth-z-rich/my_experiment/runs/fmnzf24c
2026-06-06 20:56:49,477 - my_experiment - advP_HybridComm_5M_44 - my_run - INFO - Current directory: /usr/itetnas04/data-scratch-01/pparsons/data/MyExpoComm.
2026-06-06 20:56:49,477 - my_experiment - advP_HybridComm_5M_44 - my_run - INFO - Experiment Parameters:
2026-06-06 20:56:49,478 - my_experiment - advP_HybridComm_5M_44 - my_run - INFO - 

{   'action_selector': 'epsilon_greedy',
    'add_value_last_step': True,
    'agent': 'ExpoComm_one_peer_cont',
    'agent_output_type': 'q',
    'attention_dim': 32,
    'aux_coef': 0.1,
    'batch_size': 32,
    'batch_size_run': 1,
    'buffer_cpu_only': True,
    'buffer_size': 2000,
    'checkpoint_path': '',
    'double_q': True,
    'env': 'MAgent_AdvPursuit',
    'env_args': {   'global_reward': True,
                    'map_name': 'adversarial_pursuit_view8',
                    'map_size': 45,
                    'max_cycles': 200,
                    'minimap_mode': True,
                    'pretrained_ckpt': 'prey_params.pt',
                    'seed': 44},
    'epsilon_anneal_time': 1000000,
    'epsilon_finish': 0.05,
    'epsilon_start': 1.0,
    'evaluate': False,
    'evaluation_epsilon': 0.0,
    'exp_name': 'my_experiment',
    'gamma': 0.99,
    'global_reward': True,
    'grad_norm_clip': 10,
    'hidden_dim': 64,
    'hypergroup': None,
    'label': 'default_label',
    'learner': 'hybrid_comm_learner',
    'learner_log_interval': 10000,
    'load_step': 0,
    'local_results_path': 'results',
    'log_interval': 50000,
    'lr': 0.0005,
    'mac': 'ExpoComm_mac',
    'mixer': None,
    'name': 'advP_HybridComm_5M_44',
    'neg_num': 20,
    'obs_agent_id': True,
    'obs_individual_obs': False,
    'obs_last_action': True,
    'one_peer': True,
    'optim_alpha': 0.99,
    'optim_eps': 1e-05,
    'render': False,
    'repeat_id': 1,
    'run_name': 'my_run',
    'runner': 'episode',
    'runner_log_interval': 10000,
    'save_model': True,
    'save_model_interval': 200000,
    'save_replay': False,
    'seed': 44,
    'standardise_returns': False,
    'standardise_rewards': True,
    't_max': 5050000,
    'target_update_interval_or_tau': 200,
    'temperature': 0.07,
    'test_greedy': True,
    'test_interval': 50000,
    'test_nepisode': 100,
    'topk_neighbors': 7,
    'use_cuda': True,
    'use_rnn': True,
    'use_tensorboard': True,
    'work_dir': 'work_dirs/my_experiment/advP_HybridComm_5M_44/my_run/20260606_205647'}

/usr/itetnas04/data-scratch-01/pparsons/data/conda_envs/ExpoComm/lib/python3.8/site-packages/pettingzoo/utils/conversions.py:41: UserWarning: The `from_parallel` function is deprecated. Use the `parallel_to_aec` function instead.
  warnings.warn("The `from_parallel` function is deprecated. Use the `parallel_to_aec` function instead.")
/usr/itetnas04/data-scratch-01/pparsons/data/conda_envs/ExpoComm/lib/python3.8/site-packages/pettingzoo/utils/wrappers/base.py:44: UserWarning: The `observation_spaces` dictionary is deprecated. Use the `observation_space` function instead.
  warnings.warn("The `observation_spaces` dictionary is deprecated. Use the `observation_space` function instead.")
/usr/itetnas04/data-scratch-01/pparsons/data/conda_envs/ExpoComm/lib/python3.8/site-packages/pettingzoo/utils/conversions.py:36: UserWarning: The `to_parallel` function is deprecated. Use the `aec_to_parallel` function instead.
  warnings.warn("The `to_parallel` function is deprecated. Use the `aec_to_parallel` function instead.")
/usr/itetnas04/data-scratch-01/pparsons/data/conda_envs/ExpoComm/lib/python3.8/site-packages/pettingzoo/utils/conversions.py:80: UserWarning: The `action_spaces` dictionary is deprecated. Use the `action_space` function instead.
  warnings.warn("The `action_spaces` dictionary is deprecated. Use the `action_space` function instead.")
/usr/itetnas04/data-scratch-01/pparsons/data/conda_envs/ExpoComm/lib/python3.8/site-packages/pettingzoo/utils/wrappers/base.py:52: UserWarning: The `action_spaces` dictionary is deprecated. Use the `action_space` function instead.
  warnings.warn("The `action_spaces` dictionary is deprecated. Use the `action_space` function instead.")
/usr/itetnas04/data-scratch-01/pparsons/data/conda_envs/ExpoComm/lib/python3.8/site-packages/pettingzoo/utils/conversions.py:72: UserWarning: The `observation_spaces` dictionary is deprecated. Use the `observation_space` function instead.
  warnings.warn("The `observation_spaces` dictionary is deprecated. Use the `observation_space` function instead.")
2026-06-06 20:56:52,199 - my_experiment - advP_HybridComm_5M_44 - my_run - INFO - Beginning training for 5050000 timesteps
/usr/itetnas04/data-scratch-01/pparsons/data/MyExpoComm/src/envs/adv_pursuit_wrappers.py:240: UserWarning: To copy construct from a tensor, it is recommended to use sourceTensor.clone().detach() or sourceTensor.clone().detach().requires_grad_(True), rather than torch.tensor(sourceTensor).
  actions = th.tensor(actions, dtype=th.long)
2026-06-06 20:56:54,864 - my_experiment - advP_HybridComm_5M_44 - my_run - INFO - t_env: 200 / 5050000
2026-06-06 20:56:54,864 - my_experiment - advP_HybridComm_5M_44 - my_run - INFO - Estimated time left: 4 minutes, 28 seconds. Time passed: 2 seconds
2026-06-06 21:00:08,403 - my_experiment - advP_HybridComm_5M_44 - my_run - INFO - Saving models to work_dirs/my_experiment/advP_HybridComm_5M_44/my_run/20260606_205647/models/200
2026-06-06 21:11:16,341 - my_experiment - advP_HybridComm_5M_44 - my_run - INFO - Recent Stats | t_env:      50000 | Episode:      250
ep_length_mean:          200.0000	episode_length_mean:     199.0000	epsilon:                   0.9620	grad_norm:                 0.1007
info_nce_loss:             2.9595	loss:                      1.0906	q_loss:                    0.9915	return_mean:             -21.4274
return_std:                0.8203	test_ep_length_mean:     200.0000	test_episode_length_mean:199.0000	test_return_mean:         -4.6084
test_return_std:          12.2196	
2026-06-06 21:11:19,121 - my_experiment - advP_HybridComm_5M_44 - my_run - INFO - t_env: 50200 / 5050000
2026-06-06 21:11:19,122 - my_experiment - advP_HybridComm_5M_44 - my_run - INFO - Estimated time left: 1 days, 22 seconds. Time passed: 14 minutes, 26 seconds
2026-06-06 21:26:13,089 - my_experiment - advP_HybridComm_5M_44 - my_run - INFO - Recent Stats | t_env:     100000 | Episode:      500
ep_length_mean:          200.0000	episode_length_mean:     199.0000	epsilon:                   0.9145	grad_norm:                 0.2846
info_nce_loss:             2.9054	loss:                      1.1050	q_loss:                    1.0045	return_mean:             -19.7609
return_std:                1.3735	test_ep_length_mean:     200.0000	test_episode_length_mean:199.0000	test_return_mean:         -1.2973
test_return_std:           8.7558	
2026-06-06 21:26:15,835 - my_experiment - advP_HybridComm_5M_44 - my_run - INFO - t_env: 100200 / 5050000
2026-06-06 21:26:15,836 - my_experiment - advP_HybridComm_5M_44 - my_run - INFO - Estimated time left: 1 days, 39 minutes, 31 seconds. Time passed: 29 minutes, 23 seconds
2026-06-06 21:40:52,341 - my_experiment - advP_HybridComm_5M_44 - my_run - INFO - Recent Stats | t_env:     150000 | Episode:      750
ep_length_mean:          200.0000	episode_length_mean:     199.0000	epsilon:                   0.8670	grad_norm:                 3.5461
info_nce_loss:             1.2492	loss:                      1.3998	q_loss:                    1.2725	return_mean:             -15.9691
return_std:                1.7197	test_ep_length_mean:     200.0000	test_episode_length_mean:199.0000	test_return_mean:         12.7774
test_return_std:           9.9087	
2026-06-06 21:40:55,033 - my_experiment - advP_HybridComm_5M_44 - my_run - INFO - t_env: 150200 / 5050000
2026-06-06 21:40:55,034 - my_experiment - advP_HybridComm_5M_44 - my_run - INFO - Estimated time left: 23 hours, 55 minutes, 57 seconds. Time passed: 44 minutes, 2 seconds
2026-06-06 21:55:40,247 - my_experiment - advP_HybridComm_5M_44 - my_run - INFO - Recent Stats | t_env:     200000 | Episode:     1000
ep_length_mean:          200.0000	episode_length_mean:     199.0000	epsilon:                   0.8195	grad_norm:                 3.7278
info_nce_loss:             0.2568	loss:                      1.8035	q_loss:                    1.6396	return_mean:             -10.5186
return_std:                2.3116	test_ep_length_mean:     200.0000	test_episode_length_mean:199.0000	test_return_mean:         25.0295
test_return_std:          11.4691	
2026-06-06 21:55:42,888 - my_experiment - advP_HybridComm_5M_44 - my_run - INFO - t_env: 200200 / 5050000
2026-06-06 21:55:42,889 - my_experiment - advP_HybridComm_5M_44 - my_run - INFO - Estimated time left: 23 hours, 55 minutes, 18 seconds. Time passed: 58 minutes, 50 seconds
2026-06-06 21:59:08,627 - my_experiment - advP_HybridComm_5M_44 - my_run - INFO - Saving models to work_dirs/my_experiment/advP_HybridComm_5M_44/my_run/20260606_205647/models/200200
2026-06-06 22:10:28,549 - my_experiment - advP_HybridComm_5M_44 - my_run - INFO - Recent Stats | t_env:     250000 | Episode:     1250
ep_length_mean:          200.0000	episode_length_mean:     199.0000	epsilon:                   0.7720	grad_norm:                10.2136
info_nce_loss:             0.2874	loss:                      2.2061	q_loss:                    2.0056	return_mean:              -5.7433
return_std:                2.7412	test_ep_length_mean:     200.0000	test_episode_length_mean:199.0000	test_return_mean:         33.4397
test_return_std:          12.3865	
2026-06-06 22:10:31,317 - my_experiment - advP_HybridComm_5M_44 - my_run - INFO - t_env: 250200 / 5050000
2026-06-06 22:10:31,318 - my_experiment - advP_HybridComm_5M_44 - my_run - INFO - Estimated time left: 23 hours, 41 minutes, 25 seconds. Time passed: 1 hours, 13 minutes, 39 seconds
2026-06-06 22:25:24,281 - my_experiment - advP_HybridComm_5M_44 - my_run - INFO - Recent Stats | t_env:     300000 | Episode:     1500
ep_length_mean:          200.0000	episode_length_mean:     199.0000	epsilon:                   0.7245	grad_norm:                20.2545
info_nce_loss:             0.3410	loss:                      1.9697	q_loss:                    1.7907	return_mean:              -0.2189
return_std:                2.8377	test_ep_length_mean:     200.0000	test_episode_length_mean:199.0000	test_return_mean:         49.2470
test_return_std:          13.2303	
2026-06-06 22:25:27,048 - my_experiment - advP_HybridComm_5M_44 - my_run - INFO - t_env: 300200 / 5050000
2026-06-06 22:25:27,049 - my_experiment - advP_HybridComm_5M_44 - my_run - INFO - Estimated time left: 23 hours, 38 minutes, 10 seconds. Time passed: 1 hours, 28 minutes, 34 seconds
2026-06-06 22:40:26,927 - my_experiment - advP_HybridComm_5M_44 - my_run - INFO - Recent Stats | t_env:     350000 | Episode:     1750
ep_length_mean:          200.0000	episode_length_mean:     199.0000	epsilon:                   0.6770	grad_norm:                47.1673
info_nce_loss:             0.4744	loss:                      2.3134	q_loss:                    2.1030	return_mean:               7.1579
return_std:                3.5456	test_ep_length_mean:     200.0000	test_episode_length_mean:199.0000	test_return_mean:         68.3048
test_return_std:          15.3717	
2026-06-06 22:40:29,697 - my_experiment - advP_HybridComm_5M_44 - my_run - INFO - t_env: 350200 / 5050000
2026-06-06 22:40:29,698 - my_experiment - advP_HybridComm_5M_44 - my_run - INFO - Estimated time left: 23 hours, 34 minutes, 5 seconds. Time passed: 1 hours, 43 minutes, 37 seconds
2026-06-06 22:55:14,025 - my_experiment - advP_HybridComm_5M_44 - my_run - INFO - Recent Stats | t_env:     400000 | Episode:     2000
ep_length_mean:          200.0000	episode_length_mean:     199.0000	epsilon:                   0.6295	grad_norm:                83.8508
info_nce_loss:             0.3693	loss:                      2.6226	q_loss:                    2.3842	return_mean:              14.6468
return_std:                3.8469	test_ep_length_mean:     200.0000	test_episode_length_mean:199.0000	test_return_mean:         82.9354
test_return_std:          15.8411	
2026-06-06 22:55:16,677 - my_experiment - advP_HybridComm_5M_44 - my_run - INFO - t_env: 400200 / 5050000
2026-06-06 22:55:16,678 - my_experiment - advP_HybridComm_5M_44 - my_run - INFO - Estimated time left: 22 hours, 54 minutes, 45 seconds. Time passed: 1 hours, 58 minutes, 24 seconds
2026-06-06 22:58:49,239 - my_experiment - advP_HybridComm_5M_44 - my_run - INFO - Saving models to work_dirs/my_experiment/advP_HybridComm_5M_44/my_run/20260606_205647/models/400200
2026-06-06 23:10:10,316 - my_experiment - advP_HybridComm_5M_44 - my_run - INFO - Recent Stats | t_env:     450000 | Episode:     2250
ep_length_mean:          200.0000	episode_length_mean:     199.0000	epsilon:                   0.5820	grad_norm:               103.6050
info_nce_loss:             0.3793	loss:                      3.2762	q_loss:                    2.9784	return_mean:              18.9965
return_std:                4.1565	test_ep_length_mean:     200.0000	test_episode_length_mean:199.0000	test_return_mean:         91.9332
test_return_std:          15.8439	
2026-06-06 23:10:12,978 - my_experiment - advP_HybridComm_5M_44 - my_run - INFO - t_env: 450200 / 5050000
2026-06-06 23:10:12,979 - my_experiment - advP_HybridComm_5M_44 - my_run - INFO - Estimated time left: 22 hours, 54 minutes, 16 seconds. Time passed: 2 hours, 13 minutes, 20 seconds
2026-06-06 23:24:55,686 - my_experiment - advP_HybridComm_5M_44 - my_run - INFO - Recent Stats | t_env:     500000 | Episode:     2500
ep_length_mean:          200.0000	episode_length_mean:     199.0000	epsilon:                   0.5345	grad_norm:               149.2801
info_nce_loss:             0.4657	loss:                      3.6927	q_loss:                    3.3570	return_mean:              24.2765
return_std:                4.9217	test_ep_length_mean:     200.0000	test_episode_length_mean:199.0000	test_return_mean:         98.9553
test_return_std:          15.5407	
2026-06-06 23:24:58,437 - my_experiment - advP_HybridComm_5M_44 - my_run - INFO - t_env: 500200 / 5050000
2026-06-06 23:24:58,438 - my_experiment - advP_HybridComm_5M_44 - my_run - INFO - Estimated time left: 22 hours, 22 minutes, 53 seconds. Time passed: 2 hours, 28 minutes, 6 seconds
2026-06-06 23:39:47,043 - my_experiment - advP_HybridComm_5M_44 - my_run - INFO - Recent Stats | t_env:     550000 | Episode:     2750
ep_length_mean:          200.0000	episode_length_mean:     199.0000	epsilon:                   0.4870	grad_norm:               140.7192
info_nce_loss:             0.7411	loss:                      4.2202	q_loss:                    3.8366	return_mean:              28.3077
return_std:                5.5653	test_ep_length_mean:     200.0000	test_episode_length_mean:199.0000	test_return_mean:        104.7251
test_return_std:          14.8419	
2026-06-06 23:39:49,814 - my_experiment - advP_HybridComm_5M_44 - my_run - INFO - t_env: 550200 / 5050000
2026-06-06 23:39:49,815 - my_experiment - advP_HybridComm_5M_44 - my_run - INFO - Estimated time left: 22 hours, 17 minutes, 0 seconds. Time passed: 2 hours, 42 minutes, 57 seconds
2026-06-06 23:54:29,833 - my_experiment - advP_HybridComm_5M_44 - my_run - INFO - Recent Stats | t_env:     600000 | Episode:     3000
ep_length_mean:          200.0000	episode_length_mean:     199.0000	epsilon:                   0.4395	grad_norm:               149.3487
info_nce_loss:             0.3992	loss:                      4.9000	q_loss:                    4.4545	return_mean:              33.0260
return_std:                5.8063	test_ep_length_mean:     200.0000	test_episode_length_mean:199.0000	test_return_mean:        105.9174
test_return_std:          14.6165	
2026-06-06 23:54:32,592 - my_experiment - advP_HybridComm_5M_44 - my_run - INFO - t_env: 600200 / 5050000
2026-06-06 23:54:32,593 - my_experiment - advP_HybridComm_5M_44 - my_run - INFO - Estimated time left: 21 hours, 49 minutes, 23 seconds. Time passed: 2 hours, 57 minutes, 40 seconds
2026-06-06 23:58:04,523 - my_experiment - advP_HybridComm_5M_44 - my_run - INFO - Saving models to work_dirs/my_experiment/advP_HybridComm_5M_44/my_run/20260606_205647/models/600200
2026-06-07 00:09:24,066 - my_experiment - advP_HybridComm_5M_44 - my_run - INFO - Recent Stats | t_env:     650000 | Episode:     3250
ep_length_mean:          200.0000	episode_length_mean:     199.0000	epsilon:                   0.3920	grad_norm:               238.1191
info_nce_loss:             0.5729	loss:                      6.0289	q_loss:                    5.4808	return_mean:              36.0614
return_std:                6.5606	test_ep_length_mean:     200.0000	test_episode_length_mean:199.0000	test_return_mean:        103.3667
test_return_std:          14.8010	
2026-06-07 00:09:26,692 - my_experiment - advP_HybridComm_5M_44 - my_run - INFO - t_env: 650200 / 5050000
2026-06-07 00:09:26,693 - my_experiment - advP_HybridComm_5M_44 - my_run - INFO - Estimated time left: 21 hours, 51 minutes, 17 seconds. Time passed: 3 hours, 12 minutes, 34 seconds
2026-06-07 00:23:57,369 - my_experiment - advP_HybridComm_5M_44 - my_run - INFO - Recent Stats | t_env:     700000 | Episode:     3500
ep_length_mean:          200.0000	episode_length_mean:     199.0000	epsilon:                   0.3445	grad_norm:               259.2606
info_nce_loss:             0.2575	loss:                      7.1300	q_loss:                    6.4818	return_mean:              38.6596
return_std:                7.3700	test_ep_length_mean:     200.0000	test_episode_length_mean:199.0000	test_return_mean:        101.1998
test_return_std:          14.5222	
2026-06-07 00:24:00,111 - my_experiment - advP_HybridComm_5M_44 - my_run - INFO - t_env: 700200 / 5050000
2026-06-07 00:24:00,112 - my_experiment - advP_HybridComm_5M_44 - my_run - INFO - Estimated time left: 21 hours, 6 minutes, 23 seconds. Time passed: 3 hours, 27 minutes, 7 seconds
2026-06-07 00:38:47,706 - my_experiment - advP_HybridComm_5M_44 - my_run - INFO - Recent Stats | t_env:     750000 | Episode:     3750
ep_length_mean:          200.0000	episode_length_mean:     199.0000	epsilon:                   0.2970	grad_norm:               217.4626
info_nce_loss:             0.4901	loss:                      6.5722	q_loss:                    5.9747	return_mean:              41.8411
return_std:                7.2861	test_ep_length_mean:     200.0000	test_episode_length_mean:199.0000	test_return_mean:         99.4860
test_return_std:          14.4348	
2026-06-07 00:38:50,313 - my_experiment - advP_HybridComm_5M_44 - my_run - INFO - t_env: 750200 / 5050000
2026-06-07 00:38:50,314 - my_experiment - advP_HybridComm_5M_44 - my_run - INFO - Estimated time left: 21 hours, 15 minutes, 53 seconds. Time passed: 3 hours, 41 minutes, 58 seconds
2026-06-07 00:53:31,726 - my_experiment - advP_HybridComm_5M_44 - my_run - INFO - Recent Stats | t_env:     800000 | Episode:     4000
ep_length_mean:          200.0000	episode_length_mean:     199.0000	epsilon:                   0.2495	grad_norm:               199.0930
info_nce_loss:             0.3985	loss:                      6.4013	q_loss:                    5.8194	return_mean:              45.7135
return_std:                7.7804	test_ep_length_mean:     200.0000	test_episode_length_mean:199.0000	test_return_mean:         97.9484
test_return_std:          14.5942	
2026-06-07 00:53:34,433 - my_experiment - advP_HybridComm_5M_44 - my_run - INFO - t_env: 800200 / 5050000
2026-06-07 00:53:34,434 - my_experiment - advP_HybridComm_5M_44 - my_run - INFO - Estimated time left: 20 hours, 52 minutes, 26 seconds. Time passed: 3 hours, 56 minutes, 42 seconds
2026-06-07 00:57:02,574 - my_experiment - advP_HybridComm_5M_44 - my_run - INFO - Saving models to work_dirs/my_experiment/advP_HybridComm_5M_44/my_run/20260606_205647/models/800200
2026-06-07 01:08:20,963 - my_experiment - advP_HybridComm_5M_44 - my_run - INFO - Recent Stats | t_env:     850000 | Episode:     4250
ep_length_mean:          200.0000	episode_length_mean:     199.0000	epsilon:                   0.2020	grad_norm:               211.9929
info_nce_loss:             0.4217	loss:                      6.6593	q_loss:                    6.0539	return_mean:              51.9616
return_std:                8.2720	test_ep_length_mean:     200.0000	test_episode_length_mean:199.0000	test_return_mean:         95.4517
test_return_std:          14.4457	
2026-06-07 01:08:23,696 - my_experiment - advP_HybridComm_5M_44 - my_run - INFO - t_env: 850200 / 5050000
2026-06-07 01:08:23,697 - my_experiment - advP_HybridComm_5M_44 - my_run - INFO - Estimated time left: 20 hours, 44 minutes, 54 seconds. Time passed: 4 hours, 11 minutes, 31 seconds
2026-06-07 01:23:13,306 - my_experiment - advP_HybridComm_5M_44 - my_run - INFO - Recent Stats | t_env:     900000 | Episode:     4500
ep_length_mean:          200.0000	episode_length_mean:     199.0000	epsilon:                   0.1545	grad_norm:               216.4277
info_nce_loss:             0.4052	loss:                      6.2743	q_loss:                    5.7039	return_mean:              56.8750
return_std:                9.4682	test_ep_length_mean:     200.0000	test_episode_length_mean:199.0000	test_return_mean:         91.0700
test_return_std:          14.3390	
2026-06-07 01:23:15,952 - my_experiment - advP_HybridComm_5M_44 - my_run - INFO - t_env: 900200 / 5050000
2026-06-07 01:23:15,953 - my_experiment - advP_HybridComm_5M_44 - my_run - INFO - Estimated time left: 20 hours, 34 minutes, 13 seconds. Time passed: 4 hours, 26 minutes, 23 seconds
2026-06-07 01:37:46,920 - my_experiment - advP_HybridComm_5M_44 - my_run - INFO - Recent Stats | t_env:     950000 | Episode:     4750
ep_length_mean:          200.0000	episode_length_mean:     199.0000	epsilon:                   0.1070	grad_norm:               239.3814
info_nce_loss:             0.3182	loss:                      6.5991	q_loss:                    5.9992	return_mean:              61.7472
return_std:               11.4786	test_ep_length_mean:     200.0000	test_episode_length_mean:199.0000	test_return_mean:         88.5442
test_return_std:          14.0745	
2026-06-07 01:37:49,563 - my_experiment - advP_HybridComm_5M_44 - my_run - INFO - t_env: 950200 / 5050000
2026-06-07 01:37:49,564 - my_experiment - advP_HybridComm_5M_44 - my_run - INFO - Estimated time left: 19 hours, 53 minutes, 52 seconds. Time passed: 4 hours, 40 minutes, 57 seconds
2026-06-07 01:52:33,560 - my_experiment - advP_HybridComm_5M_44 - my_run - INFO - Recent Stats | t_env:    1000000 | Episode:     5000
ep_length_mean:          200.0000	episode_length_mean:     199.0000	epsilon:                   0.0595	grad_norm:               214.4114
info_nce_loss:             0.3572	loss:                      6.6279	q_loss:                    6.0253	return_mean:              74.6137
return_std:               12.4360	test_ep_length_mean:     200.0000	test_episode_length_mean:199.0000	test_return_mean:         87.4707
test_return_std:          14.2927	
2026-06-07 01:52:36,271 - my_experiment - advP_HybridComm_5M_44 - my_run - INFO - t_env: 1000200 / 5050000
2026-06-07 01:52:36,272 - my_experiment - advP_HybridComm_5M_44 - my_run - INFO - Estimated time left: 19 hours, 56 minutes, 59 seconds. Time passed: 4 hours, 55 minutes, 44 seconds
2026-06-07 01:56:05,068 - my_experiment - advP_HybridComm_5M_44 - my_run - INFO - Saving models to work_dirs/my_experiment/advP_HybridComm_5M_44/my_run/20260606_205647/models/1000200
2026-06-07 02:07:21,054 - my_experiment - advP_HybridComm_5M_44 - my_run - INFO - Recent Stats | t_env:    1050000 | Episode:     5250
ep_length_mean:          200.0000	episode_length_mean:     199.0000	epsilon:                   0.0500	grad_norm:               436.0484
info_nce_loss:             0.2388	loss:                      6.0752	q_loss:                    5.5229	return_mean:              75.9461
return_std:               12.5679	test_ep_length_mean:     200.0000	test_episode_length_mean:199.0000	test_return_mean:         86.0643
test_return_std:          14.2967	
2026-06-07 02:07:23,821 - my_experiment - advP_HybridComm_5M_44 - my_run - INFO - t_env: 1050200 / 5050000
2026-06-07 02:07:23,822 - my_experiment - advP_HybridComm_5M_44 - my_run - INFO - Estimated time left: 19 hours, 43 minutes, 20 seconds. Time passed: 5 hours, 10 minutes, 31 seconds
2026-06-07 02:22:06,820 - my_experiment - advP_HybridComm_5M_44 - my_run - INFO - Recent Stats | t_env:    1100000 | Episode:     5500
ep_length_mean:          200.0000	episode_length_mean:     199.0000	epsilon:                   0.0500	grad_norm:               533.0614
info_nce_loss:             0.3696	loss:                      5.6825	q_loss:                    5.1659	return_mean:              74.0211
return_std:               13.0758	test_ep_length_mean:     200.0000	test_episode_length_mean:199.0000	test_return_mean:         82.2555
test_return_std:          13.7275	
2026-06-07 02:22:09,555 - my_experiment - advP_HybridComm_5M_44 - my_run - INFO - t_env: 1100200 / 5050000
2026-06-07 02:22:09,556 - my_experiment - advP_HybridComm_5M_44 - my_run - INFO - Estimated time left: 19 hours, 26 minutes, 9 seconds. Time passed: 5 hours, 25 minutes, 17 seconds
2026-06-07 02:36:54,218 - my_experiment - advP_HybridComm_5M_44 - my_run - INFO - Recent Stats | t_env:    1150000 | Episode:     5750
ep_length_mean:          200.0000	episode_length_mean:     199.0000	epsilon:                   0.0500	grad_norm:               678.3752
info_nce_loss:             0.3689	loss:                      5.2931	q_loss:                    4.8120	return_mean:              72.6962
return_std:               12.7946	test_ep_length_mean:     200.0000	test_episode_length_mean:199.0000	test_return_mean:         83.2854
test_return_std:          13.8241	
2026-06-07 02:36:56,962 - my_experiment - advP_HybridComm_5M_44 - my_run - INFO - t_env: 1150200 / 5050000
2026-06-07 02:36:56,963 - my_experiment - advP_HybridComm_5M_44 - my_run - INFO - Estimated time left: 19 hours, 13 minutes, 34 seconds. Time passed: 5 hours, 40 minutes, 4 seconds
2026-06-07 02:51:34,797 - my_experiment - advP_HybridComm_5M_44 - my_run - INFO - Recent Stats | t_env:    1200000 | Episode:     6000
ep_length_mean:          200.0000	episode_length_mean:     199.0000	epsilon:                   0.0500	grad_norm:               836.0516
info_nce_loss:             0.3754	loss:                      4.4254	q_loss:                    4.0231	return_mean:              72.9757
return_std:               12.9938	test_ep_length_mean:     200.0000	test_episode_length_mean:199.0000	test_return_mean:         83.6753
test_return_std:          13.7528	
2026-06-07 02:51:37,454 - my_experiment - advP_HybridComm_5M_44 - my_run - INFO - t_env: 1200200 / 5050000
2026-06-07 02:51:37,455 - my_experiment - advP_HybridComm_5M_44 - my_run - INFO - Estimated time left: 18 hours, 49 minutes, 54 seconds. Time passed: 5 hours, 54 minutes, 45 seconds
2026-06-07 02:54:58,106 - my_experiment - advP_HybridComm_5M_44 - my_run - INFO - Saving models to work_dirs/my_experiment/advP_HybridComm_5M_44/my_run/20260606_205647/models/1200200
2026-06-07 03:06:10,423 - my_experiment - advP_HybridComm_5M_44 - my_run - INFO - Recent Stats | t_env:    1250000 | Episode:     6250
ep_length_mean:          200.0000	episode_length_mean:     199.0000	epsilon:                   0.0500	grad_norm:               857.7007
info_nce_loss:             0.2463	loss:                      6.5001	q_loss:                    5.9092	return_mean:              71.1779
return_std:               11.6687	test_ep_length_mean:     200.0000	test_episode_length_mean:199.0000	test_return_mean:         83.6542
test_return_std:          13.5057	
2026-06-07 03:06:13,177 - my_experiment - advP_HybridComm_5M_44 - my_run - INFO - t_env: 1250200 / 5050000
2026-06-07 03:06:13,178 - my_experiment - advP_HybridComm_5M_44 - my_run - INFO - Estimated time left: 18 hours, 29 minutes, 11 seconds. Time passed: 6 hours, 9 minutes, 20 seconds
2026-06-07 03:20:49,230 - my_experiment - advP_HybridComm_5M_44 - my_run - INFO - Recent Stats | t_env:    1300000 | Episode:     6500
ep_length_mean:          200.0000	episode_length_mean:     199.0000	epsilon:                   0.0500	grad_norm:               1304.5461
info_nce_loss:             0.3380	loss:                      6.5690	q_loss:                    5.9718	return_mean:              75.0224
return_std:               11.9361	test_ep_length_mean:     200.0000	test_episode_length_mean:199.0000	test_return_mean:         83.7248
test_return_std:          13.2712	
2026-06-07 03:20:51,960 - my_experiment - advP_HybridComm_5M_44 - my_run - INFO - t_env: 1300200 / 5050000
2026-06-07 03:20:51,961 - my_experiment - advP_HybridComm_5M_44 - my_run - INFO - Estimated time left: 18 hours, 18 minutes, 25 seconds. Time passed: 6 hours, 23 minutes, 59 seconds
2026-06-07 03:35:32,623 - my_experiment - advP_HybridComm_5M_44 - my_run - INFO - Recent Stats | t_env:    1350000 | Episode:     6750
ep_length_mean:          200.0000	episode_length_mean:     199.0000	epsilon:                   0.0500	grad_norm:               1617.6926
info_nce_loss:             0.4873	loss:                      9.5500	q_loss:                    8.6818	return_mean:              75.3395
return_std:               11.7655	test_ep_length_mean:     200.0000	test_episode_length_mean:199.0000	test_return_mean:         86.5302
test_return_std:          13.7740	
2026-06-07 03:35:35,246 - my_experiment - advP_HybridComm_5M_44 - my_run - INFO - t_env: 1350200 / 5050000
2026-06-07 03:35:35,247 - my_experiment - advP_HybridComm_5M_44 - my_run - INFO - Estimated time left: 18 hours, 9 minutes, 19 seconds. Time passed: 6 hours, 38 minutes, 43 seconds
2026-06-07 03:50:19,994 - my_experiment - advP_HybridComm_5M_44 - my_run - INFO - Recent Stats | t_env:    1400000 | Episode:     7000
ep_length_mean:          200.0000	episode_length_mean:     199.0000	epsilon:                   0.0500	grad_norm:               1107.8673
info_nce_loss:             0.4177	loss:                      4.3157	q_loss:                    3.9233	return_mean:              79.6410
return_std:               11.4452	test_ep_length_mean:     200.0000	test_episode_length_mean:199.0000	test_return_mean:         88.1105
test_return_std:          13.5159	
2026-06-07 03:50:22,739 - my_experiment - advP_HybridComm_5M_44 - my_run - INFO - t_env: 1400200 / 5050000
2026-06-07 03:50:22,740 - my_experiment - advP_HybridComm_5M_44 - my_run - INFO - Estimated time left: 17 hours, 59 minutes, 43 seconds. Time passed: 6 hours, 53 minutes, 30 seconds
2026-06-07 03:53:52,373 - my_experiment - advP_HybridComm_5M_44 - my_run - INFO - Saving models to work_dirs/my_experiment/advP_HybridComm_5M_44/my_run/20260606_205647/models/1400200
2026-06-07 04:05:05,946 - my_experiment - advP_HybridComm_5M_44 - my_run - INFO - Recent Stats | t_env:    1450000 | Episode:     7250
ep_length_mean:          200.0000	episode_length_mean:     199.0000	epsilon:                   0.0500	grad_norm:               1050.0036
info_nce_loss:             0.3249	loss:                      3.4118	q_loss:                    3.1016	return_mean:              79.3164
return_std:               10.3050	test_ep_length_mean:     200.0000	test_episode_length_mean:199.0000	test_return_mean:         88.4432
test_return_std:          12.7983	
2026-06-07 04:05:08,747 - my_experiment - advP_HybridComm_5M_44 - my_run - INFO - t_env: 1450200 / 5050000
2026-06-07 04:05:08,747 - my_experiment - advP_HybridComm_5M_44 - my_run - INFO - Estimated time left: 17 hours, 43 minutes, 8 seconds. Time passed: 7 hours, 8 minutes, 16 seconds
2026-06-07 04:19:54,434 - my_experiment - advP_HybridComm_5M_44 - my_run - INFO - Recent Stats | t_env:    1500000 | Episode:     7500
ep_length_mean:          200.0000	episode_length_mean:     199.0000	epsilon:                   0.0500	grad_norm:               1233.4780
info_nce_loss:             0.4559	loss:                      3.5418	q_loss:                    3.2198	return_mean:              79.0409
return_std:               10.3854	test_ep_length_mean:     200.0000	test_episode_length_mean:199.0000	test_return_mean:         87.4348
test_return_std:          11.9072	
2026-06-07 04:19:57,079 - my_experiment - advP_HybridComm_5M_44 - my_run - INFO - t_env: 1500200 / 5050000
2026-06-07 04:19:57,079 - my_experiment - advP_HybridComm_5M_44 - my_run - INFO - Estimated time left: 17 hours, 31 minutes, 7 seconds. Time passed: 7 hours, 23 minutes, 4 seconds
2026-06-07 04:34:26,234 - my_experiment - advP_HybridComm_5M_44 - my_run - INFO - Recent Stats | t_env:    1550000 | Episode:     7750
ep_length_mean:          200.0000	episode_length_mean:     199.0000	epsilon:                   0.0500	grad_norm:               1008.7558
info_nce_loss:             0.4063	loss:                      3.1418	q_loss:                    2.8562	return_mean:              80.6014
return_std:                9.8436	test_ep_length_mean:     200.0000	test_episode_length_mean:199.0000	test_return_mean:         87.4788
test_return_std:          11.2356	
2026-06-07 04:34:28,979 - my_experiment - advP_HybridComm_5M_44 - my_run - INFO - t_env: 1550200 / 5050000
2026-06-07 04:34:28,980 - my_experiment - advP_HybridComm_5M_44 - my_run - INFO - Estimated time left: 16 hours, 57 minutes, 9 seconds. Time passed: 7 hours, 37 minutes, 36 seconds
2026-06-07 04:49:12,108 - my_experiment - advP_HybridComm_5M_44 - my_run - INFO - Recent Stats | t_env:    1600000 | Episode:     8000
ep_length_mean:          200.0000	episode_length_mean:     199.0000	epsilon:                   0.0500	grad_norm:               1114.6883
info_nce_loss:             0.5738	loss:                      3.3398	q_loss:                    3.0361	return_mean:              78.0196
return_std:               12.1432	test_ep_length_mean:     200.0000	test_episode_length_mean:199.0000	test_return_mean:         88.4107
test_return_std:          11.5473	
2026-06-07 04:49:14,856 - my_experiment - advP_HybridComm_5M_44 - my_run - INFO - t_env: 1600200 / 5050000
2026-06-07 04:49:14,857 - my_experiment - advP_HybridComm_5M_44 - my_run - INFO - Estimated time left: 16 hours, 58 minutes, 41 seconds. Time passed: 7 hours, 52 minutes, 22 seconds
2026-06-07 04:52:44,522 - my_experiment - advP_HybridComm_5M_44 - my_run - INFO - Saving models to work_dirs/my_experiment/advP_HybridComm_5M_44/my_run/20260606_205647/models/1600200
2026-06-07 05:04:00,612 - my_experiment - advP_HybridComm_5M_44 - my_run - INFO - Recent Stats | t_env:    1650000 | Episode:     8250
ep_length_mean:          200.0000	episode_length_mean:     199.0000	epsilon:                   0.0500	grad_norm:               859.3221
info_nce_loss:             0.5574	loss:                      3.1618	q_loss:                    2.8744	return_mean:              85.2484
return_std:               10.4000	test_ep_length_mean:     200.0000	test_episode_length_mean:199.0000	test_return_mean:         88.7747
test_return_std:          10.8003	
2026-06-07 05:04:03,346 - my_experiment - advP_HybridComm_5M_44 - my_run - INFO - t_env: 1650200 / 5050000
2026-06-07 05:04:03,347 - my_experiment - advP_HybridComm_5M_44 - my_run - INFO - Estimated time left: 16 hours, 46 minutes, 53 seconds. Time passed: 8 hours, 7 minutes, 11 seconds
2026-06-07 05:18:51,896 - my_experiment - advP_HybridComm_5M_44 - my_run - INFO - Recent Stats | t_env:    1700000 | Episode:     8500
ep_length_mean:          200.0000	episode_length_mean:     199.0000	epsilon:                   0.0500	grad_norm:               1835.9854
info_nce_loss:             0.5894	loss:                      5.9397	q_loss:                    5.3997	return_mean:              82.2778
return_std:               11.7050	test_ep_length_mean:     200.0000	test_episode_length_mean:199.0000	test_return_mean:         86.6381
test_return_std:          10.8176	
2026-06-07 05:18:54,650 - my_experiment - advP_HybridComm_5M_44 - my_run - INFO - t_env: 1700200 / 5050000
2026-06-07 05:18:54,651 - my_experiment - advP_HybridComm_5M_44 - my_run - INFO - Estimated time left: 16 hours, 35 minutes, 13 seconds. Time passed: 8 hours, 22 minutes, 2 seconds
2026-06-07 05:33:29,004 - my_experiment - advP_HybridComm_5M_44 - my_run - INFO - Recent Stats | t_env:    1750000 | Episode:     8750
ep_length_mean:          200.0000	episode_length_mean:     199.0000	epsilon:                   0.0500	grad_norm:               2437.5499
info_nce_loss:             0.4171	loss:                     11.9501	q_loss:                   10.8637	return_mean:              82.6123
return_std:               10.6636	test_ep_length_mean:     200.0000	test_episode_length_mean:199.0000	test_return_mean:         89.2903
test_return_std:          11.5098	
2026-06-07 05:33:31,671 - my_experiment - advP_HybridComm_5M_44 - my_run - INFO - t_env: 1750200 / 5050000
2026-06-07 05:33:31,672 - my_experiment - advP_HybridComm_5M_44 - my_run - INFO - Estimated time left: 16 hours, 4 minutes, 39 seconds. Time passed: 8 hours, 36 minutes, 39 seconds
2026-06-07 05:48:08,926 - my_experiment - advP_HybridComm_5M_44 - my_run - INFO - Recent Stats | t_env:    1800000 | Episode:     9000
ep_length_mean:          200.0000	episode_length_mean:     199.0000	epsilon:                   0.0500	grad_norm:               860.8816
info_nce_loss:             0.4330	loss:                      3.0445	q_loss:                    2.7678	return_mean:              81.7533
return_std:               10.1902	test_ep_length_mean:     200.0000	test_episode_length_mean:199.0000	test_return_mean:         88.8625
test_return_std:          12.1421	
2026-06-07 05:48:11,684 - my_experiment - advP_HybridComm_5M_44 - my_run - INFO - t_env: 1800200 / 5050000
2026-06-07 05:48:11,685 - my_experiment - advP_HybridComm_5M_44 - my_run - INFO - Estimated time left: 15 hours, 53 minutes, 17 seconds. Time passed: 8 hours, 51 minutes, 19 seconds
2026-06-07 05:51:41,513 - my_experiment - advP_HybridComm_5M_44 - my_run - INFO - Saving models to work_dirs/my_experiment/advP_HybridComm_5M_44/my_run/20260606_205647/models/1800200
2026-06-07 06:02:49,541 - my_experiment - advP_HybridComm_5M_44 - my_run - INFO - Recent Stats | t_env:    1850000 | Episode:     9250
ep_length_mean:          200.0000	episode_length_mean:     199.0000	epsilon:                   0.0500	grad_norm:               933.3453
info_nce_loss:             0.6314	loss:                      2.9470	q_loss:                    2.6791	return_mean:              87.4544
return_std:               10.9159	test_ep_length_mean:     200.0000	test_episode_length_mean:199.0000	test_return_mean:         91.3943
test_return_std:          11.2726	
2026-06-07 06:02:52,191 - my_experiment - advP_HybridComm_5M_44 - my_run - INFO - t_env: 1850200 / 5050000
2026-06-07 06:02:52,192 - my_experiment - advP_HybridComm_5M_44 - my_run - INFO - Estimated time left: 15 hours, 39 minutes, 8 seconds. Time passed: 9 hours, 5 minutes, 59 seconds
2026-06-07 06:17:21,630 - my_experiment - advP_HybridComm_5M_44 - my_run - INFO - Recent Stats | t_env:    1900000 | Episode:     9500
ep_length_mean:          200.0000	episode_length_mean:     199.0000	epsilon:                   0.0500	grad_norm:               1007.5745
info_nce_loss:             0.3244	loss:                      3.1493	q_loss:                    2.8630	return_mean:              86.3916
return_std:               11.8799	test_ep_length_mean:     200.0000	test_episode_length_mean:199.0000	test_return_mean:         92.2194
test_return_std:          11.4745	
2026-06-07 06:17:24,377 - my_experiment - advP_HybridComm_5M_44 - my_run - INFO - t_env: 1900200 / 5050000
2026-06-07 06:17:24,378 - my_experiment - advP_HybridComm_5M_44 - my_run - INFO - Estimated time left: 15 hours, 15 minutes, 44 seconds. Time passed: 9 hours, 20 minutes, 32 seconds
2026-06-07 06:32:01,824 - my_experiment - advP_HybridComm_5M_44 - my_run - INFO - Recent Stats | t_env:    1950000 | Episode:     9750
ep_length_mean:          200.0000	episode_length_mean:     199.0000	epsilon:                   0.0500	grad_norm:               1144.5655
info_nce_loss:             0.1519	loss:                      4.5243	q_loss:                    4.1130	return_mean:              78.8532
return_std:               13.4542	test_ep_length_mean:     200.0000	test_episode_length_mean:199.0000	test_return_mean:         96.4365
test_return_std:          12.3233	
2026-06-07 06:32:04,575 - my_experiment - advP_HybridComm_5M_44 - my_run - INFO - t_env: 1950200 / 5050000
2026-06-07 06:32:04,576 - my_experiment - advP_HybridComm_5M_44 - my_run - INFO - Estimated time left: 15 hours, 9 minutes, 28 seconds. Time passed: 9 hours, 35 minutes, 12 seconds
2026-06-07 06:46:41,125 - my_experiment - advP_HybridComm_5M_44 - my_run - INFO - Recent Stats | t_env:    2000000 | Episode:    10000
ep_length_mean:          200.0000	episode_length_mean:     199.0000	epsilon:                   0.0500	grad_norm:               1356.2213
info_nce_loss:             0.4706	loss:                      3.9207	q_loss:                    3.5643	return_mean:              72.7252
return_std:               12.7965	test_ep_length_mean:     200.0000	test_episode_length_mean:199.0000	test_return_mean:         94.5872
test_return_std:          12.7835	
2026-06-07 06:46:43,751 - my_experiment - advP_HybridComm_5M_44 - my_run - INFO - t_env: 2000200 / 5050000
2026-06-07 06:46:43,752 - my_experiment - advP_HybridComm_5M_44 - my_run - INFO - Estimated time left: 14 hours, 53 minutes, 46 seconds. Time passed: 9 hours, 49 minutes, 51 seconds
2026-06-07 06:50:07,607 - my_experiment - advP_HybridComm_5M_44 - my_run - INFO - Saving models to work_dirs/my_experiment/advP_HybridComm_5M_44/my_run/20260606_205647/models/2000200
2026-06-07 07:01:24,719 - my_experiment - advP_HybridComm_5M_44 - my_run - INFO - Recent Stats | t_env:    2050000 | Episode:    10250
ep_length_mean:          200.0000	episode_length_mean:     199.0000	epsilon:                   0.0500	grad_norm:               2509.3080
info_nce_loss:             0.3437	loss:                      8.4828	q_loss:                    7.7116	return_mean:              73.1310
return_std:               12.6070	test_ep_length_mean:     200.0000	test_episode_length_mean:199.0000	test_return_mean:         94.7786
test_return_std:          13.1930	
2026-06-07 07:01:27,460 - my_experiment - advP_HybridComm_5M_44 - my_run - INFO - t_env: 2050200 / 5050000
2026-06-07 07:01:27,461 - my_experiment - advP_HybridComm_5M_44 - my_run - INFO - Estimated time left: 14 hours, 43 minutes, 38 seconds. Time passed: 10 hours, 4 minutes, 35 seconds
2026-06-07 07:16:11,943 - my_experiment - advP_HybridComm_5M_44 - my_run - INFO - Recent Stats | t_env:    2100000 | Episode:    10500
ep_length_mean:          200.0000	episode_length_mean:     199.0000	epsilon:                   0.0500	grad_norm:               649.4752
info_nce_loss:             0.2235	loss:                      2.8580	q_loss:                    2.5982	return_mean:              63.5011
return_std:               11.5272	test_ep_length_mean:     200.0000	test_episode_length_mean:199.0000	test_return_mean:         88.3474
test_return_std:          13.2191	
2026-06-07 07:16:14,741 - my_experiment - advP_HybridComm_5M_44 - my_run - INFO - t_env: 2100200 / 5050000
2026-06-07 07:16:14,742 - my_experiment - advP_HybridComm_5M_44 - my_run - INFO - Estimated time left: 14 hours, 32 minutes, 26 seconds. Time passed: 10 hours, 19 minutes, 22 seconds
2026-06-07 07:31:01,334 - my_experiment - advP_HybridComm_5M_44 - my_run - INFO - Recent Stats | t_env:    2150000 | Episode:    10750
ep_length_mean:          200.0000	episode_length_mean:     199.0000	epsilon:                   0.0500	grad_norm:               3542.3015
info_nce_loss:             0.3654	loss:                     12.0003	q_loss:                   10.9094	return_mean:              68.0223
return_std:               10.6982	test_ep_length_mean:     200.0000	test_episode_length_mean:199.0000	test_return_mean:         84.7497
test_return_std:          13.4200	
2026-06-07 07:31:03,981 - my_experiment - advP_HybridComm_5M_44 - my_run - INFO - t_env: 2150200 / 5050000
2026-06-07 07:31:03,982 - my_experiment - advP_HybridComm_5M_44 - my_run - INFO - Estimated time left: 14 hours, 19 minutes, 32 seconds. Time passed: 10 hours, 34 minutes, 11 seconds
2026-06-07 07:45:22,740 - my_experiment - advP_HybridComm_5M_44 - my_run - INFO - Recent Stats | t_env:    2200000 | Episode:    11000
ep_length_mean:          200.0000	episode_length_mean:     199.0000	epsilon:                   0.0500	grad_norm:               3227.6711
info_nce_loss:             0.3350	loss:                     14.5216	q_loss:                   13.2015	return_mean:              67.6185
return_std:               10.4836	test_ep_length_mean:     200.0000	test_episode_length_mean:199.0000	test_return_mean:         80.9298
test_return_std:          13.1152	
2026-06-07 07:45:25,376 - my_experiment - advP_HybridComm_5M_44 - my_run - INFO - t_env: 2200200 / 5050000
2026-06-07 07:45:25,377 - my_experiment - advP_HybridComm_5M_44 - my_run - INFO - Estimated time left: 13 hours, 38 minutes, 16 seconds. Time passed: 10 hours, 48 minutes, 33 seconds
2026-06-07 07:48:53,770 - my_experiment - advP_HybridComm_5M_44 - my_run - INFO - Saving models to work_dirs/my_experiment/advP_HybridComm_5M_44/my_run/20260606_205647/models/2200200
2026-06-07 08:00:12,748 - my_experiment - advP_HybridComm_5M_44 - my_run - INFO - Recent Stats | t_env:    2250000 | Episode:    11250
ep_length_mean:          200.0000	episode_length_mean:     199.0000	epsilon:                   0.0500	grad_norm:               1695.3599
info_nce_loss:             0.4089	loss:                      6.3559	q_loss:                    5.7781	return_mean:              66.9996
return_std:               11.9671	test_ep_length_mean:     200.0000	test_episode_length_mean:199.0000	test_return_mean:         79.8821
test_return_std:          12.4839	
2026-06-07 08:00:15,493 - my_experiment - advP_HybridComm_5M_44 - my_run - INFO - t_env: 2250200 / 5050000
2026-06-07 08:00:15,494 - my_experiment - advP_HybridComm_5M_44 - my_run - INFO - Estimated time left: 13 hours, 50 minutes, 43 seconds. Time passed: 11 hours, 3 minutes, 23 seconds
2026-06-07 08:14:54,702 - my_experiment - advP_HybridComm_5M_44 - my_run - INFO - Recent Stats | t_env:    2300000 | Episode:    11500
ep_length_mean:          200.0000	episode_length_mean:     199.0000	epsilon:                   0.0500	grad_norm:               952.8338
info_nce_loss:             0.2464	loss:                      5.9319	q_loss:                    5.3926	return_mean:              69.6478
return_std:               10.0660	test_ep_length_mean:     200.0000	test_episode_length_mean:199.0000	test_return_mean:         77.2124
test_return_std:          11.7802	
2026-06-07 08:14:57,451 - my_experiment - advP_HybridComm_5M_44 - my_run - INFO - t_env: 2300200 / 5050000
2026-06-07 08:14:57,452 - my_experiment - advP_HybridComm_5M_44 - my_run - INFO - Estimated time left: 13 hours, 28 minutes, 24 seconds. Time passed: 11 hours, 18 minutes, 5 seconds
2026-06-07 08:29:42,990 - my_experiment - advP_HybridComm_5M_44 - my_run - INFO - Recent Stats | t_env:    2350000 | Episode:    11750
ep_length_mean:          200.0000	episode_length_mean:     199.0000	epsilon:                   0.0500	grad_norm:               940.2765
info_nce_loss:             0.3021	loss:                      5.4311	q_loss:                    4.9374	return_mean:              67.9334
return_std:               11.5406	test_ep_length_mean:     200.0000	test_episode_length_mean:199.0000	test_return_mean:         77.2816
test_return_std:          11.3517	
2026-06-07 08:29:45,655 - my_experiment - advP_HybridComm_5M_44 - my_run - INFO - t_env: 2350200 / 5050000
2026-06-07 08:29:45,656 - my_experiment - advP_HybridComm_5M_44 - my_run - INFO - Estimated time left: 13 hours, 19 minutes, 19 seconds. Time passed: 11 hours, 32 minutes, 53 seconds
2026-06-07 08:44:23,122 - my_experiment - advP_HybridComm_5M_44 - my_run - INFO - Recent Stats | t_env:    2400000 | Episode:    12000
ep_length_mean:          200.0000	episode_length_mean:     199.0000	epsilon:                   0.0500	grad_norm:               1792.1329
info_nce_loss:             0.5294	loss:                      9.4649	q_loss:                    8.6044	return_mean:              68.8258
return_std:               12.0520	test_ep_length_mean:     200.0000	test_episode_length_mean:199.0000	test_return_mean:         76.8974
test_return_std:          10.8842	
2026-06-07 08:44:25,871 - my_experiment - advP_HybridComm_5M_44 - my_run - INFO - t_env: 2400200 / 5050000
2026-06-07 08:44:25,872 - my_experiment - advP_HybridComm_5M_44 - my_run - INFO - Estimated time left: 12 hours, 57 minutes, 27 seconds. Time passed: 11 hours, 47 minutes, 33 seconds
2026-06-07 08:47:55,460 - my_experiment - advP_HybridComm_5M_44 - my_run - INFO - Saving models to work_dirs/my_experiment/advP_HybridComm_5M_44/my_run/20260606_205647/models/2400200
2026-06-07 08:59:12,668 - my_experiment - advP_HybridComm_5M_44 - my_run - INFO - Recent Stats | t_env:    2450000 | Episode:    12250
ep_length_mean:          200.0000	episode_length_mean:     199.0000	epsilon:                   0.0500	grad_norm:               642.8471
info_nce_loss:             0.4388	loss:                      2.5046	q_loss:                    2.2769	return_mean:              70.7699
return_std:               14.1582	test_ep_length_mean:     200.0000	test_episode_length_mean:199.0000	test_return_mean:         77.8471
test_return_std:          10.8674	
2026-06-07 08:59:15,297 - my_experiment - advP_HybridComm_5M_44 - my_run - INFO - t_env: 2450200 / 5050000
2026-06-07 08:59:15,298 - my_experiment - advP_HybridComm_5M_44 - my_run - INFO - Estimated time left: 12 hours, 50 minutes, 46 seconds. Time passed: 12 hours, 2 minutes, 23 seconds
2026-06-07 09:14:01,396 - my_experiment - advP_HybridComm_5M_44 - my_run - INFO - Recent Stats | t_env:    2500000 | Episode:    12500
ep_length_mean:          200.0000	episode_length_mean:     199.0000	epsilon:                   0.0500	grad_norm:               624.2768
info_nce_loss:             0.2925	loss:                      2.4521	q_loss:                    2.2291	return_mean:              71.6532
return_std:               13.2610	test_ep_length_mean:     200.0000	test_episode_length_mean:199.0000	test_return_mean:         78.5409
test_return_std:          11.1024	
2026-06-07 09:14:04,141 - my_experiment - advP_HybridComm_5M_44 - my_run - INFO - t_env: 2500200 / 5050000
2026-06-07 09:14:04,142 - my_experiment - advP_HybridComm_5M_44 - my_run - INFO - Estimated time left: 12 hours, 35 minutes, 27 seconds. Time passed: 12 hours, 17 minutes, 11 seconds
2026-06-07 09:28:46,988 - my_experiment - advP_HybridComm_5M_44 - my_run - INFO - Recent Stats | t_env:    2550000 | Episode:    12750
ep_length_mean:          200.0000	episode_length_mean:     199.0000	epsilon:                   0.0500	grad_norm:               1066.9960
info_nce_loss:             0.1806	loss:                      9.1381	q_loss:                    8.3074	return_mean:              75.0292
return_std:               13.0332	test_ep_length_mean:     200.0000	test_episode_length_mean:199.0000	test_return_mean:         81.7520
test_return_std:          11.0254	
2026-06-07 09:28:49,728 - my_experiment - advP_HybridComm_5M_44 - my_run - INFO - t_env: 2550200 / 5050000
2026-06-07 09:28:49,729 - my_experiment - advP_HybridComm_5M_44 - my_run - INFO - Estimated time left: 12 hours, 17 minutes, 55 seconds. Time passed: 12 hours, 31 minutes, 57 seconds
2026-06-07 09:43:21,530 - my_experiment - advP_HybridComm_5M_44 - my_run - INFO - Recent Stats | t_env:    2600000 | Episode:    13000
ep_length_mean:          200.0000	episode_length_mean:     199.0000	epsilon:                   0.0500	grad_norm:               677.1695
info_nce_loss:             0.3625	loss:                      3.4257	q_loss:                    3.1142	return_mean:              77.4113
return_std:               12.1177	test_ep_length_mean:     200.0000	test_episode_length_mean:199.0000	test_return_mean:         84.3506
test_return_std:          11.8195	
2026-06-07 09:43:24,281 - my_experiment - advP_HybridComm_5M_44 - my_run - INFO - t_env: 2600200 / 5050000
2026-06-07 09:43:24,282 - my_experiment - advP_HybridComm_5M_44 - my_run - INFO - Estimated time left: 11 hours, 54 minutes, 9 seconds. Time passed: 12 hours, 46 minutes, 32 seconds
2026-06-07 09:46:54,074 - my_experiment - advP_HybridComm_5M_44 - my_run - INFO - Saving models to work_dirs/my_experiment/advP_HybridComm_5M_44/my_run/20260606_205647/models/2600200
2026-06-07 09:58:15,024 - my_experiment - advP_HybridComm_5M_44 - my_run - INFO - Recent Stats | t_env:    2650000 | Episode:    13250
ep_length_mean:          200.0000	episode_length_mean:     199.0000	epsilon:                   0.0500	grad_norm:               1160.7669
info_nce_loss:             0.3480	loss:                      4.4002	q_loss:                    4.0002	return_mean:              71.1290
return_std:               14.3214	test_ep_length_mean:     200.0000	test_episode_length_mean:199.0000	test_return_mean:         83.1720
test_return_std:          12.0477	
2026-06-07 09:58:17,773 - my_experiment - advP_HybridComm_5M_44 - my_run - INFO - t_env: 2650200 / 5050000
2026-06-07 09:58:17,774 - my_experiment - advP_HybridComm_5M_44 - my_run - INFO - Estimated time left: 11 hours, 54 minutes, 44 seconds. Time passed: 13 hours, 1 minutes, 25 seconds
2026-06-07 10:12:49,237 - my_experiment - advP_HybridComm_5M_44 - my_run - INFO - Recent Stats | t_env:    2700000 | Episode:    13500
ep_length_mean:          200.0000	episode_length_mean:     199.0000	epsilon:                   0.0500	grad_norm:               896.2285
info_nce_loss:             0.1779	loss:                      3.1602	q_loss:                    2.8729	return_mean:              76.1940
return_std:               14.6815	test_ep_length_mean:     200.0000	test_episode_length_mean:199.0000	test_return_mean:         84.0082
test_return_std:          12.4295	
2026-06-07 10:12:51,967 - my_experiment - advP_HybridComm_5M_44 - my_run - INFO - t_env: 2700200 / 5050000
2026-06-07 10:12:51,968 - my_experiment - advP_HybridComm_5M_44 - my_run - INFO - Estimated time left: 11 hours, 24 minutes, 43 seconds. Time passed: 13 hours, 15 minutes, 59 seconds
2026-06-07 10:27:38,067 - my_experiment - advP_HybridComm_5M_44 - my_run - INFO - Recent Stats | t_env:    2750000 | Episode:    13750
ep_length_mean:          200.0000	episode_length_mean:     199.0000	epsilon:                   0.0500	grad_norm:               3175.9033
info_nce_loss:             0.4798	loss:                     15.3612	q_loss:                   13.9647	return_mean:              76.2032
return_std:               13.3517	test_ep_length_mean:     200.0000	test_episode_length_mean:199.0000	test_return_mean:         86.2112
test_return_std:          12.1886	
2026-06-07 10:27:40,868 - my_experiment - advP_HybridComm_5M_44 - my_run - INFO - t_env: 2750200 / 5050000
2026-06-07 10:27:40,869 - my_experiment - advP_HybridComm_5M_44 - my_run - INFO - Estimated time left: 11 hours, 21 minutes, 25 seconds. Time passed: 13 hours, 30 minutes, 48 seconds
2026-06-07 10:42:23,477 - my_experiment - advP_HybridComm_5M_44 - my_run - INFO - Recent Stats | t_env:    2800000 | Episode:    14000
ep_length_mean:          200.0000	episode_length_mean:     199.0000	epsilon:                   0.0500	grad_norm:               1488.3016
info_nce_loss:             0.5157	loss:                      5.1870	q_loss:                    4.7155	return_mean:              72.9355
return_std:               11.6908	test_ep_length_mean:     200.0000	test_episode_length_mean:199.0000	test_return_mean:         84.8073
test_return_std:          12.3491	
2026-06-07 10:42:26,223 - my_experiment - advP_HybridComm_5M_44 - my_run - INFO - t_env: 2800200 / 5050000
2026-06-07 10:42:26,224 - my_experiment - advP_HybridComm_5M_44 - my_run - INFO - Estimated time left: 11 hours, 3 minutes, 57 seconds. Time passed: 13 hours, 45 minutes, 34 seconds
2026-06-07 10:45:56,082 - my_experiment - advP_HybridComm_5M_44 - my_run - INFO - Saving models to work_dirs/my_experiment/advP_HybridComm_5M_44/my_run/20260606_205647/models/2800200
2026-06-07 10:57:04,566 - my_experiment - advP_HybridComm_5M_44 - my_run - INFO - Recent Stats | t_env:    2850000 | Episode:    14250
ep_length_mean:          200.0000	episode_length_mean:     199.0000	epsilon:                   0.0500	grad_norm:               553.4977
info_nce_loss:             0.1446	loss:                      2.1731	q_loss:                    1.9755	return_mean:              80.8161
return_std:               11.3709	test_ep_length_mean:     200.0000	test_episode_length_mean:199.0000	test_return_mean:         85.4743
test_return_std:          12.0775	
2026-06-07 10:57:07,238 - my_experiment - advP_HybridComm_5M_44 - my_run - INFO - t_env: 2850200 / 5050000
2026-06-07 10:57:07,239 - my_experiment - advP_HybridComm_5M_44 - my_run - INFO - Estimated time left: 10 hours, 46 minutes, 1 seconds. Time passed: 14 hours, 15 seconds
2026-06-07 11:11:38,449 - my_experiment - advP_HybridComm_5M_44 - my_run - INFO - Recent Stats | t_env:    2900000 | Episode:    14500
ep_length_mean:          200.0000	episode_length_mean:     199.0000	epsilon:                   0.0500	grad_norm:               564.8699
info_nce_loss:             0.4012	loss:                      2.1774	q_loss:                    1.9795	return_mean:              82.2850
return_std:               11.7770	test_ep_length_mean:     200.0000	test_episode_length_mean:199.0000	test_return_mean:         89.2370
test_return_std:          12.1749	
2026-06-07 11:11:41,197 - my_experiment - advP_HybridComm_5M_44 - my_run - INFO - t_env: 2900200 / 5050000
2026-06-07 11:11:41,198 - my_experiment - advP_HybridComm_5M_44 - my_run - INFO - Estimated time left: 10 hours, 26 minutes, 16 seconds. Time passed: 14 hours, 14 minutes, 48 seconds
2026-06-07 11:26:32,133 - my_experiment - advP_HybridComm_5M_44 - my_run - INFO - Recent Stats | t_env:    2950000 | Episode:    14750
ep_length_mean:          200.0000	episode_length_mean:     199.0000	epsilon:                   0.0500	grad_norm:               585.2388
info_nce_loss:             0.1296	loss:                      2.2021	q_loss:                    2.0019	return_mean:              80.3129
return_std:               11.6197	test_ep_length_mean:     200.0000	test_episode_length_mean:199.0000	test_return_mean:         90.8318
test_return_std:          12.0591	
2026-06-07 11:26:34,883 - my_experiment - advP_HybridComm_5M_44 - my_run - INFO - t_env: 2950200 / 5050000
2026-06-07 11:26:34,884 - my_experiment - advP_HybridComm_5M_44 - my_run - INFO - Estimated time left: 10 hours, 25 minutes, 31 seconds. Time passed: 14 hours, 29 minutes, 42 seconds
2026-06-07 11:41:25,039 - my_experiment - advP_HybridComm_5M_44 - my_run - INFO - Recent Stats | t_env:    3000000 | Episode:    15000
ep_length_mean:          200.0000	episode_length_mean:     199.0000	epsilon:                   0.0500	grad_norm:               656.1953
info_nce_loss:             0.3894	loss:                      2.4684	q_loss:                    2.2440	return_mean:              82.7117
return_std:               11.2976	test_ep_length_mean:     200.0000	test_episode_length_mean:199.0000	test_return_mean:         90.5075
test_return_std:          11.9853	
2026-06-07 11:41:27,788 - my_experiment - advP_HybridComm_5M_44 - my_run - INFO - t_env: 3000200 / 5050000
2026-06-07 11:41:27,789 - my_experiment - advP_HybridComm_5M_44 - my_run - INFO - Estimated time left: 10 hours, 10 minutes, 5 seconds. Time passed: 14 hours, 44 minutes, 35 seconds
2026-06-07 11:44:57,173 - my_experiment - advP_HybridComm_5M_44 - my_run - INFO - Saving models to work_dirs/my_experiment/advP_HybridComm_5M_44/my_run/20260606_205647/models/3000200
2026-06-07 11:56:11,663 - my_experiment - advP_HybridComm_5M_44 - my_run - INFO - Recent Stats | t_env:    3050000 | Episode:    15250
ep_length_mean:          200.0000	episode_length_mean:     199.0000	epsilon:                   0.0500	grad_norm:               614.1998
info_nce_loss:             0.1922	loss:                      2.2930	q_loss:                    2.0846	return_mean:              84.2985
return_std:               10.9938	test_ep_length_mean:     200.0000	test_episode_length_mean:199.0000	test_return_mean:         93.5456
test_return_std:          12.1416	
2026-06-07 11:56:14,338 - my_experiment - advP_HybridComm_5M_44 - my_run - INFO - t_env: 3050200 / 5050000
2026-06-07 11:56:14,339 - my_experiment - advP_HybridComm_5M_44 - my_run - INFO - Estimated time left: 9 hours, 50 minutes, 58 seconds. Time passed: 14 hours, 59 minutes, 22 seconds
2026-06-07 12:10:50,965 - my_experiment - advP_HybridComm_5M_44 - my_run - INFO - Recent Stats | t_env:    3100000 | Episode:    15500
ep_length_mean:          200.0000	episode_length_mean:     199.0000	epsilon:                   0.0500	grad_norm:               439.6339
info_nce_loss:             0.2408	loss:                      2.4014	q_loss:                    2.1830	return_mean:              81.9460
return_std:               11.3072	test_ep_length_mean:     200.0000	test_episode_length_mean:199.0000	test_return_mean:         94.8403
test_return_std:          12.6155	
2026-06-07 12:10:53,768 - my_experiment - advP_HybridComm_5M_44 - my_run - INFO - t_env: 3100200 / 5050000
2026-06-07 12:10:53,769 - my_experiment - advP_HybridComm_5M_44 - my_run - INFO - Estimated time left: 9 hours, 31 minutes, 34 seconds. Time passed: 15 hours, 14 minutes, 1 seconds
2026-06-07 12:25:30,984 - my_experiment - advP_HybridComm_5M_44 - my_run - INFO - Recent Stats | t_env:    3150000 | Episode:    15750
ep_length_mean:          200.0000	episode_length_mean:     199.0000	epsilon:                   0.0500	grad_norm:               753.7690
info_nce_loss:             0.3067	loss:                      4.2967	q_loss:                    3.9061	return_mean:              80.1901
return_std:               11.9997	test_ep_length_mean:     200.0000	test_episode_length_mean:199.0000	test_return_mean:         91.5027
test_return_std:          12.2846	
2026-06-07 12:25:33,729 - my_experiment - advP_HybridComm_5M_44 - my_run - INFO - t_env: 3150200 / 5050000
2026-06-07 12:25:33,730 - my_experiment - advP_HybridComm_5M_44 - my_run - INFO - Estimated time left: 9 hours, 17 minutes, 14 seconds. Time passed: 15 hours, 28 minutes, 41 seconds
2026-06-07 12:40:07,202 - my_experiment - advP_HybridComm_5M_44 - my_run - INFO - Recent Stats | t_env:    3200000 | Episode:    16000
ep_length_mean:          200.0000	episode_length_mean:     199.0000	epsilon:                   0.0500	grad_norm:               802.4813
info_nce_loss:             0.1842	loss:                      3.2677	q_loss:                    2.9706	return_mean:              82.5151
return_std:               10.9581	test_ep_length_mean:     200.0000	test_episode_length_mean:199.0000	test_return_mean:         91.1488
test_return_std:          12.1010	
2026-06-07 12:40:09,951 - my_experiment - advP_HybridComm_5M_44 - my_run - INFO - t_env: 3200200 / 5050000
2026-06-07 12:40:09,952 - my_experiment - advP_HybridComm_5M_44 - my_run - INFO - Estimated time left: 9 hours, 16 seconds. Time passed: 15 hours, 43 minutes, 17 seconds
2026-06-07 12:43:39,838 - my_experiment - advP_HybridComm_5M_44 - my_run - INFO - Saving models to work_dirs/my_experiment/advP_HybridComm_5M_44/my_run/20260606_205647/models/3200200
2026-06-07 12:54:58,497 - my_experiment - advP_HybridComm_5M_44 - my_run - INFO - Recent Stats | t_env:    3250000 | Episode:    16250
ep_length_mean:          200.0000	episode_length_mean:     199.0000	epsilon:                   0.0500	grad_norm:               1234.1829
info_nce_loss:             0.1312	loss:                      6.2325	q_loss:                    5.6659	return_mean:              76.4653
return_std:               11.2309	test_ep_length_mean:     200.0000	test_episode_length_mean:199.0000	test_return_mean:         91.1461
test_return_std:          12.5282	
2026-06-07 12:55:01,122 - my_experiment - advP_HybridComm_5M_44 - my_run - INFO - t_env: 3250200 / 5050000
2026-06-07 12:55:01,123 - my_experiment - advP_HybridComm_5M_44 - my_run - INFO - Estimated time left: 8 hours, 54 minutes, 38 seconds. Time passed: 15 hours, 58 minutes, 8 seconds
2026-06-07 13:09:42,105 - my_experiment - advP_HybridComm_5M_44 - my_run - INFO - Recent Stats | t_env:    3300000 | Episode:    16500
ep_length_mean:          200.0000	episode_length_mean:     199.0000	epsilon:                   0.0500	grad_norm:               759.1934
info_nce_loss:             0.0864	loss:                      3.9467	q_loss:                    3.5879	return_mean:              71.1673
return_std:               11.6356	test_ep_length_mean:     200.0000	test_episode_length_mean:199.0000	test_return_mean:         89.7192
test_return_std:          12.4900	
2026-06-07 13:09:44,848 - my_experiment - advP_HybridComm_5M_44 - my_run - INFO - t_env: 3300200 / 5050000
2026-06-07 13:09:44,849 - my_experiment - advP_HybridComm_5M_44 - my_run - INFO - Estimated time left: 8 hours, 35 minutes, 26 seconds. Time passed: 16 hours, 12 minutes, 52 seconds
2026-06-07 13:23:49,299 - my_experiment - advP_HybridComm_5M_44 - my_run - INFO - Recent Stats | t_env:    3350000 | Episode:    16750
ep_length_mean:          200.0000	episode_length_mean:     199.0000	epsilon:                   0.0500	grad_norm:               559.7742
info_nce_loss:             0.2297	loss:                      3.0160	q_loss:                    2.7418	return_mean:              80.3725
return_std:               11.4243	test_ep_length_mean:     200.0000	test_episode_length_mean:199.0000	test_return_mean:         88.7890
test_return_std:          12.1260	
2026-06-07 13:23:51,845 - my_experiment - advP_HybridComm_5M_44 - my_run - INFO - t_env: 3350200 / 5050000
2026-06-07 13:23:51,845 - my_experiment - advP_HybridComm_5M_44 - my_run - INFO - Estimated time left: 7 hours, 59 minutes, 54 seconds. Time passed: 16 hours, 26 minutes, 59 seconds
2026-06-07 13:37:34,944 - my_experiment - advP_HybridComm_5M_44 - my_run - INFO - Recent Stats | t_env:    3400000 | Episode:    17000
ep_length_mean:          200.0000	episode_length_mean:     199.0000	epsilon:                   0.0500	grad_norm:               810.1083
info_nce_loss:             0.1954	loss:                      5.4831	q_loss:                    4.9847	return_mean:              78.7170
return_std:               11.5038	test_ep_length_mean:     200.0000	test_episode_length_mean:199.0000	test_return_mean:         92.5905
test_return_std:          12.8760	
2026-06-07 13:37:37,487 - my_experiment - advP_HybridComm_5M_44 - my_run - INFO - t_env: 3400200 / 5050000
2026-06-07 13:37:37,488 - my_experiment - advP_HybridComm_5M_44 - my_run - INFO - Estimated time left: 7 hours, 34 minutes, 2 seconds. Time passed: 16 hours, 40 minutes, 45 seconds
2026-06-07 13:40:51,055 - my_experiment - advP_HybridComm_5M_44 - my_run - INFO - Saving models to work_dirs/my_experiment/advP_HybridComm_5M_44/my_run/20260606_205647/models/3400200
2026-06-07 13:51:20,357 - my_experiment - advP_HybridComm_5M_44 - my_run - INFO - Recent Stats | t_env:    3450000 | Episode:    17250
ep_length_mean:          200.0000	episode_length_mean:     199.0000	epsilon:                   0.0500	grad_norm:               503.9811
info_nce_loss:             0.2082	loss:                      3.8063	q_loss:                    3.4603	return_mean:              76.7478
return_std:               10.9125	test_ep_length_mean:     200.0000	test_episode_length_mean:199.0000	test_return_mean:         91.4414
test_return_std:          12.6496	
2026-06-07 13:51:22,905 - my_experiment - advP_HybridComm_5M_44 - my_run - INFO - t_env: 3450200 / 5050000
2026-06-07 13:51:22,906 - my_experiment - advP_HybridComm_5M_44 - my_run - INFO - Estimated time left: 7 hours, 20 minutes, 10 seconds. Time passed: 16 hours, 54 minutes, 30 seconds
2026-06-07 14:05:04,377 - my_experiment - advP_HybridComm_5M_44 - my_run - INFO - Recent Stats | t_env:    3500000 | Episode:    17500
ep_length_mean:          200.0000	episode_length_mean:     199.0000	epsilon:                   0.0500	grad_norm:               546.2404
info_nce_loss:             0.2018	loss:                      3.7817	q_loss:                    3.4379	return_mean:              75.3084
return_std:               12.8578	test_ep_length_mean:     200.0000	test_episode_length_mean:199.0000	test_return_mean:         90.7201
test_return_std:          12.3463	
2026-06-07 14:05:06,920 - my_experiment - advP_HybridComm_5M_44 - my_run - INFO - t_env: 3500200 / 5050000
2026-06-07 14:05:06,920 - my_experiment - advP_HybridComm_5M_44 - my_run - INFO - Estimated time left: 7 hours, 5 minutes, 41 seconds. Time passed: 17 hours, 8 minutes, 14 seconds
2026-06-07 14:18:51,028 - my_experiment - advP_HybridComm_5M_44 - my_run - INFO - Recent Stats | t_env:    3550000 | Episode:    17750
ep_length_mean:          200.0000	episode_length_mean:     199.0000	epsilon:                   0.0500	grad_norm:               737.7193
info_nce_loss:             0.2508	loss:                      4.0824	q_loss:                    3.7113	return_mean:              74.0153
return_std:               14.5659	test_ep_length_mean:     200.0000	test_episode_length_mean:199.0000	test_return_mean:         90.2056
test_return_std:          11.9570	
2026-06-07 14:18:53,574 - my_experiment - advP_HybridComm_5M_44 - my_run - INFO - t_env: 3550200 / 5050000
2026-06-07 14:18:53,574 - my_experiment - advP_HybridComm_5M_44 - my_run - INFO - Estimated time left: 6 hours, 53 minutes, 16 seconds. Time passed: 17 hours, 22 minutes, 1 seconds
2026-06-07 14:32:40,945 - my_experiment - advP_HybridComm_5M_44 - my_run - INFO - Recent Stats | t_env:    3600000 | Episode:    18000
ep_length_mean:          200.0000	episode_length_mean:     199.0000	epsilon:                   0.0500	grad_norm:               340.1879
info_nce_loss:             0.4205	loss:                      2.2273	q_loss:                    2.0248	return_mean:              82.5588
return_std:               11.4168	test_ep_length_mean:     200.0000	test_episode_length_mean:199.0000	test_return_mean:         90.6546
test_return_std:          11.9516	
2026-06-07 14:32:43,497 - my_experiment - advP_HybridComm_5M_44 - my_run - INFO - t_env: 3600200 / 5050000
2026-06-07 14:32:43,498 - my_experiment - advP_HybridComm_5M_44 - my_run - INFO - Estimated time left: 6 hours, 41 minutes, 4 seconds. Time passed: 17 hours, 35 minutes, 51 seconds
2026-06-07 14:35:57,350 - my_experiment - advP_HybridComm_5M_44 - my_run - INFO - Saving models to work_dirs/my_experiment/advP_HybridComm_5M_44/my_run/20260606_205647/models/3600200
2026-06-07 14:46:30,206 - my_experiment - advP_HybridComm_5M_44 - my_run - INFO - Recent Stats | t_env:    3650000 | Episode:    18250
ep_length_mean:          200.0000	episode_length_mean:     199.0000	epsilon:                   0.0500	grad_norm:               414.2067
info_nce_loss:             0.2371	loss:                      2.8800	q_loss:                    2.6182	return_mean:              80.7058
return_std:               10.9690	test_ep_length_mean:     200.0000	test_episode_length_mean:199.0000	test_return_mean:         88.4365
test_return_std:          11.6105	
2026-06-07 14:46:32,758 - my_experiment - advP_HybridComm_5M_44 - my_run - INFO - t_env: 3650200 / 5050000
2026-06-07 14:46:32,759 - my_experiment - advP_HybridComm_5M_44 - my_run - INFO - Estimated time left: 6 hours, 26 minutes, 55 seconds. Time passed: 17 hours, 49 minutes, 40 seconds
2026-06-07 15:00:19,086 - my_experiment - advP_HybridComm_5M_44 - my_run - INFO - Recent Stats | t_env:    3700000 | Episode:    18500
ep_length_mean:          200.0000	episode_length_mean:     199.0000	epsilon:                   0.0500	grad_norm:               446.4852
info_nce_loss:             0.2865	loss:                      2.8005	q_loss:                    2.5459	return_mean:              82.6477
return_std:               10.8234	test_ep_length_mean:     200.0000	test_episode_length_mean:199.0000	test_return_mean:         89.0532
test_return_std:          11.3954	
2026-06-07 15:00:21,646 - my_experiment - advP_HybridComm_5M_44 - my_run - INFO - t_env: 3700200 / 5050000
2026-06-07 15:00:21,647 - my_experiment - advP_HybridComm_5M_44 - my_run - INFO - Estimated time left: 6 hours, 12 minutes, 56 seconds. Time passed: 18 hours, 3 minutes, 29 seconds
2026-06-07 15:14:06,107 - my_experiment - advP_HybridComm_5M_44 - my_run - INFO - Recent Stats | t_env:    3750000 | Episode:    18750
ep_length_mean:          200.0000	episode_length_mean:     199.0000	epsilon:                   0.0500	grad_norm:               701.4428
info_nce_loss:             0.2991	loss:                      5.4286	q_loss:                    4.9351	return_mean:              76.8073
return_std:               11.1734	test_ep_length_mean:     200.0000	test_episode_length_mean:199.0000	test_return_mean:         89.0086
test_return_std:          10.9082	
2026-06-07 15:14:08,658 - my_experiment - advP_HybridComm_5M_44 - my_run - INFO - t_env: 3750200 / 5050000
2026-06-07 15:14:08,659 - my_experiment - advP_HybridComm_5M_44 - my_run - INFO - Estimated time left: 5 hours, 58 minutes, 19 seconds. Time passed: 18 hours, 17 minutes, 16 seconds
2026-06-07 15:27:52,997 - my_experiment - advP_HybridComm_5M_44 - my_run - INFO - Recent Stats | t_env:    3800000 | Episode:    19000
ep_length_mean:          200.0000	episode_length_mean:     199.0000	epsilon:                   0.0500	grad_norm:               1049.8027
info_nce_loss:             0.2130	loss:                      6.1657	q_loss:                    5.6052	return_mean:              76.2934
return_std:               11.4022	test_ep_length_mean:     200.0000	test_episode_length_mean:199.0000	test_return_mean:         87.1916
test_return_std:          11.5878	
2026-06-07 15:27:55,532 - my_experiment - advP_HybridComm_5M_44 - my_run - INFO - t_env: 3800200 / 5050000
2026-06-07 15:27:55,533 - my_experiment - advP_HybridComm_5M_44 - my_run - INFO - Estimated time left: 5 hours, 44 minutes, 28 seconds. Time passed: 18 hours, 31 minutes, 3 seconds
2026-06-07 15:31:09,999 - my_experiment - advP_HybridComm_5M_44 - my_run - INFO - Saving models to work_dirs/my_experiment/advP_HybridComm_5M_44/my_run/20260606_205647/models/3800200
2026-06-07 15:41:42,303 - my_experiment - advP_HybridComm_5M_44 - my_run - INFO - Recent Stats | t_env:    3850000 | Episode:    19250
ep_length_mean:          200.0000	episode_length_mean:     199.0000	epsilon:                   0.0500	grad_norm:               421.8370
info_nce_loss:             0.1861	loss:                      2.7107	q_loss:                    2.4643	return_mean:              78.7575
return_std:               10.5661	test_ep_length_mean:     200.0000	test_episode_length_mean:199.0000	test_return_mean:         85.8937
test_return_std:          11.4459	
2026-06-07 15:41:44,863 - my_experiment - advP_HybridComm_5M_44 - my_run - INFO - t_env: 3850200 / 5050000
2026-06-07 15:41:44,864 - my_experiment - advP_HybridComm_5M_44 - my_run - INFO - Estimated time left: 5 hours, 31 minutes, 40 seconds. Time passed: 18 hours, 44 minutes, 52 seconds
2026-06-07 15:55:34,855 - my_experiment - advP_HybridComm_5M_44 - my_run - INFO - Recent Stats | t_env:    3900000 | Episode:    19500
ep_length_mean:          200.0000	episode_length_mean:     199.0000	epsilon:                   0.0500	grad_norm:               410.5590
info_nce_loss:             0.2197	loss:                      2.8587	q_loss:                    2.5988	return_mean:              82.4848
return_std:               10.4032	test_ep_length_mean:     200.0000	test_episode_length_mean:199.0000	test_return_mean:         88.2166
test_return_std:          11.6183	
2026-06-07 15:55:37,391 - my_experiment - advP_HybridComm_5M_44 - my_run - INFO - t_env: 3900200 / 5050000
2026-06-07 15:55:37,392 - my_experiment - advP_HybridComm_5M_44 - my_run - INFO - Estimated time left: 5 hours, 19 minutes, 4 seconds. Time passed: 18 hours, 58 minutes, 45 seconds
2026-06-07 16:09:22,138 - my_experiment - advP_HybridComm_5M_44 - my_run - INFO - Recent Stats | t_env:    3950000 | Episode:    19750
ep_length_mean:          200.0000	episode_length_mean:     199.0000	epsilon:                   0.0500	grad_norm:               248.2690
info_nce_loss:             0.0860	loss:                      2.6518	q_loss:                    2.4108	return_mean:              83.4425
return_std:               10.0802	test_ep_length_mean:     200.0000	test_episode_length_mean:199.0000	test_return_mean:         88.2829
test_return_std:          11.7661	
2026-06-07 16:09:24,731 - my_experiment - advP_HybridComm_5M_44 - my_run - INFO - t_env: 3950200 / 5050000
2026-06-07 16:09:24,732 - my_experiment - advP_HybridComm_5M_44 - my_run - INFO - Estimated time left: 5 hours, 3 minutes, 18 seconds. Time passed: 19 hours, 12 minutes, 32 seconds
2026-06-07 16:23:09,177 - my_experiment - advP_HybridComm_5M_44 - my_run - INFO - Recent Stats | t_env:    4000000 | Episode:    20000
ep_length_mean:          200.0000	episode_length_mean:     199.0000	epsilon:                   0.0500	grad_norm:               250.1405
info_nce_loss:             0.1091	loss:                      2.3910	q_loss:                    2.1737	return_mean:              81.7729
return_std:               10.1467	test_ep_length_mean:     200.0000	test_episode_length_mean:199.0000	test_return_mean:         88.1885
test_return_std:          12.0461	
2026-06-07 16:23:11,701 - my_experiment - advP_HybridComm_5M_44 - my_run - INFO - t_env: 4000200 / 5050000
2026-06-07 16:23:11,701 - my_experiment - advP_HybridComm_5M_44 - my_run - INFO - Estimated time left: 4 hours, 49 minutes, 23 seconds. Time passed: 19 hours, 26 minutes, 19 seconds
2026-06-07 16:26:25,570 - my_experiment - advP_HybridComm_5M_44 - my_run - INFO - Saving models to work_dirs/my_experiment/advP_HybridComm_5M_44/my_run/20260606_205647/models/4000200
2026-06-07 16:36:55,369 - my_experiment - advP_HybridComm_5M_44 - my_run - INFO - Recent Stats | t_env:    4050000 | Episode:    20250
ep_length_mean:          200.0000	episode_length_mean:     199.0000	epsilon:                   0.0500	grad_norm:               272.6649
info_nce_loss:             0.2268	loss:                      2.4957	q_loss:                    2.2688	return_mean:              84.2394
return_std:                9.7864	test_ep_length_mean:     200.0000	test_episode_length_mean:199.0000	test_return_mean:         91.4217
test_return_std:          11.5541	
2026-06-07 16:36:57,905 - my_experiment - advP_HybridComm_5M_44 - my_run - INFO - t_env: 4050200 / 5050000
2026-06-07 16:36:57,906 - my_experiment - advP_HybridComm_5M_44 - my_run - INFO - Estimated time left: 4 hours, 35 minutes, 20 seconds. Time passed: 19 hours, 40 minutes, 5 seconds
2026-06-07 16:50:43,273 - my_experiment - advP_HybridComm_5M_44 - my_run - INFO - Recent Stats | t_env:    4100000 | Episode:    20500
ep_length_mean:          200.0000	episode_length_mean:     199.0000	epsilon:                   0.0500	grad_norm:               285.0703
info_nce_loss:             0.1646	loss:                      2.5383	q_loss:                    2.3076	return_mean:              85.1567
return_std:               10.7464	test_ep_length_mean:     200.0000	test_episode_length_mean:199.0000	test_return_mean:         93.3868
test_return_std:          11.2709	
2026-06-07 16:50:45,870 - my_experiment - advP_HybridComm_5M_44 - my_run - INFO - t_env: 4100200 / 5050000
2026-06-07 16:50:45,871 - my_experiment - advP_HybridComm_5M_44 - my_run - INFO - Estimated time left: 4 hours, 22 minutes, 8 seconds. Time passed: 19 hours, 53 minutes, 53 seconds
2026-06-07 17:04:29,789 - my_experiment - advP_HybridComm_5M_44 - my_run - INFO - Recent Stats | t_env:    4150000 | Episode:    20750
ep_length_mean:          200.0000	episode_length_mean:     199.0000	epsilon:                   0.0500	grad_norm:               303.4135
info_nce_loss:             0.2111	loss:                      2.6939	q_loss:                    2.4490	return_mean:              85.4019
return_std:               12.3019	test_ep_length_mean:     200.0000	test_episode_length_mean:199.0000	test_return_mean:         93.2179
test_return_std:          11.1883	
2026-06-07 17:04:32,339 - my_experiment - advP_HybridComm_5M_44 - my_run - INFO - t_env: 4150200 / 5050000
2026-06-07 17:04:32,340 - my_experiment - advP_HybridComm_5M_44 - my_run - INFO - Estimated time left: 4 hours, 7 minutes, 53 seconds. Time passed: 20 hours, 7 minutes, 40 seconds
2026-06-07 17:18:16,003 - my_experiment - advP_HybridComm_5M_44 - my_run - INFO - Recent Stats | t_env:    4200000 | Episode:    21000
ep_length_mean:          200.0000	episode_length_mean:     199.0000	epsilon:                   0.0500	grad_norm:               244.3510
info_nce_loss:             0.1119	loss:                      2.3581	q_loss:                    2.1437	return_mean:              87.5263
return_std:               11.6265	test_ep_length_mean:     200.0000	test_episode_length_mean:199.0000	test_return_mean:         95.2803
test_return_std:          11.5755	
2026-06-07 17:18:18,532 - my_experiment - advP_HybridComm_5M_44 - my_run - INFO - t_env: 4200200 / 5050000
2026-06-07 17:18:18,533 - my_experiment - advP_HybridComm_5M_44 - my_run - INFO - Estimated time left: 3 hours, 54 minutes, 1 seconds. Time passed: 20 hours, 21 minutes, 26 seconds
2026-06-07 17:21:32,630 - my_experiment - advP_HybridComm_5M_44 - my_run - INFO - Saving models to work_dirs/my_experiment/advP_HybridComm_5M_44/my_run/20260606_205647/models/4200200
2026-06-07 17:32:02,249 - my_experiment - advP_HybridComm_5M_44 - my_run - INFO - Recent Stats | t_env:    4250000 | Episode:    21250
ep_length_mean:          200.0000	episode_length_mean:     199.0000	epsilon:                   0.0500	grad_norm:               299.6590
info_nce_loss:             0.0714	loss:                      2.5821	q_loss:                    2.3474	return_mean:              87.7061
return_std:               10.2128	test_ep_length_mean:     200.0000	test_episode_length_mean:199.0000	test_return_mean:         97.4920
test_return_std:          11.6427	
2026-06-07 17:32:04,792 - my_experiment - advP_HybridComm_5M_44 - my_run - INFO - t_env: 4250200 / 5050000
2026-06-07 17:32:04,792 - my_experiment - advP_HybridComm_5M_44 - my_run - INFO - Estimated time left: 3 hours, 40 minutes, 16 seconds. Time passed: 20 hours, 35 minutes, 12 seconds
2026-06-07 17:45:48,701 - my_experiment - advP_HybridComm_5M_44 - my_run - INFO - Recent Stats | t_env:    4300000 | Episode:    21500
ep_length_mean:          200.0000	episode_length_mean:     199.0000	epsilon:                   0.0500	grad_norm:               278.7368
info_nce_loss:             0.1744	loss:                      2.3760	q_loss:                    2.1600	return_mean:              90.8529
return_std:               11.8858	test_ep_length_mean:     200.0000	test_episode_length_mean:199.0000	test_return_mean:         98.3929
test_return_std:          11.6104	
2026-06-07 17:45:51,250 - my_experiment - advP_HybridComm_5M_44 - my_run - INFO - t_env: 4300200 / 5050000
2026-06-07 17:45:51,251 - my_experiment - advP_HybridComm_5M_44 - my_run - INFO - Estimated time left: 3 hours, 26 minutes, 33 seconds. Time passed: 20 hours, 48 minutes, 59 seconds
2026-06-07 17:59:34,914 - my_experiment - advP_HybridComm_5M_44 - my_run - INFO - Recent Stats | t_env:    4350000 | Episode:    21750
ep_length_mean:          200.0000	episode_length_mean:     199.0000	epsilon:                   0.0500	grad_norm:               314.3985
info_nce_loss:             0.1210	loss:                      2.7178	q_loss:                    2.4708	return_mean:              88.8037
return_std:               10.3937	test_ep_length_mean:     200.0000	test_episode_length_mean:199.0000	test_return_mean:         99.9172
test_return_std:          11.9786	
2026-06-07 17:59:37,445 - my_experiment - advP_HybridComm_5M_44 - my_run - INFO - t_env: 4350200 / 5050000
2026-06-07 17:59:37,446 - my_experiment - advP_HybridComm_5M_44 - my_run - INFO - Estimated time left: 3 hours, 12 minutes, 43 seconds. Time passed: 21 hours, 2 minutes, 45 seconds
2026-06-07 18:13:21,035 - my_experiment - advP_HybridComm_5M_44 - my_run - INFO - Recent Stats | t_env:    4400000 | Episode:    22000
ep_length_mean:          200.0000	episode_length_mean:     199.0000	epsilon:                   0.0500	grad_norm:               212.2815
info_nce_loss:             0.1181	loss:                      2.1298	q_loss:                    1.9362	return_mean:              91.1808
return_std:               10.5115	test_ep_length_mean:     200.0000	test_episode_length_mean:199.0000	test_return_mean:        101.4071
test_return_std:          11.5912	
2026-06-07 18:13:23,554 - my_experiment - advP_HybridComm_5M_44 - my_run - INFO - t_env: 4400200 / 5050000
2026-06-07 18:13:23,555 - my_experiment - advP_HybridComm_5M_44 - my_run - INFO - Estimated time left: 2 hours, 58 minutes, 56 seconds. Time passed: 21 hours, 16 minutes, 31 seconds
2026-06-07 18:16:37,316 - my_experiment - advP_HybridComm_5M_44 - my_run - INFO - Saving models to work_dirs/my_experiment/advP_HybridComm_5M_44/my_run/20260606_205647/models/4400200
2026-06-07 18:27:06,417 - my_experiment - advP_HybridComm_5M_44 - my_run - INFO - Recent Stats | t_env:    4450000 | Episode:    22250
ep_length_mean:          200.0000	episode_length_mean:     199.0000	epsilon:                   0.0500	grad_norm:               221.0510
info_nce_loss:             0.1955	loss:                      2.1798	q_loss:                    1.9816	return_mean:              92.5802
return_std:               11.0248	test_ep_length_mean:     200.0000	test_episode_length_mean:199.0000	test_return_mean:        101.8568
test_return_std:          11.4841	
2026-06-07 18:27:08,952 - my_experiment - advP_HybridComm_5M_44 - my_run - INFO - t_env: 4450200 / 5050000
2026-06-07 18:27:08,952 - my_experiment - advP_HybridComm_5M_44 - my_run - INFO - Estimated time left: 2 hours, 45 minutes, 1 seconds. Time passed: 21 hours, 30 minutes, 16 seconds
2026-06-07 18:40:51,783 - my_experiment - advP_HybridComm_5M_44 - my_run - INFO - Recent Stats | t_env:    4500000 | Episode:    22500
ep_length_mean:          200.0000	episode_length_mean:     199.0000	epsilon:                   0.0500	grad_norm:               248.2611
info_nce_loss:             0.2876	loss:                      2.4609	q_loss:                    2.2372	return_mean:              90.9436
return_std:                9.9061	test_ep_length_mean:     200.0000	test_episode_length_mean:199.0000	test_return_mean:        100.2990
test_return_std:          11.4258	
2026-06-07 18:40:54,326 - my_experiment - advP_HybridComm_5M_44 - my_run - INFO - t_env: 4500200 / 5050000
2026-06-07 18:40:54,327 - my_experiment - advP_HybridComm_5M_44 - my_run - INFO - Estimated time left: 2 hours, 31 minutes, 15 seconds. Time passed: 21 hours, 44 minutes, 2 seconds
2026-06-07 18:54:36,868 - my_experiment - advP_HybridComm_5M_44 - my_run - INFO - Recent Stats | t_env:    4550000 | Episode:    22750
ep_length_mean:          200.0000	episode_length_mean:     199.0000	epsilon:                   0.0500	grad_norm:               245.5743
info_nce_loss:             0.1557	loss:                      2.3615	q_loss:                    2.1468	return_mean:              90.7792
return_std:                9.3943	test_ep_length_mean:     200.0000	test_episode_length_mean:199.0000	test_return_mean:        100.6724
test_return_std:          11.5473	
2026-06-07 18:54:39,400 - my_experiment - advP_HybridComm_5M_44 - my_run - INFO - t_env: 4550200 / 5050000
2026-06-07 18:54:39,400 - my_experiment - advP_HybridComm_5M_44 - my_run - INFO - Estimated time left: 2 hours, 17 minutes, 27 seconds. Time passed: 21 hours, 57 minutes, 47 seconds
2026-06-07 19:08:21,975 - my_experiment - advP_HybridComm_5M_44 - my_run - INFO - Recent Stats | t_env:    4600000 | Episode:    23000
ep_length_mean:          200.0000	episode_length_mean:     199.0000	epsilon:                   0.0500	grad_norm:               129.6482
info_nce_loss:             0.1349	loss:                      1.8761	q_loss:                    1.7056	return_mean:              92.0375
return_std:               10.0871	test_ep_length_mean:     200.0000	test_episode_length_mean:199.0000	test_return_mean:        100.1917
test_return_std:          11.5978	
2026-06-07 19:08:24,520 - my_experiment - advP_HybridComm_5M_44 - my_run - INFO - t_env: 4600200 / 5050000
2026-06-07 19:08:24,521 - my_experiment - advP_HybridComm_5M_44 - my_run - INFO - Estimated time left: 2 hours, 3 minutes, 42 seconds. Time passed: 22 hours, 11 minutes, 32 seconds
2026-06-07 19:11:38,772 - my_experiment - advP_HybridComm_5M_44 - my_run - INFO - Saving models to work_dirs/my_experiment/advP_HybridComm_5M_44/my_run/20260606_205647/models/4600200
2026-06-07 19:22:07,828 - my_experiment - advP_HybridComm_5M_44 - my_run - INFO - Recent Stats | t_env:    4650000 | Episode:    23250
ep_length_mean:          200.0000	episode_length_mean:     199.0000	epsilon:                   0.0500	grad_norm:               219.5281
info_nce_loss:             0.1882	loss:                      2.0786	q_loss:                    1.8897	return_mean:              93.4547
return_std:               10.3383	test_ep_length_mean:     200.0000	test_episode_length_mean:199.0000	test_return_mean:        100.9089
test_return_std:          11.6358	
2026-06-07 19:22:10,376 - my_experiment - advP_HybridComm_5M_44 - my_run - INFO - t_env: 4650200 / 5050000
2026-06-07 19:22:10,377 - my_experiment - advP_HybridComm_5M_44 - my_run - INFO - Estimated time left: 1 hours, 50 minutes, 3 seconds. Time passed: 22 hours, 25 minutes, 18 seconds
2026-06-07 19:35:54,601 - my_experiment - advP_HybridComm_5M_44 - my_run - INFO - Recent Stats | t_env:    4700000 | Episode:    23500
ep_length_mean:          200.0000	episode_length_mean:     199.0000	epsilon:                   0.0500	grad_norm:               162.4287
info_nce_loss:             0.0850	loss:                      1.8216	q_loss:                    1.6560	return_mean:              93.6189
return_std:                9.6728	test_ep_length_mean:     200.0000	test_episode_length_mean:199.0000	test_return_mean:        101.5023
test_return_std:          10.8649	
2026-06-07 19:35:57,146 - my_experiment - advP_HybridComm_5M_44 - my_run - INFO - t_env: 4700200 / 5050000
2026-06-07 19:35:57,147 - my_experiment - advP_HybridComm_5M_44 - my_run - INFO - Estimated time left: 1 hours, 36 minutes, 24 seconds. Time passed: 22 hours, 39 minutes, 4 seconds
2026-06-07 19:49:40,303 - my_experiment - advP_HybridComm_5M_44 - my_run - INFO - Recent Stats | t_env:    4750000 | Episode:    23750
ep_length_mean:          200.0000	episode_length_mean:     199.0000	epsilon:                   0.0500	grad_norm:               186.0025
info_nce_loss:             0.1099	loss:                      1.9740	q_loss:                    1.7945	return_mean:              94.0044
return_std:                9.9747	test_ep_length_mean:     200.0000	test_episode_length_mean:199.0000	test_return_mean:        103.6178
test_return_std:          10.9273	
2026-06-07 19:49:42,848 - my_experiment - advP_HybridComm_5M_44 - my_run - INFO - t_env: 4750200 / 5050000
2026-06-07 19:49:42,849 - my_experiment - advP_HybridComm_5M_44 - my_run - INFO - Estimated time left: 1 hours, 22 minutes, 30 seconds. Time passed: 22 hours, 52 minutes, 50 seconds
2026-06-07 20:03:26,418 - my_experiment - advP_HybridComm_5M_44 - my_run - INFO - Recent Stats | t_env:    4800000 | Episode:    24000
ep_length_mean:          200.0000	episode_length_mean:     199.0000	epsilon:                   0.0500	grad_norm:               278.2389
info_nce_loss:             0.0900	loss:                      2.3776	q_loss:                    2.1614	return_mean:              93.4620
return_std:                9.7701	test_ep_length_mean:     200.0000	test_episode_length_mean:199.0000	test_return_mean:        104.9471
test_return_std:          10.9129	
2026-06-07 20:03:28,942 - my_experiment - advP_HybridComm_5M_44 - my_run - INFO - t_env: 4800200 / 5050000
2026-06-07 20:03:28,942 - my_experiment - advP_HybridComm_5M_44 - my_run - INFO - Estimated time left: 1 hours, 8 minutes, 47 seconds. Time passed: 23 hours, 6 minutes, 36 seconds
2026-06-07 20:06:42,915 - my_experiment - advP_HybridComm_5M_44 - my_run - INFO - Saving models to work_dirs/my_experiment/advP_HybridComm_5M_44/my_run/20260606_205647/models/4800200
2026-06-07 20:17:16,192 - my_experiment - advP_HybridComm_5M_44 - my_run - INFO - Recent Stats | t_env:    4850000 | Episode:    24250
ep_length_mean:          200.0000	episode_length_mean:     199.0000	epsilon:                   0.0500	grad_norm:               158.4296
info_nce_loss:             0.0379	loss:                      1.8398	q_loss:                    1.6725	return_mean:              94.4904
return_std:                9.5857	test_ep_length_mean:     200.0000	test_episode_length_mean:199.0000	test_return_mean:        106.0880
test_return_std:          10.6357	
2026-06-07 20:17:18,781 - my_experiment - advP_HybridComm_5M_44 - my_run - INFO - t_env: 4850200 / 5050000
2026-06-07 20:17:18,782 - my_experiment - advP_HybridComm_5M_44 - my_run - INFO - Estimated time left: 55 minutes, 16 seconds. Time passed: 23 hours, 20 minutes, 26 seconds
2026-06-07 20:31:07,801 - my_experiment - advP_HybridComm_5M_44 - my_run - INFO - Recent Stats | t_env:    4900000 | Episode:    24500
ep_length_mean:          200.0000	episode_length_mean:     199.0000	epsilon:                   0.0500	grad_norm:               210.0936
info_nce_loss:             0.2062	loss:                      2.0994	q_loss:                    1.9085	return_mean:              93.9508
return_std:               10.9518	test_ep_length_mean:     200.0000	test_episode_length_mean:199.0000	test_return_mean:        106.8839
test_return_std:          10.4009	
2026-06-07 20:31:10,352 - my_experiment - advP_HybridComm_5M_44 - my_run - INFO - t_env: 4900200 / 5050000
2026-06-07 20:31:10,353 - my_experiment - advP_HybridComm_5M_44 - my_run - INFO - Estimated time left: 41 minutes, 31 seconds. Time passed: 23 hours, 34 minutes, 18 seconds
2026-06-07 20:44:55,117 - my_experiment - advP_HybridComm_5M_44 - my_run - INFO - Recent Stats | t_env:    4950000 | Episode:    24750
ep_length_mean:          200.0000	episode_length_mean:     199.0000	epsilon:                   0.0500	grad_norm:               167.8273
info_nce_loss:             0.0488	loss:                      1.9452	q_loss:                    1.7684	return_mean:              97.8300
return_std:                8.3390	test_ep_length_mean:     200.0000	test_episode_length_mean:199.0000	test_return_mean:        106.8152
test_return_std:          10.6268	
2026-06-07 20:44:57,673 - my_experiment - advP_HybridComm_5M_44 - my_run - INFO - t_env: 4950200 / 5050000
2026-06-07 20:44:57,673 - my_experiment - advP_HybridComm_5M_44 - my_run - INFO - Estimated time left: 27 minutes, 31 seconds. Time passed: 23 hours, 48 minutes, 5 seconds
slurmstepd: error: *** JOB 2072538 ON tikgpu09 CANCELLED AT 2026-06-07T20:57:02 DUE TO TIME LIMIT ***
