Gym has been unmaintained since 2022 and does not support NumPy 2.0 amongst other critical functionality.
Please upgrade to Gymnasium, the maintained drop-in replacement of Gym, or contact the authors of your software and request that they upgrade.
Users of this version of Gym should be able to simply replace 'import gym' with 'import gymnasium as gym' in the vast majority of cases.
See the migration guide at https://gymnasium.farama.org/introduction/migration_guide/ for additional information.
src/main.py:81: DeprecationWarning: Using or importing the ABCs from 'collections' instead of from 'collections.abc' is deprecated since Python 3.3, and in 3.10 it will stop working
  if isinstance(v, collections.Mapping):
wandb: [wandb.login()] Loaded credentials for https://api.wandb.ai from /home/pparsons/.netrc.
wandb: Currently logged in as: peterparsons02 (peterparsons02-eth-z-rich) to https://api.wandb.ai. Use `wandb login --relogin` to force relogin
wandb: setting up run hy5jsesh
wandb: Tracking run with wandb version 0.24.1
wandb: Run data is saved locally in /usr/itetnas04/data-scratch-01/pparsons/data/MyExpoComm/wandb/run-20260818_200359-hy5jsesh
wandb: Run `wandb offline` to turn off syncing.
wandb: Syncing run my_run-advP_B_HC_st_nomm_44-20260818_200359
wandb: ⭐️ View project at https://wandb.ai/peterparsons02-eth-z-rich/my_experiment
wandb: 🚀 View run at https://wandb.ai/peterparsons02-eth-z-rich/my_experiment/runs/hy5jsesh
2026-08-18 20:04:01,411 - my_experiment - advP_B_HC_st_nomm_44 - my_run - INFO - Current directory: /usr/itetnas04/data-scratch-01/pparsons/data/MyExpoComm.
2026-08-18 20:04:01,412 - my_experiment - advP_B_HC_st_nomm_44 - my_run - INFO - Experiment Parameters:
2026-08-18 20:04:01,413 - my_experiment - advP_B_HC_st_nomm_44 - my_run - INFO - 

{   'action_selector': 'epsilon_greedy',
    'add_value_last_step': True,
    'agent': 'ExpoComm_static_cont',
    'agent_output_type': 'q',
    'attention_dim': 16,
    'aux_coef': 0.1,
    'batch_size': 32,
    'batch_size_run': 1,
    'buffer_cpu_only': True,
    'buffer_size': 2000,
    'checkpoint_path': '',
    'double_q': True,
    'env': 'MAgent_AdvPursuit',
    'env_args': {   'global_reward': True,
                    'map_name': 'adversarial_pursuit_view8',
                    'map_size': 70,
                    'max_cycles': 200,
                    'minimap_mode': False,
                    'pretrained_ckpt': 'prey_params.pt',
                    'seed': 44},
    'epsilon_anneal_time': 1000000,
    'epsilon_finish': 0.05,
    'epsilon_start': 1.0,
    'evaluate': False,
    'evaluation_epsilon': 0.0,
    'exp_name': 'my_experiment',
    'gamma': 0.99,
    'global_reward': True,
    'grad_norm_clip': 10,
    'hidden_dim': 64,
    'hypergroup': None,
    'label': 'default_label',
    'learner': 'hybrid_comm_learner',
    'learner_log_interval': 10000,
    'load_step': 0,
    'local_results_path': 'results',
    'log_interval': 50000,
    'lr': 0.0005,
    'mac': 'ExpoComm_mac',
    'mixer': None,
    'name': 'advP_B_HC_st_nomm_44',
    'neg_num': 20,
    'obs_agent_id': True,
    'obs_individual_obs': False,
    'obs_last_action': True,
    'optim_alpha': 0.99,
    'optim_eps': 1e-05,
    'render': False,
    'repeat_id': 1,
    'run_name': 'my_run',
    'runner': 'episode',
    'runner_log_interval': 10000,
    'save_model': True,
    'save_model_interval': 500000,
    'save_replay': False,
    'seed': 44,
    'standardise_returns': False,
    'standardise_rewards': True,
    't_max': 5050000,
    'target_update_interval_or_tau': 200,
    'temperature': 0.07,
    'test_greedy': True,
    'test_interval': 50000,
    'test_nepisode': 16,
    'topk_neighbors': 7,
    'use_cuda': True,
    'use_rnn': True,
    'use_tensorboard': True,
    'work_dir': 'work_dirs/my_experiment/advP_B_HC_st_nomm_44/my_run/20260818_200359'}

/usr/itetnas04/data-scratch-01/pparsons/data/conda_envs/ExpoComm/lib/python3.8/site-packages/pettingzoo/utils/conversions.py:41: UserWarning: The `from_parallel` function is deprecated. Use the `parallel_to_aec` function instead.
  warnings.warn("The `from_parallel` function is deprecated. Use the `parallel_to_aec` function instead.")
/usr/itetnas04/data-scratch-01/pparsons/data/conda_envs/ExpoComm/lib/python3.8/site-packages/pettingzoo/utils/wrappers/base.py:44: UserWarning: The `observation_spaces` dictionary is deprecated. Use the `observation_space` function instead.
  warnings.warn("The `observation_spaces` dictionary is deprecated. Use the `observation_space` function instead.")
/usr/itetnas04/data-scratch-01/pparsons/data/conda_envs/ExpoComm/lib/python3.8/site-packages/pettingzoo/utils/conversions.py:36: UserWarning: The `to_parallel` function is deprecated. Use the `aec_to_parallel` function instead.
  warnings.warn("The `to_parallel` function is deprecated. Use the `aec_to_parallel` function instead.")
/usr/itetnas04/data-scratch-01/pparsons/data/conda_envs/ExpoComm/lib/python3.8/site-packages/pettingzoo/utils/conversions.py:80: UserWarning: The `action_spaces` dictionary is deprecated. Use the `action_space` function instead.
  warnings.warn("The `action_spaces` dictionary is deprecated. Use the `action_space` function instead.")
/usr/itetnas04/data-scratch-01/pparsons/data/conda_envs/ExpoComm/lib/python3.8/site-packages/pettingzoo/utils/wrappers/base.py:52: UserWarning: The `action_spaces` dictionary is deprecated. Use the `action_space` function instead.
  warnings.warn("The `action_spaces` dictionary is deprecated. Use the `action_space` function instead.")
/usr/itetnas04/data-scratch-01/pparsons/data/conda_envs/ExpoComm/lib/python3.8/site-packages/pettingzoo/utils/conversions.py:72: UserWarning: The `observation_spaces` dictionary is deprecated. Use the `observation_space` function instead.
  warnings.warn("The `observation_spaces` dictionary is deprecated. Use the `observation_space` function instead.")
2026-08-18 20:04:07,949 - my_experiment - advP_B_HC_st_nomm_44 - my_run - INFO - Beginning training for 5050000 timesteps
/usr/itetnas04/data-scratch-01/pparsons/data/MyExpoComm/src/envs/adv_pursuit_wrappers.py:247: UserWarning: To copy construct from a tensor, it is recommended to use sourceTensor.clone().detach() or sourceTensor.clone().detach().requires_grad_(True), rather than torch.tensor(sourceTensor).
  actions = th.tensor(actions, dtype=th.long)
2026-08-18 20:04:12,826 - my_experiment - advP_B_HC_st_nomm_44 - my_run - INFO - t_env: 200 / 5050000
2026-08-18 20:04:12,826 - my_experiment - advP_B_HC_st_nomm_44 - my_run - INFO - Estimated time left: 8 minutes, 10 seconds. Time passed: 4 seconds
2026-08-18 20:05:22,083 - my_experiment - advP_B_HC_st_nomm_44 - my_run - INFO - Saving models to work_dirs/my_experiment/advP_B_HC_st_nomm_44/my_run/20260818_200359/models/200
2026-08-18 20:26:42,020 - my_experiment - advP_B_HC_st_nomm_44 - my_run - INFO - Recent Stats | t_env:      50000 | Episode:      250
ep_length_mean:          200.0000	episode_length_mean:     199.0000	epsilon:                   0.9620	grad_norm:                 2.8738
info_nce_loss:             2.3794	loss:                      1.0649	q_loss:                    0.9681	return_mean:             -21.3040
return_std:                0.5977	test_ep_length_mean:     200.0000	test_episode_length_mean:199.0000	test_return_mean:        -31.4600
test_return_std:           3.0751	
2026-08-18 20:26:47,269 - my_experiment - advP_B_HC_st_nomm_44 - my_run - INFO - t_env: 50200 / 5050000
2026-08-18 20:26:47,271 - my_experiment - advP_B_HC_st_nomm_44 - my_run - INFO - Estimated time left: 1 days, 13 hours, 37 minutes, 19 seconds. Time passed: 22 minutes, 39 seconds
2026-08-18 20:49:44,605 - my_experiment - advP_B_HC_st_nomm_44 - my_run - INFO - Recent Stats | t_env:     100000 | Episode:      500
ep_length_mean:          200.0000	episode_length_mean:     199.0000	epsilon:                   0.9145	grad_norm:                 6.4272
info_nce_loss:             1.4398	loss:                      1.1138	q_loss:                    1.0126	return_mean:             -19.4759
return_std:                0.9217	test_ep_length_mean:     200.0000	test_episode_length_mean:199.0000	test_return_mean:        -20.1794
test_return_std:           2.4033	
2026-08-18 20:49:49,865 - my_experiment - advP_B_HC_st_nomm_44 - my_run - INFO - t_env: 100200 / 5050000
2026-08-18 20:49:49,866 - my_experiment - advP_B_HC_st_nomm_44 - my_run - INFO - Estimated time left: 1 days, 14 hours, 1 minutes, 11 seconds. Time passed: 45 minutes, 41 seconds
2026-08-18 21:12:47,003 - my_experiment - advP_B_HC_st_nomm_44 - my_run - INFO - Recent Stats | t_env:     150000 | Episode:      750
ep_length_mean:          200.0000	episode_length_mean:     199.0000	epsilon:                   0.8670	grad_norm:                20.1279
info_nce_loss:             1.7685	loss:                      1.4876	q_loss:                    1.3524	return_mean:             -15.6407
return_std:                1.2502	test_ep_length_mean:     200.0000	test_episode_length_mean:199.0000	test_return_mean:         -3.4645
test_return_std:           3.1329	
2026-08-18 21:12:52,312 - my_experiment - advP_B_HC_st_nomm_44 - my_run - INFO - t_env: 150200 / 5050000
2026-08-18 21:12:52,314 - my_experiment - advP_B_HC_st_nomm_44 - my_run - INFO - Estimated time left: 1 days, 13 hours, 37 minutes, 54 seconds. Time passed: 1 hours, 8 minutes, 44 seconds
2026-08-18 21:35:49,122 - my_experiment - advP_B_HC_st_nomm_44 - my_run - INFO - Recent Stats | t_env:     200000 | Episode:     1000
ep_length_mean:          200.0000	episode_length_mean:     199.0000	epsilon:                   0.8195	grad_norm:                14.4573
info_nce_loss:             2.0035	loss:                      1.6196	q_loss:                    1.4724	return_mean:             -12.6380
return_std:                1.3691	test_ep_length_mean:     200.0000	test_episode_length_mean:199.0000	test_return_mean:          9.8915
test_return_std:           4.1373	
2026-08-18 21:35:54,365 - my_experiment - advP_B_HC_st_nomm_44 - my_run - INFO - t_env: 200200 / 5050000
2026-08-18 21:35:54,366 - my_experiment - advP_B_HC_st_nomm_44 - my_run - INFO - Estimated time left: 1 days, 13 hours, 14 minutes, 13 seconds. Time passed: 1 hours, 31 minutes, 46 seconds
2026-08-18 21:58:54,814 - my_experiment - advP_B_HC_st_nomm_44 - my_run - INFO - Recent Stats | t_env:     250000 | Episode:     1250
ep_length_mean:          200.0000	episode_length_mean:     199.0000	epsilon:                   0.7720	grad_norm:               642.9625
info_nce_loss:             1.7053	loss:                      3.4821	q_loss:                    3.1655	return_mean:              -9.4165
return_std:                1.4537	test_ep_length_mean:     200.0000	test_episode_length_mean:199.0000	test_return_mean:         19.2350
test_return_std:           4.9970	
2026-08-18 21:59:00,025 - my_experiment - advP_B_HC_st_nomm_44 - my_run - INFO - t_env: 250200 / 5050000
2026-08-18 21:59:00,026 - my_experiment - advP_B_HC_st_nomm_44 - my_run - INFO - Estimated time left: 1 days, 12 hours, 56 minutes, 57 seconds. Time passed: 1 hours, 54 minutes, 52 seconds
2026-08-18 22:22:02,093 - my_experiment - advP_B_HC_st_nomm_44 - my_run - INFO - Recent Stats | t_env:     300000 | Episode:     1500
ep_length_mean:          200.0000	episode_length_mean:     199.0000	epsilon:                   0.7245	grad_norm:               125.8043
info_nce_loss:             1.6988	loss:                      1.8555	q_loss:                    1.6868	return_mean:              -6.0404
return_std:                1.7981	test_ep_length_mean:     200.0000	test_episode_length_mean:199.0000	test_return_mean:         34.8032
test_return_std:           5.6211	
2026-08-18 22:22:07,386 - my_experiment - advP_B_HC_st_nomm_44 - my_run - INFO - t_env: 300200 / 5050000
2026-08-18 22:22:07,388 - my_experiment - advP_B_HC_st_nomm_44 - my_run - INFO - Estimated time left: 1 days, 12 hours, 36 minutes, 33 seconds. Time passed: 2 hours, 17 minutes, 59 seconds
2026-08-18 22:45:10,448 - my_experiment - advP_B_HC_st_nomm_44 - my_run - INFO - Recent Stats | t_env:     350000 | Episode:     1750
ep_length_mean:          200.0000	episode_length_mean:     199.0000	epsilon:                   0.6770	grad_norm:                35.5705
info_nce_loss:             1.4469	loss:                      1.9529	q_loss:                    1.7754	return_mean:              -2.0093
return_std:                1.9791	test_ep_length_mean:     200.0000	test_episode_length_mean:199.0000	test_return_mean:         44.8781
test_return_std:           7.0368	
2026-08-18 22:45:15,756 - my_experiment - advP_B_HC_st_nomm_44 - my_run - INFO - t_env: 350200 / 5050000
2026-08-18 22:45:15,757 - my_experiment - advP_B_HC_st_nomm_44 - my_run - INFO - Estimated time left: 1 days, 12 hours, 15 minutes, 1 seconds. Time passed: 2 hours, 41 minutes, 7 seconds
2026-08-18 23:08:17,130 - my_experiment - advP_B_HC_st_nomm_44 - my_run - INFO - Recent Stats | t_env:     400000 | Episode:     2000
ep_length_mean:          200.0000	episode_length_mean:     199.0000	epsilon:                   0.6295	grad_norm:               131.8550
info_nce_loss:             1.3271	loss:                      2.3543	q_loss:                    2.1403	return_mean:              -0.1597
return_std:                2.7119	test_ep_length_mean:     200.0000	test_episode_length_mean:199.0000	test_return_mean:         42.8146
test_return_std:           7.2480	
2026-08-18 23:08:22,398 - my_experiment - advP_B_HC_st_nomm_44 - my_run - INFO - t_env: 400200 / 5050000
2026-08-18 23:08:22,400 - my_experiment - advP_B_HC_st_nomm_44 - my_run - INFO - Estimated time left: 1 days, 11 hours, 49 minutes, 12 seconds. Time passed: 3 hours, 4 minutes, 14 seconds
2026-08-18 23:31:22,006 - my_experiment - advP_B_HC_st_nomm_44 - my_run - INFO - Recent Stats | t_env:     450000 | Episode:     2250
ep_length_mean:          200.0000	episode_length_mean:     199.0000	epsilon:                   0.5820	grad_norm:                69.8765
info_nce_loss:             0.9883	loss:                      3.0180	q_loss:                    2.7436	return_mean:               2.6509
return_std:                3.4667	test_ep_length_mean:     200.0000	test_episode_length_mean:199.0000	test_return_mean:         36.8535
test_return_std:           6.8116	
2026-08-18 23:31:27,259 - my_experiment - advP_B_HC_st_nomm_44 - my_run - INFO - t_env: 450200 / 5050000
2026-08-18 23:31:27,260 - my_experiment - advP_B_HC_st_nomm_44 - my_run - INFO - Estimated time left: 1 days, 11 hours, 23 minutes, 21 seconds. Time passed: 3 hours, 27 minutes, 19 seconds
2026-08-18 23:54:26,044 - my_experiment - advP_B_HC_st_nomm_44 - my_run - INFO - Recent Stats | t_env:     500000 | Episode:     2500
ep_length_mean:          200.0000	episode_length_mean:     199.0000	epsilon:                   0.5345	grad_norm:                40.3636
info_nce_loss:             0.7007	loss:                      2.9584	q_loss:                    2.6894	return_mean:               7.2838
return_std:                3.6232	test_ep_length_mean:     200.0000	test_episode_length_mean:199.0000	test_return_mean:         29.2427
test_return_std:           6.3616	
2026-08-18 23:54:31,326 - my_experiment - advP_B_HC_st_nomm_44 - my_run - INFO - t_env: 500200 / 5050000
2026-08-18 23:54:31,327 - my_experiment - advP_B_HC_st_nomm_44 - my_run - INFO - Estimated time left: 1 days, 10 hours, 59 minutes, 4 seconds. Time passed: 3 hours, 50 minutes, 23 seconds
2026-08-18 23:55:41,575 - my_experiment - advP_B_HC_st_nomm_44 - my_run - INFO - Saving models to work_dirs/my_experiment/advP_B_HC_st_nomm_44/my_run/20260818_200359/models/500200
2026-08-19 00:17:41,026 - my_experiment - advP_B_HC_st_nomm_44 - my_run - INFO - Recent Stats | t_env:     550000 | Episode:     2750
ep_length_mean:          200.0000	episode_length_mean:     199.0000	epsilon:                   0.4870	grad_norm:               263.4319
info_nce_loss:             0.3684	loss:                      3.6094	q_loss:                    3.2812	return_mean:              11.3811
return_std:                3.0517	test_ep_length_mean:     200.0000	test_episode_length_mean:199.0000	test_return_mean:         26.7178
test_return_std:           6.1851	
2026-08-19 00:17:46,673 - my_experiment - advP_B_HC_st_nomm_44 - my_run - INFO - t_env: 550200 / 5050000
2026-08-19 00:17:46,674 - my_experiment - advP_B_HC_st_nomm_44 - my_run - INFO - Estimated time left: 1 days, 10 hours, 52 minutes, 55 seconds. Time passed: 4 hours, 13 minutes, 38 seconds
2026-08-19 00:42:29,428 - my_experiment - advP_B_HC_st_nomm_44 - my_run - INFO - Recent Stats | t_env:     600000 | Episode:     3000
ep_length_mean:          200.0000	episode_length_mean:     199.0000	epsilon:                   0.4395	grad_norm:               306.6195
info_nce_loss:             0.3113	loss:                      2.7260	q_loss:                    2.4782	return_mean:              13.3632
return_std:                3.4374	test_ep_length_mean:     200.0000	test_episode_length_mean:199.0000	test_return_mean:         27.5929
test_return_std:           6.0694	
2026-08-19 00:42:35,040 - my_experiment - advP_B_HC_st_nomm_44 - my_run - INFO - t_env: 600200 / 5050000
2026-08-19 00:42:35,041 - my_experiment - advP_B_HC_st_nomm_44 - my_run - INFO - Estimated time left: 1 days, 12 hours, 47 minutes, 38 seconds. Time passed: 4 hours, 38 minutes, 27 seconds
2026-08-19 01:07:16,169 - my_experiment - advP_B_HC_st_nomm_44 - my_run - INFO - Recent Stats | t_env:     650000 | Episode:     3250
ep_length_mean:          200.0000	episode_length_mean:     199.0000	epsilon:                   0.3920	grad_norm:               461.0480
info_nce_loss:             0.2994	loss:                      3.6596	q_loss:                    3.3269	return_mean:              15.1250
return_std:                3.5120	test_ep_length_mean:     200.0000	test_episode_length_mean:199.0000	test_return_mean:         32.9952
test_return_std:           6.6225	
2026-08-19 01:07:21,820 - my_experiment - advP_B_HC_st_nomm_44 - my_run - INFO - t_env: 650200 / 5050000
2026-08-19 01:07:21,822 - my_experiment - advP_B_HC_st_nomm_44 - my_run - INFO - Estimated time left: 1 days, 12 hours, 20 minutes, 30 seconds. Time passed: 5 hours, 3 minutes, 13 seconds
2026-08-19 01:32:04,667 - my_experiment - advP_B_HC_st_nomm_44 - my_run - INFO - Recent Stats | t_env:     700000 | Episode:     3500
ep_length_mean:          200.0000	episode_length_mean:     199.0000	epsilon:                   0.3445	grad_norm:               1393.3173
info_nce_loss:             0.3006	loss:                      5.0265	q_loss:                    4.5696	return_mean:              13.9596
return_std:                4.1238	test_ep_length_mean:     200.0000	test_episode_length_mean:199.0000	test_return_mean:         32.8637
test_return_std:           7.0813	
2026-08-19 01:32:10,332 - my_experiment - advP_B_HC_st_nomm_44 - my_run - INFO - t_env: 700200 / 5050000
2026-08-19 01:32:10,334 - my_experiment - advP_B_HC_st_nomm_44 - my_run - INFO - Estimated time left: 1 days, 11 hours, 58 minutes, 14 seconds. Time passed: 5 hours, 28 minutes, 2 seconds
2026-08-19 01:56:53,129 - my_experiment - advP_B_HC_st_nomm_44 - my_run - INFO - Recent Stats | t_env:     750000 | Episode:     3750
ep_length_mean:          200.0000	episode_length_mean:     199.0000	epsilon:                   0.2970	grad_norm:               774.4646
info_nce_loss:             0.4178	loss:                      3.4390	q_loss:                    3.1263	return_mean:              17.4964
return_std:                4.5654	test_ep_length_mean:     200.0000	test_episode_length_mean:199.0000	test_return_mean:         36.2607
test_return_std:           6.7469	
2026-08-19 01:56:58,786 - my_experiment - advP_B_HC_st_nomm_44 - my_run - INFO - t_env: 750200 / 5050000
2026-08-19 01:56:58,787 - my_experiment - advP_B_HC_st_nomm_44 - my_run - INFO - Estimated time left: 1 days, 11 hours, 33 minutes, 20 seconds. Time passed: 5 hours, 52 minutes, 50 seconds
2026-08-19 02:21:39,931 - my_experiment - advP_B_HC_st_nomm_44 - my_run - INFO - Recent Stats | t_env:     800000 | Episode:     4000
ep_length_mean:          200.0000	episode_length_mean:     199.0000	epsilon:                   0.2495	grad_norm:               1453.8086
info_nce_loss:             0.5531	loss:                      4.2077	q_loss:                    3.8251	return_mean:              18.3396
return_std:                4.2351	test_ep_length_mean:     200.0000	test_episode_length_mean:199.0000	test_return_mean:         36.0715
test_return_std:           7.0805	
2026-08-19 02:21:45,561 - my_experiment - advP_B_HC_st_nomm_44 - my_run - INFO - t_env: 800200 / 5050000
2026-08-19 02:21:45,563 - my_experiment - advP_B_HC_st_nomm_44 - my_run - INFO - Estimated time left: 1 days, 11 hours, 6 minutes, 9 seconds. Time passed: 6 hours, 17 minutes, 37 seconds
2026-08-19 02:46:26,210 - my_experiment - advP_B_HC_st_nomm_44 - my_run - INFO - Recent Stats | t_env:     850000 | Episode:     4250
ep_length_mean:          200.0000	episode_length_mean:     199.0000	epsilon:                   0.2020	grad_norm:               731.9375
info_nce_loss:             0.4018	loss:                      4.2057	q_loss:                    3.8234	return_mean:              22.5455
return_std:                5.2922	test_ep_length_mean:     200.0000	test_episode_length_mean:199.0000	test_return_mean:         34.7810
test_return_std:           6.8337	
2026-08-19 02:46:31,757 - my_experiment - advP_B_HC_st_nomm_44 - my_run - INFO - t_env: 850200 / 5050000
2026-08-19 02:46:31,759 - my_experiment - advP_B_HC_st_nomm_44 - my_run - INFO - Estimated time left: 1 days, 10 hours, 40 minutes, 34 seconds. Time passed: 6 hours, 42 minutes, 23 seconds
2026-08-19 03:10:02,304 - my_experiment - advP_B_HC_st_nomm_44 - my_run - INFO - Recent Stats | t_env:     900000 | Episode:     4500
ep_length_mean:          200.0000	episode_length_mean:     199.0000	epsilon:                   0.1545	grad_norm:               3260.7008
info_nce_loss:             0.5416	loss:                      6.4866	q_loss:                    5.8969	return_mean:              24.4823
return_std:                4.9706	test_ep_length_mean:     200.0000	test_episode_length_mean:199.0000	test_return_mean:         32.0913
test_return_std:           6.0461	
2026-08-19 03:10:07,577 - my_experiment - advP_B_HC_st_nomm_44 - my_run - INFO - t_env: 900200 / 5050000
2026-08-19 03:10:07,579 - my_experiment - advP_B_HC_st_nomm_44 - my_run - INFO - Estimated time left: 1 days, 8 hours, 38 minutes, 27 seconds. Time passed: 7 hours, 5 minutes, 59 seconds
2026-08-19 03:33:08,092 - my_experiment - advP_B_HC_st_nomm_44 - my_run - INFO - Recent Stats | t_env:     950000 | Episode:     4750
ep_length_mean:          200.0000	episode_length_mean:     199.0000	epsilon:                   0.1070	grad_norm:               2290.4938
info_nce_loss:             0.3668	loss:                      3.7647	q_loss:                    3.4225	return_mean:              23.9154
return_std:                4.8789	test_ep_length_mean:     200.0000	test_episode_length_mean:199.0000	test_return_mean:         36.0116
test_return_std:           5.9198	
2026-08-19 03:33:13,382 - my_experiment - advP_B_HC_st_nomm_44 - my_run - INFO - t_env: 950200 / 5050000
2026-08-19 03:33:13,384 - my_experiment - advP_B_HC_st_nomm_44 - my_run - INFO - Estimated time left: 1 days, 7 hours, 33 minutes, 50 seconds. Time passed: 7 hours, 29 minutes, 5 seconds
2026-08-19 03:56:17,555 - my_experiment - advP_B_HC_st_nomm_44 - my_run - INFO - Recent Stats | t_env:    1000000 | Episode:     5000
ep_length_mean:          200.0000	episode_length_mean:     199.0000	epsilon:                   0.0595	grad_norm:               3275.2984
info_nce_loss:             0.5804	loss:                      6.7223	q_loss:                    6.1112	return_mean:              27.5569
return_std:                4.7685	test_ep_length_mean:     200.0000	test_episode_length_mean:199.0000	test_return_mean:         35.2683
test_return_std:           6.1820	
2026-08-19 03:56:22,862 - my_experiment - advP_B_HC_st_nomm_44 - my_run - INFO - t_env: 1000200 / 5050000
2026-08-19 03:56:22,864 - my_experiment - advP_B_HC_st_nomm_44 - my_run - INFO - Estimated time left: 1 days, 7 hours, 15 minutes, 42 seconds. Time passed: 7 hours, 52 minutes, 14 seconds
2026-08-19 03:57:33,061 - my_experiment - advP_B_HC_st_nomm_44 - my_run - INFO - Saving models to work_dirs/my_experiment/advP_B_HC_st_nomm_44/my_run/20260818_200359/models/1000200
2026-08-19 04:19:22,371 - my_experiment - advP_B_HC_st_nomm_44 - my_run - INFO - Recent Stats | t_env:    1050000 | Episode:     5250
ep_length_mean:          200.0000	episode_length_mean:     199.0000	epsilon:                   0.0500	grad_norm:               3201.8931
info_nce_loss:             0.5355	loss:                      5.1007	q_loss:                    4.6370	return_mean:              23.0996
return_std:                5.5902	test_ep_length_mean:     200.0000	test_episode_length_mean:199.0000	test_return_mean:         33.8131
test_return_std:           5.5185	
2026-08-19 04:19:27,633 - my_experiment - advP_B_HC_st_nomm_44 - my_run - INFO - t_env: 1050200 / 5050000
2026-08-19 04:19:27,635 - my_experiment - advP_B_HC_st_nomm_44 - my_run - INFO - Estimated time left: 1 days, 6 hours, 46 minutes, 16 seconds. Time passed: 8 hours, 15 minutes, 19 seconds
2026-08-19 04:42:28,225 - my_experiment - advP_B_HC_st_nomm_44 - my_run - INFO - Recent Stats | t_env:    1100000 | Episode:     5500
ep_length_mean:          200.0000	episode_length_mean:     199.0000	epsilon:                   0.0500	grad_norm:               2999.8806
info_nce_loss:             0.4520	loss:                      3.8647	q_loss:                    3.5134	return_mean:              26.5682
return_std:                6.6179	test_ep_length_mean:     200.0000	test_episode_length_mean:199.0000	test_return_mean:         31.5748
test_return_std:           5.0305	
2026-08-19 04:42:33,499 - my_experiment - advP_B_HC_st_nomm_44 - my_run - INFO - t_env: 1100200 / 5050000
2026-08-19 04:42:33,501 - my_experiment - advP_B_HC_st_nomm_44 - my_run - INFO - Estimated time left: 1 days, 6 hours, 24 minutes, 37 seconds. Time passed: 8 hours, 38 minutes, 25 seconds
2026-08-19 05:05:33,288 - my_experiment - advP_B_HC_st_nomm_44 - my_run - INFO - Recent Stats | t_env:    1150000 | Episode:     5750
ep_length_mean:          200.0000	episode_length_mean:     199.0000	epsilon:                   0.0500	grad_norm:               3072.0410
info_nce_loss:             0.4033	loss:                      3.9047	q_loss:                    3.5497	return_mean:              27.4798
return_std:                7.8169	test_ep_length_mean:     200.0000	test_episode_length_mean:199.0000	test_return_mean:         29.6148
test_return_std:           5.0904	
2026-08-19 05:05:38,558 - my_experiment - advP_B_HC_st_nomm_44 - my_run - INFO - t_env: 1150200 / 5050000
2026-08-19 05:05:38,560 - my_experiment - advP_B_HC_st_nomm_44 - my_run - INFO - Estimated time left: 1 days, 6 hours, 29 seconds. Time passed: 9 hours, 1 minutes, 30 seconds
2026-08-19 05:28:38,142 - my_experiment - advP_B_HC_st_nomm_44 - my_run - INFO - Recent Stats | t_env:    1200000 | Episode:     6000
ep_length_mean:          200.0000	episode_length_mean:     199.0000	epsilon:                   0.0500	grad_norm:               2160.4094
info_nce_loss:             0.3500	loss:                      2.8885	q_loss:                    2.6259	return_mean:              32.4528
return_std:                6.8587	test_ep_length_mean:     200.0000	test_episode_length_mean:199.0000	test_return_mean:         30.2786
test_return_std:           4.7501	
2026-08-19 05:28:43,402 - my_experiment - advP_B_HC_st_nomm_44 - my_run - INFO - t_env: 1200200 / 5050000
2026-08-19 05:28:43,403 - my_experiment - advP_B_HC_st_nomm_44 - my_run - INFO - Estimated time left: 1 days, 5 hours, 37 minutes, 7 seconds. Time passed: 9 hours, 24 minutes, 35 seconds
2026-08-19 05:51:43,473 - my_experiment - advP_B_HC_st_nomm_44 - my_run - INFO - Recent Stats | t_env:    1250000 | Episode:     6250
ep_length_mean:          200.0000	episode_length_mean:     199.0000	epsilon:                   0.0500	grad_norm:               8832.0500
info_nce_loss:             0.7167	loss:                     16.4202	q_loss:                   14.9275	return_mean:              27.4821
return_std:                8.9386	test_ep_length_mean:     200.0000	test_episode_length_mean:199.0000	test_return_mean:         31.8673
test_return_std:           5.0462	
2026-08-19 05:51:48,750 - my_experiment - advP_B_HC_st_nomm_44 - my_run - INFO - t_env: 1250200 / 5050000
2026-08-19 05:51:48,752 - my_experiment - advP_B_HC_st_nomm_44 - my_run - INFO - Estimated time left: 1 days, 5 hours, 14 minutes, 40 seconds. Time passed: 9 hours, 47 minutes, 40 seconds
2026-08-19 06:14:47,895 - my_experiment - advP_B_HC_st_nomm_44 - my_run - INFO - Recent Stats | t_env:    1300000 | Episode:     6500
ep_length_mean:          200.0000	episode_length_mean:     199.0000	epsilon:                   0.0500	grad_norm:               9988.5358
info_nce_loss:             0.6014	loss:                     17.5366	q_loss:                   15.9424	return_mean:              23.8168
return_std:                8.2662	test_ep_length_mean:     200.0000	test_episode_length_mean:199.0000	test_return_mean:         29.6359
test_return_std:           4.9273	
2026-08-19 06:14:53,125 - my_experiment - advP_B_HC_st_nomm_44 - my_run - INFO - t_env: 1300200 / 5050000
2026-08-19 06:14:53,128 - my_experiment - advP_B_HC_st_nomm_44 - my_run - INFO - Estimated time left: 1 days, 4 hours, 50 minutes, 22 seconds. Time passed: 10 hours, 10 minutes, 45 seconds
2026-08-19 06:37:51,674 - my_experiment - advP_B_HC_st_nomm_44 - my_run - INFO - Recent Stats | t_env:    1350000 | Episode:     6750
ep_length_mean:          200.0000	episode_length_mean:     199.0000	epsilon:                   0.0500	grad_norm:               2865.4884
info_nce_loss:             0.4246	loss:                      8.6093	q_loss:                    7.8266	return_mean:              31.1630
return_std:                6.9933	test_ep_length_mean:     200.0000	test_episode_length_mean:199.0000	test_return_mean:         30.5121
test_return_std:           5.5510	
2026-08-19 06:37:56,926 - my_experiment - advP_B_HC_st_nomm_44 - my_run - INFO - t_env: 1350200 / 5050000
2026-08-19 06:37:56,928 - my_experiment - advP_B_HC_st_nomm_44 - my_run - INFO - Estimated time left: 1 days, 4 hours, 26 minutes, 35 seconds. Time passed: 10 hours, 33 minutes, 48 seconds
2026-08-19 07:00:48,112 - my_experiment - advP_B_HC_st_nomm_44 - my_run - INFO - Recent Stats | t_env:    1400000 | Episode:     7000
ep_length_mean:          200.0000	episode_length_mean:     199.0000	epsilon:                   0.0500	grad_norm:               2434.3948
info_nce_loss:             0.2161	loss:                      4.0518	q_loss:                    3.6835	return_mean:              35.0127
return_std:                8.8869	test_ep_length_mean:     200.0000	test_episode_length_mean:199.0000	test_return_mean:         32.8759
test_return_std:           5.8099	
2026-08-19 07:00:53,302 - my_experiment - advP_B_HC_st_nomm_44 - my_run - INFO - t_env: 1400200 / 5050000
2026-08-19 07:00:53,304 - my_experiment - advP_B_HC_st_nomm_44 - my_run - INFO - Estimated time left: 1 days, 3 hours, 54 minutes, 29 seconds. Time passed: 10 hours, 56 minutes, 45 seconds
2026-08-19 07:23:40,724 - my_experiment - advP_B_HC_st_nomm_44 - my_run - INFO - Recent Stats | t_env:    1450000 | Episode:     7250
ep_length_mean:          200.0000	episode_length_mean:     199.0000	epsilon:                   0.0500	grad_norm:               4692.5708
info_nce_loss:             0.1937	loss:                      9.0022	q_loss:                    8.1838	return_mean:              36.3702
return_std:                6.7207	test_ep_length_mean:     200.0000	test_episode_length_mean:199.0000	test_return_mean:         32.8053
test_return_std:           5.9186	
2026-08-19 07:23:45,928 - my_experiment - advP_B_HC_st_nomm_44 - my_run - INFO - t_env: 1450200 / 5050000
2026-08-19 07:23:45,930 - my_experiment - advP_B_HC_st_nomm_44 - my_run - INFO - Estimated time left: 1 days, 3 hours, 27 minutes, 3 seconds. Time passed: 11 hours, 19 minutes, 37 seconds
2026-08-19 07:46:34,192 - my_experiment - advP_B_HC_st_nomm_44 - my_run - INFO - Recent Stats | t_env:    1500000 | Episode:     7500
ep_length_mean:          200.0000	episode_length_mean:     199.0000	epsilon:                   0.0500	grad_norm:               4755.0422
info_nce_loss:             0.4978	loss:                      9.9768	q_loss:                    9.0698	return_mean:              30.6409
return_std:                7.0429	test_ep_length_mean:     200.0000	test_episode_length_mean:199.0000	test_return_mean:         33.6909
test_return_std:           6.1249	
2026-08-19 07:46:39,380 - my_experiment - advP_B_HC_st_nomm_44 - my_run - INFO - t_env: 1500200 / 5050000
2026-08-19 07:46:39,382 - my_experiment - advP_B_HC_st_nomm_44 - my_run - INFO - Estimated time left: 1 days, 3 hours, 5 minutes, 9 seconds. Time passed: 11 hours, 42 minutes, 31 seconds
2026-08-19 07:47:48,495 - my_experiment - advP_B_HC_st_nomm_44 - my_run - INFO - Saving models to work_dirs/my_experiment/advP_B_HC_st_nomm_44/my_run/20260818_200359/models/1500200
2026-08-19 08:09:24,916 - my_experiment - advP_B_HC_st_nomm_44 - my_run - INFO - Recent Stats | t_env:    1550000 | Episode:     7750
ep_length_mean:          200.0000	episode_length_mean:     199.0000	epsilon:                   0.0500	grad_norm:               11654.2223
info_nce_loss:             0.3998	loss:                     27.5183	q_loss:                   25.0166	return_mean:              24.1722
return_std:                9.0850	test_ep_length_mean:     200.0000	test_episode_length_mean:199.0000	test_return_mean:         37.3026
test_return_std:           6.7675	
2026-08-19 08:09:30,121 - my_experiment - advP_B_HC_st_nomm_44 - my_run - INFO - t_env: 1550200 / 5050000
2026-08-19 08:09:30,123 - my_experiment - advP_B_HC_st_nomm_44 - my_run - INFO - Estimated time left: 1 days, 2 hours, 39 minutes, 6 seconds. Time passed: 12 hours, 5 minutes, 22 seconds
2026-08-19 08:32:17,408 - my_experiment - advP_B_HC_st_nomm_44 - my_run - INFO - Recent Stats | t_env:    1600000 | Episode:     8000
ep_length_mean:          200.0000	episode_length_mean:     199.0000	epsilon:                   0.0500	grad_norm:               2106.7883
info_nce_loss:             0.2538	loss:                      9.6126	q_loss:                    8.7387	return_mean:              23.4890
return_std:                7.0861	test_ep_length_mean:     200.0000	test_episode_length_mean:199.0000	test_return_mean:         37.1667
test_return_std:           6.4049	
2026-08-19 08:32:22,640 - my_experiment - advP_B_HC_st_nomm_44 - my_run - INFO - t_env: 1600200 / 5050000
2026-08-19 08:32:22,641 - my_experiment - advP_B_HC_st_nomm_44 - my_run - INFO - Estimated time left: 1 days, 2 hours, 18 minutes, 18 seconds. Time passed: 12 hours, 28 minutes, 14 seconds
2026-08-19 08:55:09,603 - my_experiment - advP_B_HC_st_nomm_44 - my_run - INFO - Recent Stats | t_env:    1650000 | Episode:     8250
ep_length_mean:          200.0000	episode_length_mean:     199.0000	epsilon:                   0.0500	grad_norm:               8201.2151
info_nce_loss:             0.2393	loss:                     15.7610	q_loss:                   14.3282	return_mean:              28.5094
return_std:                7.1256	test_ep_length_mean:     200.0000	test_episode_length_mean:199.0000	test_return_mean:         35.1845
test_return_std:           5.9824	
2026-08-19 08:55:14,798 - my_experiment - advP_B_HC_st_nomm_44 - my_run - INFO - t_env: 1650200 / 5050000
2026-08-19 08:55:14,800 - my_experiment - advP_B_HC_st_nomm_44 - my_run - INFO - Estimated time left: 1 days, 1 hours, 55 minutes, 1 seconds. Time passed: 12 hours, 51 minutes, 6 seconds
2026-08-19 09:18:00,437 - my_experiment - advP_B_HC_st_nomm_44 - my_run - INFO - Recent Stats | t_env:    1700000 | Episode:     8500
ep_length_mean:          200.0000	episode_length_mean:     199.0000	epsilon:                   0.0500	grad_norm:               3856.3952
info_nce_loss:             0.4726	loss:                      5.3865	q_loss:                    4.8968	return_mean:              36.6889
return_std:                6.2022	test_ep_length_mean:     200.0000	test_episode_length_mean:199.0000	test_return_mean:         34.8093
test_return_std:           6.2234	
2026-08-19 09:18:05,680 - my_experiment - advP_B_HC_st_nomm_44 - my_run - INFO - t_env: 1700200 / 5050000
2026-08-19 09:18:05,681 - my_experiment - advP_B_HC_st_nomm_44 - my_run - INFO - Estimated time left: 1 days, 1 hours, 30 minutes, 43 seconds. Time passed: 13 hours, 13 minutes, 57 seconds
2026-08-19 09:40:52,541 - my_experiment - advP_B_HC_st_nomm_44 - my_run - INFO - Recent Stats | t_env:    1750000 | Episode:     8750
ep_length_mean:          200.0000	episode_length_mean:     199.0000	epsilon:                   0.0500	grad_norm:               4189.8081
info_nce_loss:             0.2504	loss:                      5.6357	q_loss:                    5.1234	return_mean:              39.9660
return_std:                5.8154	test_ep_length_mean:     200.0000	test_episode_length_mean:199.0000	test_return_mean:         35.1359
test_return_std:           5.4239	
2026-08-19 09:40:57,731 - my_experiment - advP_B_HC_st_nomm_44 - my_run - INFO - t_env: 1750200 / 5050000
2026-08-19 09:40:57,732 - my_experiment - advP_B_HC_st_nomm_44 - my_run - INFO - Estimated time left: 1 days, 1 hours, 9 minutes, 9 seconds. Time passed: 13 hours, 36 minutes, 49 seconds
2026-08-19 10:03:44,093 - my_experiment - advP_B_HC_st_nomm_44 - my_run - INFO - Recent Stats | t_env:    1800000 | Episode:     9000
ep_length_mean:          200.0000	episode_length_mean:     199.0000	epsilon:                   0.0500	grad_norm:               6832.9942
info_nce_loss:             0.3825	loss:                     16.6410	q_loss:                   15.1282	return_mean:              39.7627
return_std:                6.3628	test_ep_length_mean:     200.0000	test_episode_length_mean:199.0000	test_return_mean:         38.8404
test_return_std:           6.0679	
2026-08-19 10:03:49,295 - my_experiment - advP_B_HC_st_nomm_44 - my_run - INFO - t_env: 1800200 / 5050000
2026-08-19 10:03:49,297 - my_experiment - advP_B_HC_st_nomm_44 - my_run - INFO - Estimated time left: 1 days, 45 minutes, 46 seconds. Time passed: 13 hours, 59 minutes, 41 seconds
2026-08-19 10:26:35,780 - my_experiment - advP_B_HC_st_nomm_44 - my_run - INFO - Recent Stats | t_env:    1850000 | Episode:     9250
ep_length_mean:          200.0000	episode_length_mean:     199.0000	epsilon:                   0.0500	grad_norm:               4849.8970
info_nce_loss:             0.3332	loss:                      8.5046	q_loss:                    7.7315	return_mean:              40.6730
return_std:                7.9803	test_ep_length_mean:     200.0000	test_episode_length_mean:199.0000	test_return_mean:         42.0627
test_return_std:           6.0767	
2026-08-19 10:26:40,994 - my_experiment - advP_B_HC_st_nomm_44 - my_run - INFO - t_env: 1850200 / 5050000
2026-08-19 10:26:40,996 - my_experiment - advP_B_HC_st_nomm_44 - my_run - INFO - Estimated time left: 1 days, 23 minutes, 3 seconds. Time passed: 14 hours, 22 minutes, 33 seconds
2026-08-19 10:49:28,077 - my_experiment - advP_B_HC_st_nomm_44 - my_run - INFO - Recent Stats | t_env:    1900000 | Episode:     9500
ep_length_mean:          200.0000	episode_length_mean:     199.0000	epsilon:                   0.0500	grad_norm:               11566.3676
info_nce_loss:             0.3835	loss:                     18.8565	q_loss:                   17.1423	return_mean:              37.2032
return_std:                7.5544	test_ep_length_mean:     200.0000	test_episode_length_mean:199.0000	test_return_mean:         46.0769
test_return_std:           6.4689	
2026-08-19 10:49:33,312 - my_experiment - advP_B_HC_st_nomm_44 - my_run - INFO - t_env: 1900200 / 5050000
2026-08-19 10:49:33,314 - my_experiment - advP_B_HC_st_nomm_44 - my_run - INFO - Estimated time left: 1 days, 50 seconds. Time passed: 14 hours, 45 minutes, 25 seconds
2026-08-19 11:12:20,175 - my_experiment - advP_B_HC_st_nomm_44 - my_run - INFO - Recent Stats | t_env:    1950000 | Episode:     9750
ep_length_mean:          200.0000	episode_length_mean:     199.0000	epsilon:                   0.0500	grad_norm:               5637.3254
info_nce_loss:             0.4331	loss:                      9.1342	q_loss:                    8.3038	return_mean:              35.3682
return_std:                8.2761	test_ep_length_mean:     200.0000	test_episode_length_mean:199.0000	test_return_mean:         47.5048
test_return_std:           6.5561	
2026-08-19 11:12:25,395 - my_experiment - advP_B_HC_st_nomm_44 - my_run - INFO - t_env: 1950200 / 5050000
2026-08-19 11:12:25,396 - my_experiment - advP_B_HC_st_nomm_44 - my_run - INFO - Estimated time left: 23 hours, 37 minutes, 43 seconds. Time passed: 15 hours, 8 minutes, 17 seconds
2026-08-19 11:35:12,652 - my_experiment - advP_B_HC_st_nomm_44 - my_run - INFO - Recent Stats | t_env:    2000000 | Episode:    10000
ep_length_mean:          200.0000	episode_length_mean:     199.0000	epsilon:                   0.0500	grad_norm:               6656.1294
info_nce_loss:             0.2152	loss:                     11.5357	q_loss:                   10.4870	return_mean:              38.6517
return_std:                6.5427	test_ep_length_mean:     200.0000	test_episode_length_mean:199.0000	test_return_mean:         47.1294
test_return_std:           6.9015	
2026-08-19 11:35:17,870 - my_experiment - advP_B_HC_st_nomm_44 - my_run - INFO - t_env: 2000200 / 5050000
2026-08-19 11:35:17,872 - my_experiment - advP_B_HC_st_nomm_44 - my_run - INFO - Estimated time left: 23 hours, 15 minutes, 15 seconds. Time passed: 15 hours, 31 minutes, 9 seconds
2026-08-19 11:36:27,295 - my_experiment - advP_B_HC_st_nomm_44 - my_run - INFO - Saving models to work_dirs/my_experiment/advP_B_HC_st_nomm_44/my_run/20260818_200359/models/2000200
2026-08-19 11:58:05,252 - my_experiment - advP_B_HC_st_nomm_44 - my_run - INFO - Recent Stats | t_env:    2050000 | Episode:    10250
ep_length_mean:          200.0000	episode_length_mean:     199.0000	epsilon:                   0.0500	grad_norm:               9855.7194
info_nce_loss:             0.2800	loss:                     12.3382	q_loss:                   11.2165	return_mean:              38.0139
return_std:                5.9350	test_ep_length_mean:     200.0000	test_episode_length_mean:199.0000	test_return_mean:         47.2162
test_return_std:           6.5850	
2026-08-19 11:58:10,468 - my_experiment - advP_B_HC_st_nomm_44 - my_run - INFO - t_env: 2050200 / 5050000
2026-08-19 11:58:10,470 - my_experiment - advP_B_HC_st_nomm_44 - my_run - INFO - Estimated time left: 22 hours, 52 minutes, 30 seconds. Time passed: 15 hours, 54 minutes, 2 seconds
2026-08-19 12:20:55,501 - my_experiment - advP_B_HC_st_nomm_44 - my_run - INFO - Recent Stats | t_env:    2100000 | Episode:    10500
ep_length_mean:          200.0000	episode_length_mean:     199.0000	epsilon:                   0.0500	grad_norm:               7017.9468
info_nce_loss:             0.3206	loss:                     11.4067	q_loss:                   10.3697	return_mean:              27.2688
return_std:                8.8190	test_ep_length_mean:     200.0000	test_episode_length_mean:199.0000	test_return_mean:         47.5485
test_return_std:           6.9051	
2026-08-19 12:21:00,731 - my_experiment - advP_B_HC_st_nomm_44 - my_run - INFO - t_env: 2100200 / 5050000
2026-08-19 12:21:00,732 - my_experiment - advP_B_HC_st_nomm_44 - my_run - INFO - Estimated time left: 22 hours, 27 minutes, 19 seconds. Time passed: 16 hours, 16 minutes, 52 seconds
2026-08-19 12:45:22,352 - my_experiment - advP_B_HC_st_nomm_44 - my_run - INFO - Recent Stats | t_env:    2150000 | Episode:    10750
ep_length_mean:          200.0000	episode_length_mean:     199.0000	epsilon:                   0.0500	grad_norm:               3750.7416
info_nce_loss:             0.3872	loss:                      3.3881	q_loss:                    3.0801	return_mean:              40.8538
return_std:                6.7741	test_ep_length_mean:     200.0000	test_episode_length_mean:199.0000	test_return_mean:         48.1295
test_return_std:           6.9123	
2026-08-19 12:45:27,564 - my_experiment - advP_B_HC_st_nomm_44 - my_run - INFO - t_env: 2150200 / 5050000
2026-08-19 12:45:27,565 - my_experiment - advP_B_HC_st_nomm_44 - my_run - INFO - Estimated time left: 23 hours, 37 minutes, 50 seconds. Time passed: 16 hours, 41 minutes, 19 seconds
2026-08-19 13:08:14,566 - my_experiment - advP_B_HC_st_nomm_44 - my_run - INFO - Recent Stats | t_env:    2200000 | Episode:    11000
ep_length_mean:          200.0000	episode_length_mean:     199.0000	epsilon:                   0.0500	grad_norm:               4636.7949
info_nce_loss:             0.4862	loss:                      4.8936	q_loss:                    4.4487	return_mean:              45.2876
return_std:                6.3761	test_ep_length_mean:     200.0000	test_episode_length_mean:199.0000	test_return_mean:         50.1332
test_return_std:           6.6451	
2026-08-19 13:08:19,801 - my_experiment - advP_B_HC_st_nomm_44 - my_run - INFO - t_env: 2200200 / 5050000
2026-08-19 13:08:19,803 - my_experiment - advP_B_HC_st_nomm_44 - my_run - INFO - Estimated time left: 21 hours, 43 minutes, 32 seconds. Time passed: 17 hours, 4 minutes, 11 seconds
2026-08-19 13:31:08,315 - my_experiment - advP_B_HC_st_nomm_44 - my_run - INFO - Recent Stats | t_env:    2250000 | Episode:    11250
ep_length_mean:          200.0000	episode_length_mean:     199.0000	epsilon:                   0.0500	grad_norm:               3948.1260
info_nce_loss:             0.3470	loss:                      6.2818	q_loss:                    5.7107	return_mean:              45.2187
return_std:                7.2445	test_ep_length_mean:     200.0000	test_episode_length_mean:199.0000	test_return_mean:         53.8811
test_return_std:           6.9388	
2026-08-19 13:31:13,536 - my_experiment - advP_B_HC_st_nomm_44 - my_run - INFO - t_env: 2250200 / 5050000
2026-08-19 13:31:13,538 - my_experiment - advP_B_HC_st_nomm_44 - my_run - INFO - Estimated time left: 21 hours, 22 minutes, 3 seconds. Time passed: 17 hours, 27 minutes, 5 seconds
2026-08-19 13:53:59,001 - my_experiment - advP_B_HC_st_nomm_44 - my_run - INFO - Recent Stats | t_env:    2300000 | Episode:    11500
ep_length_mean:          200.0000	episode_length_mean:     199.0000	epsilon:                   0.0500	grad_norm:               5222.1561
info_nce_loss:             0.3564	loss:                      6.7319	q_loss:                    6.1199	return_mean:              32.8756
return_std:                7.9550	test_ep_length_mean:     200.0000	test_episode_length_mean:199.0000	test_return_mean:         47.5941
test_return_std:           6.3051	
2026-08-19 13:54:04,232 - my_experiment - advP_B_HC_st_nomm_44 - my_run - INFO - t_env: 2300200 / 5050000
2026-08-19 13:54:04,234 - my_experiment - advP_B_HC_st_nomm_44 - my_run - INFO - Estimated time left: 20 hours, 56 minutes, 22 seconds. Time passed: 17 hours, 49 minutes, 56 seconds
2026-08-19 14:16:49,600 - my_experiment - advP_B_HC_st_nomm_44 - my_run - INFO - Recent Stats | t_env:    2350000 | Episode:    11750
ep_length_mean:          200.0000	episode_length_mean:     199.0000	epsilon:                   0.0500	grad_norm:               4977.9027
info_nce_loss:             0.2477	loss:                      5.3864	q_loss:                    4.8967	return_mean:              47.8067
return_std:                6.3092	test_ep_length_mean:     200.0000	test_episode_length_mean:199.0000	test_return_mean:         48.2339
test_return_std:           5.7800	
2026-08-19 14:16:54,799 - my_experiment - advP_B_HC_st_nomm_44 - my_run - INFO - t_env: 2350200 / 5050000
2026-08-19 14:16:54,801 - my_experiment - advP_B_HC_st_nomm_44 - my_run - INFO - Estimated time left: 20 hours, 33 minutes, 25 seconds. Time passed: 18 hours, 12 minutes, 46 seconds
2026-08-19 14:39:42,410 - my_experiment - advP_B_HC_st_nomm_44 - my_run - INFO - Recent Stats | t_env:    2400000 | Episode:    12000
ep_length_mean:          200.0000	episode_length_mean:     199.0000	epsilon:                   0.0500	grad_norm:               5195.5917
info_nce_loss:             0.3069	loss:                     17.6396	q_loss:                   16.0360	return_mean:              45.2903
return_std:                7.6401	test_ep_length_mean:     200.0000	test_episode_length_mean:199.0000	test_return_mean:         50.1543
test_return_std:           6.3616	
2026-08-19 14:39:47,656 - my_experiment - advP_B_HC_st_nomm_44 - my_run - INFO - t_env: 2400200 / 5050000
2026-08-19 14:39:47,658 - my_experiment - advP_B_HC_st_nomm_44 - my_run - INFO - Estimated time left: 20 hours, 12 minutes, 35 seconds. Time passed: 18 hours, 35 minutes, 39 seconds
2026-08-19 15:02:34,416 - my_experiment - advP_B_HC_st_nomm_44 - my_run - INFO - Recent Stats | t_env:    2450000 | Episode:    12250
ep_length_mean:          200.0000	episode_length_mean:     199.0000	epsilon:                   0.0500	grad_norm:               3241.0917
info_nce_loss:             0.5869	loss:                     13.5516	q_loss:                   12.3197	return_mean:              39.0159
return_std:                9.9263	test_ep_length_mean:     200.0000	test_episode_length_mean:199.0000	test_return_mean:         40.9212
test_return_std:           5.7092	
2026-08-19 15:02:39,633 - my_experiment - advP_B_HC_st_nomm_44 - my_run - INFO - t_env: 2450200 / 5050000
2026-08-19 15:02:39,635 - my_experiment - advP_B_HC_st_nomm_44 - my_run - INFO - Estimated time left: 19 hours, 48 minutes, 57 seconds. Time passed: 18 hours, 58 minutes, 31 seconds
2026-08-19 15:25:34,788 - my_experiment - advP_B_HC_st_nomm_44 - my_run - INFO - Recent Stats | t_env:    2500000 | Episode:    12500
ep_length_mean:          200.0000	episode_length_mean:     199.0000	epsilon:                   0.0500	grad_norm:               4903.7202
info_nce_loss:             0.5005	loss:                      9.5075	q_loss:                    8.6432	return_mean:              43.5596
return_std:                7.4958	test_ep_length_mean:     200.0000	test_episode_length_mean:199.0000	test_return_mean:         36.6935
test_return_std:           5.1326	
2026-08-19 15:25:40,182 - my_experiment - advP_B_HC_st_nomm_44 - my_run - INFO - t_env: 2500200 / 5050000
2026-08-19 15:25:40,184 - my_experiment - advP_B_HC_st_nomm_44 - my_run - INFO - Estimated time left: 19 hours, 33 minutes, 22 seconds. Time passed: 19 hours, 21 minutes, 32 seconds
2026-08-19 15:26:54,199 - my_experiment - advP_B_HC_st_nomm_44 - my_run - INFO - Saving models to work_dirs/my_experiment/advP_B_HC_st_nomm_44/my_run/20260818_200359/models/2500200
2026-08-19 15:49:16,172 - my_experiment - advP_B_HC_st_nomm_44 - my_run - INFO - Recent Stats | t_env:    2550000 | Episode:    12750
ep_length_mean:          200.0000	episode_length_mean:     199.0000	epsilon:                   0.0500	grad_norm:               7560.3446
info_nce_loss:             0.3347	loss:                     10.2887	q_loss:                    9.3534	return_mean:              46.9984
return_std:                7.6529	test_ep_length_mean:     200.0000	test_episode_length_mean:199.0000	test_return_mean:         40.0265
test_return_std:           5.5322	
2026-08-19 15:49:21,628 - my_experiment - advP_B_HC_st_nomm_44 - my_run - INFO - t_env: 2550200 / 5050000
2026-08-19 15:49:21,629 - my_experiment - advP_B_HC_st_nomm_44 - my_run - INFO - Estimated time left: 19 hours, 44 minutes, 26 seconds. Time passed: 19 hours, 45 minutes, 13 seconds
2026-08-19 16:13:12,605 - my_experiment - advP_B_HC_st_nomm_44 - my_run - INFO - Recent Stats | t_env:    2600000 | Episode:    13000
ep_length_mean:          200.0000	episode_length_mean:     199.0000	epsilon:                   0.0500	grad_norm:               9316.9517
info_nce_loss:             0.3277	loss:                     14.6323	q_loss:                   13.3021	return_mean:              47.5117
return_std:                6.4099	test_ep_length_mean:     200.0000	test_episode_length_mean:199.0000	test_return_mean:         40.9796
test_return_std:           5.7449	
2026-08-19 16:13:18,105 - my_experiment - advP_B_HC_st_nomm_44 - my_run - INFO - t_env: 2600200 / 5050000
2026-08-19 16:13:18,107 - my_experiment - advP_B_HC_st_nomm_44 - my_run - INFO - Estimated time left: 19 hours, 33 minutes, 1 seconds. Time passed: 20 hours, 9 minutes, 10 seconds
2026-08-19 16:37:11,143 - my_experiment - advP_B_HC_st_nomm_44 - my_run - INFO - Recent Stats | t_env:    2650000 | Episode:    13250
ep_length_mean:          200.0000	episode_length_mean:     199.0000	epsilon:                   0.0500	grad_norm:               4469.9633
info_nce_loss:             0.3633	loss:                      6.5190	q_loss:                    5.9264	return_mean:              46.6330
return_std:                5.8041	test_ep_length_mean:     200.0000	test_episode_length_mean:199.0000	test_return_mean:         40.2027
test_return_std:           5.4436	
2026-08-19 16:37:16,602 - my_experiment - advP_B_HC_st_nomm_44 - my_run - INFO - t_env: 2650200 / 5050000
2026-08-19 16:37:16,604 - my_experiment - advP_B_HC_st_nomm_44 - my_run - INFO - Estimated time left: 19 hours, 10 minutes, 42 seconds. Time passed: 20 hours, 33 minutes, 8 seconds
2026-08-19 17:01:09,834 - my_experiment - advP_B_HC_st_nomm_44 - my_run - INFO - Recent Stats | t_env:    2700000 | Episode:    13500
ep_length_mean:          200.0000	episode_length_mean:     199.0000	epsilon:                   0.0500	grad_norm:               8060.6897
info_nce_loss:             0.3355	loss:                      9.6090	q_loss:                    8.7355	return_mean:              45.8472
return_std:                6.1269	test_ep_length_mean:     200.0000	test_episode_length_mean:199.0000	test_return_mean:         49.5920
test_return_std:           6.2688	
2026-08-19 17:01:15,305 - my_experiment - advP_B_HC_st_nomm_44 - my_run - INFO - t_env: 2700200 / 5050000
2026-08-19 17:01:15,307 - my_experiment - advP_B_HC_st_nomm_44 - my_run - INFO - Estimated time left: 18 hours, 46 minutes, 53 seconds. Time passed: 20 hours, 57 minutes, 7 seconds
2026-08-19 17:25:08,358 - my_experiment - advP_B_HC_st_nomm_44 - my_run - INFO - Recent Stats | t_env:    2750000 | Episode:    13750
ep_length_mean:          200.0000	episode_length_mean:     199.0000	epsilon:                   0.0500	grad_norm:               9173.1361
info_nce_loss:             0.2907	loss:                     10.2689	q_loss:                    9.3354	return_mean:              46.7415
return_std:                6.0986	test_ep_length_mean:     200.0000	test_episode_length_mean:199.0000	test_return_mean:         52.1272
test_return_std:           7.0048	
2026-08-19 17:25:13,823 - my_experiment - advP_B_HC_st_nomm_44 - my_run - INFO - t_env: 2750200 / 5050000
2026-08-19 17:25:13,825 - my_experiment - advP_B_HC_st_nomm_44 - my_run - INFO - Estimated time left: 18 hours, 22 minutes, 46 seconds. Time passed: 21 hours, 21 minutes, 5 seconds
2026-08-19 17:49:05,121 - my_experiment - advP_B_HC_st_nomm_44 - my_run - INFO - Recent Stats | t_env:    2800000 | Episode:    14000
ep_length_mean:          200.0000	episode_length_mean:     199.0000	epsilon:                   0.0500	grad_norm:               5442.3457
info_nce_loss:             0.2626	loss:                     11.3716	q_loss:                   10.3378	return_mean:              36.8015
return_std:                9.0135	test_ep_length_mean:     200.0000	test_episode_length_mean:199.0000	test_return_mean:         55.7702
test_return_std:           6.8805	
2026-08-19 17:49:10,588 - my_experiment - advP_B_HC_st_nomm_44 - my_run - INFO - t_env: 2800200 / 5050000
2026-08-19 17:49:10,590 - my_experiment - advP_B_HC_st_nomm_44 - my_run - INFO - Estimated time left: 17 hours, 57 minutes, 28 seconds. Time passed: 21 hours, 45 minutes, 2 seconds
2026-08-19 18:12:47,253 - my_experiment - advP_B_HC_st_nomm_44 - my_run - INFO - Recent Stats | t_env:    2850000 | Episode:    14250
ep_length_mean:          200.0000	episode_length_mean:     199.0000	epsilon:                   0.0500	grad_norm:               21850.2753
info_nce_loss:             0.4891	loss:                     42.3294	q_loss:                   38.4812	return_mean:              41.7931
return_std:                8.1143	test_ep_length_mean:     200.0000	test_episode_length_mean:199.0000	test_return_mean:         53.4921
test_return_std:           7.0944	
2026-08-19 18:12:52,666 - my_experiment - advP_B_HC_st_nomm_44 - my_run - INFO - t_env: 2850200 / 5050000
2026-08-19 18:12:52,668 - my_experiment - advP_B_HC_st_nomm_44 - my_run - INFO - Estimated time left: 17 hours, 22 minutes, 45 seconds. Time passed: 22 hours, 8 minutes, 44 seconds
2026-08-19 18:36:27,785 - my_experiment - advP_B_HC_st_nomm_44 - my_run - INFO - Recent Stats | t_env:    2900000 | Episode:    14500
ep_length_mean:          200.0000	episode_length_mean:     199.0000	epsilon:                   0.0500	grad_norm:               5506.8026
info_nce_loss:             0.3557	loss:                      9.4426	q_loss:                    8.5842	return_mean:              39.3057
return_std:               12.5751	test_ep_length_mean:     200.0000	test_episode_length_mean:199.0000	test_return_mean:         43.2503
test_return_std:           5.8301	
2026-08-19 18:36:33,195 - my_experiment - advP_B_HC_st_nomm_44 - my_run - INFO - t_env: 2900200 / 5050000
2026-08-19 18:36:33,196 - my_experiment - advP_B_HC_st_nomm_44 - my_run - INFO - Estimated time left: 16 hours, 57 minutes, 57 seconds. Time passed: 22 hours, 32 minutes, 25 seconds
2026-08-19 19:00:07,701 - my_experiment - advP_B_HC_st_nomm_44 - my_run - INFO - Recent Stats | t_env:    2950000 | Episode:    14750
ep_length_mean:          200.0000	episode_length_mean:     199.0000	epsilon:                   0.0500	grad_norm:               19492.7907
info_nce_loss:             0.2609	loss:                     25.7569	q_loss:                   23.4154	return_mean:              42.5897
return_std:                6.6885	test_ep_length_mean:     200.0000	test_episode_length_mean:199.0000	test_return_mean:         41.2595
test_return_std:           5.7210	
2026-08-19 19:00:13,127 - my_experiment - advP_B_HC_st_nomm_44 - my_run - INFO - t_env: 2950200 / 5050000
2026-08-19 19:00:13,129 - my_experiment - advP_B_HC_st_nomm_44 - my_run - INFO - Estimated time left: 16 hours, 33 minutes, 51 seconds. Time passed: 22 hours, 56 minutes, 5 seconds
2026-08-19 19:23:49,700 - my_experiment - advP_B_HC_st_nomm_44 - my_run - INFO - Recent Stats | t_env:    3000000 | Episode:    15000
ep_length_mean:          200.0000	episode_length_mean:     199.0000	epsilon:                   0.0500	grad_norm:               8867.2030
info_nce_loss:             0.2403	loss:                     14.4642	q_loss:                   13.1493	return_mean:              41.7742
return_std:                6.4608	test_ep_length_mean:     200.0000	test_episode_length_mean:199.0000	test_return_mean:         40.9177
test_return_std:           5.8141	
2026-08-19 19:23:55,093 - my_experiment - advP_B_HC_st_nomm_44 - my_run - INFO - t_env: 3000200 / 5050000
2026-08-19 19:23:55,095 - my_experiment - advP_B_HC_st_nomm_44 - my_run - INFO - Estimated time left: 16 hours, 11 minutes, 34 seconds. Time passed: 23 hours, 19 minutes, 47 seconds
2026-08-19 19:25:07,628 - my_experiment - advP_B_HC_st_nomm_44 - my_run - INFO - Saving models to work_dirs/my_experiment/advP_B_HC_st_nomm_44/my_run/20260818_200359/models/3000200
2026-08-19 19:47:30,751 - my_experiment - advP_B_HC_st_nomm_44 - my_run - INFO - Recent Stats | t_env:    3050000 | Episode:    15250
ep_length_mean:          200.0000	episode_length_mean:     199.0000	epsilon:                   0.0500	grad_norm:               4883.7723
info_nce_loss:             0.2509	loss:                     11.7839	q_loss:                   10.7127	return_mean:              45.8970
return_std:                6.5411	test_ep_length_mean:     200.0000	test_episode_length_mean:199.0000	test_return_mean:         40.1155
test_return_std:           5.6123	
2026-08-19 19:47:36,130 - my_experiment - advP_B_HC_st_nomm_44 - my_run - INFO - t_env: 3050200 / 5050000
2026-08-19 19:47:36,131 - my_experiment - advP_B_HC_st_nomm_44 - my_run - INFO - Estimated time left: 15 hours, 47 minutes, 15 seconds. Time passed: 23 hours, 43 minutes, 28 seconds
2026-08-19 20:11:12,514 - my_experiment - advP_B_HC_st_nomm_44 - my_run - INFO - Recent Stats | t_env:    3100000 | Episode:    15500
ep_length_mean:          200.0000	episode_length_mean:     199.0000	epsilon:                   0.0500	grad_norm:               8216.0770
info_nce_loss:             0.3363	loss:                     10.2800	q_loss:                    9.3455	return_mean:              45.2706
return_std:                6.7151	test_ep_length_mean:     200.0000	test_episode_length_mean:199.0000	test_return_mean:         41.0001
test_return_std:           5.6332	
2026-08-19 20:11:17,909 - my_experiment - advP_B_HC_st_nomm_44 - my_run - INFO - t_env: 3100200 / 5050000
2026-08-19 20:11:17,911 - my_experiment - advP_B_HC_st_nomm_44 - my_run - INFO - Estimated time left: 15 hours, 24 minutes, 3 seconds. Time passed: 1 days, 7 minutes, 9 seconds
2026-08-19 20:34:54,805 - my_experiment - advP_B_HC_st_nomm_44 - my_run - INFO - Recent Stats | t_env:    3150000 | Episode:    15750
ep_length_mean:          200.0000	episode_length_mean:     199.0000	epsilon:                   0.0500	grad_norm:               12783.7278
info_nce_loss:             0.3899	loss:                     21.6027	q_loss:                   19.6388	return_mean:              46.9153
return_std:                6.7839	test_ep_length_mean:     200.0000	test_episode_length_mean:199.0000	test_return_mean:         52.1902
test_return_std:           7.1004	
2026-08-19 20:35:00,192 - my_experiment - advP_B_HC_st_nomm_44 - my_run - INFO - t_env: 3150200 / 5050000
2026-08-19 20:35:00,193 - my_experiment - advP_B_HC_st_nomm_44 - my_run - INFO - Estimated time left: 15 hours, 41 seconds. Time passed: 1 days, 30 minutes, 52 seconds
2026-08-19 20:58:36,273 - my_experiment - advP_B_HC_st_nomm_44 - my_run - INFO - Recent Stats | t_env:    3200000 | Episode:    16000
ep_length_mean:          200.0000	episode_length_mean:     199.0000	epsilon:                   0.0500	grad_norm:               11052.6173
info_nce_loss:             0.3072	loss:                     18.2244	q_loss:                   16.5676	return_mean:              45.4444
return_std:                6.3068	test_ep_length_mean:     200.0000	test_episode_length_mean:199.0000	test_return_mean:         53.7618
test_return_std:           7.6180	
2026-08-19 20:58:41,657 - my_experiment - advP_B_HC_st_nomm_44 - my_run - INFO - t_env: 3200200 / 5050000
2026-08-19 20:58:41,658 - my_experiment - advP_B_HC_st_nomm_44 - my_run - INFO - Estimated time left: 14 hours, 36 minutes, 28 seconds. Time passed: 1 days, 54 minutes, 33 seconds
2026-08-19 21:22:16,904 - my_experiment - advP_B_HC_st_nomm_44 - my_run - INFO - Recent Stats | t_env:    3250000 | Episode:    16250
ep_length_mean:          200.0000	episode_length_mean:     199.0000	epsilon:                   0.0500	grad_norm:               12428.5871
info_nce_loss:             0.3086	loss:                     20.3635	q_loss:                   18.5123	return_mean:              45.4765
return_std:                6.0595	test_ep_length_mean:     200.0000	test_episode_length_mean:199.0000	test_return_mean:         53.0593
test_return_std:           7.3904	
2026-08-19 21:22:22,304 - my_experiment - advP_B_HC_st_nomm_44 - my_run - INFO - t_env: 3250200 / 5050000
2026-08-19 21:22:22,305 - my_experiment - advP_B_HC_st_nomm_44 - my_run - INFO - Estimated time left: 14 hours, 12 minutes, 17 seconds. Time passed: 1 days, 1 hours, 18 minutes, 14 seconds
2026-08-19 21:45:57,733 - my_experiment - advP_B_HC_st_nomm_44 - my_run - INFO - Recent Stats | t_env:    3300000 | Episode:    16500
ep_length_mean:          200.0000	episode_length_mean:     199.0000	epsilon:                   0.0500	grad_norm:               13141.2415
info_nce_loss:             0.2459	loss:                     20.3160	q_loss:                   18.4691	return_mean:              45.5047
return_std:                6.9932	test_ep_length_mean:     200.0000	test_episode_length_mean:199.0000	test_return_mean:         54.0838
test_return_std:           7.8151	
2026-08-19 21:46:03,148 - my_experiment - advP_B_HC_st_nomm_44 - my_run - INFO - t_env: 3300200 / 5050000
2026-08-19 21:46:03,149 - my_experiment - advP_B_HC_st_nomm_44 - my_run - INFO - Estimated time left: 13 hours, 48 minutes, 43 seconds. Time passed: 1 days, 1 hours, 41 minutes, 55 seconds
2026-08-19 22:09:36,251 - my_experiment - advP_B_HC_st_nomm_44 - my_run - INFO - Recent Stats | t_env:    3350000 | Episode:    16750
ep_length_mean:          200.0000	episode_length_mean:     199.0000	epsilon:                   0.0500	grad_norm:               10062.5368
info_nce_loss:             0.2008	loss:                     19.7990	q_loss:                   17.9991	return_mean:              44.8925
return_std:                6.8487	test_ep_length_mean:     200.0000	test_episode_length_mean:199.0000	test_return_mean:         54.8840
test_return_std:           7.9682	
2026-08-19 22:09:41,658 - my_experiment - advP_B_HC_st_nomm_44 - my_run - INFO - t_env: 3350200 / 5050000
2026-08-19 22:09:41,660 - my_experiment - advP_B_HC_st_nomm_44 - my_run - INFO - Estimated time left: 13 hours, 23 minutes, 43 seconds. Time passed: 1 days, 2 hours, 5 minutes, 33 seconds
2026-08-19 22:33:15,310 - my_experiment - advP_B_HC_st_nomm_44 - my_run - INFO - Recent Stats | t_env:    3400000 | Episode:    17000
ep_length_mean:          200.0000	episode_length_mean:     199.0000	epsilon:                   0.0500	grad_norm:               18029.9756
info_nce_loss:             0.2376	loss:                     40.0452	q_loss:                   36.4047	return_mean:              43.1357
return_std:                8.5369	test_ep_length_mean:     200.0000	test_episode_length_mean:199.0000	test_return_mean:         53.4936
test_return_std:           8.0162	
2026-08-19 22:33:20,696 - my_experiment - advP_B_HC_st_nomm_44 - my_run - INFO - t_env: 3400200 / 5050000
2026-08-19 22:33:20,698 - my_experiment - advP_B_HC_st_nomm_44 - my_run - INFO - Estimated time left: 13 hours, 22 seconds. Time passed: 1 days, 2 hours, 29 minutes, 12 seconds
2026-08-19 22:56:54,118 - my_experiment - advP_B_HC_st_nomm_44 - my_run - INFO - Recent Stats | t_env:    3450000 | Episode:    17250
ep_length_mean:          200.0000	episode_length_mean:     199.0000	epsilon:                   0.0500	grad_norm:               5137.6687
info_nce_loss:             0.1879	loss:                      5.5501	q_loss:                    5.0456	return_mean:              46.6510
return_std:                6.3803	test_ep_length_mean:     200.0000	test_episode_length_mean:199.0000	test_return_mean:         53.6222
test_return_std:           8.0825	
2026-08-19 22:56:59,503 - my_experiment - advP_B_HC_st_nomm_44 - my_run - INFO - t_env: 3450200 / 5050000
2026-08-19 22:56:59,505 - my_experiment - advP_B_HC_st_nomm_44 - my_run - INFO - Estimated time left: 12 hours, 36 minutes, 36 seconds. Time passed: 1 days, 2 hours, 52 minutes, 51 seconds
2026-08-19 23:20:32,734 - my_experiment - advP_B_HC_st_nomm_44 - my_run - INFO - Recent Stats | t_env:    3500000 | Episode:    17500
ep_length_mean:          200.0000	episode_length_mean:     199.0000	epsilon:                   0.0500	grad_norm:               5499.4919
info_nce_loss:             0.2313	loss:                      4.4158	q_loss:                    4.0143	return_mean:              45.0119
return_std:                6.4144	test_ep_length_mean:     200.0000	test_episode_length_mean:199.0000	test_return_mean:         53.6397
test_return_std:           8.2372	
2026-08-19 23:20:38,153 - my_experiment - advP_B_HC_st_nomm_44 - my_run - INFO - t_env: 3500200 / 5050000
2026-08-19 23:20:38,154 - my_experiment - advP_B_HC_st_nomm_44 - my_run - INFO - Estimated time left: 12 hours, 12 minutes, 52 seconds. Time passed: 1 days, 3 hours, 16 minutes, 30 seconds
2026-08-19 23:21:50,507 - my_experiment - advP_B_HC_st_nomm_44 - my_run - INFO - Saving models to work_dirs/my_experiment/advP_B_HC_st_nomm_44/my_run/20260818_200359/models/3500200
2026-08-19 23:44:11,898 - my_experiment - advP_B_HC_st_nomm_44 - my_run - INFO - Recent Stats | t_env:    3550000 | Episode:    17750
ep_length_mean:          200.0000	episode_length_mean:     199.0000	epsilon:                   0.0500	grad_norm:               6187.1360
info_nce_loss:             0.3531	loss:                      4.8937	q_loss:                    4.4488	return_mean:              41.7068
return_std:                7.1630	test_ep_length_mean:     200.0000	test_episode_length_mean:199.0000	test_return_mean:         51.4480
test_return_std:           7.6051	
2026-08-19 23:44:17,296 - my_experiment - advP_B_HC_st_nomm_44 - my_run - INFO - t_env: 3550200 / 5050000
2026-08-19 23:44:17,297 - my_experiment - advP_B_HC_st_nomm_44 - my_run - INFO - Estimated time left: 11 hours, 49 minutes, 28 seconds. Time passed: 1 days, 3 hours, 40 minutes, 9 seconds
2026-08-20 00:07:50,609 - my_experiment - advP_B_HC_st_nomm_44 - my_run - INFO - Recent Stats | t_env:    3600000 | Episode:    18000
ep_length_mean:          200.0000	episode_length_mean:     199.0000	epsilon:                   0.0500	grad_norm:               5280.2518
info_nce_loss:             0.2799	loss:                      3.9562	q_loss:                    3.5965	return_mean:              38.2661
return_std:                6.6365	test_ep_length_mean:     200.0000	test_episode_length_mean:199.0000	test_return_mean:         49.4190
test_return_std:           7.6635	
2026-08-20 00:07:56,012 - my_experiment - advP_B_HC_st_nomm_44 - my_run - INFO - t_env: 3600200 / 5050000
2026-08-20 00:07:56,014 - my_experiment - advP_B_HC_st_nomm_44 - my_run - INFO - Estimated time left: 11 hours, 25 minutes, 37 seconds. Time passed: 1 days, 4 hours, 3 minutes, 48 seconds
2026-08-20 00:31:28,928 - my_experiment - advP_B_HC_st_nomm_44 - my_run - INFO - Recent Stats | t_env:    3650000 | Episode:    18250
ep_length_mean:          200.0000	episode_length_mean:     199.0000	epsilon:                   0.0500	grad_norm:               6172.2121
info_nce_loss:             0.4469	loss:                      4.9566	q_loss:                    4.5060	return_mean:              37.6462
return_std:                7.5486	test_ep_length_mean:     200.0000	test_episode_length_mean:199.0000	test_return_mean:         47.2875
test_return_std:           7.4219	
2026-08-20 00:31:34,334 - my_experiment - advP_B_HC_st_nomm_44 - my_run - INFO - t_env: 3650200 / 5050000
2026-08-20 00:31:34,335 - my_experiment - advP_B_HC_st_nomm_44 - my_run - INFO - Estimated time left: 11 hours, 1 minutes, 47 seconds. Time passed: 1 days, 4 hours, 27 minutes, 26 seconds
2026-08-20 00:55:07,061 - my_experiment - advP_B_HC_st_nomm_44 - my_run - INFO - Recent Stats | t_env:    3700000 | Episode:    18500
ep_length_mean:          200.0000	episode_length_mean:     199.0000	epsilon:                   0.0500	grad_norm:               13345.6504
info_nce_loss:             0.3632	loss:                     15.4846	q_loss:                   14.0769	return_mean:              37.9313
return_std:                7.7996	test_ep_length_mean:     200.0000	test_episode_length_mean:199.0000	test_return_mean:         45.6795
test_return_std:           7.1037	
2026-08-20 00:55:12,478 - my_experiment - advP_B_HC_st_nomm_44 - my_run - INFO - t_env: 3700200 / 5050000
2026-08-20 00:55:12,479 - my_experiment - advP_B_HC_st_nomm_44 - my_run - INFO - Estimated time left: 10 hours, 38 minutes, 4 seconds. Time passed: 1 days, 4 hours, 51 minutes, 4 seconds
2026-08-20 01:18:45,840 - my_experiment - advP_B_HC_st_nomm_44 - my_run - INFO - Recent Stats | t_env:    3750000 | Episode:    18750
ep_length_mean:          200.0000	episode_length_mean:     199.0000	epsilon:                   0.0500	grad_norm:               6631.6010
info_nce_loss:             0.3419	loss:                     18.0836	q_loss:                   16.4396	return_mean:              38.0904
return_std:                9.2596	test_ep_length_mean:     200.0000	test_episode_length_mean:199.0000	test_return_mean:         46.7955
test_return_std:           6.6244	
2026-08-20 01:18:51,213 - my_experiment - advP_B_HC_st_nomm_44 - my_run - INFO - t_env: 3750200 / 5050000
2026-08-20 01:18:51,214 - my_experiment - advP_B_HC_st_nomm_44 - my_run - INFO - Estimated time left: 10 hours, 14 minutes, 41 seconds. Time passed: 1 days, 5 hours, 14 minutes, 43 seconds
2026-08-20 01:42:25,588 - my_experiment - advP_B_HC_st_nomm_44 - my_run - INFO - Recent Stats | t_env:    3800000 | Episode:    19000
ep_length_mean:          200.0000	episode_length_mean:     199.0000	epsilon:                   0.0500	grad_norm:               6986.1221
info_nce_loss:             0.2636	loss:                      9.5849	q_loss:                    8.7136	return_mean:              39.3940
return_std:               10.2263	test_ep_length_mean:     200.0000	test_episode_length_mean:199.0000	test_return_mean:         47.7220
test_return_std:           7.1747	
2026-08-20 01:42:30,982 - my_experiment - advP_B_HC_st_nomm_44 - my_run - INFO - t_env: 3800200 / 5050000
2026-08-20 01:42:30,983 - my_experiment - advP_B_HC_st_nomm_44 - my_run - INFO - Estimated time left: 9 hours, 51 minutes, 28 seconds. Time passed: 1 days, 5 hours, 38 minutes, 23 seconds
2026-08-20 02:06:04,610 - my_experiment - advP_B_HC_st_nomm_44 - my_run - INFO - Recent Stats | t_env:    3850000 | Episode:    19250
ep_length_mean:          200.0000	episode_length_mean:     199.0000	epsilon:                   0.0500	grad_norm:               7223.0512
info_nce_loss:             0.2923	loss:                      8.4797	q_loss:                    7.7088	return_mean:              41.0912
return_std:                6.0364	test_ep_length_mean:     200.0000	test_episode_length_mean:199.0000	test_return_mean:         47.9220
test_return_std:           6.8515	
2026-08-20 02:06:09,997 - my_experiment - advP_B_HC_st_nomm_44 - my_run - INFO - t_env: 3850200 / 5050000
2026-08-20 02:06:09,998 - my_experiment - advP_B_HC_st_nomm_44 - my_run - INFO - Estimated time left: 9 hours, 27 minutes, 30 seconds. Time passed: 1 days, 6 hours, 2 minutes, 2 seconds
2026-08-20 02:29:43,316 - my_experiment - advP_B_HC_st_nomm_44 - my_run - INFO - Recent Stats | t_env:    3900000 | Episode:    19500
ep_length_mean:          200.0000	episode_length_mean:     199.0000	epsilon:                   0.0500	grad_norm:               7106.2014
info_nce_loss:             0.2350	loss:                      7.9371	q_loss:                    7.2155	return_mean:              39.1819
return_std:                7.3554	test_ep_length_mean:     200.0000	test_episode_length_mean:199.0000	test_return_mean:         48.5114
test_return_std:           7.2602	
2026-08-20 02:29:48,703 - my_experiment - advP_B_HC_st_nomm_44 - my_run - INFO - t_env: 3900200 / 5050000
2026-08-20 02:29:48,704 - my_experiment - advP_B_HC_st_nomm_44 - my_run - INFO - Estimated time left: 9 hours, 3 minutes, 44 seconds. Time passed: 1 days, 6 hours, 25 minutes, 40 seconds
2026-08-20 02:53:23,822 - my_experiment - advP_B_HC_st_nomm_44 - my_run - INFO - Recent Stats | t_env:    3950000 | Episode:    19750
ep_length_mean:          200.0000	episode_length_mean:     199.0000	epsilon:                   0.0500	grad_norm:               10566.8347
info_nce_loss:             0.3217	loss:                     22.9286	q_loss:                   20.8442	return_mean:              41.6543
return_std:                7.2597	test_ep_length_mean:     200.0000	test_episode_length_mean:199.0000	test_return_mean:         46.9094
test_return_std:           7.0461	
2026-08-20 02:53:29,212 - my_experiment - advP_B_HC_st_nomm_44 - my_run - INFO - t_env: 3950200 / 5050000
2026-08-20 02:53:29,214 - my_experiment - advP_B_HC_st_nomm_44 - my_run - INFO - Estimated time left: 8 hours, 40 minutes, 45 seconds. Time passed: 1 days, 6 hours, 49 minutes, 21 seconds
2026-08-20 03:17:04,100 - my_experiment - advP_B_HC_st_nomm_44 - my_run - INFO - Recent Stats | t_env:    4000000 | Episode:    20000
ep_length_mean:          200.0000	episode_length_mean:     199.0000	epsilon:                   0.0500	grad_norm:               10244.4801
info_nce_loss:             0.2423	loss:                     17.5607	q_loss:                   15.9643	return_mean:              43.4070
return_std:                6.9287	test_ep_length_mean:     200.0000	test_episode_length_mean:199.0000	test_return_mean:         46.0180
test_return_std:           6.8682	
2026-08-20 03:17:09,543 - my_experiment - advP_B_HC_st_nomm_44 - my_run - INFO - t_env: 4000200 / 5050000
2026-08-20 03:17:09,545 - my_experiment - advP_B_HC_st_nomm_44 - my_run - INFO - Estimated time left: 8 hours, 17 minutes, 1 seconds. Time passed: 1 days, 7 hours, 13 minutes, 1 seconds
2026-08-20 03:18:22,011 - my_experiment - advP_B_HC_st_nomm_44 - my_run - INFO - Saving models to work_dirs/my_experiment/advP_B_HC_st_nomm_44/my_run/20260818_200359/models/4000200
2026-08-20 03:40:46,226 - my_experiment - advP_B_HC_st_nomm_44 - my_run - INFO - Recent Stats | t_env:    4050000 | Episode:    20250
ep_length_mean:          200.0000	episode_length_mean:     199.0000	epsilon:                   0.0500	grad_norm:               16398.6046
info_nce_loss:             0.2248	loss:                     27.1197	q_loss:                   24.6542	return_mean:              41.2128
return_std:                7.1181	test_ep_length_mean:     200.0000	test_episode_length_mean:199.0000	test_return_mean:         45.9759
test_return_std:           6.7924	
2026-08-20 03:40:51,623 - my_experiment - advP_B_HC_st_nomm_44 - my_run - INFO - t_env: 4050200 / 5050000
2026-08-20 03:40:51,624 - my_experiment - advP_B_HC_st_nomm_44 - my_run - INFO - Estimated time left: 7 hours, 53 minutes, 55 seconds. Time passed: 1 days, 7 hours, 36 minutes, 43 seconds
2026-08-20 04:04:25,536 - my_experiment - advP_B_HC_st_nomm_44 - my_run - INFO - Recent Stats | t_env:    4100000 | Episode:    20500
ep_length_mean:          200.0000	episode_length_mean:     199.0000	epsilon:                   0.0500	grad_norm:               10819.9465
info_nce_loss:             0.3122	loss:                     13.3483	q_loss:                   12.1348	return_mean:              42.6831
return_std:                6.9425	test_ep_length_mean:     200.0000	test_episode_length_mean:199.0000	test_return_mean:         45.4536
test_return_std:           7.1873	
2026-08-20 04:04:30,933 - my_experiment - advP_B_HC_st_nomm_44 - my_run - INFO - t_env: 4100200 / 5050000
2026-08-20 04:04:30,934 - my_experiment - advP_B_HC_st_nomm_44 - my_run - INFO - Estimated time left: 7 hours, 29 minutes, 21 seconds. Time passed: 1 days, 8 hours, 22 seconds
2026-08-20 04:28:06,026 - my_experiment - advP_B_HC_st_nomm_44 - my_run - INFO - Recent Stats | t_env:    4150000 | Episode:    20750
ep_length_mean:          200.0000	episode_length_mean:     199.0000	epsilon:                   0.0500	grad_norm:               9687.7463
info_nce_loss:             0.2350	loss:                     13.4523	q_loss:                   12.2294	return_mean:              41.8491
return_std:                7.4854	test_ep_length_mean:     200.0000	test_episode_length_mean:199.0000	test_return_mean:         45.1414
test_return_std:           6.5938	
2026-08-20 04:28:11,430 - my_experiment - advP_B_HC_st_nomm_44 - my_run - INFO - t_env: 4150200 / 5050000
2026-08-20 04:28:11,431 - my_experiment - advP_B_HC_st_nomm_44 - my_run - INFO - Estimated time left: 7 hours, 6 minutes, 3 seconds. Time passed: 1 days, 8 hours, 24 minutes, 3 seconds
2026-08-20 04:51:45,922 - my_experiment - advP_B_HC_st_nomm_44 - my_run - INFO - Recent Stats | t_env:    4200000 | Episode:    21000
ep_length_mean:          200.0000	episode_length_mean:     199.0000	epsilon:                   0.0500	grad_norm:               16926.8520
info_nce_loss:             0.2635	loss:                     24.8668	q_loss:                   22.6062	return_mean:              44.8433
return_std:                6.0451	test_ep_length_mean:     200.0000	test_episode_length_mean:199.0000	test_return_mean:         47.6038
test_return_std:           6.1611	
2026-08-20 04:51:51,304 - my_experiment - advP_B_HC_st_nomm_44 - my_run - INFO - t_env: 4200200 / 5050000
2026-08-20 04:51:51,306 - my_experiment - advP_B_HC_st_nomm_44 - my_run - INFO - Estimated time left: 6 hours, 42 minutes, 12 seconds. Time passed: 1 days, 8 hours, 47 minutes, 43 seconds
2026-08-20 05:15:25,713 - my_experiment - advP_B_HC_st_nomm_44 - my_run - INFO - Recent Stats | t_env:    4250000 | Episode:    21250
ep_length_mean:          200.0000	episode_length_mean:     199.0000	epsilon:                   0.0500	grad_norm:               16438.4492
info_nce_loss:             0.3217	loss:                     22.9581	q_loss:                   20.8710	return_mean:              41.4215
return_std:                7.5073	test_ep_length_mean:     200.0000	test_episode_length_mean:199.0000	test_return_mean:         46.9465
test_return_std:           6.2988	
2026-08-20 05:15:31,104 - my_experiment - advP_B_HC_st_nomm_44 - my_run - INFO - t_env: 4250200 / 5050000
2026-08-20 05:15:31,106 - my_experiment - advP_B_HC_st_nomm_44 - my_run - INFO - Estimated time left: 6 hours, 18 minutes, 31 seconds. Time passed: 1 days, 9 hours, 11 minutes, 23 seconds
2026-08-20 05:39:04,229 - my_experiment - advP_B_HC_st_nomm_44 - my_run - INFO - Recent Stats | t_env:    4300000 | Episode:    21500
ep_length_mean:          200.0000	episode_length_mean:     199.0000	epsilon:                   0.0500	grad_norm:               18438.6960
info_nce_loss:             0.3359	loss:                     27.4168	q_loss:                   24.9244	return_mean:              46.6440
return_std:                6.3041	test_ep_length_mean:     200.0000	test_episode_length_mean:199.0000	test_return_mean:         48.6079
test_return_std:           6.4148	
2026-08-20 05:39:09,637 - my_experiment - advP_B_HC_st_nomm_44 - my_run - INFO - t_env: 4300200 / 5050000
2026-08-20 05:39:09,638 - my_experiment - advP_B_HC_st_nomm_44 - my_run - INFO - Estimated time left: 5 hours, 54 minutes, 32 seconds. Time passed: 1 days, 9 hours, 35 minutes, 1 seconds
2026-08-20 06:02:42,528 - my_experiment - advP_B_HC_st_nomm_44 - my_run - INFO - Recent Stats | t_env:    4350000 | Episode:    21750
ep_length_mean:          200.0000	episode_length_mean:     199.0000	epsilon:                   0.0500	grad_norm:               40563.5977
info_nce_loss:             0.3042	loss:                     75.2056	q_loss:                   68.3688	return_mean:              45.0512
return_std:                8.0687	test_ep_length_mean:     200.0000	test_episode_length_mean:199.0000	test_return_mean:         51.4391
test_return_std:           6.6608	
2026-08-20 06:02:47,908 - my_experiment - advP_B_HC_st_nomm_44 - my_run - INFO - t_env: 4350200 / 5050000
2026-08-20 06:02:47,909 - my_experiment - advP_B_HC_st_nomm_44 - my_run - INFO - Estimated time left: 5 hours, 30 minutes, 50 seconds. Time passed: 1 days, 9 hours, 58 minutes, 39 seconds
2026-08-20 06:26:21,257 - my_experiment - advP_B_HC_st_nomm_44 - my_run - INFO - Recent Stats | t_env:    4400000 | Episode:    22000
ep_length_mean:          200.0000	episode_length_mean:     199.0000	epsilon:                   0.0500	grad_norm:               11193.3306
info_nce_loss:             0.2882	loss:                     14.4421	q_loss:                   13.1292	return_mean:              36.1375
return_std:                7.6301	test_ep_length_mean:     200.0000	test_episode_length_mean:199.0000	test_return_mean:         50.5635
test_return_std:           6.9335	
2026-08-20 06:26:26,670 - my_experiment - advP_B_HC_st_nomm_44 - my_run - INFO - t_env: 4400200 / 5050000
2026-08-20 06:26:26,671 - my_experiment - advP_B_HC_st_nomm_44 - my_run - INFO - Estimated time left: 5 hours, 7 minutes, 18 seconds. Time passed: 1 days, 10 hours, 22 minutes, 18 seconds
2026-08-20 06:50:01,889 - my_experiment - advP_B_HC_st_nomm_44 - my_run - INFO - Recent Stats | t_env:    4450000 | Episode:    22250
ep_length_mean:          200.0000	episode_length_mean:     199.0000	epsilon:                   0.0500	grad_norm:               12682.3076
info_nce_loss:             0.2649	loss:                     15.1629	q_loss:                   13.7845	return_mean:              34.9778
return_std:                6.0816	test_ep_length_mean:     200.0000	test_episode_length_mean:199.0000	test_return_mean:         47.7525
test_return_std:           7.2044	
2026-08-20 06:50:07,316 - my_experiment - advP_B_HC_st_nomm_44 - my_run - INFO - t_env: 4450200 / 5050000
2026-08-20 06:50:07,318 - my_experiment - advP_B_HC_st_nomm_44 - my_run - INFO - Estimated time left: 4 hours, 44 minutes, 2 seconds. Time passed: 1 days, 10 hours, 45 minutes, 59 seconds
2026-08-20 07:13:41,470 - my_experiment - advP_B_HC_st_nomm_44 - my_run - INFO - Recent Stats | t_env:    4500000 | Episode:    22500
ep_length_mean:          200.0000	episode_length_mean:     199.0000	epsilon:                   0.0500	grad_norm:               27949.9370
info_nce_loss:             0.2908	loss:                     36.8423	q_loss:                   33.4930	return_mean:              34.4351
return_std:                6.0160	test_ep_length_mean:     200.0000	test_episode_length_mean:199.0000	test_return_mean:         45.4519
test_return_std:           7.1757	
2026-08-20 07:13:46,924 - my_experiment - advP_B_HC_st_nomm_44 - my_run - INFO - t_env: 4500200 / 5050000
2026-08-20 07:13:46,925 - my_experiment - advP_B_HC_st_nomm_44 - my_run - INFO - Estimated time left: 4 hours, 20 minutes, 9 seconds. Time passed: 1 days, 11 hours, 9 minutes, 38 seconds
2026-08-20 07:14:59,399 - my_experiment - advP_B_HC_st_nomm_44 - my_run - INFO - Saving models to work_dirs/my_experiment/advP_B_HC_st_nomm_44/my_run/20260818_200359/models/4500200
2026-08-20 07:37:20,137 - my_experiment - advP_B_HC_st_nomm_44 - my_run - INFO - Recent Stats | t_env:    4550000 | Episode:    22750
ep_length_mean:          200.0000	episode_length_mean:     199.0000	epsilon:                   0.0500	grad_norm:               20856.1297
info_nce_loss:             0.3602	loss:                     23.5635	q_loss:                   21.4214	return_mean:              33.9230
return_std:                7.3883	test_ep_length_mean:     200.0000	test_episode_length_mean:199.0000	test_return_mean:         41.5851
test_return_std:           6.8716	
2026-08-20 07:37:25,517 - my_experiment - advP_B_HC_st_nomm_44 - my_run - INFO - t_env: 4550200 / 5050000
2026-08-20 07:37:25,518 - my_experiment - advP_B_HC_st_nomm_44 - my_run - INFO - Estimated time left: 3 hours, 56 minutes, 20 seconds. Time passed: 1 days, 11 hours, 33 minutes, 17 seconds
2026-08-20 08:00:59,158 - my_experiment - advP_B_HC_st_nomm_44 - my_run - INFO - Recent Stats | t_env:    4600000 | Episode:    23000
ep_length_mean:          200.0000	episode_length_mean:     199.0000	epsilon:                   0.0500	grad_norm:               7391.1517
info_nce_loss:             0.2550	loss:                      7.5030	q_loss:                    6.8209	return_mean:              33.7309
return_std:                5.9220	test_ep_length_mean:     200.0000	test_episode_length_mean:199.0000	test_return_mean:         38.5728
test_return_std:           6.2746	
2026-08-20 08:01:04,548 - my_experiment - advP_B_HC_st_nomm_44 - my_run - INFO - t_env: 4600200 / 5050000
2026-08-20 08:01:04,549 - my_experiment - advP_B_HC_st_nomm_44 - my_run - INFO - Estimated time left: 3 hours, 32 minutes, 45 seconds. Time passed: 1 days, 11 hours, 56 minutes, 56 seconds
2026-08-20 08:24:38,243 - my_experiment - advP_B_HC_st_nomm_44 - my_run - INFO - Recent Stats | t_env:    4650000 | Episode:    23250
ep_length_mean:          200.0000	episode_length_mean:     199.0000	epsilon:                   0.0500	grad_norm:               13123.9029
info_nce_loss:             0.2254	loss:                     18.4729	q_loss:                   16.7936	return_mean:              33.2403
return_std:                6.0266	test_ep_length_mean:     200.0000	test_episode_length_mean:199.0000	test_return_mean:         38.0273
test_return_std:           5.8365	
2026-08-20 08:24:43,629 - my_experiment - advP_B_HC_st_nomm_44 - my_run - INFO - t_env: 4650200 / 5050000
2026-08-20 08:24:43,630 - my_experiment - advP_B_HC_st_nomm_44 - my_run - INFO - Estimated time left: 3 hours, 9 minutes, 6 seconds. Time passed: 1 days, 12 hours, 20 minutes, 35 seconds
2026-08-20 08:48:17,728 - my_experiment - advP_B_HC_st_nomm_44 - my_run - INFO - Recent Stats | t_env:    4700000 | Episode:    23500
ep_length_mean:          200.0000	episode_length_mean:     199.0000	epsilon:                   0.0500	grad_norm:               9840.8875
info_nce_loss:             0.2930	loss:                     14.5468	q_loss:                   13.2244	return_mean:              37.3426
return_std:                7.4387	test_ep_length_mean:     200.0000	test_episode_length_mean:199.0000	test_return_mean:         38.5855
test_return_std:           5.7107	
2026-08-20 08:48:23,113 - my_experiment - advP_B_HC_st_nomm_44 - my_run - INFO - t_env: 4700200 / 5050000
2026-08-20 08:48:23,115 - my_experiment - advP_B_HC_st_nomm_44 - my_run - INFO - Estimated time left: 2 hours, 45 minutes, 30 seconds. Time passed: 1 days, 12 hours, 44 minutes, 15 seconds
2026-08-20 09:11:55,623 - my_experiment - advP_B_HC_st_nomm_44 - my_run - INFO - Recent Stats | t_env:    4750000 | Episode:    23750
ep_length_mean:          200.0000	episode_length_mean:     199.0000	epsilon:                   0.0500	grad_norm:               15129.2925
info_nce_loss:             0.2931	loss:                     23.2390	q_loss:                   21.1263	return_mean:              38.5616
return_std:                6.4259	test_ep_length_mean:     200.0000	test_episode_length_mean:199.0000	test_return_mean:         39.8631
test_return_std:           6.1118	
2026-08-20 09:12:01,003 - my_experiment - advP_B_HC_st_nomm_44 - my_run - INFO - t_env: 4750200 / 5050000
2026-08-20 09:12:01,005 - my_experiment - advP_B_HC_st_nomm_44 - my_run - INFO - Estimated time left: 2 hours, 21 minutes, 41 seconds. Time passed: 1 days, 13 hours, 7 minutes, 53 seconds
2026-08-20 09:35:34,785 - my_experiment - advP_B_HC_st_nomm_44 - my_run - INFO - Recent Stats | t_env:    4800000 | Episode:    24000
ep_length_mean:          200.0000	episode_length_mean:     199.0000	epsilon:                   0.0500	grad_norm:               10702.5765
info_nce_loss:             0.3390	loss:                     16.2986	q_loss:                   14.8169	return_mean:              37.8131
return_std:                6.8367	test_ep_length_mean:     200.0000	test_episode_length_mean:199.0000	test_return_mean:         41.4994
test_return_std:           6.0905	
2026-08-20 09:35:40,163 - my_experiment - advP_B_HC_st_nomm_44 - my_run - INFO - t_env: 4800200 / 5050000
2026-08-20 09:35:40,165 - my_experiment - advP_B_HC_st_nomm_44 - my_run - INFO - Estimated time left: 1 hours, 58 minutes, 10 seconds. Time passed: 1 days, 13 hours, 31 minutes, 32 seconds
2026-08-20 09:59:14,330 - my_experiment - advP_B_HC_st_nomm_44 - my_run - INFO - Recent Stats | t_env:    4850000 | Episode:    24250
ep_length_mean:          200.0000	episode_length_mean:     199.0000	epsilon:                   0.0500	grad_norm:               7930.6332
info_nce_loss:             0.3323	loss:                     12.6429	q_loss:                   11.4935	return_mean:              44.5871
return_std:                7.0318	test_ep_length_mean:     200.0000	test_episode_length_mean:199.0000	test_return_mean:         42.6964
test_return_std:           6.4517	
2026-08-20 09:59:19,713 - my_experiment - advP_B_HC_st_nomm_44 - my_run - INFO - t_env: 4850200 / 5050000
2026-08-20 09:59:19,715 - my_experiment - advP_B_HC_st_nomm_44 - my_run - INFO - Estimated time left: 1 hours, 34 minutes, 32 seconds. Time passed: 1 days, 13 hours, 55 minutes, 11 seconds
2026-08-20 10:22:53,326 - my_experiment - advP_B_HC_st_nomm_44 - my_run - INFO - Recent Stats | t_env:    4900000 | Episode:    24500
ep_length_mean:          200.0000	episode_length_mean:     199.0000	epsilon:                   0.0500	grad_norm:               7441.6428
info_nce_loss:             0.3156	loss:                     10.6160	q_loss:                    9.6509	return_mean:              40.9318
return_std:                7.2505	test_ep_length_mean:     200.0000	test_episode_length_mean:199.0000	test_return_mean:         43.4443
test_return_std:           6.2112	
2026-08-20 10:22:58,722 - my_experiment - advP_B_HC_st_nomm_44 - my_run - INFO - t_env: 4900200 / 5050000
2026-08-20 10:22:58,723 - my_experiment - advP_B_HC_st_nomm_44 - my_run - INFO - Estimated time left: 1 hours, 10 minutes, 51 seconds. Time passed: 1 days, 14 hours, 18 minutes, 50 seconds
2026-08-20 10:46:31,892 - my_experiment - advP_B_HC_st_nomm_44 - my_run - INFO - Recent Stats | t_env:    4950000 | Episode:    24750
ep_length_mean:          200.0000	episode_length_mean:     199.0000	epsilon:                   0.0500	grad_norm:               6234.1718
info_nce_loss:             0.2919	loss:                      9.0686	q_loss:                    8.2442	return_mean:              41.1766
return_std:                7.3695	test_ep_length_mean:     200.0000	test_episode_length_mean:199.0000	test_return_mean:         44.7030
test_return_std:           6.7341	
2026-08-20 10:46:37,318 - my_experiment - advP_B_HC_st_nomm_44 - my_run - INFO - t_env: 4950200 / 5050000
2026-08-20 10:46:37,320 - my_experiment - advP_B_HC_st_nomm_44 - my_run - INFO - Estimated time left: 47 minutes, 11 seconds. Time passed: 1 days, 14 hours, 42 minutes, 29 seconds
2026-08-20 11:10:09,739 - my_experiment - advP_B_HC_st_nomm_44 - my_run - INFO - Recent Stats | t_env:    5000000 | Episode:    25000
ep_length_mean:          200.0000	episode_length_mean:     199.0000	epsilon:                   0.0500	grad_norm:               4991.8832
info_nce_loss:             0.3539	loss:                      7.9857	q_loss:                    7.2597	return_mean:              38.2469
return_std:                7.1898	test_ep_length_mean:     200.0000	test_episode_length_mean:199.0000	test_return_mean:         46.8829
test_return_std:           6.7600	
2026-08-20 11:10:15,135 - my_experiment - advP_B_HC_st_nomm_44 - my_run - INFO - t_env: 5000200 / 5050000
2026-08-20 11:10:15,137 - my_experiment - advP_B_HC_st_nomm_44 - my_run - INFO - Estimated time left: 23 minutes, 32 seconds. Time passed: 1 days, 15 hours, 6 minutes, 7 seconds
2026-08-20 11:11:27,418 - my_experiment - advP_B_HC_st_nomm_44 - my_run - INFO - Saving models to work_dirs/my_experiment/advP_B_HC_st_nomm_44/my_run/20260818_200359/models/5000200
2026-08-20 11:33:48,974 - my_experiment - advP_B_HC_st_nomm_44 - my_run - INFO - Recent Stats | t_env:    5050000 | Episode:    25250
ep_length_mean:          200.0000	episode_length_mean:     199.0000	epsilon:                   0.0500	grad_norm:               4308.7942
info_nce_loss:             0.3259	loss:                      6.0605	q_loss:                    5.5096	return_mean:              37.4464
return_std:                8.8998	test_ep_length_mean:     200.0000	test_episode_length_mean:199.0000	test_return_mean:         47.7541
test_return_std:           7.0542	
2026-08-20 11:33:54,369 - my_experiment - advP_B_HC_st_nomm_44 - my_run - INFO - t_env: 5050200 / 5050000
2026-08-20 11:33:54,371 - my_experiment - advP_B_HC_st_nomm_44 - my_run - INFO - Estimated time left: -. Time passed: 1 days, 15 hours, 29 minutes, 46 seconds
2026-08-20 11:35:06,678 - my_experiment - advP_B_HC_st_nomm_44 - my_run - INFO - Finished Training
