Gym has been unmaintained since 2022 and does not support NumPy 2.0 amongst other critical functionality.
Please upgrade to Gymnasium, the maintained drop-in replacement of Gym, or contact the authors of your software and request that they upgrade.
Users of this version of Gym should be able to simply replace 'import gym' with 'import gymnasium as gym' in the vast majority of cases.
See the migration guide at https://gymnasium.farama.org/introduction/migration_guide/ for additional information.
src/main.py:81: DeprecationWarning: Using or importing the ABCs from 'collections' instead of from 'collections.abc' is deprecated since Python 3.3, and in 3.10 it will stop working
  if isinstance(v, collections.Mapping):
wandb: [wandb.login()] Loaded credentials for https://api.wandb.ai from /home/pparsons/.netrc.
wandb: Currently logged in as: peterparsons02 (peterparsons02-eth-z-rich) to https://api.wandb.ai. Use `wandb login --relogin` to force relogin
wandb: setting up run 0ori11yr
wandb: Tracking run with wandb version 0.24.1
wandb: Run data is saved locally in /usr/itetnas04/data-scratch-01/pparsons/data/MyExpoComm/wandb/run-20260818_200354-0ori11yr
wandb: Run `wandb offline` to turn off syncing.
wandb: Syncing run my_run-advP_B_HC_st_nomm_43-20260818_200354
wandb: ⭐️ View project at https://wandb.ai/peterparsons02-eth-z-rich/my_experiment
wandb: 🚀 View run at https://wandb.ai/peterparsons02-eth-z-rich/my_experiment/runs/0ori11yr
2026-08-18 20:03:56,317 - my_experiment - advP_B_HC_st_nomm_43 - my_run - INFO - Current directory: /usr/itetnas04/data-scratch-01/pparsons/data/MyExpoComm.
2026-08-18 20:03:56,317 - my_experiment - advP_B_HC_st_nomm_43 - my_run - INFO - Experiment Parameters:
2026-08-18 20:03:56,318 - my_experiment - advP_B_HC_st_nomm_43 - my_run - INFO - 

{   'action_selector': 'epsilon_greedy',
    'add_value_last_step': True,
    'agent': 'ExpoComm_static_cont',
    'agent_output_type': 'q',
    'attention_dim': 16,
    'aux_coef': 0.1,
    'batch_size': 32,
    'batch_size_run': 1,
    'buffer_cpu_only': True,
    'buffer_size': 2000,
    'checkpoint_path': '',
    'double_q': True,
    'env': 'MAgent_AdvPursuit',
    'env_args': {   'global_reward': True,
                    'map_name': 'adversarial_pursuit_view8',
                    'map_size': 70,
                    'max_cycles': 200,
                    'minimap_mode': False,
                    'pretrained_ckpt': 'prey_params.pt',
                    'seed': 43},
    'epsilon_anneal_time': 1000000,
    'epsilon_finish': 0.05,
    'epsilon_start': 1.0,
    'evaluate': False,
    'evaluation_epsilon': 0.0,
    'exp_name': 'my_experiment',
    'gamma': 0.99,
    'global_reward': True,
    'grad_norm_clip': 10,
    'hidden_dim': 64,
    'hypergroup': None,
    'label': 'default_label',
    'learner': 'hybrid_comm_learner',
    'learner_log_interval': 10000,
    'load_step': 0,
    'local_results_path': 'results',
    'log_interval': 50000,
    'lr': 0.0005,
    'mac': 'ExpoComm_mac',
    'mixer': None,
    'name': 'advP_B_HC_st_nomm_43',
    'neg_num': 20,
    'obs_agent_id': True,
    'obs_individual_obs': False,
    'obs_last_action': True,
    'optim_alpha': 0.99,
    'optim_eps': 1e-05,
    'render': False,
    'repeat_id': 1,
    'run_name': 'my_run',
    'runner': 'episode',
    'runner_log_interval': 10000,
    'save_model': True,
    'save_model_interval': 500000,
    'save_replay': False,
    'seed': 43,
    'standardise_returns': False,
    'standardise_rewards': True,
    't_max': 5050000,
    'target_update_interval_or_tau': 200,
    'temperature': 0.07,
    'test_greedy': True,
    'test_interval': 50000,
    'test_nepisode': 16,
    'topk_neighbors': 7,
    'use_cuda': True,
    'use_rnn': True,
    'use_tensorboard': True,
    'work_dir': 'work_dirs/my_experiment/advP_B_HC_st_nomm_43/my_run/20260818_200354'}

/usr/itetnas04/data-scratch-01/pparsons/data/conda_envs/ExpoComm/lib/python3.8/site-packages/pettingzoo/utils/conversions.py:41: UserWarning: The `from_parallel` function is deprecated. Use the `parallel_to_aec` function instead.
  warnings.warn("The `from_parallel` function is deprecated. Use the `parallel_to_aec` function instead.")
/usr/itetnas04/data-scratch-01/pparsons/data/conda_envs/ExpoComm/lib/python3.8/site-packages/pettingzoo/utils/wrappers/base.py:44: UserWarning: The `observation_spaces` dictionary is deprecated. Use the `observation_space` function instead.
  warnings.warn("The `observation_spaces` dictionary is deprecated. Use the `observation_space` function instead.")
/usr/itetnas04/data-scratch-01/pparsons/data/conda_envs/ExpoComm/lib/python3.8/site-packages/pettingzoo/utils/conversions.py:36: UserWarning: The `to_parallel` function is deprecated. Use the `aec_to_parallel` function instead.
  warnings.warn("The `to_parallel` function is deprecated. Use the `aec_to_parallel` function instead.")
/usr/itetnas04/data-scratch-01/pparsons/data/conda_envs/ExpoComm/lib/python3.8/site-packages/pettingzoo/utils/conversions.py:80: UserWarning: The `action_spaces` dictionary is deprecated. Use the `action_space` function instead.
  warnings.warn("The `action_spaces` dictionary is deprecated. Use the `action_space` function instead.")
/usr/itetnas04/data-scratch-01/pparsons/data/conda_envs/ExpoComm/lib/python3.8/site-packages/pettingzoo/utils/wrappers/base.py:52: UserWarning: The `action_spaces` dictionary is deprecated. Use the `action_space` function instead.
  warnings.warn("The `action_spaces` dictionary is deprecated. Use the `action_space` function instead.")
/usr/itetnas04/data-scratch-01/pparsons/data/conda_envs/ExpoComm/lib/python3.8/site-packages/pettingzoo/utils/conversions.py:72: UserWarning: The `observation_spaces` dictionary is deprecated. Use the `observation_space` function instead.
  warnings.warn("The `observation_spaces` dictionary is deprecated. Use the `observation_space` function instead.")
2026-08-18 20:04:02,906 - my_experiment - advP_B_HC_st_nomm_43 - my_run - INFO - Beginning training for 5050000 timesteps
/usr/itetnas04/data-scratch-01/pparsons/data/MyExpoComm/src/envs/adv_pursuit_wrappers.py:247: UserWarning: To copy construct from a tensor, it is recommended to use sourceTensor.clone().detach() or sourceTensor.clone().detach().requires_grad_(True), rather than torch.tensor(sourceTensor).
  actions = th.tensor(actions, dtype=th.long)
2026-08-18 20:04:07,798 - my_experiment - advP_B_HC_st_nomm_43 - my_run - INFO - t_env: 200 / 5050000
2026-08-18 20:04:07,799 - my_experiment - advP_B_HC_st_nomm_43 - my_run - INFO - Estimated time left: 8 minutes, 12 seconds. Time passed: 4 seconds
2026-08-18 20:05:17,089 - my_experiment - advP_B_HC_st_nomm_43 - my_run - INFO - Saving models to work_dirs/my_experiment/advP_B_HC_st_nomm_43/my_run/20260818_200354/models/200
2026-08-18 20:26:40,646 - my_experiment - advP_B_HC_st_nomm_43 - my_run - INFO - Recent Stats | t_env:      50000 | Episode:      250
ep_length_mean:          200.0000	episode_length_mean:     199.0000	epsilon:                   0.9620	grad_norm:                 0.8604
info_nce_loss:             2.8439	loss:                      1.0965	q_loss:                    0.9968	return_mean:             -20.4283
return_std:                0.7652	test_ep_length_mean:     200.0000	test_episode_length_mean:199.0000	test_return_mean:        -29.0176
test_return_std:           3.9314	
2026-08-18 20:26:45,933 - my_experiment - advP_B_HC_st_nomm_43 - my_run - INFO - t_env: 50200 / 5050000
2026-08-18 20:26:45,935 - my_experiment - advP_B_HC_st_nomm_43 - my_run - INFO - Estimated time left: 1 days, 13 hours, 43 minutes, 28 seconds. Time passed: 22 minutes, 43 seconds
2026-08-18 20:49:47,072 - my_experiment - advP_B_HC_st_nomm_43 - my_run - INFO - Recent Stats | t_env:     100000 | Episode:      500
ep_length_mean:          200.0000	episode_length_mean:     199.0000	epsilon:                   0.9145	grad_norm:                 6.8957
info_nce_loss:             2.6319	loss:                      1.1594	q_loss:                    1.0540	return_mean:             -19.1701
return_std:                0.9845	test_ep_length_mean:     200.0000	test_episode_length_mean:199.0000	test_return_mean:         -8.0984
test_return_std:           3.5836	
2026-08-18 20:49:52,339 - my_experiment - advP_B_HC_st_nomm_43 - my_run - INFO - t_env: 100200 / 5050000
2026-08-18 20:49:52,341 - my_experiment - advP_B_HC_st_nomm_43 - my_run - INFO - Estimated time left: 1 days, 14 hours, 7 minutes, 28 seconds. Time passed: 45 minutes, 49 seconds
2026-08-18 21:12:55,700 - my_experiment - advP_B_HC_st_nomm_43 - my_run - INFO - Recent Stats | t_env:     150000 | Episode:      750
ep_length_mean:          200.0000	episode_length_mean:     199.0000	epsilon:                   0.8670	grad_norm:                16.5242
info_nce_loss:             1.3126	loss:                      1.2897	q_loss:                    1.1725	return_mean:             -15.8125
return_std:                1.3814	test_ep_length_mean:     200.0000	test_episode_length_mean:199.0000	test_return_mean:          2.8851
test_return_std:           3.6380	
2026-08-18 21:13:01,013 - my_experiment - advP_B_HC_st_nomm_43 - my_run - INFO - t_env: 150200 / 5050000
2026-08-18 21:13:01,014 - my_experiment - advP_B_HC_st_nomm_43 - my_run - INFO - Estimated time left: 1 days, 13 hours, 48 minutes, 4 seconds. Time passed: 1 hours, 8 minutes, 58 seconds
2026-08-18 21:36:04,201 - my_experiment - advP_B_HC_st_nomm_43 - my_run - INFO - Recent Stats | t_env:     200000 | Episode:     1000
ep_length_mean:          200.0000	episode_length_mean:     199.0000	epsilon:                   0.8195	grad_norm:                25.6025
info_nce_loss:             1.2693	loss:                      1.5707	q_loss:                    1.4279	return_mean:             -11.9273
return_std:                1.6058	test_ep_length_mean:     200.0000	test_episode_length_mean:199.0000	test_return_mean:         11.1944
test_return_std:           5.1747	
2026-08-18 21:36:09,449 - my_experiment - advP_B_HC_st_nomm_43 - my_run - INFO - t_env: 200200 / 5050000
2026-08-18 21:36:09,450 - my_experiment - advP_B_HC_st_nomm_43 - my_run - INFO - Estimated time left: 1 days, 13 hours, 24 minutes, 32 seconds. Time passed: 1 hours, 32 minutes, 6 seconds
2026-08-18 21:59:10,168 - my_experiment - advP_B_HC_st_nomm_43 - my_run - INFO - Recent Stats | t_env:     250000 | Episode:     1250
ep_length_mean:          200.0000	episode_length_mean:     199.0000	epsilon:                   0.7720	grad_norm:                16.9758
info_nce_loss:             0.4411	loss:                      1.8902	q_loss:                    1.7184	return_mean:              -9.0996
return_std:                1.6853	test_ep_length_mean:     200.0000	test_episode_length_mean:199.0000	test_return_mean:         11.7312
test_return_std:           5.8978	
2026-08-18 21:59:15,464 - my_experiment - advP_B_HC_st_nomm_43 - my_run - INFO - t_env: 250200 / 5050000
2026-08-18 21:59:15,465 - my_experiment - advP_B_HC_st_nomm_43 - my_run - INFO - Estimated time left: 1 days, 12 hours, 57 minutes, 31 seconds. Time passed: 1 hours, 55 minutes, 12 seconds
2026-08-18 22:22:17,306 - my_experiment - advP_B_HC_st_nomm_43 - my_run - INFO - Recent Stats | t_env:     300000 | Episode:     1500
ep_length_mean:          200.0000	episode_length_mean:     199.0000	epsilon:                   0.7245	grad_norm:                17.7801
info_nce_loss:             0.4095	loss:                      1.6901	q_loss:                    1.5365	return_mean:              -6.0918
return_std:                1.7182	test_ep_length_mean:     200.0000	test_episode_length_mean:199.0000	test_return_mean:         20.6624
test_return_std:           6.2037	
2026-08-18 22:22:22,577 - my_experiment - advP_B_HC_st_nomm_43 - my_run - INFO - t_env: 300200 / 5050000
2026-08-18 22:22:22,579 - my_experiment - advP_B_HC_st_nomm_43 - my_run - INFO - Estimated time left: 1 days, 12 hours, 36 minutes, 10 seconds. Time passed: 2 hours, 18 minutes, 19 seconds
2026-08-18 22:45:20,332 - my_experiment - advP_B_HC_st_nomm_43 - my_run - INFO - Recent Stats | t_env:     350000 | Episode:     1750
ep_length_mean:          200.0000	episode_length_mean:     199.0000	epsilon:                   0.6770	grad_norm:                19.5002
info_nce_loss:             0.4637	loss:                      1.5542	q_loss:                    1.4129	return_mean:              -3.8410
return_std:                2.0561	test_ep_length_mean:     200.0000	test_episode_length_mean:199.0000	test_return_mean:         20.7447
test_return_std:           6.6248	
2026-08-18 22:45:25,649 - my_experiment - advP_B_HC_st_nomm_43 - my_run - INFO - t_env: 350200 / 5050000
2026-08-18 22:45:25,650 - my_experiment - advP_B_HC_st_nomm_43 - my_run - INFO - Estimated time left: 1 days, 12 hours, 6 minutes, 43 seconds. Time passed: 2 hours, 41 minutes, 22 seconds
2026-08-18 23:08:25,233 - my_experiment - advP_B_HC_st_nomm_43 - my_run - INFO - Recent Stats | t_env:     400000 | Episode:     2000
ep_length_mean:          200.0000	episode_length_mean:     199.0000	epsilon:                   0.6295	grad_norm:                44.1586
info_nce_loss:             0.2109	loss:                      1.7377	q_loss:                    1.5797	return_mean:              -1.3387
return_std:                2.0442	test_ep_length_mean:     200.0000	test_episode_length_mean:199.0000	test_return_mean:         17.0541
test_return_std:           7.3112	
2026-08-18 23:08:30,526 - my_experiment - advP_B_HC_st_nomm_43 - my_run - INFO - t_env: 400200 / 5050000
2026-08-18 23:08:30,528 - my_experiment - advP_B_HC_st_nomm_43 - my_run - INFO - Estimated time left: 1 days, 11 hours, 46 minutes, 28 seconds. Time passed: 3 hours, 4 minutes, 27 seconds
2026-08-18 23:31:31,654 - my_experiment - advP_B_HC_st_nomm_43 - my_run - INFO - Recent Stats | t_env:     450000 | Episode:     2250
ep_length_mean:          200.0000	episode_length_mean:     199.0000	epsilon:                   0.5820	grad_norm:               171.6487
info_nce_loss:             0.3585	loss:                      2.4986	q_loss:                    2.2715	return_mean:               0.1148
return_std:                2.4126	test_ep_length_mean:     200.0000	test_episode_length_mean:199.0000	test_return_mean:         13.2147
test_return_std:           6.5306	
2026-08-18 23:31:36,944 - my_experiment - advP_B_HC_st_nomm_43 - my_run - INFO - t_env: 450200 / 5050000
2026-08-18 23:31:36,945 - my_experiment - advP_B_HC_st_nomm_43 - my_run - INFO - Estimated time left: 1 days, 11 hours, 25 minutes, 44 seconds. Time passed: 3 hours, 27 minutes, 34 seconds
2026-08-18 23:54:37,681 - my_experiment - advP_B_HC_st_nomm_43 - my_run - INFO - Recent Stats | t_env:     500000 | Episode:     2500
ep_length_mean:          200.0000	episode_length_mean:     199.0000	epsilon:                   0.5345	grad_norm:               152.2380
info_nce_loss:             0.2752	loss:                      2.1572	q_loss:                    1.9611	return_mean:               1.4056
return_std:                2.6403	test_ep_length_mean:     200.0000	test_episode_length_mean:199.0000	test_return_mean:         12.6390
test_return_std:           5.9940	
2026-08-18 23:54:42,967 - my_experiment - advP_B_HC_st_nomm_43 - my_run - INFO - t_env: 500200 / 5050000
2026-08-18 23:54:42,968 - my_experiment - advP_B_HC_st_nomm_43 - my_run - INFO - Estimated time left: 1 days, 11 hours, 2 minutes, 2 seconds. Time passed: 3 hours, 50 minutes, 40 seconds
2026-08-18 23:55:53,269 - my_experiment - advP_B_HC_st_nomm_43 - my_run - INFO - Saving models to work_dirs/my_experiment/advP_B_HC_st_nomm_43/my_run/20260818_200354/models/500200
2026-08-19 00:17:48,232 - my_experiment - advP_B_HC_st_nomm_43 - my_run - INFO - Recent Stats | t_env:     550000 | Episode:     2750
ep_length_mean:          200.0000	episode_length_mean:     199.0000	epsilon:                   0.4870	grad_norm:               296.5342
info_nce_loss:             0.2133	loss:                      2.5458	q_loss:                    2.3143	return_mean:               2.3088
return_std:                2.7913	test_ep_length_mean:     200.0000	test_episode_length_mean:199.0000	test_return_mean:         11.2874
test_return_std:           5.9795	
2026-08-19 00:17:53,726 - my_experiment - advP_B_HC_st_nomm_43 - my_run - INFO - t_env: 550200 / 5050000
2026-08-19 00:17:53,727 - my_experiment - advP_B_HC_st_nomm_43 - my_run - INFO - Estimated time left: 1 days, 10 hours, 46 minutes, 2 seconds. Time passed: 4 hours, 13 minutes, 50 seconds
2026-08-19 00:41:57,530 - my_experiment - advP_B_HC_st_nomm_43 - my_run - INFO - Recent Stats | t_env:     600000 | Episode:     3000
ep_length_mean:          200.0000	episode_length_mean:     199.0000	epsilon:                   0.4395	grad_norm:               560.6073
info_nce_loss:             0.3119	loss:                      3.0295	q_loss:                    2.7541	return_mean:               3.7148
return_std:                2.7313	test_ep_length_mean:     200.0000	test_episode_length_mean:199.0000	test_return_mean:         10.6060
test_return_std:           6.0888	
2026-08-19 00:42:03,048 - my_experiment - advP_B_HC_st_nomm_43 - my_run - INFO - t_env: 600200 / 5050000
2026-08-19 00:42:03,050 - my_experiment - advP_B_HC_st_nomm_43 - my_run - INFO - Estimated time left: 1 days, 11 hours, 49 minutes, 43 seconds. Time passed: 4 hours, 38 minutes, 0 seconds
2026-08-19 01:06:07,267 - my_experiment - advP_B_HC_st_nomm_43 - my_run - INFO - Recent Stats | t_env:     650000 | Episode:     3250
ep_length_mean:          200.0000	episode_length_mean:     199.0000	epsilon:                   0.3920	grad_norm:               811.4289
info_nce_loss:             0.4526	loss:                      3.7145	q_loss:                    3.3768	return_mean:               4.3450
return_std:                2.9091	test_ep_length_mean:     200.0000	test_episode_length_mean:199.0000	test_return_mean:         10.3279
test_return_std:           5.6606	
2026-08-19 01:06:12,787 - my_experiment - advP_B_HC_st_nomm_43 - my_run - INFO - t_env: 650200 / 5050000
2026-08-19 01:06:12,788 - my_experiment - advP_B_HC_st_nomm_43 - my_run - INFO - Estimated time left: 1 days, 11 hours, 26 minutes, 11 seconds. Time passed: 5 hours, 2 minutes, 9 seconds
2026-08-19 01:30:14,846 - my_experiment - advP_B_HC_st_nomm_43 - my_run - INFO - Recent Stats | t_env:     700000 | Episode:     3500
ep_length_mean:          200.0000	episode_length_mean:     199.0000	epsilon:                   0.3445	grad_norm:               1320.8737
info_nce_loss:             0.2494	loss:                      3.4910	q_loss:                    3.1736	return_mean:               5.2970
return_std:                3.3011	test_ep_length_mean:     200.0000	test_episode_length_mean:199.0000	test_return_mean:          7.2700
test_return_std:           5.9381	
2026-08-19 01:30:20,328 - my_experiment - advP_B_HC_st_nomm_43 - my_run - INFO - t_env: 700200 / 5050000
2026-08-19 01:30:20,329 - my_experiment - advP_B_HC_st_nomm_43 - my_run - INFO - Estimated time left: 1 days, 10 hours, 58 minutes, 50 seconds. Time passed: 5 hours, 26 minutes, 17 seconds
2026-08-19 01:54:23,237 - my_experiment - advP_B_HC_st_nomm_43 - my_run - INFO - Recent Stats | t_env:     750000 | Episode:     3750
ep_length_mean:          200.0000	episode_length_mean:     199.0000	epsilon:                   0.2970	grad_norm:               3306.0593
info_nce_loss:             0.2232	loss:                      7.3644	q_loss:                    6.6949	return_mean:               4.5312
return_std:                3.0667	test_ep_length_mean:     200.0000	test_episode_length_mean:199.0000	test_return_mean:          4.8494
test_return_std:           5.7625	
2026-08-19 01:54:28,734 - my_experiment - advP_B_HC_st_nomm_43 - my_run - INFO - t_env: 750200 / 5050000
2026-08-19 01:54:28,736 - my_experiment - advP_B_HC_st_nomm_43 - my_run - INFO - Estimated time left: 1 days, 10 hours, 35 minutes, 57 seconds. Time passed: 5 hours, 50 minutes, 25 seconds
2026-08-19 02:18:31,455 - my_experiment - advP_B_HC_st_nomm_43 - my_run - INFO - Recent Stats | t_env:     800000 | Episode:     4000
ep_length_mean:          200.0000	episode_length_mean:     199.0000	epsilon:                   0.2495	grad_norm:               3470.1384
info_nce_loss:             0.3328	loss:                      9.6180	q_loss:                    8.7436	return_mean:               5.8018
return_std:                2.7149	test_ep_length_mean:     200.0000	test_episode_length_mean:199.0000	test_return_mean:          3.4757
test_return_std:           5.5651	
2026-08-19 02:18:36,964 - my_experiment - advP_B_HC_st_nomm_43 - my_run - INFO - t_env: 800200 / 5050000
2026-08-19 02:18:36,965 - my_experiment - advP_B_HC_st_nomm_43 - my_run - INFO - Estimated time left: 1 days, 10 hours, 11 minutes, 33 seconds. Time passed: 6 hours, 14 minutes, 34 seconds
2026-08-19 02:42:33,498 - my_experiment - advP_B_HC_st_nomm_43 - my_run - INFO - Recent Stats | t_env:     850000 | Episode:     4250
ep_length_mean:          200.0000	episode_length_mean:     199.0000	epsilon:                   0.2020	grad_norm:               2309.1139
info_nce_loss:             0.1832	loss:                      5.2045	q_loss:                    4.7314	return_mean:               6.3405
return_std:                2.3771	test_ep_length_mean:     200.0000	test_episode_length_mean:199.0000	test_return_mean:          3.0064
test_return_std:           5.0763	
2026-08-19 02:42:38,955 - my_experiment - advP_B_HC_st_nomm_43 - my_run - INFO - t_env: 850200 / 5050000
2026-08-19 02:42:38,957 - my_experiment - advP_B_HC_st_nomm_43 - my_run - INFO - Estimated time left: 1 days, 9 hours, 38 minutes, 41 seconds. Time passed: 6 hours, 38 minutes, 36 seconds
2026-08-19 03:05:29,145 - my_experiment - advP_B_HC_st_nomm_43 - my_run - INFO - Recent Stats | t_env:     900000 | Episode:     4500
ep_length_mean:          200.0000	episode_length_mean:     199.0000	epsilon:                   0.1545	grad_norm:               5016.0652
info_nce_loss:             0.1823	loss:                      8.6812	q_loss:                    7.8920	return_mean:               4.0957
return_std:                2.5075	test_ep_length_mean:     200.0000	test_episode_length_mean:199.0000	test_return_mean:          2.8844
test_return_std:           4.5904	
2026-08-19 03:05:34,327 - my_experiment - advP_B_HC_st_nomm_43 - my_run - INFO - t_env: 900200 / 5050000
2026-08-19 03:05:34,345 - my_experiment - advP_B_HC_st_nomm_43 - my_run - INFO - Estimated time left: 1 days, 7 hours, 42 minutes, 31 seconds. Time passed: 7 hours, 1 minutes, 31 seconds
2026-08-19 03:28:09,732 - my_experiment - advP_B_HC_st_nomm_43 - my_run - INFO - Recent Stats | t_env:     950000 | Episode:     4750
ep_length_mean:          200.0000	episode_length_mean:     199.0000	epsilon:                   0.1070	grad_norm:               2645.5859
info_nce_loss:             0.2637	loss:                      4.8448	q_loss:                    4.4044	return_mean:               5.3546
return_std:                2.6901	test_ep_length_mean:     200.0000	test_episode_length_mean:199.0000	test_return_mean:          2.4943
test_return_std:           3.9145	
2026-08-19 03:28:14,917 - my_experiment - advP_B_HC_st_nomm_43 - my_run - INFO - t_env: 950200 / 5050000
2026-08-19 03:28:14,919 - my_experiment - advP_B_HC_st_nomm_43 - my_run - INFO - Estimated time left: 1 days, 6 hours, 59 minutes, 21 seconds. Time passed: 7 hours, 24 minutes, 12 seconds
2026-08-19 03:50:49,578 - my_experiment - advP_B_HC_st_nomm_43 - my_run - INFO - Recent Stats | t_env:    1000000 | Episode:     5000
ep_length_mean:          200.0000	episode_length_mean:     199.0000	epsilon:                   0.0595	grad_norm:               6299.0707
info_nce_loss:             0.1770	loss:                     12.1518	q_loss:                   11.0471	return_mean:               5.6676
return_std:                3.1877	test_ep_length_mean:     200.0000	test_episode_length_mean:199.0000	test_return_mean:          4.2575
test_return_std:           3.3097	
2026-08-19 03:50:54,708 - my_experiment - advP_B_HC_st_nomm_43 - my_run - INFO - t_env: 1000200 / 5050000
2026-08-19 03:50:54,709 - my_experiment - advP_B_HC_st_nomm_43 - my_run - INFO - Estimated time left: 1 days, 6 hours, 35 minutes, 37 seconds. Time passed: 7 hours, 46 minutes, 51 seconds
2026-08-19 03:52:03,790 - my_experiment - advP_B_HC_st_nomm_43 - my_run - INFO - Saving models to work_dirs/my_experiment/advP_B_HC_st_nomm_43/my_run/20260818_200354/models/1000200
2026-08-19 04:13:28,969 - my_experiment - advP_B_HC_st_nomm_43 - my_run - INFO - Recent Stats | t_env:    1050000 | Episode:     5250
ep_length_mean:          200.0000	episode_length_mean:     199.0000	epsilon:                   0.0500	grad_norm:               1971.5973
info_nce_loss:             0.2224	loss:                      5.8695	q_loss:                    5.3359	return_mean:               5.2055
return_std:                3.3712	test_ep_length_mean:     200.0000	test_episode_length_mean:199.0000	test_return_mean:          4.9707
test_return_std:           2.8602	
2026-08-19 04:13:34,145 - my_experiment - advP_B_HC_st_nomm_43 - my_run - INFO - t_env: 1050200 / 5050000
2026-08-19 04:13:34,146 - my_experiment - advP_B_HC_st_nomm_43 - my_run - INFO - Estimated time left: 1 days, 6 hours, 12 minutes, 29 seconds. Time passed: 8 hours, 9 minutes, 31 seconds
2026-08-19 04:36:06,623 - my_experiment - advP_B_HC_st_nomm_43 - my_run - INFO - Recent Stats | t_env:    1100000 | Episode:     5500
ep_length_mean:          200.0000	episode_length_mean:     199.0000	epsilon:                   0.0500	grad_norm:               2752.6221
info_nce_loss:             0.1625	loss:                      6.0465	q_loss:                    5.4968	return_mean:               4.0886
return_std:                3.3747	test_ep_length_mean:     200.0000	test_episode_length_mean:199.0000	test_return_mean:          3.0838
test_return_std:           3.0644	
2026-08-19 04:36:11,796 - my_experiment - advP_B_HC_st_nomm_43 - my_run - INFO - t_env: 1100200 / 5050000
2026-08-19 04:36:11,797 - my_experiment - advP_B_HC_st_nomm_43 - my_run - INFO - Estimated time left: 1 days, 5 hours, 47 minutes, 28 seconds. Time passed: 8 hours, 32 minutes, 8 seconds
2026-08-19 04:58:46,449 - my_experiment - advP_B_HC_st_nomm_43 - my_run - INFO - Recent Stats | t_env:    1150000 | Episode:     5750
ep_length_mean:          200.0000	episode_length_mean:     199.0000	epsilon:                   0.0500	grad_norm:               1808.4183
info_nce_loss:             0.1742	loss:                      4.3441	q_loss:                    3.9492	return_mean:               8.7826
return_std:                5.7194	test_ep_length_mean:     200.0000	test_episode_length_mean:199.0000	test_return_mean:          3.7858
test_return_std:           2.8402	
2026-08-19 04:58:51,593 - my_experiment - advP_B_HC_st_nomm_43 - my_run - INFO - t_env: 1150200 / 5050000
2026-08-19 04:58:51,594 - my_experiment - advP_B_HC_st_nomm_43 - my_run - INFO - Estimated time left: 1 days, 5 hours, 27 minutes, 38 seconds. Time passed: 8 hours, 54 minutes, 48 seconds
2026-08-19 05:21:25,538 - my_experiment - advP_B_HC_st_nomm_43 - my_run - INFO - Recent Stats | t_env:    1200000 | Episode:     6000
ep_length_mean:          200.0000	episode_length_mean:     199.0000	epsilon:                   0.0500	grad_norm:               1422.5731
info_nce_loss:             0.2585	loss:                      4.1096	q_loss:                    3.7360	return_mean:              23.4729
return_std:                6.6250	test_ep_length_mean:     200.0000	test_episode_length_mean:199.0000	test_return_mean:         10.4614
test_return_std:           3.1616	
2026-08-19 05:21:30,709 - my_experiment - advP_B_HC_st_nomm_43 - my_run - INFO - t_env: 1200200 / 5050000
2026-08-19 05:21:30,710 - my_experiment - advP_B_HC_st_nomm_43 - my_run - INFO - Estimated time left: 1 days, 5 hours, 4 minutes, 6 seconds. Time passed: 9 hours, 17 minutes, 27 seconds
2026-08-19 05:44:04,621 - my_experiment - advP_B_HC_st_nomm_43 - my_run - INFO - Recent Stats | t_env:    1250000 | Episode:     6250
ep_length_mean:          200.0000	episode_length_mean:     199.0000	epsilon:                   0.0500	grad_norm:               1099.8078
info_nce_loss:             0.1949	loss:                      4.0373	q_loss:                    3.6703	return_mean:              25.4030
return_std:                6.5672	test_ep_length_mean:     200.0000	test_episode_length_mean:199.0000	test_return_mean:         16.9694
test_return_std:           3.9578	
2026-08-19 05:44:09,783 - my_experiment - advP_B_HC_st_nomm_43 - my_run - INFO - t_env: 1250200 / 5050000
2026-08-19 05:44:09,784 - my_experiment - advP_B_HC_st_nomm_43 - my_run - INFO - Estimated time left: 1 days, 4 hours, 41 minutes, 24 seconds. Time passed: 9 hours, 40 minutes, 6 seconds
2026-08-19 06:06:44,183 - my_experiment - advP_B_HC_st_nomm_43 - my_run - INFO - Recent Stats | t_env:    1300000 | Episode:     6500
ep_length_mean:          200.0000	episode_length_mean:     199.0000	epsilon:                   0.0500	grad_norm:               2332.1786
info_nce_loss:             0.0959	loss:                      6.2103	q_loss:                    5.6457	return_mean:              21.7978
return_std:               10.3820	test_ep_length_mean:     200.0000	test_episode_length_mean:199.0000	test_return_mean:         15.3344
test_return_std:           4.9715	
2026-08-19 06:06:49,355 - my_experiment - advP_B_HC_st_nomm_43 - my_run - INFO - t_env: 1300200 / 5050000
2026-08-19 06:06:49,357 - my_experiment - advP_B_HC_st_nomm_43 - my_run - INFO - Estimated time left: 1 days, 4 hours, 19 minutes, 22 seconds. Time passed: 10 hours, 2 minutes, 46 seconds
2026-08-19 06:29:24,037 - my_experiment - advP_B_HC_st_nomm_43 - my_run - INFO - Recent Stats | t_env:    1350000 | Episode:     6750
ep_length_mean:          200.0000	episode_length_mean:     199.0000	epsilon:                   0.0500	grad_norm:               1530.4678
info_nce_loss:             0.2254	loss:                      3.9978	q_loss:                    3.6344	return_mean:              25.2978
return_std:                7.9344	test_ep_length_mean:     200.0000	test_episode_length_mean:199.0000	test_return_mean:         21.6265
test_return_std:           5.0735	
2026-08-19 06:29:29,216 - my_experiment - advP_B_HC_st_nomm_43 - my_run - INFO - t_env: 1350200 / 5050000
2026-08-19 06:29:29,218 - my_experiment - advP_B_HC_st_nomm_43 - my_run - INFO - Estimated time left: 1 days, 3 hours, 57 minutes, 4 seconds. Time passed: 10 hours, 25 minutes, 26 seconds
2026-08-19 06:52:04,152 - my_experiment - advP_B_HC_st_nomm_43 - my_run - INFO - Recent Stats | t_env:    1400000 | Episode:     7000
ep_length_mean:          200.0000	episode_length_mean:     199.0000	epsilon:                   0.0500	grad_norm:               1508.7987
info_nce_loss:             0.0513	loss:                      4.5036	q_loss:                    4.0942	return_mean:              30.1063
return_std:                7.0175	test_ep_length_mean:     200.0000	test_episode_length_mean:199.0000	test_return_mean:         27.6764
test_return_std:           6.4381	
2026-08-19 06:52:09,309 - my_experiment - advP_B_HC_st_nomm_43 - my_run - INFO - t_env: 1400200 / 5050000
2026-08-19 06:52:09,310 - my_experiment - advP_B_HC_st_nomm_43 - my_run - INFO - Estimated time left: 1 days, 3 hours, 34 minutes, 41 seconds. Time passed: 10 hours, 48 minutes, 6 seconds
2026-08-19 07:14:41,339 - my_experiment - advP_B_HC_st_nomm_43 - my_run - INFO - Recent Stats | t_env:    1450000 | Episode:     7250
ep_length_mean:          200.0000	episode_length_mean:     199.0000	epsilon:                   0.0500	grad_norm:               3570.6162
info_nce_loss:             0.1514	loss:                      8.6655	q_loss:                    7.8777	return_mean:              31.0896
return_std:                6.4246	test_ep_length_mean:     200.0000	test_episode_length_mean:199.0000	test_return_mean:         28.9276
test_return_std:           6.4560	
2026-08-19 07:14:46,498 - my_experiment - advP_B_HC_st_nomm_43 - my_run - INFO - t_env: 1450200 / 5050000
2026-08-19 07:14:46,499 - my_experiment - advP_B_HC_st_nomm_43 - my_run - INFO - Estimated time left: 1 days, 3 hours, 8 minutes, 32 seconds. Time passed: 11 hours, 10 minutes, 43 seconds
2026-08-19 07:37:21,848 - my_experiment - advP_B_HC_st_nomm_43 - my_run - INFO - Recent Stats | t_env:    1500000 | Episode:     7500
ep_length_mean:          200.0000	episode_length_mean:     199.0000	epsilon:                   0.0500	grad_norm:               3369.5599
info_nce_loss:             0.1124	loss:                      7.3670	q_loss:                    6.6972	return_mean:              28.5729
return_std:                7.0939	test_ep_length_mean:     200.0000	test_episode_length_mean:199.0000	test_return_mean:         23.6861
test_return_std:           6.1060	
2026-08-19 07:37:27,020 - my_experiment - advP_B_HC_st_nomm_43 - my_run - INFO - t_env: 1500200 / 5050000
2026-08-19 07:37:27,022 - my_experiment - advP_B_HC_st_nomm_43 - my_run - INFO - Estimated time left: 1 days, 2 hours, 49 minutes, 51 seconds. Time passed: 11 hours, 33 minutes, 24 seconds
2026-08-19 07:38:35,902 - my_experiment - advP_B_HC_st_nomm_43 - my_run - INFO - Saving models to work_dirs/my_experiment/advP_B_HC_st_nomm_43/my_run/20260818_200354/models/1500200
2026-08-19 08:00:00,082 - my_experiment - advP_B_HC_st_nomm_43 - my_run - INFO - Recent Stats | t_env:    1550000 | Episode:     7750
ep_length_mean:          200.0000	episode_length_mean:     199.0000	epsilon:                   0.0500	grad_norm:               7646.3179
info_nce_loss:             0.0890	loss:                     18.8469	q_loss:                   17.1336	return_mean:              29.2520
return_std:                5.5816	test_ep_length_mean:     200.0000	test_episode_length_mean:199.0000	test_return_mean:         30.9307
test_return_std:           5.9423	
2026-08-19 08:00:05,249 - my_experiment - advP_B_HC_st_nomm_43 - my_run - INFO - t_env: 1550200 / 5050000
2026-08-19 08:00:05,251 - my_experiment - advP_B_HC_st_nomm_43 - my_run - INFO - Estimated time left: 1 days, 2 hours, 24 minutes, 30 seconds. Time passed: 11 hours, 56 minutes, 2 seconds
2026-08-19 08:22:38,517 - my_experiment - advP_B_HC_st_nomm_43 - my_run - INFO - Recent Stats | t_env:    1600000 | Episode:     8000
ep_length_mean:          200.0000	episode_length_mean:     199.0000	epsilon:                   0.0500	grad_norm:               3994.5485
info_nce_loss:             0.0866	loss:                      7.6599	q_loss:                    6.9636	return_mean:              30.6278
return_std:                5.5040	test_ep_length_mean:     200.0000	test_episode_length_mean:199.0000	test_return_mean:         33.6418
test_return_std:           6.2924	
2026-08-19 08:22:43,679 - my_experiment - advP_B_HC_st_nomm_43 - my_run - INFO - t_env: 1600200 / 5050000
2026-08-19 08:22:43,681 - my_experiment - advP_B_HC_st_nomm_43 - my_run - INFO - Estimated time left: 1 days, 2 hours, 2 minutes, 6 seconds. Time passed: 12 hours, 18 minutes, 40 seconds
2026-08-19 08:45:16,114 - my_experiment - advP_B_HC_st_nomm_43 - my_run - INFO - Recent Stats | t_env:    1650000 | Episode:     8250
ep_length_mean:          200.0000	episode_length_mean:     199.0000	epsilon:                   0.0500	grad_norm:               1946.6575
info_nce_loss:             0.3008	loss:                      5.4067	q_loss:                    4.9151	return_mean:              31.2681
return_std:                5.6574	test_ep_length_mean:     200.0000	test_episode_length_mean:199.0000	test_return_mean:         33.7853
test_return_std:           5.9266	
2026-08-19 08:45:21,252 - my_experiment - advP_B_HC_st_nomm_43 - my_run - INFO - t_env: 1650200 / 5050000
2026-08-19 08:45:21,254 - my_experiment - advP_B_HC_st_nomm_43 - my_run - INFO - Estimated time left: 1 days, 1 hours, 38 minutes, 29 seconds. Time passed: 12 hours, 41 minutes, 18 seconds
2026-08-19 09:07:53,025 - my_experiment - advP_B_HC_st_nomm_43 - my_run - INFO - Recent Stats | t_env:    1700000 | Episode:     8500
ep_length_mean:          200.0000	episode_length_mean:     199.0000	epsilon:                   0.0500	grad_norm:               7685.6833
info_nce_loss:             0.2518	loss:                     12.0824	q_loss:                   10.9840	return_mean:              29.3132
return_std:                6.0440	test_ep_length_mean:     200.0000	test_episode_length_mean:199.0000	test_return_mean:         33.9193
test_return_std:           5.9898	
2026-08-19 09:07:58,173 - my_experiment - advP_B_HC_st_nomm_43 - my_run - INFO - t_env: 1700200 / 5050000
2026-08-19 09:07:58,175 - my_experiment - advP_B_HC_st_nomm_43 - my_run - INFO - Estimated time left: 1 days, 1 hours, 15 minutes, 8 seconds. Time passed: 13 hours, 3 minutes, 55 seconds
2026-08-19 09:30:29,086 - my_experiment - advP_B_HC_st_nomm_43 - my_run - INFO - Recent Stats | t_env:    1750000 | Episode:     8750
ep_length_mean:          200.0000	episode_length_mean:     199.0000	epsilon:                   0.0500	grad_norm:               10968.0590
info_nce_loss:             0.2361	loss:                     17.9197	q_loss:                   16.2906	return_mean:              23.1357
return_std:                7.2467	test_ep_length_mean:     200.0000	test_episode_length_mean:199.0000	test_return_mean:         36.5772
test_return_std:           5.9402	
2026-08-19 09:30:34,242 - my_experiment - advP_B_HC_st_nomm_43 - my_run - INFO - t_env: 1750200 / 5050000
2026-08-19 09:30:34,244 - my_experiment - advP_B_HC_st_nomm_43 - my_run - INFO - Estimated time left: 1 days, 51 minutes, 35 seconds. Time passed: 13 hours, 26 minutes, 31 seconds
2026-08-19 09:53:07,152 - my_experiment - advP_B_HC_st_nomm_43 - my_run - INFO - Recent Stats | t_env:    1800000 | Episode:     9000
ep_length_mean:          200.0000	episode_length_mean:     199.0000	epsilon:                   0.0500	grad_norm:               4501.9334
info_nce_loss:             0.1387	loss:                      7.0033	q_loss:                    6.3666	return_mean:              27.7108
return_std:                5.7590	test_ep_length_mean:     200.0000	test_episode_length_mean:199.0000	test_return_mean:         36.4323
test_return_std:           6.0616	
2026-08-19 09:53:12,306 - my_experiment - advP_B_HC_st_nomm_43 - my_run - INFO - t_env: 1800200 / 5050000
2026-08-19 09:53:12,308 - my_experiment - advP_B_HC_st_nomm_43 - my_run - INFO - Estimated time left: 1 days, 31 minutes, 8 seconds. Time passed: 13 hours, 49 minutes, 9 seconds
2026-08-19 10:15:43,979 - my_experiment - advP_B_HC_st_nomm_43 - my_run - INFO - Recent Stats | t_env:    1850000 | Episode:     9250
ep_length_mean:          200.0000	episode_length_mean:     199.0000	epsilon:                   0.0500	grad_norm:               3776.6085
info_nce_loss:             0.2473	loss:                      7.9883	q_loss:                    7.2621	return_mean:              28.6634
return_std:                5.6506	test_ep_length_mean:     200.0000	test_episode_length_mean:199.0000	test_return_mean:         34.0031
test_return_std:           5.8813	
2026-08-19 10:15:49,134 - my_experiment - advP_B_HC_st_nomm_43 - my_run - INFO - t_env: 1850200 / 5050000
2026-08-19 10:15:49,136 - my_experiment - advP_B_HC_st_nomm_43 - my_run - INFO - Estimated time left: 1 days, 7 minutes, 11 seconds. Time passed: 14 hours, 11 minutes, 46 seconds
2026-08-19 10:38:20,230 - my_experiment - advP_B_HC_st_nomm_43 - my_run - INFO - Recent Stats | t_env:    1900000 | Episode:     9500
ep_length_mean:          200.0000	episode_length_mean:     199.0000	epsilon:                   0.0500	grad_norm:               4827.8245
info_nce_loss:             0.1285	loss:                      8.2537	q_loss:                    7.5033	return_mean:              26.9021
return_std:                6.2144	test_ep_length_mean:     200.0000	test_episode_length_mean:199.0000	test_return_mean:         32.4527
test_return_std:           6.2967	
2026-08-19 10:38:25,372 - my_experiment - advP_B_HC_st_nomm_43 - my_run - INFO - t_env: 1900200 / 5050000
2026-08-19 10:38:25,373 - my_experiment - advP_B_HC_st_nomm_43 - my_run - INFO - Estimated time left: 23 hours, 43 minutes, 57 seconds. Time passed: 14 hours, 34 minutes, 22 seconds
2026-08-19 11:00:57,326 - my_experiment - advP_B_HC_st_nomm_43 - my_run - INFO - Recent Stats | t_env:    1950000 | Episode:     9750
ep_length_mean:          200.0000	episode_length_mean:     199.0000	epsilon:                   0.0500	grad_norm:               5788.9483
info_nce_loss:             0.2252	loss:                      8.0825	q_loss:                    7.3477	return_mean:              23.6612
return_std:                8.3045	test_ep_length_mean:     200.0000	test_episode_length_mean:199.0000	test_return_mean:         31.0955
test_return_std:           6.6431	
2026-08-19 11:01:02,477 - my_experiment - advP_B_HC_st_nomm_43 - my_run - INFO - t_env: 1950200 / 5050000
2026-08-19 11:01:02,478 - my_experiment - advP_B_HC_st_nomm_43 - my_run - INFO - Estimated time left: 23 hours, 22 minutes, 15 seconds. Time passed: 14 hours, 56 minutes, 59 seconds
2026-08-19 11:23:34,290 - my_experiment - advP_B_HC_st_nomm_43 - my_run - INFO - Recent Stats | t_env:    2000000 | Episode:    10000
ep_length_mean:          200.0000	episode_length_mean:     199.0000	epsilon:                   0.0500	grad_norm:               2526.8807
info_nce_loss:             0.1116	loss:                      2.2265	q_loss:                    2.0241	return_mean:              35.1448
return_std:                5.8476	test_ep_length_mean:     200.0000	test_episode_length_mean:199.0000	test_return_mean:         33.0750
test_return_std:           7.2215	
2026-08-19 11:23:39,428 - my_experiment - advP_B_HC_st_nomm_43 - my_run - INFO - t_env: 2000200 / 5050000
2026-08-19 11:23:39,429 - my_experiment - advP_B_HC_st_nomm_43 - my_run - INFO - Estimated time left: 22 hours, 59 minutes, 28 seconds. Time passed: 15 hours, 19 minutes, 36 seconds
2026-08-19 11:24:48,327 - my_experiment - advP_B_HC_st_nomm_43 - my_run - INFO - Saving models to work_dirs/my_experiment/advP_B_HC_st_nomm_43/my_run/20260818_200354/models/2000200
2026-08-19 11:46:10,641 - my_experiment - advP_B_HC_st_nomm_43 - my_run - INFO - Recent Stats | t_env:    2050000 | Episode:    10250
ep_length_mean:          200.0000	episode_length_mean:     199.0000	epsilon:                   0.0500	grad_norm:               2823.6433
info_nce_loss:             0.0509	loss:                      2.9971	q_loss:                    2.7246	return_mean:              34.0223
return_std:                6.5776	test_ep_length_mean:     200.0000	test_episode_length_mean:199.0000	test_return_mean:         34.7754
test_return_std:           7.3655	
2026-08-19 11:46:15,773 - my_experiment - advP_B_HC_st_nomm_43 - my_run - INFO - t_env: 2050200 / 5050000
2026-08-19 11:46:15,774 - my_experiment - advP_B_HC_st_nomm_43 - my_run - INFO - Estimated time left: 22 hours, 36 minutes, 15 seconds. Time passed: 15 hours, 42 minutes, 12 seconds
2026-08-19 12:08:47,518 - my_experiment - advP_B_HC_st_nomm_43 - my_run - INFO - Recent Stats | t_env:    2100000 | Episode:    10500
ep_length_mean:          200.0000	episode_length_mean:     199.0000	epsilon:                   0.0500	grad_norm:               3681.1816
info_nce_loss:             0.0689	loss:                      4.0455	q_loss:                    3.6777	return_mean:              33.4055
return_std:                5.9493	test_ep_length_mean:     200.0000	test_episode_length_mean:199.0000	test_return_mean:         37.0285
test_return_std:           7.2444	
2026-08-19 12:08:52,675 - my_experiment - advP_B_HC_st_nomm_43 - my_run - INFO - t_env: 2100200 / 5050000
2026-08-19 12:08:52,676 - my_experiment - advP_B_HC_st_nomm_43 - my_run - INFO - Estimated time left: 22 hours, 14 minutes, 11 seconds. Time passed: 16 hours, 4 minutes, 49 seconds
2026-08-19 12:31:53,939 - my_experiment - advP_B_HC_st_nomm_43 - my_run - INFO - Recent Stats | t_env:    2150000 | Episode:    10750
ep_length_mean:          200.0000	episode_length_mean:     199.0000	epsilon:                   0.0500	grad_norm:               2056.9639
info_nce_loss:             0.2266	loss:                      2.7539	q_loss:                    2.5035	return_mean:              30.0151
return_std:                9.4987	test_ep_length_mean:     200.0000	test_episode_length_mean:199.0000	test_return_mean:         38.6959
test_return_std:           6.6546	
2026-08-19 12:31:59,700 - my_experiment - advP_B_HC_st_nomm_43 - my_run - INFO - t_env: 2150200 / 5050000
2026-08-19 12:31:59,703 - my_experiment - advP_B_HC_st_nomm_43 - my_run - INFO - Estimated time left: 22 hours, 20 minutes, 41 seconds. Time passed: 16 hours, 27 minutes, 56 seconds
2026-08-19 12:55:27,954 - my_experiment - advP_B_HC_st_nomm_43 - my_run - INFO - Recent Stats | t_env:    2200000 | Episode:    11000
ep_length_mean:          200.0000	episode_length_mean:     199.0000	epsilon:                   0.0500	grad_norm:               18467.7559
info_nce_loss:             0.2841	loss:                     29.4301	q_loss:                   26.7547	return_mean:              32.6239
return_std:                7.1900	test_ep_length_mean:     200.0000	test_episode_length_mean:199.0000	test_return_mean:         40.0620
test_return_std:           6.5315	
2026-08-19 12:55:33,111 - my_experiment - advP_B_HC_st_nomm_43 - my_run - INFO - t_env: 2200200 / 5050000
2026-08-19 12:55:33,112 - my_experiment - advP_B_HC_st_nomm_43 - my_run - INFO - Estimated time left: 22 hours, 22 minutes, 38 seconds. Time passed: 16 hours, 51 minutes, 30 seconds
2026-08-19 13:18:05,485 - my_experiment - advP_B_HC_st_nomm_43 - my_run - INFO - Recent Stats | t_env:    2250000 | Episode:    11250
ep_length_mean:          200.0000	episode_length_mean:     199.0000	epsilon:                   0.0500	grad_norm:               7628.9979
info_nce_loss:             0.1777	loss:                     19.3626	q_loss:                   17.6024	return_mean:              27.5115
return_std:               10.5526	test_ep_length_mean:     200.0000	test_episode_length_mean:199.0000	test_return_mean:         40.5679
test_return_std:           6.5126	
2026-08-19 13:18:10,641 - my_experiment - advP_B_HC_st_nomm_43 - my_run - INFO - t_env: 2250200 / 5050000
2026-08-19 13:18:10,643 - my_experiment - advP_B_HC_st_nomm_43 - my_run - INFO - Estimated time left: 21 hours, 6 minutes, 56 seconds. Time passed: 17 hours, 14 minutes, 7 seconds
2026-08-19 13:40:50,076 - my_experiment - advP_B_HC_st_nomm_43 - my_run - INFO - Recent Stats | t_env:    2300000 | Episode:    11500
ep_length_mean:          200.0000	episode_length_mean:     199.0000	epsilon:                   0.0500	grad_norm:               12595.8502
info_nce_loss:             0.1646	loss:                     22.0007	q_loss:                   20.0007	return_mean:              29.5552
return_std:                6.7981	test_ep_length_mean:     200.0000	test_episode_length_mean:199.0000	test_return_mean:         39.1118
test_return_std:           5.8684	
2026-08-19 13:40:55,206 - my_experiment - advP_B_HC_st_nomm_43 - my_run - INFO - t_env: 2300200 / 5050000
2026-08-19 13:40:55,207 - my_experiment - advP_B_HC_st_nomm_43 - my_run - INFO - Estimated time left: 20 hours, 50 minutes, 45 seconds. Time passed: 17 hours, 36 minutes, 52 seconds
2026-08-19 14:03:26,760 - my_experiment - advP_B_HC_st_nomm_43 - my_run - INFO - Recent Stats | t_env:    2350000 | Episode:    11750
ep_length_mean:          200.0000	episode_length_mean:     199.0000	epsilon:                   0.0500	grad_norm:               13578.6833
info_nce_loss:             0.1819	loss:                     22.6049	q_loss:                   20.5499	return_mean:              29.3782
return_std:                6.3562	test_ep_length_mean:     200.0000	test_episode_length_mean:199.0000	test_return_mean:         36.8584
test_return_std:           5.9786	
2026-08-19 14:03:31,900 - my_experiment - advP_B_HC_st_nomm_43 - my_run - INFO - t_env: 2350200 / 5050000
2026-08-19 14:03:31,902 - my_experiment - advP_B_HC_st_nomm_43 - my_run - INFO - Estimated time left: 20 hours, 20 minutes, 56 seconds. Time passed: 17 hours, 59 minutes, 28 seconds
2026-08-19 14:26:02,225 - my_experiment - advP_B_HC_st_nomm_43 - my_run - INFO - Recent Stats | t_env:    2400000 | Episode:    12000
ep_length_mean:          200.0000	episode_length_mean:     199.0000	epsilon:                   0.0500	grad_norm:               20542.9748
info_nce_loss:             0.1716	loss:                     41.7394	q_loss:                   37.9450	return_mean:              28.8251
return_std:                5.4946	test_ep_length_mean:     200.0000	test_episode_length_mean:199.0000	test_return_mean:         36.2545
test_return_std:           6.1146	
2026-08-19 14:26:07,360 - my_experiment - advP_B_HC_st_nomm_43 - my_run - INFO - t_env: 2400200 / 5050000
2026-08-19 14:26:07,361 - my_experiment - advP_B_HC_st_nomm_43 - my_run - INFO - Estimated time left: 19 hours, 57 minutes, 13 seconds. Time passed: 18 hours, 22 minutes, 4 seconds
2026-08-19 14:48:39,548 - my_experiment - advP_B_HC_st_nomm_43 - my_run - INFO - Recent Stats | t_env:    2450000 | Episode:    12250
ep_length_mean:          200.0000	episode_length_mean:     199.0000	epsilon:                   0.0500	grad_norm:               4268.1923
info_nce_loss:             0.0731	loss:                      4.7331	q_loss:                    4.3028	return_mean:              29.3194
return_std:                5.8846	test_ep_length_mean:     200.0000	test_episode_length_mean:199.0000	test_return_mean:         34.4488
test_return_std:           6.3848	
2026-08-19 14:48:44,724 - my_experiment - advP_B_HC_st_nomm_43 - my_run - INFO - t_env: 2450200 / 5050000
2026-08-19 14:48:44,726 - my_experiment - advP_B_HC_st_nomm_43 - my_run - INFO - Estimated time left: 19 hours, 36 minutes, 17 seconds. Time passed: 18 hours, 44 minutes, 41 seconds
2026-08-19 15:11:20,117 - my_experiment - advP_B_HC_st_nomm_43 - my_run - INFO - Recent Stats | t_env:    2500000 | Episode:    12500
ep_length_mean:          200.0000	episode_length_mean:     199.0000	epsilon:                   0.0500	grad_norm:               7222.0444
info_nce_loss:             0.1854	loss:                      7.4809	q_loss:                    6.8008	return_mean:              30.7226
return_std:                5.8821	test_ep_length_mean:     200.0000	test_episode_length_mean:199.0000	test_return_mean:         33.3853
test_return_std:           6.3334	
2026-08-19 15:11:25,480 - my_experiment - advP_B_HC_st_nomm_43 - my_run - INFO - t_env: 2500200 / 5050000
2026-08-19 15:11:25,481 - my_experiment - advP_B_HC_st_nomm_43 - my_run - INFO - Estimated time left: 19 hours, 16 minutes, 33 seconds. Time passed: 19 hours, 7 minutes, 22 seconds
2026-08-19 15:12:37,346 - my_experiment - advP_B_HC_st_nomm_43 - my_run - INFO - Saving models to work_dirs/my_experiment/advP_B_HC_st_nomm_43/my_run/20260818_200354/models/2500200
2026-08-19 15:34:48,946 - my_experiment - advP_B_HC_st_nomm_43 - my_run - INFO - Recent Stats | t_env:    2550000 | Episode:    12750
ep_length_mean:          200.0000	episode_length_mean:     199.0000	epsilon:                   0.0500	grad_norm:               20025.7608
info_nce_loss:             0.2077	loss:                     38.1126	q_loss:                   34.6478	return_mean:              31.2798
return_std:                6.3281	test_ep_length_mean:     200.0000	test_episode_length_mean:199.0000	test_return_mean:         33.9186
test_return_std:           6.6507	
2026-08-19 15:34:54,314 - my_experiment - advP_B_HC_st_nomm_43 - my_run - INFO - t_env: 2550200 / 5050000
2026-08-19 15:34:54,315 - my_experiment - advP_B_HC_st_nomm_43 - my_run - INFO - Estimated time left: 19 hours, 33 minutes, 56 seconds. Time passed: 19 hours, 30 minutes, 51 seconds
2026-08-19 15:58:20,310 - my_experiment - advP_B_HC_st_nomm_43 - my_run - INFO - Recent Stats | t_env:    2600000 | Episode:    13000
ep_length_mean:          200.0000	episode_length_mean:     199.0000	epsilon:                   0.0500	grad_norm:               19635.1766
info_nce_loss:             0.2799	loss:                     35.8064	q_loss:                   32.5513	return_mean:              30.0054
return_std:                5.8274	test_ep_length_mean:     200.0000	test_episode_length_mean:199.0000	test_return_mean:         34.9811
test_return_std:           6.7285	
2026-08-19 15:58:25,683 - my_experiment - advP_B_HC_st_nomm_43 - my_run - INFO - t_env: 2600200 / 5050000
2026-08-19 15:58:25,684 - my_experiment - advP_B_HC_st_nomm_43 - my_run - INFO - Estimated time left: 19 hours, 12 minutes, 31 seconds. Time passed: 19 hours, 54 minutes, 22 seconds
2026-08-19 16:21:48,786 - my_experiment - advP_B_HC_st_nomm_43 - my_run - INFO - Recent Stats | t_env:    2650000 | Episode:    13250
ep_length_mean:          200.0000	episode_length_mean:     199.0000	epsilon:                   0.0500	grad_norm:               19854.1181
info_nce_loss:             0.3107	loss:                     41.0889	q_loss:                   37.3536	return_mean:              28.5710
return_std:                5.5634	test_ep_length_mean:     200.0000	test_episode_length_mean:199.0000	test_return_mean:         35.8079
test_return_std:           6.5455	
2026-08-19 16:21:54,131 - my_experiment - advP_B_HC_st_nomm_43 - my_run - INFO - t_env: 2650200 / 5050000
2026-08-19 16:21:54,133 - my_experiment - advP_B_HC_st_nomm_43 - my_run - INFO - Estimated time left: 18 hours, 46 minutes, 39 seconds. Time passed: 20 hours, 17 minutes, 51 seconds
2026-08-19 16:45:18,884 - my_experiment - advP_B_HC_st_nomm_43 - my_run - INFO - Recent Stats | t_env:    2700000 | Episode:    13500
ep_length_mean:          200.0000	episode_length_mean:     199.0000	epsilon:                   0.0500	grad_norm:               18714.9714
info_nce_loss:             0.2319	loss:                     45.4711	q_loss:                   41.3374	return_mean:              26.8373
return_std:                5.0497	test_ep_length_mean:     200.0000	test_episode_length_mean:199.0000	test_return_mean:         36.4324
test_return_std:           5.8526	
2026-08-19 16:45:24,202 - my_experiment - advP_B_HC_st_nomm_43 - my_run - INFO - t_env: 2700200 / 5050000
2026-08-19 16:45:24,204 - my_experiment - advP_B_HC_st_nomm_43 - my_run - INFO - Estimated time left: 18 hours, 24 minutes, 27 seconds. Time passed: 20 hours, 41 minutes, 21 seconds
2026-08-19 17:08:49,818 - my_experiment - advP_B_HC_st_nomm_43 - my_run - INFO - Recent Stats | t_env:    2750000 | Episode:    13750
ep_length_mean:          200.0000	episode_length_mean:     199.0000	epsilon:                   0.0500	grad_norm:               13303.4671
info_nce_loss:             0.1838	loss:                     24.9346	q_loss:                   22.6678	return_mean:              28.9685
return_std:                5.8714	test_ep_length_mean:     200.0000	test_episode_length_mean:199.0000	test_return_mean:         36.6767
test_return_std:           6.0502	
2026-08-19 17:08:55,176 - my_experiment - advP_B_HC_st_nomm_43 - my_run - INFO - t_env: 2750200 / 5050000
2026-08-19 17:08:55,177 - my_experiment - advP_B_HC_st_nomm_43 - my_run - INFO - Estimated time left: 18 hours, 1 minutes, 39 seconds. Time passed: 21 hours, 4 minutes, 52 seconds
2026-08-19 17:32:18,583 - my_experiment - advP_B_HC_st_nomm_43 - my_run - INFO - Recent Stats | t_env:    2800000 | Episode:    14000
ep_length_mean:          200.0000	episode_length_mean:     199.0000	epsilon:                   0.0500	grad_norm:               12223.6888
info_nce_loss:             0.3977	loss:                     23.7976	q_loss:                   21.6342	return_mean:              29.0441
return_std:                5.9929	test_ep_length_mean:     200.0000	test_episode_length_mean:199.0000	test_return_mean:         36.5452
test_return_std:           6.6018	
2026-08-19 17:32:23,943 - my_experiment - advP_B_HC_st_nomm_43 - my_run - INFO - t_env: 2800200 / 5050000
2026-08-19 17:32:23,944 - my_experiment - advP_B_HC_st_nomm_43 - my_run - INFO - Estimated time left: 17 hours, 36 minutes, 28 seconds. Time passed: 21 hours, 28 minutes, 21 seconds
2026-08-19 17:55:48,161 - my_experiment - advP_B_HC_st_nomm_43 - my_run - INFO - Recent Stats | t_env:    2850000 | Episode:    14250
ep_length_mean:          200.0000	episode_length_mean:     199.0000	epsilon:                   0.0500	grad_norm:               10905.0210
info_nce_loss:             0.3281	loss:                     24.3685	q_loss:                   22.1531	return_mean:              30.9809
return_std:                5.9902	test_ep_length_mean:     200.0000	test_episode_length_mean:199.0000	test_return_mean:         36.7302
test_return_std:           6.3290	
2026-08-19 17:55:53,493 - my_experiment - advP_B_HC_st_nomm_43 - my_run - INFO - t_env: 2850200 / 5050000
2026-08-19 17:55:53,494 - my_experiment - advP_B_HC_st_nomm_43 - my_run - INFO - Estimated time left: 17 hours, 13 minutes, 34 seconds. Time passed: 21 hours, 51 minutes, 50 seconds
2026-08-19 18:19:18,360 - my_experiment - advP_B_HC_st_nomm_43 - my_run - INFO - Recent Stats | t_env:    2900000 | Episode:    14500
ep_length_mean:          200.0000	episode_length_mean:     199.0000	epsilon:                   0.0500	grad_norm:               3241.4264
info_nce_loss:             0.2449	loss:                      3.4507	q_loss:                    3.1370	return_mean:              32.8052
return_std:                5.6574	test_ep_length_mean:     200.0000	test_episode_length_mean:199.0000	test_return_mean:         36.3985
test_return_std:           6.3536	
2026-08-19 18:19:23,724 - my_experiment - advP_B_HC_st_nomm_43 - my_run - INFO - t_env: 2900200 / 5050000
2026-08-19 18:19:23,726 - my_experiment - advP_B_HC_st_nomm_43 - my_run - INFO - Estimated time left: 16 hours, 50 minutes, 34 seconds. Time passed: 22 hours, 15 minutes, 20 seconds
2026-08-19 18:42:48,534 - my_experiment - advP_B_HC_st_nomm_43 - my_run - INFO - Recent Stats | t_env:    2950000 | Episode:    14750
ep_length_mean:          200.0000	episode_length_mean:     199.0000	epsilon:                   0.0500	grad_norm:               4612.8913
info_nce_loss:             0.2191	loss:                      4.6895	q_loss:                    4.2632	return_mean:              32.4275
return_std:                5.7388	test_ep_length_mean:     200.0000	test_episode_length_mean:199.0000	test_return_mean:         37.5083
test_return_std:           6.7199	
2026-08-19 18:42:53,861 - my_experiment - advP_B_HC_st_nomm_43 - my_run - INFO - t_env: 2950200 / 5050000
2026-08-19 18:42:53,862 - my_experiment - advP_B_HC_st_nomm_43 - my_run - INFO - Estimated time left: 16 hours, 27 minutes, 0 seconds. Time passed: 22 hours, 38 minutes, 50 seconds
2026-08-19 19:06:18,733 - my_experiment - advP_B_HC_st_nomm_43 - my_run - INFO - Recent Stats | t_env:    3000000 | Episode:    15000
ep_length_mean:          200.0000	episode_length_mean:     199.0000	epsilon:                   0.0500	grad_norm:               2432.3371
info_nce_loss:             0.4436	loss:                      2.0930	q_loss:                    1.9028	return_mean:              31.7518
return_std:                6.2588	test_ep_length_mean:     200.0000	test_episode_length_mean:199.0000	test_return_mean:         36.1174
test_return_std:           6.5258	
2026-08-19 19:06:24,086 - my_experiment - advP_B_HC_st_nomm_43 - my_run - INFO - t_env: 3000200 / 5050000
2026-08-19 19:06:24,088 - my_experiment - advP_B_HC_st_nomm_43 - my_run - INFO - Estimated time left: 16 hours, 3 minutes, 33 seconds. Time passed: 23 hours, 2 minutes, 21 seconds
2026-08-19 19:07:35,893 - my_experiment - advP_B_HC_st_nomm_43 - my_run - INFO - Saving models to work_dirs/my_experiment/advP_B_HC_st_nomm_43/my_run/20260818_200354/models/3000200
2026-08-19 19:29:48,915 - my_experiment - advP_B_HC_st_nomm_43 - my_run - INFO - Recent Stats | t_env:    3050000 | Episode:    15250
ep_length_mean:          200.0000	episode_length_mean:     199.0000	epsilon:                   0.0500	grad_norm:               4443.6719
info_nce_loss:             0.3302	loss:                      6.2701	q_loss:                    5.7001	return_mean:              32.1248
return_std:                5.3894	test_ep_length_mean:     200.0000	test_episode_length_mean:199.0000	test_return_mean:         36.4218
test_return_std:           5.8970	
2026-08-19 19:29:54,252 - my_experiment - advP_B_HC_st_nomm_43 - my_run - INFO - t_env: 3050200 / 5050000
2026-08-19 19:29:54,254 - my_experiment - advP_B_HC_st_nomm_43 - my_run - INFO - Estimated time left: 15 hours, 40 minutes, 0 seconds. Time passed: 23 hours, 25 minutes, 51 seconds
2026-08-19 19:53:18,333 - my_experiment - advP_B_HC_st_nomm_43 - my_run - INFO - Recent Stats | t_env:    3100000 | Episode:    15500
ep_length_mean:          200.0000	episode_length_mean:     199.0000	epsilon:                   0.0500	grad_norm:               3099.2425
info_nce_loss:             0.2572	loss:                      5.3668	q_loss:                    4.8789	return_mean:              31.2602
return_std:                5.7510	test_ep_length_mean:     200.0000	test_episode_length_mean:199.0000	test_return_mean:         35.0258
test_return_std:           6.0373	
2026-08-19 19:53:23,594 - my_experiment - advP_B_HC_st_nomm_43 - my_run - INFO - t_env: 3100200 / 5050000
2026-08-19 19:53:23,596 - my_experiment - advP_B_HC_st_nomm_43 - my_run - INFO - Estimated time left: 15 hours, 15 minutes, 58 seconds. Time passed: 23 hours, 49 minutes, 20 seconds
2026-08-19 20:16:47,385 - my_experiment - advP_B_HC_st_nomm_43 - my_run - INFO - Recent Stats | t_env:    3150000 | Episode:    15750
ep_length_mean:          200.0000	episode_length_mean:     199.0000	epsilon:                   0.0500	grad_norm:               3298.9430
info_nce_loss:             0.1246	loss:                      5.0162	q_loss:                    4.5602	return_mean:              28.5218
return_std:                5.6253	test_ep_length_mean:     200.0000	test_episode_length_mean:199.0000	test_return_mean:         33.7586
test_return_std:           6.3545	
2026-08-19 20:16:52,748 - my_experiment - advP_B_HC_st_nomm_43 - my_run - INFO - t_env: 3150200 / 5050000
2026-08-19 20:16:52,750 - my_experiment - advP_B_HC_st_nomm_43 - my_run - INFO - Estimated time left: 14 hours, 52 minutes, 22 seconds. Time passed: 1 days, 12 minutes, 49 seconds
2026-08-19 20:40:16,848 - my_experiment - advP_B_HC_st_nomm_43 - my_run - INFO - Recent Stats | t_env:    3200000 | Episode:    16000
ep_length_mean:          200.0000	episode_length_mean:     199.0000	epsilon:                   0.0500	grad_norm:               4427.4155
info_nce_loss:             0.2923	loss:                      7.1424	q_loss:                    6.4931	return_mean:              25.3933
return_std:                5.6959	test_ep_length_mean:     200.0000	test_episode_length_mean:199.0000	test_return_mean:         32.9423
test_return_std:           6.1569	
2026-08-19 20:40:22,201 - my_experiment - advP_B_HC_st_nomm_43 - my_run - INFO - t_env: 3200200 / 5050000
2026-08-19 20:40:22,202 - my_experiment - advP_B_HC_st_nomm_43 - my_run - INFO - Estimated time left: 14 hours, 29 minutes, 4 seconds. Time passed: 1 days, 36 minutes, 19 seconds
2026-08-19 21:03:47,970 - my_experiment - advP_B_HC_st_nomm_43 - my_run - INFO - Recent Stats | t_env:    3250000 | Episode:    16250
ep_length_mean:          200.0000	episode_length_mean:     199.0000	epsilon:                   0.0500	grad_norm:               6847.1990
info_nce_loss:             0.2986	loss:                     13.9871	q_loss:                   12.7156	return_mean:              25.6285
return_std:                5.5956	test_ep_length_mean:     200.0000	test_episode_length_mean:199.0000	test_return_mean:         33.0152
test_return_std:           6.0198	
2026-08-19 21:03:53,323 - my_experiment - advP_B_HC_st_nomm_43 - my_run - INFO - t_env: 3250200 / 5050000
2026-08-19 21:03:53,324 - my_experiment - advP_B_HC_st_nomm_43 - my_run - INFO - Estimated time left: 14 hours, 6 minutes, 34 seconds. Time passed: 1 days, 59 minutes, 50 seconds
2026-08-19 21:27:17,216 - my_experiment - advP_B_HC_st_nomm_43 - my_run - INFO - Recent Stats | t_env:    3300000 | Episode:    16500
ep_length_mean:          200.0000	episode_length_mean:     199.0000	epsilon:                   0.0500	grad_norm:               7434.3980
info_nce_loss:             0.2302	loss:                     16.9428	q_loss:                   15.4025	return_mean:              27.5158
return_std:                4.9242	test_ep_length_mean:     200.0000	test_episode_length_mean:199.0000	test_return_mean:         31.9590
test_return_std:           6.1009	
2026-08-19 21:27:22,575 - my_experiment - advP_B_HC_st_nomm_43 - my_run - INFO - t_env: 3300200 / 5050000
2026-08-19 21:27:22,576 - my_experiment - advP_B_HC_st_nomm_43 - my_run - INFO - Estimated time left: 13 hours, 41 minutes, 58 seconds. Time passed: 1 days, 1 hours, 23 minutes, 19 seconds
2026-08-19 21:50:47,700 - my_experiment - advP_B_HC_st_nomm_43 - my_run - INFO - Recent Stats | t_env:    3350000 | Episode:    16750
ep_length_mean:          200.0000	episode_length_mean:     199.0000	epsilon:                   0.0500	grad_norm:               5326.5407
info_nce_loss:             0.2056	loss:                      8.8429	q_loss:                    8.0390	return_mean:              28.1226
return_std:                5.4659	test_ep_length_mean:     200.0000	test_episode_length_mean:199.0000	test_return_mean:         33.9913
test_return_std:           5.9063	
2026-08-19 21:50:53,065 - my_experiment - advP_B_HC_st_nomm_43 - my_run - INFO - t_env: 3350200 / 5050000
2026-08-19 21:50:53,067 - my_experiment - advP_B_HC_st_nomm_43 - my_run - INFO - Estimated time left: 13 hours, 19 minutes, 11 seconds. Time passed: 1 days, 1 hours, 46 minutes, 50 seconds
2026-08-19 22:14:16,611 - my_experiment - advP_B_HC_st_nomm_43 - my_run - INFO - Recent Stats | t_env:    3400000 | Episode:    17000
ep_length_mean:          200.0000	episode_length_mean:     199.0000	epsilon:                   0.0500	grad_norm:               3191.1348
info_nce_loss:             0.2030	loss:                      9.4471	q_loss:                    8.5883	return_mean:              23.3807
return_std:                8.2015	test_ep_length_mean:     200.0000	test_episode_length_mean:199.0000	test_return_mean:         34.7084
test_return_std:           5.7876	
2026-08-19 22:14:21,934 - my_experiment - advP_B_HC_st_nomm_43 - my_run - INFO - t_env: 3400200 / 5050000
2026-08-19 22:14:21,935 - my_experiment - advP_B_HC_st_nomm_43 - my_run - INFO - Estimated time left: 12 hours, 54 minutes, 47 seconds. Time passed: 1 days, 2 hours, 10 minutes, 19 seconds
2026-08-19 22:37:47,657 - my_experiment - advP_B_HC_st_nomm_43 - my_run - INFO - Recent Stats | t_env:    3450000 | Episode:    17250
ep_length_mean:          200.0000	episode_length_mean:     199.0000	epsilon:                   0.0500	grad_norm:               3209.3352
info_nce_loss:             0.2412	loss:                      3.5756	q_loss:                    3.2505	return_mean:              29.7210
return_std:                6.7989	test_ep_length_mean:     200.0000	test_episode_length_mean:199.0000	test_return_mean:         34.1961
test_return_std:           6.2467	
2026-08-19 22:37:53,020 - my_experiment - advP_B_HC_st_nomm_43 - my_run - INFO - t_env: 3450200 / 5050000
2026-08-19 22:37:53,021 - my_experiment - advP_B_HC_st_nomm_43 - my_run - INFO - Estimated time left: 12 hours, 32 minutes, 29 seconds. Time passed: 1 days, 2 hours, 33 minutes, 50 seconds
2026-08-19 23:01:16,284 - my_experiment - advP_B_HC_st_nomm_43 - my_run - INFO - Recent Stats | t_env:    3500000 | Episode:    17500
ep_length_mean:          200.0000	episode_length_mean:     199.0000	epsilon:                   0.0500	grad_norm:               3879.4216
info_nce_loss:             0.3132	loss:                      3.3457	q_loss:                    3.0415	return_mean:              30.7203
return_std:                6.0926	test_ep_length_mean:     200.0000	test_episode_length_mean:199.0000	test_return_mean:         34.9718
test_return_std:           6.4709	
2026-08-19 23:01:21,625 - my_experiment - advP_B_HC_st_nomm_43 - my_run - INFO - t_env: 3500200 / 5050000
2026-08-19 23:01:21,626 - my_experiment - advP_B_HC_st_nomm_43 - my_run - INFO - Estimated time left: 12 hours, 7 minutes, 41 seconds. Time passed: 1 days, 2 hours, 57 minutes, 18 seconds
2026-08-19 23:02:33,555 - my_experiment - advP_B_HC_st_nomm_43 - my_run - INFO - Saving models to work_dirs/my_experiment/advP_B_HC_st_nomm_43/my_run/20260818_200354/models/3500200
2026-08-19 23:24:45,929 - my_experiment - advP_B_HC_st_nomm_43 - my_run - INFO - Recent Stats | t_env:    3550000 | Episode:    17750
ep_length_mean:          200.0000	episode_length_mean:     199.0000	epsilon:                   0.0500	grad_norm:               3982.6822
info_nce_loss:             0.1693	loss:                      3.3496	q_loss:                    3.0451	return_mean:              31.0842
return_std:                6.0523	test_ep_length_mean:     200.0000	test_episode_length_mean:199.0000	test_return_mean:         36.2553
test_return_std:           6.4529	
2026-08-19 23:24:51,282 - my_experiment - advP_B_HC_st_nomm_43 - my_run - INFO - t_env: 3550200 / 5050000
2026-08-19 23:24:51,283 - my_experiment - advP_B_HC_st_nomm_43 - my_run - INFO - Estimated time left: 11 hours, 44 minutes, 44 seconds. Time passed: 1 days, 3 hours, 20 minutes, 48 seconds
2026-08-19 23:48:15,884 - my_experiment - advP_B_HC_st_nomm_43 - my_run - INFO - Recent Stats | t_env:    3600000 | Episode:    18000
ep_length_mean:          200.0000	episode_length_mean:     199.0000	epsilon:                   0.0500	grad_norm:               4899.3369
info_nce_loss:             0.2240	loss:                      5.6146	q_loss:                    5.1042	return_mean:              31.1817
return_std:                5.6620	test_ep_length_mean:     200.0000	test_episode_length_mean:199.0000	test_return_mean:         35.5107
test_return_std:           6.9305	
2026-08-19 23:48:21,250 - my_experiment - advP_B_HC_st_nomm_43 - my_run - INFO - t_env: 3600200 / 5050000
2026-08-19 23:48:21,252 - my_experiment - advP_B_HC_st_nomm_43 - my_run - INFO - Estimated time left: 11 hours, 21 minutes, 23 seconds. Time passed: 1 days, 3 hours, 44 minutes, 18 seconds
2026-08-20 00:11:47,771 - my_experiment - advP_B_HC_st_nomm_43 - my_run - INFO - Recent Stats | t_env:    3650000 | Episode:    18250
ep_length_mean:          200.0000	episode_length_mean:     199.0000	epsilon:                   0.0500	grad_norm:               3908.4833
info_nce_loss:             0.4262	loss:                      5.2319	q_loss:                    4.7563	return_mean:              29.2370
return_std:                5.1689	test_ep_length_mean:     200.0000	test_episode_length_mean:199.0000	test_return_mean:         35.4620
test_return_std:           6.9253	
2026-08-20 00:11:53,129 - my_experiment - advP_B_HC_st_nomm_43 - my_run - INFO - t_env: 3650200 / 5050000
2026-08-20 00:11:53,130 - my_experiment - advP_B_HC_st_nomm_43 - my_run - INFO - Estimated time left: 10 hours, 58 minutes, 46 seconds. Time passed: 1 days, 4 hours, 7 minutes, 50 seconds
2026-08-20 00:35:18,131 - my_experiment - advP_B_HC_st_nomm_43 - my_run - INFO - Recent Stats | t_env:    3700000 | Episode:    18500
ep_length_mean:          200.0000	episode_length_mean:     199.0000	epsilon:                   0.0500	grad_norm:               11891.3224
info_nce_loss:             0.2303	loss:                     20.2124	q_loss:                   18.3749	return_mean:              26.6306
return_std:                5.7745	test_ep_length_mean:     200.0000	test_episode_length_mean:199.0000	test_return_mean:         35.6400
test_return_std:           6.1925	
2026-08-20 00:35:23,477 - my_experiment - advP_B_HC_st_nomm_43 - my_run - INFO - t_env: 3700200 / 5050000
2026-08-20 00:35:23,479 - my_experiment - advP_B_HC_st_nomm_43 - my_run - INFO - Estimated time left: 10 hours, 34 minutes, 33 seconds. Time passed: 1 days, 4 hours, 31 minutes, 20 seconds
2026-08-20 00:58:47,395 - my_experiment - advP_B_HC_st_nomm_43 - my_run - INFO - Recent Stats | t_env:    3750000 | Episode:    18750
ep_length_mean:          200.0000	episode_length_mean:     199.0000	epsilon:                   0.0500	grad_norm:               6423.1767
info_nce_loss:             0.2683	loss:                      3.9409	q_loss:                    3.5827	return_mean:              29.5923
return_std:                6.0712	test_ep_length_mean:     200.0000	test_episode_length_mean:199.0000	test_return_mean:         35.9206
test_return_std:           5.9626	
2026-08-20 00:58:52,753 - my_experiment - advP_B_HC_st_nomm_43 - my_run - INFO - t_env: 3750200 / 5050000
2026-08-20 00:58:52,754 - my_experiment - advP_B_HC_st_nomm_43 - my_run - INFO - Estimated time left: 10 hours, 10 minutes, 35 seconds. Time passed: 1 days, 4 hours, 54 minutes, 49 seconds
2026-08-20 01:22:17,368 - my_experiment - advP_B_HC_st_nomm_43 - my_run - INFO - Recent Stats | t_env:    3800000 | Episode:    19000
ep_length_mean:          200.0000	episode_length_mean:     199.0000	epsilon:                   0.0500	grad_norm:               4912.7430
info_nce_loss:             0.2569	loss:                      2.9660	q_loss:                    2.6963	return_mean:              31.8948
return_std:                5.8541	test_ep_length_mean:     200.0000	test_episode_length_mean:199.0000	test_return_mean:         35.0671
test_return_std:           6.0134	
2026-08-20 01:22:22,693 - my_experiment - advP_B_HC_st_nomm_43 - my_run - INFO - t_env: 3800200 / 5050000
2026-08-20 01:22:22,694 - my_experiment - advP_B_HC_st_nomm_43 - my_run - INFO - Estimated time left: 9 hours, 47 minutes, 22 seconds. Time passed: 1 days, 5 hours, 18 minutes, 19 seconds
2026-08-20 01:45:48,693 - my_experiment - advP_B_HC_st_nomm_43 - my_run - INFO - Recent Stats | t_env:    3850000 | Episode:    19250
ep_length_mean:          200.0000	episode_length_mean:     199.0000	epsilon:                   0.0500	grad_norm:               4887.0540
info_nce_loss:             0.2838	loss:                      3.3464	q_loss:                    3.0422	return_mean:              32.9951
return_std:                6.2543	test_ep_length_mean:     200.0000	test_episode_length_mean:199.0000	test_return_mean:         35.5733
test_return_std:           5.8380	
2026-08-20 01:45:54,058 - my_experiment - advP_B_HC_st_nomm_43 - my_run - INFO - t_env: 3850200 / 5050000
2026-08-20 01:45:54,060 - my_experiment - advP_B_HC_st_nomm_43 - my_run - INFO - Estimated time left: 9 hours, 24 minutes, 27 seconds. Time passed: 1 days, 5 hours, 41 minutes, 51 seconds
2026-08-20 02:09:19,751 - my_experiment - advP_B_HC_st_nomm_43 - my_run - INFO - Recent Stats | t_env:    3900000 | Episode:    19500
ep_length_mean:          200.0000	episode_length_mean:     199.0000	epsilon:                   0.0500	grad_norm:               5502.6768
info_nce_loss:             0.3062	loss:                      4.0655	q_loss:                    3.6959	return_mean:              34.6127
return_std:                5.6110	test_ep_length_mean:     200.0000	test_episode_length_mean:199.0000	test_return_mean:         37.5829
test_return_std:           6.0136	
2026-08-20 02:09:25,084 - my_experiment - advP_B_HC_st_nomm_43 - my_run - INFO - t_env: 3900200 / 5050000
2026-08-20 02:09:25,085 - my_experiment - advP_B_HC_st_nomm_43 - my_run - INFO - Estimated time left: 9 hours, 47 seconds. Time passed: 1 days, 6 hours, 5 minutes, 22 seconds
2026-08-20 02:32:50,129 - my_experiment - advP_B_HC_st_nomm_43 - my_run - INFO - Recent Stats | t_env:    3950000 | Episode:    19750
ep_length_mean:          200.0000	episode_length_mean:     199.0000	epsilon:                   0.0500	grad_norm:               5219.6895
info_nce_loss:             0.3147	loss:                      4.1040	q_loss:                    3.7310	return_mean:              33.7150
return_std:                6.0444	test_ep_length_mean:     200.0000	test_episode_length_mean:199.0000	test_return_mean:         38.2535
test_return_std:           6.5516	
2026-08-20 02:32:55,508 - my_experiment - advP_B_HC_st_nomm_43 - my_run - INFO - t_env: 3950200 / 5050000
2026-08-20 02:32:55,510 - my_experiment - advP_B_HC_st_nomm_43 - my_run - INFO - Estimated time left: 8 hours, 37 minutes, 3 seconds. Time passed: 1 days, 6 hours, 28 minutes, 52 seconds
2026-08-20 02:56:21,148 - my_experiment - advP_B_HC_st_nomm_43 - my_run - INFO - Recent Stats | t_env:    4000000 | Episode:    20000
ep_length_mean:          200.0000	episode_length_mean:     199.0000	epsilon:                   0.0500	grad_norm:               4590.5784
info_nce_loss:             0.3825	loss:                      3.7073	q_loss:                    3.3703	return_mean:              35.0965
return_std:                6.1108	test_ep_length_mean:     200.0000	test_episode_length_mean:199.0000	test_return_mean:         40.2207
test_return_std:           6.7057	
2026-08-20 02:56:26,521 - my_experiment - advP_B_HC_st_nomm_43 - my_run - INFO - t_env: 4000200 / 5050000
2026-08-20 02:56:26,522 - my_experiment - advP_B_HC_st_nomm_43 - my_run - INFO - Estimated time left: 8 hours, 13 minutes, 45 seconds. Time passed: 1 days, 6 hours, 52 minutes, 23 seconds
2026-08-20 02:57:38,312 - my_experiment - advP_B_HC_st_nomm_43 - my_run - INFO - Saving models to work_dirs/my_experiment/advP_B_HC_st_nomm_43/my_run/20260818_200354/models/4000200
2026-08-20 03:19:54,394 - my_experiment - advP_B_HC_st_nomm_43 - my_run - INFO - Recent Stats | t_env:    4050000 | Episode:    20250
ep_length_mean:          200.0000	episode_length_mean:     199.0000	epsilon:                   0.0500	grad_norm:               5311.0354
info_nce_loss:             0.3655	loss:                      6.9867	q_loss:                    6.3516	return_mean:              29.1141
return_std:                6.8962	test_ep_length_mean:     200.0000	test_episode_length_mean:199.0000	test_return_mean:         41.5677
test_return_std:           6.8801	
2026-08-20 03:19:59,767 - my_experiment - advP_B_HC_st_nomm_43 - my_run - INFO - t_env: 4050200 / 5050000
2026-08-20 03:19:59,768 - my_experiment - advP_B_HC_st_nomm_43 - my_run - INFO - Estimated time left: 7 hours, 50 minutes, 59 seconds. Time passed: 1 days, 7 hours, 15 minutes, 56 seconds
2026-08-20 03:43:26,343 - my_experiment - advP_B_HC_st_nomm_43 - my_run - INFO - Recent Stats | t_env:    4100000 | Episode:    20500
ep_length_mean:          200.0000	episode_length_mean:     199.0000	epsilon:                   0.0500	grad_norm:               10160.4471
info_nce_loss:             0.4307	loss:                     11.4752	q_loss:                   10.4320	return_mean:              28.3214
return_std:                7.4931	test_ep_length_mean:     200.0000	test_episode_length_mean:199.0000	test_return_mean:         41.5188
test_return_std:           7.1135	
2026-08-20 03:43:31,694 - my_experiment - advP_B_HC_st_nomm_43 - my_run - INFO - t_env: 4100200 / 5050000
2026-08-20 03:43:31,696 - my_experiment - advP_B_HC_st_nomm_43 - my_run - INFO - Estimated time left: 7 hours, 27 minutes, 0 seconds. Time passed: 1 days, 7 hours, 39 minutes, 28 seconds
2026-08-20 04:06:59,889 - my_experiment - advP_B_HC_st_nomm_43 - my_run - INFO - Recent Stats | t_env:    4150000 | Episode:    20750
ep_length_mean:          200.0000	episode_length_mean:     199.0000	epsilon:                   0.0500	grad_norm:               5757.8576
info_nce_loss:             0.3233	loss:                      4.9565	q_loss:                    4.5059	return_mean:              34.5945
return_std:                5.7318	test_ep_length_mean:     200.0000	test_episode_length_mean:199.0000	test_return_mean:         40.7929
test_return_std:           6.8179	
2026-08-20 04:07:05,234 - my_experiment - advP_B_HC_st_nomm_43 - my_run - INFO - t_env: 4150200 / 5050000
2026-08-20 04:07:05,235 - my_experiment - advP_B_HC_st_nomm_43 - my_run - INFO - Estimated time left: 7 hours, 3 minutes, 58 seconds. Time passed: 1 days, 8 hours, 3 minutes, 2 seconds
2026-08-20 04:30:31,617 - my_experiment - advP_B_HC_st_nomm_43 - my_run - INFO - Recent Stats | t_env:    4200000 | Episode:    21000
ep_length_mean:          200.0000	episode_length_mean:     199.0000	epsilon:                   0.0500	grad_norm:               9526.5975
info_nce_loss:             0.2593	loss:                     20.3746	q_loss:                   18.5223	return_mean:              31.2273
return_std:                7.6012	test_ep_length_mean:     200.0000	test_episode_length_mean:199.0000	test_return_mean:         42.4637
test_return_std:           6.6743	
2026-08-20 04:30:36,980 - my_experiment - advP_B_HC_st_nomm_43 - my_run - INFO - t_env: 4200200 / 5050000
2026-08-20 04:30:36,981 - my_experiment - advP_B_HC_st_nomm_43 - my_run - INFO - Estimated time left: 6 hours, 39 minutes, 54 seconds. Time passed: 1 days, 8 hours, 26 minutes, 34 seconds
2026-08-20 04:54:02,858 - my_experiment - advP_B_HC_st_nomm_43 - my_run - INFO - Recent Stats | t_env:    4250000 | Episode:    21250
ep_length_mean:          200.0000	episode_length_mean:     199.0000	epsilon:                   0.0500	grad_norm:               6054.4816
info_nce_loss:             0.1854	loss:                      8.6568	q_loss:                    7.8698	return_mean:              11.3716
return_std:                7.7556	test_ep_length_mean:     200.0000	test_episode_length_mean:199.0000	test_return_mean:         33.4463
test_return_std:           6.9758	
2026-08-20 04:54:08,232 - my_experiment - advP_B_HC_st_nomm_43 - my_run - INFO - t_env: 4250200 / 5050000
2026-08-20 04:54:08,233 - my_experiment - advP_B_HC_st_nomm_43 - my_run - INFO - Estimated time left: 6 hours, 16 minutes, 14 seconds. Time passed: 1 days, 8 hours, 50 minutes, 5 seconds
2026-08-20 05:17:32,868 - my_experiment - advP_B_HC_st_nomm_43 - my_run - INFO - Recent Stats | t_env:    4300000 | Episode:    21500
ep_length_mean:          200.0000	episode_length_mean:     199.0000	epsilon:                   0.0500	grad_norm:               12083.8832
info_nce_loss:             0.2080	loss:                     15.4011	q_loss:                   14.0010	return_mean:              29.2199
return_std:                6.1859	test_ep_length_mean:     200.0000	test_episode_length_mean:199.0000	test_return_mean:         33.7732
test_return_std:           6.9245	
2026-08-20 05:17:38,218 - my_experiment - advP_B_HC_st_nomm_43 - my_run - INFO - t_env: 4300200 / 5050000
2026-08-20 05:17:38,220 - my_experiment - advP_B_HC_st_nomm_43 - my_run - INFO - Estimated time left: 5 hours, 52 minutes, 24 seconds. Time passed: 1 days, 9 hours, 13 minutes, 35 seconds
2026-08-20 05:41:02,673 - my_experiment - advP_B_HC_st_nomm_43 - my_run - INFO - Recent Stats | t_env:    4350000 | Episode:    21750
ep_length_mean:          200.0000	episode_length_mean:     199.0000	epsilon:                   0.0500	grad_norm:               12084.2694
info_nce_loss:             0.2115	loss:                     15.6620	q_loss:                   14.2382	return_mean:              31.7850
return_std:                6.1878	test_ep_length_mean:     200.0000	test_episode_length_mean:199.0000	test_return_mean:         33.7516
test_return_std:           6.5267	
2026-08-20 05:41:08,030 - my_experiment - advP_B_HC_st_nomm_43 - my_run - INFO - t_env: 4350200 / 5050000
2026-08-20 05:41:08,031 - my_experiment - advP_B_HC_st_nomm_43 - my_run - INFO - Estimated time left: 5 hours, 28 minutes, 51 seconds. Time passed: 1 days, 9 hours, 37 minutes, 5 seconds
2026-08-20 06:04:31,494 - my_experiment - advP_B_HC_st_nomm_43 - my_run - INFO - Recent Stats | t_env:    4400000 | Episode:    22000
ep_length_mean:          200.0000	episode_length_mean:     199.0000	epsilon:                   0.0500	grad_norm:               11857.6849
info_nce_loss:             0.3280	loss:                     17.5049	q_loss:                   15.9135	return_mean:              34.7492
return_std:                6.5793	test_ep_length_mean:     200.0000	test_episode_length_mean:199.0000	test_return_mean:         34.3429
test_return_std:           7.0968	
2026-08-20 06:04:36,817 - my_experiment - advP_B_HC_st_nomm_43 - my_run - INFO - t_env: 4400200 / 5050000
2026-08-20 06:04:36,819 - my_experiment - advP_B_HC_st_nomm_43 - my_run - INFO - Estimated time left: 5 hours, 5 minutes, 8 seconds. Time passed: 1 days, 10 hours, 33 seconds
2026-08-20 06:28:00,514 - my_experiment - advP_B_HC_st_nomm_43 - my_run - INFO - Recent Stats | t_env:    4450000 | Episode:    22250
ep_length_mean:          200.0000	episode_length_mean:     199.0000	epsilon:                   0.0500	grad_norm:               8696.1326
info_nce_loss:             0.2999	loss:                      9.1774	q_loss:                    8.3431	return_mean:              32.5620
return_std:                6.2826	test_ep_length_mean:     200.0000	test_episode_length_mean:199.0000	test_return_mean:         34.0118
test_return_std:           7.5407	
2026-08-20 06:28:05,885 - my_experiment - advP_B_HC_st_nomm_43 - my_run - INFO - t_env: 4450200 / 5050000
2026-08-20 06:28:05,886 - my_experiment - advP_B_HC_st_nomm_43 - my_run - INFO - Estimated time left: 4 hours, 41 minutes, 43 seconds. Time passed: 1 days, 10 hours, 24 minutes, 2 seconds
2026-08-20 06:51:29,515 - my_experiment - advP_B_HC_st_nomm_43 - my_run - INFO - Recent Stats | t_env:    4500000 | Episode:    22500
ep_length_mean:          200.0000	episode_length_mean:     199.0000	epsilon:                   0.0500	grad_norm:               7695.9730
info_nce_loss:             0.2400	loss:                     10.7840	q_loss:                    9.8036	return_mean:              31.5366
return_std:                6.3403	test_ep_length_mean:     200.0000	test_episode_length_mean:199.0000	test_return_mean:         41.6954
test_return_std:           7.6628	
2026-08-20 06:51:34,854 - my_experiment - advP_B_HC_st_nomm_43 - my_run - INFO - t_env: 4500200 / 5050000
2026-08-20 06:51:34,855 - my_experiment - advP_B_HC_st_nomm_43 - my_run - INFO - Estimated time left: 4 hours, 18 minutes, 13 seconds. Time passed: 1 days, 10 hours, 47 minutes, 31 seconds
2026-08-20 06:52:46,492 - my_experiment - advP_B_HC_st_nomm_43 - my_run - INFO - Saving models to work_dirs/my_experiment/advP_B_HC_st_nomm_43/my_run/20260818_200354/models/4500200
2026-08-20 07:14:59,156 - my_experiment - advP_B_HC_st_nomm_43 - my_run - INFO - Recent Stats | t_env:    4550000 | Episode:    22750
ep_length_mean:          200.0000	episode_length_mean:     199.0000	epsilon:                   0.0500	grad_norm:               9241.1608
info_nce_loss:             0.1953	loss:                     14.1449	q_loss:                   12.8590	return_mean:              29.6613
return_std:                5.7408	test_ep_length_mean:     200.0000	test_episode_length_mean:199.0000	test_return_mean:         40.5121
test_return_std:           7.3228	
2026-08-20 07:15:04,513 - my_experiment - advP_B_HC_st_nomm_43 - my_run - INFO - t_env: 4550200 / 5050000
2026-08-20 07:15:04,514 - my_experiment - advP_B_HC_st_nomm_43 - my_run - INFO - Estimated time left: 3 hours, 54 minutes, 50 seconds. Time passed: 1 days, 11 hours, 11 minutes, 1 seconds
2026-08-20 07:38:28,446 - my_experiment - advP_B_HC_st_nomm_43 - my_run - INFO - Recent Stats | t_env:    4600000 | Episode:    23000
ep_length_mean:          200.0000	episode_length_mean:     199.0000	epsilon:                   0.0500	grad_norm:               5117.3222
info_nce_loss:             0.2417	loss:                      3.9576	q_loss:                    3.5978	return_mean:              30.7342
return_std:                5.6805	test_ep_length_mean:     200.0000	test_episode_length_mean:199.0000	test_return_mean:         40.8123
test_return_std:           8.0763	
2026-08-20 07:38:33,815 - my_experiment - advP_B_HC_st_nomm_43 - my_run - INFO - t_env: 4600200 / 5050000
2026-08-20 07:38:33,816 - my_experiment - advP_B_HC_st_nomm_43 - my_run - INFO - Estimated time left: 3 hours, 31 minutes, 18 seconds. Time passed: 1 days, 11 hours, 34 minutes, 30 seconds
2026-08-20 08:01:57,697 - my_experiment - advP_B_HC_st_nomm_43 - my_run - INFO - Recent Stats | t_env:    4650000 | Episode:    23250
ep_length_mean:          200.0000	episode_length_mean:     199.0000	epsilon:                   0.0500	grad_norm:               4089.9615
info_nce_loss:             0.2927	loss:                      2.6676	q_loss:                    2.4251	return_mean:              31.7900
return_std:                6.2485	test_ep_length_mean:     200.0000	test_episode_length_mean:199.0000	test_return_mean:         39.0442
test_return_std:           7.5312	
2026-08-20 08:02:03,029 - my_experiment - advP_B_HC_st_nomm_43 - my_run - INFO - t_env: 4650200 / 5050000
2026-08-20 08:02:03,031 - my_experiment - advP_B_HC_st_nomm_43 - my_run - INFO - Estimated time left: 3 hours, 7 minutes, 48 seconds. Time passed: 1 days, 11 hours, 58 minutes, 0 seconds
2026-08-20 08:25:26,966 - my_experiment - advP_B_HC_st_nomm_43 - my_run - INFO - Recent Stats | t_env:    4700000 | Episode:    23500
ep_length_mean:          200.0000	episode_length_mean:     199.0000	epsilon:                   0.0500	grad_norm:               4182.7102
info_nce_loss:             0.3300	loss:                      2.5468	q_loss:                    2.3153	return_mean:              33.6753
return_std:                5.7872	test_ep_length_mean:     200.0000	test_episode_length_mean:199.0000	test_return_mean:         38.3049
test_return_std:           7.2526	
2026-08-20 08:25:32,310 - my_experiment - advP_B_HC_st_nomm_43 - my_run - INFO - t_env: 4700200 / 5050000
2026-08-20 08:25:32,311 - my_experiment - advP_B_HC_st_nomm_43 - my_run - INFO - Estimated time left: 2 hours, 44 minutes, 19 seconds. Time passed: 1 days, 12 hours, 21 minutes, 29 seconds
2026-08-20 08:48:55,305 - my_experiment - advP_B_HC_st_nomm_43 - my_run - INFO - Recent Stats | t_env:    4750000 | Episode:    23750
ep_length_mean:          200.0000	episode_length_mean:     199.0000	epsilon:                   0.0500	grad_norm:               4940.0754
info_nce_loss:             0.2344	loss:                      2.7355	q_loss:                    2.4868	return_mean:              34.5844
return_std:                6.0770	test_ep_length_mean:     200.0000	test_episode_length_mean:199.0000	test_return_mean:         39.2280
test_return_std:           6.7427	
2026-08-20 08:49:00,674 - my_experiment - advP_B_HC_st_nomm_43 - my_run - INFO - t_env: 4750200 / 5050000
2026-08-20 08:49:00,675 - my_experiment - advP_B_HC_st_nomm_43 - my_run - INFO - Estimated time left: 2 hours, 20 minutes, 44 seconds. Time passed: 1 days, 12 hours, 44 minutes, 57 seconds
2026-08-20 09:12:25,605 - my_experiment - advP_B_HC_st_nomm_43 - my_run - INFO - Recent Stats | t_env:    4800000 | Episode:    24000
ep_length_mean:          200.0000	episode_length_mean:     199.0000	epsilon:                   0.0500	grad_norm:               3637.3870
info_nce_loss:             0.2433	loss:                      1.8532	q_loss:                    1.6847	return_mean:              36.0349
return_std:                5.3787	test_ep_length_mean:     200.0000	test_episode_length_mean:199.0000	test_return_mean:         39.5822
test_return_std:           7.4057	
2026-08-20 09:12:30,975 - my_experiment - advP_B_HC_st_nomm_43 - my_run - INFO - t_env: 4800200 / 5050000
2026-08-20 09:12:30,976 - my_experiment - advP_B_HC_st_nomm_43 - my_run - INFO - Estimated time left: 1 hours, 57 minutes, 25 seconds. Time passed: 1 days, 13 hours, 8 minutes, 28 seconds
2026-08-20 09:35:55,538 - my_experiment - advP_B_HC_st_nomm_43 - my_run - INFO - Recent Stats | t_env:    4850000 | Episode:    24250
ep_length_mean:          200.0000	episode_length_mean:     199.0000	epsilon:                   0.0500	grad_norm:               4090.6006
info_nce_loss:             0.0743	loss:                      2.1952	q_loss:                    1.9956	return_mean:              36.8382
return_std:                6.1442	test_ep_length_mean:     200.0000	test_episode_length_mean:199.0000	test_return_mean:         40.8737
test_return_std:           6.8385	
2026-08-20 09:36:00,877 - my_experiment - advP_B_HC_st_nomm_43 - my_run - INFO - t_env: 4850200 / 5050000
2026-08-20 09:36:00,879 - my_experiment - advP_B_HC_st_nomm_43 - my_run - INFO - Estimated time left: 1 hours, 33 minutes, 53 seconds. Time passed: 1 days, 13 hours, 31 minutes, 57 seconds
2026-08-20 09:59:24,402 - my_experiment - advP_B_HC_st_nomm_43 - my_run - INFO - Recent Stats | t_env:    4900000 | Episode:    24500
ep_length_mean:          200.0000	episode_length_mean:     199.0000	epsilon:                   0.0500	grad_norm:               5516.8292
info_nce_loss:             0.2700	loss:                      3.4186	q_loss:                    3.1078	return_mean:              36.0727
return_std:                5.6923	test_ep_length_mean:     200.0000	test_episode_length_mean:199.0000	test_return_mean:         42.5663
test_return_std:           6.9313	
2026-08-20 09:59:29,757 - my_experiment - advP_B_HC_st_nomm_43 - my_run - INFO - t_env: 4900200 / 5050000
2026-08-20 09:59:29,758 - my_experiment - advP_B_HC_st_nomm_43 - my_run - INFO - Estimated time left: 1 hours, 10 minutes, 21 seconds. Time passed: 1 days, 13 hours, 55 minutes, 26 seconds
2026-08-20 10:22:54,635 - my_experiment - advP_B_HC_st_nomm_43 - my_run - INFO - Recent Stats | t_env:    4950000 | Episode:    24750
ep_length_mean:          200.0000	episode_length_mean:     199.0000	epsilon:                   0.0500	grad_norm:               4553.8339
info_nce_loss:             0.1066	loss:                      2.4262	q_loss:                    2.2057	return_mean:              36.9245
return_std:                5.8704	test_ep_length_mean:     200.0000	test_episode_length_mean:199.0000	test_return_mean:         43.5347
test_return_std:           6.9254	
2026-08-20 10:23:00,005 - my_experiment - advP_B_HC_st_nomm_43 - my_run - INFO - t_env: 4950200 / 5050000
2026-08-20 10:23:00,006 - my_experiment - advP_B_HC_st_nomm_43 - my_run - INFO - Estimated time left: 46 minutes, 54 seconds. Time passed: 1 days, 14 hours, 18 minutes, 57 seconds
2026-08-20 10:46:23,746 - my_experiment - advP_B_HC_st_nomm_43 - my_run - INFO - Recent Stats | t_env:    5000000 | Episode:    25000
ep_length_mean:          200.0000	episode_length_mean:     199.0000	epsilon:                   0.0500	grad_norm:               9798.5596
info_nce_loss:             0.2655	loss:                      7.8417	q_loss:                    7.1288	return_mean:              36.8477
return_std:                6.3537	test_ep_length_mean:     200.0000	test_episode_length_mean:199.0000	test_return_mean:         44.3236
test_return_std:           7.1749	
2026-08-20 10:46:29,108 - my_experiment - advP_B_HC_st_nomm_43 - my_run - INFO - t_env: 5000200 / 5050000
2026-08-20 10:46:29,109 - my_experiment - advP_B_HC_st_nomm_43 - my_run - INFO - Estimated time left: 23 minutes, 23 seconds. Time passed: 1 days, 14 hours, 42 minutes, 26 seconds
2026-08-20 10:47:40,822 - my_experiment - advP_B_HC_st_nomm_43 - my_run - INFO - Saving models to work_dirs/my_experiment/advP_B_HC_st_nomm_43/my_run/20260818_200354/models/5000200
2026-08-20 11:09:52,700 - my_experiment - advP_B_HC_st_nomm_43 - my_run - INFO - Recent Stats | t_env:    5050000 | Episode:    25250
ep_length_mean:          200.0000	episode_length_mean:     199.0000	epsilon:                   0.0500	grad_norm:               6069.4004
info_nce_loss:             0.2316	loss:                      7.6907	q_loss:                    6.9916	return_mean:              30.5477
return_std:                8.2580	test_ep_length_mean:     200.0000	test_episode_length_mean:199.0000	test_return_mean:         45.4836
test_return_std:           7.0306	
2026-08-20 11:09:58,074 - my_experiment - advP_B_HC_st_nomm_43 - my_run - INFO - t_env: 5050200 / 5050000
2026-08-20 11:09:58,076 - my_experiment - advP_B_HC_st_nomm_43 - my_run - INFO - Estimated time left: -. Time passed: 1 days, 15 hours, 5 minutes, 55 seconds
2026-08-20 11:11:09,716 - my_experiment - advP_B_HC_st_nomm_43 - my_run - INFO - Finished Training
