Gym has been unmaintained since 2022 and does not support NumPy 2.0 amongst other critical functionality.
Please upgrade to Gymnasium, the maintained drop-in replacement of Gym, or contact the authors of your software and request that they upgrade.
Users of this version of Gym should be able to simply replace 'import gym' with 'import gymnasium as gym' in the vast majority of cases.
See the migration guide at https://gymnasium.farama.org/introduction/migration_guide/ for additional information.
src/main.py:81: DeprecationWarning: Using or importing the ABCs from 'collections' instead of from 'collections.abc' is deprecated since Python 3.3, and in 3.10 it will stop working
  if isinstance(v, collections.Mapping):
wandb: [wandb.login()] Loaded credentials for https://api.wandb.ai from /home/pparsons/.netrc.
wandb: Currently logged in as: peterparsons02 (peterparsons02-eth-z-rich) to https://api.wandb.ai. Use `wandb login --relogin` to force relogin
wandb: setting up run v3uy9857
wandb: Tracking run with wandb version 0.24.1
wandb: Run data is saved locally in /usr/itetnas04/data-scratch-01/pparsons/data/MyExpoComm/wandb/run-20260731_184758-v3uy9857
wandb: Run `wandb offline` to turn off syncing.
wandb: Syncing run my_run-advP_HC_op_nomm_43-20260731_184756
wandb: ⭐️ View project at https://wandb.ai/peterparsons02-eth-z-rich/my_experiment
wandb: 🚀 View run at https://wandb.ai/peterparsons02-eth-z-rich/my_experiment/runs/v3uy9857
2026-07-31 18:48:04,087 - my_experiment - advP_HC_op_nomm_43 - my_run - INFO - Current directory: /usr/itetnas04/data-scratch-01/pparsons/data/MyExpoComm.
2026-07-31 18:48:04,088 - my_experiment - advP_HC_op_nomm_43 - my_run - INFO - Experiment Parameters:
2026-07-31 18:48:04,089 - my_experiment - advP_HC_op_nomm_43 - my_run - INFO - 

{   'action_selector': 'epsilon_greedy',
    'add_value_last_step': True,
    'agent': 'ExpoComm_one_peer_cont',
    'agent_output_type': 'q',
    'attention_dim': 32,
    'aux_coef': 0.1,
    'batch_size': 32,
    'batch_size_run': 1,
    'buffer_cpu_only': True,
    'buffer_size': 2000,
    'checkpoint_path': '',
    'double_q': True,
    'env': 'MAgent_AdvPursuit',
    'env_args': {   'global_reward': True,
                    'map_name': 'adversarial_pursuit_view8',
                    'map_size': 45,
                    'max_cycles': 200,
                    'minimap_mode': False,
                    'pretrained_ckpt': 'prey_params.pt',
                    'seed': 43},
    'epsilon_anneal_time': 1000000,
    'epsilon_finish': 0.05,
    'epsilon_start': 1.0,
    'evaluate': False,
    'evaluation_epsilon': 0.0,
    'exp_name': 'my_experiment',
    'gamma': 0.99,
    'global_reward': True,
    'grad_norm_clip': 10,
    'hidden_dim': 64,
    'hypergroup': None,
    'label': 'default_label',
    'learner': 'hybrid_comm_learner',
    'learner_log_interval': 10000,
    'load_step': 0,
    'local_results_path': 'results',
    'log_interval': 50000,
    'lr': 0.0005,
    'mac': 'ExpoComm_mac',
    'mixer': None,
    'name': 'advP_HC_op_nomm_43',
    'neg_num': 20,
    'obs_agent_id': True,
    'obs_individual_obs': False,
    'obs_last_action': True,
    'one_peer': True,
    'optim_alpha': 0.99,
    'optim_eps': 1e-05,
    'render': False,
    'repeat_id': 1,
    'run_name': 'my_run',
    'runner': 'episode',
    'runner_log_interval': 10000,
    'save_model': True,
    'save_model_interval': 200000,
    'save_replay': False,
    'seed': 43,
    'standardise_returns': False,
    'standardise_rewards': True,
    't_max': 5050000,
    'target_update_interval_or_tau': 200,
    'temperature': 0.07,
    'test_greedy': True,
    'test_interval': 50000,
    'test_nepisode': 100,
    'topk_neighbors': 7,
    'use_cuda': True,
    'use_rnn': True,
    'use_tensorboard': True,
    'work_dir': 'work_dirs/my_experiment/advP_HC_op_nomm_43/my_run/20260731_184756'}

/usr/itetnas04/data-scratch-01/pparsons/data/conda_envs/ExpoComm/lib/python3.8/site-packages/pettingzoo/utils/conversions.py:41: UserWarning: The `from_parallel` function is deprecated. Use the `parallel_to_aec` function instead.
  warnings.warn("The `from_parallel` function is deprecated. Use the `parallel_to_aec` function instead.")
/usr/itetnas04/data-scratch-01/pparsons/data/conda_envs/ExpoComm/lib/python3.8/site-packages/pettingzoo/utils/wrappers/base.py:44: UserWarning: The `observation_spaces` dictionary is deprecated. Use the `observation_space` function instead.
  warnings.warn("The `observation_spaces` dictionary is deprecated. Use the `observation_space` function instead.")
/usr/itetnas04/data-scratch-01/pparsons/data/conda_envs/ExpoComm/lib/python3.8/site-packages/pettingzoo/utils/conversions.py:36: UserWarning: The `to_parallel` function is deprecated. Use the `aec_to_parallel` function instead.
  warnings.warn("The `to_parallel` function is deprecated. Use the `aec_to_parallel` function instead.")
/usr/itetnas04/data-scratch-01/pparsons/data/conda_envs/ExpoComm/lib/python3.8/site-packages/pettingzoo/utils/conversions.py:80: UserWarning: The `action_spaces` dictionary is deprecated. Use the `action_space` function instead.
  warnings.warn("The `action_spaces` dictionary is deprecated. Use the `action_space` function instead.")
/usr/itetnas04/data-scratch-01/pparsons/data/conda_envs/ExpoComm/lib/python3.8/site-packages/pettingzoo/utils/wrappers/base.py:52: UserWarning: The `action_spaces` dictionary is deprecated. Use the `action_space` function instead.
  warnings.warn("The `action_spaces` dictionary is deprecated. Use the `action_space` function instead.")
/usr/itetnas04/data-scratch-01/pparsons/data/conda_envs/ExpoComm/lib/python3.8/site-packages/pettingzoo/utils/conversions.py:72: UserWarning: The `observation_spaces` dictionary is deprecated. Use the `observation_space` function instead.
  warnings.warn("The `observation_spaces` dictionary is deprecated. Use the `observation_space` function instead.")
2026-07-31 18:48:29,306 - my_experiment - advP_HC_op_nomm_43 - my_run - INFO - Beginning training for 5050000 timesteps
/usr/itetnas04/data-scratch-01/pparsons/data/MyExpoComm/src/envs/adv_pursuit_wrappers.py:247: UserWarning: To copy construct from a tensor, it is recommended to use sourceTensor.clone().detach() or sourceTensor.clone().detach().requires_grad_(True), rather than torch.tensor(sourceTensor).
  actions = th.tensor(actions, dtype=th.long)
2026-07-31 18:48:44,928 - my_experiment - advP_HC_op_nomm_43 - my_run - INFO - t_env: 200 / 5050000
2026-07-31 18:48:44,928 - my_experiment - advP_HC_op_nomm_43 - my_run - INFO - Estimated time left: 26 minutes, 11 seconds. Time passed: 15 seconds
2026-07-31 18:52:34,441 - my_experiment - advP_HC_op_nomm_43 - my_run - INFO - Saving models to work_dirs/my_experiment/advP_HC_op_nomm_43/my_run/20260731_184756/models/200
2026-07-31 19:05:44,823 - my_experiment - advP_HC_op_nomm_43 - my_run - INFO - Recent Stats | t_env:      50000 | Episode:      250
ep_length_mean:          200.0000	episode_length_mean:     199.0000	epsilon:                   0.9620	grad_norm:                 0.1514
info_nce_loss:             2.8645	loss:                      1.1603	q_loss:                    1.0548	return_mean:             -19.9480
return_std:                1.2238	test_ep_length_mean:     200.0000	test_episode_length_mean:199.0000	test_return_mean:        -29.6095
test_return_std:           5.4864	
2026-07-31 19:05:48,134 - my_experiment - advP_HC_op_nomm_43 - my_run - INFO - t_env: 50200 / 5050000
2026-07-31 19:05:48,135 - my_experiment - advP_HC_op_nomm_43 - my_run - INFO - Estimated time left: 1 days, 4 hours, 25 minutes, 16 seconds. Time passed: 17 minutes, 18 seconds
2026-07-31 19:23:08,996 - my_experiment - advP_HC_op_nomm_43 - my_run - INFO - Recent Stats | t_env:     100000 | Episode:      500
ep_length_mean:          200.0000	episode_length_mean:     199.0000	epsilon:                   0.9145	grad_norm:                 3.4725
info_nce_loss:             0.9849	loss:                      1.1460	q_loss:                    1.0418	return_mean:             -19.0564
return_std:                1.6331	test_ep_length_mean:     200.0000	test_episode_length_mean:199.0000	test_return_mean:        -14.8727
test_return_std:           5.3256	
2026-07-31 19:23:12,233 - my_experiment - advP_HC_op_nomm_43 - my_run - INFO - t_env: 100200 / 5050000
2026-07-31 19:23:12,234 - my_experiment - advP_HC_op_nomm_43 - my_run - INFO - Estimated time left: 1 days, 4 hours, 42 minutes, 41 seconds. Time passed: 34 minutes, 42 seconds
2026-07-31 19:40:25,795 - my_experiment - advP_HC_op_nomm_43 - my_run - INFO - Recent Stats | t_env:     150000 | Episode:      750
ep_length_mean:          200.0000	episode_length_mean:     199.0000	epsilon:                   0.8670	grad_norm:                 1.8847
info_nce_loss:             1.1708	loss:                      1.2146	q_loss:                    1.1041	return_mean:             -15.9245
return_std:                2.1191	test_ep_length_mean:     200.0000	test_episode_length_mean:199.0000	test_return_mean:         -4.0243
test_return_std:           6.2002	
2026-07-31 19:40:29,032 - my_experiment - advP_HC_op_nomm_43 - my_run - INFO - t_env: 150200 / 5050000
2026-07-31 19:40:29,033 - my_experiment - advP_HC_op_nomm_43 - my_run - INFO - Estimated time left: 1 days, 4 hours, 13 minutes, 22 seconds. Time passed: 51 minutes, 59 seconds
2026-07-31 19:57:43,874 - my_experiment - advP_HC_op_nomm_43 - my_run - INFO - Recent Stats | t_env:     200000 | Episode:     1000
ep_length_mean:          200.0000	episode_length_mean:     199.0000	epsilon:                   0.8195	grad_norm:                 2.6082
info_nce_loss:             0.3310	loss:                      1.5377	q_loss:                    1.3979	return_mean:             -10.5740
return_std:                2.5202	test_ep_length_mean:     200.0000	test_episode_length_mean:199.0000	test_return_mean:          4.9676
test_return_std:           7.7369	
2026-07-31 19:57:47,126 - my_experiment - advP_HC_op_nomm_43 - my_run - INFO - t_env: 200200 / 5050000
2026-07-31 19:57:47,127 - my_experiment - advP_HC_op_nomm_43 - my_run - INFO - Estimated time left: 1 days, 3 hours, 58 minutes, 10 seconds. Time passed: 1 hours, 9 minutes, 17 seconds
2026-07-31 20:01:35,844 - my_experiment - advP_HC_op_nomm_43 - my_run - INFO - Saving models to work_dirs/my_experiment/advP_HC_op_nomm_43/my_run/20260731_184756/models/200200
2026-07-31 20:15:01,105 - my_experiment - advP_HC_op_nomm_43 - my_run - INFO - Recent Stats | t_env:     250000 | Episode:     1250
ep_length_mean:          200.0000	episode_length_mean:     199.0000	epsilon:                   0.7720	grad_norm:                 7.7546
info_nce_loss:             0.5265	loss:                      2.2352	q_loss:                    2.0320	return_mean:              -5.5563
return_std:                2.9720	test_ep_length_mean:     200.0000	test_episode_length_mean:199.0000	test_return_mean:          9.8597
test_return_std:           8.5803	
2026-07-31 20:15:04,382 - my_experiment - advP_HC_op_nomm_43 - my_run - INFO - t_env: 250200 / 5050000
2026-07-31 20:15:04,383 - my_experiment - advP_HC_op_nomm_43 - my_run - INFO - Estimated time left: 1 days, 3 hours, 39 minutes, 32 seconds. Time passed: 1 hours, 26 minutes, 35 seconds
2026-07-31 20:32:18,878 - my_experiment - advP_HC_op_nomm_43 - my_run - INFO - Recent Stats | t_env:     300000 | Episode:     1500
ep_length_mean:          200.0000	episode_length_mean:     199.0000	epsilon:                   0.7245	grad_norm:                 9.2368
info_nce_loss:             0.2941	loss:                      1.9883	q_loss:                    1.8076	return_mean:              -1.2263
return_std:                3.4142	test_ep_length_mean:     200.0000	test_episode_length_mean:199.0000	test_return_mean:         19.3168
test_return_std:           9.2626	
2026-07-31 20:32:22,133 - my_experiment - advP_HC_op_nomm_43 - my_run - INFO - t_env: 300200 / 5050000
2026-07-31 20:32:22,134 - my_experiment - advP_HC_op_nomm_43 - my_run - INFO - Estimated time left: 1 days, 3 hours, 23 minutes, 2 seconds. Time passed: 1 hours, 43 minutes, 52 seconds
2026-07-31 20:49:35,309 - my_experiment - advP_HC_op_nomm_43 - my_run - INFO - Recent Stats | t_env:     350000 | Episode:     1750
ep_length_mean:          200.0000	episode_length_mean:     199.0000	epsilon:                   0.6770	grad_norm:                13.0400
info_nce_loss:             0.1866	loss:                      1.7909	q_loss:                    1.6281	return_mean:               3.5673
return_std:                3.8652	test_ep_length_mean:     200.0000	test_episode_length_mean:199.0000	test_return_mean:         29.0921
test_return_std:          11.1346	
2026-07-31 20:49:38,556 - my_experiment - advP_HC_op_nomm_43 - my_run - INFO - t_env: 350200 / 5050000
2026-07-31 20:49:38,558 - my_experiment - advP_HC_op_nomm_43 - my_run - INFO - Estimated time left: 1 days, 3 hours, 3 minutes, 39 seconds. Time passed: 2 hours, 1 minutes, 9 seconds
2026-07-31 21:06:51,595 - my_experiment - advP_HC_op_nomm_43 - my_run - INFO - Recent Stats | t_env:     400000 | Episode:     2000
ep_length_mean:          200.0000	episode_length_mean:     199.0000	epsilon:                   0.6295	grad_norm:                20.0081
info_nce_loss:             0.2096	loss:                      2.3020	q_loss:                    2.0927	return_mean:               9.1681
return_std:                3.8958	test_ep_length_mean:     200.0000	test_episode_length_mean:199.0000	test_return_mean:         42.9660
test_return_std:          12.2817	
2026-07-31 21:06:54,892 - my_experiment - advP_HC_op_nomm_43 - my_run - INFO - t_env: 400200 / 5050000
2026-07-31 21:06:54,893 - my_experiment - advP_HC_op_nomm_43 - my_run - INFO - Estimated time left: 1 days, 2 hours, 46 minutes, 15 seconds. Time passed: 2 hours, 18 minutes, 25 seconds
2026-07-31 21:10:43,653 - my_experiment - advP_HC_op_nomm_43 - my_run - INFO - Saving models to work_dirs/my_experiment/advP_HC_op_nomm_43/my_run/20260731_184756/models/400200
2026-07-31 21:24:08,545 - my_experiment - advP_HC_op_nomm_43 - my_run - INFO - Recent Stats | t_env:     450000 | Episode:     2250
ep_length_mean:          200.0000	episode_length_mean:     199.0000	epsilon:                   0.5820	grad_norm:                52.4178
info_nce_loss:             0.1463	loss:                      3.4095	q_loss:                    3.0996	return_mean:              13.6772
return_std:                4.7752	test_ep_length_mean:     200.0000	test_episode_length_mean:199.0000	test_return_mean:         55.3144
test_return_std:          12.5355	
2026-07-31 21:24:11,767 - my_experiment - advP_HC_op_nomm_43 - my_run - INFO - t_env: 450200 / 5050000
2026-07-31 21:24:11,768 - my_experiment - advP_HC_op_nomm_43 - my_run - INFO - Estimated time left: 1 days, 2 hours, 29 minutes, 48 seconds. Time passed: 2 hours, 35 minutes, 42 seconds
2026-07-31 21:41:24,732 - my_experiment - advP_HC_op_nomm_43 - my_run - INFO - Recent Stats | t_env:     500000 | Episode:     2500
ep_length_mean:          200.0000	episode_length_mean:     199.0000	epsilon:                   0.5345	grad_norm:                63.2731
info_nce_loss:             0.1037	loss:                      2.9317	q_loss:                    2.6651	return_mean:              17.0713
return_std:                4.5917	test_ep_length_mean:     200.0000	test_episode_length_mean:199.0000	test_return_mean:         65.7647
test_return_std:          12.7752	
2026-07-31 21:41:27,967 - my_experiment - advP_HC_op_nomm_43 - my_run - INFO - t_env: 500200 / 5050000
2026-07-31 21:41:27,968 - my_experiment - advP_HC_op_nomm_43 - my_run - INFO - Estimated time left: 1 days, 2 hours, 11 minutes, 29 seconds. Time passed: 2 hours, 52 minutes, 58 seconds
2026-07-31 21:58:41,519 - my_experiment - advP_HC_op_nomm_43 - my_run - INFO - Recent Stats | t_env:     550000 | Episode:     2750
ep_length_mean:          200.0000	episode_length_mean:     199.0000	epsilon:                   0.4870	grad_norm:               114.0750
info_nce_loss:             0.0847	loss:                      3.5113	q_loss:                    3.1921	return_mean:              21.9966
return_std:                4.9165	test_ep_length_mean:     200.0000	test_episode_length_mean:199.0000	test_return_mean:         80.1051
test_return_std:          13.2560	
2026-07-31 21:58:44,755 - my_experiment - advP_HC_op_nomm_43 - my_run - INFO - t_env: 550200 / 5050000
2026-07-31 21:58:44,756 - my_experiment - advP_HC_op_nomm_43 - my_run - INFO - Estimated time left: 1 days, 1 hours, 55 minutes, 6 seconds. Time passed: 3 hours, 10 minutes, 15 seconds
2026-07-31 22:15:57,565 - my_experiment - advP_HC_op_nomm_43 - my_run - INFO - Recent Stats | t_env:     600000 | Episode:     3000
ep_length_mean:          200.0000	episode_length_mean:     199.0000	epsilon:                   0.4395	grad_norm:               203.7426
info_nce_loss:             0.1256	loss:                      4.8681	q_loss:                    4.4255	return_mean:              26.0926
return_std:                5.5155	test_ep_length_mean:     200.0000	test_episode_length_mean:199.0000	test_return_mean:         87.8181
test_return_std:          12.9733	
2026-07-31 22:16:00,795 - my_experiment - advP_HC_op_nomm_43 - my_run - INFO - t_env: 600200 / 5050000
2026-07-31 22:16:00,797 - my_experiment - advP_HC_op_nomm_43 - my_run - INFO - Estimated time left: 1 days, 1 hours, 36 minutes, 43 seconds. Time passed: 3 hours, 27 minutes, 31 seconds
2026-07-31 22:19:49,040 - my_experiment - advP_HC_op_nomm_43 - my_run - INFO - Saving models to work_dirs/my_experiment/advP_HC_op_nomm_43/my_run/20260731_184756/models/600200
2026-07-31 22:33:13,676 - my_experiment - advP_HC_op_nomm_43 - my_run - INFO - Recent Stats | t_env:     650000 | Episode:     3250
ep_length_mean:          200.0000	episode_length_mean:     199.0000	epsilon:                   0.3920	grad_norm:               281.2924
info_nce_loss:             0.1899	loss:                      4.9103	q_loss:                    4.4639	return_mean:              29.2895
return_std:                6.6296	test_ep_length_mean:     200.0000	test_episode_length_mean:199.0000	test_return_mean:         88.5146
test_return_std:          12.7046	
2026-07-31 22:33:16,896 - my_experiment - advP_HC_op_nomm_43 - my_run - INFO - t_env: 650200 / 5050000
2026-07-31 22:33:16,897 - my_experiment - advP_HC_op_nomm_43 - my_run - INFO - Estimated time left: 1 days, 1 hours, 19 minutes, 32 seconds. Time passed: 3 hours, 44 minutes, 47 seconds
2026-07-31 22:50:29,749 - my_experiment - advP_HC_op_nomm_43 - my_run - INFO - Recent Stats | t_env:     700000 | Episode:     3500
ep_length_mean:          200.0000	episode_length_mean:     199.0000	epsilon:                   0.3445	grad_norm:               267.8620
info_nce_loss:             0.1023	loss:                      3.1376	q_loss:                    2.8523	return_mean:              29.8478
return_std:                7.1446	test_ep_length_mean:     200.0000	test_episode_length_mean:199.0000	test_return_mean:         85.8761
test_return_std:          12.9014	
2026-07-31 22:50:33,002 - my_experiment - advP_HC_op_nomm_43 - my_run - INFO - t_env: 700200 / 5050000
2026-07-31 22:50:33,003 - my_experiment - advP_HC_op_nomm_43 - my_run - INFO - Estimated time left: 1 days, 1 hours, 2 minutes, 17 seconds. Time passed: 4 hours, 2 minutes, 3 seconds
2026-07-31 23:07:46,672 - my_experiment - advP_HC_op_nomm_43 - my_run - INFO - Recent Stats | t_env:     750000 | Episode:     3750
ep_length_mean:          200.0000	episode_length_mean:     199.0000	epsilon:                   0.2970	grad_norm:               191.4288
info_nce_loss:             0.0950	loss:                      2.3617	q_loss:                    2.1470	return_mean:              33.1990
return_std:                6.9652	test_ep_length_mean:     200.0000	test_episode_length_mean:199.0000	test_return_mean:         85.7920
test_return_std:          12.8594	
2026-07-31 23:07:49,966 - my_experiment - advP_HC_op_nomm_43 - my_run - INFO - t_env: 750200 / 5050000
2026-07-31 23:07:49,967 - my_experiment - advP_HC_op_nomm_43 - my_run - INFO - Estimated time left: 1 days, 46 minutes, 14 seconds. Time passed: 4 hours, 19 minutes, 20 seconds
2026-07-31 23:25:03,119 - my_experiment - advP_HC_op_nomm_43 - my_run - INFO - Recent Stats | t_env:     800000 | Episode:     4000
ep_length_mean:          200.0000	episode_length_mean:     199.0000	epsilon:                   0.2495	grad_norm:               198.9999
info_nce_loss:             0.1079	loss:                      2.4255	q_loss:                    2.2050	return_mean:              36.0129
return_std:                7.7249	test_ep_length_mean:     200.0000	test_episode_length_mean:199.0000	test_return_mean:         82.5389
test_return_std:          13.6510	
2026-07-31 23:25:06,441 - my_experiment - advP_HC_op_nomm_43 - my_run - INFO - t_env: 800200 / 5050000
2026-07-31 23:25:06,442 - my_experiment - advP_HC_op_nomm_43 - my_run - INFO - Estimated time left: 1 days, 28 minutes, 16 seconds. Time passed: 4 hours, 36 minutes, 37 seconds
2026-07-31 23:28:55,413 - my_experiment - advP_HC_op_nomm_43 - my_run - INFO - Saving models to work_dirs/my_experiment/advP_HC_op_nomm_43/my_run/20260731_184756/models/800200
2026-07-31 23:42:21,213 - my_experiment - advP_HC_op_nomm_43 - my_run - INFO - Recent Stats | t_env:     850000 | Episode:     4250
ep_length_mean:          200.0000	episode_length_mean:     199.0000	epsilon:                   0.2020	grad_norm:               315.7513
info_nce_loss:             0.1337	loss:                      2.9907	q_loss:                    2.7188	return_mean:              40.2227
return_std:                7.8871	test_ep_length_mean:     200.0000	test_episode_length_mean:199.0000	test_return_mean:         80.8888
test_return_std:          14.3530	
2026-07-31 23:42:24,454 - my_experiment - advP_HC_op_nomm_43 - my_run - INFO - t_env: 850200 / 5050000
2026-07-31 23:42:24,455 - my_experiment - advP_HC_op_nomm_43 - my_run - INFO - Estimated time left: 1 days, 13 minutes, 8 seconds. Time passed: 4 hours, 53 minutes, 55 seconds
2026-07-31 23:59:38,124 - my_experiment - advP_HC_op_nomm_43 - my_run - INFO - Recent Stats | t_env:     900000 | Episode:     4500
ep_length_mean:          200.0000	episode_length_mean:     199.0000	epsilon:                   0.1545	grad_norm:               314.2113
info_nce_loss:             0.1051	loss:                      3.1769	q_loss:                    2.8881	return_mean:              44.6282
return_std:                8.1220	test_ep_length_mean:     200.0000	test_episode_length_mean:199.0000	test_return_mean:         77.1739
test_return_std:          14.2540	
2026-07-31 23:59:41,366 - my_experiment - advP_HC_op_nomm_43 - my_run - INFO - t_env: 900200 / 5050000
2026-07-31 23:59:41,367 - my_experiment - advP_HC_op_nomm_43 - my_run - INFO - Estimated time left: 23 hours, 54 minutes, 19 seconds. Time passed: 5 hours, 11 minutes, 12 seconds
2026-08-01 00:16:56,091 - my_experiment - advP_HC_op_nomm_43 - my_run - INFO - Recent Stats | t_env:     950000 | Episode:     4750
ep_length_mean:          200.0000	episode_length_mean:     199.0000	epsilon:                   0.1070	grad_norm:               262.2250
info_nce_loss:             0.1376	loss:                      2.2139	q_loss:                    2.0126	return_mean:              46.7890
return_std:                8.6187	test_ep_length_mean:     200.0000	test_episode_length_mean:199.0000	test_return_mean:         75.8633
test_return_std:          14.0429	
2026-08-01 00:16:59,333 - my_experiment - advP_HC_op_nomm_43 - my_run - INFO - t_env: 950200 / 5050000
2026-08-01 00:16:59,334 - my_experiment - advP_HC_op_nomm_43 - my_run - INFO - Estimated time left: 23 hours, 38 minutes, 29 seconds. Time passed: 5 hours, 28 minutes, 30 seconds
2026-08-01 00:34:12,701 - my_experiment - advP_HC_op_nomm_43 - my_run - INFO - Recent Stats | t_env:    1000000 | Episode:     5000
ep_length_mean:          200.0000	episode_length_mean:     199.0000	epsilon:                   0.0595	grad_norm:               278.9814
info_nce_loss:             0.1436	loss:                      2.0063	q_loss:                    1.8239	return_mean:              50.3890
return_std:               10.8396	test_ep_length_mean:     200.0000	test_episode_length_mean:199.0000	test_return_mean:         73.3852
test_return_std:          13.9701	
2026-08-01 00:34:15,942 - my_experiment - advP_HC_op_nomm_43 - my_run - INFO - t_env: 1000200 / 5050000
2026-08-01 00:34:15,943 - my_experiment - advP_HC_op_nomm_43 - my_run - INFO - Estimated time left: 23 hours, 19 minutes, 21 seconds. Time passed: 5 hours, 45 minutes, 46 seconds
2026-08-01 00:38:04,563 - my_experiment - advP_HC_op_nomm_43 - my_run - INFO - Saving models to work_dirs/my_experiment/advP_HC_op_nomm_43/my_run/20260731_184756/models/1000200
2026-08-01 00:51:29,231 - my_experiment - advP_HC_op_nomm_43 - my_run - INFO - Recent Stats | t_env:    1050000 | Episode:     5250
ep_length_mean:          200.0000	episode_length_mean:     199.0000	epsilon:                   0.0500	grad_norm:               315.8538
info_nce_loss:             0.0652	loss:                      2.0967	q_loss:                    1.9061	return_mean:              54.1879
return_std:               11.5547	test_ep_length_mean:     200.0000	test_episode_length_mean:199.0000	test_return_mean:         72.7587
test_return_std:          13.4811	
2026-08-01 00:51:32,463 - my_experiment - advP_HC_op_nomm_43 - my_run - INFO - t_env: 1050200 / 5050000
2026-08-01 00:51:32,464 - my_experiment - advP_HC_op_nomm_43 - my_run - INFO - Estimated time left: 23 hours, 1 minutes, 57 seconds. Time passed: 6 hours, 3 minutes, 3 seconds
2026-08-01 01:08:45,849 - my_experiment - advP_HC_op_nomm_43 - my_run - INFO - Recent Stats | t_env:    1100000 | Episode:     5500
ep_length_mean:          200.0000	episode_length_mean:     199.0000	epsilon:                   0.0500	grad_norm:               305.9554
info_nce_loss:             0.1113	loss:                      2.1710	q_loss:                    1.9736	return_mean:              54.6021
return_std:               11.5952	test_ep_length_mean:     200.0000	test_episode_length_mean:199.0000	test_return_mean:         69.2639
test_return_std:          12.8719	
2026-08-01 01:08:49,084 - my_experiment - advP_HC_op_nomm_43 - my_run - INFO - t_env: 1100200 / 5050000
2026-08-01 01:08:49,085 - my_experiment - advP_HC_op_nomm_43 - my_run - INFO - Estimated time left: 22 hours, 44 minutes, 48 seconds. Time passed: 6 hours, 20 minutes, 19 seconds
2026-08-01 01:26:02,128 - my_experiment - advP_HC_op_nomm_43 - my_run - INFO - Recent Stats | t_env:    1150000 | Episode:     5750
ep_length_mean:          200.0000	episode_length_mean:     199.0000	epsilon:                   0.0500	grad_norm:               373.8185
info_nce_loss:             0.2565	loss:                      2.1532	q_loss:                    1.9575	return_mean:              54.7817
return_std:               10.2203	test_ep_length_mean:     200.0000	test_episode_length_mean:199.0000	test_return_mean:         66.5575
test_return_std:          12.7104	
2026-08-01 01:26:05,358 - my_experiment - advP_HC_op_nomm_43 - my_run - INFO - t_env: 1150200 / 5050000
2026-08-01 01:26:05,359 - my_experiment - advP_HC_op_nomm_43 - my_run - INFO - Estimated time left: 22 hours, 27 minutes, 5 seconds. Time passed: 6 hours, 37 minutes, 36 seconds
2026-08-01 01:43:18,087 - my_experiment - advP_HC_op_nomm_43 - my_run - INFO - Recent Stats | t_env:    1200000 | Episode:     6000
ep_length_mean:          200.0000	episode_length_mean:     199.0000	epsilon:                   0.0500	grad_norm:               391.1674
info_nce_loss:             0.1336	loss:                      3.0507	q_loss:                    2.7734	return_mean:              55.1754
return_std:               10.6354	test_ep_length_mean:     200.0000	test_episode_length_mean:199.0000	test_return_mean:         64.9156
test_return_std:          12.6059	
2026-08-01 01:43:21,386 - my_experiment - advP_HC_op_nomm_43 - my_run - INFO - t_env: 1200200 / 5050000
2026-08-01 01:43:21,387 - my_experiment - advP_HC_op_nomm_43 - my_run - INFO - Estimated time left: 22 hours, 9 minutes, 29 seconds. Time passed: 6 hours, 54 minutes, 52 seconds
2026-08-01 01:47:10,111 - my_experiment - advP_HC_op_nomm_43 - my_run - INFO - Saving models to work_dirs/my_experiment/advP_HC_op_nomm_43/my_run/20260731_184756/models/1200200
2026-08-01 02:00:35,380 - my_experiment - advP_HC_op_nomm_43 - my_run - INFO - Recent Stats | t_env:    1250000 | Episode:     6250
ep_length_mean:          200.0000	episode_length_mean:     199.0000	epsilon:                   0.0500	grad_norm:               339.7134
info_nce_loss:             0.0629	loss:                      1.9731	q_loss:                    1.7938	return_mean:              56.3561
return_std:               10.3145	test_ep_length_mean:     200.0000	test_episode_length_mean:199.0000	test_return_mean:         63.7967
test_return_std:          12.6631	
2026-08-01 02:00:38,635 - my_experiment - advP_HC_op_nomm_43 - my_run - INFO - t_env: 1250200 / 5050000
2026-08-01 02:00:38,636 - my_experiment - advP_HC_op_nomm_43 - my_run - INFO - Estimated time left: 21 hours, 53 minutes, 46 seconds. Time passed: 7 hours, 12 minutes, 9 seconds
2026-08-01 02:17:52,322 - my_experiment - advP_HC_op_nomm_43 - my_run - INFO - Recent Stats | t_env:    1300000 | Episode:     6500
ep_length_mean:          200.0000	episode_length_mean:     199.0000	epsilon:                   0.0500	grad_norm:               348.8069
info_nce_loss:             0.1506	loss:                      1.6295	q_loss:                    1.4814	return_mean:              58.3128
return_std:                9.9447	test_ep_length_mean:     200.0000	test_episode_length_mean:199.0000	test_return_mean:         63.6608
test_return_std:          12.6034	
2026-08-01 02:17:55,612 - my_experiment - advP_HC_op_nomm_43 - my_run - INFO - t_env: 1300200 / 5050000
2026-08-01 02:17:55,613 - my_experiment - advP_HC_op_nomm_43 - my_run - INFO - Estimated time left: 21 hours, 36 minutes, 9 seconds. Time passed: 7 hours, 29 minutes, 26 seconds
2026-08-01 02:35:08,910 - my_experiment - advP_HC_op_nomm_43 - my_run - INFO - Recent Stats | t_env:    1350000 | Episode:     6750
ep_length_mean:          200.0000	episode_length_mean:     199.0000	epsilon:                   0.0500	grad_norm:               296.0877
info_nce_loss:             0.1587	loss:                      1.8130	q_loss:                    1.6482	return_mean:              57.4505
return_std:               11.1649	test_ep_length_mean:     200.0000	test_episode_length_mean:199.0000	test_return_mean:         64.9727
test_return_std:          12.6281	
2026-08-01 02:35:12,148 - my_experiment - advP_HC_op_nomm_43 - my_run - INFO - t_env: 1350200 / 5050000
2026-08-01 02:35:12,149 - my_experiment - advP_HC_op_nomm_43 - my_run - INFO - Estimated time left: 21 hours, 18 minutes, 19 seconds. Time passed: 7 hours, 46 minutes, 42 seconds
2026-08-01 02:52:25,236 - my_experiment - advP_HC_op_nomm_43 - my_run - INFO - Recent Stats | t_env:    1400000 | Episode:     7000
ep_length_mean:          200.0000	episode_length_mean:     199.0000	epsilon:                   0.0500	grad_norm:               492.9302
info_nce_loss:             0.1250	loss:                      2.4180	q_loss:                    2.1982	return_mean:              58.7525
return_std:               10.9638	test_ep_length_mean:     200.0000	test_episode_length_mean:199.0000	test_return_mean:         64.9175
test_return_std:          12.5121	
2026-08-01 02:52:28,484 - my_experiment - advP_HC_op_nomm_43 - my_run - INFO - t_env: 1400200 / 5050000
2026-08-01 02:52:28,485 - my_experiment - advP_HC_op_nomm_43 - my_run - INFO - Estimated time left: 21 hours, 48 seconds. Time passed: 8 hours, 3 minutes, 59 seconds
2026-08-01 02:56:16,711 - my_experiment - advP_HC_op_nomm_43 - my_run - INFO - Saving models to work_dirs/my_experiment/advP_HC_op_nomm_43/my_run/20260731_184756/models/1400200
2026-08-01 03:09:41,778 - my_experiment - advP_HC_op_nomm_43 - my_run - INFO - Recent Stats | t_env:    1450000 | Episode:     7250
ep_length_mean:          200.0000	episode_length_mean:     199.0000	epsilon:                   0.0500	grad_norm:               312.7548
info_nce_loss:             0.0964	loss:                      1.7469	q_loss:                    1.5881	return_mean:              61.7591
return_std:               11.8752	test_ep_length_mean:     200.0000	test_episode_length_mean:199.0000	test_return_mean:         64.5186
test_return_std:          12.9547	
2026-08-01 03:09:45,015 - my_experiment - advP_HC_op_nomm_43 - my_run - INFO - t_env: 1450200 / 5050000
2026-08-01 03:09:45,016 - my_experiment - advP_HC_op_nomm_43 - my_run - INFO - Estimated time left: 20 hours, 43 minutes, 46 seconds. Time passed: 8 hours, 21 minutes, 15 seconds
2026-08-01 03:26:58,088 - my_experiment - advP_HC_op_nomm_43 - my_run - INFO - Recent Stats | t_env:    1500000 | Episode:     7500
ep_length_mean:          200.0000	episode_length_mean:     199.0000	epsilon:                   0.0500	grad_norm:               330.6850
info_nce_loss:             0.1870	loss:                      2.3534	q_loss:                    2.1395	return_mean:              59.8921
return_std:               10.8964	test_ep_length_mean:     200.0000	test_episode_length_mean:199.0000	test_return_mean:         66.5382
test_return_std:          12.9044	
2026-08-01 03:27:01,318 - my_experiment - advP_HC_op_nomm_43 - my_run - INFO - t_env: 1500200 / 5050000
2026-08-01 03:27:01,319 - my_experiment - advP_HC_op_nomm_43 - my_run - INFO - Estimated time left: 20 hours, 26 minutes, 13 seconds. Time passed: 8 hours, 38 minutes, 32 seconds
2026-08-01 03:44:14,709 - my_experiment - advP_HC_op_nomm_43 - my_run - INFO - Recent Stats | t_env:    1550000 | Episode:     7750
ep_length_mean:          200.0000	episode_length_mean:     199.0000	epsilon:                   0.0500	grad_norm:               308.6943
info_nce_loss:             0.1135	loss:                      1.8489	q_loss:                    1.6808	return_mean:              62.7627
return_std:               11.6162	test_ep_length_mean:     200.0000	test_episode_length_mean:199.0000	test_return_mean:         67.6531
test_return_std:          12.6597	
2026-08-01 03:44:17,939 - my_experiment - advP_HC_op_nomm_43 - my_run - INFO - t_env: 1550200 / 5050000
2026-08-01 03:44:17,940 - my_experiment - advP_HC_op_nomm_43 - my_run - INFO - Estimated time left: 20 hours, 9 minutes, 19 seconds. Time passed: 8 hours, 55 minutes, 48 seconds
2026-08-01 04:01:30,715 - my_experiment - advP_HC_op_nomm_43 - my_run - INFO - Recent Stats | t_env:    1600000 | Episode:     8000
ep_length_mean:          200.0000	episode_length_mean:     199.0000	epsilon:                   0.0500	grad_norm:               293.3574
info_nce_loss:             0.0700	loss:                      1.5470	q_loss:                    1.4063	return_mean:              64.1017
return_std:               10.6355	test_ep_length_mean:     200.0000	test_episode_length_mean:199.0000	test_return_mean:         69.6975
test_return_std:          12.5521	
2026-08-01 04:01:33,943 - my_experiment - advP_HC_op_nomm_43 - my_run - INFO - t_env: 1600200 / 5050000
2026-08-01 04:01:33,944 - my_experiment - advP_HC_op_nomm_43 - my_run - INFO - Estimated time left: 19 hours, 51 minutes, 20 seconds. Time passed: 9 hours, 13 minutes, 4 seconds
2026-08-01 04:05:21,998 - my_experiment - advP_HC_op_nomm_43 - my_run - INFO - Saving models to work_dirs/my_experiment/advP_HC_op_nomm_43/my_run/20260731_184756/models/1600200
2026-08-01 04:18:46,982 - my_experiment - advP_HC_op_nomm_43 - my_run - INFO - Recent Stats | t_env:    1650000 | Episode:     8250
ep_length_mean:          200.0000	episode_length_mean:     199.0000	epsilon:                   0.0500	grad_norm:               425.7794
info_nce_loss:             0.1100	loss:                      2.3120	q_loss:                    2.1018	return_mean:              65.9378
return_std:               11.3814	test_ep_length_mean:     200.0000	test_episode_length_mean:199.0000	test_return_mean:         73.8167
test_return_std:          13.1419	
2026-08-01 04:18:50,230 - my_experiment - advP_HC_op_nomm_43 - my_run - INFO - t_env: 1650200 / 5050000
2026-08-01 04:18:50,231 - my_experiment - advP_HC_op_nomm_43 - my_run - INFO - Estimated time left: 19 hours, 34 minutes, 23 seconds. Time passed: 9 hours, 30 minutes, 20 seconds
2026-08-01 04:36:03,343 - my_experiment - advP_HC_op_nomm_43 - my_run - INFO - Recent Stats | t_env:    1700000 | Episode:     8500
ep_length_mean:          200.0000	episode_length_mean:     199.0000	epsilon:                   0.0500	grad_norm:               316.6757
info_nce_loss:             0.1498	loss:                      1.6755	q_loss:                    1.5232	return_mean:              65.2115
return_std:               10.4109	test_ep_length_mean:     200.0000	test_episode_length_mean:199.0000	test_return_mean:         76.1886
test_return_std:          12.4151	
2026-08-01 04:36:06,582 - my_experiment - advP_HC_op_nomm_43 - my_run - INFO - t_env: 1700200 / 5050000
2026-08-01 04:36:06,583 - my_experiment - advP_HC_op_nomm_43 - my_run - INFO - Estimated time left: 19 hours, 17 minutes, 11 seconds. Time passed: 9 hours, 47 minutes, 37 seconds
2026-08-01 04:53:19,370 - my_experiment - advP_HC_op_nomm_43 - my_run - INFO - Recent Stats | t_env:    1750000 | Episode:     8750
ep_length_mean:          200.0000	episode_length_mean:     199.0000	epsilon:                   0.0500	grad_norm:               382.8633
info_nce_loss:             0.1826	loss:                      3.6401	q_loss:                    3.3091	return_mean:              58.2033
return_std:               13.3889	test_ep_length_mean:     200.0000	test_episode_length_mean:199.0000	test_return_mean:         77.0936
test_return_std:          12.4730	
2026-08-01 04:53:22,608 - my_experiment - advP_HC_op_nomm_43 - my_run - INFO - t_env: 1750200 / 5050000
2026-08-01 04:53:22,609 - my_experiment - advP_HC_op_nomm_43 - my_run - INFO - Estimated time left: 18 hours, 59 minutes, 33 seconds. Time passed: 10 hours, 4 minutes, 53 seconds
2026-08-01 05:10:35,616 - my_experiment - advP_HC_op_nomm_43 - my_run - INFO - Recent Stats | t_env:    1800000 | Episode:     9000
ep_length_mean:          200.0000	episode_length_mean:     199.0000	epsilon:                   0.0500	grad_norm:               341.1274
info_nce_loss:             0.0641	loss:                      1.6197	q_loss:                    1.4724	return_mean:              66.0444
return_std:               11.9382	test_ep_length_mean:     200.0000	test_episode_length_mean:199.0000	test_return_mean:         77.1196
test_return_std:          13.2685	
2026-08-01 05:10:38,932 - my_experiment - advP_HC_op_nomm_43 - my_run - INFO - t_env: 1800200 / 5050000
2026-08-01 05:10:38,933 - my_experiment - advP_HC_op_nomm_43 - my_run - INFO - Estimated time left: 18 hours, 42 minutes, 36 seconds. Time passed: 10 hours, 22 minutes, 9 seconds
2026-08-01 05:14:26,769 - my_experiment - advP_HC_op_nomm_43 - my_run - INFO - Saving models to work_dirs/my_experiment/advP_HC_op_nomm_43/my_run/20260731_184756/models/1800200
2026-08-01 05:27:51,708 - my_experiment - advP_HC_op_nomm_43 - my_run - INFO - Recent Stats | t_env:    1850000 | Episode:     9250
ep_length_mean:          200.0000	episode_length_mean:     199.0000	epsilon:                   0.0500	grad_norm:               226.7439
info_nce_loss:             0.0646	loss:                      1.3965	q_loss:                    1.2695	return_mean:              68.2377
return_std:               10.1468	test_ep_length_mean:     200.0000	test_episode_length_mean:199.0000	test_return_mean:         77.3698
test_return_std:          13.0564	
2026-08-01 05:27:54,943 - my_experiment - advP_HC_op_nomm_43 - my_run - INFO - t_env: 1850200 / 5050000
2026-08-01 05:27:54,943 - my_experiment - advP_HC_op_nomm_43 - my_run - INFO - Estimated time left: 18 hours, 25 minutes, 0 seconds. Time passed: 10 hours, 39 minutes, 25 seconds
2026-08-01 05:45:07,033 - my_experiment - advP_HC_op_nomm_43 - my_run - INFO - Recent Stats | t_env:    1900000 | Episode:     9500
ep_length_mean:          200.0000	episode_length_mean:     199.0000	epsilon:                   0.0500	grad_norm:               263.7051
info_nce_loss:             0.1398	loss:                      1.4812	q_loss:                    1.3466	return_mean:              67.8919
return_std:               11.2078	test_ep_length_mean:     200.0000	test_episode_length_mean:199.0000	test_return_mean:         76.1263
test_return_std:          13.1340	
2026-08-01 05:45:10,394 - my_experiment - advP_HC_op_nomm_43 - my_run - INFO - t_env: 1900200 / 5050000
2026-08-01 05:45:10,395 - my_experiment - advP_HC_op_nomm_43 - my_run - INFO - Estimated time left: 18 hours, 7 minutes, 9 seconds. Time passed: 10 hours, 56 minutes, 41 seconds
2026-08-01 06:02:23,375 - my_experiment - advP_HC_op_nomm_43 - my_run - INFO - Recent Stats | t_env:    1950000 | Episode:     9750
ep_length_mean:          200.0000	episode_length_mean:     199.0000	epsilon:                   0.0500	grad_norm:               311.8697
info_nce_loss:             0.1371	loss:                      1.6664	q_loss:                    1.5149	return_mean:              65.9799
return_std:               11.5190	test_ep_length_mean:     200.0000	test_episode_length_mean:199.0000	test_return_mean:         75.0583
test_return_std:          13.0879	
2026-08-01 06:02:26,610 - my_experiment - advP_HC_op_nomm_43 - my_run - INFO - t_env: 1950200 / 5050000
2026-08-01 06:02:26,611 - my_experiment - advP_HC_op_nomm_43 - my_run - INFO - Estimated time left: 17 hours, 50 minutes, 41 seconds. Time passed: 11 hours, 13 minutes, 57 seconds
2026-08-01 06:19:39,199 - my_experiment - advP_HC_op_nomm_43 - my_run - INFO - Recent Stats | t_env:    2000000 | Episode:    10000
ep_length_mean:          200.0000	episode_length_mean:     199.0000	epsilon:                   0.0500	grad_norm:               399.7786
info_nce_loss:             0.1071	loss:                      2.4872	q_loss:                    2.2611	return_mean:              66.6513
return_std:               11.4811	test_ep_length_mean:     200.0000	test_episode_length_mean:199.0000	test_return_mean:         75.4574
test_return_std:          13.3703	
2026-08-01 06:19:42,456 - my_experiment - advP_HC_op_nomm_43 - my_run - INFO - t_env: 2000200 / 5050000
2026-08-01 06:19:42,457 - my_experiment - advP_HC_op_nomm_43 - my_run - INFO - Estimated time left: 17 hours, 33 minutes, 2 seconds. Time passed: 11 hours, 31 minutes, 13 seconds
2026-08-01 06:23:30,595 - my_experiment - advP_HC_op_nomm_43 - my_run - INFO - Saving models to work_dirs/my_experiment/advP_HC_op_nomm_43/my_run/20260731_184756/models/2000200
2026-08-01 06:36:55,185 - my_experiment - advP_HC_op_nomm_43 - my_run - INFO - Recent Stats | t_env:    2050000 | Episode:    10250
ep_length_mean:          200.0000	episode_length_mean:     199.0000	epsilon:                   0.0500	grad_norm:               311.3592
info_nce_loss:             0.2245	loss:                      1.6837	q_loss:                    1.5307	return_mean:              66.8119
return_std:               10.8861	test_ep_length_mean:     200.0000	test_episode_length_mean:199.0000	test_return_mean:         75.8280
test_return_std:          12.5338	
2026-08-01 06:36:58,421 - my_experiment - advP_HC_op_nomm_43 - my_run - INFO - t_env: 2050200 / 5050000
2026-08-01 06:36:58,422 - my_experiment - advP_HC_op_nomm_43 - my_run - INFO - Estimated time left: 17 hours, 15 minutes, 53 seconds. Time passed: 11 hours, 48 minutes, 29 seconds
2026-08-01 06:54:12,222 - my_experiment - advP_HC_op_nomm_43 - my_run - INFO - Recent Stats | t_env:    2100000 | Episode:    10500
ep_length_mean:          200.0000	episode_length_mean:     199.0000	epsilon:                   0.0500	grad_norm:               206.5021
info_nce_loss:             0.1099	loss:                      1.3614	q_loss:                    1.2376	return_mean:              68.1243
return_std:               12.0151	test_ep_length_mean:     200.0000	test_episode_length_mean:199.0000	test_return_mean:         74.7923
test_return_std:          12.6785	
2026-08-01 06:54:15,446 - my_experiment - advP_HC_op_nomm_43 - my_run - INFO - t_env: 2100200 / 5050000
2026-08-01 06:54:15,447 - my_experiment - advP_HC_op_nomm_43 - my_run - INFO - Estimated time left: 16 hours, 59 minutes, 40 seconds. Time passed: 12 hours, 5 minutes, 46 seconds
2026-08-01 07:11:28,540 - my_experiment - advP_HC_op_nomm_43 - my_run - INFO - Recent Stats | t_env:    2150000 | Episode:    10750
ep_length_mean:          200.0000	episode_length_mean:     199.0000	epsilon:                   0.0500	grad_norm:               328.7379
info_nce_loss:             0.1850	loss:                      1.7500	q_loss:                    1.5909	return_mean:              66.4757
return_std:               11.9510	test_ep_length_mean:     200.0000	test_episode_length_mean:199.0000	test_return_mean:         75.7781
test_return_std:          12.4562	
2026-08-01 07:11:31,781 - my_experiment - advP_HC_op_nomm_43 - my_run - INFO - t_env: 2150200 / 5050000
2026-08-01 07:11:31,782 - my_experiment - advP_HC_op_nomm_43 - my_run - INFO - Estimated time left: 16 hours, 41 minutes, 43 seconds. Time passed: 12 hours, 23 minutes, 2 seconds
2026-08-01 07:28:45,029 - my_experiment - advP_HC_op_nomm_43 - my_run - INFO - Recent Stats | t_env:    2200000 | Episode:    11000
ep_length_mean:          200.0000	episode_length_mean:     199.0000	epsilon:                   0.0500	grad_norm:               338.8188
info_nce_loss:             0.1762	loss:                      2.4945	q_loss:                    2.2678	return_mean:              70.3196
return_std:               10.7946	test_ep_length_mean:     200.0000	test_episode_length_mean:199.0000	test_return_mean:         77.7697
test_return_std:          12.1276	
2026-08-01 07:28:48,276 - my_experiment - advP_HC_op_nomm_43 - my_run - INFO - t_env: 2200200 / 5050000
2026-08-01 07:28:48,277 - my_experiment - advP_HC_op_nomm_43 - my_run - INFO - Estimated time left: 16 hours, 24 minutes, 36 seconds. Time passed: 12 hours, 40 minutes, 18 seconds
2026-08-01 07:32:37,156 - my_experiment - advP_HC_op_nomm_43 - my_run - INFO - Saving models to work_dirs/my_experiment/advP_HC_op_nomm_43/my_run/20260731_184756/models/2200200
2026-08-01 07:46:01,845 - my_experiment - advP_HC_op_nomm_43 - my_run - INFO - Recent Stats | t_env:    2250000 | Episode:    11250
ep_length_mean:          200.0000	episode_length_mean:     199.0000	epsilon:                   0.0500	grad_norm:               377.4623
info_nce_loss:             0.2125	loss:                      2.5626	q_loss:                    2.3296	return_mean:              70.6909
return_std:               10.6106	test_ep_length_mean:     200.0000	test_episode_length_mean:199.0000	test_return_mean:         77.9202
test_return_std:          11.7297	
2026-08-01 07:46:05,084 - my_experiment - advP_HC_op_nomm_43 - my_run - INFO - t_env: 2250200 / 5050000
2026-08-01 07:46:05,085 - my_experiment - advP_HC_op_nomm_43 - my_run - INFO - Estimated time left: 16 hours, 7 minutes, 37 seconds. Time passed: 12 hours, 57 minutes, 35 seconds
2026-08-01 08:03:18,555 - my_experiment - advP_HC_op_nomm_43 - my_run - INFO - Recent Stats | t_env:    2300000 | Episode:    11500
ep_length_mean:          200.0000	episode_length_mean:     199.0000	epsilon:                   0.0500	grad_norm:               237.8278
info_nce_loss:             0.1768	loss:                      1.4987	q_loss:                    1.3625	return_mean:              70.3214
return_std:               10.9466	test_ep_length_mean:     200.0000	test_episode_length_mean:199.0000	test_return_mean:         78.1270
test_return_std:          11.9460	
2026-08-01 08:03:21,803 - my_experiment - advP_HC_op_nomm_43 - my_run - INFO - t_env: 2300200 / 5050000
2026-08-01 08:03:21,804 - my_experiment - advP_HC_op_nomm_43 - my_run - INFO - Estimated time left: 15 hours, 50 minutes, 15 seconds. Time passed: 13 hours, 14 minutes, 52 seconds
2026-08-01 08:20:35,852 - my_experiment - advP_HC_op_nomm_43 - my_run - INFO - Recent Stats | t_env:    2350000 | Episode:    11750
ep_length_mean:          200.0000	episode_length_mean:     199.0000	epsilon:                   0.0500	grad_norm:               248.7700
info_nce_loss:             0.0981	loss:                      1.4557	q_loss:                    1.3233	return_mean:              71.3148
return_std:               12.2289	test_ep_length_mean:     200.0000	test_episode_length_mean:199.0000	test_return_mean:         79.5269
test_return_std:          12.2276	
2026-08-01 08:20:39,086 - my_experiment - advP_HC_op_nomm_43 - my_run - INFO - t_env: 2350200 / 5050000
2026-08-01 08:20:39,087 - my_experiment - advP_HC_op_nomm_43 - my_run - INFO - Estimated time left: 15 hours, 33 minutes, 29 seconds. Time passed: 13 hours, 32 minutes, 9 seconds
2026-08-01 08:37:52,963 - my_experiment - advP_HC_op_nomm_43 - my_run - INFO - Recent Stats | t_env:    2400000 | Episode:    12000
ep_length_mean:          200.0000	episode_length_mean:     199.0000	epsilon:                   0.0500	grad_norm:               217.1456
info_nce_loss:             0.1439	loss:                      1.3583	q_loss:                    1.2348	return_mean:              70.8142
return_std:               11.5862	test_ep_length_mean:     200.0000	test_episode_length_mean:199.0000	test_return_mean:         80.3548
test_return_std:          12.3425	
2026-08-01 08:37:56,203 - my_experiment - advP_HC_op_nomm_43 - my_run - INFO - t_env: 2400200 / 5050000
2026-08-01 08:37:56,204 - my_experiment - advP_HC_op_nomm_43 - my_run - INFO - Estimated time left: 15 hours, 16 minutes, 3 seconds. Time passed: 13 hours, 49 minutes, 26 seconds
2026-08-01 08:41:45,021 - my_experiment - advP_HC_op_nomm_43 - my_run - INFO - Saving models to work_dirs/my_experiment/advP_HC_op_nomm_43/my_run/20260731_184756/models/2400200
2026-08-01 08:55:10,121 - my_experiment - advP_HC_op_nomm_43 - my_run - INFO - Recent Stats | t_env:    2450000 | Episode:    12250
ep_length_mean:          200.0000	episode_length_mean:     199.0000	epsilon:                   0.0500	grad_norm:               219.9606
info_nce_loss:             0.1482	loss:                      1.4277	q_loss:                    1.2979	return_mean:              71.3016
return_std:               11.0659	test_ep_length_mean:     200.0000	test_episode_length_mean:199.0000	test_return_mean:         81.8069
test_return_std:          13.1086	
2026-08-01 08:55:13,417 - my_experiment - advP_HC_op_nomm_43 - my_run - INFO - t_env: 2450200 / 5050000
2026-08-01 08:55:13,418 - my_experiment - advP_HC_op_nomm_43 - my_run - INFO - Estimated time left: 14 hours, 58 minutes, 50 seconds. Time passed: 14 hours, 6 minutes, 44 seconds
2026-08-01 09:12:27,148 - my_experiment - advP_HC_op_nomm_43 - my_run - INFO - Recent Stats | t_env:    2500000 | Episode:    12500
ep_length_mean:          200.0000	episode_length_mean:     199.0000	epsilon:                   0.0500	grad_norm:               387.3330
info_nce_loss:             0.1544	loss:                      2.5047	q_loss:                    2.2770	return_mean:              72.1287
return_std:               11.1704	test_ep_length_mean:     200.0000	test_episode_length_mean:199.0000	test_return_mean:         81.9872
test_return_std:          13.3730	
2026-08-01 09:12:30,407 - my_experiment - advP_HC_op_nomm_43 - my_run - INFO - t_env: 2500200 / 5050000
2026-08-01 09:12:30,408 - my_experiment - advP_HC_op_nomm_43 - my_run - INFO - Estimated time left: 14 hours, 41 minutes, 22 seconds. Time passed: 14 hours, 24 minutes, 1 seconds
2026-08-01 09:29:44,575 - my_experiment - advP_HC_op_nomm_43 - my_run - INFO - Recent Stats | t_env:    2550000 | Episode:    12750
ep_length_mean:          200.0000	episode_length_mean:     199.0000	epsilon:                   0.0500	grad_norm:               311.0923
info_nce_loss:             0.1323	loss:                      1.6108	q_loss:                    1.4644	return_mean:              72.5815
return_std:               10.8668	test_ep_length_mean:     200.0000	test_episode_length_mean:199.0000	test_return_mean:         84.2101
test_return_std:          13.2628	
2026-08-01 09:29:47,833 - my_experiment - advP_HC_op_nomm_43 - my_run - INFO - t_env: 2550200 / 5050000
2026-08-01 09:29:47,834 - my_experiment - advP_HC_op_nomm_43 - my_run - INFO - Estimated time left: 14 hours, 24 minutes, 27 seconds. Time passed: 14 hours, 41 minutes, 18 seconds
2026-08-01 09:47:01,486 - my_experiment - advP_HC_op_nomm_43 - my_run - INFO - Recent Stats | t_env:    2600000 | Episode:    13000
ep_length_mean:          200.0000	episode_length_mean:     199.0000	epsilon:                   0.0500	grad_norm:               413.3430
info_nce_loss:             0.1322	loss:                      2.2288	q_loss:                    2.0262	return_mean:              72.5906
return_std:               11.2887	test_ep_length_mean:     200.0000	test_episode_length_mean:199.0000	test_return_mean:         85.5339
test_return_std:          12.8375	
2026-08-01 09:47:04,726 - my_experiment - advP_HC_op_nomm_43 - my_run - INFO - t_env: 2600200 / 5050000
2026-08-01 09:47:04,727 - my_experiment - advP_HC_op_nomm_43 - my_run - INFO - Estimated time left: 14 hours, 6 minutes, 43 seconds. Time passed: 14 hours, 58 minutes, 35 seconds
2026-08-01 09:51:16,550 - my_experiment - advP_HC_op_nomm_43 - my_run - INFO - Saving models to work_dirs/my_experiment/advP_HC_op_nomm_43/my_run/20260731_184756/models/2600200
2026-08-01 10:04:42,455 - my_experiment - advP_HC_op_nomm_43 - my_run - INFO - Recent Stats | t_env:    2650000 | Episode:    13250
ep_length_mean:          200.0000	episode_length_mean:     199.0000	epsilon:                   0.0500	grad_norm:               191.7338
info_nce_loss:             0.2190	loss:                      1.5660	q_loss:                    1.4237	return_mean:              73.0689
return_std:               10.5928	test_ep_length_mean:     200.0000	test_episode_length_mean:199.0000	test_return_mean:         87.2155
test_return_std:          12.6073	
2026-08-01 10:04:45,754 - my_experiment - advP_HC_op_nomm_43 - my_run - INFO - t_env: 2650200 / 5050000
2026-08-01 10:04:45,756 - my_experiment - advP_HC_op_nomm_43 - my_run - INFO - Estimated time left: 14 hours, 8 minutes, 45 seconds. Time passed: 15 hours, 16 minutes, 16 seconds
2026-08-01 10:22:00,853 - my_experiment - advP_HC_op_nomm_43 - my_run - INFO - Recent Stats | t_env:    2700000 | Episode:    13500
ep_length_mean:          200.0000	episode_length_mean:     199.0000	epsilon:                   0.0500	grad_norm:               310.1870
info_nce_loss:             0.1836	loss:                      1.9267	q_loss:                    1.7516	return_mean:              74.6840
return_std:               11.2930	test_ep_length_mean:     200.0000	test_episode_length_mean:199.0000	test_return_mean:         86.2089
test_return_std:          12.5815	
2026-08-01 10:22:04,106 - my_experiment - advP_HC_op_nomm_43 - my_run - INFO - t_env: 2700200 / 5050000
2026-08-01 10:22:04,106 - my_experiment - advP_HC_op_nomm_43 - my_run - INFO - Estimated time left: 13 hours, 33 minutes, 18 seconds. Time passed: 15 hours, 33 minutes, 34 seconds
2026-08-01 10:39:18,547 - my_experiment - advP_HC_op_nomm_43 - my_run - INFO - Recent Stats | t_env:    2750000 | Episode:    13750
ep_length_mean:          200.0000	episode_length_mean:     199.0000	epsilon:                   0.0500	grad_norm:               514.1695
info_nce_loss:             0.0940	loss:                      3.0099	q_loss:                    2.7363	return_mean:              73.6324
return_std:               11.2720	test_ep_length_mean:     200.0000	test_episode_length_mean:199.0000	test_return_mean:         87.4547
test_return_std:          12.1495	
2026-08-01 10:39:21,805 - my_experiment - advP_HC_op_nomm_43 - my_run - INFO - t_env: 2750200 / 5050000
2026-08-01 10:39:21,806 - my_experiment - advP_HC_op_nomm_43 - my_run - INFO - Estimated time left: 13 hours, 15 minutes, 30 seconds. Time passed: 15 hours, 50 minutes, 52 seconds
2026-08-01 10:56:37,604 - my_experiment - advP_HC_op_nomm_43 - my_run - INFO - Recent Stats | t_env:    2800000 | Episode:    14000
ep_length_mean:          200.0000	episode_length_mean:     199.0000	epsilon:                   0.0500	grad_norm:               272.7651
info_nce_loss:             0.1584	loss:                      1.5826	q_loss:                    1.4387	return_mean:              74.1039
return_std:               10.4828	test_ep_length_mean:     200.0000	test_episode_length_mean:199.0000	test_return_mean:         86.6171
test_return_std:          12.3304	
2026-08-01 10:56:40,853 - my_experiment - advP_HC_op_nomm_43 - my_run - INFO - t_env: 2800200 / 5050000
2026-08-01 10:56:40,854 - my_experiment - advP_HC_op_nomm_43 - my_run - INFO - Estimated time left: 12 hours, 59 minutes, 12 seconds. Time passed: 16 hours, 8 minutes, 11 seconds
2026-08-01 11:00:32,083 - my_experiment - advP_HC_op_nomm_43 - my_run - INFO - Saving models to work_dirs/my_experiment/advP_HC_op_nomm_43/my_run/20260731_184756/models/2800200
2026-08-01 11:13:56,631 - my_experiment - advP_HC_op_nomm_43 - my_run - INFO - Recent Stats | t_env:    2850000 | Episode:    14250
ep_length_mean:          200.0000	episode_length_mean:     199.0000	epsilon:                   0.0500	grad_norm:               398.3111
info_nce_loss:             0.1801	loss:                      2.8851	q_loss:                    2.6228	return_mean:              75.8499
return_std:               10.7848	test_ep_length_mean:     200.0000	test_episode_length_mean:199.0000	test_return_mean:         87.9447
test_return_std:          12.1769	
2026-08-01 11:13:59,875 - my_experiment - advP_HC_op_nomm_43 - my_run - INFO - t_env: 2850200 / 5050000
2026-08-01 11:13:59,876 - my_experiment - advP_HC_op_nomm_43 - my_run - INFO - Estimated time left: 12 hours, 41 minutes, 52 seconds. Time passed: 16 hours, 25 minutes, 30 seconds
2026-08-01 11:31:14,720 - my_experiment - advP_HC_op_nomm_43 - my_run - INFO - Recent Stats | t_env:    2900000 | Episode:    14500
ep_length_mean:          200.0000	episode_length_mean:     199.0000	epsilon:                   0.0500	grad_norm:               245.4696
info_nce_loss:             0.1716	loss:                      1.5654	q_loss:                    1.4231	return_mean:              76.5017
return_std:               11.1992	test_ep_length_mean:     200.0000	test_episode_length_mean:199.0000	test_return_mean:         86.7236
test_return_std:          11.8265	
2026-08-01 11:31:17,949 - my_experiment - advP_HC_op_nomm_43 - my_run - INFO - t_env: 2900200 / 5050000
2026-08-01 11:31:17,950 - my_experiment - advP_HC_op_nomm_43 - my_run - INFO - Estimated time left: 12 hours, 23 minutes, 53 seconds. Time passed: 16 hours, 42 minutes, 48 seconds
2026-08-01 11:48:32,209 - my_experiment - advP_HC_op_nomm_43 - my_run - INFO - Recent Stats | t_env:    2950000 | Episode:    14750
ep_length_mean:          200.0000	episode_length_mean:     199.0000	epsilon:                   0.0500	grad_norm:               284.8622
info_nce_loss:             0.1609	loss:                      1.8358	q_loss:                    1.6689	return_mean:              76.2214
return_std:               11.1559	test_ep_length_mean:     200.0000	test_episode_length_mean:199.0000	test_return_mean:         87.7992
test_return_std:          11.6807	
2026-08-01 11:48:35,449 - my_experiment - advP_HC_op_nomm_43 - my_run - INFO - t_env: 2950200 / 5050000
2026-08-01 11:48:35,450 - my_experiment - advP_HC_op_nomm_43 - my_run - INFO - Estimated time left: 12 hours, 6 minutes, 10 seconds. Time passed: 17 hours, 6 seconds
2026-08-01 12:05:48,765 - my_experiment - advP_HC_op_nomm_43 - my_run - INFO - Recent Stats | t_env:    3000000 | Episode:    15000
ep_length_mean:          200.0000	episode_length_mean:     199.0000	epsilon:                   0.0500	grad_norm:               255.0321
info_nce_loss:             0.1290	loss:                      1.7061	q_loss:                    1.5510	return_mean:              76.6239
return_std:               10.2098	test_ep_length_mean:     200.0000	test_episode_length_mean:199.0000	test_return_mean:         88.7920
test_return_std:          11.9638	
2026-08-01 12:05:51,988 - my_experiment - advP_HC_op_nomm_43 - my_run - INFO - t_env: 3000200 / 5050000
2026-08-01 12:05:51,990 - my_experiment - advP_HC_op_nomm_43 - my_run - INFO - Estimated time left: 11 hours, 48 minutes, 13 seconds. Time passed: 17 hours, 17 minutes, 22 seconds
2026-08-01 12:09:40,594 - my_experiment - advP_HC_op_nomm_43 - my_run - INFO - Saving models to work_dirs/my_experiment/advP_HC_op_nomm_43/my_run/20260731_184756/models/3000200
2026-08-01 12:23:05,566 - my_experiment - advP_HC_op_nomm_43 - my_run - INFO - Recent Stats | t_env:    3050000 | Episode:    15250
ep_length_mean:          200.0000	episode_length_mean:     199.0000	epsilon:                   0.0500	grad_norm:               190.3230
info_nce_loss:             0.1280	loss:                      1.6153	q_loss:                    1.4685	return_mean:              76.3775
return_std:               10.2448	test_ep_length_mean:     200.0000	test_episode_length_mean:199.0000	test_return_mean:         89.3651
test_return_std:          11.7014	
2026-08-01 12:23:08,817 - my_experiment - advP_HC_op_nomm_43 - my_run - INFO - t_env: 3050200 / 5050000
2026-08-01 12:23:08,818 - my_experiment - advP_HC_op_nomm_43 - my_run - INFO - Estimated time left: 11 hours, 31 minutes, 8 seconds. Time passed: 17 hours, 34 minutes, 39 seconds
2026-08-01 12:40:22,247 - my_experiment - advP_HC_op_nomm_43 - my_run - INFO - Recent Stats | t_env:    3100000 | Episode:    15500
ep_length_mean:          200.0000	episode_length_mean:     199.0000	epsilon:                   0.0500	grad_norm:               195.7606
info_nce_loss:             0.1626	loss:                      1.4374	q_loss:                    1.3067	return_mean:              78.9461
return_std:               10.7193	test_ep_length_mean:     200.0000	test_episode_length_mean:199.0000	test_return_mean:         88.7219
test_return_std:          11.8663	
2026-08-01 12:40:25,534 - my_experiment - advP_HC_op_nomm_43 - my_run - INFO - t_env: 3100200 / 5050000
2026-08-01 12:40:25,535 - my_experiment - advP_HC_op_nomm_43 - my_run - INFO - Estimated time left: 11 hours, 13 minutes, 47 seconds. Time passed: 17 hours, 51 minutes, 56 seconds
2026-08-01 12:57:38,602 - my_experiment - advP_HC_op_nomm_43 - my_run - INFO - Recent Stats | t_env:    3150000 | Episode:    15750
ep_length_mean:          200.0000	episode_length_mean:     199.0000	epsilon:                   0.0500	grad_norm:               325.7579
info_nce_loss:             0.1121	loss:                      1.9767	q_loss:                    1.7970	return_mean:              77.9913
return_std:               11.2588	test_ep_length_mean:     200.0000	test_episode_length_mean:199.0000	test_return_mean:         90.6332
test_return_std:          12.2845	
2026-08-01 12:57:41,880 - my_experiment - advP_HC_op_nomm_43 - my_run - INFO - t_env: 3150200 / 5050000
2026-08-01 12:57:41,881 - my_experiment - advP_HC_op_nomm_43 - my_run - INFO - Estimated time left: 10 hours, 56 minutes, 16 seconds. Time passed: 18 hours, 9 minutes, 12 seconds
2026-08-01 13:14:55,410 - my_experiment - advP_HC_op_nomm_43 - my_run - INFO - Recent Stats | t_env:    3200000 | Episode:    16000
ep_length_mean:          200.0000	episode_length_mean:     199.0000	epsilon:                   0.0500	grad_norm:               219.4569
info_nce_loss:             0.0754	loss:                      1.5261	q_loss:                    1.3874	return_mean:              77.6736
return_std:               10.6329	test_ep_length_mean:     200.0000	test_episode_length_mean:199.0000	test_return_mean:         91.5160
test_return_std:          12.2148	
2026-08-01 13:14:58,706 - my_experiment - advP_HC_op_nomm_43 - my_run - INFO - t_env: 3200200 / 5050000
2026-08-01 13:14:58,707 - my_experiment - advP_HC_op_nomm_43 - my_run - INFO - Estimated time left: 10 hours, 39 minutes, 18 seconds. Time passed: 18 hours, 26 minutes, 29 seconds
2026-08-01 13:18:48,102 - my_experiment - advP_HC_op_nomm_43 - my_run - INFO - Saving models to work_dirs/my_experiment/advP_HC_op_nomm_43/my_run/20260731_184756/models/3200200
2026-08-01 13:32:13,009 - my_experiment - advP_HC_op_nomm_43 - my_run - INFO - Recent Stats | t_env:    3250000 | Episode:    16250
ep_length_mean:          200.0000	episode_length_mean:     199.0000	epsilon:                   0.0500	grad_norm:               224.5407
info_nce_loss:             0.1271	loss:                      1.6605	q_loss:                    1.5096	return_mean:              78.8879
return_std:               10.7779	test_ep_length_mean:     200.0000	test_episode_length_mean:199.0000	test_return_mean:         91.2287
test_return_std:          12.2409	
2026-08-01 13:32:16,296 - my_experiment - advP_HC_op_nomm_43 - my_run - INFO - t_env: 3250200 / 5050000
2026-08-01 13:32:16,297 - my_experiment - advP_HC_op_nomm_43 - my_run - INFO - Estimated time left: 10 hours, 22 minutes, 29 seconds. Time passed: 18 hours, 43 minutes, 46 seconds
2026-08-01 13:49:29,874 - my_experiment - advP_HC_op_nomm_43 - my_run - INFO - Recent Stats | t_env:    3300000 | Episode:    16500
ep_length_mean:          200.0000	episode_length_mean:     199.0000	epsilon:                   0.0500	grad_norm:               271.6729
info_nce_loss:             0.0798	loss:                      1.9153	q_loss:                    1.7412	return_mean:              77.3796
return_std:               10.5572	test_ep_length_mean:     200.0000	test_episode_length_mean:199.0000	test_return_mean:         91.0114
test_return_std:          12.4514	
2026-08-01 13:49:33,114 - my_experiment - advP_HC_op_nomm_43 - my_run - INFO - t_env: 3300200 / 5050000
2026-08-01 13:49:33,115 - my_experiment - advP_HC_op_nomm_43 - my_run - INFO - Estimated time left: 10 hours, 4 minutes, 44 seconds. Time passed: 19 hours, 1 minutes, 3 seconds
2026-08-01 14:06:47,230 - my_experiment - advP_HC_op_nomm_43 - my_run - INFO - Recent Stats | t_env:    3350000 | Episode:    16750
ep_length_mean:          200.0000	episode_length_mean:     199.0000	epsilon:                   0.0500	grad_norm:               233.4989
info_nce_loss:             0.1683	loss:                      1.6438	q_loss:                    1.4944	return_mean:              77.4588
return_std:               10.7396	test_ep_length_mean:     200.0000	test_episode_length_mean:199.0000	test_return_mean:         91.7924
test_return_std:          12.3052	
2026-08-01 14:06:50,484 - my_experiment - advP_HC_op_nomm_43 - my_run - INFO - t_env: 3350200 / 5050000
2026-08-01 14:06:50,485 - my_experiment - advP_HC_op_nomm_43 - my_run - INFO - Estimated time left: 9 hours, 47 minutes, 46 seconds. Time passed: 19 hours, 18 minutes, 21 seconds
2026-08-01 14:24:04,609 - my_experiment - advP_HC_op_nomm_43 - my_run - INFO - Recent Stats | t_env:    3400000 | Episode:    17000
ep_length_mean:          200.0000	episode_length_mean:     199.0000	epsilon:                   0.0500	grad_norm:               247.1339
info_nce_loss:             0.2602	loss:                      1.7336	q_loss:                    1.5760	return_mean:              78.1504
return_std:               10.9926	test_ep_length_mean:     200.0000	test_episode_length_mean:199.0000	test_return_mean:         91.3039
test_return_std:          12.3872	
2026-08-01 14:24:07,853 - my_experiment - advP_HC_op_nomm_43 - my_run - INFO - t_env: 3400200 / 5050000
2026-08-01 14:24:07,854 - my_experiment - advP_HC_op_nomm_43 - my_run - INFO - Estimated time left: 9 hours, 30 minutes, 29 seconds. Time passed: 19 hours, 35 minutes, 38 seconds
2026-08-01 14:27:55,998 - my_experiment - advP_HC_op_nomm_43 - my_run - INFO - Saving models to work_dirs/my_experiment/advP_HC_op_nomm_43/my_run/20260731_184756/models/3400200
2026-08-01 14:41:20,877 - my_experiment - advP_HC_op_nomm_43 - my_run - INFO - Recent Stats | t_env:    3450000 | Episode:    17250
ep_length_mean:          200.0000	episode_length_mean:     199.0000	epsilon:                   0.0500	grad_norm:               193.3339
info_nce_loss:             0.2600	loss:                      1.6295	q_loss:                    1.4813	return_mean:              79.8469
return_std:               11.7954	test_ep_length_mean:     200.0000	test_episode_length_mean:199.0000	test_return_mean:         91.2002
test_return_std:          12.6008	
2026-08-01 14:41:24,131 - my_experiment - advP_HC_op_nomm_43 - my_run - INFO - t_env: 3450200 / 5050000
2026-08-01 14:41:24,132 - my_experiment - advP_HC_op_nomm_43 - my_run - INFO - Estimated time left: 9 hours, 12 minutes, 36 seconds. Time passed: 19 hours, 52 minutes, 54 seconds
2026-08-01 14:58:38,003 - my_experiment - advP_HC_op_nomm_43 - my_run - INFO - Recent Stats | t_env:    3500000 | Episode:    17500
ep_length_mean:          200.0000	episode_length_mean:     199.0000	epsilon:                   0.0500	grad_norm:               250.0894
info_nce_loss:             0.2122	loss:                      1.7958	q_loss:                    1.6326	return_mean:              79.4228
return_std:               10.0966	test_ep_length_mean:     200.0000	test_episode_length_mean:199.0000	test_return_mean:         90.9513
test_return_std:          12.0496	
2026-08-01 14:58:41,242 - my_experiment - advP_HC_op_nomm_43 - my_run - INFO - t_env: 3500200 / 5050000
2026-08-01 14:58:41,244 - my_experiment - advP_HC_op_nomm_43 - my_run - INFO - Estimated time left: 8 hours, 55 minutes, 46 seconds. Time passed: 20 hours, 10 minutes, 11 seconds
2026-08-01 15:15:54,716 - my_experiment - advP_HC_op_nomm_43 - my_run - INFO - Recent Stats | t_env:    3550000 | Episode:    17750
ep_length_mean:          200.0000	episode_length_mean:     199.0000	epsilon:                   0.0500	grad_norm:               279.4988
info_nce_loss:             0.1186	loss:                      1.8955	q_loss:                    1.7232	return_mean:              80.1908
return_std:               10.2463	test_ep_length_mean:     200.0000	test_episode_length_mean:199.0000	test_return_mean:         92.5851
test_return_std:          12.1579	
2026-08-01 15:15:57,969 - my_experiment - advP_HC_op_nomm_43 - my_run - INFO - t_env: 3550200 / 5050000
2026-08-01 15:15:57,970 - my_experiment - advP_HC_op_nomm_43 - my_run - INFO - Estimated time left: 8 hours, 38 minutes, 17 seconds. Time passed: 20 hours, 27 minutes, 28 seconds
2026-08-01 15:33:11,242 - my_experiment - advP_HC_op_nomm_43 - my_run - INFO - Recent Stats | t_env:    3600000 | Episode:    18000
ep_length_mean:          200.0000	episode_length_mean:     199.0000	epsilon:                   0.0500	grad_norm:               254.8747
info_nce_loss:             0.2972	loss:                      1.8224	q_loss:                    1.6567	return_mean:              79.6432
return_std:               10.9208	test_ep_length_mean:     200.0000	test_episode_length_mean:199.0000	test_return_mean:         92.7274
test_return_std:          12.5246	
2026-08-01 15:33:14,464 - my_experiment - advP_HC_op_nomm_43 - my_run - INFO - t_env: 3600200 / 5050000
2026-08-01 15:33:14,465 - my_experiment - advP_HC_op_nomm_43 - my_run - INFO - Estimated time left: 8 hours, 20 minutes, 54 seconds. Time passed: 20 hours, 44 minutes, 45 seconds
2026-08-01 15:37:05,178 - my_experiment - advP_HC_op_nomm_43 - my_run - INFO - Saving models to work_dirs/my_experiment/advP_HC_op_nomm_43/my_run/20260731_184756/models/3600200
2026-08-01 15:50:34,361 - my_experiment - advP_HC_op_nomm_43 - my_run - INFO - Recent Stats | t_env:    3650000 | Episode:    18250
ep_length_mean:          200.0000	episode_length_mean:     199.0000	epsilon:                   0.0500	grad_norm:               176.2060
info_nce_loss:             0.2400	loss:                      1.7552	q_loss:                    1.5957	return_mean:              79.8380
return_std:               11.5904	test_ep_length_mean:     200.0000	test_episode_length_mean:199.0000	test_return_mean:         93.3827
test_return_std:          12.2042	
2026-08-01 15:50:37,601 - my_experiment - advP_HC_op_nomm_43 - my_run - INFO - t_env: 3650200 / 5050000
2026-08-01 15:50:37,602 - my_experiment - advP_HC_op_nomm_43 - my_run - INFO - Estimated time left: 8 hours, 6 minutes, 43 seconds. Time passed: 21 hours, 2 minutes, 8 seconds
2026-08-01 16:07:50,914 - my_experiment - advP_HC_op_nomm_43 - my_run - INFO - Recent Stats | t_env:    3700000 | Episode:    18500
ep_length_mean:          200.0000	episode_length_mean:     199.0000	epsilon:                   0.0500	grad_norm:               276.8755
info_nce_loss:             0.1182	loss:                      2.1709	q_loss:                    1.9735	return_mean:              81.1039
return_std:               10.1425	test_ep_length_mean:     200.0000	test_episode_length_mean:199.0000	test_return_mean:         93.6324
test_return_std:          11.8892	
2026-08-01 16:07:54,207 - my_experiment - advP_HC_op_nomm_43 - my_run - INFO - t_env: 3700200 / 5050000
2026-08-01 16:07:54,208 - my_experiment - advP_HC_op_nomm_43 - my_run - INFO - Estimated time left: 7 hours, 46 minutes, 24 seconds. Time passed: 21 hours, 19 minutes, 24 seconds
2026-08-01 16:25:07,430 - my_experiment - advP_HC_op_nomm_43 - my_run - INFO - Recent Stats | t_env:    3750000 | Episode:    18750
ep_length_mean:          200.0000	episode_length_mean:     199.0000	epsilon:                   0.0500	grad_norm:               296.3498
info_nce_loss:             0.1672	loss:                      2.0203	q_loss:                    1.8366	return_mean:              79.5806
return_std:               11.2136	test_ep_length_mean:     200.0000	test_episode_length_mean:199.0000	test_return_mean:         94.7145
test_return_std:          12.0612	
2026-08-01 16:25:10,715 - my_experiment - advP_HC_op_nomm_43 - my_run - INFO - t_env: 3750200 / 5050000
2026-08-01 16:25:10,716 - my_experiment - advP_HC_op_nomm_43 - my_run - INFO - Estimated time left: 7 hours, 29 minutes, 5 seconds. Time passed: 21 hours, 36 minutes, 41 seconds
2026-08-01 16:42:23,555 - my_experiment - advP_HC_op_nomm_43 - my_run - INFO - Recent Stats | t_env:    3800000 | Episode:    19000
ep_length_mean:          200.0000	episode_length_mean:     199.0000	epsilon:                   0.0500	grad_norm:               277.2127
info_nce_loss:             0.2728	loss:                      1.9614	q_loss:                    1.7831	return_mean:              82.0741
return_std:               10.5274	test_ep_length_mean:     200.0000	test_episode_length_mean:199.0000	test_return_mean:         95.7213
test_return_std:          11.9313	
2026-08-01 16:42:26,793 - my_experiment - advP_HC_op_nomm_43 - my_run - INFO - t_env: 3800200 / 5050000
2026-08-01 16:42:26,794 - my_experiment - advP_HC_op_nomm_43 - my_run - INFO - Estimated time left: 7 hours, 11 minutes, 37 seconds. Time passed: 21 hours, 53 minutes, 57 seconds
2026-08-01 16:46:15,418 - my_experiment - advP_HC_op_nomm_43 - my_run - INFO - Saving models to work_dirs/my_experiment/advP_HC_op_nomm_43/my_run/20260731_184756/models/3800200
2026-08-01 16:59:40,183 - my_experiment - advP_HC_op_nomm_43 - my_run - INFO - Recent Stats | t_env:    3850000 | Episode:    19250
ep_length_mean:          200.0000	episode_length_mean:     199.0000	epsilon:                   0.0500	grad_norm:               267.6612
info_nce_loss:             0.2139	loss:                      2.0518	q_loss:                    1.8653	return_mean:              80.2424
return_std:               11.0290	test_ep_length_mean:     200.0000	test_episode_length_mean:199.0000	test_return_mean:         95.2339
test_return_std:          11.9070	
2026-08-01 16:59:43,408 - my_experiment - advP_HC_op_nomm_43 - my_run - INFO - t_env: 3850200 / 5050000
2026-08-01 16:59:43,409 - my_experiment - advP_HC_op_nomm_43 - my_run - INFO - Estimated time left: 6 hours, 54 minutes, 34 seconds. Time passed: 22 hours, 11 minutes, 14 seconds
2026-08-01 17:16:56,659 - my_experiment - advP_HC_op_nomm_43 - my_run - INFO - Recent Stats | t_env:    3900000 | Episode:    19500
ep_length_mean:          200.0000	episode_length_mean:     199.0000	epsilon:                   0.0500	grad_norm:               306.6656
info_nce_loss:             0.2467	loss:                      2.2369	q_loss:                    2.0335	return_mean:              78.6340
return_std:               11.2110	test_ep_length_mean:     200.0000	test_episode_length_mean:199.0000	test_return_mean:         95.1385
test_return_std:          11.7754	
2026-08-01 17:16:59,899 - my_experiment - advP_HC_op_nomm_43 - my_run - INFO - t_env: 3900200 / 5050000
2026-08-01 17:16:59,900 - my_experiment - advP_HC_op_nomm_43 - my_run - INFO - Estimated time left: 6 hours, 37 minutes, 15 seconds. Time passed: 22 hours, 28 minutes, 30 seconds
2026-08-01 17:34:27,405 - my_experiment - advP_HC_op_nomm_43 - my_run - INFO - Recent Stats | t_env:    3950000 | Episode:    19750
ep_length_mean:          200.0000	episode_length_mean:     199.0000	epsilon:                   0.0500	grad_norm:               286.3074
info_nce_loss:             0.1295	loss:                      2.2440	q_loss:                    2.0400	return_mean:              79.3616
return_std:               10.6109	test_ep_length_mean:     200.0000	test_episode_length_mean:199.0000	test_return_mean:         95.7328
test_return_std:          11.7430	
2026-08-01 17:34:30,636 - my_experiment - advP_HC_op_nomm_43 - my_run - INFO - t_env: 3950200 / 5050000
2026-08-01 17:34:30,637 - my_experiment - advP_HC_op_nomm_43 - my_run - INFO - Estimated time left: 6 hours, 25 minutes, 12 seconds. Time passed: 22 hours, 46 minutes, 1 seconds
2026-08-01 17:51:44,174 - my_experiment - advP_HC_op_nomm_43 - my_run - INFO - Recent Stats | t_env:    4000000 | Episode:    20000
ep_length_mean:          200.0000	episode_length_mean:     199.0000	epsilon:                   0.0500	grad_norm:               253.8382
info_nce_loss:             0.0904	loss:                      2.1885	q_loss:                    1.9895	return_mean:              78.8013
return_std:               10.7682	test_ep_length_mean:     200.0000	test_episode_length_mean:199.0000	test_return_mean:         95.5615
test_return_std:          11.7594	
2026-08-01 17:51:47,519 - my_experiment - advP_HC_op_nomm_43 - my_run - INFO - t_env: 4000200 / 5050000
2026-08-01 17:51:47,521 - my_experiment - advP_HC_op_nomm_43 - my_run - INFO - Estimated time left: 6 hours, 2 minutes, 50 seconds. Time passed: 23 hours, 3 minutes, 18 seconds
2026-08-01 17:55:35,906 - my_experiment - advP_HC_op_nomm_43 - my_run - INFO - Saving models to work_dirs/my_experiment/advP_HC_op_nomm_43/my_run/20260731_184756/models/4000200
2026-08-01 18:09:00,581 - my_experiment - advP_HC_op_nomm_43 - my_run - INFO - Recent Stats | t_env:    4050000 | Episode:    20250
ep_length_mean:          200.0000	episode_length_mean:     199.0000	epsilon:                   0.0500	grad_norm:               231.0868
info_nce_loss:             0.1054	loss:                      2.4200	q_loss:                    2.2000	return_mean:              76.1707
return_std:               10.6982	test_ep_length_mean:     200.0000	test_episode_length_mean:199.0000	test_return_mean:         93.5068
test_return_std:          11.5256	
2026-08-01 18:09:03,839 - my_experiment - advP_HC_op_nomm_43 - my_run - INFO - t_env: 4050200 / 5050000
2026-08-01 18:09:03,840 - my_experiment - advP_HC_op_nomm_43 - my_run - INFO - Estimated time left: 5 hours, 45 minutes, 22 seconds. Time passed: 23 hours, 20 minutes, 34 seconds
2026-08-01 18:26:17,604 - my_experiment - advP_HC_op_nomm_43 - my_run - INFO - Recent Stats | t_env:    4100000 | Episode:    20500
ep_length_mean:          200.0000	episode_length_mean:     199.0000	epsilon:                   0.0500	grad_norm:               308.4517
info_nce_loss:             0.1411	loss:                      2.3104	q_loss:                    2.1004	return_mean:              77.0855
return_std:                9.9994	test_ep_length_mean:     200.0000	test_episode_length_mean:199.0000	test_return_mean:         92.5846
test_return_std:          11.4531	
2026-08-01 18:26:20,837 - my_experiment - advP_HC_op_nomm_43 - my_run - INFO - t_env: 4100200 / 5050000
2026-08-01 18:26:20,838 - my_experiment - advP_HC_op_nomm_43 - my_run - INFO - Estimated time left: 5 hours, 28 minutes, 18 seconds. Time passed: 23 hours, 37 minutes, 51 seconds
2026-08-01 18:43:33,999 - my_experiment - advP_HC_op_nomm_43 - my_run - INFO - Recent Stats | t_env:    4150000 | Episode:    20750
ep_length_mean:          200.0000	episode_length_mean:     199.0000	epsilon:                   0.0500	grad_norm:               255.7259
info_nce_loss:             0.1385	loss:                      2.3405	q_loss:                    2.1278	return_mean:              76.8252
return_std:               10.1763	test_ep_length_mean:     200.0000	test_episode_length_mean:199.0000	test_return_mean:         91.1175
test_return_std:          11.4917	
2026-08-01 18:43:37,234 - my_experiment - advP_HC_op_nomm_43 - my_run - INFO - t_env: 4150200 / 5050000
2026-08-01 18:43:37,235 - my_experiment - advP_HC_op_nomm_43 - my_run - INFO - Estimated time left: 5 hours, 10 minutes, 50 seconds. Time passed: 23 hours, 55 minutes, 7 seconds
2026-08-01 19:00:50,271 - my_experiment - advP_HC_op_nomm_43 - my_run - INFO - Recent Stats | t_env:    4200000 | Episode:    21000
ep_length_mean:          200.0000	episode_length_mean:     199.0000	epsilon:                   0.0500	grad_norm:               339.2783
info_nce_loss:             0.1666	loss:                      2.9756	q_loss:                    2.7051	return_mean:              77.7610
return_std:               10.4570	test_ep_length_mean:     200.0000	test_episode_length_mean:199.0000	test_return_mean:         89.9300
test_return_std:          11.5985	
2026-08-01 19:00:53,513 - my_experiment - advP_HC_op_nomm_43 - my_run - INFO - t_env: 4200200 / 5050000
2026-08-01 19:00:53,514 - my_experiment - advP_HC_op_nomm_43 - my_run - INFO - Estimated time left: 4 hours, 53 minutes, 32 seconds. Time passed: 1 days, 12 minutes, 24 seconds
2026-08-01 19:04:41,973 - my_experiment - advP_HC_op_nomm_43 - my_run - INFO - Saving models to work_dirs/my_experiment/advP_HC_op_nomm_43/my_run/20260731_184756/models/4200200
2026-08-01 19:18:07,278 - my_experiment - advP_HC_op_nomm_43 - my_run - INFO - Recent Stats | t_env:    4250000 | Episode:    21250
ep_length_mean:          200.0000	episode_length_mean:     199.0000	epsilon:                   0.0500	grad_norm:               397.7420
info_nce_loss:             0.1025	loss:                      3.2703	q_loss:                    2.9730	return_mean:              75.6118
return_std:               10.7021	test_ep_length_mean:     200.0000	test_episode_length_mean:199.0000	test_return_mean:         88.9784
test_return_std:          11.7621	
2026-08-01 19:18:10,504 - my_experiment - advP_HC_op_nomm_43 - my_run - INFO - t_env: 4250200 / 5050000
2026-08-01 19:18:10,505 - my_experiment - advP_HC_op_nomm_43 - my_run - INFO - Estimated time left: 4 hours, 36 minutes, 27 seconds. Time passed: 1 days, 29 minutes, 41 seconds
2026-08-01 19:35:23,625 - my_experiment - advP_HC_op_nomm_43 - my_run - INFO - Recent Stats | t_env:    4300000 | Episode:    21500
ep_length_mean:          200.0000	episode_length_mean:     199.0000	epsilon:                   0.0500	grad_norm:               315.6398
info_nce_loss:             0.1738	loss:                      2.5198	q_loss:                    2.2908	return_mean:              77.5383
return_std:               10.3242	test_ep_length_mean:     200.0000	test_episode_length_mean:199.0000	test_return_mean:         89.0836
test_return_std:          11.9235	
2026-08-01 19:35:26,873 - my_experiment - advP_HC_op_nomm_43 - my_run - INFO - t_env: 4300200 / 5050000
2026-08-01 19:35:26,874 - my_experiment - advP_HC_op_nomm_43 - my_run - INFO - Estimated time left: 4 hours, 19 minutes, 1 seconds. Time passed: 1 days, 46 minutes, 57 seconds
2026-08-01 19:52:40,573 - my_experiment - advP_HC_op_nomm_43 - my_run - INFO - Recent Stats | t_env:    4350000 | Episode:    21750
ep_length_mean:          200.0000	episode_length_mean:     199.0000	epsilon:                   0.0500	grad_norm:               321.8943
info_nce_loss:             0.1023	loss:                      2.5981	q_loss:                    2.3619	return_mean:              75.7236
return_std:               10.8959	test_ep_length_mean:     200.0000	test_episode_length_mean:199.0000	test_return_mean:         89.3785
test_return_std:          11.6150	
2026-08-01 19:52:43,810 - my_experiment - advP_HC_op_nomm_43 - my_run - INFO - t_env: 4350200 / 5050000
2026-08-01 19:52:43,811 - my_experiment - advP_HC_op_nomm_43 - my_run - INFO - Estimated time left: 4 hours, 1 minutes, 52 seconds. Time passed: 1 days, 1 hours, 4 minutes, 14 seconds
2026-08-01 20:09:57,332 - my_experiment - advP_HC_op_nomm_43 - my_run - INFO - Recent Stats | t_env:    4400000 | Episode:    22000
ep_length_mean:          200.0000	episode_length_mean:     199.0000	epsilon:                   0.0500	grad_norm:               378.5154
info_nce_loss:             0.1196	loss:                      2.7458	q_loss:                    2.4962	return_mean:              77.1700
return_std:               10.0265	test_ep_length_mean:     200.0000	test_episode_length_mean:199.0000	test_return_mean:         90.3368
test_return_std:          11.7708	
2026-08-01 20:10:00,575 - my_experiment - advP_HC_op_nomm_43 - my_run - INFO - t_env: 4400200 / 5050000
2026-08-01 20:10:00,577 - my_experiment - advP_HC_op_nomm_43 - my_run - INFO - Estimated time left: 3 hours, 44 minutes, 33 seconds. Time passed: 1 days, 1 hours, 21 minutes, 31 seconds
2026-08-01 20:13:49,008 - my_experiment - advP_HC_op_nomm_43 - my_run - INFO - Saving models to work_dirs/my_experiment/advP_HC_op_nomm_43/my_run/20260731_184756/models/4400200
2026-08-01 20:27:13,276 - my_experiment - advP_HC_op_nomm_43 - my_run - INFO - Recent Stats | t_env:    4450000 | Episode:    22250
ep_length_mean:          200.0000	episode_length_mean:     199.0000	epsilon:                   0.0500	grad_norm:               308.9198
info_nce_loss:             0.2695	loss:                      2.7209	q_loss:                    2.4735	return_mean:              75.8177
return_std:               10.4454	test_ep_length_mean:     200.0000	test_episode_length_mean:199.0000	test_return_mean:         90.9410
test_return_std:          11.9022	
2026-08-01 20:27:16,523 - my_experiment - advP_HC_op_nomm_43 - my_run - INFO - t_env: 4450200 / 5050000
2026-08-01 20:27:16,524 - my_experiment - advP_HC_op_nomm_43 - my_run - INFO - Estimated time left: 3 hours, 27 minutes, 7 seconds. Time passed: 1 days, 1 hours, 38 minutes, 47 seconds
2026-08-01 20:44:29,751 - my_experiment - advP_HC_op_nomm_43 - my_run - INFO - Recent Stats | t_env:    4500000 | Episode:    22500
ep_length_mean:          200.0000	episode_length_mean:     199.0000	epsilon:                   0.0500	grad_norm:               315.5648
info_nce_loss:             0.2974	loss:                      3.0741	q_loss:                    2.7946	return_mean:              75.9959
return_std:               10.0416	test_ep_length_mean:     200.0000	test_episode_length_mean:199.0000	test_return_mean:         91.0300
test_return_std:          11.7912	
2026-08-01 20:44:32,997 - my_experiment - advP_HC_op_nomm_43 - my_run - INFO - t_env: 4500200 / 5050000
2026-08-01 20:44:32,998 - my_experiment - advP_HC_op_nomm_43 - my_run - INFO - Estimated time left: 3 hours, 9 minutes, 57 seconds. Time passed: 1 days, 1 hours, 56 minutes, 3 seconds
2026-08-01 21:01:46,318 - my_experiment - advP_HC_op_nomm_43 - my_run - INFO - Recent Stats | t_env:    4550000 | Episode:    22750
ep_length_mean:          200.0000	episode_length_mean:     199.0000	epsilon:                   0.0500	grad_norm:               332.8931
info_nce_loss:             0.1799	loss:                      2.8188	q_loss:                    2.5625	return_mean:              75.7694
return_std:                9.9037	test_ep_length_mean:     200.0000	test_episode_length_mean:199.0000	test_return_mean:         91.0114
test_return_std:          11.9576	
2026-08-01 21:01:49,596 - my_experiment - advP_HC_op_nomm_43 - my_run - INFO - t_env: 4550200 / 5050000
2026-08-01 21:01:49,597 - my_experiment - advP_HC_op_nomm_43 - my_run - INFO - Estimated time left: 2 hours, 52 minutes, 41 seconds. Time passed: 1 days, 2 hours, 13 minutes, 20 seconds
2026-08-01 21:19:02,353 - my_experiment - advP_HC_op_nomm_43 - my_run - INFO - Recent Stats | t_env:    4600000 | Episode:    23000
ep_length_mean:          200.0000	episode_length_mean:     199.0000	epsilon:                   0.0500	grad_norm:               396.7552
info_nce_loss:             0.2167	loss:                      2.9038	q_loss:                    2.6399	return_mean:              77.1184
return_std:               10.3314	test_ep_length_mean:     200.0000	test_episode_length_mean:199.0000	test_return_mean:         91.7728
test_return_std:          12.4596	
2026-08-01 21:19:05,589 - my_experiment - advP_HC_op_nomm_43 - my_run - INFO - t_env: 4600200 / 5050000
2026-08-01 21:19:05,590 - my_experiment - advP_HC_op_nomm_43 - my_run - INFO - Estimated time left: 2 hours, 35 minutes, 19 seconds. Time passed: 1 days, 2 hours, 30 minutes, 36 seconds
2026-08-01 21:22:54,251 - my_experiment - advP_HC_op_nomm_43 - my_run - INFO - Saving models to work_dirs/my_experiment/advP_HC_op_nomm_43/my_run/20260731_184756/models/4600200
2026-08-01 21:36:18,757 - my_experiment - advP_HC_op_nomm_43 - my_run - INFO - Recent Stats | t_env:    4650000 | Episode:    23250
ep_length_mean:          200.0000	episode_length_mean:     199.0000	epsilon:                   0.0500	grad_norm:               344.3476
info_nce_loss:             0.1788	loss:                      2.8263	q_loss:                    2.5694	return_mean:              76.5145
return_std:               10.7572	test_ep_length_mean:     200.0000	test_episode_length_mean:199.0000	test_return_mean:         91.9860
test_return_std:          12.4591	
2026-08-01 21:36:21,983 - my_experiment - advP_HC_op_nomm_43 - my_run - INFO - t_env: 4650200 / 5050000
2026-08-01 21:36:21,984 - my_experiment - advP_HC_op_nomm_43 - my_run - INFO - Estimated time left: 2 hours, 18 minutes, 7 seconds. Time passed: 1 days, 2 hours, 47 minutes, 52 seconds
2026-08-01 21:53:34,546 - my_experiment - advP_HC_op_nomm_43 - my_run - INFO - Recent Stats | t_env:    4700000 | Episode:    23500
ep_length_mean:          200.0000	episode_length_mean:     199.0000	epsilon:                   0.0500	grad_norm:               373.0288
info_nce_loss:             0.1635	loss:                      2.8626	q_loss:                    2.6024	return_mean:              74.9984
return_std:               11.1023	test_ep_length_mean:     200.0000	test_episode_length_mean:199.0000	test_return_mean:         90.9954
test_return_std:          12.2656	
2026-08-01 21:53:37,785 - my_experiment - advP_HC_op_nomm_43 - my_run - INFO - t_env: 4700200 / 5050000
2026-08-01 21:53:37,787 - my_experiment - advP_HC_op_nomm_43 - my_run - INFO - Estimated time left: 2 hours, 46 seconds. Time passed: 1 days, 3 hours, 5 minutes, 8 seconds
2026-08-01 22:10:51,535 - my_experiment - advP_HC_op_nomm_43 - my_run - INFO - Recent Stats | t_env:    4750000 | Episode:    23750
ep_length_mean:          200.0000	episode_length_mean:     199.0000	epsilon:                   0.0500	grad_norm:               357.9604
info_nce_loss:             0.0882	loss:                      3.1758	q_loss:                    2.8871	return_mean:              75.5585
return_std:               11.0192	test_ep_length_mean:     200.0000	test_episode_length_mean:199.0000	test_return_mean:         91.3552
test_return_std:          12.5371	
2026-08-01 22:10:54,784 - my_experiment - advP_HC_op_nomm_43 - my_run - INFO - t_env: 4750200 / 5050000
2026-08-01 22:10:54,785 - my_experiment - advP_HC_op_nomm_43 - my_run - INFO - Estimated time left: 1 hours, 43 minutes, 37 seconds. Time passed: 1 days, 3 hours, 22 minutes, 25 seconds
2026-08-01 22:28:07,629 - my_experiment - advP_HC_op_nomm_43 - my_run - INFO - Recent Stats | t_env:    4800000 | Episode:    24000
ep_length_mean:          200.0000	episode_length_mean:     199.0000	epsilon:                   0.0500	grad_norm:               381.7985
info_nce_loss:             0.2020	loss:                      2.8290	q_loss:                    2.5718	return_mean:              76.9136
return_std:               10.1978	test_ep_length_mean:     200.0000	test_episode_length_mean:199.0000	test_return_mean:         92.3020
test_return_std:          12.5358	
2026-08-01 22:28:10,919 - my_experiment - advP_HC_op_nomm_43 - my_run - INFO - t_env: 4800200 / 5050000
2026-08-01 22:28:10,920 - my_experiment - advP_HC_op_nomm_43 - my_run - INFO - Estimated time left: 1 hours, 26 minutes, 16 seconds. Time passed: 1 days, 3 hours, 39 minutes, 41 seconds
2026-08-01 22:32:00,024 - my_experiment - advP_HC_op_nomm_43 - my_run - INFO - Saving models to work_dirs/my_experiment/advP_HC_op_nomm_43/my_run/20260731_184756/models/4800200
2026-08-01 22:45:24,852 - my_experiment - advP_HC_op_nomm_43 - my_run - INFO - Recent Stats | t_env:    4850000 | Episode:    24250
ep_length_mean:          200.0000	episode_length_mean:     199.0000	epsilon:                   0.0500	grad_norm:               283.8457
info_nce_loss:             0.0983	loss:                      2.9538	q_loss:                    2.6852	return_mean:              77.8895
return_std:               10.5611	test_ep_length_mean:     200.0000	test_episode_length_mean:199.0000	test_return_mean:         91.6909
test_return_std:          12.3666	
2026-08-01 22:45:28,143 - my_experiment - advP_HC_op_nomm_43 - my_run - INFO - t_env: 4850200 / 5050000
2026-08-01 22:45:28,144 - my_experiment - advP_HC_op_nomm_43 - my_run - INFO - Estimated time left: 1 hours, 9 minutes, 4 seconds. Time passed: 1 days, 3 hours, 56 minutes, 58 seconds
2026-08-01 23:02:41,461 - my_experiment - advP_HC_op_nomm_43 - my_run - INFO - Recent Stats | t_env:    4900000 | Episode:    24500
ep_length_mean:          200.0000	episode_length_mean:     199.0000	epsilon:                   0.0500	grad_norm:               360.6980
info_nce_loss:             0.1806	loss:                      2.9930	q_loss:                    2.7209	return_mean:              78.0451
return_std:               11.5610	test_ep_length_mean:     200.0000	test_episode_length_mean:199.0000	test_return_mean:         91.7675
test_return_std:          12.5198	
2026-08-01 23:02:44,691 - my_experiment - advP_HC_op_nomm_43 - my_run - INFO - t_env: 4900200 / 5050000
2026-08-01 23:02:44,692 - my_experiment - advP_HC_op_nomm_43 - my_run - INFO - Estimated time left: 51 minutes, 45 seconds. Time passed: 1 days, 4 hours, 14 minutes, 15 seconds
2026-08-01 23:19:58,770 - my_experiment - advP_HC_op_nomm_43 - my_run - INFO - Recent Stats | t_env:    4950000 | Episode:    24750
ep_length_mean:          200.0000	episode_length_mean:     199.0000	epsilon:                   0.0500	grad_norm:               410.3677
info_nce_loss:             0.1871	loss:                      3.3530	q_loss:                    3.0482	return_mean:              78.1056
return_std:               10.3193	test_ep_length_mean:     200.0000	test_episode_length_mean:199.0000	test_return_mean:         93.3475
test_return_std:          12.3301	
2026-08-01 23:20:02,018 - my_experiment - advP_HC_op_nomm_43 - my_run - INFO - t_env: 4950200 / 5050000
2026-08-01 23:20:02,019 - my_experiment - advP_HC_op_nomm_43 - my_run - INFO - Estimated time left: 34 minutes, 30 seconds. Time passed: 1 days, 4 hours, 31 minutes, 32 seconds
2026-08-01 23:37:15,963 - my_experiment - advP_HC_op_nomm_43 - my_run - INFO - Recent Stats | t_env:    5000000 | Episode:    25000
ep_length_mean:          200.0000	episode_length_mean:     199.0000	epsilon:                   0.0500	grad_norm:               403.3741
info_nce_loss:             0.2142	loss:                      3.1260	q_loss:                    2.8418	return_mean:              80.0834
return_std:               11.7025	test_ep_length_mean:     200.0000	test_episode_length_mean:199.0000	test_return_mean:         93.9098
test_return_std:          12.4071	
2026-08-01 23:37:19,208 - my_experiment - advP_HC_op_nomm_43 - my_run - INFO - t_env: 5000200 / 5050000
2026-08-01 23:37:19,209 - my_experiment - advP_HC_op_nomm_43 - my_run - INFO - Estimated time left: 17 minutes, 13 seconds. Time passed: 1 days, 4 hours, 48 minutes, 49 seconds
2026-08-01 23:41:07,601 - my_experiment - advP_HC_op_nomm_43 - my_run - INFO - Saving models to work_dirs/my_experiment/advP_HC_op_nomm_43/my_run/20260731_184756/models/5000200
2026-08-01 23:54:32,732 - my_experiment - advP_HC_op_nomm_43 - my_run - INFO - Recent Stats | t_env:    5050000 | Episode:    25250
ep_length_mean:          200.0000	episode_length_mean:     199.0000	epsilon:                   0.0500	grad_norm:               385.6191
info_nce_loss:             0.0856	loss:                      3.5018	q_loss:                    3.1835	return_mean:              80.9716
return_std:               10.3301	test_ep_length_mean:     200.0000	test_episode_length_mean:199.0000	test_return_mean:         93.9573
test_return_std:          12.0777	
2026-08-01 23:54:35,976 - my_experiment - advP_HC_op_nomm_43 - my_run - INFO - t_env: 5050200 / 5050000
2026-08-01 23:54:35,977 - my_experiment - advP_HC_op_nomm_43 - my_run - INFO - Estimated time left: -. Time passed: 1 days, 5 hours, 6 minutes, 6 seconds
2026-08-01 23:58:24,658 - my_experiment - advP_HC_op_nomm_43 - my_run - INFO - Finished Training
