JOB ID: 1911411
Running on node: artongpu07
Project Directory: /usr/itetnas04/data-scratch-01/pparsons/data/MyExpoComm
--------------------------------
Algorithm:   qmix_ExpoComm_one_peer_n7_cont
Environment: MAgent_AdvPursuit
Profile:     advP_ExpoComm_5M_44
--------------------------------
Conda activated: /usr/itetnas04/data-scratch-01/pparsons/data/conda_envs/ExpoComm
Starting Run...
Warning: Loaded 4 layers but model has 6 layers.
Exiting Main
Stopping all threads
Thread wandb-AsyncioManager-main is alive! Is daemon: True
Thread joined
Thread ChkStopThr is alive! Is daemon: True
Thread joined
Thread IntMsgThr is alive! Is daemon: True
Thread joined
Exiting script
[1;34mwandb[0m: 
[1;34mwandb[0m: 🚀 View run [33mmy_run-advP_ExpoComm_5M_44-20260425_111847[0m at: [34mhttps://wandb.ai/peterparsons02-eth-z-rich/my_experiment/runs/6f2ljf0b[0m
[1;34mwandb[0m: Find logs at: [1;35mwandb/run-20260425_111848-6f2ljf0b/logs[0m
Finished at: Sun Apr 26 10:29:06 CEST 2026
