JOB ID: 2147131
Running on node: tikgpu04
Project Directory: /usr/itetnas04/data-scratch-01/pparsons/data/MyExpoComm
--------------------------------
Algorithm:   HybridComm_one_peer
Environment: MAgent_AdvPursuit
Profile:     advP_B_HC_op_nomm_43
--------------------------------
Conda activated: /usr/itetnas04/data-scratch-01/pparsons/data/conda_envs/ExpoComm
Starting Run...
Warning: Loaded 4 layers but model has 6 layers.
Exiting Main
Stopping all threads
Thread wandb-AsyncioManager-main is alive! Is daemon: True
Thread joined
Thread ChkStopThr is alive! Is daemon: True
Thread joined
Thread IntMsgThr is alive! Is daemon: True
Thread joined
Exiting script
[1;34mwandb[0m: 
[1;34mwandb[0m: 🚀 View run [33mmy_run-advP_B_HC_op_nomm_43-20260803_011635[0m at: [34mhttps://wandb.ai/peterparsons02-eth-z-rich/my_experiment/runs/ea20onr6[0m
[1;34mwandb[0m: Find logs at: [1;35mwandb/run-20260803_011636-ea20onr6/logs[0m
Finished at: Tue Aug  4 14:16:10 CEST 2026
