Gym has been unmaintained since 2022 and does not support NumPy 2.0 amongst other critical functionality.
Please upgrade to Gymnasium, the maintained drop-in replacement of Gym, or contact the authors of your software and request that they upgrade.
Users of this version of Gym should be able to simply replace 'import gym' with 'import gymnasium as gym' in the vast majority of cases.
See the migration guide at https://gymnasium.farama.org/introduction/migration_guide/ for additional information.
src/main.py:81: DeprecationWarning: Using or importing the ABCs from 'collections' instead of from 'collections.abc' is deprecated since Python 3.3, and in 3.10 it will stop working
  if isinstance(v, collections.Mapping):
wandb: [wandb.login()] Loaded credentials for https://api.wandb.ai from /home/pparsons/.netrc.
wandb: Currently logged in as: peterparsons02 (peterparsons02-eth-z-rich) to https://api.wandb.ai. Use `wandb login --relogin` to force relogin
wandb: setting up run aolzveer
wandb: Tracking run with wandb version 0.24.1
wandb: Run data is saved locally in /usr/itetnas04/data-scratch-01/pparsons/data/MyExpoComm/wandb/run-20260801_191541-aolzveer
wandb: Run `wandb offline` to turn off syncing.
wandb: Syncing run my_run-advP_B_HC_op_nomm_42-20260801_191540
wandb: ⭐️ View project at https://wandb.ai/peterparsons02-eth-z-rich/my_experiment
wandb: 🚀 View run at https://wandb.ai/peterparsons02-eth-z-rich/my_experiment/runs/aolzveer
2026-08-01 19:15:42,419 - my_experiment - advP_B_HC_op_nomm_42 - my_run - INFO - Current directory: /usr/itetnas04/data-scratch-01/pparsons/data/MyExpoComm.
2026-08-01 19:15:42,419 - my_experiment - advP_B_HC_op_nomm_42 - my_run - INFO - Experiment Parameters:
2026-08-01 19:15:42,420 - my_experiment - advP_B_HC_op_nomm_42 - my_run - INFO - 

{   'action_selector': 'epsilon_greedy',
    'add_value_last_step': True,
    'agent': 'ExpoComm_one_peer_cont',
    'agent_output_type': 'q',
    'attention_dim': 32,
    'aux_coef': 0.1,
    'batch_size': 32,
    'batch_size_run': 1,
    'buffer_cpu_only': True,
    'buffer_size': 2000,
    'checkpoint_path': '',
    'double_q': True,
    'env': 'MAgent_AdvPursuit',
    'env_args': {   'global_reward': True,
                    'map_name': 'adversarial_pursuit_view8',
                    'map_size': 70,
                    'max_cycles': 200,
                    'minimap_mode': False,
                    'pretrained_ckpt': 'prey_params.pt',
                    'seed': 42},
    'epsilon_anneal_time': 1000000,
    'epsilon_finish': 0.05,
    'epsilon_start': 1.0,
    'evaluate': False,
    'evaluation_epsilon': 0.0,
    'exp_name': 'my_experiment',
    'gamma': 0.99,
    'global_reward': True,
    'grad_norm_clip': 10,
    'hidden_dim': 64,
    'hypergroup': None,
    'label': 'default_label',
    'learner': 'hybrid_comm_learner',
    'learner_log_interval': 10000,
    'load_step': 0,
    'local_results_path': 'results',
    'log_interval': 50000,
    'lr': 0.0005,
    'mac': 'ExpoComm_mac',
    'mixer': None,
    'name': 'advP_B_HC_op_nomm_42',
    'neg_num': 20,
    'obs_agent_id': True,
    'obs_individual_obs': False,
    'obs_last_action': True,
    'one_peer': True,
    'optim_alpha': 0.99,
    'optim_eps': 1e-05,
    'render': False,
    'repeat_id': 1,
    'run_name': 'my_run',
    'runner': 'episode',
    'runner_log_interval': 10000,
    'save_model': True,
    'save_model_interval': 500000,
    'save_replay': False,
    'seed': 42,
    'standardise_returns': False,
    'standardise_rewards': True,
    't_max': 5050000,
    'target_update_interval_or_tau': 200,
    'temperature': 0.07,
    'test_greedy': True,
    'test_interval': 50000,
    'test_nepisode': 16,
    'topk_neighbors': 7,
    'use_cuda': True,
    'use_rnn': True,
    'use_tensorboard': True,
    'work_dir': 'work_dirs/my_experiment/advP_B_HC_op_nomm_42/my_run/20260801_191540'}

/usr/itetnas04/data-scratch-01/pparsons/data/conda_envs/ExpoComm/lib/python3.8/site-packages/pettingzoo/utils/conversions.py:41: UserWarning: The `from_parallel` function is deprecated. Use the `parallel_to_aec` function instead.
  warnings.warn("The `from_parallel` function is deprecated. Use the `parallel_to_aec` function instead.")
/usr/itetnas04/data-scratch-01/pparsons/data/conda_envs/ExpoComm/lib/python3.8/site-packages/pettingzoo/utils/wrappers/base.py:44: UserWarning: The `observation_spaces` dictionary is deprecated. Use the `observation_space` function instead.
  warnings.warn("The `observation_spaces` dictionary is deprecated. Use the `observation_space` function instead.")
/usr/itetnas04/data-scratch-01/pparsons/data/conda_envs/ExpoComm/lib/python3.8/site-packages/pettingzoo/utils/conversions.py:36: UserWarning: The `to_parallel` function is deprecated. Use the `aec_to_parallel` function instead.
  warnings.warn("The `to_parallel` function is deprecated. Use the `aec_to_parallel` function instead.")
/usr/itetnas04/data-scratch-01/pparsons/data/conda_envs/ExpoComm/lib/python3.8/site-packages/pettingzoo/utils/conversions.py:80: UserWarning: The `action_spaces` dictionary is deprecated. Use the `action_space` function instead.
  warnings.warn("The `action_spaces` dictionary is deprecated. Use the `action_space` function instead.")
/usr/itetnas04/data-scratch-01/pparsons/data/conda_envs/ExpoComm/lib/python3.8/site-packages/pettingzoo/utils/wrappers/base.py:52: UserWarning: The `action_spaces` dictionary is deprecated. Use the `action_space` function instead.
  warnings.warn("The `action_spaces` dictionary is deprecated. Use the `action_space` function instead.")
/usr/itetnas04/data-scratch-01/pparsons/data/conda_envs/ExpoComm/lib/python3.8/site-packages/pettingzoo/utils/conversions.py:72: UserWarning: The `observation_spaces` dictionary is deprecated. Use the `observation_space` function instead.
  warnings.warn("The `observation_spaces` dictionary is deprecated. Use the `observation_space` function instead.")
2026-08-01 19:15:49,036 - my_experiment - advP_B_HC_op_nomm_42 - my_run - INFO - Beginning training for 5050000 timesteps
/usr/itetnas04/data-scratch-01/pparsons/data/MyExpoComm/src/envs/adv_pursuit_wrappers.py:247: UserWarning: To copy construct from a tensor, it is recommended to use sourceTensor.clone().detach() or sourceTensor.clone().detach().requires_grad_(True), rather than torch.tensor(sourceTensor).
  actions = th.tensor(actions, dtype=th.long)
2026-08-01 19:15:53,931 - my_experiment - advP_B_HC_op_nomm_42 - my_run - INFO - t_env: 200 / 5050000
2026-08-01 19:15:53,931 - my_experiment - advP_B_HC_op_nomm_42 - my_run - INFO - Estimated time left: 8 minutes, 12 seconds. Time passed: 4 seconds
2026-08-01 19:17:03,158 - my_experiment - advP_B_HC_op_nomm_42 - my_run - INFO - Saving models to work_dirs/my_experiment/advP_B_HC_op_nomm_42/my_run/20260801_191540/models/200
2026-08-01 19:38:06,579 - my_experiment - advP_B_HC_op_nomm_42 - my_run - INFO - Recent Stats | t_env:      50000 | Episode:      250
ep_length_mean:          200.0000	episode_length_mean:     199.0000	epsilon:                   0.9620	grad_norm:                 0.3645
info_nce_loss:             2.8000	loss:                      1.1038	q_loss:                    1.0034	return_mean:             -20.4886
return_std:                0.5269	test_ep_length_mean:     200.0000	test_episode_length_mean:199.0000	test_return_mean:        -34.9793
test_return_std:           3.5135	
2026-08-01 19:38:11,729 - my_experiment - advP_B_HC_op_nomm_42 - my_run - INFO - t_env: 50200 / 5050000
2026-08-01 19:38:11,731 - my_experiment - advP_B_HC_op_nomm_42 - my_run - INFO - Estimated time left: 1 days, 13 hours, 9 minutes, 34 seconds. Time passed: 22 minutes, 22 seconds
2026-08-01 20:00:51,483 - my_experiment - advP_B_HC_op_nomm_42 - my_run - INFO - Recent Stats | t_env:     100000 | Episode:      500
ep_length_mean:          200.0000	episode_length_mean:     199.0000	epsilon:                   0.9145	grad_norm:                 0.6715
info_nce_loss:             2.1452	loss:                      1.1050	q_loss:                    1.0046	return_mean:             -19.0541
return_std:                0.6722	test_ep_length_mean:     200.0000	test_episode_length_mean:199.0000	test_return_mean:        -17.4897
test_return_std:           1.7567	
2026-08-01 20:00:56,666 - my_experiment - advP_B_HC_op_nomm_42 - my_run - INFO - t_env: 100200 / 5050000
2026-08-01 20:00:56,668 - my_experiment - advP_B_HC_op_nomm_42 - my_run - INFO - Estimated time left: 1 days, 13 hours, 32 minutes, 3 seconds. Time passed: 45 minutes, 7 seconds
2026-08-01 20:23:36,909 - my_experiment - advP_B_HC_op_nomm_42 - my_run - INFO - Recent Stats | t_env:     150000 | Episode:      750
ep_length_mean:          200.0000	episode_length_mean:     199.0000	epsilon:                   0.8670	grad_norm:                10.6565
info_nce_loss:             1.4242	loss:                      1.2583	q_loss:                    1.1439	return_mean:             -17.0016
return_std:                0.7364	test_ep_length_mean:     200.0000	test_episode_length_mean:199.0000	test_return_mean:        -11.6219
test_return_std:           1.1946	
2026-08-01 20:23:42,082 - my_experiment - advP_B_HC_op_nomm_42 - my_run - INFO - t_env: 150200 / 5050000
2026-08-01 20:23:42,084 - my_experiment - advP_B_HC_op_nomm_42 - my_run - INFO - Estimated time left: 1 days, 13 hours, 10 minutes, 5 seconds. Time passed: 1 hours, 7 minutes, 53 seconds
2026-08-01 20:46:23,019 - my_experiment - advP_B_HC_op_nomm_42 - my_run - INFO - Recent Stats | t_env:     200000 | Episode:     1000
ep_length_mean:          200.0000	episode_length_mean:     199.0000	epsilon:                   0.8195	grad_norm:                 6.4132
info_nce_loss:             1.3404	loss:                      1.2753	q_loss:                    1.1594	return_mean:             -15.4553
return_std:                0.6925	test_ep_length_mean:     200.0000	test_episode_length_mean:199.0000	test_return_mean:         -8.6614
test_return_std:           0.9605	
2026-08-01 20:46:28,173 - my_experiment - advP_B_HC_op_nomm_42 - my_run - INFO - t_env: 200200 / 5050000
2026-08-01 20:46:28,175 - my_experiment - advP_B_HC_op_nomm_42 - my_run - INFO - Estimated time left: 1 days, 12 hours, 48 minutes, 25 seconds. Time passed: 1 hours, 30 minutes, 39 seconds
2026-08-01 21:09:00,586 - my_experiment - advP_B_HC_op_nomm_42 - my_run - INFO - Recent Stats | t_env:     250000 | Episode:     1250
ep_length_mean:          200.0000	episode_length_mean:     199.0000	epsilon:                   0.7720	grad_norm:                 5.8908
info_nce_loss:             0.2615	loss:                      1.4341	q_loss:                    1.3037	return_mean:             -13.8271
return_std:                0.7430	test_ep_length_mean:     200.0000	test_episode_length_mean:199.0000	test_return_mean:         -6.7634
test_return_std:           0.8697	
2026-08-01 21:09:05,713 - my_experiment - advP_B_HC_op_nomm_42 - my_run - INFO - t_env: 250200 / 5050000
2026-08-01 21:09:05,714 - my_experiment - advP_B_HC_op_nomm_42 - my_run - INFO - Estimated time left: 1 days, 12 hours, 11 minutes, 58 seconds. Time passed: 1 hours, 53 minutes, 16 seconds
2026-08-01 21:31:24,553 - my_experiment - advP_B_HC_op_nomm_42 - my_run - INFO - Recent Stats | t_env:     300000 | Episode:     1500
ep_length_mean:          200.0000	episode_length_mean:     199.0000	epsilon:                   0.7245	grad_norm:                 5.3134
info_nce_loss:             0.1413	loss:                      1.2471	q_loss:                    1.1337	return_mean:             -12.1319
return_std:                0.8633	test_ep_length_mean:     200.0000	test_episode_length_mean:199.0000	test_return_mean:         -0.8036
test_return_std:           0.9621	
2026-08-01 21:31:29,629 - my_experiment - advP_B_HC_op_nomm_42 - my_run - INFO - t_env: 300200 / 5050000
2026-08-01 21:31:29,631 - my_experiment - advP_B_HC_op_nomm_42 - my_run - INFO - Estimated time left: 1 days, 11 hours, 27 minutes, 46 seconds. Time passed: 2 hours, 15 minutes, 40 seconds
2026-08-01 21:53:44,335 - my_experiment - advP_B_HC_op_nomm_42 - my_run - INFO - Recent Stats | t_env:     350000 | Episode:     1750
ep_length_mean:          200.0000	episode_length_mean:     199.0000	epsilon:                   0.6770	grad_norm:                10.9353
info_nce_loss:             0.1280	loss:                      1.3656	q_loss:                    1.2415	return_mean:             -10.5058
return_std:                1.0311	test_ep_length_mean:     200.0000	test_episode_length_mean:199.0000	test_return_mean:         -1.2098
test_return_std:           1.8303	
2026-08-01 21:53:49,409 - my_experiment - advP_B_HC_op_nomm_42 - my_run - INFO - t_env: 350200 / 5050000
2026-08-01 21:53:49,411 - my_experiment - advP_B_HC_op_nomm_42 - my_run - INFO - Estimated time left: 1 days, 10 hours, 58 minutes, 53 seconds. Time passed: 2 hours, 38 minutes, 0 seconds
2026-08-01 22:16:04,466 - my_experiment - advP_B_HC_op_nomm_42 - my_run - INFO - Recent Stats | t_env:     400000 | Episode:     2000
ep_length_mean:          200.0000	episode_length_mean:     199.0000	epsilon:                   0.6295	grad_norm:                 9.1885
info_nce_loss:             0.1216	loss:                      1.5657	q_loss:                    1.4234	return_mean:              -8.5294
return_std:                1.4235	test_ep_length_mean:     200.0000	test_episode_length_mean:199.0000	test_return_mean:          1.2096
test_return_std:           2.4634	
2026-08-01 22:16:09,577 - my_experiment - advP_B_HC_op_nomm_42 - my_run - INFO - t_env: 400200 / 5050000
2026-08-01 22:16:09,579 - my_experiment - advP_B_HC_op_nomm_42 - my_run - INFO - Estimated time left: 1 days, 10 hours, 37 minutes, 10 seconds. Time passed: 3 hours, 20 seconds
2026-08-01 22:38:23,055 - my_experiment - advP_B_HC_op_nomm_42 - my_run - INFO - Recent Stats | t_env:     450000 | Episode:     2250
ep_length_mean:          200.0000	episode_length_mean:     199.0000	epsilon:                   0.5820	grad_norm:                28.1083
info_nce_loss:             0.1558	loss:                      2.0191	q_loss:                    1.8356	return_mean:              -6.8411
return_std:                1.6514	test_ep_length_mean:     200.0000	test_episode_length_mean:199.0000	test_return_mean:          2.8327
test_return_std:           3.5577	
2026-08-01 22:38:28,155 - my_experiment - advP_B_HC_op_nomm_42 - my_run - INFO - t_env: 450200 / 5050000
2026-08-01 22:38:28,157 - my_experiment - advP_B_HC_op_nomm_42 - my_run - INFO - Estimated time left: 1 days, 10 hours, 12 minutes, 23 seconds. Time passed: 3 hours, 22 minutes, 39 seconds
2026-08-01 23:00:42,616 - my_experiment - advP_B_HC_op_nomm_42 - my_run - INFO - Recent Stats | t_env:     500000 | Episode:     2500
ep_length_mean:          200.0000	episode_length_mean:     199.0000	epsilon:                   0.5345	grad_norm:                21.1851
info_nce_loss:             0.1203	loss:                      1.8252	q_loss:                    1.6593	return_mean:              -4.2863
return_std:                1.8878	test_ep_length_mean:     200.0000	test_episode_length_mean:199.0000	test_return_mean:          4.2036
test_return_std:           4.4213	
2026-08-01 23:00:47,699 - my_experiment - advP_B_HC_op_nomm_42 - my_run - INFO - t_env: 500200 / 5050000
2026-08-01 23:00:47,700 - my_experiment - advP_B_HC_op_nomm_42 - my_run - INFO - Estimated time left: 1 days, 9 hours, 51 minutes, 33 seconds. Time passed: 3 hours, 44 minutes, 58 seconds
2026-08-01 23:01:56,554 - my_experiment - advP_B_HC_op_nomm_42 - my_run - INFO - Saving models to work_dirs/my_experiment/advP_B_HC_op_nomm_42/my_run/20260801_191540/models/500200
2026-08-01 23:23:02,867 - my_experiment - advP_B_HC_op_nomm_42 - my_run - INFO - Recent Stats | t_env:     550000 | Episode:     2750
ep_length_mean:          200.0000	episode_length_mean:     199.0000	epsilon:                   0.4870	grad_norm:                31.7295
info_nce_loss:             0.0766	loss:                      2.1277	q_loss:                    1.9343	return_mean:              -1.9081
return_std:                2.1497	test_ep_length_mean:     200.0000	test_episode_length_mean:199.0000	test_return_mean:          6.8539
test_return_std:           4.8972	
2026-08-01 23:23:07,973 - my_experiment - advP_B_HC_op_nomm_42 - my_run - INFO - t_env: 550200 / 5050000
2026-08-01 23:23:07,974 - my_experiment - advP_B_HC_op_nomm_42 - my_run - INFO - Estimated time left: 1 days, 9 hours, 30 minutes, 19 seconds. Time passed: 4 hours, 7 minutes, 18 seconds
2026-08-01 23:45:22,767 - my_experiment - advP_B_HC_op_nomm_42 - my_run - INFO - Recent Stats | t_env:     600000 | Episode:     3000
ep_length_mean:          200.0000	episode_length_mean:     199.0000	epsilon:                   0.4395	grad_norm:                56.7759
info_nce_loss:             0.0225	loss:                      2.7271	q_loss:                    2.4792	return_mean:               0.2998
return_std:                2.4032	test_ep_length_mean:     200.0000	test_episode_length_mean:199.0000	test_return_mean:          9.9108
test_return_std:           5.0095	
2026-08-01 23:45:27,863 - my_experiment - advP_B_HC_op_nomm_42 - my_run - INFO - t_env: 600200 / 5050000
2026-08-01 23:45:27,865 - my_experiment - advP_B_HC_op_nomm_42 - my_run - INFO - Estimated time left: 1 days, 9 hours, 7 minutes, 24 seconds. Time passed: 4 hours, 29 minutes, 38 seconds
2026-08-02 00:07:43,170 - my_experiment - advP_B_HC_op_nomm_42 - my_run - INFO - Recent Stats | t_env:     650000 | Episode:     3250
ep_length_mean:          200.0000	episode_length_mean:     199.0000	epsilon:                   0.3920	grad_norm:                86.3611
info_nce_loss:             0.0302	loss:                      3.0162	q_loss:                    2.7420	return_mean:               2.5778
return_std:                2.7636	test_ep_length_mean:     200.0000	test_episode_length_mean:199.0000	test_return_mean:          9.9184
test_return_std:           5.4477	
2026-08-02 00:07:48,254 - my_experiment - advP_B_HC_op_nomm_42 - my_run - INFO - t_env: 650200 / 5050000
2026-08-02 00:07:48,256 - my_experiment - advP_B_HC_op_nomm_42 - my_run - INFO - Estimated time left: 1 days, 8 hours, 45 minutes, 48 seconds. Time passed: 4 hours, 51 minutes, 59 seconds
2026-08-02 00:30:03,084 - my_experiment - advP_B_HC_op_nomm_42 - my_run - INFO - Recent Stats | t_env:     700000 | Episode:     3500
ep_length_mean:          200.0000	episode_length_mean:     199.0000	epsilon:                   0.3445	grad_norm:               101.5691
info_nce_loss:             0.0067	loss:                      2.2551	q_loss:                    2.0501	return_mean:               4.9347
return_std:                3.0929	test_ep_length_mean:     200.0000	test_episode_length_mean:199.0000	test_return_mean:         10.6430
test_return_std:           5.7235	
2026-08-02 00:30:08,148 - my_experiment - advP_B_HC_op_nomm_42 - my_run - INFO - t_env: 700200 / 5050000
2026-08-02 00:30:08,149 - my_experiment - advP_B_HC_op_nomm_42 - my_run - INFO - Estimated time left: 1 days, 8 hours, 22 minutes, 45 seconds. Time passed: 5 hours, 14 minutes, 19 seconds
2026-08-02 00:52:23,081 - my_experiment - advP_B_HC_op_nomm_42 - my_run - INFO - Recent Stats | t_env:     750000 | Episode:     3750
ep_length_mean:          200.0000	episode_length_mean:     199.0000	epsilon:                   0.2970	grad_norm:               164.6285
info_nce_loss:             0.0191	loss:                      3.3345	q_loss:                    3.0314	return_mean:               7.1044
return_std:                3.2189	test_ep_length_mean:     200.0000	test_episode_length_mean:199.0000	test_return_mean:         11.1828
test_return_std:           5.9479	
2026-08-02 00:52:28,159 - my_experiment - advP_B_HC_op_nomm_42 - my_run - INFO - t_env: 750200 / 5050000
2026-08-02 00:52:28,161 - my_experiment - advP_B_HC_op_nomm_42 - my_run - INFO - Estimated time left: 1 days, 8 hours, 35 seconds. Time passed: 5 hours, 36 minutes, 39 seconds
2026-08-02 01:15:20,829 - my_experiment - advP_B_HC_op_nomm_42 - my_run - INFO - Recent Stats | t_env:     800000 | Episode:     4000
ep_length_mean:          200.0000	episode_length_mean:     199.0000	epsilon:                   0.2495	grad_norm:               216.0561
info_nce_loss:             0.0321	loss:                      2.9455	q_loss:                    2.6777	return_mean:               9.5358
return_std:                3.6639	test_ep_length_mean:     200.0000	test_episode_length_mean:199.0000	test_return_mean:         12.1718
test_return_std:           6.0262	
2026-08-02 01:15:26,128 - my_experiment - advP_B_HC_op_nomm_42 - my_run - INFO - t_env: 800200 / 5050000
2026-08-02 01:15:26,129 - my_experiment - advP_B_HC_op_nomm_42 - my_run - INFO - Estimated time left: 1 days, 8 hours, 32 minutes, 1 seconds. Time passed: 5 hours, 59 minutes, 37 seconds
2026-08-02 01:37:41,112 - my_experiment - advP_B_HC_op_nomm_42 - my_run - INFO - Recent Stats | t_env:     850000 | Episode:     4250
ep_length_mean:          200.0000	episode_length_mean:     199.0000	epsilon:                   0.2020	grad_norm:               316.1238
info_nce_loss:             0.0265	loss:                      3.5143	q_loss:                    3.1948	return_mean:              10.5111
return_std:                3.7238	test_ep_length_mean:     200.0000	test_episode_length_mean:199.0000	test_return_mean:         11.8230
test_return_std:           6.4200	
2026-08-02 01:37:46,201 - my_experiment - advP_B_HC_op_nomm_42 - my_run - INFO - t_env: 850200 / 5050000
2026-08-02 01:37:46,202 - my_experiment - advP_B_HC_op_nomm_42 - my_run - INFO - Estimated time left: 1 days, 7 hours, 16 minutes, 0 seconds. Time passed: 6 hours, 21 minutes, 57 seconds
2026-08-02 01:59:57,550 - my_experiment - advP_B_HC_op_nomm_42 - my_run - INFO - Recent Stats | t_env:     900000 | Episode:     4500
ep_length_mean:          200.0000	episode_length_mean:     199.0000	epsilon:                   0.1545	grad_norm:               372.4037
info_nce_loss:             0.0103	loss:                      2.6521	q_loss:                    2.4110	return_mean:              12.5559
return_std:                4.0334	test_ep_length_mean:     200.0000	test_episode_length_mean:199.0000	test_return_mean:         11.4716
test_return_std:           6.5780	
2026-08-02 02:00:02,668 - my_experiment - advP_B_HC_op_nomm_42 - my_run - INFO - t_env: 900200 / 5050000
2026-08-02 02:00:02,669 - my_experiment - advP_B_HC_op_nomm_42 - my_run - INFO - Estimated time left: 1 days, 6 hours, 48 minutes, 41 seconds. Time passed: 6 hours, 44 minutes, 13 seconds
2026-08-02 02:22:14,914 - my_experiment - advP_B_HC_op_nomm_42 - my_run - INFO - Recent Stats | t_env:     950000 | Episode:     4750
ep_length_mean:          200.0000	episode_length_mean:     199.0000	epsilon:                   0.1070	grad_norm:               359.9883
info_nce_loss:             0.0164	loss:                      2.0878	q_loss:                    1.8980	return_mean:              13.8947
return_std:                4.1800	test_ep_length_mean:     200.0000	test_episode_length_mean:199.0000	test_return_mean:         11.6926
test_return_std:           5.6672	
2026-08-02 02:22:19,992 - my_experiment - advP_B_HC_op_nomm_42 - my_run - INFO - t_env: 950200 / 5050000
2026-08-02 02:22:19,994 - my_experiment - advP_B_HC_op_nomm_42 - my_run - INFO - Estimated time left: 1 days, 6 hours, 27 minutes, 35 seconds. Time passed: 7 hours, 6 minutes, 30 seconds
2026-08-02 02:44:31,877 - my_experiment - advP_B_HC_op_nomm_42 - my_run - INFO - Recent Stats | t_env:    1000000 | Episode:     5000
ep_length_mean:          200.0000	episode_length_mean:     199.0000	epsilon:                   0.0595	grad_norm:               678.3990
info_nce_loss:             0.0192	loss:                      3.4686	q_loss:                    3.1533	return_mean:              14.8211
return_std:                5.1026	test_ep_length_mean:     200.0000	test_episode_length_mean:199.0000	test_return_mean:         11.8988
test_return_std:           5.5468	
2026-08-02 02:44:36,971 - my_experiment - advP_B_HC_op_nomm_42 - my_run - INFO - t_env: 1000200 / 5050000
2026-08-02 02:44:36,973 - my_experiment - advP_B_HC_op_nomm_42 - my_run - INFO - Estimated time left: 1 days, 6 hours, 4 minutes, 49 seconds. Time passed: 7 hours, 28 minutes, 47 seconds
2026-08-02 02:45:45,736 - my_experiment - advP_B_HC_op_nomm_42 - my_run - INFO - Saving models to work_dirs/my_experiment/advP_B_HC_op_nomm_42/my_run/20260801_191540/models/1000200
2026-08-02 03:06:47,469 - my_experiment - advP_B_HC_op_nomm_42 - my_run - INFO - Recent Stats | t_env:    1050000 | Episode:     5250
ep_length_mean:          200.0000	episode_length_mean:     199.0000	epsilon:                   0.0500	grad_norm:               467.2113
info_nce_loss:             0.0320	loss:                      2.7644	q_loss:                    2.5130	return_mean:              16.0658
return_std:                5.6239	test_ep_length_mean:     200.0000	test_episode_length_mean:199.0000	test_return_mean:         12.1463
test_return_std:           5.3563	
2026-08-02 03:06:52,569 - my_experiment - advP_B_HC_op_nomm_42 - my_run - INFO - t_env: 1050200 / 5050000
2026-08-02 03:06:52,570 - my_experiment - advP_B_HC_op_nomm_42 - my_run - INFO - Estimated time left: 1 days, 5 hours, 40 minutes, 42 seconds. Time passed: 7 hours, 51 minutes, 3 seconds
2026-08-02 03:29:05,268 - my_experiment - advP_B_HC_op_nomm_42 - my_run - INFO - Recent Stats | t_env:    1100000 | Episode:     5500
ep_length_mean:          200.0000	episode_length_mean:     199.0000	epsilon:                   0.0500	grad_norm:               360.0574
info_nce_loss:             0.0290	loss:                      2.5034	q_loss:                    2.2759	return_mean:              16.7642
return_std:                4.9485	test_ep_length_mean:     200.0000	test_episode_length_mean:199.0000	test_return_mean:         12.0858
test_return_std:           5.2085	
2026-08-02 03:29:10,331 - my_experiment - advP_B_HC_op_nomm_42 - my_run - INFO - t_env: 1100200 / 5050000
2026-08-02 03:29:10,332 - my_experiment - advP_B_HC_op_nomm_42 - my_run - INFO - Estimated time left: 1 days, 5 hours, 21 minutes, 17 seconds. Time passed: 8 hours, 13 minutes, 21 seconds
2026-08-02 03:51:23,866 - my_experiment - advP_B_HC_op_nomm_42 - my_run - INFO - Recent Stats | t_env:    1150000 | Episode:     5750
ep_length_mean:          200.0000	episode_length_mean:     199.0000	epsilon:                   0.0500	grad_norm:               334.4427
info_nce_loss:             0.0312	loss:                      1.8183	q_loss:                    1.6530	return_mean:              17.6465
return_std:                5.3897	test_ep_length_mean:     200.0000	test_episode_length_mean:199.0000	test_return_mean:         13.3492
test_return_std:           5.0808	
2026-08-02 03:51:28,935 - my_experiment - advP_B_HC_op_nomm_42 - my_run - INFO - t_env: 1150200 / 5050000
2026-08-02 03:51:28,936 - my_experiment - advP_B_HC_op_nomm_42 - my_run - INFO - Estimated time left: 1 days, 5 hours, 5 seconds. Time passed: 8 hours, 35 minutes, 39 seconds
2026-08-02 04:13:42,388 - my_experiment - advP_B_HC_op_nomm_42 - my_run - INFO - Recent Stats | t_env:    1200000 | Episode:     6000
ep_length_mean:          200.0000	episode_length_mean:     199.0000	epsilon:                   0.0500	grad_norm:               381.3531
info_nce_loss:             0.0083	loss:                      1.3210	q_loss:                    1.2009	return_mean:              16.6315
return_std:                4.7254	test_ep_length_mean:     200.0000	test_episode_length_mean:199.0000	test_return_mean:         13.8511
test_return_std:           5.8207	
2026-08-02 04:13:47,464 - my_experiment - advP_B_HC_op_nomm_42 - my_run - INFO - t_env: 1200200 / 5050000
2026-08-02 04:13:47,466 - my_experiment - advP_B_HC_op_nomm_42 - my_run - INFO - Estimated time left: 1 days, 4 hours, 37 minutes, 41 seconds. Time passed: 8 hours, 57 minutes, 58 seconds
2026-08-02 04:35:59,706 - my_experiment - advP_B_HC_op_nomm_42 - my_run - INFO - Recent Stats | t_env:    1250000 | Episode:     6250
ep_length_mean:          200.0000	episode_length_mean:     199.0000	epsilon:                   0.0500	grad_norm:               372.4097
info_nce_loss:             0.0206	loss:                      1.4484	q_loss:                    1.3168	return_mean:              17.4610
return_std:                4.7942	test_ep_length_mean:     200.0000	test_episode_length_mean:199.0000	test_return_mean:         14.4203
test_return_std:           5.6428	
2026-08-02 04:36:04,786 - my_experiment - advP_B_HC_op_nomm_42 - my_run - INFO - t_env: 1250200 / 5050000
2026-08-02 04:36:04,787 - my_experiment - advP_B_HC_op_nomm_42 - my_run - INFO - Estimated time left: 1 days, 4 hours, 13 minutes, 51 seconds. Time passed: 9 hours, 20 minutes, 15 seconds
2026-08-02 04:58:17,058 - my_experiment - advP_B_HC_op_nomm_42 - my_run - INFO - Recent Stats | t_env:    1300000 | Episode:     6500
ep_length_mean:          200.0000	episode_length_mean:     199.0000	epsilon:                   0.0500	grad_norm:               478.3357
info_nce_loss:             0.0103	loss:                      2.0579	q_loss:                    1.8708	return_mean:              17.5518
return_std:                5.1662	test_ep_length_mean:     200.0000	test_episode_length_mean:199.0000	test_return_mean:         14.4283
test_return_std:           5.9014	
2026-08-02 04:58:22,135 - my_experiment - advP_B_HC_op_nomm_42 - my_run - INFO - t_env: 1300200 / 5050000
2026-08-02 04:58:22,137 - my_experiment - advP_B_HC_op_nomm_42 - my_run - INFO - Estimated time left: 1 days, 3 hours, 51 minutes, 35 seconds. Time passed: 9 hours, 42 minutes, 33 seconds
2026-08-02 05:20:34,410 - my_experiment - advP_B_HC_op_nomm_42 - my_run - INFO - Recent Stats | t_env:    1350000 | Episode:     6750
ep_length_mean:          200.0000	episode_length_mean:     199.0000	epsilon:                   0.0500	grad_norm:               569.7669
info_nce_loss:             0.0400	loss:                      2.4161	q_loss:                    2.1964	return_mean:              18.1371
return_std:                5.3921	test_ep_length_mean:     200.0000	test_episode_length_mean:199.0000	test_return_mean:         15.4315
test_return_std:           5.6015	
2026-08-02 05:20:39,502 - my_experiment - advP_B_HC_op_nomm_42 - my_run - INFO - t_env: 1350200 / 5050000
2026-08-02 05:20:39,504 - my_experiment - advP_B_HC_op_nomm_42 - my_run - INFO - Estimated time left: 1 days, 3 hours, 29 minutes, 19 seconds. Time passed: 10 hours, 4 minutes, 50 seconds
2026-08-02 05:42:50,436 - my_experiment - advP_B_HC_op_nomm_42 - my_run - INFO - Recent Stats | t_env:    1400000 | Episode:     7000
ep_length_mean:          200.0000	episode_length_mean:     199.0000	epsilon:                   0.0500	grad_norm:               155.5767
info_nce_loss:             0.0223	loss:                      0.7608	q_loss:                    0.6917	return_mean:              22.1896
return_std:                6.6505	test_ep_length_mean:     200.0000	test_episode_length_mean:199.0000	test_return_mean:         15.7871
test_return_std:           5.7503	
2026-08-02 05:42:55,491 - my_experiment - advP_B_HC_op_nomm_42 - my_run - INFO - t_env: 1400200 / 5050000
2026-08-02 05:42:55,492 - my_experiment - advP_B_HC_op_nomm_42 - my_run - INFO - Estimated time left: 1 days, 3 hours, 5 minutes, 21 seconds. Time passed: 10 hours, 27 minutes, 6 seconds
2026-08-02 06:05:08,535 - my_experiment - advP_B_HC_op_nomm_42 - my_run - INFO - Recent Stats | t_env:    1450000 | Episode:     7250
ep_length_mean:          200.0000	episode_length_mean:     199.0000	epsilon:                   0.0500	grad_norm:               518.4183
info_nce_loss:             0.0187	loss:                      3.7074	q_loss:                    3.3704	return_mean:              28.9048
return_std:                8.7813	test_ep_length_mean:     200.0000	test_episode_length_mean:199.0000	test_return_mean:         16.1858
test_return_std:           5.5303	
2026-08-02 06:05:13,608 - my_experiment - advP_B_HC_op_nomm_42 - my_run - INFO - t_env: 1450200 / 5050000
2026-08-02 06:05:13,610 - my_experiment - advP_B_HC_op_nomm_42 - my_run - INFO - Estimated time left: 1 days, 2 hours, 45 minutes, 39 seconds. Time passed: 10 hours, 49 minutes, 24 seconds
2026-08-02 06:27:25,475 - my_experiment - advP_B_HC_op_nomm_42 - my_run - INFO - Recent Stats | t_env:    1500000 | Episode:     7500
ep_length_mean:          200.0000	episode_length_mean:     199.0000	epsilon:                   0.0500	grad_norm:               386.3622
info_nce_loss:             0.0094	loss:                      2.0066	q_loss:                    1.8241	return_mean:              33.5987
return_std:                7.2334	test_ep_length_mean:     200.0000	test_episode_length_mean:199.0000	test_return_mean:         21.1952
test_return_std:           6.0184	
2026-08-02 06:27:30,546 - my_experiment - advP_B_HC_op_nomm_42 - my_run - INFO - t_env: 1500200 / 5050000
2026-08-02 06:27:30,547 - my_experiment - advP_B_HC_op_nomm_42 - my_run - INFO - Estimated time left: 1 days, 2 hours, 21 minutes, 57 seconds. Time passed: 11 hours, 11 minutes, 41 seconds
2026-08-02 06:28:39,666 - my_experiment - advP_B_HC_op_nomm_42 - my_run - INFO - Saving models to work_dirs/my_experiment/advP_B_HC_op_nomm_42/my_run/20260801_191540/models/1500200
2026-08-02 06:49:41,866 - my_experiment - advP_B_HC_op_nomm_42 - my_run - INFO - Recent Stats | t_env:    1550000 | Episode:     7750
ep_length_mean:          200.0000	episode_length_mean:     199.0000	epsilon:                   0.0500	grad_norm:               486.3780
info_nce_loss:             0.0150	loss:                      2.3551	q_loss:                    2.1410	return_mean:              35.9708
return_std:                6.7775	test_ep_length_mean:     200.0000	test_episode_length_mean:199.0000	test_return_mean:         26.7790
test_return_std:           6.1519	
2026-08-02 06:49:46,934 - my_experiment - advP_B_HC_op_nomm_42 - my_run - INFO - t_env: 1550200 / 5050000
2026-08-02 06:49:47,313 - my_experiment - advP_B_HC_op_nomm_42 - my_run - INFO - Estimated time left: 1 days, 1 hours, 59 minutes, 28 seconds. Time passed: 11 hours, 33 minutes, 58 seconds
2026-08-02 07:11:58,484 - my_experiment - advP_B_HC_op_nomm_42 - my_run - INFO - Recent Stats | t_env:    1600000 | Episode:     8000
ep_length_mean:          200.0000	episode_length_mean:     199.0000	epsilon:                   0.0500	grad_norm:               270.2599
info_nce_loss:             0.0124	loss:                      1.2452	q_loss:                    1.1320	return_mean:              35.8021
return_std:                7.7509	test_ep_length_mean:     200.0000	test_episode_length_mean:199.0000	test_return_mean:         32.5049
test_return_std:           6.6751	
2026-08-02 07:12:03,561 - my_experiment - advP_B_HC_op_nomm_42 - my_run - INFO - t_env: 1600200 / 5050000
2026-08-02 07:12:03,562 - my_experiment - advP_B_HC_op_nomm_42 - my_run - INFO - Estimated time left: 1 days, 1 hours, 36 minutes, 35 seconds. Time passed: 11 hours, 56 minutes, 14 seconds
2026-08-02 07:34:16,138 - my_experiment - advP_B_HC_op_nomm_42 - my_run - INFO - Recent Stats | t_env:    1650000 | Episode:     8250
ep_length_mean:          200.0000	episode_length_mean:     199.0000	epsilon:                   0.0500	grad_norm:               349.9292
info_nce_loss:             0.0018	loss:                      1.9842	q_loss:                    1.8038	return_mean:              38.8655
return_std:                6.2728	test_ep_length_mean:     200.0000	test_episode_length_mean:199.0000	test_return_mean:         37.7050
test_return_std:           7.4706	
2026-08-02 07:34:21,238 - my_experiment - advP_B_HC_op_nomm_42 - my_run - INFO - t_env: 1650200 / 5050000
2026-08-02 07:34:21,239 - my_experiment - advP_B_HC_op_nomm_42 - my_run - INFO - Estimated time left: 1 days, 1 hours, 15 minutes, 56 seconds. Time passed: 12 hours, 18 minutes, 32 seconds
2026-08-02 07:56:33,346 - my_experiment - advP_B_HC_op_nomm_42 - my_run - INFO - Recent Stats | t_env:    1700000 | Episode:     8500
ep_length_mean:          200.0000	episode_length_mean:     199.0000	epsilon:                   0.0500	grad_norm:               322.0731
info_nce_loss:             0.0121	loss:                      1.7858	q_loss:                    1.6235	return_mean:              37.3796
return_std:                6.1104	test_ep_length_mean:     200.0000	test_episode_length_mean:199.0000	test_return_mean:         43.0026
test_return_std:           7.9476	
2026-08-02 07:56:38,423 - my_experiment - advP_B_HC_op_nomm_42 - my_run - INFO - t_env: 1700200 / 5050000
2026-08-02 07:56:38,424 - my_experiment - advP_B_HC_op_nomm_42 - my_run - INFO - Estimated time left: 1 days, 53 minutes, 5 seconds. Time passed: 12 hours, 40 minutes, 49 seconds
2026-08-02 08:18:51,654 - my_experiment - advP_B_HC_op_nomm_42 - my_run - INFO - Recent Stats | t_env:    1750000 | Episode:     8750
ep_length_mean:          200.0000	episode_length_mean:     199.0000	epsilon:                   0.0500	grad_norm:               329.7645
info_nce_loss:             0.0315	loss:                      1.7865	q_loss:                    1.6241	return_mean:              37.0035
return_std:                5.9680	test_ep_length_mean:     200.0000	test_episode_length_mean:199.0000	test_return_mean:         43.5784
test_return_std:           7.8535	
2026-08-02 08:18:56,962 - my_experiment - advP_B_HC_op_nomm_42 - my_run - INFO - t_env: 1750200 / 5050000
2026-08-02 08:18:56,963 - my_experiment - advP_B_HC_op_nomm_42 - my_run - INFO - Estimated time left: 1 days, 32 minutes, 18 seconds. Time passed: 13 hours, 3 minutes, 7 seconds
2026-08-02 08:41:31,314 - my_experiment - advP_B_HC_op_nomm_42 - my_run - INFO - Recent Stats | t_env:    1800000 | Episode:     9000
ep_length_mean:          200.0000	episode_length_mean:     199.0000	epsilon:                   0.0500	grad_norm:               283.1871
info_nce_loss:             0.0093	loss:                      1.5695	q_loss:                    1.4268	return_mean:              36.4438
return_std:                6.1776	test_ep_length_mean:     200.0000	test_episode_length_mean:199.0000	test_return_mean:         43.6239
test_return_std:           7.4684	
2026-08-02 08:41:36,385 - my_experiment - advP_B_HC_op_nomm_42 - my_run - INFO - t_env: 1800200 / 5050000
2026-08-02 08:41:36,387 - my_experiment - advP_B_HC_op_nomm_42 - my_run - INFO - Estimated time left: 1 days, 32 minutes, 37 seconds. Time passed: 13 hours, 25 minutes, 47 seconds
2026-08-02 09:03:47,495 - my_experiment - advP_B_HC_op_nomm_42 - my_run - INFO - Recent Stats | t_env:    1850000 | Episode:     9250
ep_length_mean:          200.0000	episode_length_mean:     199.0000	epsilon:                   0.0500	grad_norm:               129.9473
info_nce_loss:             0.0295	loss:                      1.0955	q_loss:                    0.9959	return_mean:              35.1343
return_std:                6.6724	test_ep_length_mean:     200.0000	test_episode_length_mean:199.0000	test_return_mean:         42.4447
test_return_std:           7.3699	
2026-08-02 09:03:52,569 - my_experiment - advP_B_HC_op_nomm_42 - my_run - INFO - t_env: 1850200 / 5050000
2026-08-02 09:03:52,570 - my_experiment - advP_B_HC_op_nomm_42 - my_run - INFO - Estimated time left: 23 hours, 45 minutes, 10 seconds. Time passed: 13 hours, 48 minutes, 3 seconds
2026-08-02 09:26:05,151 - my_experiment - advP_B_HC_op_nomm_42 - my_run - INFO - Recent Stats | t_env:    1900000 | Episode:     9500
ep_length_mean:          200.0000	episode_length_mean:     199.0000	epsilon:                   0.0500	grad_norm:               306.6371
info_nce_loss:             0.0130	loss:                      1.8313	q_loss:                    1.6648	return_mean:              35.6239
return_std:                6.3497	test_ep_length_mean:     200.0000	test_episode_length_mean:199.0000	test_return_mean:         42.4429
test_return_std:           6.6023	
2026-08-02 09:26:10,241 - my_experiment - advP_B_HC_op_nomm_42 - my_run - INFO - t_env: 1900200 / 5050000
2026-08-02 09:26:10,242 - my_experiment - advP_B_HC_op_nomm_42 - my_run - INFO - Estimated time left: 23 hours, 24 minutes, 27 seconds. Time passed: 14 hours, 10 minutes, 21 seconds
2026-08-02 09:48:23,021 - my_experiment - advP_B_HC_op_nomm_42 - my_run - INFO - Recent Stats | t_env:    1950000 | Episode:     9750
ep_length_mean:          200.0000	episode_length_mean:     199.0000	epsilon:                   0.0500	grad_norm:               196.3647
info_nce_loss:             0.0602	loss:                      1.1888	q_loss:                    1.0807	return_mean:              35.0924
return_std:                7.3686	test_ep_length_mean:     200.0000	test_episode_length_mean:199.0000	test_return_mean:         43.3184
test_return_std:           6.7797	
2026-08-02 09:48:28,080 - my_experiment - advP_B_HC_op_nomm_42 - my_run - INFO - t_env: 1950200 / 5050000
2026-08-02 09:48:28,082 - my_experiment - advP_B_HC_op_nomm_42 - my_run - INFO - Estimated time left: 23 hours, 2 minutes, 20 seconds. Time passed: 14 hours, 32 minutes, 39 seconds
2026-08-02 10:10:39,854 - my_experiment - advP_B_HC_op_nomm_42 - my_run - INFO - Recent Stats | t_env:    2000000 | Episode:    10000
ep_length_mean:          200.0000	episode_length_mean:     199.0000	epsilon:                   0.0500	grad_norm:               161.8674
info_nce_loss:             0.0050	loss:                      0.9991	q_loss:                    0.9083	return_mean:              33.4357
return_std:               10.4549	test_ep_length_mean:     200.0000	test_episode_length_mean:199.0000	test_return_mean:         44.2601
test_return_std:           6.8482	
2026-08-02 10:10:44,900 - my_experiment - advP_B_HC_op_nomm_42 - my_run - INFO - t_env: 2000200 / 5050000
2026-08-02 10:10:44,901 - my_experiment - advP_B_HC_op_nomm_42 - my_run - INFO - Estimated time left: 22 hours, 39 minutes, 0 seconds. Time passed: 14 hours, 54 minutes, 55 seconds
2026-08-02 10:11:53,835 - my_experiment - advP_B_HC_op_nomm_42 - my_run - INFO - Saving models to work_dirs/my_experiment/advP_B_HC_op_nomm_42/my_run/20260801_191540/models/2000200
2026-08-02 10:32:58,305 - my_experiment - advP_B_HC_op_nomm_42 - my_run - INFO - Recent Stats | t_env:    2050000 | Episode:    10250
ep_length_mean:          200.0000	episode_length_mean:     199.0000	epsilon:                   0.0500	grad_norm:               171.8296
info_nce_loss:             0.0211	loss:                      1.2898	q_loss:                    1.1725	return_mean:              35.0727
return_std:                8.2765	test_ep_length_mean:     200.0000	test_episode_length_mean:199.0000	test_return_mean:         44.9131
test_return_std:           6.8461	
2026-08-02 10:33:03,385 - my_experiment - advP_B_HC_op_nomm_42 - my_run - INFO - t_env: 2050200 / 5050000
2026-08-02 10:33:03,386 - my_experiment - advP_B_HC_op_nomm_42 - my_run - INFO - Estimated time left: 22 hours, 18 minutes, 23 seconds. Time passed: 15 hours, 17 minutes, 14 seconds
2026-08-02 10:55:16,968 - my_experiment - advP_B_HC_op_nomm_42 - my_run - INFO - Recent Stats | t_env:    2100000 | Episode:    10500
ep_length_mean:          200.0000	episode_length_mean:     199.0000	epsilon:                   0.0500	grad_norm:               218.2151
info_nce_loss:             0.0111	loss:                      1.2847	q_loss:                    1.1679	return_mean:              36.1449
return_std:                9.9423	test_ep_length_mean:     200.0000	test_episode_length_mean:199.0000	test_return_mean:         45.6422
test_return_std:           7.1143	
2026-08-02 10:55:22,035 - my_experiment - advP_B_HC_op_nomm_42 - my_run - INFO - t_env: 2100200 / 5050000
2026-08-02 10:55:22,036 - my_experiment - advP_B_HC_op_nomm_42 - my_run - INFO - Estimated time left: 21 hours, 56 minutes, 14 seconds. Time passed: 15 hours, 39 minutes, 33 seconds
2026-08-02 11:17:34,458 - my_experiment - advP_B_HC_op_nomm_42 - my_run - INFO - Recent Stats | t_env:    2150000 | Episode:    10750
ep_length_mean:          200.0000	episode_length_mean:     199.0000	epsilon:                   0.0500	grad_norm:               135.6834
info_nce_loss:             0.0194	loss:                      0.7738	q_loss:                    0.7035	return_mean:              38.6787
return_std:                9.0948	test_ep_length_mean:     200.0000	test_episode_length_mean:199.0000	test_return_mean:         41.7691
test_return_std:           6.7010	
2026-08-02 11:17:39,509 - my_experiment - advP_B_HC_op_nomm_42 - my_run - INFO - t_env: 2150200 / 5050000
2026-08-02 11:17:39,511 - my_experiment - advP_B_HC_op_nomm_42 - my_run - INFO - Estimated time left: 21 hours, 32 minutes, 48 seconds. Time passed: 16 hours, 1 minutes, 50 seconds
2026-08-02 11:39:52,288 - my_experiment - advP_B_HC_op_nomm_42 - my_run - INFO - Recent Stats | t_env:    2200000 | Episode:    11000
ep_length_mean:          200.0000	episode_length_mean:     199.0000	epsilon:                   0.0500	grad_norm:               200.8654
info_nce_loss:             0.0313	loss:                      1.4572	q_loss:                    1.3247	return_mean:              44.9762
return_std:                7.8006	test_ep_length_mean:     200.0000	test_episode_length_mean:199.0000	test_return_mean:         44.2125
test_return_std:           6.5075	
2026-08-02 11:39:57,343 - my_experiment - advP_B_HC_op_nomm_42 - my_run - INFO - t_env: 2200200 / 5050000
2026-08-02 11:39:57,345 - my_experiment - advP_B_HC_op_nomm_42 - my_run - INFO - Estimated time left: 21 hours, 10 minutes, 51 seconds. Time passed: 16 hours, 24 minutes, 8 seconds
2026-08-02 12:02:09,667 - my_experiment - advP_B_HC_op_nomm_42 - my_run - INFO - Recent Stats | t_env:    2250000 | Episode:    11250
ep_length_mean:          200.0000	episode_length_mean:     199.0000	epsilon:                   0.0500	grad_norm:               114.0708
info_nce_loss:             0.0412	loss:                      0.8910	q_loss:                    0.8100	return_mean:              47.3739
return_std:                7.5086	test_ep_length_mean:     200.0000	test_episode_length_mean:199.0000	test_return_mean:         47.0642
test_return_std:           6.7315	
2026-08-02 12:02:14,767 - my_experiment - advP_B_HC_op_nomm_42 - my_run - INFO - t_env: 2250200 / 5050000
2026-08-02 12:02:14,769 - my_experiment - advP_B_HC_op_nomm_42 - my_run - INFO - Estimated time left: 20 hours, 48 minutes, 10 seconds. Time passed: 16 hours, 46 minutes, 25 seconds
2026-08-02 12:24:26,701 - my_experiment - advP_B_HC_op_nomm_42 - my_run - INFO - Recent Stats | t_env:    2300000 | Episode:    11500
ep_length_mean:          200.0000	episode_length_mean:     199.0000	epsilon:                   0.0500	grad_norm:               255.5154
info_nce_loss:             0.0586	loss:                      1.9797	q_loss:                    1.7997	return_mean:              46.7645
return_std:                8.6042	test_ep_length_mean:     200.0000	test_episode_length_mean:199.0000	test_return_mean:         50.3701
test_return_std:           6.6000	
2026-08-02 12:24:31,785 - my_experiment - advP_B_HC_op_nomm_42 - my_run - INFO - t_env: 2300200 / 5050000
2026-08-02 12:24:31,786 - my_experiment - advP_B_HC_op_nomm_42 - my_run - INFO - Estimated time left: 20 hours, 25 minutes, 30 seconds. Time passed: 17 hours, 8 minutes, 42 seconds
2026-08-02 12:46:43,547 - my_experiment - advP_B_HC_op_nomm_42 - my_run - INFO - Recent Stats | t_env:    2350000 | Episode:    11750
ep_length_mean:          200.0000	episode_length_mean:     199.0000	epsilon:                   0.0500	grad_norm:               169.0307
info_nce_loss:             0.0575	loss:                      1.0420	q_loss:                    0.9473	return_mean:              51.2223
return_std:                6.6304	test_ep_length_mean:     200.0000	test_episode_length_mean:199.0000	test_return_mean:         55.3686
test_return_std:           6.3145	
2026-08-02 12:46:48,642 - my_experiment - advP_B_HC_op_nomm_42 - my_run - INFO - t_env: 2350200 / 5050000
2026-08-02 12:46:48,643 - my_experiment - advP_B_HC_op_nomm_42 - my_run - INFO - Estimated time left: 20 hours, 3 minutes, 4 seconds. Time passed: 17 hours, 30 minutes, 59 seconds
2026-08-02 13:09:01,654 - my_experiment - advP_B_HC_op_nomm_42 - my_run - INFO - Recent Stats | t_env:    2400000 | Episode:    12000
ep_length_mean:          200.0000	episode_length_mean:     199.0000	epsilon:                   0.0500	grad_norm:               229.5818
info_nce_loss:             0.0018	loss:                      1.3961	q_loss:                    1.2692	return_mean:              51.3290
return_std:                6.7331	test_ep_length_mean:     200.0000	test_episode_length_mean:199.0000	test_return_mean:         62.0786
test_return_std:           7.2115	
2026-08-02 13:09:06,735 - my_experiment - advP_B_HC_op_nomm_42 - my_run - INFO - t_env: 2400200 / 5050000
2026-08-02 13:09:06,736 - my_experiment - advP_B_HC_op_nomm_42 - my_run - INFO - Estimated time left: 19 hours, 41 minutes, 53 seconds. Time passed: 17 hours, 53 minutes, 17 seconds
2026-08-02 13:31:19,561 - my_experiment - advP_B_HC_op_nomm_42 - my_run - INFO - Recent Stats | t_env:    2450000 | Episode:    12250
ep_length_mean:          200.0000	episode_length_mean:     199.0000	epsilon:                   0.0500	grad_norm:               129.4330
info_nce_loss:             0.0272	loss:                      1.0701	q_loss:                    0.9728	return_mean:              53.0195
return_std:                6.8764	test_ep_length_mean:     200.0000	test_episode_length_mean:199.0000	test_return_mean:         63.3894
test_return_std:           7.6926	
2026-08-02 13:31:24,654 - my_experiment - advP_B_HC_op_nomm_42 - my_run - INFO - t_env: 2450200 / 5050000
2026-08-02 13:31:24,656 - my_experiment - advP_B_HC_op_nomm_42 - my_run - INFO - Estimated time left: 19 hours, 19 minutes, 26 seconds. Time passed: 18 hours, 15 minutes, 35 seconds
2026-08-02 13:53:36,997 - my_experiment - advP_B_HC_op_nomm_42 - my_run - INFO - Recent Stats | t_env:    2500000 | Episode:    12500
ep_length_mean:          200.0000	episode_length_mean:     199.0000	epsilon:                   0.0500	grad_norm:               228.7081
info_nce_loss:             0.1278	loss:                      1.4307	q_loss:                    1.3006	return_mean:              52.7240
return_std:                7.3194	test_ep_length_mean:     200.0000	test_episode_length_mean:199.0000	test_return_mean:         64.1274
test_return_std:           7.3302	
2026-08-02 13:53:42,081 - my_experiment - advP_B_HC_op_nomm_42 - my_run - INFO - t_env: 2500200 / 5050000
2026-08-02 13:53:42,083 - my_experiment - advP_B_HC_op_nomm_42 - my_run - INFO - Estimated time left: 18 hours, 56 minutes, 43 seconds. Time passed: 18 hours, 37 minutes, 53 seconds
2026-08-02 13:54:51,095 - my_experiment - advP_B_HC_op_nomm_42 - my_run - INFO - Saving models to work_dirs/my_experiment/advP_B_HC_op_nomm_42/my_run/20260801_191540/models/2500200
2026-08-02 14:15:54,001 - my_experiment - advP_B_HC_op_nomm_42 - my_run - INFO - Recent Stats | t_env:    2550000 | Episode:    12750
ep_length_mean:          200.0000	episode_length_mean:     199.0000	epsilon:                   0.0500	grad_norm:               176.4890
info_nce_loss:             0.0501	loss:                      1.1661	q_loss:                    1.0601	return_mean:              49.1730
return_std:                7.1759	test_ep_length_mean:     200.0000	test_episode_length_mean:199.0000	test_return_mean:         66.2739
test_return_std:           7.6169	
2026-08-02 14:15:59,054 - my_experiment - advP_B_HC_op_nomm_42 - my_run - INFO - t_env: 2550200 / 5050000
2026-08-02 14:15:59,056 - my_experiment - advP_B_HC_op_nomm_42 - my_run - INFO - Estimated time left: 18 hours, 34 minutes, 3 seconds. Time passed: 19 hours, 10 seconds
2026-08-02 14:38:13,095 - my_experiment - advP_B_HC_op_nomm_42 - my_run - INFO - Recent Stats | t_env:    2600000 | Episode:    13000
ep_length_mean:          200.0000	episode_length_mean:     199.0000	epsilon:                   0.0500	grad_norm:               153.4146
info_nce_loss:             0.0352	loss:                      1.2155	q_loss:                    1.1050	return_mean:              48.9076
return_std:                7.3705	test_ep_length_mean:     200.0000	test_episode_length_mean:199.0000	test_return_mean:         65.8952
test_return_std:           7.7700	
2026-08-02 14:38:18,200 - my_experiment - advP_B_HC_op_nomm_42 - my_run - INFO - t_env: 2600200 / 5050000
2026-08-02 14:38:18,201 - my_experiment - advP_B_HC_op_nomm_42 - my_run - INFO - Estimated time left: 18 hours, 13 minutes, 32 seconds. Time passed: 19 hours, 22 minutes, 29 seconds
2026-08-02 15:00:31,074 - my_experiment - advP_B_HC_op_nomm_42 - my_run - INFO - Recent Stats | t_env:    2650000 | Episode:    13250
ep_length_mean:          200.0000	episode_length_mean:     199.0000	epsilon:                   0.0500	grad_norm:               146.2636
info_nce_loss:             0.1059	loss:                      1.0360	q_loss:                    0.9418	return_mean:              48.5749
return_std:                8.2221	test_ep_length_mean:     200.0000	test_episode_length_mean:199.0000	test_return_mean:         66.5462
test_return_std:           7.9948	
2026-08-02 15:00:36,140 - my_experiment - advP_B_HC_op_nomm_42 - my_run - INFO - t_env: 2650200 / 5050000
2026-08-02 15:00:36,142 - my_experiment - advP_B_HC_op_nomm_42 - my_run - INFO - Estimated time left: 17 hours, 50 minutes, 15 seconds. Time passed: 19 hours, 44 minutes, 47 seconds
2026-08-02 15:22:48,582 - my_experiment - advP_B_HC_op_nomm_42 - my_run - INFO - Recent Stats | t_env:    2700000 | Episode:    13500
ep_length_mean:          200.0000	episode_length_mean:     199.0000	epsilon:                   0.0500	grad_norm:               184.3961
info_nce_loss:             0.0657	loss:                      1.0712	q_loss:                    0.9738	return_mean:              48.7390
return_std:                7.1070	test_ep_length_mean:     200.0000	test_episode_length_mean:199.0000	test_return_mean:         65.6254
test_return_std:           7.0147	
2026-08-02 15:22:53,649 - my_experiment - advP_B_HC_op_nomm_42 - my_run - INFO - t_env: 2700200 / 5050000
2026-08-02 15:22:53,651 - my_experiment - advP_B_HC_op_nomm_42 - my_run - INFO - Estimated time left: 17 hours, 27 minutes, 37 seconds. Time passed: 20 hours, 7 minutes, 4 seconds
2026-08-02 15:45:07,434 - my_experiment - advP_B_HC_op_nomm_42 - my_run - INFO - Recent Stats | t_env:    2750000 | Episode:    13750
ep_length_mean:          200.0000	episode_length_mean:     199.0000	epsilon:                   0.0500	grad_norm:               144.6754
info_nce_loss:             0.0749	loss:                      1.0081	q_loss:                    0.9165	return_mean:              48.8773
return_std:                6.6954	test_ep_length_mean:     200.0000	test_episode_length_mean:199.0000	test_return_mean:         65.2743
test_return_std:           7.3632	
2026-08-02 15:45:12,536 - my_experiment - advP_B_HC_op_nomm_42 - my_run - INFO - t_env: 2750200 / 5050000
2026-08-02 15:45:12,537 - my_experiment - advP_B_HC_op_nomm_42 - my_run - INFO - Estimated time left: 17 hours, 6 minutes, 23 seconds. Time passed: 20 hours, 29 minutes, 23 seconds
2026-08-02 16:07:27,641 - my_experiment - advP_B_HC_op_nomm_42 - my_run - INFO - Recent Stats | t_env:    2800000 | Episode:    14000
ep_length_mean:          200.0000	episode_length_mean:     199.0000	epsilon:                   0.0500	grad_norm:               164.2186
info_nce_loss:             0.0895	loss:                      1.2020	q_loss:                    1.0927	return_mean:              48.2881
return_std:                7.2313	test_ep_length_mean:     200.0000	test_episode_length_mean:199.0000	test_return_mean:         62.3147
test_return_std:           7.5892	
2026-08-02 16:07:32,733 - my_experiment - advP_B_HC_op_nomm_42 - my_run - INFO - t_env: 2800200 / 5050000
2026-08-02 16:07:32,733 - my_experiment - advP_B_HC_op_nomm_42 - my_run - INFO - Estimated time left: 16 hours, 45 minutes, 3 seconds. Time passed: 20 hours, 51 minutes, 43 seconds
2026-08-02 16:29:45,974 - my_experiment - advP_B_HC_op_nomm_42 - my_run - INFO - Recent Stats | t_env:    2850000 | Episode:    14250
ep_length_mean:          200.0000	episode_length_mean:     199.0000	epsilon:                   0.0500	grad_norm:               138.3395
info_nce_loss:             0.1190	loss:                      0.9187	q_loss:                    0.8351	return_mean:              47.8229
return_std:                7.9680	test_ep_length_mean:     200.0000	test_episode_length_mean:199.0000	test_return_mean:         60.7571
test_return_std:           7.8674	
2026-08-02 16:29:51,052 - my_experiment - advP_B_HC_op_nomm_42 - my_run - INFO - t_env: 2850200 / 5050000
2026-08-02 16:29:51,053 - my_experiment - advP_B_HC_op_nomm_42 - my_run - INFO - Estimated time left: 16 hours, 21 minutes, 20 seconds. Time passed: 21 hours, 14 minutes, 2 seconds
2026-08-02 16:52:03,897 - my_experiment - advP_B_HC_op_nomm_42 - my_run - INFO - Recent Stats | t_env:    2900000 | Episode:    14500
ep_length_mean:          200.0000	episode_length_mean:     199.0000	epsilon:                   0.0500	grad_norm:               196.8373
info_nce_loss:             0.0725	loss:                      1.2818	q_loss:                    1.1653	return_mean:              51.4615
return_std:                6.9826	test_ep_length_mean:     200.0000	test_episode_length_mean:199.0000	test_return_mean:         60.8582
test_return_std:           7.2432	
2026-08-02 16:52:08,950 - my_experiment - advP_B_HC_op_nomm_42 - my_run - INFO - t_env: 2900200 / 5050000
2026-08-02 16:52:08,951 - my_experiment - advP_B_HC_op_nomm_42 - my_run - INFO - Estimated time left: 15 hours, 58 minutes, 44 seconds. Time passed: 21 hours, 36 minutes, 19 seconds
2026-08-02 17:14:20,994 - my_experiment - advP_B_HC_op_nomm_42 - my_run - INFO - Recent Stats | t_env:    2950000 | Episode:    14750
ep_length_mean:          200.0000	episode_length_mean:     199.0000	epsilon:                   0.0500	grad_norm:               117.7486
info_nce_loss:             0.0846	loss:                      0.8463	q_loss:                    0.7694	return_mean:              48.0572
return_std:                6.4130	test_ep_length_mean:     200.0000	test_episode_length_mean:199.0000	test_return_mean:         59.7720
test_return_std:           8.2887	
2026-08-02 17:14:26,049 - my_experiment - advP_B_HC_op_nomm_42 - my_run - INFO - t_env: 2950200 / 5050000
2026-08-02 17:14:26,050 - my_experiment - advP_B_HC_op_nomm_42 - my_run - INFO - Estimated time left: 15 hours, 35 minutes, 52 seconds. Time passed: 21 hours, 58 minutes, 37 seconds
2026-08-02 17:36:39,078 - my_experiment - advP_B_HC_op_nomm_42 - my_run - INFO - Recent Stats | t_env:    3000000 | Episode:    15000
ep_length_mean:          200.0000	episode_length_mean:     199.0000	epsilon:                   0.0500	grad_norm:               159.1167
info_nce_loss:             0.1274	loss:                      0.9593	q_loss:                    0.8721	return_mean:              47.2232
return_std:                7.1009	test_ep_length_mean:     200.0000	test_episode_length_mean:199.0000	test_return_mean:         59.4178
test_return_std:           8.1605	
2026-08-02 17:36:44,191 - my_experiment - advP_B_HC_op_nomm_42 - my_run - INFO - t_env: 3000200 / 5050000
2026-08-02 17:36:44,192 - my_experiment - advP_B_HC_op_nomm_42 - my_run - INFO - Estimated time left: 15 hours, 14 minutes, 18 seconds. Time passed: 22 hours, 20 minutes, 55 seconds
2026-08-02 17:37:53,159 - my_experiment - advP_B_HC_op_nomm_42 - my_run - INFO - Saving models to work_dirs/my_experiment/advP_B_HC_op_nomm_42/my_run/20260801_191540/models/3000200
2026-08-02 17:58:57,859 - my_experiment - advP_B_HC_op_nomm_42 - my_run - INFO - Recent Stats | t_env:    3050000 | Episode:    15250
ep_length_mean:          200.0000	episode_length_mean:     199.0000	epsilon:                   0.0500	grad_norm:               123.1160
info_nce_loss:             0.0922	loss:                      0.8308	q_loss:                    0.7552	return_mean:              48.6685
return_std:                6.3959	test_ep_length_mean:     200.0000	test_episode_length_mean:199.0000	test_return_mean:         61.2902
test_return_std:           8.2056	
2026-08-02 17:59:02,947 - my_experiment - advP_B_HC_op_nomm_42 - my_run - INFO - t_env: 3050200 / 5050000
2026-08-02 17:59:02,949 - my_experiment - advP_B_HC_op_nomm_42 - my_run - INFO - Estimated time left: 14 hours, 52 minutes, 24 seconds. Time passed: 22 hours, 43 minutes, 13 seconds
2026-08-02 18:21:16,544 - my_experiment - advP_B_HC_op_nomm_42 - my_run - INFO - Recent Stats | t_env:    3100000 | Episode:    15500
ep_length_mean:          200.0000	episode_length_mean:     199.0000	epsilon:                   0.0500	grad_norm:               181.7616
info_nce_loss:             0.0853	loss:                      1.0052	q_loss:                    0.9138	return_mean:              48.7281
return_std:                6.6114	test_ep_length_mean:     200.0000	test_episode_length_mean:199.0000	test_return_mean:         62.2493
test_return_std:           7.9941	
2026-08-02 18:21:21,641 - my_experiment - advP_B_HC_op_nomm_42 - my_run - INFO - t_env: 3100200 / 5050000
2026-08-02 18:21:21,643 - my_experiment - advP_B_HC_op_nomm_42 - my_run - INFO - Estimated time left: 14 hours, 30 minutes, 3 seconds. Time passed: 23 hours, 5 minutes, 32 seconds
2026-08-02 18:43:34,744 - my_experiment - advP_B_HC_op_nomm_42 - my_run - INFO - Recent Stats | t_env:    3150000 | Episode:    15750
ep_length_mean:          200.0000	episode_length_mean:     199.0000	epsilon:                   0.0500	grad_norm:               173.6334
info_nce_loss:             0.1365	loss:                      0.9858	q_loss:                    0.8962	return_mean:              49.2959
return_std:                7.5041	test_ep_length_mean:     200.0000	test_episode_length_mean:199.0000	test_return_mean:         62.8295
test_return_std:           7.6457	
2026-08-02 18:43:39,790 - my_experiment - advP_B_HC_op_nomm_42 - my_run - INFO - t_env: 3150200 / 5050000
2026-08-02 18:43:39,791 - my_experiment - advP_B_HC_op_nomm_42 - my_run - INFO - Estimated time left: 14 hours, 7 minutes, 24 seconds. Time passed: 23 hours, 27 minutes, 50 seconds
2026-08-02 19:05:52,503 - my_experiment - advP_B_HC_op_nomm_42 - my_run - INFO - Recent Stats | t_env:    3200000 | Episode:    16000
ep_length_mean:          200.0000	episode_length_mean:     199.0000	epsilon:                   0.0500	grad_norm:               142.4648
info_nce_loss:             0.1317	loss:                      0.8814	q_loss:                    0.8012	return_mean:              50.3827
return_std:                6.8886	test_ep_length_mean:     200.0000	test_episode_length_mean:199.0000	test_return_mean:         63.5715
test_return_std:           6.8085	
2026-08-02 19:05:57,549 - my_experiment - advP_B_HC_op_nomm_42 - my_run - INFO - t_env: 3200200 / 5050000
2026-08-02 19:05:57,550 - my_experiment - advP_B_HC_op_nomm_42 - my_run - INFO - Estimated time left: 13 hours, 44 minutes, 51 seconds. Time passed: 23 hours, 50 minutes, 8 seconds
2026-08-02 19:28:09,883 - my_experiment - advP_B_HC_op_nomm_42 - my_run - INFO - Recent Stats | t_env:    3250000 | Episode:    16250
ep_length_mean:          200.0000	episode_length_mean:     199.0000	epsilon:                   0.0500	grad_norm:               135.2614
info_nce_loss:             0.1524	loss:                      0.8680	q_loss:                    0.7891	return_mean:              51.2412
return_std:                6.8402	test_ep_length_mean:     200.0000	test_episode_length_mean:199.0000	test_return_mean:         64.3665
test_return_std:           6.3025	
2026-08-02 19:28:14,955 - my_experiment - advP_B_HC_op_nomm_42 - my_run - INFO - t_env: 3250200 / 5050000
2026-08-02 19:28:14,956 - my_experiment - advP_B_HC_op_nomm_42 - my_run - INFO - Estimated time left: 13 hours, 22 minutes, 21 seconds. Time passed: 1 days, 12 minutes, 25 seconds
2026-08-02 19:50:28,036 - my_experiment - advP_B_HC_op_nomm_42 - my_run - INFO - Recent Stats | t_env:    3300000 | Episode:    16500
ep_length_mean:          200.0000	episode_length_mean:     199.0000	epsilon:                   0.0500	grad_norm:               207.0327
info_nce_loss:             0.0818	loss:                      1.2030	q_loss:                    1.0937	return_mean:              51.5467
return_std:                6.8889	test_ep_length_mean:     200.0000	test_episode_length_mean:199.0000	test_return_mean:         63.8727
test_return_std:           6.1447	
2026-08-02 19:50:33,142 - my_experiment - advP_B_HC_op_nomm_42 - my_run - INFO - t_env: 3300200 / 5050000
2026-08-02 19:50:33,144 - my_experiment - advP_B_HC_op_nomm_42 - my_run - INFO - Estimated time left: 13 hours, 31 seconds. Time passed: 1 days, 34 minutes, 44 seconds
2026-08-02 20:12:45,273 - my_experiment - advP_B_HC_op_nomm_42 - my_run - INFO - Recent Stats | t_env:    3350000 | Episode:    16750
ep_length_mean:          200.0000	episode_length_mean:     199.0000	epsilon:                   0.0500	grad_norm:               211.7181
info_nce_loss:             0.0742	loss:                      1.2520	q_loss:                    1.1381	return_mean:              48.6002
return_std:                9.7636	test_ep_length_mean:     200.0000	test_episode_length_mean:199.0000	test_return_mean:         64.1116
test_return_std:           5.8945	
2026-08-02 20:12:50,351 - my_experiment - advP_B_HC_op_nomm_42 - my_run - INFO - t_env: 3350200 / 5050000
2026-08-02 20:12:50,352 - my_experiment - advP_B_HC_op_nomm_42 - my_run - INFO - Estimated time left: 12 hours, 37 minutes, 39 seconds. Time passed: 1 days, 57 minutes, 1 seconds
2026-08-02 20:35:02,745 - my_experiment - advP_B_HC_op_nomm_42 - my_run - INFO - Recent Stats | t_env:    3400000 | Episode:    17000
ep_length_mean:          200.0000	episode_length_mean:     199.0000	epsilon:                   0.0500	grad_norm:               265.9136
info_nce_loss:             0.0873	loss:                      1.4073	q_loss:                    1.2794	return_mean:              51.0708
return_std:                7.0584	test_ep_length_mean:     200.0000	test_episode_length_mean:199.0000	test_return_mean:         63.8950
test_return_std:           6.4112	
2026-08-02 20:35:07,872 - my_experiment - advP_B_HC_op_nomm_42 - my_run - INFO - t_env: 3400200 / 5050000
2026-08-02 20:35:07,873 - my_experiment - advP_B_HC_op_nomm_42 - my_run - INFO - Estimated time left: 12 hours, 15 minutes, 32 seconds. Time passed: 1 days, 1 hours, 19 minutes, 18 seconds
2026-08-02 20:57:21,053 - my_experiment - advP_B_HC_op_nomm_42 - my_run - INFO - Recent Stats | t_env:    3450000 | Episode:    17250
ep_length_mean:          200.0000	episode_length_mean:     199.0000	epsilon:                   0.0500	grad_norm:               197.7723
info_nce_loss:             0.1647	loss:                      1.2140	q_loss:                    1.1037	return_mean:              50.6615
return_std:                6.7400	test_ep_length_mean:     200.0000	test_episode_length_mean:199.0000	test_return_mean:         63.0512
test_return_std:           6.2666	
2026-08-02 20:57:26,152 - my_experiment - advP_B_HC_op_nomm_42 - my_run - INFO - t_env: 3450200 / 5050000
2026-08-02 20:57:26,153 - my_experiment - advP_B_HC_op_nomm_42 - my_run - INFO - Estimated time left: 11 hours, 53 minutes, 39 seconds. Time passed: 1 days, 1 hours, 41 minutes, 37 seconds
2026-08-02 21:19:38,805 - my_experiment - advP_B_HC_op_nomm_42 - my_run - INFO - Recent Stats | t_env:    3500000 | Episode:    17500
ep_length_mean:          200.0000	episode_length_mean:     199.0000	epsilon:                   0.0500	grad_norm:               177.1905
info_nce_loss:             0.1160	loss:                      1.0790	q_loss:                    0.9809	return_mean:              49.8555
return_std:                6.4651	test_ep_length_mean:     200.0000	test_episode_length_mean:199.0000	test_return_mean:         63.4195
test_return_std:           6.7198	
2026-08-02 21:19:43,866 - my_experiment - advP_B_HC_op_nomm_42 - my_run - INFO - t_env: 3500200 / 5050000
2026-08-02 21:19:43,867 - my_experiment - advP_B_HC_op_nomm_42 - my_run - INFO - Estimated time left: 11 hours, 31 minutes, 3 seconds. Time passed: 1 days, 2 hours, 3 minutes, 54 seconds
2026-08-02 21:20:52,888 - my_experiment - advP_B_HC_op_nomm_42 - my_run - INFO - Saving models to work_dirs/my_experiment/advP_B_HC_op_nomm_42/my_run/20260801_191540/models/3500200
2026-08-02 21:41:56,080 - my_experiment - advP_B_HC_op_nomm_42 - my_run - INFO - Recent Stats | t_env:    3550000 | Episode:    17750
ep_length_mean:          200.0000	episode_length_mean:     199.0000	epsilon:                   0.0500	grad_norm:               110.8032
info_nce_loss:             0.1048	loss:                      0.9403	q_loss:                    0.8549	return_mean:              52.7091
return_std:                6.7074	test_ep_length_mean:     200.0000	test_episode_length_mean:199.0000	test_return_mean:         64.1262
test_return_std:           6.9822	
2026-08-02 21:42:01,178 - my_experiment - advP_B_HC_op_nomm_42 - my_run - INFO - t_env: 3550200 / 5050000
2026-08-02 21:42:01,180 - my_experiment - advP_B_HC_op_nomm_42 - my_run - INFO - Estimated time left: 11 hours, 8 minutes, 34 seconds. Time passed: 1 days, 2 hours, 26 minutes, 12 seconds
2026-08-02 22:04:13,045 - my_experiment - advP_B_HC_op_nomm_42 - my_run - INFO - Recent Stats | t_env:    3600000 | Episode:    18000
ep_length_mean:          200.0000	episode_length_mean:     199.0000	epsilon:                   0.0500	grad_norm:               153.2404
info_nce_loss:             0.3290	loss:                      1.0083	q_loss:                    0.9166	return_mean:              51.3892
return_std:                6.6136	test_ep_length_mean:     200.0000	test_episode_length_mean:199.0000	test_return_mean:         65.2503
test_return_std:           6.9688	
2026-08-02 22:04:18,102 - my_experiment - advP_B_HC_op_nomm_42 - my_run - INFO - t_env: 3600200 / 5050000
2026-08-02 22:04:18,104 - my_experiment - advP_B_HC_op_nomm_42 - my_run - INFO - Estimated time left: 10 hours, 46 minutes, 5 seconds. Time passed: 1 days, 2 hours, 48 minutes, 29 seconds
2026-08-02 22:26:29,807 - my_experiment - advP_B_HC_op_nomm_42 - my_run - INFO - Recent Stats | t_env:    3650000 | Episode:    18250
ep_length_mean:          200.0000	episode_length_mean:     199.0000	epsilon:                   0.0500	grad_norm:               111.6659
info_nce_loss:             0.1133	loss:                      0.9931	q_loss:                    0.9028	return_mean:              51.6415
return_std:                6.8829	test_ep_length_mean:     200.0000	test_episode_length_mean:199.0000	test_return_mean:         64.2344
test_return_std:           7.1792	
2026-08-02 22:26:34,848 - my_experiment - advP_B_HC_op_nomm_42 - my_run - INFO - t_env: 3650200 / 5050000
2026-08-02 22:26:34,849 - my_experiment - advP_B_HC_op_nomm_42 - my_run - INFO - Estimated time left: 10 hours, 23 minutes, 43 seconds. Time passed: 1 days, 3 hours, 10 minutes, 45 seconds
2026-08-02 22:48:47,303 - my_experiment - advP_B_HC_op_nomm_42 - my_run - INFO - Recent Stats | t_env:    3700000 | Episode:    18500
ep_length_mean:          200.0000	episode_length_mean:     199.0000	epsilon:                   0.0500	grad_norm:               156.2375
info_nce_loss:             0.1477	loss:                      1.1368	q_loss:                    1.0335	return_mean:              51.5970
return_std:                6.6562	test_ep_length_mean:     200.0000	test_episode_length_mean:199.0000	test_return_mean:         65.4093
test_return_std:           8.0042	
2026-08-02 22:48:52,368 - my_experiment - advP_B_HC_op_nomm_42 - my_run - INFO - t_env: 3700200 / 5050000
2026-08-02 22:48:52,370 - my_experiment - advP_B_HC_op_nomm_42 - my_run - INFO - Estimated time left: 10 hours, 1 minutes, 47 seconds. Time passed: 1 days, 3 hours, 33 minutes, 3 seconds
2026-08-02 23:11:04,145 - my_experiment - advP_B_HC_op_nomm_42 - my_run - INFO - Recent Stats | t_env:    3750000 | Episode:    18750
ep_length_mean:          200.0000	episode_length_mean:     199.0000	epsilon:                   0.0500	grad_norm:               149.2330
info_nce_loss:             0.1410	loss:                      1.3109	q_loss:                    1.1917	return_mean:              51.6051
return_std:                7.0615	test_ep_length_mean:     200.0000	test_episode_length_mean:199.0000	test_return_mean:         64.9769
test_return_std:           7.9970	
2026-08-02 23:11:09,252 - my_experiment - advP_B_HC_op_nomm_42 - my_run - INFO - t_env: 3750200 / 5050000
2026-08-02 23:11:09,253 - my_experiment - advP_B_HC_op_nomm_42 - my_run - INFO - Estimated time left: 9 hours, 39 minutes, 13 seconds. Time passed: 1 days, 3 hours, 55 minutes, 20 seconds
2026-08-02 23:33:21,155 - my_experiment - advP_B_HC_op_nomm_42 - my_run - INFO - Recent Stats | t_env:    3800000 | Episode:    19000
ep_length_mean:          200.0000	episode_length_mean:     199.0000	epsilon:                   0.0500	grad_norm:               155.9228
info_nce_loss:             0.1665	loss:                      1.3463	q_loss:                    1.2239	return_mean:              50.1485
return_std:                6.5559	test_ep_length_mean:     200.0000	test_episode_length_mean:199.0000	test_return_mean:         61.8226
test_return_std:           7.5689	
2026-08-02 23:33:26,232 - my_experiment - advP_B_HC_op_nomm_42 - my_run - INFO - t_env: 3800200 / 5050000
2026-08-02 23:33:26,233 - my_experiment - advP_B_HC_op_nomm_42 - my_run - INFO - Estimated time left: 9 hours, 16 minutes, 59 seconds. Time passed: 1 days, 4 hours, 17 minutes, 37 seconds
2026-08-02 23:55:38,122 - my_experiment - advP_B_HC_op_nomm_42 - my_run - INFO - Recent Stats | t_env:    3850000 | Episode:    19250
ep_length_mean:          200.0000	episode_length_mean:     199.0000	epsilon:                   0.0500	grad_norm:               293.1590
info_nce_loss:             0.0436	loss:                      3.1647	q_loss:                    2.8770	return_mean:              49.0670
return_std:                7.7624	test_ep_length_mean:     200.0000	test_episode_length_mean:199.0000	test_return_mean:         58.7986
test_return_std:           7.7544	
2026-08-02 23:55:43,223 - my_experiment - advP_B_HC_op_nomm_42 - my_run - INFO - t_env: 3850200 / 5050000
2026-08-02 23:55:43,226 - my_experiment - advP_B_HC_op_nomm_42 - my_run - INFO - Estimated time left: 8 hours, 54 minutes, 42 seconds. Time passed: 1 days, 4 hours, 39 minutes, 54 seconds
2026-08-03 00:17:55,900 - my_experiment - advP_B_HC_op_nomm_42 - my_run - INFO - Recent Stats | t_env:    3900000 | Episode:    19500
ep_length_mean:          200.0000	episode_length_mean:     199.0000	epsilon:                   0.0500	grad_norm:               419.4023
info_nce_loss:             0.0887	loss:                      3.1091	q_loss:                    2.8264	return_mean:              46.3155
return_std:                6.8884	test_ep_length_mean:     200.0000	test_episode_length_mean:199.0000	test_return_mean:         56.9830
test_return_std:           7.2635	
2026-08-03 00:18:00,986 - my_experiment - advP_B_HC_op_nomm_42 - my_run - INFO - t_env: 3900200 / 5050000
2026-08-03 00:18:00,988 - my_experiment - advP_B_HC_op_nomm_42 - my_run - INFO - Estimated time left: 8 hours, 32 minutes, 43 seconds. Time passed: 1 days, 5 hours, 2 minutes, 11 seconds
2026-08-03 00:40:13,218 - my_experiment - advP_B_HC_op_nomm_42 - my_run - INFO - Recent Stats | t_env:    3950000 | Episode:    19750
ep_length_mean:          200.0000	episode_length_mean:     199.0000	epsilon:                   0.0500	grad_norm:               398.2639
info_nce_loss:             0.2328	loss:                      2.5160	q_loss:                    2.2873	return_mean:              46.5237
return_std:                6.2840	test_ep_length_mean:     200.0000	test_episode_length_mean:199.0000	test_return_mean:         54.9494
test_return_std:           6.4853	
2026-08-03 00:40:18,284 - my_experiment - advP_B_HC_op_nomm_42 - my_run - INFO - t_env: 3950200 / 5050000
2026-08-03 00:40:18,286 - my_experiment - advP_B_HC_op_nomm_42 - my_run - INFO - Estimated time left: 8 hours, 10 minutes, 15 seconds. Time passed: 1 days, 5 hours, 24 minutes, 29 seconds
2026-08-03 01:02:30,496 - my_experiment - advP_B_HC_op_nomm_42 - my_run - INFO - Recent Stats | t_env:    4000000 | Episode:    20000
ep_length_mean:          200.0000	episode_length_mean:     199.0000	epsilon:                   0.0500	grad_norm:               378.1800
info_nce_loss:             0.0817	loss:                      2.3433	q_loss:                    2.1302	return_mean:              47.2471
return_std:                6.7547	test_ep_length_mean:     200.0000	test_episode_length_mean:199.0000	test_return_mean:         50.5319
test_return_std:           5.9431	
2026-08-03 01:02:35,587 - my_experiment - advP_B_HC_op_nomm_42 - my_run - INFO - t_env: 4000200 / 5050000
2026-08-03 01:02:35,588 - my_experiment - advP_B_HC_op_nomm_42 - my_run - INFO - Estimated time left: 7 hours, 47 minutes, 58 seconds. Time passed: 1 days, 5 hours, 46 minutes, 46 seconds
2026-08-03 01:03:44,671 - my_experiment - advP_B_HC_op_nomm_42 - my_run - INFO - Saving models to work_dirs/my_experiment/advP_B_HC_op_nomm_42/my_run/20260801_191540/models/4000200
2026-08-03 01:24:49,544 - my_experiment - advP_B_HC_op_nomm_42 - my_run - INFO - Recent Stats | t_env:    4050000 | Episode:    20250
ep_length_mean:          200.0000	episode_length_mean:     199.0000	epsilon:                   0.0500	grad_norm:               170.1526
info_nce_loss:             0.1223	loss:                      1.5508	q_loss:                    1.4098	return_mean:              49.3911
return_std:                6.0472	test_ep_length_mean:     200.0000	test_episode_length_mean:199.0000	test_return_mean:         51.9272
test_return_std:           5.8911	
2026-08-03 01:24:54,644 - my_experiment - advP_B_HC_op_nomm_42 - my_run - INFO - t_env: 4050200 / 5050000
2026-08-03 01:24:54,645 - my_experiment - advP_B_HC_op_nomm_42 - my_run - INFO - Estimated time left: 7 hours, 26 minutes, 15 seconds. Time passed: 1 days, 6 hours, 9 minutes, 5 seconds
2026-08-03 01:47:07,342 - my_experiment - advP_B_HC_op_nomm_42 - my_run - INFO - Recent Stats | t_env:    4100000 | Episode:    20500
ep_length_mean:          200.0000	episode_length_mean:     199.0000	epsilon:                   0.0500	grad_norm:               483.8543
info_nce_loss:             0.1245	loss:                      4.3112	q_loss:                    3.9193	return_mean:              50.3887
return_std:                5.7276	test_ep_length_mean:     200.0000	test_episode_length_mean:199.0000	test_return_mean:         53.4833
test_return_std:           5.7598	
2026-08-03 01:47:12,446 - my_experiment - advP_B_HC_op_nomm_42 - my_run - INFO - t_env: 4100200 / 5050000
2026-08-03 01:47:12,447 - my_experiment - advP_B_HC_op_nomm_42 - my_run - INFO - Estimated time left: 7 hours, 3 minutes, 32 seconds. Time passed: 1 days, 6 hours, 31 minutes, 23 seconds
2026-08-03 02:09:24,998 - my_experiment - advP_B_HC_op_nomm_42 - my_run - INFO - Recent Stats | t_env:    4150000 | Episode:    20750
ep_length_mean:          200.0000	episode_length_mean:     199.0000	epsilon:                   0.0500	grad_norm:               245.9264
info_nce_loss:             0.3015	loss:                      1.7792	q_loss:                    1.6174	return_mean:              48.9126
return_std:                6.5276	test_ep_length_mean:     200.0000	test_episode_length_mean:199.0000	test_return_mean:         55.4668
test_return_std:           5.7599	
2026-08-03 02:09:30,085 - my_experiment - advP_B_HC_op_nomm_42 - my_run - INFO - t_env: 4150200 / 5050000
2026-08-03 02:09:30,087 - my_experiment - advP_B_HC_op_nomm_42 - my_run - INFO - Estimated time left: 6 hours, 41 minutes, 12 seconds. Time passed: 1 days, 6 hours, 53 minutes, 41 seconds
2026-08-03 02:31:42,808 - my_experiment - advP_B_HC_op_nomm_42 - my_run - INFO - Recent Stats | t_env:    4200000 | Episode:    21000
ep_length_mean:          200.0000	episode_length_mean:     199.0000	epsilon:                   0.0500	grad_norm:               304.4474
info_nce_loss:             0.0776	loss:                      1.9773	q_loss:                    1.7975	return_mean:              49.6648
return_std:                6.0844	test_ep_length_mean:     200.0000	test_episode_length_mean:199.0000	test_return_mean:         57.0095
test_return_std:           6.1346	
2026-08-03 02:31:47,870 - my_experiment - advP_B_HC_op_nomm_42 - my_run - INFO - t_env: 4200200 / 5050000
2026-08-03 02:31:47,871 - my_experiment - advP_B_HC_op_nomm_42 - my_run - INFO - Estimated time left: 6 hours, 18 minutes, 56 seconds. Time passed: 1 days, 7 hours, 15 minutes, 58 seconds
2026-08-03 02:54:00,552 - my_experiment - advP_B_HC_op_nomm_42 - my_run - INFO - Recent Stats | t_env:    4250000 | Episode:    21250
ep_length_mean:          200.0000	episode_length_mean:     199.0000	epsilon:                   0.0500	grad_norm:               371.3134
info_nce_loss:             0.2037	loss:                      2.2825	q_loss:                    2.0750	return_mean:              47.7475
return_std:                6.4132	test_ep_length_mean:     200.0000	test_episode_length_mean:199.0000	test_return_mean:         61.0966
test_return_std:           6.4745	
2026-08-03 02:54:05,641 - my_experiment - advP_B_HC_op_nomm_42 - my_run - INFO - t_env: 4250200 / 5050000
2026-08-03 02:54:05,642 - my_experiment - advP_B_HC_op_nomm_42 - my_run - INFO - Estimated time left: 5 hours, 56 minutes, 38 seconds. Time passed: 1 days, 7 hours, 38 minutes, 16 seconds
2026-08-03 03:16:18,809 - my_experiment - advP_B_HC_op_nomm_42 - my_run - INFO - Recent Stats | t_env:    4300000 | Episode:    21500
ep_length_mean:          200.0000	episode_length_mean:     199.0000	epsilon:                   0.0500	grad_norm:               320.7007
info_nce_loss:             0.0822	loss:                      1.8596	q_loss:                    1.6906	return_mean:              47.0343
return_std:                7.5455	test_ep_length_mean:     200.0000	test_episode_length_mean:199.0000	test_return_mean:         61.8156
test_return_std:           6.6557	
2026-08-03 03:16:23,868 - my_experiment - advP_B_HC_op_nomm_42 - my_run - INFO - t_env: 4300200 / 5050000
2026-08-03 03:16:23,869 - my_experiment - advP_B_HC_op_nomm_42 - my_run - INFO - Estimated time left: 5 hours, 34 minutes, 28 seconds. Time passed: 1 days, 8 hours, 34 seconds
2026-08-03 03:38:37,367 - my_experiment - advP_B_HC_op_nomm_42 - my_run - INFO - Recent Stats | t_env:    4350000 | Episode:    21750
ep_length_mean:          200.0000	episode_length_mean:     199.0000	epsilon:                   0.0500	grad_norm:               308.4401
info_nce_loss:             0.0843	loss:                      1.8693	q_loss:                    1.6993	return_mean:              48.4850
return_std:                7.2494	test_ep_length_mean:     200.0000	test_episode_length_mean:199.0000	test_return_mean:         61.1083
test_return_std:           6.8383	
2026-08-03 03:38:42,440 - my_experiment - advP_B_HC_op_nomm_42 - my_run - INFO - t_env: 4350200 / 5050000
2026-08-03 03:38:42,442 - my_experiment - advP_B_HC_op_nomm_42 - my_run - INFO - Estimated time left: 5 hours, 12 minutes, 14 seconds. Time passed: 1 days, 8 hours, 22 minutes, 53 seconds
2026-08-03 04:00:57,483 - my_experiment - advP_B_HC_op_nomm_42 - my_run - INFO - Recent Stats | t_env:    4400000 | Episode:    22000
ep_length_mean:          200.0000	episode_length_mean:     199.0000	epsilon:                   0.0500	grad_norm:               308.5443
info_nce_loss:             0.1241	loss:                      1.9127	q_loss:                    1.7388	return_mean:              47.2720
return_std:                6.8938	test_ep_length_mean:     200.0000	test_episode_length_mean:199.0000	test_return_mean:         61.1636
test_return_std:           7.5431	
2026-08-03 04:01:02,575 - my_experiment - advP_B_HC_op_nomm_42 - my_run - INFO - t_env: 4400200 / 5050000
2026-08-03 04:01:02,576 - my_experiment - advP_B_HC_op_nomm_42 - my_run - INFO - Estimated time left: 4 hours, 50 minutes, 16 seconds. Time passed: 1 days, 8 hours, 45 minutes, 13 seconds
2026-08-03 04:23:15,255 - my_experiment - advP_B_HC_op_nomm_42 - my_run - INFO - Recent Stats | t_env:    4450000 | Episode:    22250
ep_length_mean:          200.0000	episode_length_mean:     199.0000	epsilon:                   0.0500	grad_norm:               267.8623
info_nce_loss:             0.1599	loss:                      1.7341	q_loss:                    1.5764	return_mean:              47.1239
return_std:                7.2512	test_ep_length_mean:     200.0000	test_episode_length_mean:199.0000	test_return_mean:         61.6455
test_return_std:           7.8054	
2026-08-03 04:23:20,310 - my_experiment - advP_B_HC_op_nomm_42 - my_run - INFO - t_env: 4450200 / 5050000
2026-08-03 04:23:20,311 - my_experiment - advP_B_HC_op_nomm_42 - my_run - INFO - Estimated time left: 4 hours, 27 minutes, 27 seconds. Time passed: 1 days, 9 hours, 7 minutes, 31 seconds
2026-08-03 04:45:33,689 - my_experiment - advP_B_HC_op_nomm_42 - my_run - INFO - Recent Stats | t_env:    4500000 | Episode:    22500
ep_length_mean:          200.0000	episode_length_mean:     199.0000	epsilon:                   0.0500	grad_norm:               286.8041
info_nce_loss:             0.1073	loss:                      1.8698	q_loss:                    1.6999	return_mean:              46.2994
return_std:                7.6706	test_ep_length_mean:     200.0000	test_episode_length_mean:199.0000	test_return_mean:         60.6152
test_return_std:           8.1161	
2026-08-03 04:45:38,796 - my_experiment - advP_B_HC_op_nomm_42 - my_run - INFO - t_env: 4500200 / 5050000
2026-08-03 04:45:38,798 - my_experiment - advP_B_HC_op_nomm_42 - my_run - INFO - Estimated time left: 4 hours, 5 minutes, 17 seconds. Time passed: 1 days, 9 hours, 29 minutes, 49 seconds
2026-08-03 04:46:47,688 - my_experiment - advP_B_HC_op_nomm_42 - my_run - INFO - Saving models to work_dirs/my_experiment/advP_B_HC_op_nomm_42/my_run/20260801_191540/models/4500200
2026-08-03 05:07:51,537 - my_experiment - advP_B_HC_op_nomm_42 - my_run - INFO - Recent Stats | t_env:    4550000 | Episode:    22750
ep_length_mean:          200.0000	episode_length_mean:     199.0000	epsilon:                   0.0500	grad_norm:               170.7598
info_nce_loss:             0.0519	loss:                      1.3990	q_loss:                    1.2719	return_mean:              44.0284
return_std:                7.4249	test_ep_length_mean:     200.0000	test_episode_length_mean:199.0000	test_return_mean:         59.7286
test_return_std:           7.8952	
2026-08-03 05:07:56,623 - my_experiment - advP_B_HC_op_nomm_42 - my_run - INFO - t_env: 4550200 / 5050000
2026-08-03 05:07:56,625 - my_experiment - advP_B_HC_op_nomm_42 - my_run - INFO - Estimated time left: 3 hours, 42 minutes, 52 seconds. Time passed: 1 days, 9 hours, 52 minutes, 7 seconds
2026-08-03 05:30:09,736 - my_experiment - advP_B_HC_op_nomm_42 - my_run - INFO - Recent Stats | t_env:    4600000 | Episode:    23000
ep_length_mean:          200.0000	episode_length_mean:     199.0000	epsilon:                   0.0500	grad_norm:               180.0865
info_nce_loss:             0.0356	loss:                      1.3407	q_loss:                    1.2188	return_mean:              46.4570
return_std:                6.3686	test_ep_length_mean:     200.0000	test_episode_length_mean:199.0000	test_return_mean:         60.1557
test_return_std:           7.5013	
2026-08-03 05:30:14,793 - my_experiment - advP_B_HC_op_nomm_42 - my_run - INFO - t_env: 4600200 / 5050000
2026-08-03 05:30:14,795 - my_experiment - advP_B_HC_op_nomm_42 - my_run - INFO - Estimated time left: 3 hours, 20 minutes, 38 seconds. Time passed: 1 days, 10 hours, 14 minutes, 25 seconds
2026-08-03 05:52:27,435 - my_experiment - advP_B_HC_op_nomm_42 - my_run - INFO - Recent Stats | t_env:    4650000 | Episode:    23250
ep_length_mean:          200.0000	episode_length_mean:     199.0000	epsilon:                   0.0500	grad_norm:               215.8512
info_nce_loss:             0.2012	loss:                      1.4500	q_loss:                    1.3182	return_mean:              47.4685
return_std:                6.6477	test_ep_length_mean:     200.0000	test_episode_length_mean:199.0000	test_return_mean:         59.8208
test_return_std:           6.9452	
2026-08-03 05:52:32,516 - my_experiment - advP_B_HC_op_nomm_42 - my_run - INFO - t_env: 4650200 / 5050000
2026-08-03 05:52:32,517 - my_experiment - advP_B_HC_op_nomm_42 - my_run - INFO - Estimated time left: 2 hours, 58 minutes, 16 seconds. Time passed: 1 days, 10 hours, 36 minutes, 43 seconds
2026-08-03 06:14:44,146 - my_experiment - advP_B_HC_op_nomm_42 - my_run - INFO - Recent Stats | t_env:    4700000 | Episode:    23500
ep_length_mean:          200.0000	episode_length_mean:     199.0000	epsilon:                   0.0500	grad_norm:               218.5920
info_nce_loss:             0.1774	loss:                      1.5025	q_loss:                    1.3659	return_mean:              48.1454
return_std:                6.0694	test_ep_length_mean:     200.0000	test_episode_length_mean:199.0000	test_return_mean:         59.0785
test_return_std:           6.0514	
2026-08-03 06:14:49,252 - my_experiment - advP_B_HC_op_nomm_42 - my_run - INFO - t_env: 4700200 / 5050000
2026-08-03 06:14:49,253 - my_experiment - advP_B_HC_op_nomm_42 - my_run - INFO - Estimated time left: 2 hours, 35 minutes, 51 seconds. Time passed: 1 days, 10 hours, 59 minutes, 0 seconds
2026-08-03 06:37:09,313 - my_experiment - advP_B_HC_op_nomm_42 - my_run - INFO - Recent Stats | t_env:    4750000 | Episode:    23750
ep_length_mean:          200.0000	episode_length_mean:     199.0000	epsilon:                   0.0500	grad_norm:               170.5889
info_nce_loss:             0.1768	loss:                      1.3853	q_loss:                    1.2594	return_mean:              47.3757
return_std:                6.2849	test_ep_length_mean:     200.0000	test_episode_length_mean:199.0000	test_return_mean:         58.9864
test_return_std:           6.8272	
2026-08-03 06:37:14,724 - my_experiment - advP_B_HC_op_nomm_42 - my_run - INFO - t_env: 4750200 / 5050000
2026-08-03 06:37:14,726 - my_experiment - advP_B_HC_op_nomm_42 - my_run - INFO - Estimated time left: 2 hours, 14 minutes, 27 seconds. Time passed: 1 days, 11 hours, 21 minutes, 25 seconds
2026-08-03 06:59:27,960 - my_experiment - advP_B_HC_op_nomm_42 - my_run - INFO - Recent Stats | t_env:    4800000 | Episode:    24000
ep_length_mean:          200.0000	episode_length_mean:     199.0000	epsilon:                   0.0500	grad_norm:               199.2965
info_nce_loss:             0.2222	loss:                      1.6035	q_loss:                    1.4577	return_mean:              47.2898
return_std:                6.3491	test_ep_length_mean:     200.0000	test_episode_length_mean:199.0000	test_return_mean:         59.8716
test_return_std:           6.7102	
2026-08-03 06:59:33,014 - my_experiment - advP_B_HC_op_nomm_42 - my_run - INFO - t_env: 4800200 / 5050000
2026-08-03 06:59:33,016 - my_experiment - advP_B_HC_op_nomm_42 - my_run - INFO - Estimated time left: 1 hours, 51 minutes, 26 seconds. Time passed: 1 days, 11 hours, 43 minutes, 43 seconds
2026-08-03 07:21:45,753 - my_experiment - advP_B_HC_op_nomm_42 - my_run - INFO - Recent Stats | t_env:    4850000 | Episode:    24250
ep_length_mean:          200.0000	episode_length_mean:     199.0000	epsilon:                   0.0500	grad_norm:               207.6256
info_nce_loss:             0.1265	loss:                      1.5644	q_loss:                    1.4222	return_mean:              46.4381
return_std:                6.5060	test_ep_length_mean:     200.0000	test_episode_length_mean:199.0000	test_return_mean:         59.4840
test_return_std:           7.1531	
2026-08-03 07:21:50,858 - my_experiment - advP_B_HC_op_nomm_42 - my_run - INFO - t_env: 4850200 / 5050000
2026-08-03 07:21:50,860 - my_experiment - advP_B_HC_op_nomm_42 - my_run - INFO - Estimated time left: 1 hours, 29 minutes, 6 seconds. Time passed: 1 days, 12 hours, 6 minutes, 1 seconds
2026-08-03 07:44:03,314 - my_experiment - advP_B_HC_op_nomm_42 - my_run - INFO - Recent Stats | t_env:    4900000 | Episode:    24500
ep_length_mean:          200.0000	episode_length_mean:     199.0000	epsilon:                   0.0500	grad_norm:               201.2452
info_nce_loss:             0.1705	loss:                      1.4967	q_loss:                    1.3606	return_mean:              45.3316
return_std:                6.3246	test_ep_length_mean:     200.0000	test_episode_length_mean:199.0000	test_return_mean:         59.3620
test_return_std:           7.3436	
2026-08-03 07:44:08,370 - my_experiment - advP_B_HC_op_nomm_42 - my_run - INFO - t_env: 4900200 / 5050000
2026-08-03 07:44:08,371 - my_experiment - advP_B_HC_op_nomm_42 - my_run - INFO - Estimated time left: 1 hours, 6 minutes, 47 seconds. Time passed: 1 days, 12 hours, 28 minutes, 19 seconds
2026-08-03 08:06:23,120 - my_experiment - advP_B_HC_op_nomm_42 - my_run - INFO - Recent Stats | t_env:    4950000 | Episode:    24750
ep_length_mean:          200.0000	episode_length_mean:     199.0000	epsilon:                   0.0500	grad_norm:               210.1719
info_nce_loss:             0.1596	loss:                      1.5597	q_loss:                    1.4180	return_mean:              46.8221
return_std:                6.4091	test_ep_length_mean:     200.0000	test_episode_length_mean:199.0000	test_return_mean:         58.7504
test_return_std:           7.8767	
2026-08-03 08:06:28,202 - my_experiment - advP_B_HC_op_nomm_42 - my_run - INFO - t_env: 4950200 / 5050000
2026-08-03 08:06:28,203 - my_experiment - advP_B_HC_op_nomm_42 - my_run - INFO - Estimated time left: 44 minutes, 34 seconds. Time passed: 1 days, 12 hours, 50 minutes, 39 seconds
2026-08-03 08:28:41,907 - my_experiment - advP_B_HC_op_nomm_42 - my_run - INFO - Recent Stats | t_env:    5000000 | Episode:    25000
ep_length_mean:          200.0000	episode_length_mean:     199.0000	epsilon:                   0.0500	grad_norm:               204.3578
info_nce_loss:             0.2848	loss:                      1.6642	q_loss:                    1.5129	return_mean:              47.9121
return_std:                7.1420	test_ep_length_mean:     200.0000	test_episode_length_mean:199.0000	test_return_mean:         58.1535
test_return_std:           6.7778	
2026-08-03 08:28:46,988 - my_experiment - advP_B_HC_op_nomm_42 - my_run - INFO - t_env: 5000200 / 5050000
2026-08-03 08:28:46,990 - my_experiment - advP_B_HC_op_nomm_42 - my_run - INFO - Estimated time left: 22 minutes, 13 seconds. Time passed: 1 days, 13 hours, 12 minutes, 57 seconds
2026-08-03 08:29:56,090 - my_experiment - advP_B_HC_op_nomm_42 - my_run - INFO - Saving models to work_dirs/my_experiment/advP_B_HC_op_nomm_42/my_run/20260801_191540/models/5000200
2026-08-03 08:50:59,857 - my_experiment - advP_B_HC_op_nomm_42 - my_run - INFO - Recent Stats | t_env:    5050000 | Episode:    25250
ep_length_mean:          200.0000	episode_length_mean:     199.0000	epsilon:                   0.0500	grad_norm:               253.1983
info_nce_loss:             0.2050	loss:                      1.7633	q_loss:                    1.6030	return_mean:              46.6002
return_std:                7.2394	test_ep_length_mean:     200.0000	test_episode_length_mean:199.0000	test_return_mean:         58.0331
test_return_std:           7.2051	
2026-08-03 08:51:04,936 - my_experiment - advP_B_HC_op_nomm_42 - my_run - INFO - t_env: 5050200 / 5050000
2026-08-03 08:51:04,938 - my_experiment - advP_B_HC_op_nomm_42 - my_run - INFO - Estimated time left: -. Time passed: 1 days, 13 hours, 35 minutes, 15 seconds
2026-08-03 08:52:13,830 - my_experiment - advP_B_HC_op_nomm_42 - my_run - INFO - Finished Training
