JOB ID: 2072539
Running on node: tikgpu09
Project Directory: /usr/itetnas04/data-scratch-01/pparsons/data/MyExpoComm
--------------------------------
Algorithm:   iql
Environment: MAgent_AdvPursuit
Profile:     advP_IQL_RNN_Spicy_44
--------------------------------
Conda activated: /usr/itetnas04/data-scratch-01/pparsons/data/conda_envs/ExpoComm
Starting Run...
Warning: Loaded 4 layers but model has 6 layers.
Exiting Main
Stopping all threads
Thread wandb-AsyncioManager-main is alive! Is daemon: True
Thread joined
Thread ChkStopThr is alive! Is daemon: True
Thread joined
Thread IntMsgThr is alive! Is daemon: True
Thread joined
Exiting script
[1;34mwandb[0m: 
[1;34mwandb[0m: 🚀 View run [33mmy_run-advP_IQL_RNN_5M_44-20260606_205707[0m at: [34mhttps://wandb.ai/peterparsons02-eth-z-rich/my_experiment/runs/bxn5lsgd[0m
[1;34mwandb[0m: Find logs at: [1;35mwandb/run-20260606_205708-bxn5lsgd/logs[0m
Finished at: Sun Jun  7 17:10:15 CEST 2026
