JOB ID: 1910236
Running on node: tikgpu07
Project Directory: /usr/itetnas04/data-scratch-01/pparsons/data/MyExpoComm
--------------------------------
Algorithm:   HybridComm
Environment: MAgent_AdvPursuit
Profile:     advP_Big_HybridComm_5M_44
--------------------------------
Conda activated: /usr/itetnas04/data-scratch-01/pparsons/data/conda_envs/ExpoComm
Starting Run...
Warning: Loaded 4 layers but model has 6 layers.
Exiting Main
Stopping all threads
Thread wandb-AsyncioManager-main is alive! Is daemon: True
Thread joined
Thread ChkStopThr is alive! Is daemon: True
Thread joined
Thread IntMsgThr is alive! Is daemon: True
Thread joined
Exiting script
[1;34mwandb[0m: 
[1;34mwandb[0m: 🚀 View run [33mmy_run-advP_Big_HybridComm_5M_44-20260426_043608[0m at: [34mhttps://wandb.ai/peterparsons02-eth-z-rich/my_experiment/runs/wxj08kxb[0m
[1;34mwandb[0m: Find logs at: [1;35mwandb/run-20260426_043610-wxj08kxb/logs[0m
Finished at: Mon Apr 27 19:12:05 CEST 2026
