Gym has been unmaintained since 2022 and does not support NumPy 2.0 amongst other critical functionality.
Please upgrade to Gymnasium, the maintained drop-in replacement of Gym, or contact the authors of your software and request that they upgrade.
Users of this version of Gym should be able to simply replace 'import gym' with 'import gymnasium as gym' in the vast majority of cases.
See the migration guide at https://gymnasium.farama.org/introduction/migration_guide/ for additional information.
src/main.py:81: DeprecationWarning: Using or importing the ABCs from 'collections' instead of from 'collections.abc' is deprecated since Python 3.3, and in 3.10 it will stop working
  if isinstance(v, collections.Mapping):
wandb: [wandb.login()] Loaded credentials for https://api.wandb.ai from /home/pparsons/.netrc.
wandb: Currently logged in as: peterparsons02 (peterparsons02-eth-z-rich) to https://api.wandb.ai. Use `wandb login --relogin` to force relogin
wandb: setting up run lr2m4oz6
wandb: Tracking run with wandb version 0.24.1
wandb: Run data is saved locally in /usr/itetnas04/data-scratch-01/pparsons/data/MyExpoComm/wandb/run-20260424_012140-lr2m4oz6
wandb: Run `wandb offline` to turn off syncing.
wandb: Syncing run my_run-advP_HybridComm_5M_42-20260424_012139
wandb: ⭐️ View project at https://wandb.ai/peterparsons02-eth-z-rich/my_experiment
wandb: 🚀 View run at https://wandb.ai/peterparsons02-eth-z-rich/my_experiment/runs/lr2m4oz6
2026-04-24 01:21:41,909 - my_experiment - advP_HybridComm_5M_42 - my_run - INFO - Current directory: /usr/itetnas04/data-scratch-01/pparsons/data/MyExpoComm.
2026-04-24 01:21:41,909 - my_experiment - advP_HybridComm_5M_42 - my_run - INFO - Experiment Parameters:
2026-04-24 01:21:41,911 - my_experiment - advP_HybridComm_5M_42 - my_run - INFO - 

{   'action_selector': 'epsilon_greedy',
    'add_value_last_step': True,
    'agent': 'ExpoComm_one_peer_cont',
    'agent_output_type': 'q',
    'attention_dim': 32,
    'aux_coef': 0.1,
    'batch_size': 32,
    'batch_size_run': 1,
    'buffer_cpu_only': True,
    'buffer_size': 2000,
    'checkpoint_path': '',
    'double_q': True,
    'env': 'MAgent_AdvPursuit',
    'env_args': {   'global_reward': False,
                    'map_name': 'adversarial_pursuit_view8',
                    'map_size': 45,
                    'max_cycles': 200,
                    'minimap_mode': True,
                    'pretrained_ckpt': 'prey_params.pt',
                    'seed': 42},
    'epsilon_anneal_time': 1000000,
    'epsilon_finish': 0.05,
    'epsilon_start': 1.0,
    'evaluate': False,
    'evaluation_epsilon': 0.0,
    'exp_name': 'my_experiment',
    'gamma': 0.99,
    'global_reward': True,
    'grad_norm_clip': 10,
    'hidden_dim': 64,
    'hypergroup': None,
    'label': 'default_label',
    'learner': 'hybrid_comm_learner',
    'learner_log_interval': 10000,
    'load_step': 0,
    'local_results_path': 'results',
    'log_interval': 50000,
    'lr': 0.0005,
    'mac': 'ExpoComm_mac',
    'mixer': None,
    'name': 'advP_HybridComm_5M_42',
    'neg_num': 20,
    'obs_agent_id': True,
    'obs_individual_obs': False,
    'obs_last_action': True,
    'one_peer': True,
    'optim_alpha': 0.99,
    'optim_eps': 1e-05,
    'render': False,
    'repeat_id': 1,
    'run_name': 'my_run',
    'runner': 'episode',
    'runner_log_interval': 10000,
    'save_model': True,
    'save_model_interval': 200000,
    'save_replay': False,
    'seed': 42,
    'standardise_returns': False,
    'standardise_rewards': True,
    't_max': 5050000,
    'target_update_interval_or_tau': 200,
    'temperature': 0.07,
    'test_greedy': True,
    'test_interval': 50000,
    'test_nepisode': 100,
    'topk_neighbors': 7,
    'use_cuda': True,
    'use_rnn': True,
    'use_tensorboard': True,
    'work_dir': 'work_dirs/my_experiment/advP_HybridComm_5M_42/my_run/20260424_012139'}

/usr/itetnas04/data-scratch-01/pparsons/data/conda_envs/ExpoComm/lib/python3.8/site-packages/pettingzoo/utils/conversions.py:41: UserWarning: The `from_parallel` function is deprecated. Use the `parallel_to_aec` function instead.
  warnings.warn("The `from_parallel` function is deprecated. Use the `parallel_to_aec` function instead.")
/usr/itetnas04/data-scratch-01/pparsons/data/conda_envs/ExpoComm/lib/python3.8/site-packages/pettingzoo/utils/wrappers/base.py:44: UserWarning: The `observation_spaces` dictionary is deprecated. Use the `observation_space` function instead.
  warnings.warn("The `observation_spaces` dictionary is deprecated. Use the `observation_space` function instead.")
/usr/itetnas04/data-scratch-01/pparsons/data/conda_envs/ExpoComm/lib/python3.8/site-packages/pettingzoo/utils/conversions.py:36: UserWarning: The `to_parallel` function is deprecated. Use the `aec_to_parallel` function instead.
  warnings.warn("The `to_parallel` function is deprecated. Use the `aec_to_parallel` function instead.")
/usr/itetnas04/data-scratch-01/pparsons/data/conda_envs/ExpoComm/lib/python3.8/site-packages/pettingzoo/utils/conversions.py:80: UserWarning: The `action_spaces` dictionary is deprecated. Use the `action_space` function instead.
  warnings.warn("The `action_spaces` dictionary is deprecated. Use the `action_space` function instead.")
/usr/itetnas04/data-scratch-01/pparsons/data/conda_envs/ExpoComm/lib/python3.8/site-packages/pettingzoo/utils/wrappers/base.py:52: UserWarning: The `action_spaces` dictionary is deprecated. Use the `action_space` function instead.
  warnings.warn("The `action_spaces` dictionary is deprecated. Use the `action_space` function instead.")
/usr/itetnas04/data-scratch-01/pparsons/data/conda_envs/ExpoComm/lib/python3.8/site-packages/pettingzoo/utils/conversions.py:72: UserWarning: The `observation_spaces` dictionary is deprecated. Use the `observation_space` function instead.
  warnings.warn("The `observation_spaces` dictionary is deprecated. Use the `observation_space` function instead.")
2026-04-24 01:21:45,615 - my_experiment - advP_HybridComm_5M_42 - my_run - INFO - Beginning training for 5050000 timesteps
/usr/itetnas04/data-scratch-01/pparsons/data/MyExpoComm/src/envs/adv_pursuit_wrappers.py:240: UserWarning: To copy construct from a tensor, it is recommended to use sourceTensor.clone().detach() or sourceTensor.clone().detach().requires_grad_(True), rather than torch.tensor(sourceTensor).
  actions = th.tensor(actions, dtype=th.long)
2026-04-24 01:21:48,946 - my_experiment - advP_HybridComm_5M_42 - my_run - INFO - t_env: 200 / 5050000
2026-04-24 01:21:48,947 - my_experiment - advP_HybridComm_5M_42 - my_run - INFO - Estimated time left: 5 minutes, 35 seconds. Time passed: 3 seconds
2026-04-24 01:26:29,118 - my_experiment - advP_HybridComm_5M_42 - my_run - INFO - Saving models to work_dirs/my_experiment/advP_HybridComm_5M_42/my_run/20260424_012139/models/200
2026-04-24 01:40:52,022 - my_experiment - advP_HybridComm_5M_42 - my_run - INFO - Recent Stats | t_env:      50000 | Episode:      250
ep_length_mean:          200.0000	episode_length_mean:     199.0000	epsilon:                   0.9620	grad_norm:                 2.5757
info_nce_loss:             2.4492	loss:                      0.9321	q_loss:                    0.8474	return_mean:             -21.1782
return_std:                0.7238	test_ep_length_mean:     200.0000	test_episode_length_mean:199.0000	test_return_mean:        -23.9906
test_return_std:           4.2545	
2026-04-24 01:40:55,964 - my_experiment - advP_HybridComm_5M_42 - my_run - INFO - t_env: 50200 / 5050000
2026-04-24 01:40:55,965 - my_experiment - advP_HybridComm_5M_42 - my_run - INFO - Estimated time left: 1 days, 7 hours, 51 minutes, 37 seconds. Time passed: 19 minutes, 10 seconds
2026-04-24 02:00:23,891 - my_experiment - advP_HybridComm_5M_42 - my_run - INFO - Recent Stats | t_env:     100000 | Episode:      500
ep_length_mean:          200.0000	episode_length_mean:     199.0000	epsilon:                   0.9145	grad_norm:                 2.1976
info_nce_loss:             1.4448	loss:                      1.1477	q_loss:                    1.0433	return_mean:             -18.3267
return_std:                1.3085	test_ep_length_mean:     200.0000	test_episode_length_mean:199.0000	test_return_mean:         15.7928
test_return_std:           9.4377	
2026-04-24 02:00:27,346 - my_experiment - advP_HybridComm_5M_42 - my_run - INFO - t_env: 100200 / 5050000
2026-04-24 02:00:27,347 - my_experiment - advP_HybridComm_5M_42 - my_run - INFO - Estimated time left: 1 days, 8 hours, 12 minutes, 42 seconds. Time passed: 38 minutes, 41 seconds
2026-04-24 02:19:38,263 - my_experiment - advP_HybridComm_5M_42 - my_run - INFO - Recent Stats | t_env:     150000 | Episode:      750
ep_length_mean:          200.0000	episode_length_mean:     199.0000	epsilon:                   0.8670	grad_norm:                11.0872
info_nce_loss:             0.4815	loss:                      2.3401	q_loss:                    2.1273	return_mean:             -12.4846
return_std:                1.7886	test_ep_length_mean:     200.0000	test_episode_length_mean:199.0000	test_return_mean:         44.0569
test_return_std:          11.1866	
2026-04-24 02:19:41,739 - my_experiment - advP_HybridComm_5M_42 - my_run - INFO - t_env: 150200 / 5050000
2026-04-24 02:19:41,740 - my_experiment - advP_HybridComm_5M_42 - my_run - INFO - Estimated time left: 1 days, 7 hours, 25 minutes, 25 seconds. Time passed: 57 minutes, 56 seconds
2026-04-24 02:39:07,338 - my_experiment - advP_HybridComm_5M_42 - my_run - INFO - Recent Stats | t_env:     200000 | Episode:     1000
ep_length_mean:          200.0000	episode_length_mean:     199.0000	epsilon:                   0.8195	grad_norm:                11.5672
info_nce_loss:             0.4779	loss:                      3.5466	q_loss:                    3.2242	return_mean:              -7.4193
return_std:                2.3913	test_ep_length_mean:     200.0000	test_episode_length_mean:199.0000	test_return_mean:         63.9485
test_return_std:          11.6415	
2026-04-24 02:39:10,948 - my_experiment - advP_HybridComm_5M_42 - my_run - INFO - t_env: 200200 / 5050000
2026-04-24 02:39:10,949 - my_experiment - advP_HybridComm_5M_42 - my_run - INFO - Estimated time left: 1 days, 7 hours, 30 minutes, 8 seconds. Time passed: 1 hours, 17 minutes, 25 seconds
2026-04-24 02:43:33,133 - my_experiment - advP_HybridComm_5M_42 - my_run - INFO - Saving models to work_dirs/my_experiment/advP_HybridComm_5M_42/my_run/20260424_012139/models/200200
2026-04-24 02:58:01,085 - my_experiment - advP_HybridComm_5M_42 - my_run - INFO - Recent Stats | t_env:     250000 | Episode:     1250
ep_length_mean:          200.0000	episode_length_mean:     199.0000	epsilon:                   0.7720	grad_norm:                38.6622
info_nce_loss:             0.3538	loss:                      8.1686	q_loss:                    7.4260	return_mean:               0.3058
return_std:                2.7419	test_ep_length_mean:     200.0000	test_episode_length_mean:199.0000	test_return_mean:         75.7744
test_return_std:          11.7775	
2026-04-24 02:58:04,620 - my_experiment - advP_HybridComm_5M_42 - my_run - INFO - t_env: 250200 / 5050000
2026-04-24 02:58:04,621 - my_experiment - advP_HybridComm_5M_42 - my_run - INFO - Estimated time left: 1 days, 6 hours, 13 minutes, 47 seconds. Time passed: 1 hours, 36 minutes, 19 seconds
2026-04-24 03:17:14,919 - my_experiment - advP_HybridComm_5M_42 - my_run - INFO - Recent Stats | t_env:     300000 | Episode:     1500
ep_length_mean:          200.0000	episode_length_mean:     199.0000	epsilon:                   0.7245	grad_norm:                27.8875
info_nce_loss:             1.3897	loss:                      6.9412	q_loss:                    6.3102	return_mean:               8.4124
return_std:                3.2298	test_ep_length_mean:     200.0000	test_episode_length_mean:199.0000	test_return_mean:        104.9797
test_return_std:          13.3498	
2026-04-24 03:17:18,421 - my_experiment - advP_HybridComm_5M_42 - my_run - INFO - t_env: 300200 / 5050000
2026-04-24 03:17:18,422 - my_experiment - advP_HybridComm_5M_42 - my_run - INFO - Estimated time left: 1 days, 6 hours, 26 minutes, 46 seconds. Time passed: 1 hours, 55 minutes, 32 seconds
2026-04-24 03:36:03,505 - my_experiment - advP_HybridComm_5M_42 - my_run - INFO - Recent Stats | t_env:     350000 | Episode:     1750
ep_length_mean:          200.0000	episode_length_mean:     199.0000	epsilon:                   0.6770	grad_norm:                37.3277
info_nce_loss:             0.4304	loss:                      8.3499	q_loss:                    7.5908	return_mean:              16.9464
return_std:                3.4888	test_ep_length_mean:     200.0000	test_episode_length_mean:199.0000	test_return_mean:        119.0437
test_return_std:          13.0628	
2026-04-24 03:36:06,884 - my_experiment - advP_HybridComm_5M_42 - my_run - INFO - t_env: 350200 / 5050000
2026-04-24 03:36:06,885 - my_experiment - advP_HybridComm_5M_42 - my_run - INFO - Estimated time left: 1 days, 5 hours, 27 minutes, 50 seconds. Time passed: 2 hours, 14 minutes, 21 seconds
2026-04-24 03:55:04,530 - my_experiment - advP_HybridComm_5M_42 - my_run - INFO - Recent Stats | t_env:     400000 | Episode:     2000
ep_length_mean:          200.0000	episode_length_mean:     199.0000	epsilon:                   0.6295	grad_norm:                58.9276
info_nce_loss:             0.2392	loss:                      9.8833	q_loss:                    8.9849	return_mean:              25.5980
return_std:                3.5479	test_ep_length_mean:     200.0000	test_episode_length_mean:199.0000	test_return_mean:        123.9661
test_return_std:          12.5320	
2026-04-24 03:55:07,923 - my_experiment - advP_HybridComm_5M_42 - my_run - INFO - t_env: 400200 / 5050000
2026-04-24 03:55:07,924 - my_experiment - advP_HybridComm_5M_42 - my_run - INFO - Estimated time left: 1 days, 5 hours, 28 minutes, 31 seconds. Time passed: 2 hours, 33 minutes, 22 seconds
2026-04-24 03:59:37,723 - my_experiment - advP_HybridComm_5M_42 - my_run - INFO - Saving models to work_dirs/my_experiment/advP_HybridComm_5M_42/my_run/20260424_012139/models/400200
2026-04-24 04:14:10,874 - my_experiment - advP_HybridComm_5M_42 - my_run - INFO - Recent Stats | t_env:     450000 | Episode:     2250
ep_length_mean:          200.0000	episode_length_mean:     199.0000	epsilon:                   0.5820	grad_norm:                83.7828
info_nce_loss:             0.3830	loss:                     13.2177	q_loss:                   12.0161	return_mean:              34.1742
return_std:                3.8922	test_ep_length_mean:     200.0000	test_episode_length_mean:199.0000	test_return_mean:        125.3549
test_return_std:          11.9185	
2026-04-24 04:14:14,248 - my_experiment - advP_HybridComm_5M_42 - my_run - INFO - t_env: 450200 / 5050000
2026-04-24 04:14:14,249 - my_experiment - advP_HybridComm_5M_42 - my_run - INFO - Estimated time left: 1 days, 5 hours, 17 minutes, 37 seconds. Time passed: 2 hours, 52 minutes, 28 seconds
2026-04-24 04:33:20,201 - my_experiment - advP_HybridComm_5M_42 - my_run - INFO - Recent Stats | t_env:     500000 | Episode:     2500
ep_length_mean:          200.0000	episode_length_mean:     199.0000	epsilon:                   0.5345	grad_norm:                84.6032
info_nce_loss:             0.3108	loss:                     12.4301	q_loss:                   11.3001	return_mean:              43.0796
return_std:                4.0303	test_ep_length_mean:     200.0000	test_episode_length_mean:199.0000	test_return_mean:        126.5487
test_return_std:          12.3110	
2026-04-24 04:33:23,669 - my_experiment - advP_HybridComm_5M_42 - my_run - INFO - t_env: 500200 / 5050000
2026-04-24 04:33:23,670 - my_experiment - advP_HybridComm_5M_42 - my_run - INFO - Estimated time left: 1 days, 5 hours, 3 minutes, 12 seconds. Time passed: 3 hours, 11 minutes, 38 seconds
2026-04-24 04:52:25,997 - my_experiment - advP_HybridComm_5M_42 - my_run - INFO - Recent Stats | t_env:     550000 | Episode:     2750
ep_length_mean:          200.0000	episode_length_mean:     199.0000	epsilon:                   0.4870	grad_norm:               172.8328
info_nce_loss:             0.0723	loss:                     11.9024	q_loss:                   10.8203	return_mean:              51.9434
return_std:                4.0364	test_ep_length_mean:     200.0000	test_episode_length_mean:199.0000	test_return_mean:        129.0240
test_return_std:          11.9284	
2026-04-24 04:52:29,473 - my_experiment - advP_HybridComm_5M_42 - my_run - INFO - t_env: 550200 / 5050000
2026-04-24 04:52:29,475 - my_experiment - advP_HybridComm_5M_42 - my_run - INFO - Estimated time left: 1 days, 4 hours, 38 minutes, 37 seconds. Time passed: 3 hours, 30 minutes, 43 seconds
2026-04-24 05:11:33,064 - my_experiment - advP_HybridComm_5M_42 - my_run - INFO - Recent Stats | t_env:     600000 | Episode:     3000
ep_length_mean:          200.0000	episode_length_mean:     199.0000	epsilon:                   0.4395	grad_norm:               282.1125
info_nce_loss:             0.1010	loss:                     12.9037	q_loss:                   11.7306	return_mean:              60.1368
return_std:                4.4474	test_ep_length_mean:     200.0000	test_episode_length_mean:199.0000	test_return_mean:        130.5032
test_return_std:          11.4353	
2026-04-24 05:11:36,447 - my_experiment - advP_HybridComm_5M_42 - my_run - INFO - t_env: 600200 / 5050000
2026-04-24 05:11:36,448 - my_experiment - advP_HybridComm_5M_42 - my_run - INFO - Estimated time left: 1 days, 4 hours, 21 minutes, 15 seconds. Time passed: 3 hours, 49 minutes, 50 seconds
2026-04-24 05:15:58,006 - my_experiment - advP_HybridComm_5M_42 - my_run - INFO - Saving models to work_dirs/my_experiment/advP_HybridComm_5M_42/my_run/20260424_012139/models/600200
2026-04-24 05:30:22,276 - my_experiment - advP_HybridComm_5M_42 - my_run - INFO - Recent Stats | t_env:     650000 | Episode:     3250
ep_length_mean:          200.0000	episode_length_mean:     199.0000	epsilon:                   0.3920	grad_norm:               359.6141
info_nce_loss:             0.0686	loss:                     10.5387	q_loss:                    9.5806	return_mean:              69.0282
return_std:                4.1755	test_ep_length_mean:     200.0000	test_episode_length_mean:199.0000	test_return_mean:        132.6452
test_return_std:          11.0405	
2026-04-24 05:30:25,748 - my_experiment - advP_HybridComm_5M_42 - my_run - INFO - t_env: 650200 / 5050000
2026-04-24 05:30:25,749 - my_experiment - advP_HybridComm_5M_42 - my_run - INFO - Estimated time left: 1 days, 3 hours, 36 minutes, 13 seconds. Time passed: 4 hours, 8 minutes, 40 seconds
2026-04-24 05:49:19,300 - my_experiment - advP_HybridComm_5M_42 - my_run - INFO - Recent Stats | t_env:     700000 | Episode:     3500
ep_length_mean:          200.0000	episode_length_mean:     199.0000	epsilon:                   0.3445	grad_norm:               627.1593
info_nce_loss:             0.0735	loss:                      9.4789	q_loss:                    8.6172	return_mean:              77.6867
return_std:                4.1471	test_ep_length_mean:     200.0000	test_episode_length_mean:199.0000	test_return_mean:        133.6868
test_return_std:          10.7894	
2026-04-24 05:49:22,755 - my_experiment - advP_HybridComm_5M_42 - my_run - INFO - t_env: 700200 / 5050000
2026-04-24 05:49:22,756 - my_experiment - advP_HybridComm_5M_42 - my_run - INFO - Estimated time left: 1 days, 3 hours, 28 minutes, 35 seconds. Time passed: 4 hours, 27 minutes, 37 seconds
2026-04-24 06:08:37,585 - my_experiment - advP_HybridComm_5M_42 - my_run - INFO - Recent Stats | t_env:     750000 | Episode:     3750
ep_length_mean:          200.0000	episode_length_mean:     199.0000	epsilon:                   0.2970	grad_norm:               903.7732
info_nce_loss:             0.0505	loss:                      9.6126	q_loss:                    8.7388	return_mean:              85.7677
return_std:                4.9201	test_ep_length_mean:     200.0000	test_episode_length_mean:199.0000	test_return_mean:        134.9645
test_return_std:           9.8260	
2026-04-24 06:08:41,081 - my_experiment - advP_HybridComm_5M_42 - my_run - INFO - t_env: 750200 / 5050000
2026-04-24 06:08:41,082 - my_experiment - advP_HybridComm_5M_42 - my_run - INFO - Estimated time left: 1 days, 3 hours, 40 minutes, 11 seconds. Time passed: 4 hours, 46 minutes, 55 seconds
2026-04-24 06:27:40,611 - my_experiment - advP_HybridComm_5M_42 - my_run - INFO - Recent Stats | t_env:     800000 | Episode:     4000
ep_length_mean:          200.0000	episode_length_mean:     199.0000	epsilon:                   0.2495	grad_norm:               1091.9162
info_nce_loss:             0.0508	loss:                      9.4084	q_loss:                    8.5531	return_mean:              94.0957
return_std:                4.5743	test_ep_length_mean:     200.0000	test_episode_length_mean:199.0000	test_return_mean:        135.3169
test_return_std:           9.9038	
2026-04-24 06:27:43,992 - my_experiment - advP_HybridComm_5M_42 - my_run - INFO - t_env: 800200 / 5050000
2026-04-24 06:27:43,993 - my_experiment - advP_HybridComm_5M_42 - my_run - INFO - Estimated time left: 1 days, 2 hours, 59 minutes, 2 seconds. Time passed: 5 hours, 5 minutes, 58 seconds
2026-04-24 06:32:03,701 - my_experiment - advP_HybridComm_5M_42 - my_run - INFO - Saving models to work_dirs/my_experiment/advP_HybridComm_5M_42/my_run/20260424_012139/models/800200
2026-04-24 06:46:05,908 - my_experiment - advP_HybridComm_5M_42 - my_run - INFO - Recent Stats | t_env:     850000 | Episode:     4250
ep_length_mean:          200.0000	episode_length_mean:     199.0000	epsilon:                   0.2020	grad_norm:               1228.4086
info_nce_loss:             0.0990	loss:                      9.2347	q_loss:                    8.3951	return_mean:             103.1185
return_std:                5.4726	test_ep_length_mean:     200.0000	test_episode_length_mean:199.0000	test_return_mean:        136.2726
test_return_std:           9.6640	
2026-04-24 06:46:09,243 - my_experiment - advP_HybridComm_5M_42 - my_run - INFO - t_env: 850200 / 5050000
2026-04-24 06:46:09,244 - my_experiment - advP_HybridComm_5M_42 - my_run - INFO - Estimated time left: 1 days, 1 hours, 47 minutes, 16 seconds. Time passed: 5 hours, 24 minutes, 23 seconds
2026-04-24 07:04:52,399 - my_experiment - advP_HybridComm_5M_42 - my_run - INFO - Recent Stats | t_env:     900000 | Episode:     4500
ep_length_mean:          200.0000	episode_length_mean:     199.0000	epsilon:                   0.1545	grad_norm:               1360.9744
info_nce_loss:             0.0594	loss:                      8.8082	q_loss:                    8.0074	return_mean:             111.1870
return_std:                5.7580	test_ep_length_mean:     200.0000	test_episode_length_mean:199.0000	test_return_mean:        137.0570
test_return_std:           9.3882	
2026-04-24 07:04:55,745 - my_experiment - advP_HybridComm_5M_42 - my_run - INFO - t_env: 900200 / 5050000
2026-04-24 07:04:55,746 - my_experiment - advP_HybridComm_5M_42 - my_run - INFO - Estimated time left: 1 days, 1 hours, 58 minutes, 15 seconds. Time passed: 5 hours, 43 minutes, 10 seconds
2026-04-24 07:23:18,416 - my_experiment - advP_HybridComm_5M_42 - my_run - INFO - Recent Stats | t_env:     950000 | Episode:     4750
ep_length_mean:          200.0000	episode_length_mean:     199.0000	epsilon:                   0.1070	grad_norm:               1578.7819
info_nce_loss:             0.0827	loss:                      9.0108	q_loss:                    8.1917	return_mean:             120.2934
return_std:                5.8813	test_ep_length_mean:     200.0000	test_episode_length_mean:199.0000	test_return_mean:        137.5655
test_return_std:           9.5616	
2026-04-24 07:23:21,790 - my_experiment - advP_HybridComm_5M_42 - my_run - INFO - t_env: 950200 / 5050000
2026-04-24 07:23:21,791 - my_experiment - advP_HybridComm_5M_42 - my_run - INFO - Estimated time left: 1 days, 1 hours, 11 minutes, 31 seconds. Time passed: 6 hours, 1 minutes, 36 seconds
2026-04-24 07:42:19,924 - my_experiment - advP_HybridComm_5M_42 - my_run - INFO - Recent Stats | t_env:    1000000 | Episode:     5000
ep_length_mean:          200.0000	episode_length_mean:     199.0000	epsilon:                   0.0595	grad_norm:               1465.2368
info_nce_loss:             0.0594	loss:                      8.6321	q_loss:                    7.8473	return_mean:             127.4323
return_std:                7.0746	test_ep_length_mean:     200.0000	test_episode_length_mean:199.0000	test_return_mean:        138.5980
test_return_std:           9.1950	
2026-04-24 07:42:23,592 - my_experiment - advP_HybridComm_5M_42 - my_run - INFO - t_env: 1000200 / 5050000
2026-04-24 07:42:23,593 - my_experiment - advP_HybridComm_5M_42 - my_run - INFO - Estimated time left: 1 days, 1 hours, 41 minutes, 21 seconds. Time passed: 6 hours, 20 minutes, 37 seconds
2026-04-24 07:46:54,226 - my_experiment - advP_HybridComm_5M_42 - my_run - INFO - Saving models to work_dirs/my_experiment/advP_HybridComm_5M_42/my_run/20260424_012139/models/1000200
2026-04-24 08:01:28,742 - my_experiment - advP_HybridComm_5M_42 - my_run - INFO - Recent Stats | t_env:    1050000 | Episode:     5250
ep_length_mean:          200.0000	episode_length_mean:     199.0000	epsilon:                   0.0500	grad_norm:               1802.0735
info_nce_loss:             0.0489	loss:                      9.2933	q_loss:                    8.4484	return_mean:             134.0950
return_std:                6.6122	test_ep_length_mean:     200.0000	test_episode_length_mean:199.0000	test_return_mean:        139.6890
test_return_std:           8.8504	
2026-04-24 08:01:32,208 - my_experiment - advP_HybridComm_5M_42 - my_run - INFO - t_env: 1050200 / 5050000
2026-04-24 08:01:32,208 - my_experiment - advP_HybridComm_5M_42 - my_run - INFO - Estimated time left: 1 days, 1 hours, 31 minutes, 24 seconds. Time passed: 6 hours, 39 minutes, 46 seconds
2026-04-24 08:20:15,230 - my_experiment - advP_HybridComm_5M_42 - my_run - INFO - Recent Stats | t_env:    1100000 | Episode:     5500
ep_length_mean:          200.0000	episode_length_mean:     199.0000	epsilon:                   0.0500	grad_norm:               1779.1815
info_nce_loss:             0.0659	loss:                      8.0131	q_loss:                    7.2846	return_mean:             136.3653
return_std:                6.3709	test_ep_length_mean:     200.0000	test_episode_length_mean:199.0000	test_return_mean:        140.5574
test_return_std:           8.6724	
2026-04-24 08:20:18,828 - my_experiment - advP_HybridComm_5M_42 - my_run - INFO - t_env: 1100200 / 5050000
2026-04-24 08:20:18,829 - my_experiment - advP_HybridComm_5M_42 - my_run - INFO - Estimated time left: 1 days, 43 minutes, 18 seconds. Time passed: 6 hours, 58 minutes, 33 seconds
2026-04-24 08:38:59,911 - my_experiment - advP_HybridComm_5M_42 - my_run - INFO - Recent Stats | t_env:    1150000 | Episode:     5750
ep_length_mean:          200.0000	episode_length_mean:     199.0000	epsilon:                   0.0500	grad_norm:               1887.8514
info_nce_loss:             0.0906	loss:                      8.4213	q_loss:                    7.6557	return_mean:             135.1349
return_std:                6.8529	test_ep_length_mean:     200.0000	test_episode_length_mean:199.0000	test_return_mean:        141.3122
test_return_std:           8.5211	
2026-04-24 08:39:03,669 - my_experiment - advP_HybridComm_5M_42 - my_run - INFO - t_env: 1150200 / 5050000
2026-04-24 08:39:03,670 - my_experiment - advP_HybridComm_5M_42 - my_run - INFO - Estimated time left: 1 days, 22 minutes, 13 seconds. Time passed: 7 hours, 17 minutes, 18 seconds
2026-04-24 08:57:48,109 - my_experiment - advP_HybridComm_5M_42 - my_run - INFO - Recent Stats | t_env:    1200000 | Episode:     6000
ep_length_mean:          200.0000	episode_length_mean:     199.0000	epsilon:                   0.0500	grad_norm:               1816.9451
info_nce_loss:             0.0859	loss:                      7.3615	q_loss:                    6.6923	return_mean:             135.8484
return_std:                6.6071	test_ep_length_mean:     200.0000	test_episode_length_mean:199.0000	test_return_mean:        142.5073
test_return_std:           8.0283	
2026-04-24 08:57:51,443 - my_experiment - advP_HybridComm_5M_42 - my_run - INFO - t_env: 1200200 / 5050000
2026-04-24 08:57:51,444 - my_experiment - advP_HybridComm_5M_42 - my_run - INFO - Estimated time left: 1 days, 7 minutes, 14 seconds. Time passed: 7 hours, 36 minutes, 5 seconds
2026-04-24 09:02:09,470 - my_experiment - advP_HybridComm_5M_42 - my_run - INFO - Saving models to work_dirs/my_experiment/advP_HybridComm_5M_42/my_run/20260424_012139/models/1200200
2026-04-24 09:16:33,043 - my_experiment - advP_HybridComm_5M_42 - my_run - INFO - Recent Stats | t_env:    1250000 | Episode:     6250
ep_length_mean:          200.0000	episode_length_mean:     199.0000	epsilon:                   0.0500	grad_norm:               1967.1385
info_nce_loss:             0.0796	loss:                      7.5654	q_loss:                    6.8776	return_mean:             136.5526
return_std:                6.9750	test_ep_length_mean:     200.0000	test_episode_length_mean:199.0000	test_return_mean:        143.3376
test_return_std:           8.0986	
2026-04-24 09:16:36,392 - my_experiment - advP_HybridComm_5M_42 - my_run - INFO - t_env: 1250200 / 5050000
2026-04-24 09:16:36,393 - my_experiment - advP_HybridComm_5M_42 - my_run - INFO - Estimated time left: 23 hours, 44 minutes, 51 seconds. Time passed: 7 hours, 54 minutes, 50 seconds
2026-04-24 09:35:33,455 - my_experiment - advP_HybridComm_5M_42 - my_run - INFO - Recent Stats | t_env:    1300000 | Episode:     6500
ep_length_mean:          200.0000	episode_length_mean:     199.0000	epsilon:                   0.0500	grad_norm:               1863.5612
info_nce_loss:             0.0319	loss:                      6.8266	q_loss:                    6.2060	return_mean:             136.4596
return_std:                6.8019	test_ep_length_mean:     200.0000	test_episode_length_mean:199.0000	test_return_mean:        144.3318
test_return_std:           7.7690	
2026-04-24 09:35:37,092 - my_experiment - advP_HybridComm_5M_42 - my_run - INFO - t_env: 1300200 / 5050000
2026-04-24 09:35:37,092 - my_experiment - advP_HybridComm_5M_42 - my_run - INFO - Estimated time left: 23 hours, 45 minutes, 47 seconds. Time passed: 8 hours, 13 minutes, 51 seconds
2026-04-24 09:54:17,881 - my_experiment - advP_HybridComm_5M_42 - my_run - INFO - Recent Stats | t_env:    1350000 | Episode:     6750
ep_length_mean:          200.0000	episode_length_mean:     199.0000	epsilon:                   0.0500	grad_norm:               2068.9185
info_nce_loss:             0.0339	loss:                      7.3703	q_loss:                    6.7002	return_mean:             137.7941
return_std:                6.2681	test_ep_length_mean:     200.0000	test_episode_length_mean:199.0000	test_return_mean:        144.7340
test_return_std:           7.6523	
2026-04-24 09:54:21,215 - my_experiment - advP_HybridComm_5M_42 - my_run - INFO - t_env: 1350200 / 5050000
2026-04-24 09:54:21,216 - my_experiment - advP_HybridComm_5M_42 - my_run - INFO - Estimated time left: 23 hours, 6 minutes, 20 seconds. Time passed: 8 hours, 32 minutes, 35 seconds
2026-04-24 10:12:50,365 - my_experiment - advP_HybridComm_5M_42 - my_run - INFO - Recent Stats | t_env:    1400000 | Episode:     7000
ep_length_mean:          200.0000	episode_length_mean:     199.0000	epsilon:                   0.0500	grad_norm:               1885.3638
info_nce_loss:             0.0255	loss:                      6.6356	q_loss:                    6.0324	return_mean:             138.0730
return_std:                6.1257	test_ep_length_mean:     200.0000	test_episode_length_mean:199.0000	test_return_mean:        145.1960
test_return_std:           7.5224	
2026-04-24 10:12:53,834 - my_experiment - advP_HybridComm_5M_42 - my_run - INFO - t_env: 1400200 / 5050000
2026-04-24 10:12:53,835 - my_experiment - advP_HybridComm_5M_42 - my_run - INFO - Estimated time left: 22 hours, 33 minutes, 36 seconds. Time passed: 8 hours, 51 minutes, 8 seconds
2026-04-24 10:17:16,729 - my_experiment - advP_HybridComm_5M_42 - my_run - INFO - Saving models to work_dirs/my_experiment/advP_HybridComm_5M_42/my_run/20260424_012139/models/1400200
2026-04-24 10:31:35,327 - my_experiment - advP_HybridComm_5M_42 - my_run - INFO - Recent Stats | t_env:    1450000 | Episode:     7250
ep_length_mean:          200.0000	episode_length_mean:     199.0000	epsilon:                   0.0500	grad_norm:               2007.0571
info_nce_loss:             0.0552	loss:                      6.9408	q_loss:                    6.3098	return_mean:             138.7309
return_std:                5.4466	test_ep_length_mean:     200.0000	test_episode_length_mean:199.0000	test_return_mean:        145.8822
test_return_std:           7.6135	
2026-04-24 10:31:38,660 - my_experiment - advP_HybridComm_5M_42 - my_run - INFO - t_env: 1450200 / 5050000
2026-04-24 10:31:38,661 - my_experiment - advP_HybridComm_5M_42 - my_run - INFO - Estimated time left: 22 hours, 29 minutes, 42 seconds. Time passed: 9 hours, 9 minutes, 53 seconds
2026-04-24 10:50:28,125 - my_experiment - advP_HybridComm_5M_42 - my_run - INFO - Recent Stats | t_env:    1500000 | Episode:     7500
ep_length_mean:          200.0000	episode_length_mean:     199.0000	epsilon:                   0.0500	grad_norm:               1883.6133
info_nce_loss:             0.0638	loss:                      6.2885	q_loss:                    5.7169	return_mean:             139.2287
return_std:                5.7888	test_ep_length_mean:     200.0000	test_episode_length_mean:199.0000	test_return_mean:        146.5127
test_return_std:           7.5596	
2026-04-24 10:50:31,557 - my_experiment - advP_HybridComm_5M_42 - my_run - INFO - t_env: 1500200 / 5050000
2026-04-24 10:50:31,558 - my_experiment - advP_HybridComm_5M_42 - my_run - INFO - Estimated time left: 22 hours, 20 minutes, 31 seconds. Time passed: 9 hours, 28 minutes, 45 seconds
2026-04-24 11:09:18,606 - my_experiment - advP_HybridComm_5M_42 - my_run - INFO - Recent Stats | t_env:    1550000 | Episode:     7750
ep_length_mean:          200.0000	episode_length_mean:     199.0000	epsilon:                   0.0500	grad_norm:               1989.7687
info_nce_loss:             0.0684	loss:                      6.4709	q_loss:                    5.8826	return_mean:             139.1170
return_std:                5.9061	test_ep_length_mean:     200.0000	test_episode_length_mean:199.0000	test_return_mean:        146.8722
test_return_std:           7.3719	
2026-04-24 11:09:21,938 - my_experiment - advP_HybridComm_5M_42 - my_run - INFO - t_env: 1550200 / 5050000
2026-04-24 11:09:21,938 - my_experiment - advP_HybridComm_5M_42 - my_run - INFO - Estimated time left: 21 hours, 58 minutes, 42 seconds. Time passed: 9 hours, 47 minutes, 36 seconds
2026-04-24 11:30:17,778 - my_experiment - advP_HybridComm_5M_42 - my_run - INFO - Recent Stats | t_env:    1600000 | Episode:     8000
ep_length_mean:          200.0000	episode_length_mean:     199.0000	epsilon:                   0.0500	grad_norm:               1845.4073
info_nce_loss:             0.0430	loss:                      6.0270	q_loss:                    5.4791	return_mean:             139.8257
return_std:                5.2563	test_ep_length_mean:     200.0000	test_episode_length_mean:199.0000	test_return_mean:        147.7715
test_return_std:           6.9618	
2026-04-24 11:30:21,736 - my_experiment - advP_HybridComm_5M_42 - my_run - INFO - t_env: 1600200 / 5050000
2026-04-24 11:30:21,736 - my_experiment - advP_HybridComm_5M_42 - my_run - INFO - Estimated time left: 1 days, 8 minutes, 41 seconds. Time passed: 10 hours, 8 minutes, 36 seconds
2026-04-24 11:35:16,147 - my_experiment - advP_HybridComm_5M_42 - my_run - INFO - Saving models to work_dirs/my_experiment/advP_HybridComm_5M_42/my_run/20260424_012139/models/1600200
2026-04-24 11:51:40,505 - my_experiment - advP_HybridComm_5M_42 - my_run - INFO - Recent Stats | t_env:    1650000 | Episode:     8250
ep_length_mean:          200.0000	episode_length_mean:     199.0000	epsilon:                   0.0500	grad_norm:               1995.1265
info_nce_loss:             0.1160	loss:                      6.1068	q_loss:                    5.5517	return_mean:             140.7647
return_std:                5.0044	test_ep_length_mean:     200.0000	test_episode_length_mean:199.0000	test_return_mean:        148.2947
test_return_std:           6.9002	
2026-04-24 11:51:44,595 - my_experiment - advP_HybridComm_5M_42 - my_run - INFO - t_env: 1650200 / 5050000
2026-04-24 11:51:44,596 - my_experiment - advP_HybridComm_5M_42 - my_run - INFO - Estimated time left: 1 days, 13 minutes, 49 seconds. Time passed: 10 hours, 29 minutes, 58 seconds
2026-04-24 12:12:56,473 - my_experiment - advP_HybridComm_5M_42 - my_run - INFO - Recent Stats | t_env:    1700000 | Episode:     8500
ep_length_mean:          200.0000	episode_length_mean:     199.0000	epsilon:                   0.0500	grad_norm:               1841.8066
info_nce_loss:             0.0723	loss:                      5.4560	q_loss:                    4.9600	return_mean:             140.6401
return_std:                4.8771	test_ep_length_mean:     200.0000	test_episode_length_mean:199.0000	test_return_mean:        148.5382
test_return_std:           6.6294	
2026-04-24 12:13:00,262 - my_experiment - advP_HybridComm_5M_42 - my_run - INFO - t_env: 1700200 / 5050000
2026-04-24 12:13:00,263 - my_experiment - advP_HybridComm_5M_42 - my_run - INFO - Estimated time left: 23 hours, 44 minutes, 24 seconds. Time passed: 10 hours, 51 minutes, 14 seconds
2026-04-24 12:33:01,864 - my_experiment - advP_HybridComm_5M_42 - my_run - INFO - Recent Stats | t_env:    1750000 | Episode:     8750
ep_length_mean:          200.0000	episode_length_mean:     199.0000	epsilon:                   0.0500	grad_norm:               1846.1768
info_nce_loss:             0.0356	loss:                      5.1712	q_loss:                    4.7011	return_mean:             140.2294
return_std:                5.2247	test_ep_length_mean:     200.0000	test_episode_length_mean:199.0000	test_return_mean:        148.9897
test_return_std:           6.3290	
2026-04-24 12:33:05,423 - my_experiment - advP_HybridComm_5M_42 - my_run - INFO - t_env: 1750200 / 5050000
2026-04-24 12:33:05,423 - my_experiment - advP_HybridComm_5M_42 - my_run - INFO - Estimated time left: 22 hours, 5 minutes, 35 seconds. Time passed: 11 hours, 11 minutes, 19 seconds
2026-04-24 12:52:21,658 - my_experiment - advP_HybridComm_5M_42 - my_run - INFO - Recent Stats | t_env:    1800000 | Episode:     9000
ep_length_mean:          200.0000	episode_length_mean:     199.0000	epsilon:                   0.0500	grad_norm:               1676.5463
info_nce_loss:             0.0138	loss:                      4.6853	q_loss:                    4.2594	return_mean:             140.7099
return_std:                4.9663	test_ep_length_mean:     200.0000	test_episode_length_mean:199.0000	test_return_mean:        149.2715
test_return_std:           6.3069	
2026-04-24 12:52:25,125 - my_experiment - advP_HybridComm_5M_42 - my_run - INFO - t_env: 1800200 / 5050000
2026-04-24 12:52:25,126 - my_experiment - advP_HybridComm_5M_42 - my_run - INFO - Estimated time left: 20 hours, 56 minutes, 16 seconds. Time passed: 11 hours, 30 minutes, 39 seconds
2026-04-24 12:56:53,635 - my_experiment - advP_HybridComm_5M_42 - my_run - INFO - Saving models to work_dirs/my_experiment/advP_HybridComm_5M_42/my_run/20260424_012139/models/1800200
2026-04-24 13:11:30,706 - my_experiment - advP_HybridComm_5M_42 - my_run - INFO - Recent Stats | t_env:    1850000 | Episode:     9250
ep_length_mean:          200.0000	episode_length_mean:     199.0000	epsilon:                   0.0500	grad_norm:               1614.4835
info_nce_loss:             0.0525	loss:                      4.5977	q_loss:                    4.1798	return_mean:             140.6693
return_std:                5.0081	test_ep_length_mean:     200.0000	test_episode_length_mean:199.0000	test_return_mean:        149.4451
test_return_std:           6.2870	
2026-04-24 13:11:34,617 - my_experiment - advP_HybridComm_5M_42 - my_run - INFO - t_env: 1850200 / 5050000
2026-04-24 13:11:34,618 - my_experiment - advP_HybridComm_5M_42 - my_run - INFO - Estimated time left: 20 hours, 26 minutes, 2 seconds. Time passed: 11 hours, 49 minutes, 49 seconds
2026-04-24 13:31:08,422 - my_experiment - advP_HybridComm_5M_42 - my_run - INFO - Recent Stats | t_env:    1900000 | Episode:     9500
ep_length_mean:          200.0000	episode_length_mean:     199.0000	epsilon:                   0.0500	grad_norm:               1262.5721
info_nce_loss:             0.0739	loss:                      3.7124	q_loss:                    3.3749	return_mean:             140.7200
return_std:                5.1404	test_ep_length_mean:     200.0000	test_episode_length_mean:199.0000	test_return_mean:        149.8014
test_return_std:           6.0624	
2026-04-24 13:31:12,011 - my_experiment - advP_HybridComm_5M_42 - my_run - INFO - t_env: 1900200 / 5050000
2026-04-24 13:31:12,011 - my_experiment - advP_HybridComm_5M_42 - my_run - INFO - Estimated time left: 20 hours, 36 minutes, 11 seconds. Time passed: 12 hours, 9 minutes, 26 seconds
2026-04-24 13:51:23,940 - my_experiment - advP_HybridComm_5M_42 - my_run - INFO - Recent Stats | t_env:    1950000 | Episode:     9750
ep_length_mean:          200.0000	episode_length_mean:     199.0000	epsilon:                   0.0500	grad_norm:               1272.9283
info_nce_loss:             0.0578	loss:                      4.0352	q_loss:                    3.6683	return_mean:             141.3032
return_std:                4.6627	test_ep_length_mean:     200.0000	test_episode_length_mean:199.0000	test_return_mean:        150.0713
test_return_std:           6.0910	
2026-04-24 13:51:27,505 - my_experiment - advP_HybridComm_5M_42 - my_run - INFO - t_env: 1950200 / 5050000
2026-04-24 13:51:27,506 - my_experiment - advP_HybridComm_5M_42 - my_run - INFO - Estimated time left: 20 hours, 55 minutes, 55 seconds. Time passed: 12 hours, 29 minutes, 41 seconds
2026-04-24 14:11:22,394 - my_experiment - advP_HybridComm_5M_42 - my_run - INFO - Recent Stats | t_env:    2000000 | Episode:    10000
ep_length_mean:          200.0000	episode_length_mean:     199.0000	epsilon:                   0.0500	grad_norm:               1023.3335
info_nce_loss:             0.0889	loss:                      3.4146	q_loss:                    3.1042	return_mean:             140.9009
return_std:                4.7443	test_ep_length_mean:     200.0000	test_episode_length_mean:199.0000	test_return_mean:        150.0537
test_return_std:           6.0553	
2026-04-24 14:11:26,020 - my_experiment - advP_HybridComm_5M_42 - my_run - INFO - t_env: 2000200 / 5050000
2026-04-24 14:11:26,021 - my_experiment - advP_HybridComm_5M_42 - my_run - INFO - Estimated time left: 20 hours, 18 minutes, 24 seconds. Time passed: 12 hours, 49 minutes, 40 seconds
2026-04-24 14:15:56,622 - my_experiment - advP_HybridComm_5M_42 - my_run - INFO - Saving models to work_dirs/my_experiment/advP_HybridComm_5M_42/my_run/20260424_012139/models/2000200
2026-04-24 14:30:17,069 - my_experiment - advP_HybridComm_5M_42 - my_run - INFO - Recent Stats | t_env:    2050000 | Episode:    10250
ep_length_mean:          200.0000	episode_length_mean:     199.0000	epsilon:                   0.0500	grad_norm:               1094.2210
info_nce_loss:             0.0853	loss:                      3.8270	q_loss:                    3.4791	return_mean:             140.7997
return_std:                5.2699	test_ep_length_mean:     200.0000	test_episode_length_mean:199.0000	test_return_mean:        150.0514
test_return_std:           5.9645	
2026-04-24 14:30:20,437 - my_experiment - advP_HybridComm_5M_42 - my_run - INFO - t_env: 2050200 / 5050000
2026-04-24 14:30:20,438 - my_experiment - advP_HybridComm_5M_42 - my_run - INFO - Estimated time left: 18 hours, 54 minutes, 20 seconds. Time passed: 13 hours, 8 minutes, 34 seconds
2026-04-24 14:48:52,239 - my_experiment - advP_HybridComm_5M_42 - my_run - INFO - Recent Stats | t_env:    2100000 | Episode:    10500
ep_length_mean:          200.0000	episode_length_mean:     199.0000	epsilon:                   0.0500	grad_norm:               819.6446
info_nce_loss:             0.0478	loss:                      3.1736	q_loss:                    2.8851	return_mean:             140.3316
return_std:                5.7967	test_ep_length_mean:     200.0000	test_episode_length_mean:199.0000	test_return_mean:        150.0170
test_return_std:           6.0637	
2026-04-24 14:48:55,670 - my_experiment - advP_HybridComm_5M_42 - my_run - INFO - t_env: 2100200 / 5050000
2026-04-24 14:48:55,670 - my_experiment - advP_HybridComm_5M_42 - my_run - INFO - Estimated time left: 18 hours, 16 minutes, 34 seconds. Time passed: 13 hours, 27 minutes, 10 seconds
2026-04-24 15:07:37,505 - my_experiment - advP_HybridComm_5M_42 - my_run - INFO - Recent Stats | t_env:    2150000 | Episode:    10750
ep_length_mean:          200.0000	episode_length_mean:     199.0000	epsilon:                   0.0500	grad_norm:               771.0765
info_nce_loss:             0.0723	loss:                      4.6711	q_loss:                    4.2465	return_mean:             139.7703
return_std:                5.8010	test_ep_length_mean:     200.0000	test_episode_length_mean:199.0000	test_return_mean:        149.8891
test_return_std:           6.0197	
2026-04-24 15:07:40,862 - my_experiment - advP_HybridComm_5M_42 - my_run - INFO - t_env: 2150200 / 5050000
2026-04-24 15:07:40,863 - my_experiment - advP_HybridComm_5M_42 - my_run - INFO - Estimated time left: 18 hours, 7 minutes, 36 seconds. Time passed: 13 hours, 45 minutes, 55 seconds
2026-04-24 15:25:58,686 - my_experiment - advP_HybridComm_5M_42 - my_run - INFO - Recent Stats | t_env:    2200000 | Episode:    11000
ep_length_mean:          200.0000	episode_length_mean:     199.0000	epsilon:                   0.0500	grad_norm:               684.2485
info_nce_loss:             0.0356	loss:                      3.0079	q_loss:                    2.7345	return_mean:             140.4817
return_std:                5.0573	test_ep_length_mean:     200.0000	test_episode_length_mean:199.0000	test_return_mean:        149.3295
test_return_std:           6.0216	
2026-04-24 15:26:02,149 - my_experiment - advP_HybridComm_5M_42 - my_run - INFO - t_env: 2200200 / 5050000
2026-04-24 15:26:02,150 - my_experiment - advP_HybridComm_5M_42 - my_run - INFO - Estimated time left: 17 hours, 26 minutes, 8 seconds. Time passed: 14 hours, 4 minutes, 16 seconds
2026-04-24 15:30:21,555 - my_experiment - advP_HybridComm_5M_42 - my_run - INFO - Saving models to work_dirs/my_experiment/advP_HybridComm_5M_42/my_run/20260424_012139/models/2200200
2026-04-24 15:45:42,543 - my_experiment - advP_HybridComm_5M_42 - my_run - INFO - Recent Stats | t_env:    2250000 | Episode:    11250
ep_length_mean:          200.0000	episode_length_mean:     199.0000	epsilon:                   0.0500	grad_norm:               1546.2621
info_nce_loss:             0.0276	loss:                      6.2411	q_loss:                    5.6737	return_mean:             141.2103
return_std:                4.6763	test_ep_length_mean:     200.0000	test_episode_length_mean:199.0000	test_return_mean:        149.7210
test_return_std:           5.7890	
2026-04-24 15:45:46,481 - my_experiment - advP_HybridComm_5M_42 - my_run - INFO - t_env: 2250200 / 5050000
2026-04-24 15:45:46,482 - my_experiment - advP_HybridComm_5M_42 - my_run - INFO - Estimated time left: 18 hours, 25 minutes, 17 seconds. Time passed: 14 hours, 24 minutes, 0 seconds
2026-04-24 16:05:21,058 - my_experiment - advP_HybridComm_5M_42 - my_run - INFO - Recent Stats | t_env:    2300000 | Episode:    11500
ep_length_mean:          200.0000	episode_length_mean:     199.0000	epsilon:                   0.0500	grad_norm:               1073.6217
info_nce_loss:             0.0503	loss:                      5.0694	q_loss:                    4.6085	return_mean:             141.1313
return_std:                4.9034	test_ep_length_mean:     200.0000	test_episode_length_mean:199.0000	test_return_mean:        149.7539
test_return_std:           5.8218	
2026-04-24 16:05:24,738 - my_experiment - advP_HybridComm_5M_42 - my_run - INFO - t_env: 2300200 / 5050000
2026-04-24 16:05:24,739 - my_experiment - advP_HybridComm_5M_42 - my_run - INFO - Estimated time left: 17 hours, 59 minutes, 59 seconds. Time passed: 14 hours, 43 minutes, 39 seconds
2026-04-24 16:24:58,881 - my_experiment - advP_HybridComm_5M_42 - my_run - INFO - Recent Stats | t_env:    2350000 | Episode:    11750
ep_length_mean:          200.0000	episode_length_mean:     199.0000	epsilon:                   0.0500	grad_norm:               851.5889
info_nce_loss:             0.0417	loss:                      3.8099	q_loss:                    3.4635	return_mean:             141.6205
return_std:                4.6087	test_ep_length_mean:     200.0000	test_episode_length_mean:199.0000	test_return_mean:        149.9346
test_return_std:           5.6213	
2026-04-24 16:25:02,803 - my_experiment - advP_HybridComm_5M_42 - my_run - INFO - t_env: 2350200 / 5050000
2026-04-24 16:25:02,804 - my_experiment - advP_HybridComm_5M_42 - my_run - INFO - Estimated time left: 17 hours, 40 minutes, 10 seconds. Time passed: 15 hours, 3 minutes, 17 seconds
2026-04-24 16:44:29,378 - my_experiment - advP_HybridComm_5M_42 - my_run - INFO - Recent Stats | t_env:    2400000 | Episode:    12000
ep_length_mean:          200.0000	episode_length_mean:     199.0000	epsilon:                   0.0500	grad_norm:               775.3695
info_nce_loss:             0.0194	loss:                      3.3975	q_loss:                    3.0886	return_mean:             142.3495
return_std:                4.0701	test_ep_length_mean:     200.0000	test_episode_length_mean:199.0000	test_return_mean:        150.1264
test_return_std:           5.6662	
2026-04-24 16:44:33,014 - my_experiment - advP_HybridComm_5M_42 - my_run - INFO - t_env: 2400200 / 5050000
2026-04-24 16:44:33,015 - my_experiment - advP_HybridComm_5M_42 - my_run - INFO - Estimated time left: 17 hours, 13 minutes, 36 seconds. Time passed: 15 hours, 22 minutes, 47 seconds
2026-04-24 16:49:07,339 - my_experiment - advP_HybridComm_5M_42 - my_run - INFO - Saving models to work_dirs/my_experiment/advP_HybridComm_5M_42/my_run/20260424_012139/models/2400200
2026-04-24 17:03:52,026 - my_experiment - advP_HybridComm_5M_42 - my_run - INFO - Recent Stats | t_env:    2450000 | Episode:    12250
ep_length_mean:          200.0000	episode_length_mean:     199.0000	epsilon:                   0.0500	grad_norm:               878.2969
info_nce_loss:             0.0512	loss:                      5.8717	q_loss:                    5.3379	return_mean:             142.1240
return_std:                4.4250	test_ep_length_mean:     200.0000	test_episode_length_mean:199.0000	test_return_mean:        150.8846
test_return_std:           5.4164	
2026-04-24 17:03:55,549 - my_experiment - advP_HybridComm_5M_42 - my_run - INFO - t_env: 2450200 / 5050000
2026-04-24 17:03:55,550 - my_experiment - advP_HybridComm_5M_42 - my_run - INFO - Estimated time left: 16 hours, 47 minutes, 27 seconds. Time passed: 15 hours, 42 minutes, 9 seconds
2026-04-24 17:23:46,851 - my_experiment - advP_HybridComm_5M_42 - my_run - INFO - Recent Stats | t_env:    2500000 | Episode:    12500
ep_length_mean:          200.0000	episode_length_mean:     199.0000	epsilon:                   0.0500	grad_norm:               1494.5479
info_nce_loss:             0.0605	loss:                      7.8789	q_loss:                    7.1626	return_mean:             141.8496
return_std:                4.5125	test_ep_length_mean:     200.0000	test_episode_length_mean:199.0000	test_return_mean:        150.8210
test_return_std:           5.5077	
2026-04-24 17:23:50,464 - my_experiment - advP_HybridComm_5M_42 - my_run - INFO - t_env: 2500200 / 5050000
2026-04-24 17:23:50,465 - my_experiment - advP_HybridComm_5M_42 - my_run - INFO - Estimated time left: 16 hours, 55 minutes, 35 seconds. Time passed: 16 hours, 2 minutes, 4 seconds
2026-04-24 17:43:33,432 - my_experiment - advP_HybridComm_5M_42 - my_run - INFO - Recent Stats | t_env:    2550000 | Episode:    12750
ep_length_mean:          200.0000	episode_length_mean:     199.0000	epsilon:                   0.0500	grad_norm:               932.0868
info_nce_loss:             0.0429	loss:                      4.9018	q_loss:                    4.4562	return_mean:             142.3628
return_std:                4.4315	test_ep_length_mean:     200.0000	test_episode_length_mean:199.0000	test_return_mean:        151.2280
test_return_std:           5.4208	
2026-04-24 17:43:37,091 - my_experiment - advP_HybridComm_5M_42 - my_run - INFO - t_env: 2550200 / 5050000
2026-04-24 17:43:37,092 - my_experiment - advP_HybridComm_5M_42 - my_run - INFO - Estimated time left: 16 hours, 28 minutes, 46 seconds. Time passed: 16 hours, 21 minutes, 51 seconds
2026-04-24 18:03:38,817 - my_experiment - advP_HybridComm_5M_42 - my_run - INFO - Recent Stats | t_env:    2600000 | Episode:    13000
ep_length_mean:          200.0000	episode_length_mean:     199.0000	epsilon:                   0.0500	grad_norm:               564.6054
info_nce_loss:             0.0516	loss:                      3.3652	q_loss:                    3.0593	return_mean:             142.3979
return_std:                3.8665	test_ep_length_mean:     200.0000	test_episode_length_mean:199.0000	test_return_mean:        151.4246
test_return_std:           5.1972	
2026-04-24 18:03:42,657 - my_experiment - advP_HybridComm_5M_42 - my_run - INFO - t_env: 2600200 / 5050000
2026-04-24 18:03:42,658 - my_experiment - advP_HybridComm_5M_42 - my_run - INFO - Estimated time left: 16 hours, 24 minutes, 27 seconds. Time passed: 16 hours, 41 minutes, 57 seconds
2026-04-24 18:08:22,615 - my_experiment - advP_HybridComm_5M_42 - my_run - INFO - Saving models to work_dirs/my_experiment/advP_HybridComm_5M_42/my_run/20260424_012139/models/2600200
2026-04-24 18:23:25,936 - my_experiment - advP_HybridComm_5M_42 - my_run - INFO - Recent Stats | t_env:    2650000 | Episode:    13250
ep_length_mean:          200.0000	episode_length_mean:     199.0000	epsilon:                   0.0500	grad_norm:               1888.9671
info_nce_loss:             0.0883	loss:                     10.6706	q_loss:                    9.7006	return_mean:             141.8536
return_std:                4.1499	test_ep_length_mean:     200.0000	test_episode_length_mean:199.0000	test_return_mean:        151.5809
test_return_std:           4.9102	
2026-04-24 18:23:29,771 - my_experiment - advP_HybridComm_5M_42 - my_run - INFO - t_env: 2650200 / 5050000
2026-04-24 18:23:29,772 - my_experiment - advP_HybridComm_5M_42 - my_run - INFO - Estimated time left: 15 hours, 49 minutes, 36 seconds. Time passed: 17 hours, 1 minutes, 44 seconds
2026-04-24 18:43:06,691 - my_experiment - advP_HybridComm_5M_42 - my_run - INFO - Recent Stats | t_env:    2700000 | Episode:    13500
ep_length_mean:          200.0000	episode_length_mean:     199.0000	epsilon:                   0.0500	grad_norm:               689.7493
info_nce_loss:             0.0811	loss:                      4.3691	q_loss:                    3.9719	return_mean:             141.8505
return_std:                4.9088	test_ep_length_mean:     200.0000	test_episode_length_mean:199.0000	test_return_mean:        151.6712
test_return_std:           4.9514	
2026-04-24 18:43:10,491 - my_experiment - advP_HybridComm_5M_42 - my_run - INFO - t_env: 2700200 / 5050000
2026-04-24 18:43:10,492 - my_experiment - advP_HybridComm_5M_42 - my_run - INFO - Estimated time left: 15 hours, 24 minutes, 49 seconds. Time passed: 17 hours, 21 minutes, 24 seconds
2026-04-24 19:01:55,337 - my_experiment - advP_HybridComm_5M_42 - my_run - INFO - Recent Stats | t_env:    2750000 | Episode:    13750
ep_length_mean:          200.0000	episode_length_mean:     199.0000	epsilon:                   0.0500	grad_norm:               334.9411
info_nce_loss:             0.0541	loss:                      2.4633	q_loss:                    2.2394	return_mean:             141.7945
return_std:                4.5230	test_ep_length_mean:     200.0000	test_episode_length_mean:199.0000	test_return_mean:        151.5260
test_return_std:           4.9286	
2026-04-24 19:01:58,701 - my_experiment - advP_HybridComm_5M_42 - my_run - INFO - t_env: 2750200 / 5050000
2026-04-24 19:01:58,702 - my_experiment - advP_HybridComm_5M_42 - my_run - INFO - Estimated time left: 14 hours, 24 minutes, 53 seconds. Time passed: 17 hours, 40 minutes, 13 seconds
2026-04-24 19:20:45,017 - my_experiment - advP_HybridComm_5M_42 - my_run - INFO - Recent Stats | t_env:    2800000 | Episode:    14000
ep_length_mean:          200.0000	episode_length_mean:     199.0000	epsilon:                   0.0500	grad_norm:               941.9860
info_nce_loss:             0.0217	loss:                      5.4641	q_loss:                    4.9674	return_mean:             142.7482
return_std:                4.1164	test_ep_length_mean:     200.0000	test_episode_length_mean:199.0000	test_return_mean:        151.7866
test_return_std:           4.6979	
2026-04-24 19:20:48,833 - my_experiment - advP_HybridComm_5M_42 - my_run - INFO - t_env: 2800200 / 5050000
2026-04-24 19:20:48,834 - my_experiment - advP_HybridComm_5M_42 - my_run - INFO - Estimated time left: 14 hours, 7 minutes, 31 seconds. Time passed: 17 hours, 59 minutes, 3 seconds
2026-04-24 19:25:37,504 - my_experiment - advP_HybridComm_5M_42 - my_run - INFO - Saving models to work_dirs/my_experiment/advP_HybridComm_5M_42/my_run/20260424_012139/models/2800200
2026-04-24 19:41:17,314 - my_experiment - advP_HybridComm_5M_42 - my_run - INFO - Recent Stats | t_env:    2850000 | Episode:    14250
ep_length_mean:          200.0000	episode_length_mean:     199.0000	epsilon:                   0.0500	grad_norm:               540.6532
info_nce_loss:             0.0517	loss:                      2.6773	q_loss:                    2.4339	return_mean:             143.1258
return_std:                3.8002	test_ep_length_mean:     200.0000	test_episode_length_mean:199.0000	test_return_mean:        151.7640
test_return_std:           4.8272	
2026-04-24 19:41:21,382 - my_experiment - advP_HybridComm_5M_42 - my_run - INFO - t_env: 2850200 / 5050000
2026-04-24 19:41:21,383 - my_experiment - advP_HybridComm_5M_42 - my_run - INFO - Estimated time left: 15 hours, 3 minutes, 47 seconds. Time passed: 18 hours, 19 minutes, 35 seconds
2026-04-24 20:01:42,888 - my_experiment - advP_HybridComm_5M_42 - my_run - INFO - Recent Stats | t_env:    2900000 | Episode:    14500
ep_length_mean:          200.0000	episode_length_mean:     199.0000	epsilon:                   0.0500	grad_norm:               156.5786
info_nce_loss:             0.0531	loss:                      1.4487	q_loss:                    1.3170	return_mean:             143.6821
return_std:                3.5307	test_ep_length_mean:     200.0000	test_episode_length_mean:199.0000	test_return_mean:        152.0744
test_return_std:           4.8445	
2026-04-24 20:01:46,669 - my_experiment - advP_HybridComm_5M_42 - my_run - INFO - t_env: 2900200 / 5050000
2026-04-24 20:01:46,670 - my_experiment - advP_HybridComm_5M_42 - my_run - INFO - Estimated time left: 14 hours, 38 minutes, 2 seconds. Time passed: 18 hours, 40 minutes, 1 seconds
2026-04-24 20:22:15,998 - my_experiment - advP_HybridComm_5M_42 - my_run - INFO - Recent Stats | t_env:    2950000 | Episode:    14750
ep_length_mean:          200.0000	episode_length_mean:     199.0000	epsilon:                   0.0500	grad_norm:               461.8975
info_nce_loss:             0.0235	loss:                      2.2837	q_loss:                    2.0761	return_mean:             143.9889
return_std:                3.5502	test_ep_length_mean:     200.0000	test_episode_length_mean:199.0000	test_return_mean:        152.1810
test_return_std:           4.8042	
2026-04-24 20:22:19,716 - my_experiment - advP_HybridComm_5M_42 - my_run - INFO - t_env: 2950200 / 5050000
2026-04-24 20:22:19,717 - my_experiment - advP_HybridComm_5M_42 - my_run - INFO - Estimated time left: 14 hours, 23 minutes, 3 seconds. Time passed: 19 hours, 34 seconds
2026-04-24 20:42:35,085 - my_experiment - advP_HybridComm_5M_42 - my_run - INFO - Recent Stats | t_env:    3000000 | Episode:    15000
ep_length_mean:          200.0000	episode_length_mean:     199.0000	epsilon:                   0.0500	grad_norm:               442.5063
info_nce_loss:             0.0408	loss:                      2.4622	q_loss:                    2.2384	return_mean:             144.3041
return_std:                2.9396	test_ep_length_mean:     200.0000	test_episode_length_mean:199.0000	test_return_mean:        152.5967
test_return_std:           4.6291	
2026-04-24 20:42:39,252 - my_experiment - advP_HybridComm_5M_42 - my_run - INFO - t_env: 3000200 / 5050000
2026-04-24 20:42:39,253 - my_experiment - advP_HybridComm_5M_42 - my_run - INFO - Estimated time left: 13 hours, 53 minutes, 16 seconds. Time passed: 19 hours, 20 minutes, 53 seconds
2026-04-24 20:47:41,786 - my_experiment - advP_HybridComm_5M_42 - my_run - INFO - Saving models to work_dirs/my_experiment/advP_HybridComm_5M_42/my_run/20260424_012139/models/3000200
2026-04-24 21:03:17,594 - my_experiment - advP_HybridComm_5M_42 - my_run - INFO - Recent Stats | t_env:    3050000 | Episode:    15250
ep_length_mean:          200.0000	episode_length_mean:     199.0000	epsilon:                   0.0500	grad_norm:               394.0925
info_nce_loss:             0.0270	loss:                      1.8404	q_loss:                    1.6730	return_mean:             143.6236
return_std:                3.5562	test_ep_length_mean:     200.0000	test_episode_length_mean:199.0000	test_return_mean:        152.6882
test_return_std:           4.5453	
2026-04-24 21:03:21,427 - my_experiment - advP_HybridComm_5M_42 - my_run - INFO - t_env: 3050200 / 5050000
2026-04-24 21:03:21,428 - my_experiment - advP_HybridComm_5M_42 - my_run - INFO - Estimated time left: 13 hours, 48 minutes, 2 seconds. Time passed: 19 hours, 41 minutes, 35 seconds
2026-04-24 21:23:21,691 - my_experiment - advP_HybridComm_5M_42 - my_run - INFO - Recent Stats | t_env:    3100000 | Episode:    15500
ep_length_mean:          200.0000	episode_length_mean:     199.0000	epsilon:                   0.0500	grad_norm:               347.8203
info_nce_loss:             0.0381	loss:                      2.2180	q_loss:                    2.0164	return_mean:             143.8236
return_std:                3.2159	test_ep_length_mean:     200.0000	test_episode_length_mean:199.0000	test_return_mean:        152.9997
test_return_std:           4.5671	
2026-04-24 21:23:25,317 - my_experiment - advP_HybridComm_5M_42 - my_run - INFO - t_env: 3100200 / 5050000
2026-04-24 21:23:25,318 - my_experiment - advP_HybridComm_5M_42 - my_run - INFO - Estimated time left: 13 hours, 2 minutes, 26 seconds. Time passed: 20 hours, 1 minutes, 39 seconds
2026-04-24 21:43:42,686 - my_experiment - advP_HybridComm_5M_42 - my_run - INFO - Recent Stats | t_env:    3150000 | Episode:    15750
ep_length_mean:          200.0000	episode_length_mean:     199.0000	epsilon:                   0.0500	grad_norm:               188.0760
info_nce_loss:             0.0653	loss:                      1.3939	q_loss:                    1.2672	return_mean:             143.8997
return_std:                3.1183	test_ep_length_mean:     200.0000	test_episode_length_mean:199.0000	test_return_mean:        152.9815
test_return_std:           4.5685	
2026-04-24 21:43:46,676 - my_experiment - advP_HybridComm_5M_42 - my_run - INFO - t_env: 3150200 / 5050000
2026-04-24 21:43:46,677 - my_experiment - advP_HybridComm_5M_42 - my_run - INFO - Estimated time left: 12 hours, 53 minutes, 26 seconds. Time passed: 20 hours, 22 minutes, 1 seconds
2026-04-24 22:04:10,774 - my_experiment - advP_HybridComm_5M_42 - my_run - INFO - Recent Stats | t_env:    3200000 | Episode:    16000
ep_length_mean:          200.0000	episode_length_mean:     199.0000	epsilon:                   0.0500	grad_norm:               252.1978
info_nce_loss:             0.0652	loss:                      2.6508	q_loss:                    2.4098	return_mean:             143.7890
return_std:                3.9966	test_ep_length_mean:     200.0000	test_episode_length_mean:199.0000	test_return_mean:        153.2747
test_return_std:           4.2220	
2026-04-24 22:04:14,566 - my_experiment - advP_HybridComm_5M_42 - my_run - INFO - t_env: 3200200 / 5050000
2026-04-24 22:04:14,568 - my_experiment - advP_HybridComm_5M_42 - my_run - INFO - Estimated time left: 12 hours, 37 minutes, 7 seconds. Time passed: 20 hours, 42 minutes, 28 seconds
2026-04-24 22:09:03,561 - my_experiment - advP_HybridComm_5M_42 - my_run - INFO - Saving models to work_dirs/my_experiment/advP_HybridComm_5M_42/my_run/20260424_012139/models/3200200
2026-04-24 22:24:57,671 - my_experiment - advP_HybridComm_5M_42 - my_run - INFO - Recent Stats | t_env:    3250000 | Episode:    16250
ep_length_mean:          200.0000	episode_length_mean:     199.0000	epsilon:                   0.0500	grad_norm:               203.8994
info_nce_loss:             0.0389	loss:                      1.5076	q_loss:                    1.3705	return_mean:             143.5325
return_std:                3.3516	test_ep_length_mean:     200.0000	test_episode_length_mean:199.0000	test_return_mean:        153.4648
test_return_std:           4.1470	
2026-04-24 22:25:01,714 - my_experiment - advP_HybridComm_5M_42 - my_run - INFO - t_env: 3250200 / 5050000
2026-04-24 22:25:01,715 - my_experiment - advP_HybridComm_5M_42 - my_run - INFO - Estimated time left: 12 hours, 28 minutes, 12 seconds. Time passed: 21 hours, 3 minutes, 16 seconds
2026-04-24 22:45:46,788 - my_experiment - advP_HybridComm_5M_42 - my_run - INFO - Recent Stats | t_env:    3300000 | Episode:    16500
ep_length_mean:          200.0000	episode_length_mean:     199.0000	epsilon:                   0.0500	grad_norm:               300.6166
info_nce_loss:             0.0353	loss:                      2.2251	q_loss:                    2.0228	return_mean:             143.9589
return_std:                3.5607	test_ep_length_mean:     200.0000	test_episode_length_mean:199.0000	test_return_mean:        153.5435
test_return_std:           4.0200	
2026-04-24 22:45:50,863 - my_experiment - advP_HybridComm_5M_42 - my_run - INFO - t_env: 3300200 / 5050000
2026-04-24 22:45:50,864 - my_experiment - advP_HybridComm_5M_42 - my_run - INFO - Estimated time left: 12 hours, 8 minutes, 35 seconds. Time passed: 21 hours, 24 minutes, 5 seconds
2026-04-24 23:06:00,039 - my_experiment - advP_HybridComm_5M_42 - my_run - INFO - Recent Stats | t_env:    3350000 | Episode:    16750
ep_length_mean:          200.0000	episode_length_mean:     199.0000	epsilon:                   0.0500	grad_norm:               242.6672
info_nce_loss:             0.1472	loss:                      1.8185	q_loss:                    1.6531	return_mean:             144.2264
return_std:                3.1889	test_ep_length_mean:     200.0000	test_episode_length_mean:199.0000	test_return_mean:        153.8129
test_return_std:           3.6275	
2026-04-24 23:06:03,676 - my_experiment - advP_HybridComm_5M_42 - my_run - INFO - t_env: 3350200 / 5050000
2026-04-24 23:06:03,677 - my_experiment - advP_HybridComm_5M_42 - my_run - INFO - Estimated time left: 11 hours, 27 minutes, 10 seconds. Time passed: 21 hours, 44 minutes, 18 seconds
2026-04-24 23:26:37,459 - my_experiment - advP_HybridComm_5M_42 - my_run - INFO - Recent Stats | t_env:    3400000 | Episode:    17000
ep_length_mean:          200.0000	episode_length_mean:     199.0000	epsilon:                   0.0500	grad_norm:               101.1233
info_nce_loss:             0.0089	loss:                      1.4182	q_loss:                    1.2892	return_mean:             144.1786
return_std:                3.2411	test_ep_length_mean:     200.0000	test_episode_length_mean:199.0000	test_return_mean:        154.1272
test_return_std:           3.3622	
2026-04-24 23:26:41,096 - my_experiment - advP_HybridComm_5M_42 - my_run - INFO - t_env: 3400200 / 5050000
2026-04-24 23:26:41,097 - my_experiment - advP_HybridComm_5M_42 - my_run - INFO - Estimated time left: 11 hours, 20 minutes, 29 seconds. Time passed: 22 hours, 4 minutes, 55 seconds
2026-04-24 23:31:21,147 - my_experiment - advP_HybridComm_5M_42 - my_run - INFO - Saving models to work_dirs/my_experiment/advP_HybridComm_5M_42/my_run/20260424_012139/models/3400200
2026-04-24 23:46:51,461 - my_experiment - advP_HybridComm_5M_42 - my_run - INFO - Recent Stats | t_env:    3450000 | Episode:    17250
ep_length_mean:          200.0000	episode_length_mean:     199.0000	epsilon:                   0.0500	grad_norm:               254.0565
info_nce_loss:             0.0671	loss:                      1.7402	q_loss:                    1.5820	return_mean:             144.0245
return_std:                3.3910	test_ep_length_mean:     200.0000	test_episode_length_mean:199.0000	test_return_mean:        154.0371
test_return_std:           3.5306	
2026-04-24 23:46:55,094 - my_experiment - advP_HybridComm_5M_42 - my_run - INFO - t_env: 3450200 / 5050000
2026-04-24 23:46:55,095 - my_experiment - advP_HybridComm_5M_42 - my_run - INFO - Estimated time left: 10 hours, 47 minutes, 23 seconds. Time passed: 22 hours, 25 minutes, 9 seconds
2026-04-25 00:07:18,632 - my_experiment - advP_HybridComm_5M_42 - my_run - INFO - Recent Stats | t_env:    3500000 | Episode:    17500
ep_length_mean:          200.0000	episode_length_mean:     199.0000	epsilon:                   0.0500	grad_norm:               131.8592
info_nce_loss:             0.0224	loss:                      1.4322	q_loss:                    1.3020	return_mean:             144.2992
return_std:                3.3548	test_ep_length_mean:     200.0000	test_episode_length_mean:199.0000	test_return_mean:        154.1242
test_return_std:           3.3466	
2026-04-25 00:07:22,399 - my_experiment - advP_HybridComm_5M_42 - my_run - INFO - t_env: 3500200 / 5050000
2026-04-25 00:07:22,400 - my_experiment - advP_HybridComm_5M_42 - my_run - INFO - Estimated time left: 10 hours, 34 minutes, 1 seconds. Time passed: 22 hours, 45 minutes, 36 seconds
2026-04-25 00:27:24,489 - my_experiment - advP_HybridComm_5M_42 - my_run - INFO - Recent Stats | t_env:    3550000 | Episode:    17750
ep_length_mean:          200.0000	episode_length_mean:     199.0000	epsilon:                   0.0500	grad_norm:               133.8818
info_nce_loss:             0.0870	loss:                      1.5524	q_loss:                    1.4113	return_mean:             144.4998
return_std:                2.9574	test_ep_length_mean:     200.0000	test_episode_length_mean:199.0000	test_return_mean:        154.1793
test_return_std:           3.4502	
2026-04-25 00:27:28,602 - my_experiment - advP_HybridComm_5M_42 - my_run - INFO - t_env: 3550200 / 5050000
2026-04-25 00:27:28,603 - my_experiment - advP_HybridComm_5M_42 - my_run - INFO - Estimated time left: 10 hours, 3 minutes, 1 seconds. Time passed: 23 hours, 5 minutes, 42 seconds
2026-04-25 00:48:03,588 - my_experiment - advP_HybridComm_5M_42 - my_run - INFO - Recent Stats | t_env:    3600000 | Episode:    18000
ep_length_mean:          200.0000	episode_length_mean:     199.0000	epsilon:                   0.0500	grad_norm:               199.2133
info_nce_loss:             0.0296	loss:                      1.7041	q_loss:                    1.5492	return_mean:             144.6142
return_std:                3.2448	test_ep_length_mean:     200.0000	test_episode_length_mean:199.0000	test_return_mean:        154.1091
test_return_std:           3.6547	
2026-04-25 00:48:07,265 - my_experiment - advP_HybridComm_5M_42 - my_run - INFO - t_env: 3600200 / 5050000
2026-04-25 00:48:07,266 - my_experiment - advP_HybridComm_5M_42 - my_run - INFO - Estimated time left: 9 hours, 58 minutes, 36 seconds. Time passed: 23 hours, 26 minutes, 21 seconds
2026-04-25 00:52:56,283 - my_experiment - advP_HybridComm_5M_42 - my_run - INFO - Saving models to work_dirs/my_experiment/advP_HybridComm_5M_42/my_run/20260424_012139/models/3600200
2026-04-25 01:08:42,344 - my_experiment - advP_HybridComm_5M_42 - my_run - INFO - Recent Stats | t_env:    3650000 | Episode:    18250
ep_length_mean:          200.0000	episode_length_mean:     199.0000	epsilon:                   0.0500	grad_norm:                73.1185
info_nce_loss:             0.0152	loss:                      1.4125	q_loss:                    1.2841	return_mean:             144.6077
return_std:                2.9922	test_ep_length_mean:     200.0000	test_episode_length_mean:199.0000	test_return_mean:        154.1531
test_return_std:           3.6340	
2026-04-25 01:08:45,991 - my_experiment - advP_HybridComm_5M_42 - my_run - INFO - t_env: 3650200 / 5050000
2026-04-25 01:08:45,992 - my_experiment - advP_HybridComm_5M_42 - my_run - INFO - Estimated time left: 9 hours, 37 minutes, 59 seconds. Time passed: 23 hours, 47 minutes, 0 seconds
2026-04-25 01:29:21,985 - my_experiment - advP_HybridComm_5M_42 - my_run - INFO - Recent Stats | t_env:    3700000 | Episode:    18500
ep_length_mean:          200.0000	episode_length_mean:     199.0000	epsilon:                   0.0500	grad_norm:               154.0668
info_nce_loss:             0.0261	loss:                      1.4973	q_loss:                    1.3611	return_mean:             144.8608
return_std:                2.5217	test_ep_length_mean:     200.0000	test_episode_length_mean:199.0000	test_return_mean:        154.3890
test_return_std:           3.5442	
2026-04-25 01:29:25,750 - my_experiment - advP_HybridComm_5M_42 - my_run - INFO - t_env: 3700200 / 5050000
2026-04-25 01:29:25,750 - my_experiment - advP_HybridComm_5M_42 - my_run - INFO - Estimated time left: 9 hours, 17 minutes, 48 seconds. Time passed: 1 days, 7 minutes, 40 seconds
2026-04-25 01:49:26,365 - my_experiment - advP_HybridComm_5M_42 - my_run - INFO - Recent Stats | t_env:    3750000 | Episode:    18750
ep_length_mean:          200.0000	episode_length_mean:     199.0000	epsilon:                   0.0500	grad_norm:                56.3951
info_nce_loss:             0.0638	loss:                      1.1596	q_loss:                    1.0542	return_mean:             144.8369
return_std:                2.5626	test_ep_length_mean:     200.0000	test_episode_length_mean:199.0000	test_return_mean:        154.4523
test_return_std:           3.5188	
2026-04-25 01:49:30,017 - my_experiment - advP_HybridComm_5M_42 - my_run - INFO - t_env: 3750200 / 5050000
2026-04-25 01:49:30,018 - my_experiment - advP_HybridComm_5M_42 - my_run - INFO - Estimated time left: 8 hours, 41 minutes, 46 seconds. Time passed: 1 days, 27 minutes, 44 seconds
2026-04-25 02:09:56,523 - my_experiment - advP_HybridComm_5M_42 - my_run - INFO - Recent Stats | t_env:    3800000 | Episode:    19000
ep_length_mean:          200.0000	episode_length_mean:     199.0000	epsilon:                   0.0500	grad_norm:               177.7274
info_nce_loss:             0.0294	loss:                      1.4346	q_loss:                    1.3042	return_mean:             144.9380
return_std:                2.7001	test_ep_length_mean:     200.0000	test_episode_length_mean:199.0000	test_return_mean:        154.5373
test_return_std:           3.4967	
2026-04-25 02:10:00,370 - my_experiment - advP_HybridComm_5M_42 - my_run - INFO - t_env: 3800200 / 5050000
2026-04-25 02:10:00,371 - my_experiment - advP_HybridComm_5M_42 - my_run - INFO - Estimated time left: 8 hours, 32 minutes, 33 seconds. Time passed: 1 days, 48 minutes, 14 seconds
2026-04-25 02:14:43,228 - my_experiment - advP_HybridComm_5M_42 - my_run - INFO - Saving models to work_dirs/my_experiment/advP_HybridComm_5M_42/my_run/20260424_012139/models/3800200
2026-04-25 02:29:58,130 - my_experiment - advP_HybridComm_5M_42 - my_run - INFO - Recent Stats | t_env:    3850000 | Episode:    19250
ep_length_mean:          200.0000	episode_length_mean:     199.0000	epsilon:                   0.0500	grad_norm:                48.9616
info_nce_loss:             0.0186	loss:                      1.1126	q_loss:                    1.0115	return_mean:             144.9990
return_std:                2.8494	test_ep_length_mean:     200.0000	test_episode_length_mean:199.0000	test_return_mean:        154.6905
test_return_std:           3.3459	
2026-04-25 02:30:01,709 - my_experiment - advP_HybridComm_5M_42 - my_run - INFO - t_env: 3850200 / 5050000
2026-04-25 02:30:01,710 - my_experiment - advP_HybridComm_5M_42 - my_run - INFO - Estimated time left: 8 hours, 27 seconds. Time passed: 1 days, 1 hours, 8 minutes, 16 seconds
2026-04-25 02:49:49,310 - my_experiment - advP_HybridComm_5M_42 - my_run - INFO - Recent Stats | t_env:    3900000 | Episode:    19500
ep_length_mean:          200.0000	episode_length_mean:     199.0000	epsilon:                   0.0500	grad_norm:               244.6737
info_nce_loss:             0.0064	loss:                      2.1828	q_loss:                    1.9844	return_mean:             145.0242
return_std:                2.4572	test_ep_length_mean:     200.0000	test_episode_length_mean:199.0000	test_return_mean:        154.7826
test_return_std:           3.2642	
2026-04-25 02:49:52,875 - my_experiment - advP_HybridComm_5M_42 - my_run - INFO - t_env: 3900200 / 5050000
2026-04-25 02:49:52,876 - my_experiment - advP_HybridComm_5M_42 - my_run - INFO - Estimated time left: 7 hours, 36 minutes, 32 seconds. Time passed: 1 days, 1 hours, 28 minutes, 7 seconds
2026-04-25 03:09:41,392 - my_experiment - advP_HybridComm_5M_42 - my_run - INFO - Recent Stats | t_env:    3950000 | Episode:    19750
ep_length_mean:          200.0000	episode_length_mean:     199.0000	epsilon:                   0.0500	grad_norm:                99.2535
info_nce_loss:             0.0287	loss:                      1.2419	q_loss:                    1.1290	return_mean:             145.2926
return_std:                2.3582	test_ep_length_mean:     200.0000	test_episode_length_mean:199.0000	test_return_mean:        154.7679
test_return_std:           3.1460	
2026-04-25 03:09:45,371 - my_experiment - advP_HybridComm_5M_42 - my_run - INFO - t_env: 3950200 / 5050000
2026-04-25 03:09:45,372 - my_experiment - advP_HybridComm_5M_42 - my_run - INFO - Estimated time left: 7 hours, 17 minutes, 10 seconds. Time passed: 1 days, 1 hours, 47 minutes, 59 seconds
2026-04-25 03:29:43,805 - my_experiment - advP_HybridComm_5M_42 - my_run - INFO - Recent Stats | t_env:    4000000 | Episode:    20000
ep_length_mean:          200.0000	episode_length_mean:     199.0000	epsilon:                   0.0500	grad_norm:                32.3929
info_nce_loss:             0.0446	loss:                      1.0315	q_loss:                    0.9377	return_mean:             145.0570
return_std:                2.3202	test_ep_length_mean:     200.0000	test_episode_length_mean:199.0000	test_return_mean:        154.8095
test_return_std:           3.1439	
2026-04-25 03:29:47,563 - my_experiment - advP_HybridComm_5M_42 - my_run - INFO - t_env: 4000200 / 5050000
2026-04-25 03:29:47,564 - my_experiment - advP_HybridComm_5M_42 - my_run - INFO - Estimated time left: 7 hours, 41 seconds. Time passed: 1 days, 2 hours, 8 minutes, 1 seconds
2026-04-25 03:34:18,917 - my_experiment - advP_HybridComm_5M_42 - my_run - INFO - Saving models to work_dirs/my_experiment/advP_HybridComm_5M_42/my_run/20260424_012139/models/4000200
2026-04-25 03:48:53,684 - my_experiment - advP_HybridComm_5M_42 - my_run - INFO - Recent Stats | t_env:    4050000 | Episode:    20250
ep_length_mean:          200.0000	episode_length_mean:     199.0000	epsilon:                   0.0500	grad_norm:               359.4439
info_nce_loss:             0.0362	loss:                      2.1588	q_loss:                    1.9625	return_mean:             145.1877
return_std:                2.4882	test_ep_length_mean:     200.0000	test_episode_length_mean:199.0000	test_return_mean:        154.8901
test_return_std:           2.9573	
2026-04-25 03:48:57,190 - my_experiment - advP_HybridComm_5M_42 - my_run - INFO - t_env: 4050200 / 5050000
2026-04-25 03:48:57,191 - my_experiment - advP_HybridComm_5M_42 - my_run - INFO - Estimated time left: 6 hours, 23 minutes, 7 seconds. Time passed: 1 days, 2 hours, 27 minutes, 11 seconds
2026-04-25 04:07:42,148 - my_experiment - advP_HybridComm_5M_42 - my_run - INFO - Recent Stats | t_env:    4100000 | Episode:    20500
ep_length_mean:          200.0000	episode_length_mean:     199.0000	epsilon:                   0.0500	grad_norm:               135.0545
info_nce_loss:             0.0254	loss:                      1.3603	q_loss:                    1.2366	return_mean:             145.3450
return_std:                2.5263	test_ep_length_mean:     200.0000	test_episode_length_mean:199.0000	test_return_mean:        154.7970
test_return_std:           3.0406	
2026-04-25 04:07:45,629 - my_experiment - advP_HybridComm_5M_42 - my_run - INFO - t_env: 4100200 / 5050000
2026-04-25 04:07:45,630 - my_experiment - advP_HybridComm_5M_42 - my_run - INFO - Estimated time left: 5 hours, 57 minutes, 15 seconds. Time passed: 1 days, 2 hours, 46 minutes, 0 seconds
2026-04-25 04:27:55,685 - my_experiment - advP_HybridComm_5M_42 - my_run - INFO - Recent Stats | t_env:    4150000 | Episode:    20750
ep_length_mean:          200.0000	episode_length_mean:     199.0000	epsilon:                   0.0500	grad_norm:               120.6577
info_nce_loss:             0.0182	loss:                      1.2150	q_loss:                    1.1045	return_mean:             145.2483
return_std:                2.5151	test_ep_length_mean:     200.0000	test_episode_length_mean:199.0000	test_return_mean:        154.8153
test_return_std:           3.0412	
2026-04-25 04:27:59,362 - my_experiment - advP_HybridComm_5M_42 - my_run - INFO - t_env: 4150200 / 5050000
2026-04-25 04:27:59,363 - my_experiment - advP_HybridComm_5M_42 - my_run - INFO - Estimated time left: 6 hours, 4 minutes, 2 seconds. Time passed: 1 days, 3 hours, 6 minutes, 13 seconds
2026-04-25 04:48:43,681 - my_experiment - advP_HybridComm_5M_42 - my_run - INFO - Recent Stats | t_env:    4200000 | Episode:    21000
ep_length_mean:          200.0000	episode_length_mean:     199.0000	epsilon:                   0.0500	grad_norm:               148.7313
info_nce_loss:             0.0353	loss:                      1.3475	q_loss:                    1.2250	return_mean:             145.1060
return_std:                2.6584	test_ep_length_mean:     200.0000	test_episode_length_mean:199.0000	test_return_mean:        154.9136
test_return_std:           3.0222	
2026-04-25 04:48:47,463 - my_experiment - advP_HybridComm_5M_42 - my_run - INFO - t_env: 4200200 / 5050000
2026-04-25 04:48:47,464 - my_experiment - advP_HybridComm_5M_42 - my_run - INFO - Estimated time left: 5 hours, 53 minutes, 32 seconds. Time passed: 1 days, 3 hours, 27 minutes, 1 seconds
2026-04-25 04:53:34,439 - my_experiment - advP_HybridComm_5M_42 - my_run - INFO - Saving models to work_dirs/my_experiment/advP_HybridComm_5M_42/my_run/20260424_012139/models/4200200
2026-04-25 05:09:18,967 - my_experiment - advP_HybridComm_5M_42 - my_run - INFO - Recent Stats | t_env:    4250000 | Episode:    21250
ep_length_mean:          200.0000	episode_length_mean:     199.0000	epsilon:                   0.0500	grad_norm:               105.6705
info_nce_loss:             0.0334	loss:                      1.2269	q_loss:                    1.1154	return_mean:             145.2695
return_std:                2.4357	test_ep_length_mean:     200.0000	test_episode_length_mean:199.0000	test_return_mean:        154.9500
test_return_std:           3.0811	
2026-04-25 05:09:22,746 - my_experiment - advP_HybridComm_5M_42 - my_run - INFO - t_env: 4250200 / 5050000
2026-04-25 05:09:22,747 - my_experiment - advP_HybridComm_5M_42 - my_run - INFO - Estimated time left: 5 hours, 29 minutes, 19 seconds. Time passed: 1 days, 3 hours, 47 minutes, 37 seconds
2026-04-25 05:30:10,878 - my_experiment - advP_HybridComm_5M_42 - my_run - INFO - Recent Stats | t_env:    4300000 | Episode:    21500
ep_length_mean:          200.0000	episode_length_mean:     199.0000	epsilon:                   0.0500	grad_norm:                93.6317
info_nce_loss:             0.0139	loss:                      1.3796	q_loss:                    1.2542	return_mean:             145.5053
return_std:                2.2452	test_ep_length_mean:     200.0000	test_episode_length_mean:199.0000	test_return_mean:        154.8906
test_return_std:           3.0869	
2026-04-25 05:30:14,858 - my_experiment - advP_HybridComm_5M_42 - my_run - INFO - t_env: 4300200 / 5050000
2026-04-25 05:30:14,859 - my_experiment - advP_HybridComm_5M_42 - my_run - INFO - Estimated time left: 5 hours, 12 minutes, 56 seconds. Time passed: 1 days, 4 hours, 8 minutes, 29 seconds
2026-04-25 05:51:12,235 - my_experiment - advP_HybridComm_5M_42 - my_run - INFO - Recent Stats | t_env:    4350000 | Episode:    21750
ep_length_mean:          200.0000	episode_length_mean:     199.0000	epsilon:                   0.0500	grad_norm:                67.0910
info_nce_loss:             0.0041	loss:                      1.1670	q_loss:                    1.0609	return_mean:             145.4699
return_std:                2.0179	test_ep_length_mean:     200.0000	test_episode_length_mean:199.0000	test_return_mean:        155.0651
test_return_std:           2.8667	
2026-04-25 05:51:16,581 - my_experiment - advP_HybridComm_5M_42 - my_run - INFO - t_env: 4350200 / 5050000
2026-04-25 05:51:16,582 - my_experiment - advP_HybridComm_5M_42 - my_run - INFO - Estimated time left: 4 hours, 54 minutes, 19 seconds. Time passed: 1 days, 4 hours, 29 minutes, 30 seconds
2026-04-25 06:11:57,151 - my_experiment - advP_HybridComm_5M_42 - my_run - INFO - Recent Stats | t_env:    4400000 | Episode:    22000
ep_length_mean:          200.0000	episode_length_mean:     199.0000	epsilon:                   0.0500	grad_norm:                45.2250
info_nce_loss:             0.0579	loss:                      1.1021	q_loss:                    1.0019	return_mean:             145.4424
return_std:                2.5805	test_ep_length_mean:     200.0000	test_episode_length_mean:199.0000	test_return_mean:        155.0462
test_return_std:           2.9017	
2026-04-25 06:12:00,936 - my_experiment - advP_HybridComm_5M_42 - my_run - INFO - t_env: 4400200 / 5050000
2026-04-25 06:12:00,937 - my_experiment - advP_HybridComm_5M_42 - my_run - INFO - Estimated time left: 4 hours, 29 minutes, 31 seconds. Time passed: 1 days, 4 hours, 50 minutes, 15 seconds
2026-04-25 06:16:57,131 - my_experiment - advP_HybridComm_5M_42 - my_run - INFO - Saving models to work_dirs/my_experiment/advP_HybridComm_5M_42/my_run/20260424_012139/models/4400200
2026-04-25 06:32:51,136 - my_experiment - advP_HybridComm_5M_42 - my_run - INFO - Recent Stats | t_env:    4450000 | Episode:    22250
ep_length_mean:          200.0000	episode_length_mean:     199.0000	epsilon:                   0.0500	grad_norm:               181.9327
info_nce_loss:             0.0565	loss:                      1.9219	q_loss:                    1.7471	return_mean:             145.4526
return_std:                2.4980	test_ep_length_mean:     200.0000	test_episode_length_mean:199.0000	test_return_mean:        155.0841
test_return_std:           2.9240	
2026-04-25 06:32:55,452 - my_experiment - advP_HybridComm_5M_42 - my_run - INFO - t_env: 4450200 / 5050000
2026-04-25 06:32:55,453 - my_experiment - advP_HybridComm_5M_42 - my_run - INFO - Estimated time left: 4 hours, 10 minutes, 49 seconds. Time passed: 1 days, 5 hours, 11 minutes, 9 seconds
2026-04-25 06:53:59,119 - my_experiment - advP_HybridComm_5M_42 - my_run - INFO - Recent Stats | t_env:    4500000 | Episode:    22500
ep_length_mean:          200.0000	episode_length_mean:     199.0000	epsilon:                   0.0500	grad_norm:                66.7801
info_nce_loss:             0.0133	loss:                      1.2023	q_loss:                    1.0930	return_mean:             145.5463
return_std:                2.2549	test_ep_length_mean:     200.0000	test_episode_length_mean:199.0000	test_return_mean:        155.1043
test_return_std:           2.8286	
2026-04-25 06:54:02,936 - my_experiment - advP_HybridComm_5M_42 - my_run - INFO - t_env: 4500200 / 5050000
2026-04-25 06:54:02,937 - my_experiment - advP_HybridComm_5M_42 - my_run - INFO - Estimated time left: 3 hours, 52 minutes, 17 seconds. Time passed: 1 days, 5 hours, 32 minutes, 17 seconds
2026-04-25 07:14:52,368 - my_experiment - advP_HybridComm_5M_42 - my_run - INFO - Recent Stats | t_env:    4550000 | Episode:    22750
ep_length_mean:          200.0000	episode_length_mean:     199.0000	epsilon:                   0.0500	grad_norm:               131.1334
info_nce_loss:             0.0203	loss:                      1.5522	q_loss:                    1.4111	return_mean:             145.5347
return_std:                2.2699	test_ep_length_mean:     200.0000	test_episode_length_mean:199.0000	test_return_mean:        155.1754
test_return_std:           2.7957	
2026-04-25 07:14:56,466 - my_experiment - advP_HybridComm_5M_42 - my_run - INFO - t_env: 4550200 / 5050000
2026-04-25 07:14:56,467 - my_experiment - advP_HybridComm_5M_42 - my_run - INFO - Estimated time left: 3 hours, 28 minutes, 50 seconds. Time passed: 1 days, 5 hours, 53 minutes, 10 seconds
2026-04-25 07:35:40,566 - my_experiment - advP_HybridComm_5M_42 - my_run - INFO - Recent Stats | t_env:    4600000 | Episode:    23000
ep_length_mean:          200.0000	episode_length_mean:     199.0000	epsilon:                   0.0500	grad_norm:                44.8879
info_nce_loss:             0.0251	loss:                      1.1762	q_loss:                    1.0693	return_mean:             145.1706
return_std:                2.7229	test_ep_length_mean:     200.0000	test_episode_length_mean:199.0000	test_return_mean:        155.2937
test_return_std:           2.7514	
2026-04-25 07:35:44,355 - my_experiment - advP_HybridComm_5M_42 - my_run - INFO - t_env: 4600200 / 5050000
2026-04-25 07:35:44,356 - my_experiment - advP_HybridComm_5M_42 - my_run - INFO - Estimated time left: 3 hours, 7 minutes, 6 seconds. Time passed: 1 days, 6 hours, 13 minutes, 58 seconds
2026-04-25 07:40:33,254 - my_experiment - advP_HybridComm_5M_42 - my_run - INFO - Saving models to work_dirs/my_experiment/advP_HybridComm_5M_42/my_run/20260424_012139/models/4600200
2026-04-25 07:56:36,568 - my_experiment - advP_HybridComm_5M_42 - my_run - INFO - Recent Stats | t_env:    4650000 | Episode:    23250
ep_length_mean:          200.0000	episode_length_mean:     199.0000	epsilon:                   0.0500	grad_norm:                33.0812
info_nce_loss:             0.0031	loss:                      1.1253	q_loss:                    1.0230	return_mean:             145.5315
return_std:                2.2417	test_ep_length_mean:     200.0000	test_episode_length_mean:199.0000	test_return_mean:        155.3795
test_return_std:           2.6319	
2026-04-25 07:56:40,201 - my_experiment - advP_HybridComm_5M_42 - my_run - INFO - t_env: 4650200 / 5050000
2026-04-25 07:56:40,201 - my_experiment - advP_HybridComm_5M_42 - my_run - INFO - Estimated time left: 2 hours, 47 minutes, 21 seconds. Time passed: 1 days, 6 hours, 34 minutes, 54 seconds
2026-04-25 08:16:18,231 - my_experiment - advP_HybridComm_5M_42 - my_run - INFO - Recent Stats | t_env:    4700000 | Episode:    23500
ep_length_mean:          200.0000	episode_length_mean:     199.0000	epsilon:                   0.0500	grad_norm:                20.9172
info_nce_loss:             0.0020	loss:                      0.9977	q_loss:                    0.9070	return_mean:             145.7870
return_std:                2.2407	test_ep_length_mean:     200.0000	test_episode_length_mean:199.0000	test_return_mean:        155.4329
test_return_std:           2.6145	
2026-04-25 08:16:22,093 - my_experiment - advP_HybridComm_5M_42 - my_run - INFO - t_env: 4700200 / 5050000
2026-04-25 08:16:22,094 - my_experiment - advP_HybridComm_5M_42 - my_run - INFO - Estimated time left: 2 hours, 17 minutes, 48 seconds. Time passed: 1 days, 6 hours, 54 minutes, 36 seconds
2026-04-25 08:36:34,450 - my_experiment - advP_HybridComm_5M_42 - my_run - INFO - Recent Stats | t_env:    4750000 | Episode:    23750
ep_length_mean:          200.0000	episode_length_mean:     199.0000	epsilon:                   0.0500	grad_norm:                21.9710
info_nce_loss:             0.0143	loss:                      0.9961	q_loss:                    0.9056	return_mean:             145.5156
return_std:                2.1859	test_ep_length_mean:     200.0000	test_episode_length_mean:199.0000	test_return_mean:        155.4812
test_return_std:           2.5502	
2026-04-25 08:36:38,228 - my_experiment - advP_HybridComm_5M_42 - my_run - INFO - t_env: 4750200 / 5050000
2026-04-25 08:36:38,229 - my_experiment - advP_HybridComm_5M_42 - my_run - INFO - Estimated time left: 2 hours, 1 minutes, 31 seconds. Time passed: 1 days, 7 hours, 14 minutes, 52 seconds
2026-04-25 08:56:48,446 - my_experiment - advP_HybridComm_5M_42 - my_run - INFO - Recent Stats | t_env:    4800000 | Episode:    24000
ep_length_mean:          200.0000	episode_length_mean:     199.0000	epsilon:                   0.0500	grad_norm:                21.4287
info_nce_loss:             0.0355	loss:                      0.9691	q_loss:                    0.8810	return_mean:             145.6654
return_std:                2.3076	test_ep_length_mean:     200.0000	test_episode_length_mean:199.0000	test_return_mean:        155.4351
test_return_std:           2.6085	
2026-04-25 08:56:52,159 - my_experiment - advP_HybridComm_5M_42 - my_run - INFO - t_env: 4800200 / 5050000
2026-04-25 08:56:52,159 - my_experiment - advP_HybridComm_5M_42 - my_run - INFO - Estimated time left: 1 hours, 41 minutes, 4 seconds. Time passed: 1 days, 7 hours, 35 minutes, 6 seconds
2026-04-25 09:01:38,973 - my_experiment - advP_HybridComm_5M_42 - my_run - INFO - Saving models to work_dirs/my_experiment/advP_HybridComm_5M_42/my_run/20260424_012139/models/4800200
2026-04-25 09:17:37,475 - my_experiment - advP_HybridComm_5M_42 - my_run - INFO - Recent Stats | t_env:    4850000 | Episode:    24250
ep_length_mean:          200.0000	episode_length_mean:     199.0000	epsilon:                   0.0500	grad_norm:                98.9609
info_nce_loss:             0.0145	loss:                      1.3520	q_loss:                    1.2291	return_mean:             145.5847
return_std:                2.3267	test_ep_length_mean:     200.0000	test_episode_length_mean:199.0000	test_return_mean:        155.3202
test_return_std:           2.6971	
2026-04-25 09:17:41,590 - my_experiment - advP_HybridComm_5M_42 - my_run - INFO - t_env: 4850200 / 5050000
2026-04-25 09:17:41,592 - my_experiment - advP_HybridComm_5M_42 - my_run - INFO - Estimated time left: 1 hours, 23 minutes, 12 seconds. Time passed: 1 days, 7 hours, 55 minutes, 55 seconds
2026-04-25 09:38:16,899 - my_experiment - advP_HybridComm_5M_42 - my_run - INFO - Recent Stats | t_env:    4900000 | Episode:    24500
ep_length_mean:          200.0000	episode_length_mean:     199.0000	epsilon:                   0.0500	grad_norm:                97.8893
info_nce_loss:             0.0173	loss:                      1.1852	q_loss:                    1.0774	return_mean:             145.6191
return_std:                2.4218	test_ep_length_mean:     200.0000	test_episode_length_mean:199.0000	test_return_mean:        155.3091
test_return_std:           2.7928	
2026-04-25 09:38:20,574 - my_experiment - advP_HybridComm_5M_42 - my_run - INFO - t_env: 4900200 / 5050000
2026-04-25 09:38:20,575 - my_experiment - advP_HybridComm_5M_42 - my_run - INFO - Estimated time left: 1 hours, 1 minutes, 51 seconds. Time passed: 1 days, 8 hours, 16 minutes, 34 seconds
2026-04-25 09:58:44,872 - my_experiment - advP_HybridComm_5M_42 - my_run - INFO - Recent Stats | t_env:    4950000 | Episode:    24750
ep_length_mean:          200.0000	episode_length_mean:     199.0000	epsilon:                   0.0500	grad_norm:                42.5690
info_nce_loss:             0.0040	loss:                      1.0330	q_loss:                    0.9391	return_mean:             145.5436
return_std:                2.3982	test_ep_length_mean:     200.0000	test_episode_length_mean:199.0000	test_return_mean:        155.3713
test_return_std:           2.6253	
2026-04-25 09:58:48,636 - my_experiment - advP_HybridComm_5M_42 - my_run - INFO - t_env: 4950200 / 5050000
2026-04-25 09:58:48,637 - my_experiment - advP_HybridComm_5M_42 - my_run - INFO - Estimated time left: 40 minutes, 51 seconds. Time passed: 1 days, 8 hours, 37 minutes, 3 seconds
2026-04-25 10:19:09,238 - my_experiment - advP_HybridComm_5M_42 - my_run - INFO - Recent Stats | t_env:    5000000 | Episode:    25000
ep_length_mean:          200.0000	episode_length_mean:     199.0000	epsilon:                   0.0500	grad_norm:                21.6984
info_nce_loss:             0.0311	loss:                      1.0312	q_loss:                    0.9375	return_mean:             145.8666
return_std:                1.9875	test_ep_length_mean:     200.0000	test_episode_length_mean:199.0000	test_return_mean:        155.3441
test_return_std:           2.8030	
2026-04-25 10:19:12,860 - my_experiment - advP_HybridComm_5M_42 - my_run - INFO - t_env: 5000200 / 5050000
2026-04-25 10:19:12,861 - my_experiment - advP_HybridComm_5M_42 - my_run - INFO - Estimated time left: 20 minutes, 19 seconds. Time passed: 1 days, 8 hours, 57 minutes, 27 seconds
2026-04-25 10:24:02,810 - my_experiment - advP_HybridComm_5M_42 - my_run - INFO - Saving models to work_dirs/my_experiment/advP_HybridComm_5M_42/my_run/20260424_012139/models/5000200
2026-04-25 10:39:52,188 - my_experiment - advP_HybridComm_5M_42 - my_run - INFO - Recent Stats | t_env:    5050000 | Episode:    25250
ep_length_mean:          200.0000	episode_length_mean:     199.0000	epsilon:                   0.0500	grad_norm:                81.5008
info_nce_loss:             0.0229	loss:                      1.2786	q_loss:                    1.1623	return_mean:             145.6836
return_std:                2.1645	test_ep_length_mean:     200.0000	test_episode_length_mean:199.0000	test_return_mean:        155.4309
test_return_std:           2.6931	
2026-04-25 10:39:56,274 - my_experiment - advP_HybridComm_5M_42 - my_run - INFO - t_env: 5050200 / 5050000
2026-04-25 10:39:56,275 - my_experiment - advP_HybridComm_5M_42 - my_run - INFO - Estimated time left: -. Time passed: 1 days, 9 hours, 18 minutes, 10 seconds
2026-04-25 10:44:43,765 - my_experiment - advP_HybridComm_5M_42 - my_run - INFO - Finished Training
