Gym has been unmaintained since 2022 and does not support NumPy 2.0 amongst other critical functionality.
Please upgrade to Gymnasium, the maintained drop-in replacement of Gym, or contact the authors of your software and request that they upgrade.
Users of this version of Gym should be able to simply replace 'import gym' with 'import gymnasium as gym' in the vast majority of cases.
See the migration guide at https://gymnasium.farama.org/introduction/migration_guide/ for additional information.
src/main.py:81: DeprecationWarning: Using or importing the ABCs from 'collections' instead of from 'collections.abc' is deprecated since Python 3.3, and in 3.10 it will stop working
  if isinstance(v, collections.Mapping):
wandb: [wandb.login()] Loaded credentials for https://api.wandb.ai from /home/pparsons/.netrc.
wandb: Currently logged in as: peterparsons02 (peterparsons02-eth-z-rich) to https://api.wandb.ai. Use `wandb login --relogin` to force relogin
wandb: setting up run gqezooo6
wandb: Tracking run with wandb version 0.24.1
wandb: Run data is saved locally in /usr/itetnas04/data-scratch-01/pparsons/data/MyExpoComm/wandb/run-20260818_200345-gqezooo6
wandb: Run `wandb offline` to turn off syncing.
wandb: Syncing run my_run-advP_B_HC_st_nomm_42-20260818_200345
wandb: ⭐️ View project at https://wandb.ai/peterparsons02-eth-z-rich/my_experiment
wandb: 🚀 View run at https://wandb.ai/peterparsons02-eth-z-rich/my_experiment/runs/gqezooo6
2026-08-18 20:03:47,446 - my_experiment - advP_B_HC_st_nomm_42 - my_run - INFO - Current directory: /usr/itetnas04/data-scratch-01/pparsons/data/MyExpoComm.
2026-08-18 20:03:47,446 - my_experiment - advP_B_HC_st_nomm_42 - my_run - INFO - Experiment Parameters:
2026-08-18 20:03:47,447 - my_experiment - advP_B_HC_st_nomm_42 - my_run - INFO - 

{   'action_selector': 'epsilon_greedy',
    'add_value_last_step': True,
    'agent': 'ExpoComm_static_cont',
    'agent_output_type': 'q',
    'attention_dim': 16,
    'aux_coef': 0.1,
    'batch_size': 32,
    'batch_size_run': 1,
    'buffer_cpu_only': True,
    'buffer_size': 2000,
    'checkpoint_path': '',
    'double_q': True,
    'env': 'MAgent_AdvPursuit',
    'env_args': {   'global_reward': True,
                    'map_name': 'adversarial_pursuit_view8',
                    'map_size': 70,
                    'max_cycles': 200,
                    'minimap_mode': False,
                    'pretrained_ckpt': 'prey_params.pt',
                    'seed': 42},
    'epsilon_anneal_time': 1000000,
    'epsilon_finish': 0.05,
    'epsilon_start': 1.0,
    'evaluate': False,
    'evaluation_epsilon': 0.0,
    'exp_name': 'my_experiment',
    'gamma': 0.99,
    'global_reward': True,
    'grad_norm_clip': 10,
    'hidden_dim': 64,
    'hypergroup': None,
    'label': 'default_label',
    'learner': 'hybrid_comm_learner',
    'learner_log_interval': 10000,
    'load_step': 0,
    'local_results_path': 'results',
    'log_interval': 50000,
    'lr': 0.0005,
    'mac': 'ExpoComm_mac',
    'mixer': None,
    'name': 'advP_B_HC_st_nomm_42',
    'neg_num': 20,
    'obs_agent_id': True,
    'obs_individual_obs': False,
    'obs_last_action': True,
    'optim_alpha': 0.99,
    'optim_eps': 1e-05,
    'render': False,
    'repeat_id': 1,
    'run_name': 'my_run',
    'runner': 'episode',
    'runner_log_interval': 10000,
    'save_model': True,
    'save_model_interval': 500000,
    'save_replay': False,
    'seed': 42,
    'standardise_returns': False,
    'standardise_rewards': True,
    't_max': 5050000,
    'target_update_interval_or_tau': 200,
    'temperature': 0.07,
    'test_greedy': True,
    'test_interval': 50000,
    'test_nepisode': 16,
    'topk_neighbors': 7,
    'use_cuda': True,
    'use_rnn': True,
    'use_tensorboard': True,
    'work_dir': 'work_dirs/my_experiment/advP_B_HC_st_nomm_42/my_run/20260818_200345'}

/usr/itetnas04/data-scratch-01/pparsons/data/conda_envs/ExpoComm/lib/python3.8/site-packages/pettingzoo/utils/conversions.py:41: UserWarning: The `from_parallel` function is deprecated. Use the `parallel_to_aec` function instead.
  warnings.warn("The `from_parallel` function is deprecated. Use the `parallel_to_aec` function instead.")
/usr/itetnas04/data-scratch-01/pparsons/data/conda_envs/ExpoComm/lib/python3.8/site-packages/pettingzoo/utils/wrappers/base.py:44: UserWarning: The `observation_spaces` dictionary is deprecated. Use the `observation_space` function instead.
  warnings.warn("The `observation_spaces` dictionary is deprecated. Use the `observation_space` function instead.")
/usr/itetnas04/data-scratch-01/pparsons/data/conda_envs/ExpoComm/lib/python3.8/site-packages/pettingzoo/utils/conversions.py:36: UserWarning: The `to_parallel` function is deprecated. Use the `aec_to_parallel` function instead.
  warnings.warn("The `to_parallel` function is deprecated. Use the `aec_to_parallel` function instead.")
/usr/itetnas04/data-scratch-01/pparsons/data/conda_envs/ExpoComm/lib/python3.8/site-packages/pettingzoo/utils/conversions.py:80: UserWarning: The `action_spaces` dictionary is deprecated. Use the `action_space` function instead.
  warnings.warn("The `action_spaces` dictionary is deprecated. Use the `action_space` function instead.")
/usr/itetnas04/data-scratch-01/pparsons/data/conda_envs/ExpoComm/lib/python3.8/site-packages/pettingzoo/utils/wrappers/base.py:52: UserWarning: The `action_spaces` dictionary is deprecated. Use the `action_space` function instead.
  warnings.warn("The `action_spaces` dictionary is deprecated. Use the `action_space` function instead.")
/usr/itetnas04/data-scratch-01/pparsons/data/conda_envs/ExpoComm/lib/python3.8/site-packages/pettingzoo/utils/conversions.py:72: UserWarning: The `observation_spaces` dictionary is deprecated. Use the `observation_space` function instead.
  warnings.warn("The `observation_spaces` dictionary is deprecated. Use the `observation_space` function instead.")
2026-08-18 20:03:54,161 - my_experiment - advP_B_HC_st_nomm_42 - my_run - INFO - Beginning training for 5050000 timesteps
/usr/itetnas04/data-scratch-01/pparsons/data/MyExpoComm/src/envs/adv_pursuit_wrappers.py:247: UserWarning: To copy construct from a tensor, it is recommended to use sourceTensor.clone().detach() or sourceTensor.clone().detach().requires_grad_(True), rather than torch.tensor(sourceTensor).
  actions = th.tensor(actions, dtype=th.long)
2026-08-18 20:03:59,352 - my_experiment - advP_B_HC_st_nomm_42 - my_run - INFO - t_env: 200 / 5050000
2026-08-18 20:03:59,353 - my_experiment - advP_B_HC_st_nomm_42 - my_run - INFO - Estimated time left: 8 minutes, 42 seconds. Time passed: 5 seconds
2026-08-18 20:05:09,220 - my_experiment - advP_B_HC_st_nomm_42 - my_run - INFO - Saving models to work_dirs/my_experiment/advP_B_HC_st_nomm_42/my_run/20260818_200345/models/200
2026-08-18 20:26:55,783 - my_experiment - advP_B_HC_st_nomm_42 - my_run - INFO - Recent Stats | t_env:      50000 | Episode:      250
ep_length_mean:          200.0000	episode_length_mean:     199.0000	epsilon:                   0.9620	grad_norm:                15.7303
info_nce_loss:             2.3819	loss:                      1.1400	q_loss:                    1.0363	return_mean:             -20.4703
return_std:                0.5218	test_ep_length_mean:     200.0000	test_episode_length_mean:199.0000	test_return_mean:          0.0000
test_return_std:           0.0000	
2026-08-18 20:27:01,132 - my_experiment - advP_B_HC_st_nomm_42 - my_run - INFO - t_env: 50200 / 5050000
2026-08-18 20:27:01,134 - my_experiment - advP_B_HC_st_nomm_42 - my_run - INFO - Estimated time left: 1 days, 14 hours, 22 minutes, 52 seconds. Time passed: 23 minutes, 6 seconds
2026-08-18 20:50:50,369 - my_experiment - advP_B_HC_st_nomm_42 - my_run - INFO - Recent Stats | t_env:     100000 | Episode:      500
ep_length_mean:          200.0000	episode_length_mean:     199.0000	epsilon:                   0.9145	grad_norm:                 8.4624
info_nce_loss:             0.8996	loss:                      1.3373	q_loss:                    1.2157	return_mean:             -18.0012
return_std:                0.7990	test_ep_length_mean:     200.0000	test_episode_length_mean:199.0000	test_return_mean:         16.0025
test_return_std:           3.7397	
2026-08-18 20:50:55,613 - my_experiment - advP_B_HC_st_nomm_42 - my_run - INFO - t_env: 100200 / 5050000
2026-08-18 20:50:55,614 - my_experiment - advP_B_HC_st_nomm_42 - my_run - INFO - Estimated time left: 1 days, 15 hours, 26 minutes, 47 seconds. Time passed: 47 minutes, 1 seconds
2026-08-18 21:14:28,665 - my_experiment - advP_B_HC_st_nomm_42 - my_run - INFO - Recent Stats | t_env:     150000 | Episode:      750
ep_length_mean:          200.0000	episode_length_mean:     199.0000	epsilon:                   0.8670	grad_norm:                 8.3790
info_nce_loss:             0.3125	loss:                      1.7440	q_loss:                    1.5855	return_mean:             -13.5963
return_std:                1.1670	test_ep_length_mean:     200.0000	test_episode_length_mean:199.0000	test_return_mean:         35.0454
test_return_std:           4.8517	
2026-08-18 21:14:34,130 - my_experiment - advP_B_HC_st_nomm_42 - my_run - INFO - t_env: 150200 / 5050000
2026-08-18 21:14:34,131 - my_experiment - advP_B_HC_st_nomm_42 - my_run - INFO - Estimated time left: 1 days, 14 hours, 36 minutes, 48 seconds. Time passed: 1 hours, 10 minutes, 39 seconds
2026-08-18 21:38:20,528 - my_experiment - advP_B_HC_st_nomm_42 - my_run - INFO - Recent Stats | t_env:     200000 | Episode:     1000
ep_length_mean:          200.0000	episode_length_mean:     199.0000	epsilon:                   0.8195	grad_norm:                13.0862
info_nce_loss:             0.2361	loss:                      1.5493	q_loss:                    1.4085	return_mean:             -10.2979
return_std:                1.3810	test_ep_length_mean:     200.0000	test_episode_length_mean:199.0000	test_return_mean:         44.9757
test_return_std:           5.9682	
2026-08-18 21:38:25,904 - my_experiment - advP_B_HC_st_nomm_42 - my_run - INFO - t_env: 200200 / 5050000
2026-08-18 21:38:25,906 - my_experiment - advP_B_HC_st_nomm_42 - my_run - INFO - Estimated time left: 1 days, 14 hours, 34 minutes, 36 seconds. Time passed: 1 hours, 34 minutes, 31 seconds
2026-08-18 22:02:04,074 - my_experiment - advP_B_HC_st_nomm_42 - my_run - INFO - Recent Stats | t_env:     250000 | Episode:     1250
ep_length_mean:          200.0000	episode_length_mean:     199.0000	epsilon:                   0.7720	grad_norm:                20.2409
info_nce_loss:             0.2213	loss:                      2.0560	q_loss:                    1.8691	return_mean:              -6.8548
return_std:                1.4856	test_ep_length_mean:     200.0000	test_episode_length_mean:199.0000	test_return_mean:         50.6166
test_return_std:           6.4347	
2026-08-18 22:02:09,344 - my_experiment - advP_B_HC_st_nomm_42 - my_run - INFO - t_env: 250200 / 5050000
2026-08-18 22:02:09,346 - my_experiment - advP_B_HC_st_nomm_42 - my_run - INFO - Estimated time left: 1 days, 13 hours, 57 minutes, 24 seconds. Time passed: 1 hours, 58 minutes, 15 seconds
2026-08-18 22:25:21,428 - my_experiment - advP_B_HC_st_nomm_42 - my_run - INFO - Recent Stats | t_env:     300000 | Episode:     1500
ep_length_mean:          200.0000	episode_length_mean:     199.0000	epsilon:                   0.7245	grad_norm:                22.1556
info_nce_loss:             0.3055	loss:                      1.6936	q_loss:                    1.5396	return_mean:              -3.4952
return_std:                1.9295	test_ep_length_mean:     200.0000	test_episode_length_mean:199.0000	test_return_mean:         67.4573
test_return_std:           7.9363	
2026-08-18 22:25:26,655 - my_experiment - advP_B_HC_st_nomm_42 - my_run - INFO - t_env: 300200 / 5050000
2026-08-18 22:25:26,657 - my_experiment - advP_B_HC_st_nomm_42 - my_run - INFO - Estimated time left: 1 days, 12 hours, 52 minutes, 18 seconds. Time passed: 2 hours, 21 minutes, 32 seconds
2026-08-18 22:48:36,229 - my_experiment - advP_B_HC_st_nomm_42 - my_run - INFO - Recent Stats | t_env:     350000 | Episode:     1750
ep_length_mean:          200.0000	episode_length_mean:     199.0000	epsilon:                   0.6770	grad_norm:                23.8731
info_nce_loss:             0.4262	loss:                      1.7994	q_loss:                    1.6358	return_mean:              -0.0635
return_std:                2.0336	test_ep_length_mean:     200.0000	test_episode_length_mean:199.0000	test_return_mean:         76.5377
test_return_std:           8.4890	
2026-08-18 22:48:41,542 - my_experiment - advP_B_HC_st_nomm_42 - my_run - INFO - t_env: 350200 / 5050000
2026-08-18 22:48:41,544 - my_experiment - advP_B_HC_st_nomm_42 - my_run - INFO - Estimated time left: 1 days, 12 hours, 25 minutes, 13 seconds. Time passed: 2 hours, 44 minutes, 47 seconds
2026-08-18 23:11:52,693 - my_experiment - advP_B_HC_st_nomm_42 - my_run - INFO - Recent Stats | t_env:     400000 | Episode:     2000
ep_length_mean:          200.0000	episode_length_mean:     199.0000	epsilon:                   0.6295	grad_norm:                74.9537
info_nce_loss:             0.2477	loss:                      2.1275	q_loss:                    1.9341	return_mean:               2.3379
return_std:                2.4668	test_ep_length_mean:     200.0000	test_episode_length_mean:199.0000	test_return_mean:         76.1503
test_return_std:           8.8574	
2026-08-18 23:11:57,938 - my_experiment - advP_B_HC_st_nomm_42 - my_run - INFO - t_env: 400200 / 5050000
2026-08-18 23:11:57,939 - my_experiment - advP_B_HC_st_nomm_42 - my_run - INFO - Estimated time left: 1 days, 12 hours, 4 minutes, 19 seconds. Time passed: 3 hours, 8 minutes, 3 seconds
2026-08-18 23:35:39,806 - my_experiment - advP_B_HC_st_nomm_42 - my_run - INFO - Recent Stats | t_env:     450000 | Episode:     2250
ep_length_mean:          200.0000	episode_length_mean:     199.0000	epsilon:                   0.5820	grad_norm:               127.8232
info_nce_loss:             0.3238	loss:                      2.7055	q_loss:                    2.4596	return_mean:               5.8498
return_std:                2.6246	test_ep_length_mean:     200.0000	test_episode_length_mean:199.0000	test_return_mean:         76.0666
test_return_std:           8.3576	
2026-08-18 23:35:45,427 - my_experiment - advP_B_HC_st_nomm_42 - my_run - INFO - t_env: 450200 / 5050000
2026-08-18 23:35:45,429 - my_experiment - advP_B_HC_st_nomm_42 - my_run - INFO - Estimated time left: 1 days, 12 hours, 28 minutes, 43 seconds. Time passed: 3 hours, 31 minutes, 51 seconds
2026-08-18 23:58:56,431 - my_experiment - advP_B_HC_st_nomm_42 - my_run - INFO - Recent Stats | t_env:     500000 | Episode:     2500
ep_length_mean:          200.0000	episode_length_mean:     199.0000	epsilon:                   0.5345	grad_norm:               225.0545
info_nce_loss:             0.4254	loss:                      2.2067	q_loss:                    2.0061	return_mean:               9.3312
return_std:                3.1309	test_ep_length_mean:     200.0000	test_episode_length_mean:199.0000	test_return_mean:         73.9036
test_return_std:           8.5505	
2026-08-18 23:59:01,690 - my_experiment - advP_B_HC_st_nomm_42 - my_run - INFO - t_env: 500200 / 5050000
2026-08-18 23:59:01,691 - my_experiment - advP_B_HC_st_nomm_42 - my_run - INFO - Estimated time left: 1 days, 11 hours, 17 minutes, 34 seconds. Time passed: 3 hours, 55 minutes, 7 seconds
2026-08-19 00:00:11,033 - my_experiment - advP_B_HC_st_nomm_42 - my_run - INFO - Saving models to work_dirs/my_experiment/advP_B_HC_st_nomm_42/my_run/20260818_200345/models/500200
2026-08-19 00:22:52,952 - my_experiment - advP_B_HC_st_nomm_42 - my_run - INFO - Recent Stats | t_env:     550000 | Episode:     2750
ep_length_mean:          200.0000	episode_length_mean:     199.0000	epsilon:                   0.4870	grad_norm:               391.0914
info_nce_loss:             0.2728	loss:                      2.6400	q_loss:                    2.4000	return_mean:              12.7563
return_std:                3.1575	test_ep_length_mean:     200.0000	test_episode_length_mean:199.0000	test_return_mean:         69.5275
test_return_std:           8.3949	
2026-08-19 00:22:59,020 - my_experiment - advP_B_HC_st_nomm_42 - my_run - INFO - t_env: 550200 / 5050000
2026-08-19 00:22:59,022 - my_experiment - advP_B_HC_st_nomm_42 - my_run - INFO - Estimated time left: 1 days, 11 hours, 55 minutes, 53 seconds. Time passed: 4 hours, 19 minutes, 4 seconds
2026-08-19 00:47:37,659 - my_experiment - advP_B_HC_st_nomm_42 - my_run - INFO - Recent Stats | t_env:     600000 | Episode:     3000
ep_length_mean:          200.0000	episode_length_mean:     199.0000	epsilon:                   0.4395	grad_norm:               501.7900
info_nce_loss:             0.3131	loss:                      3.2530	q_loss:                    2.9572	return_mean:              16.2844
return_std:                3.2978	test_ep_length_mean:     200.0000	test_episode_length_mean:199.0000	test_return_mean:         67.3900
test_return_std:           8.0332	
2026-08-19 00:47:43,205 - my_experiment - advP_B_HC_st_nomm_42 - my_run - INFO - t_env: 600200 / 5050000
2026-08-19 00:47:43,207 - my_experiment - advP_B_HC_st_nomm_42 - my_run - INFO - Estimated time left: 1 days, 12 hours, 41 minutes, 26 seconds. Time passed: 4 hours, 43 minutes, 49 seconds
2026-08-19 01:12:55,901 - my_experiment - advP_B_HC_st_nomm_42 - my_run - INFO - Recent Stats | t_env:     650000 | Episode:     3250
ep_length_mean:          200.0000	episode_length_mean:     199.0000	epsilon:                   0.3920	grad_norm:               558.3465
info_nce_loss:             0.2475	loss:                      3.8817	q_loss:                    3.5288	return_mean:              20.3541
return_std:                3.8148	test_ep_length_mean:     200.0000	test_episode_length_mean:199.0000	test_return_mean:         64.5089
test_return_std:           7.8730	
2026-08-19 01:13:01,443 - my_experiment - advP_B_HC_st_nomm_42 - my_run - INFO - t_env: 650200 / 5050000
2026-08-19 01:13:01,445 - my_experiment - advP_B_HC_st_nomm_42 - my_run - INFO - Estimated time left: 1 days, 13 hours, 6 minutes, 38 seconds. Time passed: 5 hours, 9 minutes, 7 seconds
2026-08-19 01:37:46,077 - my_experiment - advP_B_HC_st_nomm_42 - my_run - INFO - Recent Stats | t_env:     700000 | Episode:     3500
ep_length_mean:          200.0000	episode_length_mean:     199.0000	epsilon:                   0.3445	grad_norm:               677.3955
info_nce_loss:             0.3144	loss:                      2.3929	q_loss:                    2.1754	return_mean:              23.2381
return_std:                4.0567	test_ep_length_mean:     200.0000	test_episode_length_mean:199.0000	test_return_mean:         58.4718
test_return_std:           8.4759	
2026-08-19 01:37:51,647 - my_experiment - advP_B_HC_st_nomm_42 - my_run - INFO - t_env: 700200 / 5050000
2026-08-19 01:37:51,649 - my_experiment - advP_B_HC_st_nomm_42 - my_run - INFO - Estimated time left: 1 days, 12 hours, 41 seconds. Time passed: 5 hours, 33 minutes, 57 seconds
2026-08-19 02:02:29,903 - my_experiment - advP_B_HC_st_nomm_42 - my_run - INFO - Recent Stats | t_env:     750000 | Episode:     3750
ep_length_mean:          200.0000	episode_length_mean:     199.0000	epsilon:                   0.2970	grad_norm:               1374.9526
info_nce_loss:             0.2852	loss:                      3.5352	q_loss:                    3.2138	return_mean:              24.6544
return_std:                4.3993	test_ep_length_mean:     200.0000	test_episode_length_mean:199.0000	test_return_mean:         57.6025
test_return_std:           8.1642	
2026-08-19 02:02:35,589 - my_experiment - advP_B_HC_st_nomm_42 - my_run - INFO - t_env: 750200 / 5050000
2026-08-19 02:02:35,591 - my_experiment - advP_B_HC_st_nomm_42 - my_run - INFO - Estimated time left: 1 days, 11 hours, 26 minutes, 53 seconds. Time passed: 5 hours, 58 minutes, 41 seconds
2026-08-19 02:27:57,701 - my_experiment - advP_B_HC_st_nomm_42 - my_run - INFO - Recent Stats | t_env:     800000 | Episode:     4000
ep_length_mean:          200.0000	episode_length_mean:     199.0000	epsilon:                   0.2495	grad_norm:               1656.5065
info_nce_loss:             0.3132	loss:                      4.3179	q_loss:                    3.9254	return_mean:              26.7223
return_std:                4.6821	test_ep_length_mean:     200.0000	test_episode_length_mean:199.0000	test_return_mean:         56.2821
test_return_std:           8.3571	
2026-08-19 02:28:03,344 - my_experiment - advP_B_HC_st_nomm_42 - my_run - INFO - t_env: 800200 / 5050000
2026-08-19 02:28:03,345 - my_experiment - advP_B_HC_st_nomm_42 - my_run - INFO - Estimated time left: 1 days, 12 hours, 4 minutes, 12 seconds. Time passed: 6 hours, 24 minutes, 9 seconds
2026-08-19 02:52:35,597 - my_experiment - advP_B_HC_st_nomm_42 - my_run - INFO - Recent Stats | t_env:     850000 | Episode:     4250
ep_length_mean:          200.0000	episode_length_mean:     199.0000	epsilon:                   0.2020	grad_norm:               3131.4185
info_nce_loss:             0.2609	loss:                     10.7244	q_loss:                    9.7495	return_mean:              25.4507
return_std:                6.0782	test_ep_length_mean:     200.0000	test_episode_length_mean:199.0000	test_return_mean:         52.5280
test_return_std:           7.6692	
2026-08-19 02:52:41,026 - my_experiment - advP_B_HC_st_nomm_42 - my_run - INFO - t_env: 850200 / 5050000
2026-08-19 02:52:41,027 - my_experiment - advP_B_HC_st_nomm_42 - my_run - INFO - Estimated time left: 1 days, 10 hours, 28 minutes, 39 seconds. Time passed: 6 hours, 48 minutes, 46 seconds
2026-08-19 03:15:55,410 - my_experiment - advP_B_HC_st_nomm_42 - my_run - INFO - Recent Stats | t_env:     900000 | Episode:     4500
ep_length_mean:          200.0000	episode_length_mean:     199.0000	epsilon:                   0.1545	grad_norm:               2567.9005
info_nce_loss:             0.2801	loss:                     10.0302	q_loss:                    9.1184	return_mean:              34.7763
return_std:                5.0333	test_ep_length_mean:     200.0000	test_episode_length_mean:199.0000	test_return_mean:         51.3922
test_return_std:           7.4401	
2026-08-19 03:16:00,960 - my_experiment - advP_B_HC_st_nomm_42 - my_run - INFO - t_env: 900200 / 5050000
2026-08-19 03:16:00,962 - my_experiment - advP_B_HC_st_nomm_42 - my_run - INFO - Estimated time left: 1 days, 8 hours, 16 minutes, 28 seconds. Time passed: 7 hours, 12 minutes, 6 seconds
2026-08-19 03:39:06,280 - my_experiment - advP_B_HC_st_nomm_42 - my_run - INFO - Recent Stats | t_env:     950000 | Episode:     4750
ep_length_mean:          200.0000	episode_length_mean:     199.0000	epsilon:                   0.1070	grad_norm:               4087.9232
info_nce_loss:             0.2343	loss:                     12.2362	q_loss:                   11.1238	return_mean:              34.1326
return_std:                6.9917	test_ep_length_mean:     200.0000	test_episode_length_mean:199.0000	test_return_mean:         53.1600
test_return_std:           6.6857	
2026-08-19 03:39:11,451 - my_experiment - advP_B_HC_st_nomm_42 - my_run - INFO - t_env: 950200 / 5050000
2026-08-19 03:39:11,453 - my_experiment - advP_B_HC_st_nomm_42 - my_run - INFO - Estimated time left: 1 days, 7 hours, 40 minutes, 14 seconds. Time passed: 7 hours, 35 minutes, 17 seconds
2026-08-19 04:02:17,645 - my_experiment - advP_B_HC_st_nomm_42 - my_run - INFO - Recent Stats | t_env:    1000000 | Episode:     5000
ep_length_mean:          200.0000	episode_length_mean:     199.0000	epsilon:                   0.0595	grad_norm:               3903.6755
info_nce_loss:             0.2551	loss:                     11.9299	q_loss:                   10.8453	return_mean:              35.9805
return_std:                8.4986	test_ep_length_mean:     200.0000	test_episode_length_mean:199.0000	test_return_mean:         48.9650
test_return_std:           6.0489	
2026-08-19 04:02:22,798 - my_experiment - advP_B_HC_st_nomm_42 - my_run - INFO - t_env: 1000200 / 5050000
2026-08-19 04:02:22,799 - my_experiment - advP_B_HC_st_nomm_42 - my_run - INFO - Estimated time left: 1 days, 7 hours, 18 minutes, 13 seconds. Time passed: 7 hours, 58 minutes, 28 seconds
2026-08-19 04:03:31,949 - my_experiment - advP_B_HC_st_nomm_42 - my_run - INFO - Saving models to work_dirs/my_experiment/advP_B_HC_st_nomm_42/my_run/20260818_200345/models/1000200
2026-08-19 04:25:49,135 - my_experiment - advP_B_HC_st_nomm_42 - my_run - INFO - Recent Stats | t_env:    1050000 | Episode:     5250
ep_length_mean:          200.0000	episode_length_mean:     199.0000	epsilon:                   0.0500	grad_norm:               1529.9357
info_nce_loss:             0.1939	loss:                      4.5200	q_loss:                    4.1091	return_mean:              42.8988
return_std:                8.7262	test_ep_length_mean:     200.0000	test_episode_length_mean:199.0000	test_return_mean:         48.0968
test_return_std:           6.0333	
2026-08-19 04:25:54,291 - my_experiment - advP_B_HC_st_nomm_42 - my_run - INFO - t_env: 1050200 / 5050000
2026-08-19 04:25:54,293 - my_experiment - advP_B_HC_st_nomm_42 - my_run - INFO - Estimated time left: 1 days, 7 hours, 21 minutes, 53 seconds. Time passed: 8 hours, 22 minutes, 0 seconds
2026-08-19 04:48:47,517 - my_experiment - advP_B_HC_st_nomm_42 - my_run - INFO - Recent Stats | t_env:    1100000 | Episode:     5500
ep_length_mean:          200.0000	episode_length_mean:     199.0000	epsilon:                   0.0500	grad_norm:               2147.0729
info_nce_loss:             0.2046	loss:                      5.3872	q_loss:                    4.8974	return_mean:              44.0256
return_std:                7.1848	test_ep_length_mean:     200.0000	test_episode_length_mean:199.0000	test_return_mean:         45.5746
test_return_std:           6.2732	
2026-08-19 04:48:53,165 - my_experiment - advP_B_HC_st_nomm_42 - my_run - INFO - t_env: 1100200 / 5050000
2026-08-19 04:48:53,167 - my_experiment - advP_B_HC_st_nomm_42 - my_run - INFO - Estimated time left: 1 days, 6 hours, 15 minutes, 25 seconds. Time passed: 8 hours, 44 minutes, 59 seconds
2026-08-19 05:11:55,731 - my_experiment - advP_B_HC_st_nomm_42 - my_run - INFO - Recent Stats | t_env:    1150000 | Episode:     5750
ep_length_mean:          200.0000	episode_length_mean:     199.0000	epsilon:                   0.0500	grad_norm:               2971.1170
info_nce_loss:             0.2736	loss:                      6.4068	q_loss:                    5.8244	return_mean:              39.5885
return_std:                6.9435	test_ep_length_mean:     200.0000	test_episode_length_mean:199.0000	test_return_mean:         44.1739
test_return_std:           6.4018	
2026-08-19 05:12:00,894 - my_experiment - advP_B_HC_st_nomm_42 - my_run - INFO - t_env: 1150200 / 5050000
2026-08-19 05:12:00,895 - my_experiment - advP_B_HC_st_nomm_42 - my_run - INFO - Estimated time left: 1 days, 6 hours, 3 minutes, 57 seconds. Time passed: 9 hours, 8 minutes, 6 seconds
2026-08-19 05:35:19,034 - my_experiment - advP_B_HC_st_nomm_42 - my_run - INFO - Recent Stats | t_env:    1200000 | Episode:     6000
ep_length_mean:          200.0000	episode_length_mean:     199.0000	epsilon:                   0.0500	grad_norm:               1480.8145
info_nce_loss:             0.3218	loss:                      4.3286	q_loss:                    3.9351	return_mean:              39.7659
return_std:                9.8204	test_ep_length_mean:     200.0000	test_episode_length_mean:199.0000	test_return_mean:         42.8420
test_return_std:           6.2206	
2026-08-19 05:35:24,655 - my_experiment - advP_B_HC_st_nomm_42 - my_run - INFO - t_env: 1200200 / 5050000
2026-08-19 05:35:24,656 - my_experiment - advP_B_HC_st_nomm_42 - my_run - INFO - Estimated time left: 1 days, 6 hours, 1 minutes, 23 seconds. Time passed: 9 hours, 31 minutes, 30 seconds
2026-08-19 05:58:11,943 - my_experiment - advP_B_HC_st_nomm_42 - my_run - INFO - Recent Stats | t_env:    1250000 | Episode:     6250
ep_length_mean:          200.0000	episode_length_mean:     199.0000	epsilon:                   0.0500	grad_norm:               2604.0842
info_nce_loss:             0.3077	loss:                      6.6827	q_loss:                    6.0752	return_mean:              43.4749
return_std:                7.0664	test_ep_length_mean:     200.0000	test_episode_length_mean:199.0000	test_return_mean:         44.7777
test_return_std:           6.8832	
2026-08-19 05:58:17,103 - my_experiment - advP_B_HC_st_nomm_42 - my_run - INFO - t_env: 1250200 / 5050000
2026-08-19 05:58:17,105 - my_experiment - advP_B_HC_st_nomm_42 - my_run - INFO - Estimated time left: 1 days, 4 hours, 58 minutes, 20 seconds. Time passed: 9 hours, 54 minutes, 22 seconds
2026-08-19 06:21:12,762 - my_experiment - advP_B_HC_st_nomm_42 - my_run - INFO - Recent Stats | t_env:    1300000 | Episode:     6500
ep_length_mean:          200.0000	episode_length_mean:     199.0000	epsilon:                   0.0500	grad_norm:               2975.0587
info_nce_loss:             0.2559	loss:                      9.7849	q_loss:                    8.8954	return_mean:              39.3845
return_std:                9.4979	test_ep_length_mean:     200.0000	test_episode_length_mean:199.0000	test_return_mean:         42.4838
test_return_std:           6.5202	
2026-08-19 06:21:17,934 - my_experiment - advP_B_HC_st_nomm_42 - my_run - INFO - t_env: 1300200 / 5050000
2026-08-19 06:21:17,935 - my_experiment - advP_B_HC_st_nomm_42 - my_run - INFO - Estimated time left: 1 days, 4 hours, 45 minutes, 56 seconds. Time passed: 10 hours, 17 minutes, 23 seconds
2026-08-19 06:44:37,775 - my_experiment - advP_B_HC_st_nomm_42 - my_run - INFO - Recent Stats | t_env:    1350000 | Episode:     6750
ep_length_mean:          200.0000	episode_length_mean:     199.0000	epsilon:                   0.0500	grad_norm:               1582.6572
info_nce_loss:             0.4664	loss:                      2.7825	q_loss:                    2.5295	return_mean:              40.6533
return_std:                8.4735	test_ep_length_mean:     200.0000	test_episode_length_mean:199.0000	test_return_mean:         45.3714
test_return_std:           7.1560	
2026-08-19 06:44:42,944 - my_experiment - advP_B_HC_st_nomm_42 - my_run - INFO - t_env: 1350200 / 5050000
2026-08-19 06:44:42,945 - my_experiment - advP_B_HC_st_nomm_42 - my_run - INFO - Estimated time left: 1 days, 4 hours, 52 minutes, 45 seconds. Time passed: 10 hours, 40 minutes, 48 seconds
2026-08-19 07:07:49,849 - my_experiment - advP_B_HC_st_nomm_42 - my_run - INFO - Recent Stats | t_env:    1400000 | Episode:     7000
ep_length_mean:          200.0000	episode_length_mean:     199.0000	epsilon:                   0.0500	grad_norm:               3375.3873
info_nce_loss:             0.4003	loss:                      8.4084	q_loss:                    7.6440	return_mean:              43.4293
return_std:                7.2158	test_ep_length_mean:     200.0000	test_episode_length_mean:199.0000	test_return_mean:         46.7196
test_return_std:           6.8220	
2026-08-19 07:07:55,010 - my_experiment - advP_B_HC_st_nomm_42 - my_run - INFO - t_env: 1400200 / 5050000
2026-08-19 07:07:55,012 - my_experiment - advP_B_HC_st_nomm_42 - my_run - INFO - Estimated time left: 1 days, 4 hours, 13 minutes, 35 seconds. Time passed: 11 hours, 4 minutes, 0 seconds
2026-08-19 07:30:58,453 - my_experiment - advP_B_HC_st_nomm_42 - my_run - INFO - Recent Stats | t_env:    1450000 | Episode:     7250
ep_length_mean:          200.0000	episode_length_mean:     199.0000	epsilon:                   0.0500	grad_norm:               6008.4933
info_nce_loss:             0.3904	loss:                     15.2058	q_loss:                   13.8235	return_mean:              36.3267
return_std:                7.3871	test_ep_length_mean:     200.0000	test_episode_length_mean:199.0000	test_return_mean:         47.0988
test_return_std:           7.0477	
2026-08-19 07:31:03,629 - my_experiment - advP_B_HC_st_nomm_42 - my_run - INFO - t_env: 1450200 / 5050000
2026-08-19 07:31:03,631 - my_experiment - advP_B_HC_st_nomm_42 - my_run - INFO - Estimated time left: 1 days, 3 hours, 46 minutes, 15 seconds. Time passed: 11 hours, 27 minutes, 9 seconds
2026-08-19 07:54:09,978 - my_experiment - advP_B_HC_st_nomm_42 - my_run - INFO - Recent Stats | t_env:    1500000 | Episode:     7500
ep_length_mean:          200.0000	episode_length_mean:     199.0000	epsilon:                   0.0500	grad_norm:               6491.8369
info_nce_loss:             0.3299	loss:                     14.2495	q_loss:                   12.9541	return_mean:              33.2773
return_std:                9.0471	test_ep_length_mean:     200.0000	test_episode_length_mean:199.0000	test_return_mean:         45.8277
test_return_std:           6.8073	
2026-08-19 07:54:15,272 - my_experiment - advP_B_HC_st_nomm_42 - my_run - INFO - t_env: 1500200 / 5050000
2026-08-19 07:54:15,273 - my_experiment - advP_B_HC_st_nomm_42 - my_run - INFO - Estimated time left: 1 days, 3 hours, 26 minutes, 40 seconds. Time passed: 11 hours, 50 minutes, 21 seconds
2026-08-19 07:55:24,665 - my_experiment - advP_B_HC_st_nomm_42 - my_run - INFO - Saving models to work_dirs/my_experiment/advP_B_HC_st_nomm_42/my_run/20260818_200345/models/1500200
2026-08-19 08:17:32,227 - my_experiment - advP_B_HC_st_nomm_42 - my_run - INFO - Recent Stats | t_env:    1550000 | Episode:     7750
ep_length_mean:          200.0000	episode_length_mean:     199.0000	epsilon:                   0.0500	grad_norm:               5290.4721
info_nce_loss:             0.3273	loss:                      7.4883	q_loss:                    6.8075	return_mean:              37.1413
return_std:                7.0402	test_ep_length_mean:     200.0000	test_episode_length_mean:199.0000	test_return_mean:         48.1989
test_return_std:           6.6029	
2026-08-19 08:17:37,414 - my_experiment - advP_B_HC_st_nomm_42 - my_run - INFO - t_env: 1550200 / 5050000
2026-08-19 08:17:37,415 - my_experiment - advP_B_HC_st_nomm_42 - my_run - INFO - Estimated time left: 1 days, 3 hours, 15 minutes, 44 seconds. Time passed: 12 hours, 13 minutes, 43 seconds
2026-08-19 08:40:52,571 - my_experiment - advP_B_HC_st_nomm_42 - my_run - INFO - Recent Stats | t_env:    1600000 | Episode:     8000
ep_length_mean:          200.0000	episode_length_mean:     199.0000	epsilon:                   0.0500	grad_norm:               10740.3347
info_nce_loss:             0.2530	loss:                     28.2114	q_loss:                   25.6467	return_mean:              24.3555
return_std:                6.6223	test_ep_length_mean:     200.0000	test_episode_length_mean:199.0000	test_return_mean:         44.4582
test_return_std:           6.0733	
2026-08-19 08:40:57,727 - my_experiment - advP_B_HC_st_nomm_42 - my_run - INFO - t_env: 1600200 / 5050000
2026-08-19 08:40:57,728 - my_experiment - advP_B_HC_st_nomm_42 - my_run - INFO - Estimated time left: 1 days, 2 hours, 50 minutes, 15 seconds. Time passed: 12 hours, 37 minutes, 3 seconds
2026-08-19 09:04:16,332 - my_experiment - advP_B_HC_st_nomm_42 - my_run - INFO - Recent Stats | t_env:    1650000 | Episode:     8250
ep_length_mean:          200.0000	episode_length_mean:     199.0000	epsilon:                   0.0500	grad_norm:               8840.8643
info_nce_loss:             0.3010	loss:                     19.3581	q_loss:                   17.5983	return_mean:              25.9435
return_std:                6.5656	test_ep_length_mean:     200.0000	test_episode_length_mean:199.0000	test_return_mean:         39.1941
test_return_std:           6.0095	
2026-08-19 09:04:21,494 - my_experiment - advP_B_HC_st_nomm_42 - my_run - INFO - t_env: 1650200 / 5050000
2026-08-19 09:04:21,495 - my_experiment - advP_B_HC_st_nomm_42 - my_run - INFO - Estimated time left: 1 days, 2 hours, 30 minutes, 50 seconds. Time passed: 13 hours, 27 seconds
2026-08-19 09:27:16,352 - my_experiment - advP_B_HC_st_nomm_42 - my_run - INFO - Recent Stats | t_env:    1700000 | Episode:     8500
ep_length_mean:          200.0000	episode_length_mean:     199.0000	epsilon:                   0.0500	grad_norm:               15146.0123
info_nce_loss:             0.2437	loss:                     52.5393	q_loss:                   47.7630	return_mean:              21.1267
return_std:                8.8695	test_ep_length_mean:     200.0000	test_episode_length_mean:199.0000	test_return_mean:         31.8223
test_return_std:           5.9033	
2026-08-19 09:27:21,901 - my_experiment - advP_B_HC_st_nomm_42 - my_run - INFO - t_env: 1700200 / 5050000
2026-08-19 09:27:21,903 - my_experiment - advP_B_HC_st_nomm_42 - my_run - INFO - Estimated time left: 1 days, 1 hours, 41 minutes, 21 seconds. Time passed: 13 hours, 23 minutes, 27 seconds
2026-08-19 09:50:43,519 - my_experiment - advP_B_HC_st_nomm_42 - my_run - INFO - Recent Stats | t_env:    1750000 | Episode:     8750
ep_length_mean:          200.0000	episode_length_mean:     199.0000	epsilon:                   0.0500	grad_norm:               11498.7310
info_nce_loss:             0.3911	loss:                     22.2486	q_loss:                   20.2260	return_mean:              26.8619
return_std:                6.8619	test_ep_length_mean:     200.0000	test_episode_length_mean:199.0000	test_return_mean:         25.4994
test_return_std:           5.6504	
2026-08-19 09:50:48,791 - my_experiment - advP_B_HC_st_nomm_42 - my_run - INFO - t_env: 1750200 / 5050000
2026-08-19 09:50:48,792 - my_experiment - advP_B_HC_st_nomm_42 - my_run - INFO - Estimated time left: 1 days, 1 hours, 47 minutes, 29 seconds. Time passed: 13 hours, 46 minutes, 54 seconds
2026-08-19 10:14:05,544 - my_experiment - advP_B_HC_st_nomm_42 - my_run - INFO - Recent Stats | t_env:    1800000 | Episode:     9000
ep_length_mean:          200.0000	episode_length_mean:     199.0000	epsilon:                   0.0500	grad_norm:               7003.0753
info_nce_loss:             0.2949	loss:                     29.2113	q_loss:                   26.5558	return_mean:              30.0096
return_std:                5.5099	test_ep_length_mean:     200.0000	test_episode_length_mean:199.0000	test_return_mean:         22.4622
test_return_std:           5.8215	
2026-08-19 10:14:11,171 - my_experiment - advP_B_HC_st_nomm_42 - my_run - INFO - t_env: 1800200 / 5050000
2026-08-19 10:14:11,172 - my_experiment - advP_B_HC_st_nomm_42 - my_run - INFO - Estimated time left: 1 days, 1 hours, 19 minutes, 9 seconds. Time passed: 14 hours, 10 minutes, 17 seconds
2026-08-19 10:37:27,409 - my_experiment - advP_B_HC_st_nomm_42 - my_run - INFO - Recent Stats | t_env:    1850000 | Episode:     9250
ep_length_mean:          200.0000	episode_length_mean:     199.0000	epsilon:                   0.0500	grad_norm:               10302.5405
info_nce_loss:             0.2438	loss:                     47.4652	q_loss:                   43.1502	return_mean:              24.0778
return_std:                6.1160	test_ep_length_mean:     200.0000	test_episode_length_mean:199.0000	test_return_mean:         24.5961
test_return_std:           5.4628	
2026-08-19 10:37:32,584 - my_experiment - advP_B_HC_st_nomm_42 - my_run - INFO - t_env: 1850200 / 5050000
2026-08-19 10:37:32,585 - my_experiment - advP_B_HC_st_nomm_42 - my_run - INFO - Estimated time left: 1 days, 54 minutes, 44 seconds. Time passed: 14 hours, 33 minutes, 38 seconds
2026-08-19 11:00:42,965 - my_experiment - advP_B_HC_st_nomm_42 - my_run - INFO - Recent Stats | t_env:    1900000 | Episode:     9500
ep_length_mean:          200.0000	episode_length_mean:     199.0000	epsilon:                   0.0500	grad_norm:               3442.6753
info_nce_loss:             0.2837	loss:                     23.4993	q_loss:                   21.3630	return_mean:              13.7988
return_std:                6.0117	test_ep_length_mean:     200.0000	test_episode_length_mean:199.0000	test_return_mean:         26.5532
test_return_std:           5.4521	
2026-08-19 11:00:48,618 - my_experiment - advP_B_HC_st_nomm_42 - my_run - INFO - t_env: 1900200 / 5050000
2026-08-19 11:00:48,619 - my_experiment - advP_B_HC_st_nomm_42 - my_run - INFO - Estimated time left: 1 days, 25 minutes, 44 seconds. Time passed: 14 hours, 56 minutes, 54 seconds
2026-08-19 11:24:19,645 - my_experiment - advP_B_HC_st_nomm_42 - my_run - INFO - Recent Stats | t_env:    1950000 | Episode:     9750
ep_length_mean:          200.0000	episode_length_mean:     199.0000	epsilon:                   0.0500	grad_norm:               3093.2443
info_nce_loss:             0.3027	loss:                      9.3124	q_loss:                    8.4658	return_mean:              22.7081
return_std:                4.3762	test_ep_length_mean:     200.0000	test_episode_length_mean:199.0000	test_return_mean:         28.4547
test_return_std:           5.1361	
2026-08-19 11:24:24,793 - my_experiment - advP_B_HC_st_nomm_42 - my_run - INFO - t_env: 1950200 / 5050000
2026-08-19 11:24:24,795 - my_experiment - advP_B_HC_st_nomm_42 - my_run - INFO - Estimated time left: 1 days, 23 minutes, 17 seconds. Time passed: 15 hours, 20 minutes, 30 seconds
2026-08-19 11:47:18,238 - my_experiment - advP_B_HC_st_nomm_42 - my_run - INFO - Recent Stats | t_env:    2000000 | Episode:    10000
ep_length_mean:          200.0000	episode_length_mean:     199.0000	epsilon:                   0.0500	grad_norm:               2720.9661
info_nce_loss:             0.2745	loss:                     11.2120	q_loss:                   10.1927	return_mean:              28.6942
return_std:                4.7563	test_ep_length_mean:     200.0000	test_episode_length_mean:199.0000	test_return_mean:         34.2217
test_return_std:           4.9749	
2026-08-19 11:47:23,381 - my_experiment - advP_B_HC_st_nomm_42 - my_run - INFO - t_env: 2000200 / 5050000
2026-08-19 11:47:23,382 - my_experiment - advP_B_HC_st_nomm_42 - my_run - INFO - Estimated time left: 23 hours, 21 minutes, 28 seconds. Time passed: 15 hours, 43 minutes, 29 seconds
2026-08-19 11:48:33,295 - my_experiment - advP_B_HC_st_nomm_42 - my_run - INFO - Saving models to work_dirs/my_experiment/advP_B_HC_st_nomm_42/my_run/20260818_200345/models/2000200
2026-08-19 12:10:13,493 - my_experiment - advP_B_HC_st_nomm_42 - my_run - INFO - Recent Stats | t_env:    2050000 | Episode:    10250
ep_length_mean:          200.0000	episode_length_mean:     199.0000	epsilon:                   0.0500	grad_norm:               2262.9991
info_nce_loss:             0.2528	loss:                     13.5139	q_loss:                   12.2854	return_mean:              26.2816
return_std:                5.5017	test_ep_length_mean:     200.0000	test_episode_length_mean:199.0000	test_return_mean:         35.0275
test_return_std:           4.6418	
2026-08-19 12:10:19,077 - my_experiment - advP_B_HC_st_nomm_42 - my_run - INFO - t_env: 2050200 / 5050000
2026-08-19 12:10:19,078 - my_experiment - advP_B_HC_st_nomm_42 - my_run - INFO - Estimated time left: 22 hours, 55 minutes, 36 seconds. Time passed: 16 hours, 6 minutes, 24 seconds
2026-08-19 12:34:07,079 - my_experiment - advP_B_HC_st_nomm_42 - my_run - INFO - Recent Stats | t_env:    2100000 | Episode:    10500
ep_length_mean:          200.0000	episode_length_mean:     199.0000	epsilon:                   0.0500	grad_norm:               2336.4135
info_nce_loss:             0.3068	loss:                     10.7642	q_loss:                    9.7856	return_mean:              22.9267
return_std:                7.0853	test_ep_length_mean:     200.0000	test_episode_length_mean:199.0000	test_return_mean:         32.0354
test_return_std:           4.6027	
2026-08-19 12:34:12,865 - my_experiment - advP_B_HC_st_nomm_42 - my_run - INFO - t_env: 2100200 / 5050000
2026-08-19 12:34:12,866 - my_experiment - advP_B_HC_st_nomm_42 - my_run - INFO - Estimated time left: 23 hours, 29 minutes, 47 seconds. Time passed: 16 hours, 30 minutes, 18 seconds
2026-08-19 12:58:10,607 - my_experiment - advP_B_HC_st_nomm_42 - my_run - INFO - Recent Stats | t_env:    2150000 | Episode:    10750
ep_length_mean:          200.0000	episode_length_mean:     199.0000	epsilon:                   0.0500	grad_norm:               1738.1877
info_nce_loss:             0.3189	loss:                      6.8296	q_loss:                    6.2087	return_mean:              26.3990
return_std:                6.4818	test_ep_length_mean:     200.0000	test_episode_length_mean:199.0000	test_return_mean:         30.4915
test_return_std:           4.2524	
2026-08-19 12:58:15,771 - my_experiment - advP_B_HC_st_nomm_42 - my_run - INFO - t_env: 2150200 / 5050000
2026-08-19 12:58:15,772 - my_experiment - advP_B_HC_st_nomm_42 - my_run - INFO - Estimated time left: 23 hours, 14 minutes, 42 seconds. Time passed: 16 hours, 54 minutes, 21 seconds
2026-08-19 13:21:42,433 - my_experiment - advP_B_HC_st_nomm_42 - my_run - INFO - Recent Stats | t_env:    2200000 | Episode:    11000
ep_length_mean:          200.0000	episode_length_mean:     199.0000	epsilon:                   0.0500	grad_norm:               904.4702
info_nce_loss:             0.2029	loss:                      4.3565	q_loss:                    3.9605	return_mean:              29.8268
return_std:                7.0279	test_ep_length_mean:     200.0000	test_episode_length_mean:199.0000	test_return_mean:         29.8584
test_return_std:           4.2285	
2026-08-19 13:21:48,008 - my_experiment - advP_B_HC_st_nomm_42 - my_run - INFO - t_env: 2200200 / 5050000
2026-08-19 13:21:48,010 - my_experiment - advP_B_HC_st_nomm_42 - my_run - INFO - Estimated time left: 22 hours, 21 minutes, 31 seconds. Time passed: 17 hours, 17 minutes, 53 seconds
2026-08-19 13:45:09,119 - my_experiment - advP_B_HC_st_nomm_42 - my_run - INFO - Recent Stats | t_env:    2250000 | Episode:    11250
ep_length_mean:          200.0000	episode_length_mean:     199.0000	epsilon:                   0.0500	grad_norm:               1281.0055
info_nce_loss:             0.1344	loss:                      5.7711	q_loss:                    5.2465	return_mean:              31.4229
return_std:                6.0714	test_ep_length_mean:     200.0000	test_episode_length_mean:199.0000	test_return_mean:         29.5577
test_return_std:           4.3254	
2026-08-19 13:45:14,828 - my_experiment - advP_B_HC_st_nomm_42 - my_run - INFO - t_env: 2250200 / 5050000
2026-08-19 13:45:14,829 - my_experiment - advP_B_HC_st_nomm_42 - my_run - INFO - Estimated time left: 21 hours, 52 minutes, 56 seconds. Time passed: 17 hours, 41 minutes, 20 seconds
2026-08-19 14:08:37,830 - my_experiment - advP_B_HC_st_nomm_42 - my_run - INFO - Recent Stats | t_env:    2300000 | Episode:    11500
ep_length_mean:          200.0000	episode_length_mean:     199.0000	epsilon:                   0.0500	grad_norm:               678.2096
info_nce_loss:             0.2981	loss:                      3.7249	q_loss:                    3.3863	return_mean:              29.7951
return_std:                6.1814	test_ep_length_mean:     200.0000	test_episode_length_mean:199.0000	test_return_mean:         27.1901
test_return_std:           4.6691	
2026-08-19 14:08:43,353 - my_experiment - advP_B_HC_st_nomm_42 - my_run - INFO - t_env: 2300200 / 5050000
2026-08-19 14:08:43,354 - my_experiment - advP_B_HC_st_nomm_42 - my_run - INFO - Estimated time left: 21 hours, 31 minutes, 3 seconds. Time passed: 18 hours, 4 minutes, 49 seconds
2026-08-19 14:31:55,271 - my_experiment - advP_B_HC_st_nomm_42 - my_run - INFO - Recent Stats | t_env:    2350000 | Episode:    11750
ep_length_mean:          200.0000	episode_length_mean:     199.0000	epsilon:                   0.0500	grad_norm:               787.1171
info_nce_loss:             0.2062	loss:                      3.5581	q_loss:                    3.2346	return_mean:              29.0886
return_std:                6.3194	test_ep_length_mean:     200.0000	test_episode_length_mean:199.0000	test_return_mean:         29.5224
test_return_std:           5.2309	
2026-08-19 14:32:00,538 - my_experiment - advP_B_HC_st_nomm_42 - my_run - INFO - t_env: 2350200 / 5050000
2026-08-19 14:32:00,539 - my_experiment - advP_B_HC_st_nomm_42 - my_run - INFO - Estimated time left: 20 hours, 57 minutes, 22 seconds. Time passed: 18 hours, 28 minutes, 6 seconds
2026-08-19 14:55:30,377 - my_experiment - advP_B_HC_st_nomm_42 - my_run - INFO - Recent Stats | t_env:    2400000 | Episode:    12000
ep_length_mean:          200.0000	episode_length_mean:     199.0000	epsilon:                   0.0500	grad_norm:               718.2323
info_nce_loss:             0.0603	loss:                      3.2133	q_loss:                    2.9212	return_mean:              29.3666
return_std:                6.2535	test_ep_length_mean:     200.0000	test_episode_length_mean:199.0000	test_return_mean:         31.3914
test_return_std:           5.5893	
2026-08-19 14:55:35,550 - my_experiment - advP_B_HC_st_nomm_42 - my_run - INFO - t_env: 2400200 / 5050000
2026-08-19 14:55:35,552 - my_experiment - advP_B_HC_st_nomm_42 - my_run - INFO - Estimated time left: 20 hours, 49 minutes, 49 seconds. Time passed: 18 hours, 51 minutes, 41 seconds
2026-08-19 15:18:44,672 - my_experiment - advP_B_HC_st_nomm_42 - my_run - INFO - Recent Stats | t_env:    2450000 | Episode:    12250
ep_length_mean:          200.0000	episode_length_mean:     199.0000	epsilon:                   0.0500	grad_norm:               638.9536
info_nce_loss:             0.2164	loss:                      2.9655	q_loss:                    2.6959	return_mean:              31.8809
return_std:                5.6920	test_ep_length_mean:     200.0000	test_episode_length_mean:199.0000	test_return_mean:         35.9641
test_return_std:           6.4556	
2026-08-19 15:18:49,929 - my_experiment - advP_B_HC_st_nomm_42 - my_run - INFO - t_env: 2450200 / 5050000
2026-08-19 15:18:49,930 - my_experiment - advP_B_HC_st_nomm_42 - my_run - INFO - Estimated time left: 20 hours, 8 minutes, 22 seconds. Time passed: 19 hours, 14 minutes, 55 seconds
2026-08-19 15:42:31,398 - my_experiment - advP_B_HC_st_nomm_42 - my_run - INFO - Recent Stats | t_env:    2500000 | Episode:    12500
ep_length_mean:          200.0000	episode_length_mean:     199.0000	epsilon:                   0.0500	grad_norm:               586.7070
info_nce_loss:             0.1167	loss:                      2.2962	q_loss:                    2.0875	return_mean:              32.3919
return_std:                5.4827	test_ep_length_mean:     200.0000	test_episode_length_mean:199.0000	test_return_mean:         37.1698
test_return_std:           6.5829	
2026-08-19 15:42:37,199 - my_experiment - advP_B_HC_st_nomm_42 - my_run - INFO - t_env: 2500200 / 5050000
2026-08-19 15:42:37,200 - my_experiment - advP_B_HC_st_nomm_42 - my_run - INFO - Estimated time left: 20 hours, 13 minutes, 5 seconds. Time passed: 19 hours, 38 minutes, 43 seconds
2026-08-19 15:43:49,828 - my_experiment - advP_B_HC_st_nomm_42 - my_run - INFO - Saving models to work_dirs/my_experiment/advP_B_HC_st_nomm_42/my_run/20260818_200345/models/2500200
2026-08-19 16:06:59,492 - my_experiment - advP_B_HC_st_nomm_42 - my_run - INFO - Recent Stats | t_env:    2550000 | Episode:    12750
ep_length_mean:          200.0000	episode_length_mean:     199.0000	epsilon:                   0.0500	grad_norm:               495.6715
info_nce_loss:             0.2164	loss:                      1.9722	q_loss:                    1.7930	return_mean:              32.6245
return_std:                5.7557	test_ep_length_mean:     200.0000	test_episode_length_mean:199.0000	test_return_mean:         38.8230
test_return_std:           6.8253	
2026-08-19 16:07:05,002 - my_experiment - advP_B_HC_st_nomm_42 - my_run - INFO - t_env: 2550200 / 5050000
2026-08-19 16:07:05,003 - my_experiment - advP_B_HC_st_nomm_42 - my_run - INFO - Estimated time left: 20 hours, 23 minutes, 4 seconds. Time passed: 20 hours, 3 minutes, 10 seconds
2026-08-19 16:31:25,111 - my_experiment - advP_B_HC_st_nomm_42 - my_run - INFO - Recent Stats | t_env:    2600000 | Episode:    13000
ep_length_mean:          200.0000	episode_length_mean:     199.0000	epsilon:                   0.0500	grad_norm:               760.2433
info_nce_loss:             0.0441	loss:                      2.7085	q_loss:                    2.4623	return_mean:              33.9847
return_std:                5.5977	test_ep_length_mean:     200.0000	test_episode_length_mean:199.0000	test_return_mean:         39.7343
test_return_std:           6.9097	
2026-08-19 16:31:30,620 - my_experiment - advP_B_HC_st_nomm_42 - my_run - INFO - t_env: 2600200 / 5050000
2026-08-19 16:31:30,621 - my_experiment - advP_B_HC_st_nomm_42 - my_run - INFO - Estimated time left: 19 hours, 56 minutes, 49 seconds. Time passed: 20 hours, 27 minutes, 36 seconds
2026-08-19 16:55:59,282 - my_experiment - advP_B_HC_st_nomm_42 - my_run - INFO - Recent Stats | t_env:    2650000 | Episode:    13250
ep_length_mean:          200.0000	episode_length_mean:     199.0000	epsilon:                   0.0500	grad_norm:               735.3026
info_nce_loss:             0.1356	loss:                      2.9480	q_loss:                    2.6800	return_mean:              33.4382
return_std:                6.0491	test_ep_length_mean:     200.0000	test_episode_length_mean:199.0000	test_return_mean:         41.1076
test_return_std:           6.8785	
2026-08-19 16:56:05,107 - my_experiment - advP_B_HC_st_nomm_42 - my_run - INFO - t_env: 2650200 / 5050000
2026-08-19 16:56:05,108 - my_experiment - advP_B_HC_st_nomm_42 - my_run - INFO - Estimated time left: 19 hours, 39 minutes, 29 seconds. Time passed: 20 hours, 52 minutes, 10 seconds
2026-08-19 17:20:37,794 - my_experiment - advP_B_HC_st_nomm_42 - my_run - INFO - Recent Stats | t_env:    2700000 | Episode:    13500
ep_length_mean:          200.0000	episode_length_mean:     199.0000	epsilon:                   0.0500	grad_norm:               512.4070
info_nce_loss:             0.1015	loss:                      1.8198	q_loss:                    1.6544	return_mean:              33.7255
return_std:                6.3199	test_ep_length_mean:     200.0000	test_episode_length_mean:199.0000	test_return_mean:         40.2314
test_return_std:           6.6756	
2026-08-19 17:20:43,302 - my_experiment - advP_B_HC_st_nomm_42 - my_run - INFO - t_env: 2700200 / 5050000
2026-08-19 17:20:43,304 - my_experiment - advP_B_HC_st_nomm_42 - my_run - INFO - Estimated time left: 19 hours, 17 minutes, 49 seconds. Time passed: 21 hours, 16 minutes, 49 seconds
2026-08-19 17:44:58,078 - my_experiment - advP_B_HC_st_nomm_42 - my_run - INFO - Recent Stats | t_env:    2750000 | Episode:    13750
ep_length_mean:          200.0000	episode_length_mean:     199.0000	epsilon:                   0.0500	grad_norm:               454.0885
info_nce_loss:             0.0685	loss:                      1.4186	q_loss:                    1.2896	return_mean:              33.2113
return_std:                6.9764	test_ep_length_mean:     200.0000	test_episode_length_mean:199.0000	test_return_mean:         40.4673
test_return_std:           6.8863	
2026-08-19 17:45:03,895 - my_experiment - advP_B_HC_st_nomm_42 - my_run - INFO - t_env: 2750200 / 5050000
2026-08-19 17:45:03,897 - my_experiment - advP_B_HC_st_nomm_42 - my_run - INFO - Estimated time left: 18 hours, 39 minutes, 41 seconds. Time passed: 21 hours, 41 minutes, 9 seconds
2026-08-19 18:09:27,866 - my_experiment - advP_B_HC_st_nomm_42 - my_run - INFO - Recent Stats | t_env:    2800000 | Episode:    14000
ep_length_mean:          200.0000	episode_length_mean:     199.0000	epsilon:                   0.0500	grad_norm:               444.9118
info_nce_loss:             0.1288	loss:                      1.6640	q_loss:                    1.5128	return_mean:              35.0041
return_std:                6.0907	test_ep_length_mean:     200.0000	test_episode_length_mean:199.0000	test_return_mean:         41.1526
test_return_std:           6.7370	
2026-08-19 18:09:33,380 - my_experiment - advP_B_HC_st_nomm_42 - my_run - INFO - t_env: 2800200 / 5050000
2026-08-19 18:09:33,381 - my_experiment - advP_B_HC_st_nomm_42 - my_run - INFO - Estimated time left: 18 hours, 22 minutes, 0 seconds. Time passed: 22 hours, 5 minutes, 39 seconds
2026-08-19 18:33:45,008 - my_experiment - advP_B_HC_st_nomm_42 - my_run - INFO - Recent Stats | t_env:    2850000 | Episode:    14250
ep_length_mean:          200.0000	episode_length_mean:     199.0000	epsilon:                   0.0500	grad_norm:               503.5114
info_nce_loss:             0.2509	loss:                      2.1079	q_loss:                    1.9163	return_mean:              35.1211
return_std:                6.2999	test_ep_length_mean:     200.0000	test_episode_length_mean:199.0000	test_return_mean:         40.6224
test_return_std:           6.4291	
2026-08-19 18:33:50,513 - my_experiment - advP_B_HC_st_nomm_42 - my_run - INFO - t_env: 2850200 / 5050000
2026-08-19 18:33:50,515 - my_experiment - advP_B_HC_st_nomm_42 - my_run - INFO - Estimated time left: 17 hours, 48 minutes, 28 seconds. Time passed: 22 hours, 29 minutes, 56 seconds
2026-08-19 18:58:03,582 - my_experiment - advP_B_HC_st_nomm_42 - my_run - INFO - Recent Stats | t_env:    2900000 | Episode:    14500
ep_length_mean:          200.0000	episode_length_mean:     199.0000	epsilon:                   0.0500	grad_norm:               459.2197
info_nce_loss:             0.0973	loss:                      1.4996	q_loss:                    1.3633	return_mean:              34.8657
return_std:                6.2416	test_ep_length_mean:     200.0000	test_episode_length_mean:199.0000	test_return_mean:         40.4492
test_return_std:           7.0702	
2026-08-19 18:58:09,235 - my_experiment - advP_B_HC_st_nomm_42 - my_run - INFO - t_env: 2900200 / 5050000
2026-08-19 18:58:09,236 - my_experiment - advP_B_HC_st_nomm_42 - my_run - INFO - Estimated time left: 17 hours, 25 minutes, 19 seconds. Time passed: 22 hours, 54 minutes, 15 seconds
2026-08-19 19:22:19,129 - my_experiment - advP_B_HC_st_nomm_42 - my_run - INFO - Recent Stats | t_env:    2950000 | Episode:    14750
ep_length_mean:          200.0000	episode_length_mean:     199.0000	epsilon:                   0.0500	grad_norm:               468.1447
info_nce_loss:             0.2084	loss:                      1.6493	q_loss:                    1.4993	return_mean:              36.3840
return_std:                5.8755	test_ep_length_mean:     200.0000	test_episode_length_mean:199.0000	test_return_mean:         41.1898
test_return_std:           6.5139	
2026-08-19 19:22:24,541 - my_experiment - advP_B_HC_st_nomm_42 - my_run - INFO - t_env: 2950200 / 5050000
2026-08-19 19:22:24,542 - my_experiment - advP_B_HC_st_nomm_42 - my_run - INFO - Estimated time left: 16 hours, 58 minutes, 37 seconds. Time passed: 23 hours, 18 minutes, 30 seconds
2026-08-19 19:46:24,237 - my_experiment - advP_B_HC_st_nomm_42 - my_run - INFO - Recent Stats | t_env:    3000000 | Episode:    15000
ep_length_mean:          200.0000	episode_length_mean:     199.0000	epsilon:                   0.0500	grad_norm:               480.8468
info_nce_loss:             0.1309	loss:                      1.7071	q_loss:                    1.5519	return_mean:              37.7307
return_std:                5.9133	test_ep_length_mean:     200.0000	test_episode_length_mean:199.0000	test_return_mean:         41.2297
test_return_std:           6.6600	
2026-08-19 19:46:30,155 - my_experiment - advP_B_HC_st_nomm_42 - my_run - INFO - t_env: 3000200 / 5050000
2026-08-19 19:46:30,156 - my_experiment - advP_B_HC_st_nomm_42 - my_run - INFO - Estimated time left: 16 hours, 27 minutes, 44 seconds. Time passed: 23 hours, 42 minutes, 35 seconds
2026-08-19 19:47:49,327 - my_experiment - advP_B_HC_st_nomm_42 - my_run - INFO - Saving models to work_dirs/my_experiment/advP_B_HC_st_nomm_42/my_run/20260818_200345/models/3000200
2026-08-19 20:10:57,794 - my_experiment - advP_B_HC_st_nomm_42 - my_run - INFO - Recent Stats | t_env:    3050000 | Episode:    15250
ep_length_mean:          200.0000	episode_length_mean:     199.0000	epsilon:                   0.0500	grad_norm:               640.9671
info_nce_loss:             0.1756	loss:                      2.3514	q_loss:                    2.1377	return_mean:              36.7227
return_std:                5.1657	test_ep_length_mean:     200.0000	test_episode_length_mean:199.0000	test_return_mean:         41.4700
test_return_std:           6.9951	
2026-08-19 20:11:03,315 - my_experiment - advP_B_HC_st_nomm_42 - my_run - INFO - t_env: 3050200 / 5050000
2026-08-19 20:11:03,317 - my_experiment - advP_B_HC_st_nomm_42 - my_run - INFO - Estimated time left: 16 hours, 22 minutes, 0 seconds. Time passed: 1 days, 7 minutes, 9 seconds
2026-08-19 20:35:31,502 - my_experiment - advP_B_HC_st_nomm_42 - my_run - INFO - Recent Stats | t_env:    3100000 | Episode:    15500
ep_length_mean:          200.0000	episode_length_mean:     199.0000	epsilon:                   0.0500	grad_norm:               420.5928
info_nce_loss:             0.0853	loss:                      1.2856	q_loss:                    1.1688	return_mean:              37.2956
return_std:                5.4558	test_ep_length_mean:     200.0000	test_episode_length_mean:199.0000	test_return_mean:         41.8873
test_return_std:           7.0634	
2026-08-19 20:35:37,100 - my_experiment - advP_B_HC_st_nomm_42 - my_run - INFO - t_env: 3100200 / 5050000
2026-08-19 20:35:37,101 - my_experiment - advP_B_HC_st_nomm_42 - my_run - INFO - Estimated time left: 15 hours, 57 minutes, 51 seconds. Time passed: 1 days, 31 minutes, 42 seconds
2026-08-19 20:59:57,531 - my_experiment - advP_B_HC_st_nomm_42 - my_run - INFO - Recent Stats | t_env:    3150000 | Episode:    15750
ep_length_mean:          200.0000	episode_length_mean:     199.0000	epsilon:                   0.0500	grad_norm:               345.5957
info_nce_loss:             0.1199	loss:                      1.1785	q_loss:                    1.0714	return_mean:              37.2930
return_std:                5.7468	test_ep_length_mean:     200.0000	test_episode_length_mean:199.0000	test_return_mean:         42.1644
test_return_std:           6.3722	
2026-08-19 21:00:03,065 - my_experiment - advP_B_HC_st_nomm_42 - my_run - INFO - t_env: 3150200 / 5050000
2026-08-19 21:00:03,067 - my_experiment - advP_B_HC_st_nomm_42 - my_run - INFO - Estimated time left: 15 hours, 28 minutes, 20 seconds. Time passed: 1 days, 56 minutes, 8 seconds
2026-08-19 21:24:30,490 - my_experiment - advP_B_HC_st_nomm_42 - my_run - INFO - Recent Stats | t_env:    3200000 | Episode:    16000
ep_length_mean:          200.0000	episode_length_mean:     199.0000	epsilon:                   0.0500	grad_norm:               361.9962
info_nce_loss:             0.1305	loss:                      1.3398	q_loss:                    1.2180	return_mean:              36.6681
return_std:                5.7752	test_ep_length_mean:     200.0000	test_episode_length_mean:199.0000	test_return_mean:         42.7364
test_return_std:           6.7560	
2026-08-19 21:24:35,901 - my_experiment - advP_B_HC_st_nomm_42 - my_run - INFO - t_env: 3200200 / 5050000
2026-08-19 21:24:35,902 - my_experiment - advP_B_HC_st_nomm_42 - my_run - INFO - Estimated time left: 15 hours, 8 minutes, 9 seconds. Time passed: 1 days, 1 hours, 20 minutes, 41 seconds
2026-08-19 21:49:05,105 - my_experiment - advP_B_HC_st_nomm_42 - my_run - INFO - Recent Stats | t_env:    3250000 | Episode:    16250
ep_length_mean:          200.0000	episode_length_mean:     199.0000	epsilon:                   0.0500	grad_norm:               287.7806
info_nce_loss:             0.1306	loss:                      1.2338	q_loss:                    1.1216	return_mean:              34.7597
return_std:                6.3208	test_ep_length_mean:     200.0000	test_episode_length_mean:199.0000	test_return_mean:         41.7044
test_return_std:           6.5146	
2026-08-19 21:49:10,528 - my_experiment - advP_B_HC_st_nomm_42 - my_run - INFO - t_env: 3250200 / 5050000
2026-08-19 21:49:10,529 - my_experiment - advP_B_HC_st_nomm_42 - my_run - INFO - Estimated time left: 14 hours, 44 minutes, 40 seconds. Time passed: 1 days, 1 hours, 45 minutes, 16 seconds
2026-08-19 22:13:04,828 - my_experiment - advP_B_HC_st_nomm_42 - my_run - INFO - Recent Stats | t_env:    3300000 | Episode:    16500
ep_length_mean:          200.0000	episode_length_mean:     199.0000	epsilon:                   0.0500	grad_norm:               584.9276
info_nce_loss:             0.0831	loss:                      1.6472	q_loss:                    1.4974	return_mean:              35.5677
return_std:                5.8934	test_ep_length_mean:     200.0000	test_episode_length_mean:199.0000	test_return_mean:         42.3711
test_return_std:           6.1395	
2026-08-19 22:13:10,331 - my_experiment - advP_B_HC_st_nomm_42 - my_run - INFO - t_env: 3300200 / 5050000
2026-08-19 22:13:10,333 - my_experiment - advP_B_HC_st_nomm_42 - my_run - INFO - Estimated time left: 13 hours, 59 minutes, 47 seconds. Time passed: 1 days, 2 hours, 9 minutes, 16 seconds
2026-08-19 22:37:38,117 - my_experiment - advP_B_HC_st_nomm_42 - my_run - INFO - Recent Stats | t_env:    3350000 | Episode:    16750
ep_length_mean:          200.0000	episode_length_mean:     199.0000	epsilon:                   0.0500	grad_norm:               334.3704
info_nce_loss:             0.1634	loss:                      1.3428	q_loss:                    1.2207	return_mean:              34.4697
return_std:                7.0977	test_ep_length_mean:     200.0000	test_episode_length_mean:199.0000	test_return_mean:         42.7557
test_return_std:           5.9981	
2026-08-19 22:37:43,558 - my_experiment - advP_B_HC_st_nomm_42 - my_run - INFO - t_env: 3350200 / 5050000
2026-08-19 22:37:43,559 - my_experiment - advP_B_HC_st_nomm_42 - my_run - INFO - Estimated time left: 13 hours, 54 minutes, 43 seconds. Time passed: 1 days, 2 hours, 33 minutes, 49 seconds
2026-08-19 23:01:57,059 - my_experiment - advP_B_HC_st_nomm_42 - my_run - INFO - Recent Stats | t_env:    3400000 | Episode:    17000
ep_length_mean:          200.0000	episode_length_mean:     199.0000	epsilon:                   0.0500	grad_norm:               745.0586
info_nce_loss:             0.0998	loss:                      2.9611	q_loss:                    2.6919	return_mean:              34.7864
return_std:                5.5459	test_ep_length_mean:     200.0000	test_episode_length_mean:199.0000	test_return_mean:         42.2064
test_return_std:           5.7213	
2026-08-19 23:02:02,573 - my_experiment - advP_B_HC_st_nomm_42 - my_run - INFO - t_env: 3400200 / 5050000
2026-08-19 23:02:02,575 - my_experiment - advP_B_HC_st_nomm_42 - my_run - INFO - Estimated time left: 13 hours, 22 minutes, 21 seconds. Time passed: 1 days, 2 hours, 58 minutes, 8 seconds
2026-08-19 23:26:18,323 - my_experiment - advP_B_HC_st_nomm_42 - my_run - INFO - Recent Stats | t_env:    3450000 | Episode:    17250
ep_length_mean:          200.0000	episode_length_mean:     199.0000	epsilon:                   0.0500	grad_norm:               631.6786
info_nce_loss:             0.1159	loss:                      2.5119	q_loss:                    2.2835	return_mean:              34.8005
return_std:                7.0309	test_ep_length_mean:     200.0000	test_episode_length_mean:199.0000	test_return_mean:         41.9361
test_return_std:           5.4233	
2026-08-19 23:26:24,074 - my_experiment - advP_B_HC_st_nomm_42 - my_run - INFO - t_env: 3450200 / 5050000
2026-08-19 23:26:24,075 - my_experiment - advP_B_HC_st_nomm_42 - my_run - INFO - Estimated time left: 12 hours, 59 minutes, 22 seconds. Time passed: 1 days, 3 hours, 22 minutes, 29 seconds
2026-08-19 23:50:26,581 - my_experiment - advP_B_HC_st_nomm_42 - my_run - INFO - Recent Stats | t_env:    3500000 | Episode:    17500
ep_length_mean:          200.0000	episode_length_mean:     199.0000	epsilon:                   0.0500	grad_norm:               841.2745
info_nce_loss:             0.0901	loss:                      3.3745	q_loss:                    3.0677	return_mean:              36.0171
return_std:                5.5073	test_ep_length_mean:     200.0000	test_episode_length_mean:199.0000	test_return_mean:         41.8034
test_return_std:           5.5569	
2026-08-19 23:50:32,087 - my_experiment - advP_B_HC_st_nomm_42 - my_run - INFO - t_env: 3500200 / 5050000
2026-08-19 23:50:32,089 - my_experiment - advP_B_HC_st_nomm_42 - my_run - INFO - Estimated time left: 12 hours, 28 minutes, 2 seconds. Time passed: 1 days, 3 hours, 46 minutes, 37 seconds
2026-08-19 23:51:44,661 - my_experiment - advP_B_HC_st_nomm_42 - my_run - INFO - Saving models to work_dirs/my_experiment/advP_B_HC_st_nomm_42/my_run/20260818_200345/models/3500200
2026-08-20 00:14:28,604 - my_experiment - advP_B_HC_st_nomm_42 - my_run - INFO - Recent Stats | t_env:    3550000 | Episode:    17750
ep_length_mean:          200.0000	episode_length_mean:     199.0000	epsilon:                   0.0500	grad_norm:               518.0996
info_nce_loss:             0.0835	loss:                      1.7558	q_loss:                    1.5962	return_mean:              35.5785
return_std:                5.2356	test_ep_length_mean:     200.0000	test_episode_length_mean:199.0000	test_return_mean:         41.2607
test_return_std:           5.5913	
2026-08-20 00:14:34,018 - my_experiment - advP_B_HC_st_nomm_42 - my_run - INFO - t_env: 3550200 / 5050000
2026-08-20 00:14:34,020 - my_experiment - advP_B_HC_st_nomm_42 - my_run - INFO - Estimated time left: 12 hours, 52 seconds. Time passed: 1 days, 4 hours, 10 minutes, 39 seconds
2026-08-20 00:38:51,869 - my_experiment - advP_B_HC_st_nomm_42 - my_run - INFO - Recent Stats | t_env:    3600000 | Episode:    18000
ep_length_mean:          200.0000	episode_length_mean:     199.0000	epsilon:                   0.0500	grad_norm:               710.2476
info_nce_loss:             0.0603	loss:                      2.7197	q_loss:                    2.4725	return_mean:              35.1113
return_std:                5.7174	test_ep_length_mean:     200.0000	test_episode_length_mean:199.0000	test_return_mean:         40.9547
test_return_std:           5.7626	
2026-08-20 00:38:57,314 - my_experiment - advP_B_HC_st_nomm_42 - my_run - INFO - t_env: 3600200 / 5050000
2026-08-20 00:38:57,315 - my_experiment - advP_B_HC_st_nomm_42 - my_run - INFO - Estimated time left: 11 hours, 47 minutes, 9 seconds. Time passed: 1 days, 4 hours, 35 minutes, 3 seconds
2026-08-20 01:03:07,558 - my_experiment - advP_B_HC_st_nomm_42 - my_run - INFO - Recent Stats | t_env:    3650000 | Episode:    18250
ep_length_mean:          200.0000	episode_length_mean:     199.0000	epsilon:                   0.0500	grad_norm:               538.4820
info_nce_loss:             0.0646	loss:                      1.9505	q_loss:                    1.7731	return_mean:              35.9196
return_std:                5.6246	test_ep_length_mean:     200.0000	test_episode_length_mean:199.0000	test_return_mean:         40.8550
test_return_std:           5.9365	
2026-08-20 01:03:13,010 - my_experiment - advP_B_HC_st_nomm_42 - my_run - INFO - t_env: 3650200 / 5050000
2026-08-20 01:03:13,011 - my_experiment - advP_B_HC_st_nomm_42 - my_run - INFO - Estimated time left: 11 hours, 19 minutes, 13 seconds. Time passed: 1 days, 4 hours, 59 minutes, 18 seconds
2026-08-20 01:27:39,508 - my_experiment - advP_B_HC_st_nomm_42 - my_run - INFO - Recent Stats | t_env:    3700000 | Episode:    18500
ep_length_mean:          200.0000	episode_length_mean:     199.0000	epsilon:                   0.0500	grad_norm:               631.2633
info_nce_loss:             0.1045	loss:                      2.4397	q_loss:                    2.2179	return_mean:              35.0878
return_std:                5.7579	test_ep_length_mean:     200.0000	test_episode_length_mean:199.0000	test_return_mean:         40.3615
test_return_std:           6.2685	
2026-08-20 01:27:44,920 - my_experiment - advP_B_HC_st_nomm_42 - my_run - INFO - t_env: 3700200 / 5050000
2026-08-20 01:27:44,922 - my_experiment - advP_B_HC_st_nomm_42 - my_run - INFO - Estimated time left: 11 hours, 2 minutes, 15 seconds. Time passed: 1 days, 5 hours, 23 minutes, 50 seconds
2026-08-20 01:52:00,516 - my_experiment - advP_B_HC_st_nomm_42 - my_run - INFO - Recent Stats | t_env:    3750000 | Episode:    18750
ep_length_mean:          200.0000	episode_length_mean:     199.0000	epsilon:                   0.0500	grad_norm:               484.2719
info_nce_loss:             0.1322	loss:                      1.8052	q_loss:                    1.6411	return_mean:              35.5813
return_std:                5.4523	test_ep_length_mean:     200.0000	test_episode_length_mean:199.0000	test_return_mean:         41.3820
test_return_std:           6.7968	
2026-08-20 01:52:06,432 - my_experiment - advP_B_HC_st_nomm_42 - my_run - INFO - t_env: 3750200 / 5050000
2026-08-20 01:52:06,434 - my_experiment - advP_B_HC_st_nomm_42 - my_run - INFO - Estimated time left: 10 hours, 33 minutes, 13 seconds. Time passed: 1 days, 5 hours, 48 minutes, 12 seconds
2026-08-20 02:16:18,254 - my_experiment - advP_B_HC_st_nomm_42 - my_run - INFO - Recent Stats | t_env:    3800000 | Episode:    19000
ep_length_mean:          200.0000	episode_length_mean:     199.0000	epsilon:                   0.0500	grad_norm:               356.1731
info_nce_loss:             0.1672	loss:                      1.5633	q_loss:                    1.4212	return_mean:              33.9500
return_std:                5.9224	test_ep_length_mean:     200.0000	test_episode_length_mean:199.0000	test_return_mean:         40.5456
test_return_std:           6.9681	
2026-08-20 02:16:23,683 - my_experiment - advP_B_HC_st_nomm_42 - my_run - INFO - t_env: 3800200 / 5050000
2026-08-20 02:16:23,685 - my_experiment - advP_B_HC_st_nomm_42 - my_run - INFO - Estimated time left: 10 hours, 7 minutes, 5 seconds. Time passed: 1 days, 6 hours, 12 minutes, 29 seconds
2026-08-20 02:40:22,929 - my_experiment - advP_B_HC_st_nomm_42 - my_run - INFO - Recent Stats | t_env:    3850000 | Episode:    19250
ep_length_mean:          200.0000	episode_length_mean:     199.0000	epsilon:                   0.0500	grad_norm:               405.1276
info_nce_loss:             0.2499	loss:                      1.1876	q_loss:                    1.0796	return_mean:              35.4949
return_std:                6.2392	test_ep_length_mean:     200.0000	test_episode_length_mean:199.0000	test_return_mean:         40.9393
test_return_std:           6.6204	
2026-08-20 02:40:28,342 - my_experiment - advP_B_HC_st_nomm_42 - my_run - INFO - t_env: 3850200 / 5050000
2026-08-20 02:40:28,343 - my_experiment - advP_B_HC_st_nomm_42 - my_run - INFO - Estimated time left: 9 hours, 37 minutes, 46 seconds. Time passed: 1 days, 6 hours, 36 minutes, 34 seconds
2026-08-20 03:04:49,198 - my_experiment - advP_B_HC_st_nomm_42 - my_run - INFO - Recent Stats | t_env:    3900000 | Episode:    19500
ep_length_mean:          200.0000	episode_length_mean:     199.0000	epsilon:                   0.0500	grad_norm:               400.1630
info_nce_loss:             0.0562	loss:                      0.9439	q_loss:                    0.8581	return_mean:              36.8264
return_std:                5.7758	test_ep_length_mean:     200.0000	test_episode_length_mean:199.0000	test_return_mean:         41.3896
test_return_std:           6.9533	
2026-08-20 03:04:54,626 - my_experiment - advP_B_HC_st_nomm_42 - my_run - INFO - t_env: 3900200 / 5050000
2026-08-20 03:04:54,628 - my_experiment - advP_B_HC_st_nomm_42 - my_run - INFO - Estimated time left: 9 hours, 21 minutes, 58 seconds. Time passed: 1 days, 7 hours, 1 minutes, 0 seconds
2026-08-20 03:29:16,993 - my_experiment - advP_B_HC_st_nomm_42 - my_run - INFO - Recent Stats | t_env:    3950000 | Episode:    19750
ep_length_mean:          200.0000	episode_length_mean:     199.0000	epsilon:                   0.0500	grad_norm:               406.1678
info_nce_loss:             0.1736	loss:                      1.2142	q_loss:                    1.1038	return_mean:              36.9114
return_std:                5.6036	test_ep_length_mean:     200.0000	test_episode_length_mean:199.0000	test_return_mean:         42.6448
test_return_std:           6.8856	
2026-08-20 03:29:22,880 - my_experiment - advP_B_HC_st_nomm_42 - my_run - INFO - t_env: 3950200 / 5050000
2026-08-20 03:29:22,881 - my_experiment - advP_B_HC_st_nomm_42 - my_run - INFO - Estimated time left: 8 hours, 58 minutes, 15 seconds. Time passed: 1 days, 7 hours, 25 minutes, 28 seconds
2026-08-20 03:53:20,102 - my_experiment - advP_B_HC_st_nomm_42 - my_run - INFO - Recent Stats | t_env:    4000000 | Episode:    20000
ep_length_mean:          200.0000	episode_length_mean:     199.0000	epsilon:                   0.0500	grad_norm:               341.2436
info_nce_loss:             0.3249	loss:                      1.0854	q_loss:                    0.9868	return_mean:              35.4290
return_std:                5.5117	test_ep_length_mean:     200.0000	test_episode_length_mean:199.0000	test_return_mean:         42.2330
test_return_std:           6.2015	
2026-08-20 03:53:25,605 - my_experiment - advP_B_HC_st_nomm_42 - my_run - INFO - t_env: 4000200 / 5050000
2026-08-20 03:53:25,607 - my_experiment - advP_B_HC_st_nomm_42 - my_run - INFO - Estimated time left: 8 hours, 24 minutes, 51 seconds. Time passed: 1 days, 7 hours, 49 minutes, 31 seconds
2026-08-20 03:54:38,575 - my_experiment - advP_B_HC_st_nomm_42 - my_run - INFO - Saving models to work_dirs/my_experiment/advP_B_HC_st_nomm_42/my_run/20260818_200345/models/4000200
2026-08-20 04:17:40,419 - my_experiment - advP_B_HC_st_nomm_42 - my_run - INFO - Recent Stats | t_env:    4050000 | Episode:    20250
ep_length_mean:          200.0000	episode_length_mean:     199.0000	epsilon:                   0.0500	grad_norm:               310.2309
info_nce_loss:             0.3294	loss:                      0.7557	q_loss:                    0.6870	return_mean:              36.1052
return_std:                5.9548	test_ep_length_mean:     200.0000	test_episode_length_mean:199.0000	test_return_mean:         42.8159
test_return_std:           6.0938	
2026-08-20 04:17:45,930 - my_experiment - advP_B_HC_st_nomm_42 - my_run - INFO - t_env: 4050200 / 5050000
2026-08-20 04:17:45,932 - my_experiment - advP_B_HC_st_nomm_42 - my_run - INFO - Estimated time left: 8 hours, 6 minutes, 40 seconds. Time passed: 1 days, 8 hours, 13 minutes, 51 seconds
2026-08-20 04:42:03,166 - my_experiment - advP_B_HC_st_nomm_42 - my_run - INFO - Recent Stats | t_env:    4100000 | Episode:    20500
ep_length_mean:          200.0000	episode_length_mean:     199.0000	epsilon:                   0.0500	grad_norm:               340.4683
info_nce_loss:             0.1487	loss:                      0.8797	q_loss:                    0.7997	return_mean:              34.6080
return_std:                6.8238	test_ep_length_mean:     200.0000	test_episode_length_mean:199.0000	test_return_mean:         42.4398
test_return_std:           6.3313	
2026-08-20 04:42:08,688 - my_experiment - advP_B_HC_st_nomm_42 - my_run - INFO - t_env: 4100200 / 5050000
2026-08-20 04:42:08,690 - my_experiment - advP_B_HC_st_nomm_42 - my_run - INFO - Estimated time left: 7 hours, 43 minutes, 6 seconds. Time passed: 1 days, 8 hours, 38 minutes, 14 seconds
2026-08-20 05:06:41,704 - my_experiment - advP_B_HC_st_nomm_42 - my_run - INFO - Recent Stats | t_env:    4150000 | Episode:    20750
ep_length_mean:          200.0000	episode_length_mean:     199.0000	epsilon:                   0.0500	grad_norm:               374.7574
info_nce_loss:             0.0913	loss:                      0.9543	q_loss:                    0.8675	return_mean:              35.6431
return_std:                5.7556	test_ep_length_mean:     200.0000	test_episode_length_mean:199.0000	test_return_mean:         42.5220
test_return_std:           6.2293	
2026-08-20 05:06:47,654 - my_experiment - advP_B_HC_st_nomm_42 - my_run - INFO - t_env: 4150200 / 5050000
2026-08-20 05:06:47,656 - my_experiment - advP_B_HC_st_nomm_42 - my_run - INFO - Estimated time left: 7 hours, 23 minutes, 35 seconds. Time passed: 1 days, 9 hours, 2 minutes, 53 seconds
2026-08-20 05:31:06,417 - my_experiment - advP_B_HC_st_nomm_42 - my_run - INFO - Recent Stats | t_env:    4200000 | Episode:    21000
ep_length_mean:          200.0000	episode_length_mean:     199.0000	epsilon:                   0.0500	grad_norm:               808.2634
info_nce_loss:             0.0786	loss:                      4.2212	q_loss:                    3.8375	return_mean:              36.3278
return_std:                5.8630	test_ep_length_mean:     200.0000	test_episode_length_mean:199.0000	test_return_mean:         41.8605
test_return_std:           5.7658	
2026-08-20 05:31:11,825 - my_experiment - advP_B_HC_st_nomm_42 - my_run - INFO - t_env: 4200200 / 5050000
2026-08-20 05:31:11,826 - my_experiment - advP_B_HC_st_nomm_42 - my_run - INFO - Estimated time left: 6 hours, 54 minutes, 45 seconds. Time passed: 1 days, 9 hours, 27 minutes, 17 seconds
2026-08-20 05:55:27,303 - my_experiment - advP_B_HC_st_nomm_42 - my_run - INFO - Recent Stats | t_env:    4250000 | Episode:    21250
ep_length_mean:          200.0000	episode_length_mean:     199.0000	epsilon:                   0.0500	grad_norm:               432.1376
info_nce_loss:             0.1166	loss:                      1.5359	q_loss:                    1.3962	return_mean:              36.4781
return_std:                5.4540	test_ep_length_mean:     200.0000	test_episode_length_mean:199.0000	test_return_mean:         42.5822
test_return_std:           6.0250	
2026-08-20 05:55:32,712 - my_experiment - advP_B_HC_st_nomm_42 - my_run - INFO - t_env: 4250200 / 5050000
2026-08-20 05:55:32,713 - my_experiment - advP_B_HC_st_nomm_42 - my_run - INFO - Estimated time left: 6 hours, 29 minutes, 28 seconds. Time passed: 1 days, 9 hours, 51 minutes, 38 seconds
2026-08-20 06:19:59,104 - my_experiment - advP_B_HC_st_nomm_42 - my_run - INFO - Recent Stats | t_env:    4300000 | Episode:    21500
ep_length_mean:          200.0000	episode_length_mean:     199.0000	epsilon:                   0.0500	grad_norm:               194.1117
info_nce_loss:             0.4012	loss:                      0.9797	q_loss:                    0.8906	return_mean:              35.3824
return_std:                7.2027	test_ep_length_mean:     200.0000	test_episode_length_mean:199.0000	test_return_mean:         44.1475
test_return_std:           6.5736	
2026-08-20 06:20:04,533 - my_experiment - advP_B_HC_st_nomm_42 - my_run - INFO - t_env: 4300200 / 5050000
2026-08-20 06:20:04,535 - my_experiment - advP_B_HC_st_nomm_42 - my_run - INFO - Estimated time left: 6 hours, 7 minutes, 51 seconds. Time passed: 1 days, 10 hours, 16 minutes, 10 seconds
2026-08-20 06:44:16,033 - my_experiment - advP_B_HC_st_nomm_42 - my_run - INFO - Recent Stats | t_env:    4350000 | Episode:    21750
ep_length_mean:          200.0000	episode_length_mean:     199.0000	epsilon:                   0.0500	grad_norm:               184.9476
info_nce_loss:             0.2708	loss:                      0.6211	q_loss:                    0.5647	return_mean:              28.7956
return_std:               10.5002	test_ep_length_mean:     200.0000	test_episode_length_mean:199.0000	test_return_mean:         36.7838
test_return_std:           5.9584	
2026-08-20 06:44:21,566 - my_experiment - advP_B_HC_st_nomm_42 - my_run - INFO - t_env: 4350200 / 5050000
2026-08-20 06:44:21,567 - my_experiment - advP_B_HC_st_nomm_42 - my_run - INFO - Estimated time left: 5 hours, 39 minutes, 52 seconds. Time passed: 1 days, 10 hours, 40 minutes, 27 seconds
2026-08-20 07:08:25,722 - my_experiment - advP_B_HC_st_nomm_42 - my_run - INFO - Recent Stats | t_env:    4400000 | Episode:    22000
ep_length_mean:          200.0000	episode_length_mean:     199.0000	epsilon:                   0.0500	grad_norm:               136.2969
info_nce_loss:             0.3503	loss:                      0.5838	q_loss:                    0.5307	return_mean:              36.3709
return_std:                5.8039	test_ep_length_mean:     200.0000	test_episode_length_mean:199.0000	test_return_mean:         35.5734
test_return_std:           5.8373	
2026-08-20 07:08:31,150 - my_experiment - advP_B_HC_st_nomm_42 - my_run - INFO - t_env: 4400200 / 5050000
2026-08-20 07:08:31,152 - my_experiment - advP_B_HC_st_nomm_42 - my_run - INFO - Estimated time left: 5 hours, 13 minutes, 58 seconds. Time passed: 1 days, 11 hours, 4 minutes, 36 seconds
2026-08-20 07:32:50,764 - my_experiment - advP_B_HC_st_nomm_42 - my_run - INFO - Recent Stats | t_env:    4450000 | Episode:    22250
ep_length_mean:          200.0000	episode_length_mean:     199.0000	epsilon:                   0.0500	grad_norm:               206.6035
info_nce_loss:             0.3379	loss:                      0.5969	q_loss:                    0.5426	return_mean:              37.6603
return_std:                5.6708	test_ep_length_mean:     200.0000	test_episode_length_mean:199.0000	test_return_mean:         36.2393
test_return_std:           6.3241	
2026-08-20 07:32:56,270 - my_experiment - advP_B_HC_st_nomm_42 - my_run - INFO - t_env: 4450200 / 5050000
2026-08-20 07:32:56,271 - my_experiment - advP_B_HC_st_nomm_42 - my_run - INFO - Estimated time left: 4 hours, 52 minutes, 55 seconds. Time passed: 1 days, 11 hours, 29 minutes, 2 seconds
2026-08-20 07:57:11,329 - my_experiment - advP_B_HC_st_nomm_42 - my_run - INFO - Recent Stats | t_env:    4500000 | Episode:    22500
ep_length_mean:          200.0000	episode_length_mean:     199.0000	epsilon:                   0.0500	grad_norm:               281.3572
info_nce_loss:             0.2510	loss:                      0.7916	q_loss:                    0.7197	return_mean:              37.5883
return_std:                5.5745	test_ep_length_mean:     200.0000	test_episode_length_mean:199.0000	test_return_mean:         36.8676
test_return_std:           5.9968	
2026-08-20 07:57:16,738 - my_experiment - advP_B_HC_st_nomm_42 - my_run - INFO - t_env: 4500200 / 5050000
2026-08-20 07:57:16,740 - my_experiment - advP_B_HC_st_nomm_42 - my_run - INFO - Estimated time left: 4 hours, 27 minutes, 39 seconds. Time passed: 1 days, 11 hours, 53 minutes, 22 seconds
2026-08-20 07:58:29,338 - my_experiment - advP_B_HC_st_nomm_42 - my_run - INFO - Saving models to work_dirs/my_experiment/advP_B_HC_st_nomm_42/my_run/20260818_200345/models/4500200
2026-08-20 08:21:14,082 - my_experiment - advP_B_HC_st_nomm_42 - my_run - INFO - Recent Stats | t_env:    4550000 | Episode:    22750
ep_length_mean:          200.0000	episode_length_mean:     199.0000	epsilon:                   0.0500	grad_norm:               158.3948
info_nce_loss:             0.3527	loss:                      0.4658	q_loss:                    0.4235	return_mean:              37.1329
return_std:                5.5554	test_ep_length_mean:     200.0000	test_episode_length_mean:199.0000	test_return_mean:         36.0883
test_return_std:           5.5697	
2026-08-20 08:21:19,604 - my_experiment - advP_B_HC_st_nomm_42 - my_run - INFO - t_env: 4550200 / 5050000
2026-08-20 08:21:19,605 - my_experiment - advP_B_HC_st_nomm_42 - my_run - INFO - Estimated time left: 4 hours, 22 seconds. Time passed: 1 days, 12 hours, 17 minutes, 25 seconds
2026-08-20 08:45:43,045 - my_experiment - advP_B_HC_st_nomm_42 - my_run - INFO - Recent Stats | t_env:    4600000 | Episode:    23000
ep_length_mean:          200.0000	episode_length_mean:     199.0000	epsilon:                   0.0500	grad_norm:               133.5042
info_nce_loss:             0.2796	loss:                      0.4026	q_loss:                    0.3660	return_mean:              35.8401
return_std:                5.8410	test_ep_length_mean:     200.0000	test_episode_length_mean:199.0000	test_return_mean:         43.1127
test_return_std:           6.2088	
2026-08-20 08:45:48,664 - my_experiment - advP_B_HC_st_nomm_42 - my_run - INFO - t_env: 4600200 / 5050000
2026-08-20 08:45:48,665 - my_experiment - advP_B_HC_st_nomm_42 - my_run - INFO - Estimated time left: 3 hours, 40 minutes, 15 seconds. Time passed: 1 days, 12 hours, 41 minutes, 54 seconds
2026-08-20 09:10:05,942 - my_experiment - advP_B_HC_st_nomm_42 - my_run - INFO - Recent Stats | t_env:    4650000 | Episode:    23250
ep_length_mean:          200.0000	episode_length_mean:     199.0000	epsilon:                   0.0500	grad_norm:               126.1984
info_nce_loss:             0.4085	loss:                      0.4189	q_loss:                    0.3808	return_mean:              36.3173
return_std:                5.0038	test_ep_length_mean:     200.0000	test_episode_length_mean:199.0000	test_return_mean:         44.2299
test_return_std:           6.3742	
2026-08-20 09:10:11,384 - my_experiment - advP_B_HC_st_nomm_42 - my_run - INFO - t_env: 4650200 / 5050000
2026-08-20 09:10:11,386 - my_experiment - advP_B_HC_st_nomm_42 - my_run - INFO - Estimated time left: 3 hours, 14 minutes, 55 seconds. Time passed: 1 days, 13 hours, 6 minutes, 17 seconds
2026-08-20 09:34:22,146 - my_experiment - advP_B_HC_st_nomm_42 - my_run - INFO - Recent Stats | t_env:    4700000 | Episode:    23500
ep_length_mean:          200.0000	episode_length_mean:     199.0000	epsilon:                   0.0500	grad_norm:               118.9365
info_nce_loss:             0.3235	loss:                      0.4252	q_loss:                    0.3866	return_mean:              36.9356
return_std:                5.7431	test_ep_length_mean:     200.0000	test_episode_length_mean:199.0000	test_return_mean:         43.9812
test_return_std:           6.3813	
2026-08-20 09:34:28,050 - my_experiment - advP_B_HC_st_nomm_42 - my_run - INFO - t_env: 4700200 / 5050000
2026-08-20 09:34:28,051 - my_experiment - advP_B_HC_st_nomm_42 - my_run - INFO - Estimated time left: 2 hours, 49 minutes, 50 seconds. Time passed: 1 days, 13 hours, 30 minutes, 33 seconds
2026-08-20 09:58:44,984 - my_experiment - advP_B_HC_st_nomm_42 - my_run - INFO - Recent Stats | t_env:    4750000 | Episode:    23750
ep_length_mean:          200.0000	episode_length_mean:     199.0000	epsilon:                   0.0500	grad_norm:               165.2090
info_nce_loss:             0.2410	loss:                      0.6041	q_loss:                    0.5492	return_mean:              37.5280
return_std:                5.6215	test_ep_length_mean:     200.0000	test_episode_length_mean:199.0000	test_return_mean:         42.4114
test_return_std:           6.4011	
2026-08-20 09:58:50,490 - my_experiment - advP_B_HC_st_nomm_42 - my_run - INFO - t_env: 4750200 / 5050000
2026-08-20 09:58:50,491 - my_experiment - advP_B_HC_st_nomm_42 - my_run - INFO - Estimated time left: 2 hours, 26 minutes, 8 seconds. Time passed: 1 days, 13 hours, 54 minutes, 56 seconds
2026-08-20 10:23:11,842 - my_experiment - advP_B_HC_st_nomm_42 - my_run - INFO - Recent Stats | t_env:    4800000 | Episode:    24000
ep_length_mean:          200.0000	episode_length_mean:     199.0000	epsilon:                   0.0500	grad_norm:               146.7801
info_nce_loss:             0.2856	loss:                      0.4144	q_loss:                    0.3767	return_mean:              37.4424
return_std:                5.4448	test_ep_length_mean:     200.0000	test_episode_length_mean:199.0000	test_return_mean:         42.2765
test_return_std:           6.3136	
2026-08-20 10:23:17,345 - my_experiment - advP_B_HC_st_nomm_42 - my_run - INFO - t_env: 4800200 / 5050000
2026-08-20 10:23:17,347 - my_experiment - advP_B_HC_st_nomm_42 - my_run - INFO - Estimated time left: 2 hours, 2 minutes, 8 seconds. Time passed: 1 days, 14 hours, 19 minutes, 23 seconds
2026-08-20 10:47:41,831 - my_experiment - advP_B_HC_st_nomm_42 - my_run - INFO - Recent Stats | t_env:    4850000 | Episode:    24250
ep_length_mean:          200.0000	episode_length_mean:     199.0000	epsilon:                   0.0500	grad_norm:               194.9629
info_nce_loss:             0.7079	loss:                      0.5993	q_loss:                    0.5449	return_mean:              37.3611
return_std:                5.7836	test_ep_length_mean:     200.0000	test_episode_length_mean:199.0000	test_return_mean:         43.0765
test_return_std:           6.2529	
2026-08-20 10:47:47,349 - my_experiment - advP_B_HC_st_nomm_42 - my_run - INFO - t_env: 4850200 / 5050000
2026-08-20 10:47:47,350 - my_experiment - advP_B_HC_st_nomm_42 - my_run - INFO - Estimated time left: 1 hours, 37 minutes, 54 seconds. Time passed: 1 days, 14 hours, 43 minutes, 53 seconds
2026-08-20 11:11:50,430 - my_experiment - advP_B_HC_st_nomm_42 - my_run - INFO - Recent Stats | t_env:    4900000 | Episode:    24500
ep_length_mean:          200.0000	episode_length_mean:     199.0000	epsilon:                   0.0500	grad_norm:               212.1639
info_nce_loss:             2.9480	loss:                      0.8701	q_loss:                    0.7910	return_mean:              38.4920
return_std:                5.8281	test_ep_length_mean:     200.0000	test_episode_length_mean:199.0000	test_return_mean:         42.5727
test_return_std:           6.2027	
2026-08-20 11:11:55,836 - my_experiment - advP_B_HC_st_nomm_42 - my_run - INFO - t_env: 4900200 / 5050000
2026-08-20 11:11:55,838 - my_experiment - advP_B_HC_st_nomm_42 - my_run - INFO - Estimated time left: 1 hours, 12 minutes, 19 seconds. Time passed: 1 days, 15 hours, 8 minutes, 1 seconds
2026-08-20 11:36:11,093 - my_experiment - advP_B_HC_st_nomm_42 - my_run - INFO - Recent Stats | t_env:    4950000 | Episode:    24750
ep_length_mean:          200.0000	episode_length_mean:     199.0000	epsilon:                   0.0500	grad_norm:               121.3985
info_nce_loss:             2.9306	loss:                      0.4437	q_loss:                    0.4033	return_mean:              38.8227
return_std:                5.8849	test_ep_length_mean:     200.0000	test_episode_length_mean:199.0000	test_return_mean:         43.0408
test_return_std:           5.8852	
2026-08-20 11:36:16,263 - my_experiment - advP_B_HC_st_nomm_42 - my_run - INFO - t_env: 4950200 / 5050000
2026-08-20 11:36:16,264 - my_experiment - advP_B_HC_st_nomm_42 - my_run - INFO - Estimated time left: 48 minutes, 35 seconds. Time passed: 1 days, 15 hours, 32 minutes, 22 seconds
2026-08-20 11:59:18,229 - my_experiment - advP_B_HC_st_nomm_42 - my_run - INFO - Recent Stats | t_env:    5000000 | Episode:    25000
ep_length_mean:          200.0000	episode_length_mean:     199.0000	epsilon:                   0.0500	grad_norm:               174.4919
info_nce_loss:             2.8178	loss:                      0.5114	q_loss:                    0.4649	return_mean:              39.7663
return_std:                5.5766	test_ep_length_mean:     200.0000	test_episode_length_mean:199.0000	test_return_mean:         44.3758
test_return_std:           6.1000	
2026-08-20 11:59:23,771 - my_experiment - advP_B_HC_st_nomm_42 - my_run - INFO - t_env: 5000200 / 5050000
2026-08-20 11:59:23,772 - my_experiment - advP_B_HC_st_nomm_42 - my_run - INFO - Estimated time left: 23 minutes, 1 seconds. Time passed: 1 days, 15 hours, 55 minutes, 29 seconds
2026-08-20 12:00:32,810 - my_experiment - advP_B_HC_st_nomm_42 - my_run - INFO - Saving models to work_dirs/my_experiment/advP_B_HC_st_nomm_42/my_run/20260818_200345/models/5000200
2026-08-20 12:22:10,659 - my_experiment - advP_B_HC_st_nomm_42 - my_run - INFO - Recent Stats | t_env:    5050000 | Episode:    25250
ep_length_mean:          200.0000	episode_length_mean:     199.0000	epsilon:                   0.0500	grad_norm:               172.6699
info_nce_loss:             1.8235	loss:                      0.6297	q_loss:                    0.5725	return_mean:              38.7141
return_std:                5.5336	test_ep_length_mean:     200.0000	test_episode_length_mean:199.0000	test_return_mean:         44.5991
test_return_std:           5.9575	
2026-08-20 12:22:15,795 - my_experiment - advP_B_HC_st_nomm_42 - my_run - INFO - t_env: 5050200 / 5050000
2026-08-20 12:22:15,796 - my_experiment - advP_B_HC_st_nomm_42 - my_run - INFO - Estimated time left: -. Time passed: 1 days, 16 hours, 18 minutes, 21 seconds
2026-08-20 12:23:24,766 - my_experiment - advP_B_HC_st_nomm_42 - my_run - INFO - Finished Training
