Gym has been unmaintained since 2022 and does not support NumPy 2.0 amongst other critical functionality.
Please upgrade to Gymnasium, the maintained drop-in replacement of Gym, or contact the authors of your software and request that they upgrade.
Users of this version of Gym should be able to simply replace 'import gym' with 'import gymnasium as gym' in the vast majority of cases.
See the migration guide at https://gymnasium.farama.org/introduction/migration_guide/ for additional information.
src/main.py:81: DeprecationWarning: Using or importing the ABCs from 'collections' instead of from 'collections.abc' is deprecated since Python 3.3, and in 3.10 it will stop working
  if isinstance(v, collections.Mapping):
wandb: [wandb.login()] Loaded credentials for https://api.wandb.ai from /home/pparsons/.netrc.
wandb: Currently logged in as: peterparsons02 (peterparsons02-eth-z-rich) to https://api.wandb.ai. Use `wandb login --relogin` to force relogin
wandb: setting up run ms3neuzx
wandb: Tracking run with wandb version 0.24.1
wandb: Run data is saved locally in /usr/itetnas04/data-scratch-01/pparsons/data/MyExpoComm/wandb/run-20260425_110312-ms3neuzx
wandb: Run `wandb offline` to turn off syncing.
wandb: Syncing run my_run-advP_HybridComm_5M_43-20260425_110311
wandb: ⭐️ View project at https://wandb.ai/peterparsons02-eth-z-rich/my_experiment
wandb: 🚀 View run at https://wandb.ai/peterparsons02-eth-z-rich/my_experiment/runs/ms3neuzx
2026-04-25 11:03:13,971 - my_experiment - advP_HybridComm_5M_43 - my_run - INFO - Current directory: /usr/itetnas04/data-scratch-01/pparsons/data/MyExpoComm.
2026-04-25 11:03:13,972 - my_experiment - advP_HybridComm_5M_43 - my_run - INFO - Experiment Parameters:
2026-04-25 11:03:13,974 - my_experiment - advP_HybridComm_5M_43 - my_run - INFO - 

{   'action_selector': 'epsilon_greedy',
    'add_value_last_step': True,
    'agent': 'ExpoComm_one_peer_cont',
    'agent_output_type': 'q',
    'attention_dim': 32,
    'aux_coef': 0.1,
    'batch_size': 32,
    'batch_size_run': 1,
    'buffer_cpu_only': True,
    'buffer_size': 2000,
    'checkpoint_path': '',
    'double_q': True,
    'env': 'MAgent_AdvPursuit',
    'env_args': {   'global_reward': False,
                    'map_name': 'adversarial_pursuit_view8',
                    'map_size': 45,
                    'max_cycles': 200,
                    'minimap_mode': True,
                    'pretrained_ckpt': 'prey_params.pt',
                    'seed': 43},
    'epsilon_anneal_time': 1000000,
    'epsilon_finish': 0.05,
    'epsilon_start': 1.0,
    'evaluate': False,
    'evaluation_epsilon': 0.0,
    'exp_name': 'my_experiment',
    'gamma': 0.99,
    'global_reward': True,
    'grad_norm_clip': 10,
    'hidden_dim': 64,
    'hypergroup': None,
    'label': 'default_label',
    'learner': 'hybrid_comm_learner',
    'learner_log_interval': 10000,
    'load_step': 0,
    'local_results_path': 'results',
    'log_interval': 50000,
    'lr': 0.0005,
    'mac': 'ExpoComm_mac',
    'mixer': None,
    'name': 'advP_HybridComm_5M_43',
    'neg_num': 20,
    'obs_agent_id': True,
    'obs_individual_obs': False,
    'obs_last_action': True,
    'one_peer': True,
    'optim_alpha': 0.99,
    'optim_eps': 1e-05,
    'render': False,
    'repeat_id': 1,
    'run_name': 'my_run',
    'runner': 'episode',
    'runner_log_interval': 10000,
    'save_model': True,
    'save_model_interval': 200000,
    'save_replay': False,
    'seed': 43,
    'standardise_returns': False,
    'standardise_rewards': True,
    't_max': 5050000,
    'target_update_interval_or_tau': 200,
    'temperature': 0.07,
    'test_greedy': True,
    'test_interval': 50000,
    'test_nepisode': 100,
    'topk_neighbors': 7,
    'use_cuda': True,
    'use_rnn': True,
    'use_tensorboard': True,
    'work_dir': 'work_dirs/my_experiment/advP_HybridComm_5M_43/my_run/20260425_110311'}

/usr/itetnas04/data-scratch-01/pparsons/data/conda_envs/ExpoComm/lib/python3.8/site-packages/pettingzoo/utils/conversions.py:41: UserWarning: The `from_parallel` function is deprecated. Use the `parallel_to_aec` function instead.
  warnings.warn("The `from_parallel` function is deprecated. Use the `parallel_to_aec` function instead.")
/usr/itetnas04/data-scratch-01/pparsons/data/conda_envs/ExpoComm/lib/python3.8/site-packages/pettingzoo/utils/wrappers/base.py:44: UserWarning: The `observation_spaces` dictionary is deprecated. Use the `observation_space` function instead.
  warnings.warn("The `observation_spaces` dictionary is deprecated. Use the `observation_space` function instead.")
/usr/itetnas04/data-scratch-01/pparsons/data/conda_envs/ExpoComm/lib/python3.8/site-packages/pettingzoo/utils/conversions.py:36: UserWarning: The `to_parallel` function is deprecated. Use the `aec_to_parallel` function instead.
  warnings.warn("The `to_parallel` function is deprecated. Use the `aec_to_parallel` function instead.")
/usr/itetnas04/data-scratch-01/pparsons/data/conda_envs/ExpoComm/lib/python3.8/site-packages/pettingzoo/utils/conversions.py:80: UserWarning: The `action_spaces` dictionary is deprecated. Use the `action_space` function instead.
  warnings.warn("The `action_spaces` dictionary is deprecated. Use the `action_space` function instead.")
/usr/itetnas04/data-scratch-01/pparsons/data/conda_envs/ExpoComm/lib/python3.8/site-packages/pettingzoo/utils/wrappers/base.py:52: UserWarning: The `action_spaces` dictionary is deprecated. Use the `action_space` function instead.
  warnings.warn("The `action_spaces` dictionary is deprecated. Use the `action_space` function instead.")
/usr/itetnas04/data-scratch-01/pparsons/data/conda_envs/ExpoComm/lib/python3.8/site-packages/pettingzoo/utils/conversions.py:72: UserWarning: The `observation_spaces` dictionary is deprecated. Use the `observation_space` function instead.
  warnings.warn("The `observation_spaces` dictionary is deprecated. Use the `observation_space` function instead.")
2026-04-25 11:03:18,327 - my_experiment - advP_HybridComm_5M_43 - my_run - INFO - Beginning training for 5050000 timesteps
/usr/itetnas04/data-scratch-01/pparsons/data/MyExpoComm/src/envs/adv_pursuit_wrappers.py:240: UserWarning: To copy construct from a tensor, it is recommended to use sourceTensor.clone().detach() or sourceTensor.clone().detach().requires_grad_(True), rather than torch.tensor(sourceTensor).
  actions = th.tensor(actions, dtype=th.long)
2026-04-25 11:03:24,453 - my_experiment - advP_HybridComm_5M_43 - my_run - INFO - t_env: 200 / 5050000
2026-04-25 11:03:24,454 - my_experiment - advP_HybridComm_5M_43 - my_run - INFO - Estimated time left: 10 minutes, 16 seconds. Time passed: 6 seconds
2026-04-25 11:06:41,070 - my_experiment - advP_HybridComm_5M_43 - my_run - INFO - Saving models to work_dirs/my_experiment/advP_HybridComm_5M_43/my_run/20260425_110311/models/200
2026-04-25 11:17:16,071 - my_experiment - advP_HybridComm_5M_43 - my_run - INFO - Recent Stats | t_env:      50000 | Episode:      250
ep_length_mean:          200.0000	episode_length_mean:     199.0000	epsilon:                   0.9620	grad_norm:                 1.8452
info_nce_loss:             2.6705	loss:                      1.0231	q_loss:                    0.9301	return_mean:             -19.8571
return_std:                1.1889	test_ep_length_mean:     200.0000	test_episode_length_mean:199.0000	test_return_mean:        -29.6095
test_return_std:           5.4864	
2026-04-25 11:17:18,744 - my_experiment - advP_HybridComm_5M_43 - my_run - INFO - t_env: 50200 / 5050000
2026-04-25 11:17:18,745 - my_experiment - advP_HybridComm_5M_43 - my_run - INFO - Estimated time left: 23 hours, 10 minutes, 25 seconds. Time passed: 14 minutes, 0 seconds
2026-04-25 11:31:25,989 - my_experiment - advP_HybridComm_5M_43 - my_run - INFO - Recent Stats | t_env:     100000 | Episode:      500
ep_length_mean:          200.0000	episode_length_mean:     199.0000	epsilon:                   0.9145	grad_norm:                 2.5944
info_nce_loss:             1.4580	loss:                      1.1051	q_loss:                    1.0046	return_mean:             -18.3581
return_std:                1.6448	test_ep_length_mean:     200.0000	test_episode_length_mean:199.0000	test_return_mean:         23.1104
test_return_std:           9.6742	
2026-04-25 11:31:28,607 - my_experiment - advP_HybridComm_5M_43 - my_run - INFO - t_env: 100200 / 5050000
2026-04-25 11:31:28,609 - my_experiment - advP_HybridComm_5M_43 - my_run - INFO - Estimated time left: 23 hours, 22 minutes, 13 seconds. Time passed: 28 minutes, 10 seconds
2026-04-25 11:45:35,292 - my_experiment - advP_HybridComm_5M_43 - my_run - INFO - Recent Stats | t_env:     150000 | Episode:      750
ep_length_mean:          200.0000	episode_length_mean:     199.0000	epsilon:                   0.8670	grad_norm:                 4.6072
info_nce_loss:             1.0402	loss:                      1.7437	q_loss:                    1.5852	return_mean:             -14.3284
return_std:                2.1694	test_ep_length_mean:     200.0000	test_episode_length_mean:199.0000	test_return_mean:         44.8492
test_return_std:          11.7824	
2026-04-25 11:45:37,914 - my_experiment - advP_HybridComm_5M_43 - my_run - INFO - t_env: 150200 / 5050000
2026-04-25 11:45:37,915 - my_experiment - advP_HybridComm_5M_43 - my_run - INFO - Estimated time left: 23 hours, 7 minutes, 8 seconds. Time passed: 42 minutes, 19 seconds
2026-04-25 11:59:45,389 - my_experiment - advP_HybridComm_5M_43 - my_run - INFO - Recent Stats | t_env:     200000 | Episode:     1000
ep_length_mean:          200.0000	episode_length_mean:     199.0000	epsilon:                   0.8195	grad_norm:                 8.4710
info_nce_loss:             0.8187	loss:                      2.6810	q_loss:                    2.4372	return_mean:             -10.4848
return_std:                2.3766	test_ep_length_mean:     200.0000	test_episode_length_mean:199.0000	test_return_mean:         59.8833
test_return_std:          12.5185	
2026-04-25 11:59:47,997 - my_experiment - advP_HybridComm_5M_43 - my_run - INFO - t_env: 200200 / 5050000
2026-04-25 11:59:47,998 - my_experiment - advP_HybridComm_5M_43 - my_run - INFO - Estimated time left: 22 hours, 54 minutes, 14 seconds. Time passed: 56 minutes, 29 seconds
2026-04-25 12:03:03,361 - my_experiment - advP_HybridComm_5M_43 - my_run - INFO - Saving models to work_dirs/my_experiment/advP_HybridComm_5M_43/my_run/20260425_110311/models/200200
2026-04-25 12:13:45,584 - my_experiment - advP_HybridComm_5M_43 - my_run - INFO - Recent Stats | t_env:     250000 | Episode:     1250
ep_length_mean:          200.0000	episode_length_mean:     199.0000	epsilon:                   0.7720	grad_norm:                27.9738
info_nce_loss:             0.7388	loss:                      5.9428	q_loss:                    5.4025	return_mean:              -5.2596
return_std:                2.8257	test_ep_length_mean:     200.0000	test_episode_length_mean:199.0000	test_return_mean:         69.3592
test_return_std:          12.8721	
2026-04-25 12:13:48,149 - my_experiment - advP_HybridComm_5M_43 - my_run - INFO - t_env: 250200 / 5050000
2026-04-25 12:13:48,150 - my_experiment - advP_HybridComm_5M_43 - my_run - INFO - Estimated time left: 22 hours, 24 minutes, 11 seconds. Time passed: 1 hours, 10 minutes, 29 seconds
2026-04-25 12:27:43,521 - my_experiment - advP_HybridComm_5M_43 - my_run - INFO - Recent Stats | t_env:     300000 | Episode:     1500
ep_length_mean:          200.0000	episode_length_mean:     199.0000	epsilon:                   0.7245	grad_norm:                25.4350
info_nce_loss:             0.6120	loss:                      5.8529	q_loss:                    5.3208	return_mean:               0.8390
return_std:                3.6104	test_ep_length_mean:     200.0000	test_episode_length_mean:199.0000	test_return_mean:         97.5244
test_return_std:          14.3727	
2026-04-25 12:27:46,102 - my_experiment - advP_HybridComm_5M_43 - my_run - INFO - t_env: 300200 / 5050000
2026-04-25 12:27:46,103 - my_experiment - advP_HybridComm_5M_43 - my_run - INFO - Estimated time left: 22 hours, 6 minutes, 42 seconds. Time passed: 1 hours, 24 minutes, 27 seconds
2026-04-25 12:41:41,798 - my_experiment - advP_HybridComm_5M_43 - my_run - INFO - Recent Stats | t_env:     350000 | Episode:     1750
ep_length_mean:          200.0000	episode_length_mean:     199.0000	epsilon:                   0.6770	grad_norm:                32.3063
info_nce_loss:             3.0330	loss:                      7.6961	q_loss:                    6.9964	return_mean:               6.3187
return_std:                3.9339	test_ep_length_mean:     200.0000	test_episode_length_mean:199.0000	test_return_mean:        105.8192
test_return_std:          14.1328	
2026-04-25 12:41:44,402 - my_experiment - advP_HybridComm_5M_43 - my_run - INFO - t_env: 350200 / 5050000
2026-04-25 12:41:44,402 - my_experiment - advP_HybridComm_5M_43 - my_run - INFO - Estimated time left: 21 hours, 53 minutes, 16 seconds. Time passed: 1 hours, 38 minutes, 26 seconds
2026-04-25 12:55:40,185 - my_experiment - advP_HybridComm_5M_43 - my_run - INFO - Recent Stats | t_env:     400000 | Episode:     2000
ep_length_mean:          200.0000	episode_length_mean:     199.0000	epsilon:                   0.6295	grad_norm:                37.9319
info_nce_loss:             0.5486	loss:                      9.0890	q_loss:                    8.2627	return_mean:              13.5744
return_std:                4.6678	test_ep_length_mean:     200.0000	test_episode_length_mean:199.0000	test_return_mean:        111.9508
test_return_std:          13.3690	
2026-04-25 12:55:42,783 - my_experiment - advP_HybridComm_5M_43 - my_run - INFO - t_env: 400200 / 5050000
2026-04-25 12:55:42,784 - my_experiment - advP_HybridComm_5M_43 - my_run - INFO - Estimated time left: 21 hours, 39 minutes, 26 seconds. Time passed: 1 hours, 52 minutes, 24 seconds
2026-04-25 12:58:57,547 - my_experiment - advP_HybridComm_5M_43 - my_run - INFO - Saving models to work_dirs/my_experiment/advP_HybridComm_5M_43/my_run/20260425_110311/models/400200
2026-04-25 13:09:37,422 - my_experiment - advP_HybridComm_5M_43 - my_run - INFO - Recent Stats | t_env:     450000 | Episode:     2250
ep_length_mean:          200.0000	episode_length_mean:     199.0000	epsilon:                   0.5820	grad_norm:                95.8316
info_nce_loss:             0.2415	loss:                     12.9229	q_loss:                   11.7481	return_mean:              20.8870
return_std:                5.4648	test_ep_length_mean:     200.0000	test_episode_length_mean:199.0000	test_return_mean:        115.2923
test_return_std:          13.2714	
2026-04-25 13:09:40,012 - my_experiment - advP_HybridComm_5M_43 - my_run - INFO - t_env: 450200 / 5050000
2026-04-25 13:09:40,013 - my_experiment - advP_HybridComm_5M_43 - my_run - INFO - Estimated time left: 21 hours, 23 minutes, 41 seconds. Time passed: 2 hours, 6 minutes, 21 seconds
2026-04-25 13:23:35,894 - my_experiment - advP_HybridComm_5M_43 - my_run - INFO - Recent Stats | t_env:     500000 | Episode:     2500
ep_length_mean:          200.0000	episode_length_mean:     199.0000	epsilon:                   0.5345	grad_norm:                69.7425
info_nce_loss:             0.3209	loss:                     12.5418	q_loss:                   11.4017	return_mean:              29.3965
return_std:                5.7023	test_ep_length_mean:     200.0000	test_episode_length_mean:199.0000	test_return_mean:        118.9256
test_return_std:          12.8948	
2026-04-25 13:23:38,521 - my_experiment - advP_HybridComm_5M_43 - my_run - INFO - t_env: 500200 / 5050000
2026-04-25 13:23:38,522 - my_experiment - advP_HybridComm_5M_43 - my_run - INFO - Estimated time left: 21 hours, 11 minutes, 40 seconds. Time passed: 2 hours, 20 minutes, 20 seconds
2026-04-25 13:37:10,105 - my_experiment - advP_HybridComm_5M_43 - my_run - INFO - Recent Stats | t_env:     550000 | Episode:     2750
ep_length_mean:          200.0000	episode_length_mean:     199.0000	epsilon:                   0.4870	grad_norm:               136.4428
info_nce_loss:             0.1044	loss:                     13.7959	q_loss:                   12.5417	return_mean:              37.5761
return_std:                6.3968	test_ep_length_mean:     200.0000	test_episode_length_mean:199.0000	test_return_mean:        122.4416
test_return_std:          12.5946	
2026-04-25 13:37:12,676 - my_experiment - advP_HybridComm_5M_43 - my_run - INFO - t_env: 550200 / 5050000
2026-04-25 13:37:12,677 - my_experiment - advP_HybridComm_5M_43 - my_run - INFO - Estimated time left: 20 hours, 21 minutes, 10 seconds. Time passed: 2 hours, 33 minutes, 54 seconds
2026-04-25 13:51:06,376 - my_experiment - advP_HybridComm_5M_43 - my_run - INFO - Recent Stats | t_env:     600000 | Episode:     3000
ep_length_mean:          200.0000	episode_length_mean:     199.0000	epsilon:                   0.4395	grad_norm:               135.8169
info_nce_loss:             0.1263	loss:                     13.1153	q_loss:                   11.9230	return_mean:              46.5289
return_std:                6.6250	test_ep_length_mean:     200.0000	test_episode_length_mean:199.0000	test_return_mean:        125.0407
test_return_std:          12.2361	
2026-04-25 13:51:08,933 - my_experiment - advP_HybridComm_5M_43 - my_run - INFO - t_env: 600200 / 5050000
2026-04-25 13:51:08,934 - my_experiment - advP_HybridComm_5M_43 - my_run - INFO - Estimated time left: 20 hours, 40 minutes, 23 seconds. Time passed: 2 hours, 47 minutes, 50 seconds
2026-04-25 13:54:23,183 - my_experiment - advP_HybridComm_5M_43 - my_run - INFO - Saving models to work_dirs/my_experiment/advP_HybridComm_5M_43/my_run/20260425_110311/models/600200
2026-04-25 14:05:02,419 - my_experiment - advP_HybridComm_5M_43 - my_run - INFO - Recent Stats | t_env:     650000 | Episode:     3250
ep_length_mean:          200.0000	episode_length_mean:     199.0000	epsilon:                   0.3920	grad_norm:               325.8784
info_nce_loss:             0.2011	loss:                     14.6561	q_loss:                   13.3237	return_mean:              53.4685
return_std:                6.5383	test_ep_length_mean:     200.0000	test_episode_length_mean:199.0000	test_return_mean:        127.3185
test_return_std:          11.8753	
2026-04-25 14:05:05,013 - my_experiment - advP_HybridComm_5M_43 - my_run - INFO - t_env: 650200 / 5050000
2026-04-25 14:05:05,014 - my_experiment - advP_HybridComm_5M_43 - my_run - INFO - Estimated time left: 20 hours, 26 minutes, 11 seconds. Time passed: 3 hours, 1 minutes, 46 seconds
2026-04-25 14:18:58,609 - my_experiment - advP_HybridComm_5M_43 - my_run - INFO - Recent Stats | t_env:     700000 | Episode:     3500
ep_length_mean:          200.0000	episode_length_mean:     199.0000	epsilon:                   0.3445	grad_norm:               765.5784
info_nce_loss:             0.1532	loss:                     14.2963	q_loss:                   12.9966	return_mean:              62.3884
return_std:                6.9396	test_ep_length_mean:     200.0000	test_episode_length_mean:199.0000	test_return_mean:        128.8416
test_return_std:          11.2163	
2026-04-25 14:19:01,186 - my_experiment - advP_HybridComm_5M_43 - my_run - INFO - t_env: 700200 / 5050000
2026-04-25 14:19:01,187 - my_experiment - advP_HybridComm_5M_43 - my_run - INFO - Estimated time left: 20 hours, 12 minutes, 23 seconds. Time passed: 3 hours, 15 minutes, 42 seconds
2026-04-25 14:32:54,897 - my_experiment - advP_HybridComm_5M_43 - my_run - INFO - Recent Stats | t_env:     750000 | Episode:     3750
ep_length_mean:          200.0000	episode_length_mean:     199.0000	epsilon:                   0.2970	grad_norm:               903.4963
info_nce_loss:             0.1170	loss:                     14.2934	q_loss:                   12.9940	return_mean:              69.7246
return_std:                7.7140	test_ep_length_mean:     200.0000	test_episode_length_mean:199.0000	test_return_mean:        130.2234
test_return_std:          10.7689	
2026-04-25 14:32:57,472 - my_experiment - advP_HybridComm_5M_43 - my_run - INFO - t_env: 750200 / 5050000
2026-04-25 14:32:57,473 - my_experiment - advP_HybridComm_5M_43 - my_run - INFO - Estimated time left: 19 hours, 58 minutes, 37 seconds. Time passed: 3 hours, 29 minutes, 39 seconds
2026-04-25 14:46:51,685 - my_experiment - advP_HybridComm_5M_43 - my_run - INFO - Recent Stats | t_env:     800000 | Episode:     4000
ep_length_mean:          200.0000	episode_length_mean:     199.0000	epsilon:                   0.2495	grad_norm:               904.4080
info_nce_loss:             0.1272	loss:                     13.5712	q_loss:                   12.3374	return_mean:              78.9046
return_std:                7.2902	test_ep_length_mean:     200.0000	test_episode_length_mean:199.0000	test_return_mean:        130.6969
test_return_std:          10.4341	
2026-04-25 14:46:54,255 - my_experiment - advP_HybridComm_5M_43 - my_run - INFO - t_env: 800200 / 5050000
2026-04-25 14:46:54,256 - my_experiment - advP_HybridComm_5M_43 - my_run - INFO - Estimated time left: 19 hours, 45 minutes, 23 seconds. Time passed: 3 hours, 43 minutes, 35 seconds
2026-04-25 14:50:08,592 - my_experiment - advP_HybridComm_5M_43 - my_run - INFO - Saving models to work_dirs/my_experiment/advP_HybridComm_5M_43/my_run/20260425_110311/models/800200
2026-04-25 15:00:49,362 - my_experiment - advP_HybridComm_5M_43 - my_run - INFO - Recent Stats | t_env:     850000 | Episode:     4250
ep_length_mean:          200.0000	episode_length_mean:     199.0000	epsilon:                   0.2020	grad_norm:               625.1510
info_nce_loss:             0.0611	loss:                     13.9882	q_loss:                   12.7165	return_mean:              87.7712
return_std:                7.8814	test_ep_length_mean:     200.0000	test_episode_length_mean:199.0000	test_return_mean:        131.4490
test_return_std:          10.1986	
2026-04-25 15:00:51,943 - my_experiment - advP_HybridComm_5M_43 - my_run - INFO - t_env: 850200 / 5050000
2026-04-25 15:00:51,944 - my_experiment - advP_HybridComm_5M_43 - my_run - INFO - Estimated time left: 19 hours, 32 minutes, 42 seconds. Time passed: 3 hours, 57 minutes, 33 seconds
2026-04-25 15:14:46,255 - my_experiment - advP_HybridComm_5M_43 - my_run - INFO - Recent Stats | t_env:     900000 | Episode:     4500
ep_length_mean:          200.0000	episode_length_mean:     199.0000	epsilon:                   0.1545	grad_norm:               552.4486
info_nce_loss:             0.0858	loss:                     12.4938	q_loss:                   11.3580	return_mean:              98.0455
return_std:                7.0271	test_ep_length_mean:     200.0000	test_episode_length_mean:199.0000	test_return_mean:        132.3216
test_return_std:           9.9959	
2026-04-25 15:14:48,891 - my_experiment - advP_HybridComm_5M_43 - my_run - INFO - t_env: 900200 / 5050000
2026-04-25 15:14:48,892 - my_experiment - advP_HybridComm_5M_43 - my_run - INFO - Estimated time left: 19 hours, 17 minutes, 43 seconds. Time passed: 4 hours, 11 minutes, 30 seconds
2026-04-25 15:28:42,962 - my_experiment - advP_HybridComm_5M_43 - my_run - INFO - Recent Stats | t_env:     950000 | Episode:     4750
ep_length_mean:          200.0000	episode_length_mean:     199.0000	epsilon:                   0.1070	grad_norm:               1014.1049
info_nce_loss:             0.1143	loss:                     14.6536	q_loss:                   13.3215	return_mean:             107.8977
return_std:                7.4186	test_ep_length_mean:     200.0000	test_episode_length_mean:199.0000	test_return_mean:        133.8232
test_return_std:           9.8896	
2026-04-25 15:28:45,537 - my_experiment - advP_HybridComm_5M_43 - my_run - INFO - t_env: 950200 / 5050000
2026-04-25 15:28:45,538 - my_experiment - advP_HybridComm_5M_43 - my_run - INFO - Estimated time left: 19 hours, 3 minutes, 21 seconds. Time passed: 4 hours, 25 minutes, 27 seconds
2026-04-25 15:42:39,802 - my_experiment - advP_HybridComm_5M_43 - my_run - INFO - Recent Stats | t_env:    1000000 | Episode:     5000
ep_length_mean:          200.0000	episode_length_mean:     199.0000	epsilon:                   0.0595	grad_norm:               903.8276
info_nce_loss:             0.1612	loss:                     13.8725	q_loss:                   12.6113	return_mean:             117.9512
return_std:                7.5887	test_ep_length_mean:     200.0000	test_episode_length_mean:199.0000	test_return_mean:        134.4449
test_return_std:           9.7688	
2026-04-25 15:42:42,477 - my_experiment - advP_HybridComm_5M_43 - my_run - INFO - t_env: 1000200 / 5050000
2026-04-25 15:42:42,477 - my_experiment - advP_HybridComm_5M_43 - my_run - INFO - Estimated time left: 18 hours, 49 minutes, 48 seconds. Time passed: 4 hours, 39 minutes, 24 seconds
2026-04-25 15:45:56,906 - my_experiment - advP_HybridComm_5M_43 - my_run - INFO - Saving models to work_dirs/my_experiment/advP_HybridComm_5M_43/my_run/20260425_110311/models/1000200
2026-04-25 15:56:36,632 - my_experiment - advP_HybridComm_5M_43 - my_run - INFO - Recent Stats | t_env:    1050000 | Episode:     5250
ep_length_mean:          200.0000	episode_length_mean:     199.0000	epsilon:                   0.0500	grad_norm:               806.9551
info_nce_loss:             0.1297	loss:                     12.7042	q_loss:                   11.5493	return_mean:             124.8791
return_std:                8.3441	test_ep_length_mean:     200.0000	test_episode_length_mean:199.0000	test_return_mean:        135.5663
test_return_std:           9.6050	
2026-04-25 15:56:39,197 - my_experiment - advP_HybridComm_5M_43 - my_run - INFO - t_env: 1050200 / 5050000
2026-04-25 15:56:39,198 - my_experiment - advP_HybridComm_5M_43 - my_run - INFO - Estimated time left: 18 hours, 35 minutes, 34 seconds. Time passed: 4 hours, 53 minutes, 20 seconds
2026-04-25 16:10:32,313 - my_experiment - advP_HybridComm_5M_43 - my_run - INFO - Recent Stats | t_env:    1100000 | Episode:     5500
ep_length_mean:          200.0000	episode_length_mean:     199.0000	epsilon:                   0.0500	grad_norm:               628.7262
info_nce_loss:             0.0902	loss:                      9.4986	q_loss:                    8.6351	return_mean:             126.1398
return_std:                7.4896	test_ep_length_mean:     200.0000	test_episode_length_mean:199.0000	test_return_mean:        136.1811
test_return_std:           9.5600	
2026-04-25 16:10:34,970 - my_experiment - advP_HybridComm_5M_43 - my_run - INFO - t_env: 1100200 / 5050000
2026-04-25 16:10:34,971 - my_experiment - advP_HybridComm_5M_43 - my_run - INFO - Estimated time left: 18 hours, 20 minutes, 22 seconds. Time passed: 5 hours, 7 minutes, 16 seconds
2026-04-25 16:24:28,002 - my_experiment - advP_HybridComm_5M_43 - my_run - INFO - Recent Stats | t_env:    1150000 | Episode:     5750
ep_length_mean:          200.0000	episode_length_mean:     199.0000	epsilon:                   0.0500	grad_norm:               857.3459
info_nce_loss:             0.2324	loss:                     12.4886	q_loss:                   11.3533	return_mean:             127.4593
return_std:                7.3079	test_ep_length_mean:     200.0000	test_episode_length_mean:199.0000	test_return_mean:        136.9570
test_return_std:           9.3354	
2026-04-25 16:24:30,590 - my_experiment - advP_HybridComm_5M_43 - my_run - INFO - t_env: 1150200 / 5050000
2026-04-25 16:24:30,591 - my_experiment - advP_HybridComm_5M_43 - my_run - INFO - Estimated time left: 18 hours, 6 minutes, 15 seconds. Time passed: 5 hours, 21 minutes, 12 seconds
2026-04-25 16:38:13,607 - my_experiment - advP_HybridComm_5M_43 - my_run - INFO - Recent Stats | t_env:    1200000 | Episode:     6000
ep_length_mean:          200.0000	episode_length_mean:     199.0000	epsilon:                   0.0500	grad_norm:               1139.4278
info_nce_loss:             0.1503	loss:                     11.4266	q_loss:                   10.3878	return_mean:             129.2205
return_std:                6.9397	test_ep_length_mean:     200.0000	test_episode_length_mean:199.0000	test_return_mean:        138.0514
test_return_std:           8.6786	
2026-04-25 16:38:16,091 - my_experiment - advP_HybridComm_5M_43 - my_run - INFO - t_env: 1200200 / 5050000
2026-04-25 16:38:16,092 - my_experiment - advP_HybridComm_5M_43 - my_run - INFO - Estimated time left: 17 hours, 39 minutes, 20 seconds. Time passed: 5 hours, 34 minutes, 57 seconds
2026-04-25 16:41:22,791 - my_experiment - advP_HybridComm_5M_43 - my_run - INFO - Saving models to work_dirs/my_experiment/advP_HybridComm_5M_43/my_run/20260425_110311/models/1200200
2026-04-25 16:51:39,726 - my_experiment - advP_HybridComm_5M_43 - my_run - INFO - Recent Stats | t_env:    1250000 | Episode:     6250
ep_length_mean:          200.0000	episode_length_mean:     199.0000	epsilon:                   0.0500	grad_norm:               1569.7412
info_nce_loss:             0.1869	loss:                     15.9441	q_loss:                   14.4946	return_mean:             129.2342
return_std:                7.1489	test_ep_length_mean:     200.0000	test_episode_length_mean:199.0000	test_return_mean:        139.3676
test_return_std:           8.3071	
2026-04-25 16:51:42,211 - my_experiment - advP_HybridComm_5M_43 - my_run - INFO - t_env: 1250200 / 5050000
2026-04-25 16:51:42,212 - my_experiment - advP_HybridComm_5M_43 - my_run - INFO - Estimated time left: 17 hours, 1 minutes, 1 seconds. Time passed: 5 hours, 48 minutes, 23 seconds
2026-04-25 17:05:04,253 - my_experiment - advP_HybridComm_5M_43 - my_run - INFO - Recent Stats | t_env:    1300000 | Episode:     6500
ep_length_mean:          200.0000	episode_length_mean:     199.0000	epsilon:                   0.0500	grad_norm:               873.9049
info_nce_loss:             0.1240	loss:                     11.0839	q_loss:                   10.0763	return_mean:             129.9129
return_std:                6.7007	test_ep_length_mean:     200.0000	test_episode_length_mean:199.0000	test_return_mean:        140.5439
test_return_std:           8.1366	
2026-04-25 17:05:06,788 - my_experiment - advP_HybridComm_5M_43 - my_run - INFO - t_env: 1300200 / 5050000
2026-04-25 17:05:06,788 - my_experiment - advP_HybridComm_5M_43 - my_run - INFO - Estimated time left: 16 hours, 45 minutes, 40 seconds. Time passed: 6 hours, 1 minutes, 48 seconds
2026-04-25 17:18:29,093 - my_experiment - advP_HybridComm_5M_43 - my_run - INFO - Recent Stats | t_env:    1350000 | Episode:     6750
ep_length_mean:          200.0000	episode_length_mean:     199.0000	epsilon:                   0.0500	grad_norm:               1578.1512
info_nce_loss:             0.0932	loss:                      9.6318	q_loss:                    8.7561	return_mean:             130.5307
return_std:                7.3021	test_ep_length_mean:     200.0000	test_episode_length_mean:199.0000	test_return_mean:        141.8600
test_return_std:           7.8655	
2026-04-25 17:18:31,670 - my_experiment - advP_HybridComm_5M_43 - my_run - INFO - t_env: 1350200 / 5050000
2026-04-25 17:18:31,671 - my_experiment - advP_HybridComm_5M_43 - my_run - INFO - Estimated time left: 16 hours, 32 minutes, 38 seconds. Time passed: 6 hours, 15 minutes, 13 seconds
2026-04-25 17:31:53,905 - my_experiment - advP_HybridComm_5M_43 - my_run - INFO - Recent Stats | t_env:    1400000 | Episode:     7000
ep_length_mean:          200.0000	episode_length_mean:     199.0000	epsilon:                   0.0500	grad_norm:               886.3331
info_nce_loss:             0.1985	loss:                      8.6644	q_loss:                    7.8767	return_mean:             132.1879
return_std:                6.4465	test_ep_length_mean:     200.0000	test_episode_length_mean:199.0000	test_return_mean:        142.6535
test_return_std:           7.9273	
2026-04-25 17:31:56,394 - my_experiment - advP_HybridComm_5M_43 - my_run - INFO - t_env: 1400200 / 5050000
2026-04-25 17:31:56,395 - my_experiment - advP_HybridComm_5M_43 - my_run - INFO - Estimated time left: 16 hours, 19 minutes, 1 seconds. Time passed: 6 hours, 28 minutes, 38 seconds
2026-04-25 17:35:02,587 - my_experiment - advP_HybridComm_5M_43 - my_run - INFO - Saving models to work_dirs/my_experiment/advP_HybridComm_5M_43/my_run/20260425_110311/models/1400200
2026-04-25 17:45:18,663 - my_experiment - advP_HybridComm_5M_43 - my_run - INFO - Recent Stats | t_env:    1450000 | Episode:     7250
ep_length_mean:          200.0000	episode_length_mean:     199.0000	epsilon:                   0.0500	grad_norm:               866.0230
info_nce_loss:             0.1873	loss:                      8.1530	q_loss:                    7.4118	return_mean:             131.9899
return_std:                6.4914	test_ep_length_mean:     200.0000	test_episode_length_mean:199.0000	test_return_mean:        143.1923
test_return_std:           7.9054	
2026-04-25 17:45:21,161 - my_experiment - advP_HybridComm_5M_43 - my_run - INFO - t_env: 1450200 / 5050000
2026-04-25 17:45:21,161 - my_experiment - advP_HybridComm_5M_43 - my_run - INFO - Estimated time left: 16 hours, 5 minutes, 39 seconds. Time passed: 6 hours, 42 minutes, 2 seconds
2026-04-25 17:58:44,735 - my_experiment - advP_HybridComm_5M_43 - my_run - INFO - Recent Stats | t_env:    1500000 | Episode:     7500
ep_length_mean:          200.0000	episode_length_mean:     199.0000	epsilon:                   0.0500	grad_norm:               2372.2369
info_nce_loss:             0.2277	loss:                     17.1487	q_loss:                   15.5897	return_mean:             132.3884
return_std:                6.3430	test_ep_length_mean:     200.0000	test_episode_length_mean:199.0000	test_return_mean:        143.5091
test_return_std:           7.7334	
2026-04-25 17:58:47,284 - my_experiment - advP_HybridComm_5M_43 - my_run - INFO - t_env: 1500200 / 5050000
2026-04-25 17:58:47,285 - my_experiment - advP_HybridComm_5M_43 - my_run - INFO - Estimated time left: 15 hours, 53 minutes, 51 seconds. Time passed: 6 hours, 55 minutes, 28 seconds
2026-04-25 18:12:10,575 - my_experiment - advP_HybridComm_5M_43 - my_run - INFO - Recent Stats | t_env:    1550000 | Episode:     7750
ep_length_mean:          200.0000	episode_length_mean:     199.0000	epsilon:                   0.0500	grad_norm:               1360.5007
info_nce_loss:             0.0855	loss:                      9.9200	q_loss:                    9.0182	return_mean:             132.8402
return_std:                7.0784	test_ep_length_mean:     200.0000	test_episode_length_mean:199.0000	test_return_mean:        144.2346
test_return_std:           7.5036	
2026-04-25 18:12:13,042 - my_experiment - advP_HybridComm_5M_43 - my_run - INFO - t_env: 1550200 / 5050000
2026-04-25 18:12:13,042 - my_experiment - advP_HybridComm_5M_43 - my_run - INFO - Estimated time left: 15 hours, 39 minutes, 59 seconds. Time passed: 7 hours, 8 minutes, 54 seconds
2026-04-25 18:25:35,256 - my_experiment - advP_HybridComm_5M_43 - my_run - INFO - Recent Stats | t_env:    1600000 | Episode:     8000
ep_length_mean:          200.0000	episode_length_mean:     199.0000	epsilon:                   0.0500	grad_norm:               623.4209
info_nce_loss:             0.1308	loss:                      5.8625	q_loss:                    5.3295	return_mean:             133.4247
return_std:                5.4721	test_ep_length_mean:     200.0000	test_episode_length_mean:199.0000	test_return_mean:        144.7433
test_return_std:           7.0449	
2026-04-25 18:25:37,719 - my_experiment - advP_HybridComm_5M_43 - my_run - INFO - t_env: 1600200 / 5050000
2026-04-25 18:25:37,720 - my_experiment - advP_HybridComm_5M_43 - my_run - INFO - Estimated time left: 15 hours, 25 minutes, 19 seconds. Time passed: 7 hours, 22 minutes, 19 seconds
2026-04-25 18:28:44,177 - my_experiment - advP_HybridComm_5M_43 - my_run - INFO - Saving models to work_dirs/my_experiment/advP_HybridComm_5M_43/my_run/20260425_110311/models/1600200
2026-04-25 18:39:13,662 - my_experiment - advP_HybridComm_5M_43 - my_run - INFO - Recent Stats | t_env:    1650000 | Episode:     8250
ep_length_mean:          200.0000	episode_length_mean:     199.0000	epsilon:                   0.0500	grad_norm:               692.8031
info_nce_loss:             0.1971	loss:                      6.0793	q_loss:                    5.5266	return_mean:             134.2323
return_std:                5.7669	test_ep_length_mean:     200.0000	test_episode_length_mean:199.0000	test_return_mean:        145.5033
test_return_std:           6.4685	
2026-04-25 18:39:16,297 - my_experiment - advP_HybridComm_5M_43 - my_run - INFO - t_env: 1650200 / 5050000
2026-04-25 18:39:16,298 - my_experiment - advP_HybridComm_5M_43 - my_run - INFO - Estimated time left: 15 hours, 27 minutes, 40 seconds. Time passed: 7 hours, 35 minutes, 57 seconds
2026-04-25 18:53:25,168 - my_experiment - advP_HybridComm_5M_43 - my_run - INFO - Recent Stats | t_env:    1700000 | Episode:     8500
ep_length_mean:          200.0000	episode_length_mean:     199.0000	epsilon:                   0.0500	grad_norm:               1102.5465
info_nce_loss:             0.1521	loss:                      6.0105	q_loss:                    5.4641	return_mean:             134.4354
return_std:                5.6752	test_ep_length_mean:     200.0000	test_episode_length_mean:199.0000	test_return_mean:        145.8847
test_return_std:           6.3281	
2026-04-25 18:53:27,834 - my_experiment - advP_HybridComm_5M_43 - my_run - INFO - t_env: 1700200 / 5050000
2026-04-25 18:53:27,835 - my_experiment - advP_HybridComm_5M_43 - my_run - INFO - Estimated time left: 15 hours, 50 minutes, 49 seconds. Time passed: 7 hours, 50 minutes, 9 seconds
2026-04-25 19:07:37,934 - my_experiment - advP_HybridComm_5M_43 - my_run - INFO - Recent Stats | t_env:    1750000 | Episode:     8750
ep_length_mean:          200.0000	episode_length_mean:     199.0000	epsilon:                   0.0500	grad_norm:               925.8030
info_nce_loss:             0.2140	loss:                      5.5433	q_loss:                    5.0393	return_mean:             134.6579
return_std:                5.4489	test_ep_length_mean:     200.0000	test_episode_length_mean:199.0000	test_return_mean:        146.7022
test_return_std:           6.1045	
2026-04-25 19:07:40,475 - my_experiment - advP_HybridComm_5M_43 - my_run - INFO - t_env: 1750200 / 5050000
2026-04-25 19:07:40,475 - my_experiment - advP_HybridComm_5M_43 - my_run - INFO - Estimated time left: 15 hours, 37 minutes, 50 seconds. Time passed: 8 hours, 4 minutes, 22 seconds
2026-04-25 19:22:05,555 - my_experiment - advP_HybridComm_5M_43 - my_run - INFO - Recent Stats | t_env:    1800000 | Episode:     9000
ep_length_mean:          200.0000	episode_length_mean:     199.0000	epsilon:                   0.0500	grad_norm:               963.2539
info_nce_loss:             0.1264	loss:                      5.4843	q_loss:                    4.9858	return_mean:             134.7184
return_std:                5.6137	test_ep_length_mean:     200.0000	test_episode_length_mean:199.0000	test_return_mean:        147.1251
test_return_std:           5.7962	
2026-04-25 19:22:08,313 - my_experiment - advP_HybridComm_5M_43 - my_run - INFO - t_env: 1800200 / 5050000
2026-04-25 19:22:08,314 - my_experiment - advP_HybridComm_5M_43 - my_run - INFO - Estimated time left: 15 hours, 40 minutes, 6 seconds. Time passed: 8 hours, 18 minutes, 49 seconds
2026-04-25 19:25:30,636 - my_experiment - advP_HybridComm_5M_43 - my_run - INFO - Saving models to work_dirs/my_experiment/advP_HybridComm_5M_43/my_run/20260425_110311/models/1800200
2026-04-25 19:36:34,307 - my_experiment - advP_HybridComm_5M_43 - my_run - INFO - Recent Stats | t_env:    1850000 | Episode:     9250
ep_length_mean:          200.0000	episode_length_mean:     199.0000	epsilon:                   0.0500	grad_norm:               1105.5424
info_nce_loss:             0.1200	loss:                      5.7465	q_loss:                    5.2241	return_mean:             135.2235
return_std:                4.9151	test_ep_length_mean:     200.0000	test_episode_length_mean:199.0000	test_return_mean:        147.3919
test_return_std:           5.7298	
2026-04-25 19:36:36,980 - my_experiment - advP_HybridComm_5M_43 - my_run - INFO - t_env: 1850200 / 5050000
2026-04-25 19:36:36,981 - my_experiment - advP_HybridComm_5M_43 - my_run - INFO - Estimated time left: 15 hours, 26 minutes, 31 seconds. Time passed: 8 hours, 33 minutes, 18 seconds
2026-04-25 19:51:03,409 - my_experiment - advP_HybridComm_5M_43 - my_run - INFO - Recent Stats | t_env:    1900000 | Episode:     9500
ep_length_mean:          200.0000	episode_length_mean:     199.0000	epsilon:                   0.0500	grad_norm:               1066.8552
info_nce_loss:             0.2019	loss:                      5.3864	q_loss:                    4.8967	return_mean:             135.5834
return_std:                5.7339	test_ep_length_mean:     200.0000	test_episode_length_mean:199.0000	test_return_mean:        147.8466
test_return_std:           5.7230	
2026-04-25 19:51:06,151 - my_experiment - advP_HybridComm_5M_43 - my_run - INFO - t_env: 1900200 / 5050000
2026-04-25 19:51:06,153 - my_experiment - advP_HybridComm_5M_43 - my_run - INFO - Estimated time left: 15 hours, 12 minutes, 34 seconds. Time passed: 8 hours, 47 minutes, 47 seconds
2026-04-25 20:05:32,847 - my_experiment - advP_HybridComm_5M_43 - my_run - INFO - Recent Stats | t_env:    1950000 | Episode:     9750
ep_length_mean:          200.0000	episode_length_mean:     199.0000	epsilon:                   0.0500	grad_norm:               1097.9275
info_nce_loss:             0.1499	loss:                      5.2601	q_loss:                    4.7819	return_mean:             135.1909
return_std:                5.2700	test_ep_length_mean:     200.0000	test_episode_length_mean:199.0000	test_return_mean:        148.1311
test_return_std:           5.6503	
2026-04-25 20:05:35,510 - my_experiment - advP_HybridComm_5M_43 - my_run - INFO - t_env: 1950200 / 5050000
2026-04-25 20:05:35,511 - my_experiment - advP_HybridComm_5M_43 - my_run - INFO - Estimated time left: 14 hours, 58 minutes, 16 seconds. Time passed: 9 hours, 2 minutes, 17 seconds
2026-04-25 20:20:01,223 - my_experiment - advP_HybridComm_5M_43 - my_run - INFO - Recent Stats | t_env:    2000000 | Episode:    10000
ep_length_mean:          200.0000	episode_length_mean:     199.0000	epsilon:                   0.0500	grad_norm:               1028.7891
info_nce_loss:             0.1946	loss:                      5.2736	q_loss:                    4.7942	return_mean:             136.0517
return_std:                4.8484	test_ep_length_mean:     200.0000	test_episode_length_mean:199.0000	test_return_mean:        148.4225
test_return_std:           5.5377	
2026-04-25 20:20:03,944 - my_experiment - advP_HybridComm_5M_43 - my_run - INFO - t_env: 2000200 / 5050000
2026-04-25 20:20:03,945 - my_experiment - advP_HybridComm_5M_43 - my_run - INFO - Estimated time left: 14 hours, 42 minutes, 50 seconds. Time passed: 9 hours, 16 minutes, 45 seconds
2026-04-25 20:23:25,965 - my_experiment - advP_HybridComm_5M_43 - my_run - INFO - Saving models to work_dirs/my_experiment/advP_HybridComm_5M_43/my_run/20260425_110311/models/2000200
2026-04-25 20:34:30,313 - my_experiment - advP_HybridComm_5M_43 - my_run - INFO - Recent Stats | t_env:    2050000 | Episode:    10250
ep_length_mean:          200.0000	episode_length_mean:     199.0000	epsilon:                   0.0500	grad_norm:               1174.9407
info_nce_loss:             0.2218	loss:                      5.2366	q_loss:                    4.7605	return_mean:             136.5153
return_std:                4.6281	test_ep_length_mean:     200.0000	test_episode_length_mean:199.0000	test_return_mean:        148.4329
test_return_std:           5.5502	
2026-04-25 20:34:32,965 - my_experiment - advP_HybridComm_5M_43 - my_run - INFO - t_env: 2050200 / 5050000
2026-04-25 20:34:32,966 - my_experiment - advP_HybridComm_5M_43 - my_run - INFO - Estimated time left: 14 hours, 28 minutes, 57 seconds. Time passed: 9 hours, 31 minutes, 14 seconds
2026-04-25 20:48:59,317 - my_experiment - advP_HybridComm_5M_43 - my_run - INFO - Recent Stats | t_env:    2100000 | Episode:    10500
ep_length_mean:          200.0000	episode_length_mean:     199.0000	epsilon:                   0.0500	grad_norm:               1047.6664
info_nce_loss:             0.1384	loss:                      5.2266	q_loss:                    4.7514	return_mean:             135.9348
return_std:                5.0293	test_ep_length_mean:     200.0000	test_episode_length_mean:199.0000	test_return_mean:        148.6900
test_return_std:           5.5117	
2026-04-25 20:49:01,984 - my_experiment - advP_HybridComm_5M_43 - my_run - INFO - t_env: 2100200 / 5050000
2026-04-25 20:49:01,985 - my_experiment - advP_HybridComm_5M_43 - my_run - INFO - Estimated time left: 14 hours, 14 minutes, 28 seconds. Time passed: 9 hours, 45 minutes, 43 seconds
2026-04-25 21:03:28,770 - my_experiment - advP_HybridComm_5M_43 - my_run - INFO - Recent Stats | t_env:    2150000 | Episode:    10750
ep_length_mean:          200.0000	episode_length_mean:     199.0000	epsilon:                   0.0500	grad_norm:               1085.6172
info_nce_loss:             0.1266	loss:                      5.0228	q_loss:                    4.5662	return_mean:             136.5873
return_std:                4.3735	test_ep_length_mean:     200.0000	test_episode_length_mean:199.0000	test_return_mean:        148.4770
test_return_std:           5.3266	
2026-04-25 21:03:31,420 - my_experiment - advP_HybridComm_5M_43 - my_run - INFO - t_env: 2150200 / 5050000
2026-04-25 21:03:31,421 - my_experiment - advP_HybridComm_5M_43 - my_run - INFO - Estimated time left: 14 hours, 23 seconds. Time passed: 10 hours, 13 seconds
2026-04-25 21:17:48,045 - my_experiment - advP_HybridComm_5M_43 - my_run - INFO - Recent Stats | t_env:    2200000 | Episode:    11000
ep_length_mean:          200.0000	episode_length_mean:     199.0000	epsilon:                   0.0500	grad_norm:               1019.9704
info_nce_loss:             0.1860	loss:                      4.9905	q_loss:                    4.5368	return_mean:             136.0153
return_std:                4.4053	test_ep_length_mean:     200.0000	test_episode_length_mean:199.0000	test_return_mean:        148.4495
test_return_std:           5.2297	
2026-04-25 21:17:50,665 - my_experiment - advP_HybridComm_5M_43 - my_run - INFO - t_env: 2200200 / 5050000
2026-04-25 21:17:50,666 - my_experiment - advP_HybridComm_5M_43 - my_run - INFO - Estimated time left: 13 hours, 36 minutes, 13 seconds. Time passed: 10 hours, 14 minutes, 32 seconds
2026-04-25 21:21:08,773 - my_experiment - advP_HybridComm_5M_43 - my_run - INFO - Saving models to work_dirs/my_experiment/advP_HybridComm_5M_43/my_run/20260425_110311/models/2200200
2026-04-25 21:32:02,142 - my_experiment - advP_HybridComm_5M_43 - my_run - INFO - Recent Stats | t_env:    2250000 | Episode:    11250
ep_length_mean:          200.0000	episode_length_mean:     199.0000	epsilon:                   0.0500	grad_norm:               1302.0867
info_nce_loss:             0.1830	loss:                      5.4327	q_loss:                    4.9389	return_mean:             136.5426
return_std:                4.0729	test_ep_length_mean:     200.0000	test_episode_length_mean:199.0000	test_return_mean:        148.3360
test_return_std:           5.0008	
2026-04-25 21:32:04,775 - my_experiment - advP_HybridComm_5M_43 - my_run - INFO - t_env: 2250200 / 5050000
2026-04-25 21:32:04,775 - my_experiment - advP_HybridComm_5M_43 - my_run - INFO - Estimated time left: 13 hours, 17 minutes, 6 seconds. Time passed: 10 hours, 28 minutes, 46 seconds
2026-04-25 21:46:15,623 - my_experiment - advP_HybridComm_5M_43 - my_run - INFO - Recent Stats | t_env:    2300000 | Episode:    11500
ep_length_mean:          200.0000	episode_length_mean:     199.0000	epsilon:                   0.0500	grad_norm:               1432.1500
info_nce_loss:             0.1904	loss:                      5.2984	q_loss:                    4.8168	return_mean:             135.8344
return_std:                4.4021	test_ep_length_mean:     200.0000	test_episode_length_mean:199.0000	test_return_mean:        148.3425
test_return_std:           4.6585	
2026-04-25 21:46:18,235 - my_experiment - advP_HybridComm_5M_43 - my_run - INFO - t_env: 2300200 / 5050000
2026-04-25 21:46:18,236 - my_experiment - advP_HybridComm_5M_43 - my_run - INFO - Estimated time left: 13 hours, 2 minutes, 16 seconds. Time passed: 10 hours, 42 minutes, 59 seconds
2026-04-25 22:00:29,783 - my_experiment - advP_HybridComm_5M_43 - my_run - INFO - Recent Stats | t_env:    2350000 | Episode:    11750
ep_length_mean:          200.0000	episode_length_mean:     199.0000	epsilon:                   0.0500	grad_norm:               1259.3780
info_nce_loss:             0.0663	loss:                      5.0274	q_loss:                    4.5703	return_mean:             136.6082
return_std:                4.2523	test_ep_length_mean:     200.0000	test_episode_length_mean:199.0000	test_return_mean:        148.2181
test_return_std:           4.3537	
2026-04-25 22:00:32,404 - my_experiment - advP_HybridComm_5M_43 - my_run - INFO - t_env: 2350200 / 5050000
2026-04-25 22:00:32,405 - my_experiment - advP_HybridComm_5M_43 - my_run - INFO - Estimated time left: 12 hours, 48 minutes, 41 seconds. Time passed: 10 hours, 57 minutes, 14 seconds
2026-04-25 22:14:43,872 - my_experiment - advP_HybridComm_5M_43 - my_run - INFO - Recent Stats | t_env:    2400000 | Episode:    12000
ep_length_mean:          200.0000	episode_length_mean:     199.0000	epsilon:                   0.0500	grad_norm:               1566.4123
info_nce_loss:             0.0520	loss:                      5.2765	q_loss:                    4.7968	return_mean:             136.0391
return_std:                4.7029	test_ep_length_mean:     200.0000	test_episode_length_mean:199.0000	test_return_mean:        148.3866
test_return_std:           4.2729	
2026-04-25 22:14:46,547 - my_experiment - advP_HybridComm_5M_43 - my_run - INFO - t_env: 2400200 / 5050000
2026-04-25 22:14:46,548 - my_experiment - advP_HybridComm_5M_43 - my_run - INFO - Estimated time left: 12 hours, 34 minutes, 26 seconds. Time passed: 11 hours, 11 minutes, 28 seconds
2026-04-25 22:18:05,007 - my_experiment - advP_HybridComm_5M_43 - my_run - INFO - Saving models to work_dirs/my_experiment/advP_HybridComm_5M_43/my_run/20260425_110311/models/2400200
2026-04-25 22:28:57,055 - my_experiment - advP_HybridComm_5M_43 - my_run - INFO - Recent Stats | t_env:    2450000 | Episode:    12250
ep_length_mean:          200.0000	episode_length_mean:     199.0000	epsilon:                   0.0500	grad_norm:               1774.7727
info_nce_loss:             0.1608	loss:                      5.6670	q_loss:                    5.1519	return_mean:             136.5536
return_std:                5.0982	test_ep_length_mean:     200.0000	test_episode_length_mean:199.0000	test_return_mean:        148.5935
test_return_std:           4.0546	
2026-04-25 22:28:59,720 - my_experiment - advP_HybridComm_5M_43 - my_run - INFO - t_env: 2450200 / 5050000
2026-04-25 22:28:59,721 - my_experiment - advP_HybridComm_5M_43 - my_run - INFO - Estimated time left: 12 hours, 19 minutes, 21 seconds. Time passed: 11 hours, 25 minutes, 41 seconds
2026-04-25 22:43:10,846 - my_experiment - advP_HybridComm_5M_43 - my_run - INFO - Recent Stats | t_env:    2500000 | Episode:    12500
ep_length_mean:          200.0000	episode_length_mean:     199.0000	epsilon:                   0.0500	grad_norm:               1593.7783
info_nce_loss:             0.2477	loss:                      5.1916	q_loss:                    4.7196	return_mean:             137.2992
return_std:                5.3797	test_ep_length_mean:     200.0000	test_episode_length_mean:199.0000	test_return_mean:        148.8239
test_return_std:           4.1871	
2026-04-25 22:43:13,483 - my_experiment - advP_HybridComm_5M_43 - my_run - INFO - t_env: 2500200 / 5050000
2026-04-25 22:43:13,484 - my_experiment - advP_HybridComm_5M_43 - my_run - INFO - Estimated time left: 12 hours, 5 minutes, 38 seconds. Time passed: 11 hours, 39 minutes, 55 seconds
2026-04-25 22:57:24,281 - my_experiment - advP_HybridComm_5M_43 - my_run - INFO - Recent Stats | t_env:    2550000 | Episode:    12750
ep_length_mean:          200.0000	episode_length_mean:     199.0000	epsilon:                   0.0500	grad_norm:               1541.9527
info_nce_loss:             0.1896	loss:                      5.5042	q_loss:                    5.0038	return_mean:             137.3794
return_std:                4.4333	test_ep_length_mean:     200.0000	test_episode_length_mean:199.0000	test_return_mean:        149.0467
test_return_std:           4.4748	
2026-04-25 22:57:26,888 - my_experiment - advP_HybridComm_5M_43 - my_run - INFO - t_env: 2550200 / 5050000
2026-04-25 22:57:26,889 - my_experiment - advP_HybridComm_5M_43 - my_run - INFO - Estimated time left: 11 hours, 51 minutes, 6 seconds. Time passed: 11 hours, 54 minutes, 8 seconds
2026-04-25 23:11:37,555 - my_experiment - advP_HybridComm_5M_43 - my_run - INFO - Recent Stats | t_env:    2600000 | Episode:    13000
ep_length_mean:          200.0000	episode_length_mean:     199.0000	epsilon:                   0.0500	grad_norm:               1425.8722
info_nce_loss:             0.2068	loss:                      5.0147	q_loss:                    4.5589	return_mean:             137.6752
return_std:                3.9456	test_ep_length_mean:     200.0000	test_episode_length_mean:199.0000	test_return_mean:        149.2066
test_return_std:           4.6508	
2026-04-25 23:11:40,164 - my_experiment - advP_HybridComm_5M_43 - my_run - INFO - t_env: 2600200 / 5050000
2026-04-25 23:11:40,165 - my_experiment - advP_HybridComm_5M_43 - my_run - INFO - Estimated time left: 11 hours, 36 minutes, 47 seconds. Time passed: 12 hours, 8 minutes, 21 seconds
2026-04-25 23:14:58,429 - my_experiment - advP_HybridComm_5M_43 - my_run - INFO - Saving models to work_dirs/my_experiment/advP_HybridComm_5M_43/my_run/20260425_110311/models/2600200
2026-04-25 23:25:51,337 - my_experiment - advP_HybridComm_5M_43 - my_run - INFO - Recent Stats | t_env:    2650000 | Episode:    13250
ep_length_mean:          200.0000	episode_length_mean:     199.0000	epsilon:                   0.0500	grad_norm:               1784.3661
info_nce_loss:             0.1984	loss:                     10.3218	q_loss:                    9.3835	return_mean:             133.8317
return_std:                8.2855	test_ep_length_mean:     200.0000	test_episode_length_mean:199.0000	test_return_mean:        149.6857
test_return_std:           4.5016	
2026-04-25 23:25:53,957 - my_experiment - advP_HybridComm_5M_43 - my_run - INFO - t_env: 2650200 / 5050000
2026-04-25 23:25:53,958 - my_experiment - advP_HybridComm_5M_43 - my_run - INFO - Estimated time left: 11 hours, 22 minutes, 58 seconds. Time passed: 12 hours, 22 minutes, 35 seconds
2026-04-25 23:40:05,124 - my_experiment - advP_HybridComm_5M_43 - my_run - INFO - Recent Stats | t_env:    2700000 | Episode:    13500
ep_length_mean:          200.0000	episode_length_mean:     199.0000	epsilon:                   0.0500	grad_norm:               2673.4906
info_nce_loss:             0.1148	loss:                     11.8310	q_loss:                   10.7555	return_mean:             134.3169
return_std:                5.4954	test_ep_length_mean:     200.0000	test_episode_length_mean:199.0000	test_return_mean:        149.4139
test_return_std:           4.6407	
2026-04-25 23:40:07,735 - my_experiment - advP_HybridComm_5M_43 - my_run - INFO - t_env: 2700200 / 5050000
2026-04-25 23:40:07,736 - my_experiment - advP_HybridComm_5M_43 - my_run - INFO - Estimated time left: 11 hours, 8 minutes, 44 seconds. Time passed: 12 hours, 36 minutes, 49 seconds
2026-04-25 23:54:18,905 - my_experiment - advP_HybridComm_5M_43 - my_run - INFO - Recent Stats | t_env:    2750000 | Episode:    13750
ep_length_mean:          200.0000	episode_length_mean:     199.0000	epsilon:                   0.0500	grad_norm:               1745.9131
info_nce_loss:             0.0809	loss:                      8.4642	q_loss:                    7.6947	return_mean:             137.2197
return_std:                3.7749	test_ep_length_mean:     200.0000	test_episode_length_mean:199.0000	test_return_mean:        149.3745
test_return_std:           4.5693	
2026-04-25 23:54:21,563 - my_experiment - advP_HybridComm_5M_43 - my_run - INFO - t_env: 2750200 / 5050000
2026-04-25 23:54:21,564 - my_experiment - advP_HybridComm_5M_43 - my_run - INFO - Estimated time left: 10 hours, 54 minutes, 32 seconds. Time passed: 12 hours, 51 minutes, 3 seconds
2026-04-26 00:08:31,770 - my_experiment - advP_HybridComm_5M_43 - my_run - INFO - Recent Stats | t_env:    2800000 | Episode:    14000
ep_length_mean:          200.0000	episode_length_mean:     199.0000	epsilon:                   0.0500	grad_norm:               2430.1378
info_nce_loss:             0.1887	loss:                      9.3349	q_loss:                    8.4862	return_mean:             136.2876
return_std:                4.7101	test_ep_length_mean:     200.0000	test_episode_length_mean:199.0000	test_return_mean:        148.9902
test_return_std:           4.3863	
2026-04-26 00:08:34,434 - my_experiment - advP_HybridComm_5M_43 - my_run - INFO - t_env: 2800200 / 5050000
2026-04-26 00:08:34,435 - my_experiment - advP_HybridComm_5M_43 - my_run - INFO - Estimated time left: 10 hours, 39 minutes, 35 seconds. Time passed: 13 hours, 5 minutes, 16 seconds
2026-04-26 00:11:52,705 - my_experiment - advP_HybridComm_5M_43 - my_run - INFO - Saving models to work_dirs/my_experiment/advP_HybridComm_5M_43/my_run/20260425_110311/models/2800200
2026-04-26 00:22:30,689 - my_experiment - advP_HybridComm_5M_43 - my_run - INFO - Recent Stats | t_env:    2850000 | Episode:    14250
ep_length_mean:          200.0000	episode_length_mean:     199.0000	epsilon:                   0.0500	grad_norm:               728.2356
info_nce_loss:             0.1567	loss:                      4.4073	q_loss:                    4.0066	return_mean:             135.9475
return_std:                4.9067	test_ep_length_mean:     200.0000	test_episode_length_mean:199.0000	test_return_mean:        149.0756
test_return_std:           4.4323	
2026-04-26 00:22:33,158 - my_experiment - advP_HybridComm_5M_43 - my_run - INFO - t_env: 2850200 / 5050000
2026-04-26 00:22:33,159 - my_experiment - advP_HybridComm_5M_43 - my_run - INFO - Estimated time left: 10 hours, 15 minutes, 0 seconds. Time passed: 13 hours, 19 minutes, 14 seconds
2026-04-26 00:35:54,483 - my_experiment - advP_HybridComm_5M_43 - my_run - INFO - Recent Stats | t_env:    2900000 | Episode:    14500
ep_length_mean:          200.0000	episode_length_mean:     199.0000	epsilon:                   0.0500	grad_norm:               1512.6944
info_nce_loss:             0.1029	loss:                      5.6449	q_loss:                    5.1317	return_mean:             137.1748
return_std:                4.1446	test_ep_length_mean:     200.0000	test_episode_length_mean:199.0000	test_return_mean:        148.8869
test_return_std:           4.5561	
2026-04-26 00:35:56,953 - my_experiment - advP_HybridComm_5M_43 - my_run - INFO - t_env: 2900200 / 5050000
2026-04-26 00:35:56,954 - my_experiment - advP_HybridComm_5M_43 - my_run - INFO - Estimated time left: 9 hours, 35 minutes, 59 seconds. Time passed: 13 hours, 32 minutes, 38 seconds
2026-04-26 00:49:19,381 - my_experiment - advP_HybridComm_5M_43 - my_run - INFO - Recent Stats | t_env:    2950000 | Episode:    14750
ep_length_mean:          200.0000	episode_length_mean:     199.0000	epsilon:                   0.0500	grad_norm:               2434.5858
info_nce_loss:             0.0902	loss:                     12.0419	q_loss:                   10.9472	return_mean:             136.1983
return_std:                4.8824	test_ep_length_mean:     200.0000	test_episode_length_mean:199.0000	test_return_mean:        149.2428
test_return_std:           4.4637	
2026-04-26 00:49:21,956 - my_experiment - advP_HybridComm_5M_43 - my_run - INFO - t_env: 2950200 / 5050000
2026-04-26 00:49:21,957 - my_experiment - advP_HybridComm_5M_43 - my_run - INFO - Estimated time left: 9 hours, 23 minutes, 26 seconds. Time passed: 13 hours, 46 minutes, 3 seconds
2026-04-26 01:02:44,515 - my_experiment - advP_HybridComm_5M_43 - my_run - INFO - Recent Stats | t_env:    3000000 | Episode:    15000
ep_length_mean:          200.0000	episode_length_mean:     199.0000	epsilon:                   0.0500	grad_norm:               1371.8219
info_nce_loss:             0.1125	loss:                      7.1772	q_loss:                    6.5248	return_mean:             138.0633
return_std:                4.3276	test_ep_length_mean:     200.0000	test_episode_length_mean:199.0000	test_return_mean:        149.2973
test_return_std:           4.5936	
2026-04-26 01:02:46,999 - my_experiment - advP_HybridComm_5M_43 - my_run - INFO - t_env: 3000200 / 5050000
2026-04-26 01:02:47,000 - my_experiment - advP_HybridComm_5M_43 - my_run - INFO - Estimated time left: 9 hours, 10 minutes, 3 seconds. Time passed: 13 hours, 59 minutes, 28 seconds
2026-04-26 01:05:53,316 - my_experiment - advP_HybridComm_5M_43 - my_run - INFO - Saving models to work_dirs/my_experiment/advP_HybridComm_5M_43/my_run/20260425_110311/models/3000200
2026-04-26 01:16:09,562 - my_experiment - advP_HybridComm_5M_43 - my_run - INFO - Recent Stats | t_env:    3050000 | Episode:    15250
ep_length_mean:          200.0000	episode_length_mean:     199.0000	epsilon:                   0.0500	grad_norm:               569.3450
info_nce_loss:             0.1567	loss:                      4.9608	q_loss:                    4.5098	return_mean:             138.4537
return_std:                4.3103	test_ep_length_mean:     200.0000	test_episode_length_mean:199.0000	test_return_mean:        149.8164
test_return_std:           4.6940	
2026-04-26 01:16:12,034 - my_experiment - advP_HybridComm_5M_43 - my_run - INFO - t_env: 3050200 / 5050000
2026-04-26 01:16:12,035 - my_experiment - advP_HybridComm_5M_43 - my_run - INFO - Estimated time left: 8 hours, 56 minutes, 38 seconds. Time passed: 14 hours, 12 minutes, 53 seconds
2026-04-26 01:29:33,176 - my_experiment - advP_HybridComm_5M_43 - my_run - INFO - Recent Stats | t_env:    3100000 | Episode:    15500
ep_length_mean:          200.0000	episode_length_mean:     199.0000	epsilon:                   0.0500	grad_norm:               598.9183
info_nce_loss:             0.0940	loss:                      3.5092	q_loss:                    3.1901	return_mean:             138.8043
return_std:                3.8197	test_ep_length_mean:     200.0000	test_episode_length_mean:199.0000	test_return_mean:        150.2025
test_return_std:           4.3988	
2026-04-26 01:29:35,646 - my_experiment - advP_HybridComm_5M_43 - my_run - INFO - t_env: 3100200 / 5050000
2026-04-26 01:29:35,647 - my_experiment - advP_HybridComm_5M_43 - my_run - INFO - Estimated time left: 8 hours, 42 minutes, 17 seconds. Time passed: 14 hours, 26 minutes, 17 seconds
2026-04-26 01:42:57,647 - my_experiment - advP_HybridComm_5M_43 - my_run - INFO - Recent Stats | t_env:    3150000 | Episode:    15750
ep_length_mean:          200.0000	episode_length_mean:     199.0000	epsilon:                   0.0500	grad_norm:               596.6339
info_nce_loss:             0.1186	loss:                      3.3948	q_loss:                    3.0862	return_mean:             138.6367
return_std:                4.0132	test_ep_length_mean:     200.0000	test_episode_length_mean:199.0000	test_return_mean:        150.4502
test_return_std:           4.4017	
2026-04-26 01:43:00,106 - my_experiment - advP_HybridComm_5M_43 - my_run - INFO - t_env: 3150200 / 5050000
2026-04-26 01:43:00,106 - my_experiment - advP_HybridComm_5M_43 - my_run - INFO - Estimated time left: 8 hours, 29 minutes, 26 seconds. Time passed: 14 hours, 39 minutes, 41 seconds
2026-04-26 01:56:20,506 - my_experiment - advP_HybridComm_5M_43 - my_run - INFO - Recent Stats | t_env:    3200000 | Episode:    16000
ep_length_mean:          200.0000	episode_length_mean:     199.0000	epsilon:                   0.0500	grad_norm:               597.7286
info_nce_loss:             0.0401	loss:                      3.4514	q_loss:                    3.1376	return_mean:             138.7696
return_std:                3.8512	test_ep_length_mean:     200.0000	test_episode_length_mean:199.0000	test_return_mean:        150.7693
test_return_std:           4.1985	
2026-04-26 01:56:22,979 - my_experiment - advP_HybridComm_5M_43 - my_run - INFO - t_env: 3200200 / 5050000
2026-04-26 01:56:22,980 - my_experiment - advP_HybridComm_5M_43 - my_run - INFO - Estimated time left: 8 hours, 15 minutes, 3 seconds. Time passed: 14 hours, 53 minutes, 4 seconds
2026-04-26 01:59:29,876 - my_experiment - advP_HybridComm_5M_43 - my_run - INFO - Saving models to work_dirs/my_experiment/advP_HybridComm_5M_43/my_run/20260425_110311/models/3200200
2026-04-26 02:09:45,071 - my_experiment - advP_HybridComm_5M_43 - my_run - INFO - Recent Stats | t_env:    3250000 | Episode:    16250
ep_length_mean:          200.0000	episode_length_mean:     199.0000	epsilon:                   0.0500	grad_norm:               734.6344
info_nce_loss:             0.2231	loss:                      3.6099	q_loss:                    3.2817	return_mean:             138.9338
return_std:                4.1491	test_ep_length_mean:     200.0000	test_episode_length_mean:199.0000	test_return_mean:        151.2053
test_return_std:           3.8954	
2026-04-26 02:09:47,589 - my_experiment - advP_HybridComm_5M_43 - my_run - INFO - t_env: 3250200 / 5050000
2026-04-26 02:09:47,589 - my_experiment - advP_HybridComm_5M_43 - my_run - INFO - Estimated time left: 8 hours, 2 minutes, 42 seconds. Time passed: 15 hours, 6 minutes, 29 seconds
2026-04-26 02:23:09,863 - my_experiment - advP_HybridComm_5M_43 - my_run - INFO - Recent Stats | t_env:    3300000 | Episode:    16500
ep_length_mean:          200.0000	episode_length_mean:     199.0000	epsilon:                   0.0500	grad_norm:               773.4785
info_nce_loss:             0.1893	loss:                      3.5504	q_loss:                    3.2276	return_mean:             138.8887
return_std:                4.1367	test_ep_length_mean:     200.0000	test_episode_length_mean:199.0000	test_return_mean:        151.5560
test_return_std:           3.6247	
2026-04-26 02:23:12,382 - my_experiment - advP_HybridComm_5M_43 - my_run - INFO - t_env: 3300200 / 5050000
2026-04-26 02:23:12,382 - my_experiment - advP_HybridComm_5M_43 - my_run - INFO - Estimated time left: 7 hours, 49 minutes, 24 seconds. Time passed: 15 hours, 19 minutes, 54 seconds
2026-04-26 02:36:33,330 - my_experiment - advP_HybridComm_5M_43 - my_run - INFO - Recent Stats | t_env:    3350000 | Episode:    16750
ep_length_mean:          200.0000	episode_length_mean:     199.0000	epsilon:                   0.0500	grad_norm:               842.2633
info_nce_loss:             0.1459	loss:                      3.4718	q_loss:                    3.1562	return_mean:             139.5671
return_std:                3.7581	test_ep_length_mean:     200.0000	test_episode_length_mean:199.0000	test_return_mean:        151.6979
test_return_std:           3.5009	
2026-04-26 02:36:35,800 - my_experiment - advP_HybridComm_5M_43 - my_run - INFO - t_env: 3350200 / 5050000
2026-04-26 02:36:35,801 - my_experiment - advP_HybridComm_5M_43 - my_run - INFO - Estimated time left: 7 hours, 35 minutes, 13 seconds. Time passed: 15 hours, 33 minutes, 17 seconds
2026-04-26 02:49:58,367 - my_experiment - advP_HybridComm_5M_43 - my_run - INFO - Recent Stats | t_env:    3400000 | Episode:    17000
ep_length_mean:          200.0000	episode_length_mean:     199.0000	epsilon:                   0.0500	grad_norm:               831.5843
info_nce_loss:             0.0779	loss:                      3.5229	q_loss:                    3.2026	return_mean:             140.0581
return_std:                3.7197	test_ep_length_mean:     200.0000	test_episode_length_mean:199.0000	test_return_mean:        151.8324
test_return_std:           3.4138	
2026-04-26 02:50:00,905 - my_experiment - advP_HybridComm_5M_43 - my_run - INFO - t_env: 3400200 / 5050000
2026-04-26 02:50:00,906 - my_experiment - advP_HybridComm_5M_43 - my_run - INFO - Estimated time left: 7 hours, 22 minutes, 45 seconds. Time passed: 15 hours, 46 minutes, 42 seconds
2026-04-26 02:53:07,818 - my_experiment - advP_HybridComm_5M_43 - my_run - INFO - Saving models to work_dirs/my_experiment/advP_HybridComm_5M_43/my_run/20260425_110311/models/3400200
2026-04-26 03:03:23,181 - my_experiment - advP_HybridComm_5M_43 - my_run - INFO - Recent Stats | t_env:    3450000 | Episode:    17250
ep_length_mean:          200.0000	episode_length_mean:     199.0000	epsilon:                   0.0500	grad_norm:               904.3666
info_nce_loss:             0.1787	loss:                      3.7099	q_loss:                    3.3726	return_mean:             139.5073
return_std:                3.7746	test_ep_length_mean:     200.0000	test_episode_length_mean:199.0000	test_return_mean:        152.0257
test_return_std:           3.5202	
2026-04-26 03:03:25,658 - my_experiment - advP_HybridComm_5M_43 - my_run - INFO - t_env: 3450200 / 5050000
2026-04-26 03:03:25,659 - my_experiment - advP_HybridComm_5M_43 - my_run - INFO - Estimated time left: 7 hours, 9 minutes, 8 seconds. Time passed: 16 hours, 7 seconds
2026-04-26 03:16:48,205 - my_experiment - advP_HybridComm_5M_43 - my_run - INFO - Recent Stats | t_env:    3500000 | Episode:    17500
ep_length_mean:          200.0000	episode_length_mean:     199.0000	epsilon:                   0.0500	grad_norm:               853.2793
info_nce_loss:             0.1779	loss:                      3.5271	q_loss:                    3.2064	return_mean:             139.5866
return_std:                3.6643	test_ep_length_mean:     200.0000	test_episode_length_mean:199.0000	test_return_mean:        151.9712
test_return_std:           3.6127	
2026-04-26 03:16:50,680 - my_experiment - advP_HybridComm_5M_43 - my_run - INFO - t_env: 3500200 / 5050000
2026-04-26 03:16:50,681 - my_experiment - advP_HybridComm_5M_43 - my_run - INFO - Estimated time left: 6 hours, 55 minutes, 52 seconds. Time passed: 16 hours, 13 minutes, 32 seconds
2026-04-26 03:30:13,411 - my_experiment - advP_HybridComm_5M_43 - my_run - INFO - Recent Stats | t_env:    3550000 | Episode:    17750
ep_length_mean:          200.0000	episode_length_mean:     199.0000	epsilon:                   0.0500	grad_norm:               861.8721
info_nce_loss:             0.2378	loss:                      3.4721	q_loss:                    3.1565	return_mean:             139.4203
return_std:                3.6593	test_ep_length_mean:     200.0000	test_episode_length_mean:199.0000	test_return_mean:        152.0861
test_return_std:           3.5910	
2026-04-26 03:30:15,878 - my_experiment - advP_HybridComm_5M_43 - my_run - INFO - t_env: 3550200 / 5050000
2026-04-26 03:30:15,879 - my_experiment - advP_HybridComm_5M_43 - my_run - INFO - Estimated time left: 6 hours, 42 minutes, 32 seconds. Time passed: 16 hours, 26 minutes, 57 seconds
2026-04-26 03:43:37,335 - my_experiment - advP_HybridComm_5M_43 - my_run - INFO - Recent Stats | t_env:    3600000 | Episode:    18000
ep_length_mean:          200.0000	episode_length_mean:     199.0000	epsilon:                   0.0500	grad_norm:               798.9500
info_nce_loss:             0.1733	loss:                      3.3847	q_loss:                    3.0770	return_mean:             139.5666
return_std:                3.7652	test_ep_length_mean:     200.0000	test_episode_length_mean:199.0000	test_return_mean:        152.0450
test_return_std:           3.6667	
2026-04-26 03:43:39,833 - my_experiment - advP_HybridComm_5M_43 - my_run - INFO - t_env: 3600200 / 5050000
2026-04-26 03:43:39,834 - my_experiment - advP_HybridComm_5M_43 - my_run - INFO - Estimated time left: 6 hours, 28 minutes, 31 seconds. Time passed: 16 hours, 40 minutes, 21 seconds
2026-04-26 03:46:46,584 - my_experiment - advP_HybridComm_5M_43 - my_run - INFO - Saving models to work_dirs/my_experiment/advP_HybridComm_5M_43/my_run/20260425_110311/models/3600200
2026-04-26 03:57:01,878 - my_experiment - advP_HybridComm_5M_43 - my_run - INFO - Recent Stats | t_env:    3650000 | Episode:    18250
ep_length_mean:          200.0000	episode_length_mean:     199.0000	epsilon:                   0.0500	grad_norm:               842.1300
info_nce_loss:             0.1593	loss:                      3.6041	q_loss:                    3.2765	return_mean:             139.3781
return_std:                3.8230	test_ep_length_mean:     200.0000	test_episode_length_mean:199.0000	test_return_mean:        152.1195
test_return_std:           3.5963	
2026-04-26 03:57:04,369 - my_experiment - advP_HybridComm_5M_43 - my_run - INFO - t_env: 3650200 / 5050000
2026-04-26 03:57:04,370 - my_experiment - advP_HybridComm_5M_43 - my_run - INFO - Estimated time left: 6 hours, 15 minutes, 23 seconds. Time passed: 16 hours, 53 minutes, 46 seconds
2026-04-26 04:10:26,986 - my_experiment - advP_HybridComm_5M_43 - my_run - INFO - Recent Stats | t_env:    3700000 | Episode:    18500
ep_length_mean:          200.0000	episode_length_mean:     199.0000	epsilon:                   0.0500	grad_norm:               762.9353
info_nce_loss:             0.1881	loss:                      3.2783	q_loss:                    2.9803	return_mean:             139.4850
return_std:                3.7644	test_ep_length_mean:     200.0000	test_episode_length_mean:199.0000	test_return_mean:        152.2895
test_return_std:           3.3838	
2026-04-26 04:10:29,510 - my_experiment - advP_HybridComm_5M_43 - my_run - INFO - t_env: 3700200 / 5050000
2026-04-26 04:10:29,511 - my_experiment - advP_HybridComm_5M_43 - my_run - INFO - Estimated time left: 6 hours, 2 minutes, 15 seconds. Time passed: 17 hours, 7 minutes, 11 seconds
2026-04-26 04:23:51,861 - my_experiment - advP_HybridComm_5M_43 - my_run - INFO - Recent Stats | t_env:    3750000 | Episode:    18750
ep_length_mean:          200.0000	episode_length_mean:     199.0000	epsilon:                   0.0500	grad_norm:               760.9459
info_nce_loss:             0.2216	loss:                      3.2742	q_loss:                    2.9765	return_mean:             139.3412
return_std:                4.0371	test_ep_length_mean:     200.0000	test_episode_length_mean:199.0000	test_return_mean:        152.4068
test_return_std:           3.3318	
2026-04-26 04:23:54,344 - my_experiment - advP_HybridComm_5M_43 - my_run - INFO - t_env: 3750200 / 5050000
2026-04-26 04:23:54,345 - my_experiment - advP_HybridComm_5M_43 - my_run - INFO - Estimated time left: 5 hours, 48 minutes, 42 seconds. Time passed: 17 hours, 20 minutes, 36 seconds
2026-04-26 04:37:16,653 - my_experiment - advP_HybridComm_5M_43 - my_run - INFO - Recent Stats | t_env:    3800000 | Episode:    19000
ep_length_mean:          200.0000	episode_length_mean:     199.0000	epsilon:                   0.0500	grad_norm:               1716.8350
info_nce_loss:             0.1098	loss:                     10.9106	q_loss:                    9.9187	return_mean:             139.0069
return_std:                4.3052	test_ep_length_mean:     200.0000	test_episode_length_mean:199.0000	test_return_mean:        152.3545
test_return_std:           3.3589	
2026-04-26 04:37:19,136 - my_experiment - advP_HybridComm_5M_43 - my_run - INFO - t_env: 3800200 / 5050000
2026-04-26 04:37:19,137 - my_experiment - advP_HybridComm_5M_43 - my_run - INFO - Estimated time left: 5 hours, 35 minutes, 16 seconds. Time passed: 17 hours, 34 minutes, 0 seconds
2026-04-26 04:40:25,411 - my_experiment - advP_HybridComm_5M_43 - my_run - INFO - Saving models to work_dirs/my_experiment/advP_HybridComm_5M_43/my_run/20260425_110311/models/3800200
2026-04-26 04:50:41,412 - my_experiment - advP_HybridComm_5M_43 - my_run - INFO - Recent Stats | t_env:    3850000 | Episode:    19250
ep_length_mean:          200.0000	episode_length_mean:     199.0000	epsilon:                   0.0500	grad_norm:               1947.5126
info_nce_loss:             0.1413	loss:                     11.1506	q_loss:                   10.1369	return_mean:             139.3203
return_std:                4.1585	test_ep_length_mean:     200.0000	test_episode_length_mean:199.0000	test_return_mean:        152.3623
test_return_std:           3.3815	
2026-04-26 04:50:43,889 - my_experiment - advP_HybridComm_5M_43 - my_run - INFO - t_env: 3850200 / 5050000
2026-04-26 04:50:43,890 - my_experiment - advP_HybridComm_5M_43 - my_run - INFO - Estimated time left: 5 hours, 21 minutes, 50 seconds. Time passed: 17 hours, 47 minutes, 25 seconds
2026-04-26 05:04:04,871 - my_experiment - advP_HybridComm_5M_43 - my_run - INFO - Recent Stats | t_env:    3900000 | Episode:    19500
ep_length_mean:          200.0000	episode_length_mean:     199.0000	epsilon:                   0.0500	grad_norm:               828.5085
info_nce_loss:             0.0960	loss:                      3.1138	q_loss:                    2.8308	return_mean:             140.0152
return_std:                3.6223	test_ep_length_mean:     200.0000	test_episode_length_mean:199.0000	test_return_mean:        152.3735
test_return_std:           3.4575	
2026-04-26 05:04:07,332 - my_experiment - advP_HybridComm_5M_43 - my_run - INFO - t_env: 3900200 / 5050000
2026-04-26 05:04:07,333 - my_experiment - advP_HybridComm_5M_43 - my_run - INFO - Estimated time left: 5 hours, 7 minutes, 55 seconds. Time passed: 18 hours, 49 seconds
2026-04-26 05:17:29,379 - my_experiment - advP_HybridComm_5M_43 - my_run - INFO - Recent Stats | t_env:    3950000 | Episode:    19750
ep_length_mean:          200.0000	episode_length_mean:     199.0000	epsilon:                   0.0500	grad_norm:               801.9015
info_nce_loss:             0.1110	loss:                      3.0808	q_loss:                    2.8008	return_mean:             140.2797
return_std:                3.5963	test_ep_length_mean:     200.0000	test_episode_length_mean:199.0000	test_return_mean:        152.2351
test_return_std:           3.5725	
2026-04-26 05:17:31,859 - my_experiment - advP_HybridComm_5M_43 - my_run - INFO - t_env: 3950200 / 5050000
2026-04-26 05:17:31,860 - my_experiment - advP_HybridComm_5M_43 - my_run - INFO - Estimated time left: 4 hours, 54 minutes, 56 seconds. Time passed: 18 hours, 14 minutes, 13 seconds
2026-04-26 05:30:53,318 - my_experiment - advP_HybridComm_5M_43 - my_run - INFO - Recent Stats | t_env:    4000000 | Episode:    20000
ep_length_mean:          200.0000	episode_length_mean:     199.0000	epsilon:                   0.0500	grad_norm:               713.4665
info_nce_loss:             0.1390	loss:                      2.9786	q_loss:                    2.7078	return_mean:             140.2941
return_std:                3.6409	test_ep_length_mean:     200.0000	test_episode_length_mean:199.0000	test_return_mean:        152.2809
test_return_std:           3.5337	
2026-04-26 05:30:55,835 - my_experiment - advP_HybridComm_5M_43 - my_run - INFO - t_env: 4000200 / 5050000
2026-04-26 05:30:55,836 - my_experiment - advP_HybridComm_5M_43 - my_run - INFO - Estimated time left: 4 hours, 41 minutes, 20 seconds. Time passed: 18 hours, 27 minutes, 37 seconds
2026-04-26 05:34:02,320 - my_experiment - advP_HybridComm_5M_43 - my_run - INFO - Saving models to work_dirs/my_experiment/advP_HybridComm_5M_43/my_run/20260425_110311/models/4000200
2026-04-26 05:44:18,626 - my_experiment - advP_HybridComm_5M_43 - my_run - INFO - Recent Stats | t_env:    4050000 | Episode:    20250
ep_length_mean:          200.0000	episode_length_mean:     199.0000	epsilon:                   0.0500	grad_norm:               711.3570
info_nce_loss:             0.0365	loss:                      3.2025	q_loss:                    2.9114	return_mean:             140.4691
return_std:                3.3024	test_ep_length_mean:     200.0000	test_episode_length_mean:199.0000	test_return_mean:        152.3045
test_return_std:           3.5404	
2026-04-26 05:44:21,200 - my_experiment - advP_HybridComm_5M_43 - my_run - INFO - t_env: 4050200 / 5050000
2026-04-26 05:44:21,201 - my_experiment - advP_HybridComm_5M_43 - my_run - INFO - Estimated time left: 4 hours, 28 minutes, 24 seconds. Time passed: 18 hours, 41 minutes, 2 seconds
2026-04-26 05:57:43,146 - my_experiment - advP_HybridComm_5M_43 - my_run - INFO - Recent Stats | t_env:    4100000 | Episode:    20500
ep_length_mean:          200.0000	episode_length_mean:     199.0000	epsilon:                   0.0500	grad_norm:               562.6941
info_nce_loss:             0.1425	loss:                      2.8716	q_loss:                    2.6105	return_mean:             140.3487
return_std:                3.4699	test_ep_length_mean:     200.0000	test_episode_length_mean:199.0000	test_return_mean:        152.4918
test_return_std:           3.5284	
2026-04-26 05:57:45,618 - my_experiment - advP_HybridComm_5M_43 - my_run - INFO - t_env: 4100200 / 5050000
2026-04-26 05:57:45,619 - my_experiment - advP_HybridComm_5M_43 - my_run - INFO - Estimated time left: 4 hours, 14 minutes, 40 seconds. Time passed: 18 hours, 54 minutes, 27 seconds
2026-04-26 06:11:08,778 - my_experiment - advP_HybridComm_5M_43 - my_run - INFO - Recent Stats | t_env:    4150000 | Episode:    20750
ep_length_mean:          200.0000	episode_length_mean:     199.0000	epsilon:                   0.0500	grad_norm:               559.4822
info_nce_loss:             0.2547	loss:                      2.8981	q_loss:                    2.6347	return_mean:             140.4460
return_std:                3.5348	test_ep_length_mean:     200.0000	test_episode_length_mean:199.0000	test_return_mean:        152.5691
test_return_std:           3.4712	
2026-04-26 06:11:11,254 - my_experiment - advP_HybridComm_5M_43 - my_run - INFO - t_env: 4150200 / 5050000
2026-04-26 06:11:11,255 - my_experiment - advP_HybridComm_5M_43 - my_run - INFO - Estimated time left: 4 hours, 1 minutes, 38 seconds. Time passed: 19 hours, 7 minutes, 52 seconds
2026-04-26 06:24:33,086 - my_experiment - advP_HybridComm_5M_43 - my_run - INFO - Recent Stats | t_env:    4200000 | Episode:    21000
ep_length_mean:          200.0000	episode_length_mean:     199.0000	epsilon:                   0.0500	grad_norm:               575.9767
info_nce_loss:             0.1252	loss:                      2.9290	q_loss:                    2.6627	return_mean:             140.6907
return_std:                3.0929	test_ep_length_mean:     200.0000	test_episode_length_mean:199.0000	test_return_mean:        152.6523
test_return_std:           3.4437	
2026-04-26 06:24:35,579 - my_experiment - advP_HybridComm_5M_43 - my_run - INFO - t_env: 4200200 / 5050000
2026-04-26 06:24:35,580 - my_experiment - advP_HybridComm_5M_43 - my_run - INFO - Estimated time left: 3 hours, 47 minutes, 50 seconds. Time passed: 19 hours, 21 minutes, 17 seconds
2026-04-26 06:27:41,985 - my_experiment - advP_HybridComm_5M_43 - my_run - INFO - Saving models to work_dirs/my_experiment/advP_HybridComm_5M_43/my_run/20260425_110311/models/4200200
2026-04-26 06:37:56,965 - my_experiment - advP_HybridComm_5M_43 - my_run - INFO - Recent Stats | t_env:    4250000 | Episode:    21250
ep_length_mean:          200.0000	episode_length_mean:     199.0000	epsilon:                   0.0500	grad_norm:               494.0058
info_nce_loss:             0.1929	loss:                      2.9242	q_loss:                    2.6584	return_mean:             140.9708
return_std:                3.3428	test_ep_length_mean:     200.0000	test_episode_length_mean:199.0000	test_return_mean:        152.7701
test_return_std:           3.3077	
2026-04-26 06:37:59,432 - my_experiment - advP_HybridComm_5M_43 - my_run - INFO - t_env: 4250200 / 5050000
2026-04-26 06:37:59,433 - my_experiment - advP_HybridComm_5M_43 - my_run - INFO - Estimated time left: 3 hours, 34 minutes, 18 seconds. Time passed: 19 hours, 34 minutes, 41 seconds
2026-04-26 06:51:21,791 - my_experiment - advP_HybridComm_5M_43 - my_run - INFO - Recent Stats | t_env:    4300000 | Episode:    21500
ep_length_mean:          200.0000	episode_length_mean:     199.0000	epsilon:                   0.0500	grad_norm:               1694.7093
info_nce_loss:             0.2306	loss:                      6.8476	q_loss:                    6.2251	return_mean:             138.7904
return_std:                4.8497	test_ep_length_mean:     200.0000	test_episode_length_mean:199.0000	test_return_mean:        150.7647
test_return_std:           4.0456	
2026-04-26 06:51:24,273 - my_experiment - advP_HybridComm_5M_43 - my_run - INFO - t_env: 4300200 / 5050000
2026-04-26 06:51:24,274 - my_experiment - advP_HybridComm_5M_43 - my_run - INFO - Estimated time left: 3 hours, 21 minutes, 9 seconds. Time passed: 19 hours, 48 minutes, 5 seconds
2026-04-26 07:04:46,225 - my_experiment - advP_HybridComm_5M_43 - my_run - INFO - Recent Stats | t_env:    4350000 | Episode:    21750
ep_length_mean:          200.0000	episode_length_mean:     199.0000	epsilon:                   0.0500	grad_norm:               739.1229
info_nce_loss:             0.1926	loss:                      3.1840	q_loss:                    2.8945	return_mean:             139.1421
return_std:                3.9991	test_ep_length_mean:     200.0000	test_episode_length_mean:199.0000	test_return_mean:        149.8686
test_return_std:           4.3408	
2026-04-26 07:04:48,699 - my_experiment - advP_HybridComm_5M_43 - my_run - INFO - t_env: 4350200 / 5050000
2026-04-26 07:04:48,700 - my_experiment - advP_HybridComm_5M_43 - my_run - INFO - Estimated time left: 3 hours, 7 minutes, 38 seconds. Time passed: 20 hours, 1 minutes, 30 seconds
2026-04-26 07:18:10,382 - my_experiment - advP_HybridComm_5M_43 - my_run - INFO - Recent Stats | t_env:    4400000 | Episode:    22000
ep_length_mean:          200.0000	episode_length_mean:     199.0000	epsilon:                   0.0500	grad_norm:               1094.1734
info_nce_loss:             0.1616	loss:                      4.5134	q_loss:                    4.1031	return_mean:             140.1142
return_std:                3.4288	test_ep_length_mean:     200.0000	test_episode_length_mean:199.0000	test_return_mean:        149.9189
test_return_std:           4.2640	
2026-04-26 07:18:12,924 - my_experiment - advP_HybridComm_5M_43 - my_run - INFO - t_env: 4400200 / 5050000
2026-04-26 07:18:12,924 - my_experiment - advP_HybridComm_5M_43 - my_run - INFO - Estimated time left: 2 hours, 54 minutes, 11 seconds. Time passed: 20 hours, 14 minutes, 54 seconds
2026-04-26 07:21:19,706 - my_experiment - advP_HybridComm_5M_43 - my_run - INFO - Saving models to work_dirs/my_experiment/advP_HybridComm_5M_43/my_run/20260425_110311/models/4400200
2026-04-26 07:31:35,507 - my_experiment - advP_HybridComm_5M_43 - my_run - INFO - Recent Stats | t_env:    4450000 | Episode:    22250
ep_length_mean:          200.0000	episode_length_mean:     199.0000	epsilon:                   0.0500	grad_norm:               574.8706
info_nce_loss:             0.1839	loss:                      3.4187	q_loss:                    3.1079	return_mean:             140.4466
return_std:                3.4812	test_ep_length_mean:     200.0000	test_episode_length_mean:199.0000	test_return_mean:        149.5774
test_return_std:           4.4238	
2026-04-26 07:31:37,993 - my_experiment - advP_HybridComm_5M_43 - my_run - INFO - t_env: 4450200 / 5050000
2026-04-26 07:31:37,994 - my_experiment - advP_HybridComm_5M_43 - my_run - INFO - Estimated time left: 2 hours, 40 minutes, 57 seconds. Time passed: 20 hours, 28 minutes, 19 seconds
2026-04-26 07:45:00,850 - my_experiment - advP_HybridComm_5M_43 - my_run - INFO - Recent Stats | t_env:    4500000 | Episode:    22500
ep_length_mean:          200.0000	episode_length_mean:     199.0000	epsilon:                   0.0500	grad_norm:               398.3874
info_nce_loss:             0.0882	loss:                      3.4962	q_loss:                    3.1784	return_mean:             140.3255
return_std:                3.7610	test_ep_length_mean:     200.0000	test_episode_length_mean:199.0000	test_return_mean:        149.4672
test_return_std:           4.6467	
2026-04-26 07:45:03,360 - my_experiment - advP_HybridComm_5M_43 - my_run - INFO - t_env: 4500200 / 5050000
2026-04-26 07:45:03,361 - my_experiment - advP_HybridComm_5M_43 - my_run - INFO - Estimated time left: 2 hours, 27 minutes, 35 seconds. Time passed: 20 hours, 41 minutes, 45 seconds
2026-04-26 07:58:26,460 - my_experiment - advP_HybridComm_5M_43 - my_run - INFO - Recent Stats | t_env:    4550000 | Episode:    22750
ep_length_mean:          200.0000	episode_length_mean:     199.0000	epsilon:                   0.0500	grad_norm:               214.0808
info_nce_loss:             0.1890	loss:                      2.5911	q_loss:                    2.3556	return_mean:             139.5710
return_std:                4.2677	test_ep_length_mean:     200.0000	test_episode_length_mean:199.0000	test_return_mean:        151.5189
test_return_std:           3.8552	
2026-04-26 07:58:29,001 - my_experiment - advP_HybridComm_5M_43 - my_run - INFO - t_env: 4550200 / 5050000
2026-04-26 07:58:29,002 - my_experiment - advP_HybridComm_5M_43 - my_run - INFO - Estimated time left: 2 hours, 14 minutes, 13 seconds. Time passed: 20 hours, 55 minutes, 10 seconds
2026-04-26 08:11:51,581 - my_experiment - advP_HybridComm_5M_43 - my_run - INFO - Recent Stats | t_env:    4600000 | Episode:    23000
ep_length_mean:          200.0000	episode_length_mean:     199.0000	epsilon:                   0.0500	grad_norm:               755.5448
info_nce_loss:             0.1927	loss:                      3.6370	q_loss:                    3.3063	return_mean:             139.9418
return_std:                3.9834	test_ep_length_mean:     200.0000	test_episode_length_mean:199.0000	test_return_mean:        152.0525
test_return_std:           3.7678	
2026-04-26 08:11:54,069 - my_experiment - advP_HybridComm_5M_43 - my_run - INFO - t_env: 4600200 / 5050000
2026-04-26 08:11:54,070 - my_experiment - advP_HybridComm_5M_43 - my_run - INFO - Estimated time left: 2 hours, 42 seconds. Time passed: 21 hours, 8 minutes, 35 seconds
2026-04-26 08:15:00,761 - my_experiment - advP_HybridComm_5M_43 - my_run - INFO - Saving models to work_dirs/my_experiment/advP_HybridComm_5M_43/my_run/20260425_110311/models/4600200
2026-04-26 08:25:16,119 - my_experiment - advP_HybridComm_5M_43 - my_run - INFO - Recent Stats | t_env:    4650000 | Episode:    23250
ep_length_mean:          200.0000	episode_length_mean:     199.0000	epsilon:                   0.0500	grad_norm:               668.2679
info_nce_loss:             0.1543	loss:                      4.6906	q_loss:                    4.2642	return_mean:             140.2903
return_std:                3.6000	test_ep_length_mean:     200.0000	test_episode_length_mean:199.0000	test_return_mean:        151.9681
test_return_std:           3.8429	
2026-04-26 08:25:18,688 - my_experiment - advP_HybridComm_5M_43 - my_run - INFO - t_env: 4650200 / 5050000
2026-04-26 08:25:18,688 - my_experiment - advP_HybridComm_5M_43 - my_run - INFO - Estimated time left: 1 hours, 47 minutes, 13 seconds. Time passed: 21 hours, 22 minutes, 0 seconds
2026-04-26 08:38:41,402 - my_experiment - advP_HybridComm_5M_43 - my_run - INFO - Recent Stats | t_env:    4700000 | Episode:    23500
ep_length_mean:          200.0000	episode_length_mean:     199.0000	epsilon:                   0.0500	grad_norm:               418.9248
info_nce_loss:             0.2820	loss:                      2.5712	q_loss:                    2.3374	return_mean:             140.2761
return_std:                3.8200	test_ep_length_mean:     200.0000	test_episode_length_mean:199.0000	test_return_mean:        152.3384
test_return_std:           3.7390	
2026-04-26 08:38:43,912 - my_experiment - advP_HybridComm_5M_43 - my_run - INFO - t_env: 4700200 / 5050000
2026-04-26 08:38:43,913 - my_experiment - advP_HybridComm_5M_43 - my_run - INFO - Estimated time left: 1 hours, 33 minutes, 53 seconds. Time passed: 21 hours, 35 minutes, 25 seconds
2026-04-26 08:52:05,886 - my_experiment - advP_HybridComm_5M_43 - my_run - INFO - Recent Stats | t_env:    4750000 | Episode:    23750
ep_length_mean:          200.0000	episode_length_mean:     199.0000	epsilon:                   0.0500	grad_norm:               430.9037
info_nce_loss:             0.0912	loss:                      2.9701	q_loss:                    2.7001	return_mean:             141.1024
return_std:                3.2563	test_ep_length_mean:     200.0000	test_episode_length_mean:199.0000	test_return_mean:        152.5438
test_return_std:           3.5185	
2026-04-26 08:52:08,342 - my_experiment - advP_HybridComm_5M_43 - my_run - INFO - t_env: 4750200 / 5050000
2026-04-26 08:52:08,342 - my_experiment - advP_HybridComm_5M_43 - my_run - INFO - Estimated time left: 1 hours, 20 minutes, 23 seconds. Time passed: 21 hours, 48 minutes, 50 seconds
2026-04-26 09:05:29,396 - my_experiment - advP_HybridComm_5M_43 - my_run - INFO - Recent Stats | t_env:    4800000 | Episode:    24000
ep_length_mean:          200.0000	episode_length_mean:     199.0000	epsilon:                   0.0500	grad_norm:               602.4258
info_nce_loss:             0.1191	loss:                      5.1760	q_loss:                    4.7055	return_mean:             140.5456
return_std:                3.6289	test_ep_length_mean:     200.0000	test_episode_length_mean:199.0000	test_return_mean:        152.6599
test_return_std:           3.4950	
2026-04-26 09:05:31,865 - my_experiment - advP_HybridComm_5M_43 - my_run - INFO - t_env: 4800200 / 5050000
2026-04-26 09:05:31,865 - my_experiment - advP_HybridComm_5M_43 - my_run - INFO - Estimated time left: 1 hours, 6 minutes, 54 seconds. Time passed: 22 hours, 2 minutes, 13 seconds
2026-04-26 09:08:38,328 - my_experiment - advP_HybridComm_5M_43 - my_run - INFO - Saving models to work_dirs/my_experiment/advP_HybridComm_5M_43/my_run/20260425_110311/models/4800200
2026-04-26 09:18:53,471 - my_experiment - advP_HybridComm_5M_43 - my_run - INFO - Recent Stats | t_env:    4850000 | Episode:    24250
ep_length_mean:          200.0000	episode_length_mean:     199.0000	epsilon:                   0.0500	grad_norm:               457.5980
info_nce_loss:             0.2634	loss:                      3.2884	q_loss:                    2.9894	return_mean:             140.4999
return_std:                3.7546	test_ep_length_mean:     200.0000	test_episode_length_mean:199.0000	test_return_mean:        153.0791
test_return_std:           3.1945	
2026-04-26 09:18:55,965 - my_experiment - advP_HybridComm_5M_43 - my_run - INFO - t_env: 4850200 / 5050000
2026-04-26 09:18:55,965 - my_experiment - advP_HybridComm_5M_43 - my_run - INFO - Estimated time left: 53 minutes, 33 seconds. Time passed: 22 hours, 15 minutes, 37 seconds
2026-04-26 09:32:17,896 - my_experiment - advP_HybridComm_5M_43 - my_run - INFO - Recent Stats | t_env:    4900000 | Episode:    24500
ep_length_mean:          200.0000	episode_length_mean:     199.0000	epsilon:                   0.0500	grad_norm:               617.5542
info_nce_loss:             0.2177	loss:                      5.4436	q_loss:                    4.9487	return_mean:             140.3818
return_std:                3.5364	test_ep_length_mean:     200.0000	test_episode_length_mean:199.0000	test_return_mean:        153.2654
test_return_std:           3.0689	
2026-04-26 09:32:20,385 - my_experiment - advP_HybridComm_5M_43 - my_run - INFO - t_env: 4900200 / 5050000
2026-04-26 09:32:20,385 - my_experiment - advP_HybridComm_5M_43 - my_run - INFO - Estimated time left: 40 minutes, 10 seconds. Time passed: 22 hours, 29 minutes, 2 seconds
2026-04-26 09:45:42,541 - my_experiment - advP_HybridComm_5M_43 - my_run - INFO - Recent Stats | t_env:    4950000 | Episode:    24750
ep_length_mean:          200.0000	episode_length_mean:     199.0000	epsilon:                   0.0500	grad_norm:               383.6617
info_nce_loss:             0.0999	loss:                      3.3826	q_loss:                    3.0751	return_mean:             141.0367
return_std:                3.6389	test_ep_length_mean:     200.0000	test_episode_length_mean:199.0000	test_return_mean:        153.2360
test_return_std:           2.9994	
2026-04-26 09:45:45,014 - my_experiment - advP_HybridComm_5M_43 - my_run - INFO - t_env: 4950200 / 5050000
2026-04-26 09:45:45,015 - my_experiment - advP_HybridComm_5M_43 - my_run - INFO - Estimated time left: 26 minutes, 46 seconds. Time passed: 22 hours, 42 minutes, 26 seconds
2026-04-26 09:59:06,572 - my_experiment - advP_HybridComm_5M_43 - my_run - INFO - Recent Stats | t_env:    5000000 | Episode:    25000
ep_length_mean:          200.0000	episode_length_mean:     199.0000	epsilon:                   0.0500	grad_norm:               494.2254
info_nce_loss:             0.2183	loss:                      3.6261	q_loss:                    3.2965	return_mean:             140.8588
return_std:                3.6042	test_ep_length_mean:     200.0000	test_episode_length_mean:199.0000	test_return_mean:        153.1914
test_return_std:           3.0532	
2026-04-26 09:59:09,141 - my_experiment - advP_HybridComm_5M_43 - my_run - INFO - t_env: 5000200 / 5050000
2026-04-26 09:59:09,142 - my_experiment - advP_HybridComm_5M_43 - my_run - INFO - Estimated time left: 13 minutes, 20 seconds. Time passed: 22 hours, 55 minutes, 50 seconds
2026-04-26 10:02:15,677 - my_experiment - advP_HybridComm_5M_43 - my_run - INFO - Saving models to work_dirs/my_experiment/advP_HybridComm_5M_43/my_run/20260425_110311/models/5000200
2026-04-26 10:12:31,323 - my_experiment - advP_HybridComm_5M_43 - my_run - INFO - Recent Stats | t_env:    5050000 | Episode:    25250
ep_length_mean:          200.0000	episode_length_mean:     199.0000	epsilon:                   0.0500	grad_norm:               177.3664
info_nce_loss:             0.2542	loss:                      2.5797	q_loss:                    2.3452	return_mean:             141.1378
return_std:                2.9915	test_ep_length_mean:     200.0000	test_episode_length_mean:199.0000	test_return_mean:        153.2177
test_return_std:           3.0366	
2026-04-26 10:12:33,820 - my_experiment - advP_HybridComm_5M_43 - my_run - INFO - t_env: 5050200 / 5050000
2026-04-26 10:12:33,820 - my_experiment - advP_HybridComm_5M_43 - my_run - INFO - Estimated time left: -. Time passed: 23 hours, 9 minutes, 15 seconds
2026-04-26 10:15:40,692 - my_experiment - advP_HybridComm_5M_43 - my_run - INFO - Finished Training
