JOB ID: 2143359
Running on node: artongpu01
Project Directory: /usr/itetnas04/data-scratch-01/pparsons/data/MyExpoComm
--------------------------------
Algorithm:   HybridComm_one_peer
Environment: MAgent_AdvPursuit
Profile:     advP_HC_op_nomm_43
--------------------------------
Conda activated: /usr/itetnas04/data-scratch-01/pparsons/data/conda_envs/ExpoComm
Starting Run...
Warning: Loaded 4 layers but model has 6 layers.
Exiting Main
Stopping all threads
Thread wandb-AsyncioManager-main is alive! Is daemon: True
Thread joined
Thread ChkStopThr is alive! Is daemon: True
Thread joined
Thread IntMsgThr is alive! Is daemon: True
Thread joined
Exiting script
[1;34mwandb[0m: 
[1;34mwandb[0m: 🚀 View run [33mmy_run-advP_HC_op_nomm_43-20260731_184756[0m at: [34mhttps://wandb.ai/peterparsons02-eth-z-rich/my_experiment/runs/v3uy9857[0m
[1;34mwandb[0m: Find logs at: [1;35mwandb/run-20260731_184758-v3uy9857/logs[0m
Finished at: Sat Aug  1 23:58:37 CEST 2026
