Gym has been unmaintained since 2022 and does not support NumPy 2.0 amongst other critical functionality.
Please upgrade to Gymnasium, the maintained drop-in replacement of Gym, or contact the authors of your software and request that they upgrade.
Users of this version of Gym should be able to simply replace 'import gym' with 'import gymnasium as gym' in the vast majority of cases.
See the migration guide at https://gymnasium.farama.org/introduction/migration_guide/ for additional information.
src/main.py:81: DeprecationWarning: Using or importing the ABCs from 'collections' instead of from 'collections.abc' is deprecated since Python 3.3, and in 3.10 it will stop working
  if isinstance(v, collections.Mapping):
wandb: [wandb.login()] Loaded credentials for https://api.wandb.ai from /home/pparsons/.netrc.
wandb: Currently logged in as: peterparsons02 (peterparsons02-eth-z-rich) to https://api.wandb.ai. Use `wandb login --relogin` to force relogin
wandb: setting up run da3c0zub
wandb: Tracking run with wandb version 0.24.1
wandb: Run data is saved locally in /usr/itetnas04/data-scratch-01/pparsons/data/MyExpoComm/wandb/run-20260422_164454-da3c0zub
wandb: Run `wandb offline` to turn off syncing.
wandb: Syncing run my_run-advP_Big_HybridComm_5M_42-20260422_164453
wandb: ⭐️ View project at https://wandb.ai/peterparsons02-eth-z-rich/my_experiment
wandb: 🚀 View run at https://wandb.ai/peterparsons02-eth-z-rich/my_experiment/runs/da3c0zub
2026-04-22 16:45:15,444 - my_experiment - advP_Big_HybridComm_5M_42 - my_run - INFO - Current directory: /usr/itetnas04/data-scratch-01/pparsons/data/MyExpoComm.
2026-04-22 16:45:15,444 - my_experiment - advP_Big_HybridComm_5M_42 - my_run - INFO - Experiment Parameters:
2026-04-22 16:45:15,446 - my_experiment - advP_Big_HybridComm_5M_42 - my_run - INFO - 

{   'action_selector': 'epsilon_greedy',
    'add_value_last_step': True,
    'agent': 'ExpoComm_one_peer_cont',
    'agent_output_type': 'q',
    'attention_dim': 32,
    'aux_coef': 0.1,
    'batch_size': 32,
    'batch_size_run': 1,
    'buffer_cpu_only': True,
    'buffer_size': 2000,
    'checkpoint_path': '',
    'double_q': True,
    'env': 'MAgent_AdvPursuit',
    'env_args': {   'global_reward': False,
                    'map_name': 'adversarial_pursuit_view8',
                    'map_size': 70,
                    'max_cycles': 200,
                    'minimap_mode': True,
                    'pretrained_ckpt': 'prey_params.pt',
                    'seed': 42},
    'epsilon_anneal_time': 1000000,
    'epsilon_finish': 0.05,
    'epsilon_start': 1.0,
    'evaluate': False,
    'evaluation_epsilon': 0.0,
    'exp_name': 'my_experiment',
    'gamma': 0.99,
    'global_reward': True,
    'grad_norm_clip': 10,
    'hidden_dim': 64,
    'hypergroup': None,
    'label': 'default_label',
    'learner': 'hybrid_comm_learner',
    'learner_log_interval': 10000,
    'load_step': 0,
    'local_results_path': 'results',
    'log_interval': 50000,
    'lr': 0.0005,
    'mac': 'ExpoComm_mac',
    'mixer': None,
    'name': 'advP_Big_HybridComm_5M_42',
    'neg_num': 20,
    'obs_agent_id': True,
    'obs_individual_obs': False,
    'obs_last_action': True,
    'one_peer': True,
    'optim_alpha': 0.99,
    'optim_eps': 1e-05,
    'render': False,
    'repeat_id': 1,
    'run_name': 'my_run',
    'runner': 'episode',
    'runner_log_interval': 10000,
    'save_model': True,
    'save_model_interval': 500000,
    'save_replay': False,
    'seed': 42,
    'standardise_returns': False,
    'standardise_rewards': True,
    't_max': 5050000,
    'target_update_interval_or_tau': 200,
    'temperature': 0.07,
    'test_greedy': True,
    'test_interval': 50000,
    'test_nepisode': 16,
    'topk_neighbors': 7,
    'use_cuda': True,
    'use_rnn': True,
    'use_tensorboard': True,
    'work_dir': 'work_dirs/my_experiment/advP_Big_HybridComm_5M_42/my_run/20260422_164453'}

/usr/itetnas04/data-scratch-01/pparsons/data/conda_envs/ExpoComm/lib/python3.8/site-packages/pettingzoo/utils/conversions.py:41: UserWarning: The `from_parallel` function is deprecated. Use the `parallel_to_aec` function instead.
  warnings.warn("The `from_parallel` function is deprecated. Use the `parallel_to_aec` function instead.")
/usr/itetnas04/data-scratch-01/pparsons/data/conda_envs/ExpoComm/lib/python3.8/site-packages/pettingzoo/utils/wrappers/base.py:44: UserWarning: The `observation_spaces` dictionary is deprecated. Use the `observation_space` function instead.
  warnings.warn("The `observation_spaces` dictionary is deprecated. Use the `observation_space` function instead.")
/usr/itetnas04/data-scratch-01/pparsons/data/conda_envs/ExpoComm/lib/python3.8/site-packages/pettingzoo/utils/conversions.py:36: UserWarning: The `to_parallel` function is deprecated. Use the `aec_to_parallel` function instead.
  warnings.warn("The `to_parallel` function is deprecated. Use the `aec_to_parallel` function instead.")
/usr/itetnas04/data-scratch-01/pparsons/data/conda_envs/ExpoComm/lib/python3.8/site-packages/pettingzoo/utils/conversions.py:80: UserWarning: The `action_spaces` dictionary is deprecated. Use the `action_space` function instead.
  warnings.warn("The `action_spaces` dictionary is deprecated. Use the `action_space` function instead.")
/usr/itetnas04/data-scratch-01/pparsons/data/conda_envs/ExpoComm/lib/python3.8/site-packages/pettingzoo/utils/wrappers/base.py:52: UserWarning: The `action_spaces` dictionary is deprecated. Use the `action_space` function instead.
  warnings.warn("The `action_spaces` dictionary is deprecated. Use the `action_space` function instead.")
/usr/itetnas04/data-scratch-01/pparsons/data/conda_envs/ExpoComm/lib/python3.8/site-packages/pettingzoo/utils/conversions.py:72: UserWarning: The `observation_spaces` dictionary is deprecated. Use the `observation_space` function instead.
  warnings.warn("The `observation_spaces` dictionary is deprecated. Use the `observation_space` function instead.")
2026-04-22 16:45:27,215 - my_experiment - advP_Big_HybridComm_5M_42 - my_run - INFO - Beginning training for 5050000 timesteps
/usr/itetnas04/data-scratch-01/pparsons/data/MyExpoComm/src/envs/adv_pursuit_wrappers.py:240: UserWarning: To copy construct from a tensor, it is recommended to use sourceTensor.clone().detach() or sourceTensor.clone().detach().requires_grad_(True), rather than torch.tensor(sourceTensor).
  actions = th.tensor(actions, dtype=th.long)
2026-04-22 16:45:36,076 - my_experiment - advP_Big_HybridComm_5M_42 - my_run - INFO - t_env: 200 / 5050000
2026-04-22 16:45:36,076 - my_experiment - advP_Big_HybridComm_5M_42 - my_run - INFO - Estimated time left: 14 minutes, 51 seconds. Time passed: 8 seconds
2026-04-22 16:47:03,447 - my_experiment - advP_Big_HybridComm_5M_42 - my_run - INFO - Saving models to work_dirs/my_experiment/advP_Big_HybridComm_5M_42/my_run/20260422_164453/models/200
2026-04-22 17:13:58,766 - my_experiment - advP_Big_HybridComm_5M_42 - my_run - INFO - Recent Stats | t_env:      50000 | Episode:      250
ep_length_mean:          200.0000	episode_length_mean:     199.0000	epsilon:                   0.9620	grad_norm:                 0.7148
info_nce_loss:             2.9891	loss:                      0.9498	q_loss:                    0.8635	return_mean:             -20.4563
return_std:                0.4834	test_ep_length_mean:     200.0000	test_episode_length_mean:199.0000	test_return_mean:        -34.9793
test_return_std:           3.5135	
2026-04-22 17:14:05,376 - my_experiment - advP_Big_HybridComm_5M_42 - my_run - INFO - t_env: 50200 / 5050000
2026-04-22 17:14:05,377 - my_experiment - advP_Big_HybridComm_5M_42 - my_run - INFO - Estimated time left: 1 days, 23 hours, 28 minutes, 43 seconds. Time passed: 28 minutes, 38 seconds
2026-04-22 17:42:45,939 - my_experiment - advP_Big_HybridComm_5M_42 - my_run - INFO - Recent Stats | t_env:     100000 | Episode:      500
ep_length_mean:          200.0000	episode_length_mean:     199.0000	epsilon:                   0.9145	grad_norm:                 1.8242
info_nce_loss:             3.0155	loss:                      1.1475	q_loss:                    1.0432	return_mean:             -18.1192
return_std:                0.8530	test_ep_length_mean:     200.0000	test_episode_length_mean:199.0000	test_return_mean:        -13.2364
test_return_std:           4.2507	
2026-04-22 17:42:52,503 - my_experiment - advP_Big_HybridComm_5M_42 - my_run - INFO - t_env: 100200 / 5050000
2026-04-22 17:42:52,504 - my_experiment - advP_Big_HybridComm_5M_42 - my_run - INFO - Estimated time left: 1 days, 23 hours, 29 minutes, 38 seconds. Time passed: 57 minutes, 25 seconds
2026-04-22 18:11:29,264 - my_experiment - advP_Big_HybridComm_5M_42 - my_run - INFO - Recent Stats | t_env:     150000 | Episode:      750
ep_length_mean:          200.0000	episode_length_mean:     199.0000	epsilon:                   0.8670	grad_norm:                 4.8920
info_nce_loss:             3.1884	loss:                      2.1875	q_loss:                    1.9887	return_mean:             -12.0886
return_std:                1.1212	test_ep_length_mean:     200.0000	test_episode_length_mean:199.0000	test_return_mean:         28.9546
test_return_std:           6.5188	
2026-04-22 18:11:35,795 - my_experiment - advP_Big_HybridComm_5M_42 - my_run - INFO - t_env: 150200 / 5050000
2026-04-22 18:11:35,797 - my_experiment - advP_Big_HybridComm_5M_42 - my_run - INFO - Estimated time left: 1 days, 22 hours, 54 minutes, 35 seconds. Time passed: 1 hours, 26 minutes, 8 seconds
2026-04-22 18:40:12,148 - my_experiment - advP_Big_HybridComm_5M_42 - my_run - INFO - Recent Stats | t_env:     200000 | Episode:     1000
ep_length_mean:          200.0000	episode_length_mean:     199.0000	epsilon:                   0.8195	grad_norm:                 8.9534
info_nce_loss:             3.0003	loss:                      3.6608	q_loss:                    3.3280	return_mean:              -6.7036
return_std:                1.5244	test_ep_length_mean:     200.0000	test_episode_length_mean:199.0000	test_return_mean:         53.6539
test_return_std:           6.8587	
2026-04-22 18:40:18,729 - my_experiment - advP_Big_HybridComm_5M_42 - my_run - INFO - t_env: 200200 / 5050000
2026-04-22 18:40:18,730 - my_experiment - advP_Big_HybridComm_5M_42 - my_run - INFO - Estimated time left: 1 days, 22 hours, 25 minutes, 17 seconds. Time passed: 1 hours, 54 minutes, 51 seconds
2026-04-22 19:08:58,398 - my_experiment - advP_Big_HybridComm_5M_42 - my_run - INFO - Recent Stats | t_env:     250000 | Episode:     1250
ep_length_mean:          200.0000	episode_length_mean:     199.0000	epsilon:                   0.7720	grad_norm:                37.1412
info_nce_loss:             1.9843	loss:                      8.1960	q_loss:                    7.4509	return_mean:               0.9106
return_std:                1.8841	test_ep_length_mean:     200.0000	test_episode_length_mean:199.0000	test_return_mean:         67.4668
test_return_std:           6.8703	
2026-04-22 19:09:04,981 - my_experiment - advP_Big_HybridComm_5M_42 - my_run - INFO - t_env: 250200 / 5050000
2026-04-22 19:09:04,982 - my_experiment - advP_Big_HybridComm_5M_42 - my_run - INFO - Estimated time left: 1 days, 22 hours, 1 minutes, 53 seconds. Time passed: 2 hours, 23 minutes, 37 seconds
2026-04-22 19:37:42,638 - my_experiment - advP_Big_HybridComm_5M_42 - my_run - INFO - Recent Stats | t_env:     300000 | Episode:     1500
ep_length_mean:          200.0000	episode_length_mean:     199.0000	epsilon:                   0.7245	grad_norm:                31.2878
info_nce_loss:             1.3495	loss:                      6.9233	q_loss:                    6.2939	return_mean:               9.1222
return_std:                1.9256	test_ep_length_mean:     200.0000	test_episode_length_mean:199.0000	test_return_mean:         98.9029
test_return_std:           7.8670	
2026-04-22 19:37:49,184 - my_experiment - advP_Big_HybridComm_5M_42 - my_run - INFO - t_env: 300200 / 5050000
2026-04-22 19:37:49,185 - my_experiment - advP_Big_HybridComm_5M_42 - my_run - INFO - Estimated time left: 1 days, 21 hours, 29 minutes, 52 seconds. Time passed: 2 hours, 52 minutes, 21 seconds
2026-04-22 20:06:27,005 - my_experiment - advP_Big_HybridComm_5M_42 - my_run - INFO - Recent Stats | t_env:     350000 | Episode:     1750
ep_length_mean:          200.0000	episode_length_mean:     199.0000	epsilon:                   0.6770	grad_norm:                44.4032
info_nce_loss:             1.3149	loss:                      7.8936	q_loss:                    7.1760	return_mean:              17.5070
return_std:                2.2053	test_ep_length_mean:     200.0000	test_episode_length_mean:199.0000	test_return_mean:        122.5461
test_return_std:           8.6046	
2026-04-22 20:06:33,597 - my_experiment - advP_Big_HybridComm_5M_42 - my_run - INFO - t_env: 350200 / 5050000
2026-04-22 20:06:33,598 - my_experiment - advP_Big_HybridComm_5M_42 - my_run - INFO - Estimated time left: 1 days, 21 hours, 1 minutes, 27 seconds. Time passed: 3 hours, 21 minutes, 6 seconds
2026-04-22 20:35:10,333 - my_experiment - advP_Big_HybridComm_5M_42 - my_run - INFO - Recent Stats | t_env:     400000 | Episode:     2000
ep_length_mean:          200.0000	episode_length_mean:     199.0000	epsilon:                   0.6295	grad_norm:                72.3406
info_nce_loss:             0.7755	loss:                      8.8329	q_loss:                    8.0299	return_mean:              26.0842
return_std:                2.2127	test_ep_length_mean:     200.0000	test_episode_length_mean:199.0000	test_return_mean:        126.2562
test_return_std:           7.8073	
2026-04-22 20:35:16,893 - my_experiment - advP_Big_HybridComm_5M_42 - my_run - INFO - t_env: 400200 / 5050000
2026-04-22 20:35:16,894 - my_experiment - advP_Big_HybridComm_5M_42 - my_run - INFO - Estimated time left: 1 days, 20 hours, 30 minutes, 59 seconds. Time passed: 3 hours, 49 minutes, 49 seconds
2026-04-22 21:03:53,336 - my_experiment - advP_Big_HybridComm_5M_42 - my_run - INFO - Recent Stats | t_env:     450000 | Episode:     2250
ep_length_mean:          200.0000	episode_length_mean:     199.0000	epsilon:                   0.5820	grad_norm:               163.5715
info_nce_loss:             0.6475	loss:                     11.9566	q_loss:                   10.8696	return_mean:              35.1554
return_std:                2.1408	test_ep_length_mean:     200.0000	test_episode_length_mean:199.0000	test_return_mean:        127.7621
test_return_std:           7.5870	
2026-04-22 21:03:59,880 - my_experiment - advP_Big_HybridComm_5M_42 - my_run - INFO - t_env: 450200 / 5050000
2026-04-22 21:03:59,881 - my_experiment - advP_Big_HybridComm_5M_42 - my_run - INFO - Estimated time left: 1 days, 20 hours, 1 minutes, 47 seconds. Time passed: 4 hours, 18 minutes, 32 seconds
2026-04-22 21:32:32,179 - my_experiment - advP_Big_HybridComm_5M_42 - my_run - INFO - Recent Stats | t_env:     500000 | Episode:     2500
ep_length_mean:          200.0000	episode_length_mean:     199.0000	epsilon:                   0.5345	grad_norm:               187.3410
info_nce_loss:             0.6260	loss:                      9.5842	q_loss:                    8.7129	return_mean:              43.6146
return_std:                2.4389	test_ep_length_mean:     200.0000	test_episode_length_mean:199.0000	test_return_mean:        130.4968
test_return_std:           7.6800	
2026-04-22 21:32:38,724 - my_experiment - advP_Big_HybridComm_5M_42 - my_run - INFO - t_env: 500200 / 5050000
2026-04-22 21:32:38,725 - my_experiment - advP_Big_HybridComm_5M_42 - my_run - INFO - Estimated time left: 1 days, 19 hours, 26 minutes, 47 seconds. Time passed: 4 hours, 47 minutes, 11 seconds
2026-04-22 21:34:05,458 - my_experiment - advP_Big_HybridComm_5M_42 - my_run - INFO - Saving models to work_dirs/my_experiment/advP_Big_HybridComm_5M_42/my_run/20260422_164453/models/500200
2026-04-22 22:01:09,661 - my_experiment - advP_Big_HybridComm_5M_42 - my_run - INFO - Recent Stats | t_env:     550000 | Episode:     2750
ep_length_mean:          200.0000	episode_length_mean:     199.0000	epsilon:                   0.4870	grad_norm:               400.2190
info_nce_loss:             0.7731	loss:                     12.1433	q_loss:                   11.0393	return_mean:              52.1565
return_std:                2.3383	test_ep_length_mean:     200.0000	test_episode_length_mean:199.0000	test_return_mean:        133.3398
test_return_std:           7.1833	
2026-04-22 22:01:16,187 - my_experiment - advP_Big_HybridComm_5M_42 - my_run - INFO - t_env: 550200 / 5050000
2026-04-22 22:01:16,188 - my_experiment - advP_Big_HybridComm_5M_42 - my_run - INFO - Estimated time left: 1 days, 18 hours, 56 minutes, 4 seconds. Time passed: 5 hours, 15 minutes, 48 seconds
2026-04-22 22:29:49,325 - my_experiment - advP_Big_HybridComm_5M_42 - my_run - INFO - Recent Stats | t_env:     600000 | Episode:     3000
ep_length_mean:          200.0000	episode_length_mean:     199.0000	epsilon:                   0.4395	grad_norm:               620.1802
info_nce_loss:             0.7553	loss:                     13.2252	q_loss:                   12.0229	return_mean:              61.1183
return_std:                2.4206	test_ep_length_mean:     200.0000	test_episode_length_mean:199.0000	test_return_mean:        136.0522
test_return_std:           6.6250	
2026-04-22 22:29:56,091 - my_experiment - advP_Big_HybridComm_5M_42 - my_run - INFO - t_env: 600200 / 5050000
2026-04-22 22:29:56,092 - my_experiment - advP_Big_HybridComm_5M_42 - my_run - INFO - Estimated time left: 1 days, 18 hours, 31 minutes, 4 seconds. Time passed: 5 hours, 44 minutes, 28 seconds
2026-04-22 22:58:34,315 - my_experiment - advP_Big_HybridComm_5M_42 - my_run - INFO - Recent Stats | t_env:     650000 | Episode:     3250
ep_length_mean:          200.0000	episode_length_mean:     199.0000	epsilon:                   0.3920	grad_norm:               360.1489
info_nce_loss:             0.6664	loss:                     10.9192	q_loss:                    9.9265	return_mean:              69.6979
return_std:                2.6193	test_ep_length_mean:     200.0000	test_episode_length_mean:199.0000	test_return_mean:        137.2594
test_return_std:           6.0348	
2026-04-22 22:58:40,886 - my_experiment - advP_Big_HybridComm_5M_42 - my_run - INFO - t_env: 650200 / 5050000
2026-04-22 22:58:40,887 - my_experiment - advP_Big_HybridComm_5M_42 - my_run - INFO - Estimated time left: 1 days, 18 hours, 9 minutes, 35 seconds. Time passed: 6 hours, 13 minutes, 13 seconds
2026-04-22 23:27:17,967 - my_experiment - advP_Big_HybridComm_5M_42 - my_run - INFO - Recent Stats | t_env:     700000 | Episode:     3500
ep_length_mean:          200.0000	episode_length_mean:     199.0000	epsilon:                   0.3445	grad_norm:               781.3237
info_nce_loss:             0.5933	loss:                     11.2290	q_loss:                   10.2082	return_mean:              78.1838
return_std:                2.5686	test_ep_length_mean:     200.0000	test_episode_length_mean:199.0000	test_return_mean:        137.3891
test_return_std:           6.0825	
2026-04-22 23:27:24,525 - my_experiment - advP_Big_HybridComm_5M_42 - my_run - INFO - t_env: 700200 / 5050000
2026-04-22 23:27:24,526 - my_experiment - advP_Big_HybridComm_5M_42 - my_run - INFO - Estimated time left: 1 days, 17 hours, 39 minutes, 9 seconds. Time passed: 6 hours, 41 minutes, 57 seconds
2026-04-22 23:55:57,670 - my_experiment - advP_Big_HybridComm_5M_42 - my_run - INFO - Recent Stats | t_env:     750000 | Episode:     3750
ep_length_mean:          200.0000	episode_length_mean:     199.0000	epsilon:                   0.2970	grad_norm:               543.1384
info_nce_loss:             0.6432	loss:                      7.7179	q_loss:                    7.0163	return_mean:              87.2951
return_std:                2.5617	test_ep_length_mean:     200.0000	test_episode_length_mean:199.0000	test_return_mean:        138.4376
test_return_std:           5.6173	
2026-04-22 23:56:04,214 - my_experiment - advP_Big_HybridComm_5M_42 - my_run - INFO - t_env: 750200 / 5050000
2026-04-22 23:56:04,215 - my_experiment - advP_Big_HybridComm_5M_42 - my_run - INFO - Estimated time left: 1 days, 17 hours, 4 minutes, 46 seconds. Time passed: 7 hours, 10 minutes, 37 seconds
2026-04-23 00:24:36,172 - my_experiment - advP_Big_HybridComm_5M_42 - my_run - INFO - Recent Stats | t_env:     800000 | Episode:     4000
ep_length_mean:          200.0000	episode_length_mean:     199.0000	epsilon:                   0.2495	grad_norm:               622.0592
info_nce_loss:             0.6769	loss:                      7.2601	q_loss:                    6.6001	return_mean:              96.2107
return_std:                2.8780	test_ep_length_mean:     200.0000	test_episode_length_mean:199.0000	test_return_mean:        139.6636
test_return_std:           5.6289	
2026-04-23 00:24:42,722 - my_experiment - advP_Big_HybridComm_5M_42 - my_run - INFO - t_env: 800200 / 5050000
2026-04-23 00:24:42,723 - my_experiment - advP_Big_HybridComm_5M_42 - my_run - INFO - Estimated time left: 1 days, 16 hours, 34 minutes, 26 seconds. Time passed: 7 hours, 39 minutes, 15 seconds
2026-04-23 00:53:15,032 - my_experiment - advP_Big_HybridComm_5M_42 - my_run - INFO - Recent Stats | t_env:     850000 | Episode:     4250
ep_length_mean:          200.0000	episode_length_mean:     199.0000	epsilon:                   0.2020	grad_norm:               303.8212
info_nce_loss:             0.5487	loss:                      5.4393	q_loss:                    4.9448	return_mean:             104.9011
return_std:                2.8467	test_ep_length_mean:     200.0000	test_episode_length_mean:199.0000	test_return_mean:        140.2125
test_return_std:           5.5312	
2026-04-23 00:53:21,564 - my_experiment - advP_Big_HybridComm_5M_42 - my_run - INFO - t_env: 850200 / 5050000
2026-04-23 00:53:21,565 - my_experiment - advP_Big_HybridComm_5M_42 - my_run - INFO - Estimated time left: 1 days, 16 hours, 6 minutes, 15 seconds. Time passed: 8 hours, 7 minutes, 54 seconds
2026-04-23 01:21:53,624 - my_experiment - advP_Big_HybridComm_5M_42 - my_run - INFO - Recent Stats | t_env:     900000 | Episode:     4500
ep_length_mean:          200.0000	episode_length_mean:     199.0000	epsilon:                   0.1545	grad_norm:               785.5237
info_nce_loss:             0.3356	loss:                      7.0287	q_loss:                    6.3898	return_mean:             113.8286
return_std:                3.1317	test_ep_length_mean:     200.0000	test_episode_length_mean:199.0000	test_return_mean:        141.0731
test_return_std:           5.5898	
2026-04-23 01:22:00,153 - my_experiment - advP_Big_HybridComm_5M_42 - my_run - INFO - t_env: 900200 / 5050000
2026-04-23 01:22:00,154 - my_experiment - advP_Big_HybridComm_5M_42 - my_run - INFO - Estimated time left: 1 days, 15 hours, 37 minutes, 16 seconds. Time passed: 8 hours, 36 minutes, 32 seconds
2026-04-23 01:50:31,533 - my_experiment - advP_Big_HybridComm_5M_42 - my_run - INFO - Recent Stats | t_env:     950000 | Episode:     4750
ep_length_mean:          200.0000	episode_length_mean:     199.0000	epsilon:                   0.1070	grad_norm:               463.7473
info_nce_loss:             0.7089	loss:                      4.8461	q_loss:                    4.4055	return_mean:             123.3861
return_std:                3.2702	test_ep_length_mean:     200.0000	test_episode_length_mean:199.0000	test_return_mean:        142.4370
test_return_std:           5.3017	
2026-04-23 01:50:38,056 - my_experiment - advP_Big_HybridComm_5M_42 - my_run - INFO - t_env: 950200 / 5050000
2026-04-23 01:50:38,057 - my_experiment - advP_Big_HybridComm_5M_42 - my_run - INFO - Estimated time left: 1 days, 15 hours, 7 minutes, 41 seconds. Time passed: 9 hours, 5 minutes, 10 seconds
2026-04-23 02:19:09,603 - my_experiment - advP_Big_HybridComm_5M_42 - my_run - INFO - Recent Stats | t_env:    1000000 | Episode:     5000
ep_length_mean:          200.0000	episode_length_mean:     199.0000	epsilon:                   0.0595	grad_norm:               592.4463
info_nce_loss:             0.6629	loss:                      4.0238	q_loss:                    3.6580	return_mean:             132.2849
return_std:                3.4163	test_ep_length_mean:     200.0000	test_episode_length_mean:199.0000	test_return_mean:        142.9349
test_return_std:           5.4896	
2026-04-23 02:19:16,143 - my_experiment - advP_Big_HybridComm_5M_42 - my_run - INFO - t_env: 1000200 / 5050000
2026-04-23 02:19:16,144 - my_experiment - advP_Big_HybridComm_5M_42 - my_run - INFO - Estimated time left: 1 days, 14 hours, 39 minutes, 18 seconds. Time passed: 9 hours, 33 minutes, 48 seconds
2026-04-23 02:20:43,071 - my_experiment - advP_Big_HybridComm_5M_42 - my_run - INFO - Saving models to work_dirs/my_experiment/advP_Big_HybridComm_5M_42/my_run/20260422_164453/models/1000200
2026-04-23 02:47:47,321 - my_experiment - advP_Big_HybridComm_5M_42 - my_run - INFO - Recent Stats | t_env:    1050000 | Episode:     5250
ep_length_mean:          200.0000	episode_length_mean:     199.0000	epsilon:                   0.0500	grad_norm:               779.0801
info_nce_loss:             0.7475	loss:                      3.6668	q_loss:                    3.3334	return_mean:             138.1280
return_std:                3.6756	test_ep_length_mean:     200.0000	test_episode_length_mean:199.0000	test_return_mean:        143.8474
test_return_std:           4.8067	
2026-04-23 02:47:53,860 - my_experiment - advP_Big_HybridComm_5M_42 - my_run - INFO - t_env: 1050200 / 5050000
2026-04-23 02:47:53,861 - my_experiment - advP_Big_HybridComm_5M_42 - my_run - INFO - Estimated time left: 1 days, 14 hours, 10 minutes, 10 seconds. Time passed: 10 hours, 2 minutes, 26 seconds
2026-04-23 03:16:28,196 - my_experiment - advP_Big_HybridComm_5M_42 - my_run - INFO - Recent Stats | t_env:    1100000 | Episode:     5500
ep_length_mean:          200.0000	episode_length_mean:     199.0000	epsilon:                   0.0500	grad_norm:               726.0291
info_nce_loss:             0.6434	loss:                      2.9553	q_loss:                    2.6866	return_mean:             139.4655
return_std:                3.5581	test_ep_length_mean:     200.0000	test_episode_length_mean:199.0000	test_return_mean:        144.3255
test_return_std:           4.6833	
2026-04-23 03:16:34,725 - my_experiment - advP_Big_HybridComm_5M_42 - my_run - INFO - t_env: 1100200 / 5050000
2026-04-23 03:16:34,726 - my_experiment - advP_Big_HybridComm_5M_42 - my_run - INFO - Estimated time left: 1 days, 13 hours, 45 minutes, 41 seconds. Time passed: 10 hours, 31 minutes, 7 seconds
2026-04-23 03:45:11,177 - my_experiment - advP_Big_HybridComm_5M_42 - my_run - INFO - Recent Stats | t_env:    1150000 | Episode:     5750
ep_length_mean:          200.0000	episode_length_mean:     199.0000	epsilon:                   0.0500	grad_norm:               888.2564
info_nce_loss:             0.7640	loss:                      2.9487	q_loss:                    2.6806	return_mean:             139.1847
return_std:                3.7568	test_ep_length_mean:     200.0000	test_episode_length_mean:199.0000	test_return_mean:        145.7236
test_return_std:           4.6043	
2026-04-23 03:45:17,734 - my_experiment - advP_Big_HybridComm_5M_42 - my_run - INFO - t_env: 1150200 / 5050000
2026-04-23 03:45:17,735 - my_experiment - advP_Big_HybridComm_5M_42 - my_run - INFO - Estimated time left: 1 days, 13 hours, 19 minutes, 47 seconds. Time passed: 10 hours, 59 minutes, 50 seconds
2026-04-23 04:13:48,867 - my_experiment - advP_Big_HybridComm_5M_42 - my_run - INFO - Recent Stats | t_env:    1200000 | Episode:     6000
ep_length_mean:          200.0000	episode_length_mean:     199.0000	epsilon:                   0.0500	grad_norm:               898.4254
info_nce_loss:             0.5315	loss:                      2.7128	q_loss:                    2.4662	return_mean:             140.1048
return_std:                3.5792	test_ep_length_mean:     200.0000	test_episode_length_mean:199.0000	test_return_mean:        147.1094
test_return_std:           4.4619	
2026-04-23 04:13:55,414 - my_experiment - advP_Big_HybridComm_5M_42 - my_run - INFO - t_env: 1200200 / 5050000
2026-04-23 04:13:55,415 - my_experiment - advP_Big_HybridComm_5M_42 - my_run - INFO - Estimated time left: 1 days, 12 hours, 44 minutes, 14 seconds. Time passed: 11 hours, 28 minutes, 28 seconds
2026-04-23 04:42:28,731 - my_experiment - advP_Big_HybridComm_5M_42 - my_run - INFO - Recent Stats | t_env:    1250000 | Episode:     6250
ep_length_mean:          200.0000	episode_length_mean:     199.0000	epsilon:                   0.0500	grad_norm:               936.7258
info_nce_loss:             0.8470	loss:                      2.6188	q_loss:                    2.3807	return_mean:             140.3416
return_std:                3.6306	test_ep_length_mean:     200.0000	test_episode_length_mean:199.0000	test_return_mean:        147.9700
test_return_std:           4.0471	
2026-04-23 04:42:35,262 - my_experiment - advP_Big_HybridComm_5M_42 - my_run - INFO - t_env: 1250200 / 5050000
2026-04-23 04:42:35,263 - my_experiment - advP_Big_HybridComm_5M_42 - my_run - INFO - Estimated time left: 1 days, 12 hours, 18 minutes, 21 seconds. Time passed: 11 hours, 57 minutes, 8 seconds
2026-04-23 05:11:05,868 - my_experiment - advP_Big_HybridComm_5M_42 - my_run - INFO - Recent Stats | t_env:    1300000 | Episode:     6500
ep_length_mean:          200.0000	episode_length_mean:     199.0000	epsilon:                   0.0500	grad_norm:               902.8173
info_nce_loss:             0.5885	loss:                      2.3855	q_loss:                    2.1686	return_mean:             140.7267
return_std:                3.2271	test_ep_length_mean:     200.0000	test_episode_length_mean:199.0000	test_return_mean:        148.8879
test_return_std:           4.2897	
2026-04-23 05:11:12,396 - my_experiment - advP_Big_HybridComm_5M_42 - my_run - INFO - t_env: 1300200 / 5050000
2026-04-23 05:11:12,398 - my_experiment - advP_Big_HybridComm_5M_42 - my_run - INFO - Estimated time left: 1 days, 11 hours, 46 minutes, 18 seconds. Time passed: 12 hours, 25 minutes, 45 seconds
2026-04-23 05:39:44,713 - my_experiment - advP_Big_HybridComm_5M_42 - my_run - INFO - Recent Stats | t_env:    1350000 | Episode:     6750
ep_length_mean:          200.0000	episode_length_mean:     199.0000	epsilon:                   0.0500	grad_norm:               968.1168
info_nce_loss:             0.6509	loss:                      2.3963	q_loss:                    2.1785	return_mean:             141.9179
return_std:                2.7628	test_ep_length_mean:     200.0000	test_episode_length_mean:199.0000	test_return_mean:        149.9987
test_return_std:           4.1161	
2026-04-23 05:39:51,253 - my_experiment - advP_Big_HybridComm_5M_42 - my_run - INFO - t_env: 1350200 / 5050000
2026-04-23 05:39:51,254 - my_experiment - advP_Big_HybridComm_5M_42 - my_run - INFO - Estimated time left: 1 days, 11 hours, 19 minutes, 48 seconds. Time passed: 12 hours, 54 minutes, 24 seconds
2026-04-23 06:08:21,510 - my_experiment - advP_Big_HybridComm_5M_42 - my_run - INFO - Recent Stats | t_env:    1400000 | Episode:     7000
ep_length_mean:          200.0000	episode_length_mean:     199.0000	epsilon:                   0.0500	grad_norm:               960.8319
info_nce_loss:             0.6930	loss:                      2.3102	q_loss:                    2.1002	return_mean:             141.9520
return_std:                2.9534	test_ep_length_mean:     200.0000	test_episode_length_mean:199.0000	test_return_mean:        150.3572
test_return_std:           3.8227	
2026-04-23 06:08:28,052 - my_experiment - advP_Big_HybridComm_5M_42 - my_run - INFO - t_env: 1400200 / 5050000
2026-04-23 06:08:28,053 - my_experiment - advP_Big_HybridComm_5M_42 - my_run - INFO - Estimated time left: 1 days, 10 hours, 48 minutes, 39 seconds. Time passed: 13 hours, 23 minutes, 0 seconds
2026-04-23 06:36:58,957 - my_experiment - advP_Big_HybridComm_5M_42 - my_run - INFO - Recent Stats | t_env:    1450000 | Episode:     7250
ep_length_mean:          200.0000	episode_length_mean:     199.0000	epsilon:                   0.0500	grad_norm:               985.8628
info_nce_loss:             0.6226	loss:                      2.3116	q_loss:                    2.1015	return_mean:             142.0458
return_std:                2.5358	test_ep_length_mean:     200.0000	test_episode_length_mean:199.0000	test_return_mean:        150.6989
test_return_std:           3.3347	
2026-04-23 06:37:05,500 - my_experiment - advP_Big_HybridComm_5M_42 - my_run - INFO - t_env: 1450200 / 5050000
2026-04-23 06:37:05,501 - my_experiment - advP_Big_HybridComm_5M_42 - my_run - INFO - Estimated time left: 1 days, 10 hours, 20 minutes, 49 seconds. Time passed: 13 hours, 51 minutes, 38 seconds
2026-04-23 07:05:35,929 - my_experiment - advP_Big_HybridComm_5M_42 - my_run - INFO - Recent Stats | t_env:    1500000 | Episode:     7500
ep_length_mean:          200.0000	episode_length_mean:     199.0000	epsilon:                   0.0500	grad_norm:               807.4394
info_nce_loss:             0.6776	loss:                      1.9832	q_loss:                    1.8029	return_mean:             142.6422
return_std:                2.5401	test_ep_length_mean:     200.0000	test_episode_length_mean:199.0000	test_return_mean:        151.2300
test_return_std:           3.2462	
2026-04-23 07:05:42,465 - my_experiment - advP_Big_HybridComm_5M_42 - my_run - INFO - t_env: 1500200 / 5050000
2026-04-23 07:05:42,466 - my_experiment - advP_Big_HybridComm_5M_42 - my_run - INFO - Estimated time left: 1 days, 9 hours, 51 minutes, 37 seconds. Time passed: 14 hours, 20 minutes, 15 seconds
2026-04-23 07:07:09,137 - my_experiment - advP_Big_HybridComm_5M_42 - my_run - INFO - Saving models to work_dirs/my_experiment/advP_Big_HybridComm_5M_42/my_run/20260422_164453/models/1500200
2026-04-23 07:34:13,139 - my_experiment - advP_Big_HybridComm_5M_42 - my_run - INFO - Recent Stats | t_env:    1550000 | Episode:     7750
ep_length_mean:          200.0000	episode_length_mean:     199.0000	epsilon:                   0.0500	grad_norm:               825.6030
info_nce_loss:             0.6287	loss:                      1.9467	q_loss:                    1.7698	return_mean:             142.3955
return_std:                2.7015	test_ep_length_mean:     200.0000	test_episode_length_mean:199.0000	test_return_mean:        151.3253
test_return_std:           3.0575	
2026-04-23 07:34:19,676 - my_experiment - advP_Big_HybridComm_5M_42 - my_run - INFO - t_env: 1550200 / 5050000
2026-04-23 07:34:19,677 - my_experiment - advP_Big_HybridComm_5M_42 - my_run - INFO - Estimated time left: 1 days, 9 hours, 23 minutes, 17 seconds. Time passed: 14 hours, 48 minutes, 52 seconds
2026-04-23 08:02:49,687 - my_experiment - advP_Big_HybridComm_5M_42 - my_run - INFO - Recent Stats | t_env:    1600000 | Episode:     8000
ep_length_mean:          200.0000	episode_length_mean:     199.0000	epsilon:                   0.0500	grad_norm:               847.4262
info_nce_loss:             0.4255	loss:                      2.0518	q_loss:                    1.8652	return_mean:             142.7710
return_std:                2.5861	test_ep_length_mean:     200.0000	test_episode_length_mean:199.0000	test_return_mean:        151.6795
test_return_std:           2.7812	
2026-04-23 08:02:56,309 - my_experiment - advP_Big_HybridComm_5M_42 - my_run - INFO - t_env: 1600200 / 5050000
2026-04-23 08:02:56,310 - my_experiment - advP_Big_HybridComm_5M_42 - my_run - INFO - Estimated time left: 1 days, 8 hours, 54 minutes, 0 seconds. Time passed: 15 hours, 17 minutes, 29 seconds
2026-04-23 08:31:26,401 - my_experiment - advP_Big_HybridComm_5M_42 - my_run - INFO - Recent Stats | t_env:    1650000 | Episode:     8250
ep_length_mean:          200.0000	episode_length_mean:     199.0000	epsilon:                   0.0500	grad_norm:               719.1750
info_nce_loss:             0.3450	loss:                      1.9076	q_loss:                    1.7342	return_mean:             142.7483
return_std:                2.7515	test_ep_length_mean:     200.0000	test_episode_length_mean:199.0000	test_return_mean:        151.9485
test_return_std:           2.8362	
2026-04-23 08:31:32,932 - my_experiment - advP_Big_HybridComm_5M_42 - my_run - INFO - t_env: 1650200 / 5050000
2026-04-23 08:31:32,933 - my_experiment - advP_Big_HybridComm_5M_42 - my_run - INFO - Estimated time left: 1 days, 8 hours, 25 minutes, 23 seconds. Time passed: 15 hours, 46 minutes, 5 seconds
2026-04-23 09:00:03,138 - my_experiment - advP_Big_HybridComm_5M_42 - my_run - INFO - Recent Stats | t_env:    1700000 | Episode:     8500
ep_length_mean:          200.0000	episode_length_mean:     199.0000	epsilon:                   0.0500	grad_norm:               679.3512
info_nce_loss:             0.6512	loss:                      1.8099	q_loss:                    1.6453	return_mean:             142.9611
return_std:                2.6757	test_ep_length_mean:     200.0000	test_episode_length_mean:199.0000	test_return_mean:        152.2450
test_return_std:           3.1092	
2026-04-23 09:00:09,764 - my_experiment - advP_Big_HybridComm_5M_42 - my_run - INFO - t_env: 1700200 / 5050000
2026-04-23 09:00:09,765 - my_experiment - advP_Big_HybridComm_5M_42 - my_run - INFO - Estimated time left: 1 days, 7 hours, 57 minutes, 0 seconds. Time passed: 16 hours, 14 minutes, 42 seconds
2026-04-23 09:28:39,993 - my_experiment - advP_Big_HybridComm_5M_42 - my_run - INFO - Recent Stats | t_env:    1750000 | Episode:     8750
ep_length_mean:          200.0000	episode_length_mean:     199.0000	epsilon:                   0.0500	grad_norm:               749.8345
info_nce_loss:             0.5388	loss:                      1.8588	q_loss:                    1.6898	return_mean:             143.5257
return_std:                2.5295	test_ep_length_mean:     200.0000	test_episode_length_mean:199.0000	test_return_mean:        152.2951
test_return_std:           3.3051	
2026-04-23 09:28:46,529 - my_experiment - advP_Big_HybridComm_5M_42 - my_run - INFO - t_env: 1750200 / 5050000
2026-04-23 09:28:46,530 - my_experiment - advP_Big_HybridComm_5M_42 - my_run - INFO - Estimated time left: 1 days, 7 hours, 28 minutes, 19 seconds. Time passed: 16 hours, 43 minutes, 19 seconds
2026-04-23 09:57:17,647 - my_experiment - advP_Big_HybridComm_5M_42 - my_run - INFO - Recent Stats | t_env:    1800000 | Episode:     9000
ep_length_mean:          200.0000	episode_length_mean:     199.0000	epsilon:                   0.0500	grad_norm:               686.2367
info_nce_loss:             0.3874	loss:                      1.7807	q_loss:                    1.6188	return_mean:             143.5577
return_std:                2.4584	test_ep_length_mean:     200.0000	test_episode_length_mean:199.0000	test_return_mean:        152.2561
test_return_std:           3.4107	
2026-04-23 09:57:24,198 - my_experiment - advP_Big_HybridComm_5M_42 - my_run - INFO - t_env: 1800200 / 5050000
2026-04-23 09:57:24,199 - my_experiment - advP_Big_HybridComm_5M_42 - my_run - INFO - Estimated time left: 1 days, 7 hours, 41 seconds. Time passed: 17 hours, 11 minutes, 56 seconds
2026-04-23 10:25:56,138 - my_experiment - advP_Big_HybridComm_5M_42 - my_run - INFO - Recent Stats | t_env:    1850000 | Episode:     9250
ep_length_mean:          200.0000	episode_length_mean:     199.0000	epsilon:                   0.0500	grad_norm:               1099.5635
info_nce_loss:             0.5161	loss:                      3.6444	q_loss:                    3.3131	return_mean:             143.5904
return_std:                2.3830	test_ep_length_mean:     200.0000	test_episode_length_mean:199.0000	test_return_mean:        152.3876
test_return_std:           3.3878	
2026-04-23 10:26:02,701 - my_experiment - advP_Big_HybridComm_5M_42 - my_run - INFO - t_env: 1850200 / 5050000
2026-04-23 10:26:02,702 - my_experiment - advP_Big_HybridComm_5M_42 - my_run - INFO - Estimated time left: 1 days, 6 hours, 32 minutes, 57 seconds. Time passed: 17 hours, 40 minutes, 35 seconds
2026-04-23 10:54:32,895 - my_experiment - advP_Big_HybridComm_5M_42 - my_run - INFO - Recent Stats | t_env:    1900000 | Episode:     9500
ep_length_mean:          200.0000	episode_length_mean:     199.0000	epsilon:                   0.0500	grad_norm:               1344.2398
info_nce_loss:             0.6229	loss:                      5.0521	q_loss:                    4.5928	return_mean:             143.5080
return_std:                2.3488	test_ep_length_mean:     200.0000	test_episode_length_mean:199.0000	test_return_mean:        152.4478
test_return_std:           3.3347	
2026-04-23 10:54:39,407 - my_experiment - advP_Big_HybridComm_5M_42 - my_run - INFO - t_env: 1900200 / 5050000
2026-04-23 10:54:39,409 - my_experiment - advP_Big_HybridComm_5M_42 - my_run - INFO - Estimated time left: 1 days, 6 hours, 2 minutes, 25 seconds. Time passed: 18 hours, 9 minutes, 12 seconds
2026-04-23 11:23:09,801 - my_experiment - advP_Big_HybridComm_5M_42 - my_run - INFO - Recent Stats | t_env:    1950000 | Episode:     9750
ep_length_mean:          200.0000	episode_length_mean:     199.0000	epsilon:                   0.0500	grad_norm:               1535.2951
info_nce_loss:             0.6856	loss:                      7.8400	q_loss:                    7.1273	return_mean:             143.6322
return_std:                2.4872	test_ep_length_mean:     200.0000	test_episode_length_mean:199.0000	test_return_mean:        152.6920
test_return_std:           3.0655	
2026-04-23 11:23:16,321 - my_experiment - advP_Big_HybridComm_5M_42 - my_run - INFO - t_env: 1950200 / 5050000
2026-04-23 11:23:16,322 - my_experiment - advP_Big_HybridComm_5M_42 - my_run - INFO - Estimated time left: 1 days, 5 hours, 34 minutes, 1 seconds. Time passed: 18 hours, 37 minutes, 49 seconds
2026-04-23 11:51:47,137 - my_experiment - advP_Big_HybridComm_5M_42 - my_run - INFO - Recent Stats | t_env:    2000000 | Episode:    10000
ep_length_mean:          200.0000	episode_length_mean:     199.0000	epsilon:                   0.0500	grad_norm:               936.5035
info_nce_loss:             0.5412	loss:                      4.8933	q_loss:                    4.4485	return_mean:             142.2893
return_std:                3.1074	test_ep_length_mean:     200.0000	test_episode_length_mean:199.0000	test_return_mean:        153.0452
test_return_std:           2.6316	
2026-04-23 11:51:53,678 - my_experiment - advP_Big_HybridComm_5M_42 - my_run - INFO - t_env: 2000200 / 5050000
2026-04-23 11:51:53,679 - my_experiment - advP_Big_HybridComm_5M_42 - my_run - INFO - Estimated time left: 1 days, 5 hours, 5 minutes, 51 seconds. Time passed: 19 hours, 6 minutes, 26 seconds
2026-04-23 11:53:20,359 - my_experiment - advP_Big_HybridComm_5M_42 - my_run - INFO - Saving models to work_dirs/my_experiment/advP_Big_HybridComm_5M_42/my_run/20260422_164453/models/2000200
2026-04-23 12:20:23,013 - my_experiment - advP_Big_HybridComm_5M_42 - my_run - INFO - Recent Stats | t_env:    2050000 | Episode:    10250
ep_length_mean:          200.0000	episode_length_mean:     199.0000	epsilon:                   0.0500	grad_norm:               874.9196
info_nce_loss:             0.5225	loss:                      3.1098	q_loss:                    2.8271	return_mean:             143.1242
return_std:                2.5215	test_ep_length_mean:     200.0000	test_episode_length_mean:199.0000	test_return_mean:        153.3900
test_return_std:           2.2696	
2026-04-23 12:20:29,529 - my_experiment - advP_Big_HybridComm_5M_42 - my_run - INFO - t_env: 2050200 / 5050000
2026-04-23 12:20:29,530 - my_experiment - advP_Big_HybridComm_5M_42 - my_run - INFO - Estimated time left: 1 days, 4 hours, 35 minutes, 44 seconds. Time passed: 19 hours, 35 minutes, 2 seconds
2026-04-23 12:49:00,625 - my_experiment - advP_Big_HybridComm_5M_42 - my_run - INFO - Recent Stats | t_env:    2100000 | Episode:    10500
ep_length_mean:          200.0000	episode_length_mean:     199.0000	epsilon:                   0.0500	grad_norm:               519.9586
info_nce_loss:             0.4863	loss:                      2.0094	q_loss:                    1.8267	return_mean:             143.5510
return_std:                2.3979	test_ep_length_mean:     200.0000	test_episode_length_mean:199.0000	test_return_mean:        153.3902
test_return_std:           2.2330	
2026-04-23 12:49:07,154 - my_experiment - advP_Big_HybridComm_5M_42 - my_run - INFO - t_env: 2100200 / 5050000
2026-04-23 12:49:07,155 - my_experiment - advP_Big_HybridComm_5M_42 - my_run - INFO - Estimated time left: 1 days, 4 hours, 8 minutes, 52 seconds. Time passed: 20 hours, 3 minutes, 39 seconds
2026-04-23 13:17:39,009 - my_experiment - advP_Big_HybridComm_5M_42 - my_run - INFO - Recent Stats | t_env:    2150000 | Episode:    10750
ep_length_mean:          200.0000	episode_length_mean:     199.0000	epsilon:                   0.0500	grad_norm:               524.1834
info_nce_loss:             0.4079	loss:                      1.8057	q_loss:                    1.6415	return_mean:             144.0239
return_std:                1.8949	test_ep_length_mean:     200.0000	test_episode_length_mean:199.0000	test_return_mean:        153.6871
test_return_std:           2.1388	
2026-04-23 13:17:45,557 - my_experiment - advP_Big_HybridComm_5M_42 - my_run - INFO - t_env: 2150200 / 5050000
2026-04-23 13:17:45,558 - my_experiment - advP_Big_HybridComm_5M_42 - my_run - INFO - Estimated time left: 1 days, 3 hours, 41 minutes, 0 seconds. Time passed: 20 hours, 32 minutes, 18 seconds
2026-04-23 13:46:16,372 - my_experiment - advP_Big_HybridComm_5M_42 - my_run - INFO - Recent Stats | t_env:    2200000 | Episode:    11000
ep_length_mean:          200.0000	episode_length_mean:     199.0000	epsilon:                   0.0500	grad_norm:               474.3583
info_nce_loss:             0.5802	loss:                      1.7213	q_loss:                    1.5648	return_mean:             143.9670
return_std:                2.1638	test_ep_length_mean:     200.0000	test_episode_length_mean:199.0000	test_return_mean:        153.7677
test_return_std:           2.1060	
2026-04-23 13:46:22,938 - my_experiment - advP_Big_HybridComm_5M_42 - my_run - INFO - t_env: 2200200 / 5050000
2026-04-23 13:46:22,939 - my_experiment - advP_Big_HybridComm_5M_42 - my_run - INFO - Estimated time left: 1 days, 3 hours, 11 minutes, 23 seconds. Time passed: 21 hours, 55 seconds
2026-04-23 14:14:54,432 - my_experiment - advP_Big_HybridComm_5M_42 - my_run - INFO - Recent Stats | t_env:    2250000 | Episode:    11250
ep_length_mean:          200.0000	episode_length_mean:     199.0000	epsilon:                   0.0500	grad_norm:               508.9730
info_nce_loss:             0.5350	loss:                      1.8037	q_loss:                    1.6398	return_mean:             144.2006
return_std:                2.1519	test_ep_length_mean:     200.0000	test_episode_length_mean:199.0000	test_return_mean:        153.9100
test_return_std:           2.1746	
2026-04-23 14:15:00,964 - my_experiment - advP_Big_HybridComm_5M_42 - my_run - INFO - t_env: 2250200 / 5050000
2026-04-23 14:15:00,965 - my_experiment - advP_Big_HybridComm_5M_42 - my_run - INFO - Estimated time left: 1 days, 2 hours, 43 minutes, 22 seconds. Time passed: 21 hours, 29 minutes, 33 seconds
2026-04-23 14:43:31,371 - my_experiment - advP_Big_HybridComm_5M_42 - my_run - INFO - Recent Stats | t_env:    2300000 | Episode:    11500
ep_length_mean:          200.0000	episode_length_mean:     199.0000	epsilon:                   0.0500	grad_norm:               531.2896
info_nce_loss:             0.6615	loss:                      1.8335	q_loss:                    1.6668	return_mean:             144.2710
return_std:                2.1491	test_ep_length_mean:     200.0000	test_episode_length_mean:199.0000	test_return_mean:        153.7873
test_return_std:           2.4002	
2026-04-23 14:43:37,892 - my_experiment - advP_Big_HybridComm_5M_42 - my_run - INFO - t_env: 2300200 / 5050000
2026-04-23 14:43:37,893 - my_experiment - advP_Big_HybridComm_5M_42 - my_run - INFO - Estimated time left: 1 days, 2 hours, 13 minutes, 44 seconds. Time passed: 21 hours, 58 minutes, 10 seconds
2026-04-23 15:12:09,672 - my_experiment - advP_Big_HybridComm_5M_42 - my_run - INFO - Recent Stats | t_env:    2350000 | Episode:    11750
ep_length_mean:          200.0000	episode_length_mean:     199.0000	epsilon:                   0.0500	grad_norm:               575.6656
info_nce_loss:             0.6053	loss:                      1.9562	q_loss:                    1.7783	return_mean:             144.2547
return_std:                2.1022	test_ep_length_mean:     200.0000	test_episode_length_mean:199.0000	test_return_mean:        154.0189
test_return_std:           2.3876	
2026-04-23 15:12:16,241 - my_experiment - advP_Big_HybridComm_5M_42 - my_run - INFO - t_env: 2350200 / 5050000
2026-04-23 15:12:16,242 - my_experiment - advP_Big_HybridComm_5M_42 - my_run - INFO - Estimated time left: 1 days, 1 hours, 46 minutes, 23 seconds. Time passed: 22 hours, 26 minutes, 49 seconds
2026-04-23 15:40:47,038 - my_experiment - advP_Big_HybridComm_5M_42 - my_run - INFO - Recent Stats | t_env:    2400000 | Episode:    12000
ep_length_mean:          200.0000	episode_length_mean:     199.0000	epsilon:                   0.0500	grad_norm:               533.5596
info_nce_loss:             0.3822	loss:                      1.7990	q_loss:                    1.6354	return_mean:             144.5881
return_std:                1.9364	test_ep_length_mean:     200.0000	test_episode_length_mean:199.0000	test_return_mean:        154.0154
test_return_std:           2.5325	
2026-04-23 15:40:53,578 - my_experiment - advP_Big_HybridComm_5M_42 - my_run - INFO - t_env: 2400200 / 5050000
2026-04-23 15:40:53,580 - my_experiment - advP_Big_HybridComm_5M_42 - my_run - INFO - Estimated time left: 1 days, 1 hours, 16 minutes, 52 seconds. Time passed: 22 hours, 55 minutes, 26 seconds
2026-04-23 16:09:24,686 - my_experiment - advP_Big_HybridComm_5M_42 - my_run - INFO - Recent Stats | t_env:    2450000 | Episode:    12250
ep_length_mean:          200.0000	episode_length_mean:     199.0000	epsilon:                   0.0500	grad_norm:               559.8417
info_nce_loss:             0.5537	loss:                      1.9012	q_loss:                    1.7283	return_mean:             144.4545
return_std:                1.9908	test_ep_length_mean:     200.0000	test_episode_length_mean:199.0000	test_return_mean:        153.8682
test_return_std:           2.6703	
2026-04-23 16:09:31,211 - my_experiment - advP_Big_HybridComm_5M_42 - my_run - INFO - t_env: 2450200 / 5050000
2026-04-23 16:09:31,212 - my_experiment - advP_Big_HybridComm_5M_42 - my_run - INFO - Estimated time left: 1 days, 48 minutes, 29 seconds. Time passed: 23 hours, 24 minutes, 3 seconds
2026-04-23 16:38:02,856 - my_experiment - advP_Big_HybridComm_5M_42 - my_run - INFO - Recent Stats | t_env:    2500000 | Episode:    12500
ep_length_mean:          200.0000	episode_length_mean:     199.0000	epsilon:                   0.0500	grad_norm:               572.6919
info_nce_loss:             0.6453	loss:                      1.8474	q_loss:                    1.6795	return_mean:             144.4023
return_std:                2.1007	test_ep_length_mean:     200.0000	test_episode_length_mean:199.0000	test_return_mean:        153.9803
test_return_std:           2.5920	
2026-04-23 16:38:09,390 - my_experiment - advP_Big_HybridComm_5M_42 - my_run - INFO - t_env: 2500200 / 5050000
2026-04-23 16:38:09,391 - my_experiment - advP_Big_HybridComm_5M_42 - my_run - INFO - Estimated time left: 1 days, 20 minutes, 20 seconds. Time passed: 23 hours, 52 minutes, 42 seconds
2026-04-23 16:39:36,149 - my_experiment - advP_Big_HybridComm_5M_42 - my_run - INFO - Saving models to work_dirs/my_experiment/advP_Big_HybridComm_5M_42/my_run/20260422_164453/models/2500200
2026-04-23 17:06:41,216 - my_experiment - advP_Big_HybridComm_5M_42 - my_run - INFO - Recent Stats | t_env:    2550000 | Episode:    12750
ep_length_mean:          200.0000	episode_length_mean:     199.0000	epsilon:                   0.0500	grad_norm:               596.0661
info_nce_loss:             0.5201	loss:                      1.9451	q_loss:                    1.7683	return_mean:             144.5162
return_std:                1.9744	test_ep_length_mean:     200.0000	test_episode_length_mean:199.0000	test_return_mean:        154.3328
test_return_std:           2.5757	
2026-04-23 17:06:47,726 - my_experiment - advP_Big_HybridComm_5M_42 - my_run - INFO - t_env: 2550200 / 5050000
2026-04-23 17:06:47,727 - my_experiment - advP_Big_HybridComm_5M_42 - my_run - INFO - Estimated time left: 23 hours, 51 minutes, 49 seconds. Time passed: 1 days, 21 minutes, 20 seconds
2026-04-23 17:35:18,737 - my_experiment - advP_Big_HybridComm_5M_42 - my_run - INFO - Recent Stats | t_env:    2600000 | Episode:    13000
ep_length_mean:          200.0000	episode_length_mean:     199.0000	epsilon:                   0.0500	grad_norm:               590.8787
info_nce_loss:             0.5060	loss:                      1.8883	q_loss:                    1.7166	return_mean:             144.6612
return_std:                2.0838	test_ep_length_mean:     200.0000	test_episode_length_mean:199.0000	test_return_mean:        154.3005
test_return_std:           2.5771	
2026-04-23 17:35:25,279 - my_experiment - advP_Big_HybridComm_5M_42 - my_run - INFO - t_env: 2600200 / 5050000
2026-04-23 17:35:25,280 - my_experiment - advP_Big_HybridComm_5M_42 - my_run - INFO - Estimated time left: 23 hours, 22 minutes, 33 seconds. Time passed: 1 days, 49 minutes, 58 seconds
2026-04-23 18:03:56,159 - my_experiment - advP_Big_HybridComm_5M_42 - my_run - INFO - Recent Stats | t_env:    2650000 | Episode:    13250
ep_length_mean:          200.0000	episode_length_mean:     199.0000	epsilon:                   0.0500	grad_norm:               614.7918
info_nce_loss:             0.3001	loss:                      1.9181	q_loss:                    1.7437	return_mean:             144.6495
return_std:                2.0815	test_ep_length_mean:     200.0000	test_episode_length_mean:199.0000	test_return_mean:        154.2478
test_return_std:           2.5458	
2026-04-23 18:04:02,691 - my_experiment - advP_Big_HybridComm_5M_42 - my_run - INFO - t_env: 2650200 / 5050000
2026-04-23 18:04:02,693 - my_experiment - advP_Big_HybridComm_5M_42 - my_run - INFO - Estimated time left: 22 hours, 53 minutes, 48 seconds. Time passed: 1 days, 1 hours, 18 minutes, 35 seconds
2026-04-23 18:32:33,268 - my_experiment - advP_Big_HybridComm_5M_42 - my_run - INFO - Recent Stats | t_env:    2700000 | Episode:    13500
ep_length_mean:          200.0000	episode_length_mean:     199.0000	epsilon:                   0.0500	grad_norm:               587.5815
info_nce_loss:             0.6101	loss:                      1.8617	q_loss:                    1.6925	return_mean:             144.8725
return_std:                1.8871	test_ep_length_mean:     200.0000	test_episode_length_mean:199.0000	test_return_mean:        154.3554
test_return_std:           2.3401	
2026-04-23 18:32:39,815 - my_experiment - advP_Big_HybridComm_5M_42 - my_run - INFO - t_env: 2700200 / 5050000
2026-04-23 18:32:39,816 - my_experiment - advP_Big_HybridComm_5M_42 - my_run - INFO - Estimated time left: 22 hours, 24 minutes, 57 seconds. Time passed: 1 days, 1 hours, 47 minutes, 12 seconds
2026-04-23 19:01:10,912 - my_experiment - advP_Big_HybridComm_5M_42 - my_run - INFO - Recent Stats | t_env:    2750000 | Episode:    13750
ep_length_mean:          200.0000	episode_length_mean:     199.0000	epsilon:                   0.0500	grad_norm:               634.2337
info_nce_loss:             0.1329	loss:                      1.9801	q_loss:                    1.8001	return_mean:             144.8537
return_std:                1.9156	test_ep_length_mean:     200.0000	test_episode_length_mean:199.0000	test_return_mean:        154.3490
test_return_std:           2.2656	
2026-04-23 19:01:17,457 - my_experiment - advP_Big_HybridComm_5M_42 - my_run - INFO - t_env: 2750200 / 5050000
2026-04-23 19:01:17,459 - my_experiment - advP_Big_HybridComm_5M_42 - my_run - INFO - Estimated time left: 21 hours, 56 minutes, 44 seconds. Time passed: 1 days, 2 hours, 15 minutes, 50 seconds
2026-04-23 19:29:48,234 - my_experiment - advP_Big_HybridComm_5M_42 - my_run - INFO - Recent Stats | t_env:    2800000 | Episode:    14000
ep_length_mean:          200.0000	episode_length_mean:     199.0000	epsilon:                   0.0500	grad_norm:               559.4561
info_nce_loss:             0.3089	loss:                      1.8935	q_loss:                    1.7214	return_mean:             144.7839
return_std:                2.0939	test_ep_length_mean:     200.0000	test_episode_length_mean:199.0000	test_return_mean:        154.2046
test_return_std:           2.3307	
2026-04-23 19:29:54,789 - my_experiment - advP_Big_HybridComm_5M_42 - my_run - INFO - t_env: 2800200 / 5050000
2026-04-23 19:29:54,790 - my_experiment - advP_Big_HybridComm_5M_42 - my_run - INFO - Estimated time left: 21 hours, 27 minutes, 53 seconds. Time passed: 1 days, 2 hours, 44 minutes, 27 seconds
2026-04-23 19:58:26,119 - my_experiment - advP_Big_HybridComm_5M_42 - my_run - INFO - Recent Stats | t_env:    2850000 | Episode:    14250
ep_length_mean:          200.0000	episode_length_mean:     199.0000	epsilon:                   0.0500	grad_norm:               610.9214
info_nce_loss:             0.3340	loss:                      1.7662	q_loss:                    1.6056	return_mean:             144.6067
return_std:                2.2146	test_ep_length_mean:     200.0000	test_episode_length_mean:199.0000	test_return_mean:        154.2877
test_return_std:           2.2744	
2026-04-23 19:58:32,656 - my_experiment - advP_Big_HybridComm_5M_42 - my_run - INFO - t_env: 2850200 / 5050000
2026-04-23 19:58:32,658 - my_experiment - advP_Big_HybridComm_5M_42 - my_run - INFO - Estimated time left: 20 hours, 59 minutes, 39 seconds. Time passed: 1 days, 3 hours, 13 minutes, 5 seconds
2026-04-23 20:27:03,348 - my_experiment - advP_Big_HybridComm_5M_42 - my_run - INFO - Recent Stats | t_env:    2900000 | Episode:    14500
ep_length_mean:          200.0000	episode_length_mean:     199.0000	epsilon:                   0.0500	grad_norm:               557.7717
info_nce_loss:             0.5533	loss:                      1.7180	q_loss:                    1.5618	return_mean:             145.0498
return_std:                1.8060	test_ep_length_mean:     200.0000	test_episode_length_mean:199.0000	test_return_mean:        154.0081
test_return_std:           2.4835	
2026-04-23 20:27:09,870 - my_experiment - advP_Big_HybridComm_5M_42 - my_run - INFO - t_env: 2900200 / 5050000
2026-04-23 20:27:09,871 - my_experiment - advP_Big_HybridComm_5M_42 - my_run - INFO - Estimated time left: 20 hours, 30 minutes, 33 seconds. Time passed: 1 days, 3 hours, 41 minutes, 42 seconds
2026-04-23 20:55:42,092 - my_experiment - advP_Big_HybridComm_5M_42 - my_run - INFO - Recent Stats | t_env:    2950000 | Episode:    14750
ep_length_mean:          200.0000	episode_length_mean:     199.0000	epsilon:                   0.0500	grad_norm:               601.6873
info_nce_loss:             0.5093	loss:                      1.7713	q_loss:                    1.6103	return_mean:             145.1621
return_std:                1.5277	test_ep_length_mean:     200.0000	test_episode_length_mean:199.0000	test_return_mean:        153.9886
test_return_std:           2.5282	
2026-04-23 20:55:48,639 - my_experiment - advP_Big_HybridComm_5M_42 - my_run - INFO - t_env: 2950200 / 5050000
2026-04-23 20:55:48,640 - my_experiment - advP_Big_HybridComm_5M_42 - my_run - INFO - Estimated time left: 20 hours, 3 minutes, 1 seconds. Time passed: 1 days, 4 hours, 10 minutes, 21 seconds
2026-04-23 21:24:19,668 - my_experiment - advP_Big_HybridComm_5M_42 - my_run - INFO - Recent Stats | t_env:    3000000 | Episode:    15000
ep_length_mean:          200.0000	episode_length_mean:     199.0000	epsilon:                   0.0500	grad_norm:               602.1024
info_nce_loss:             0.3957	loss:                      1.7848	q_loss:                    1.6226	return_mean:             145.1418
return_std:                1.7630	test_ep_length_mean:     200.0000	test_episode_length_mean:199.0000	test_return_mean:        154.1807
test_return_std:           2.4584	
2026-04-23 21:24:26,175 - my_experiment - advP_Big_HybridComm_5M_42 - my_run - INFO - t_env: 3000200 / 5050000
2026-04-23 21:24:26,176 - my_experiment - advP_Big_HybridComm_5M_42 - my_run - INFO - Estimated time left: 19 hours, 33 minutes, 32 seconds. Time passed: 1 days, 4 hours, 38 minutes, 58 seconds
2026-04-23 21:25:53,053 - my_experiment - advP_Big_HybridComm_5M_42 - my_run - INFO - Saving models to work_dirs/my_experiment/advP_Big_HybridComm_5M_42/my_run/20260422_164453/models/3000200
2026-04-23 21:52:57,981 - my_experiment - advP_Big_HybridComm_5M_42 - my_run - INFO - Recent Stats | t_env:    3050000 | Episode:    15250
ep_length_mean:          200.0000	episode_length_mean:     199.0000	epsilon:                   0.0500	grad_norm:               576.3014
info_nce_loss:             0.5945	loss:                      1.6602	q_loss:                    1.5092	return_mean:             145.1468
return_std:                1.6447	test_ep_length_mean:     200.0000	test_episode_length_mean:199.0000	test_return_mean:        154.4363
test_return_std:           2.2005	
2026-04-23 21:53:04,529 - my_experiment - advP_Big_HybridComm_5M_42 - my_run - INFO - t_env: 3050200 / 5050000
2026-04-23 21:53:04,530 - my_experiment - advP_Big_HybridComm_5M_42 - my_run - INFO - Estimated time left: 19 hours, 5 minutes, 27 seconds. Time passed: 1 days, 5 hours, 7 minutes, 37 seconds
2026-04-23 22:21:35,448 - my_experiment - advP_Big_HybridComm_5M_42 - my_run - INFO - Recent Stats | t_env:    3100000 | Episode:    15500
ep_length_mean:          200.0000	episode_length_mean:     199.0000	epsilon:                   0.0500	grad_norm:               515.7478
info_nce_loss:             0.6869	loss:                      1.5558	q_loss:                    1.4144	return_mean:             145.3559
return_std:                1.5479	test_ep_length_mean:     200.0000	test_episode_length_mean:199.0000	test_return_mean:        154.4284
test_return_std:           2.2654	
2026-04-23 22:21:41,982 - my_experiment - advP_Big_HybridComm_5M_42 - my_run - INFO - t_env: 3100200 / 5050000
2026-04-23 22:21:41,983 - my_experiment - advP_Big_HybridComm_5M_42 - my_run - INFO - Estimated time left: 18 hours, 36 minutes, 13 seconds. Time passed: 1 days, 5 hours, 36 minutes, 14 seconds
2026-04-23 22:50:14,503 - my_experiment - advP_Big_HybridComm_5M_42 - my_run - INFO - Recent Stats | t_env:    3150000 | Episode:    15750
ep_length_mean:          200.0000	episode_length_mean:     199.0000	epsilon:                   0.0500	grad_norm:               560.2384
info_nce_loss:             0.6140	loss:                      1.6602	q_loss:                    1.5093	return_mean:             145.2808
return_std:                1.6702	test_ep_length_mean:     200.0000	test_episode_length_mean:199.0000	test_return_mean:        154.5423
test_return_std:           2.1057	
2026-04-23 22:50:21,051 - my_experiment - advP_Big_HybridComm_5M_42 - my_run - INFO - t_env: 3150200 / 5050000
2026-04-23 22:50:21,052 - my_experiment - advP_Big_HybridComm_5M_42 - my_run - INFO - Estimated time left: 18 hours, 8 minutes, 37 seconds. Time passed: 1 days, 6 hours, 4 minutes, 53 seconds
2026-04-23 23:18:51,836 - my_experiment - advP_Big_HybridComm_5M_42 - my_run - INFO - Recent Stats | t_env:    3200000 | Episode:    16000
ep_length_mean:          200.0000	episode_length_mean:     199.0000	epsilon:                   0.0500	grad_norm:               474.4720
info_nce_loss:             0.2363	loss:                      1.4306	q_loss:                    1.3005	return_mean:             145.6481
return_std:                1.4047	test_ep_length_mean:     200.0000	test_episode_length_mean:199.0000	test_return_mean:        154.7029
test_return_std:           2.0197	
2026-04-23 23:18:58,365 - my_experiment - advP_Big_HybridComm_5M_42 - my_run - INFO - t_env: 3200200 / 5050000
2026-04-23 23:18:58,366 - my_experiment - advP_Big_HybridComm_5M_42 - my_run - INFO - Estimated time left: 17 hours, 38 minutes, 53 seconds. Time passed: 1 days, 6 hours, 33 minutes, 31 seconds
2026-04-23 23:47:29,425 - my_experiment - advP_Big_HybridComm_5M_42 - my_run - INFO - Recent Stats | t_env:    3250000 | Episode:    16250
ep_length_mean:          200.0000	episode_length_mean:     199.0000	epsilon:                   0.0500	grad_norm:               457.6865
info_nce_loss:             0.5633	loss:                      1.4783	q_loss:                    1.3439	return_mean:             145.3569
return_std:                1.4868	test_ep_length_mean:     200.0000	test_episode_length_mean:199.0000	test_return_mean:        154.6409
test_return_std:           2.1151	
2026-04-23 23:47:35,994 - my_experiment - advP_Big_HybridComm_5M_42 - my_run - INFO - t_env: 3250200 / 5050000
2026-04-23 23:47:35,994 - my_experiment - advP_Big_HybridComm_5M_42 - my_run - INFO - Estimated time left: 17 hours, 10 minutes, 27 seconds. Time passed: 1 days, 7 hours, 2 minutes, 8 seconds
2026-04-24 00:16:06,485 - my_experiment - advP_Big_HybridComm_5M_42 - my_run - INFO - Recent Stats | t_env:    3300000 | Episode:    16500
ep_length_mean:          200.0000	episode_length_mean:     199.0000	epsilon:                   0.0500	grad_norm:               440.9975
info_nce_loss:             0.1862	loss:                      1.4774	q_loss:                    1.3431	return_mean:             145.3985
return_std:                1.4429	test_ep_length_mean:     200.0000	test_episode_length_mean:199.0000	test_return_mean:        154.7309
test_return_std:           2.0112	
2026-04-24 00:16:13,030 - my_experiment - advP_Big_HybridComm_5M_42 - my_run - INFO - t_env: 3300200 / 5050000
2026-04-24 00:16:13,031 - my_experiment - advP_Big_HybridComm_5M_42 - my_run - INFO - Estimated time left: 16 hours, 41 minutes, 29 seconds. Time passed: 1 days, 7 hours, 30 minutes, 45 seconds
2026-04-24 00:44:43,937 - my_experiment - advP_Big_HybridComm_5M_42 - my_run - INFO - Recent Stats | t_env:    3350000 | Episode:    16750
ep_length_mean:          200.0000	episode_length_mean:     199.0000	epsilon:                   0.0500	grad_norm:               435.6649
info_nce_loss:             0.4178	loss:                      1.3888	q_loss:                    1.2626	return_mean:             145.3672
return_std:                1.5528	test_ep_length_mean:     200.0000	test_episode_length_mean:199.0000	test_return_mean:        154.8934
test_return_std:           1.8028	
2026-04-24 00:44:50,464 - my_experiment - advP_Big_HybridComm_5M_42 - my_run - INFO - t_env: 3350200 / 5050000
2026-04-24 00:44:50,465 - my_experiment - advP_Big_HybridComm_5M_42 - my_run - INFO - Estimated time left: 16 hours, 13 minutes, 5 seconds. Time passed: 1 days, 7 hours, 59 minutes, 23 seconds
2026-04-24 01:13:22,055 - my_experiment - advP_Big_HybridComm_5M_42 - my_run - INFO - Recent Stats | t_env:    3400000 | Episode:    17000
ep_length_mean:          200.0000	episode_length_mean:     199.0000	epsilon:                   0.0500	grad_norm:               450.6901
info_nce_loss:             0.6997	loss:                      1.3894	q_loss:                    1.2631	return_mean:             145.4931
return_std:                1.4634	test_ep_length_mean:     200.0000	test_episode_length_mean:199.0000	test_return_mean:        155.3021
test_return_std:           1.5871	
2026-04-24 01:13:28,584 - my_experiment - advP_Big_HybridComm_5M_42 - my_run - INFO - t_env: 3400200 / 5050000
2026-04-24 01:13:28,585 - my_experiment - advP_Big_HybridComm_5M_42 - my_run - INFO - Estimated time left: 15 hours, 44 minutes, 51 seconds. Time passed: 1 days, 8 hours, 28 minutes, 1 seconds
2026-04-24 01:41:59,926 - my_experiment - advP_Big_HybridComm_5M_42 - my_run - INFO - Recent Stats | t_env:    3450000 | Episode:    17250
ep_length_mean:          200.0000	episode_length_mean:     199.0000	epsilon:                   0.0500	grad_norm:               463.8266
info_nce_loss:             0.4709	loss:                      1.4738	q_loss:                    1.3398	return_mean:             145.3019
return_std:                1.4087	test_ep_length_mean:     200.0000	test_episode_length_mean:199.0000	test_return_mean:        155.3380
test_return_std:           1.5516	
2026-04-24 01:42:06,476 - my_experiment - advP_Big_HybridComm_5M_42 - my_run - INFO - t_env: 3450200 / 5050000
2026-04-24 01:42:06,477 - my_experiment - advP_Big_HybridComm_5M_42 - my_run - INFO - Estimated time left: 15 hours, 16 minutes, 5 seconds. Time passed: 1 days, 8 hours, 56 minutes, 39 seconds
2026-04-24 02:10:36,922 - my_experiment - advP_Big_HybridComm_5M_42 - my_run - INFO - Recent Stats | t_env:    3500000 | Episode:    17500
ep_length_mean:          200.0000	episode_length_mean:     199.0000	epsilon:                   0.0500	grad_norm:               408.6818
info_nce_loss:             0.3691	loss:                      1.3653	q_loss:                    1.2412	return_mean:             145.6854
return_std:                1.3942	test_ep_length_mean:     200.0000	test_episode_length_mean:199.0000	test_return_mean:        155.5338
test_return_std:           1.3267	
2026-04-24 02:10:43,456 - my_experiment - advP_Big_HybridComm_5M_42 - my_run - INFO - t_env: 3500200 / 5050000
2026-04-24 02:10:43,457 - my_experiment - advP_Big_HybridComm_5M_42 - my_run - INFO - Estimated time left: 14 hours, 46 minutes, 59 seconds. Time passed: 1 days, 9 hours, 25 minutes, 16 seconds
2026-04-24 02:12:10,235 - my_experiment - advP_Big_HybridComm_5M_42 - my_run - INFO - Saving models to work_dirs/my_experiment/advP_Big_HybridComm_5M_42/my_run/20260422_164453/models/3500200
2026-04-24 02:39:13,582 - my_experiment - advP_Big_HybridComm_5M_42 - my_run - INFO - Recent Stats | t_env:    3550000 | Episode:    17750
ep_length_mean:          200.0000	episode_length_mean:     199.0000	epsilon:                   0.0500	grad_norm:               412.8582
info_nce_loss:             0.5231	loss:                      1.4041	q_loss:                    1.2765	return_mean:             145.5429
return_std:                1.4800	test_ep_length_mean:     200.0000	test_episode_length_mean:199.0000	test_return_mean:        155.3899
test_return_std:           1.5115	
2026-04-24 02:39:20,105 - my_experiment - advP_Big_HybridComm_5M_42 - my_run - INFO - t_env: 3550200 / 5050000
2026-04-24 02:39:20,106 - my_experiment - advP_Big_HybridComm_5M_42 - my_run - INFO - Estimated time left: 14 hours, 18 minutes, 12 seconds. Time passed: 1 days, 9 hours, 53 minutes, 52 seconds
2026-04-24 03:07:51,522 - my_experiment - advP_Big_HybridComm_5M_42 - my_run - INFO - Recent Stats | t_env:    3600000 | Episode:    18000
ep_length_mean:          200.0000	episode_length_mean:     199.0000	epsilon:                   0.0500	grad_norm:               387.6839
info_nce_loss:             0.6643	loss:                      1.3246	q_loss:                    1.2042	return_mean:             145.7412
return_std:                1.3175	test_ep_length_mean:     200.0000	test_episode_length_mean:199.0000	test_return_mean:        155.2556
test_return_std:           1.5079	
2026-04-24 03:07:58,064 - my_experiment - advP_Big_HybridComm_5M_42 - my_run - INFO - t_env: 3600200 / 5050000
2026-04-24 03:07:58,065 - my_experiment - advP_Big_HybridComm_5M_42 - my_run - INFO - Estimated time left: 13 hours, 50 minutes, 13 seconds. Time passed: 1 days, 10 hours, 22 minutes, 30 seconds
2026-04-24 03:36:30,483 - my_experiment - advP_Big_HybridComm_5M_42 - my_run - INFO - Recent Stats | t_env:    3650000 | Episode:    18250
ep_length_mean:          200.0000	episode_length_mean:     199.0000	epsilon:                   0.0500	grad_norm:               402.1357
info_nce_loss:             0.6984	loss:                      1.3670	q_loss:                    1.2427	return_mean:             145.7919
return_std:                1.3284	test_ep_length_mean:     200.0000	test_episode_length_mean:199.0000	test_return_mean:        155.3727
test_return_std:           1.3874	
2026-04-24 03:36:37,028 - my_experiment - advP_Big_HybridComm_5M_42 - my_run - INFO - t_env: 3650200 / 5050000
2026-04-24 03:36:37,029 - my_experiment - advP_Big_HybridComm_5M_42 - my_run - INFO - Estimated time left: 13 hours, 22 minutes, 4 seconds. Time passed: 1 days, 10 hours, 51 minutes, 9 seconds
2026-04-24 04:05:08,851 - my_experiment - advP_Big_HybridComm_5M_42 - my_run - INFO - Recent Stats | t_env:    3700000 | Episode:    18500
ep_length_mean:          200.0000	episode_length_mean:     199.0000	epsilon:                   0.0500	grad_norm:               367.5206
info_nce_loss:             0.4235	loss:                      1.3052	q_loss:                    1.1866	return_mean:             145.5342
return_std:                1.6063	test_ep_length_mean:     200.0000	test_episode_length_mean:199.0000	test_return_mean:        155.4359
test_return_std:           1.3273	
2026-04-24 04:05:15,402 - my_experiment - advP_Big_HybridComm_5M_42 - my_run - INFO - t_env: 3700200 / 5050000
2026-04-24 04:05:15,404 - my_experiment - advP_Big_HybridComm_5M_42 - my_run - INFO - Estimated time left: 12 hours, 53 minutes, 9 seconds. Time passed: 1 days, 11 hours, 19 minutes, 48 seconds
2026-04-24 04:33:47,048 - my_experiment - advP_Big_HybridComm_5M_42 - my_run - INFO - Recent Stats | t_env:    3750000 | Episode:    18750
ep_length_mean:          200.0000	episode_length_mean:     199.0000	epsilon:                   0.0500	grad_norm:               336.7857
info_nce_loss:             0.6561	loss:                      1.2616	q_loss:                    1.1469	return_mean:             145.7620
return_std:                1.3179	test_ep_length_mean:     200.0000	test_episode_length_mean:199.0000	test_return_mean:        155.3488
test_return_std:           1.4028	
2026-04-24 04:33:53,582 - my_experiment - advP_Big_HybridComm_5M_42 - my_run - INFO - t_env: 3750200 / 5050000
2026-04-24 04:33:53,583 - my_experiment - advP_Big_HybridComm_5M_42 - my_run - INFO - Estimated time left: 12 hours, 24 minutes, 25 seconds. Time passed: 1 days, 11 hours, 48 minutes, 26 seconds
2026-04-24 05:02:24,519 - my_experiment - advP_Big_HybridComm_5M_42 - my_run - INFO - Recent Stats | t_env:    3800000 | Episode:    19000
ep_length_mean:          200.0000	episode_length_mean:     199.0000	epsilon:                   0.0500	grad_norm:               342.5015
info_nce_loss:             0.3431	loss:                      1.2677	q_loss:                    1.1525	return_mean:             145.7149
return_std:                1.4785	test_ep_length_mean:     200.0000	test_episode_length_mean:199.0000	test_return_mean:        155.4995
test_return_std:           1.2287	
2026-04-24 05:02:31,052 - my_experiment - advP_Big_HybridComm_5M_42 - my_run - INFO - t_env: 3800200 / 5050000
2026-04-24 05:02:31,053 - my_experiment - advP_Big_HybridComm_5M_42 - my_run - INFO - Estimated time left: 11 hours, 55 minutes, 29 seconds. Time passed: 1 days, 12 hours, 17 minutes, 3 seconds
2026-04-24 05:31:02,608 - my_experiment - advP_Big_HybridComm_5M_42 - my_run - INFO - Recent Stats | t_env:    3850000 | Episode:    19250
ep_length_mean:          200.0000	episode_length_mean:     199.0000	epsilon:                   0.0500	grad_norm:               383.3440
info_nce_loss:             0.3095	loss:                      1.3671	q_loss:                    1.2428	return_mean:             145.8204
return_std:                1.3738	test_ep_length_mean:     200.0000	test_episode_length_mean:199.0000	test_return_mean:        155.5649
test_return_std:           1.3530	
2026-04-24 05:31:09,163 - my_experiment - advP_Big_HybridComm_5M_42 - my_run - INFO - t_env: 3850200 / 5050000
2026-04-24 05:31:09,164 - my_experiment - advP_Big_HybridComm_5M_42 - my_run - INFO - Estimated time left: 11 hours, 27 minutes, 7 seconds. Time passed: 1 days, 12 hours, 45 minutes, 41 seconds
2026-04-24 05:59:40,429 - my_experiment - advP_Big_HybridComm_5M_42 - my_run - INFO - Recent Stats | t_env:    3900000 | Episode:    19500
ep_length_mean:          200.0000	episode_length_mean:     199.0000	epsilon:                   0.0500	grad_norm:               335.9131
info_nce_loss:             0.8845	loss:                      1.2752	q_loss:                    1.1593	return_mean:             145.7791
return_std:                1.3703	test_ep_length_mean:     200.0000	test_episode_length_mean:199.0000	test_return_mean:        155.6365
test_return_std:           1.2890	
2026-04-24 05:59:46,955 - my_experiment - advP_Big_HybridComm_5M_42 - my_run - INFO - t_env: 3900200 / 5050000
2026-04-24 05:59:46,956 - my_experiment - advP_Big_HybridComm_5M_42 - my_run - INFO - Estimated time left: 10 hours, 58 minutes, 22 seconds. Time passed: 1 days, 13 hours, 14 minutes, 19 seconds
2026-04-24 06:28:18,101 - my_experiment - advP_Big_HybridComm_5M_42 - my_run - INFO - Recent Stats | t_env:    3950000 | Episode:    19750
ep_length_mean:          200.0000	episode_length_mean:     199.0000	epsilon:                   0.0500	grad_norm:               325.5602
info_nce_loss:             0.5616	loss:                      1.2433	q_loss:                    1.1303	return_mean:             145.7975
return_std:                1.2622	test_ep_length_mean:     200.0000	test_episode_length_mean:199.0000	test_return_mean:        155.7246
test_return_std:           1.2621	
2026-04-24 06:28:24,635 - my_experiment - advP_Big_HybridComm_5M_42 - my_run - INFO - t_env: 3950200 / 5050000
2026-04-24 06:28:24,636 - my_experiment - advP_Big_HybridComm_5M_42 - my_run - INFO - Estimated time left: 10 hours, 29 minutes, 42 seconds. Time passed: 1 days, 13 hours, 42 minutes, 57 seconds
2026-04-24 06:56:56,069 - my_experiment - advP_Big_HybridComm_5M_42 - my_run - INFO - Recent Stats | t_env:    4000000 | Episode:    20000
ep_length_mean:          200.0000	episode_length_mean:     199.0000	epsilon:                   0.0500	grad_norm:               290.2512
info_nce_loss:             0.1494	loss:                      1.1378	q_loss:                    1.0344	return_mean:             145.8116
return_std:                1.3373	test_ep_length_mean:     200.0000	test_episode_length_mean:199.0000	test_return_mean:        155.5708
test_return_std:           1.5025	
2026-04-24 06:57:02,608 - my_experiment - advP_Big_HybridComm_5M_42 - my_run - INFO - t_env: 4000200 / 5050000
2026-04-24 06:57:02,609 - my_experiment - advP_Big_HybridComm_5M_42 - my_run - INFO - Estimated time left: 10 hours, 1 minutes, 10 seconds. Time passed: 1 days, 14 hours, 11 minutes, 35 seconds
2026-04-24 06:58:29,456 - my_experiment - advP_Big_HybridComm_5M_42 - my_run - INFO - Saving models to work_dirs/my_experiment/advP_Big_HybridComm_5M_42/my_run/20260422_164453/models/4000200
2026-04-24 07:25:33,130 - my_experiment - advP_Big_HybridComm_5M_42 - my_run - INFO - Recent Stats | t_env:    4050000 | Episode:    20250
ep_length_mean:          200.0000	episode_length_mean:     199.0000	epsilon:                   0.0500	grad_norm:               302.7258
info_nce_loss:             0.3556	loss:                      1.1644	q_loss:                    1.0586	return_mean:             145.7976
return_std:                1.2397	test_ep_length_mean:     200.0000	test_episode_length_mean:199.0000	test_return_mean:        155.5796
test_return_std:           1.4586	
2026-04-24 07:25:39,684 - my_experiment - advP_Big_HybridComm_5M_42 - my_run - INFO - t_env: 4050200 / 5050000
2026-04-24 07:25:39,686 - my_experiment - advP_Big_HybridComm_5M_42 - my_run - INFO - Estimated time left: 9 hours, 32 minutes, 14 seconds. Time passed: 1 days, 14 hours, 40 minutes, 12 seconds
2026-04-24 07:54:11,033 - my_experiment - advP_Big_HybridComm_5M_42 - my_run - INFO - Recent Stats | t_env:    4100000 | Episode:    20500
ep_length_mean:          200.0000	episode_length_mean:     199.0000	epsilon:                   0.0500	grad_norm:               367.8459
info_nce_loss:             0.1939	loss:                      1.4139	q_loss:                    1.2854	return_mean:             145.8161
return_std:                1.3523	test_ep_length_mean:     200.0000	test_episode_length_mean:199.0000	test_return_mean:        155.7020
test_return_std:           1.3429	
2026-04-24 07:54:17,573 - my_experiment - advP_Big_HybridComm_5M_42 - my_run - INFO - t_env: 4100200 / 5050000
2026-04-24 07:54:17,575 - my_experiment - advP_Big_HybridComm_5M_42 - my_run - INFO - Estimated time left: 9 hours, 3 minutes, 53 seconds. Time passed: 1 days, 15 hours, 8 minutes, 50 seconds
2026-04-24 08:22:49,948 - my_experiment - advP_Big_HybridComm_5M_42 - my_run - INFO - Recent Stats | t_env:    4150000 | Episode:    20750
ep_length_mean:          200.0000	episode_length_mean:     199.0000	epsilon:                   0.0500	grad_norm:               483.6786
info_nce_loss:             0.7157	loss:                      1.5567	q_loss:                    1.4152	return_mean:             144.9582
return_std:                2.1068	test_ep_length_mean:     200.0000	test_episode_length_mean:199.0000	test_return_mean:        155.4423
test_return_std:           1.4386	
2026-04-24 08:22:56,465 - my_experiment - advP_Big_HybridComm_5M_42 - my_run - INFO - t_env: 4150200 / 5050000
2026-04-24 08:22:56,466 - my_experiment - advP_Big_HybridComm_5M_42 - my_run - INFO - Estimated time left: 8 hours, 35 minutes, 33 seconds. Time passed: 1 days, 15 hours, 37 minutes, 29 seconds
2026-04-24 08:51:27,096 - my_experiment - advP_Big_HybridComm_5M_42 - my_run - INFO - Recent Stats | t_env:    4200000 | Episode:    21000
ep_length_mean:          200.0000	episode_length_mean:     199.0000	epsilon:                   0.0500	grad_norm:               409.9704
info_nce_loss:             0.2398	loss:                      1.3527	q_loss:                    1.2297	return_mean:             146.0101
return_std:                1.3572	test_ep_length_mean:     200.0000	test_episode_length_mean:199.0000	test_return_mean:        155.3188
test_return_std:           1.5637	
2026-04-24 08:51:33,618 - my_experiment - advP_Big_HybridComm_5M_42 - my_run - INFO - t_env: 4200200 / 5050000
2026-04-24 08:51:33,618 - my_experiment - advP_Big_HybridComm_5M_42 - my_run - INFO - Estimated time left: 8 hours, 6 minutes, 24 seconds. Time passed: 1 days, 16 hours, 6 minutes, 6 seconds
2026-04-24 09:20:05,094 - my_experiment - advP_Big_HybridComm_5M_42 - my_run - INFO - Recent Stats | t_env:    4250000 | Episode:    21250
ep_length_mean:          200.0000	episode_length_mean:     199.0000	epsilon:                   0.0500	grad_norm:               377.8727
info_nce_loss:             0.5523	loss:                      2.6883	q_loss:                    2.4439	return_mean:             145.7126
return_std:                1.4394	test_ep_length_mean:     200.0000	test_episode_length_mean:199.0000	test_return_mean:        155.4948
test_return_std:           1.3160	
2026-04-24 09:20:11,628 - my_experiment - advP_Big_HybridComm_5M_42 - my_run - INFO - t_env: 4250200 / 5050000
2026-04-24 09:20:11,629 - my_experiment - advP_Big_HybridComm_5M_42 - my_run - INFO - Estimated time left: 7 hours, 38 minutes, 1 seconds. Time passed: 1 days, 16 hours, 34 minutes, 44 seconds
2026-04-24 09:48:42,956 - my_experiment - advP_Big_HybridComm_5M_42 - my_run - INFO - Recent Stats | t_env:    4300000 | Episode:    21500
ep_length_mean:          200.0000	episode_length_mean:     199.0000	epsilon:                   0.0500	grad_norm:               440.1023
info_nce_loss:             0.3103	loss:                      2.0462	q_loss:                    1.8602	return_mean:             144.8588
return_std:                2.7757	test_ep_length_mean:     200.0000	test_episode_length_mean:199.0000	test_return_mean:        155.4544
test_return_std:           1.3804	
2026-04-24 09:48:49,472 - my_experiment - advP_Big_HybridComm_5M_42 - my_run - INFO - t_env: 4300200 / 5050000
2026-04-24 09:48:49,473 - my_experiment - advP_Big_HybridComm_5M_42 - my_run - INFO - Estimated time left: 7 hours, 9 minutes, 20 seconds. Time passed: 1 days, 17 hours, 3 minutes, 22 seconds
2026-04-24 10:17:20,635 - my_experiment - advP_Big_HybridComm_5M_42 - my_run - INFO - Recent Stats | t_env:    4350000 | Episode:    21750
ep_length_mean:          200.0000	episode_length_mean:     199.0000	epsilon:                   0.0500	grad_norm:               311.7453
info_nce_loss:             0.2764	loss:                      1.4084	q_loss:                    1.2804	return_mean:             145.6777
return_std:                1.2935	test_ep_length_mean:     200.0000	test_episode_length_mean:199.0000	test_return_mean:        155.3786
test_return_std:           1.3779	
2026-04-24 10:17:27,178 - my_experiment - advP_Big_HybridComm_5M_42 - my_run - INFO - t_env: 4350200 / 5050000
2026-04-24 10:17:27,179 - my_experiment - advP_Big_HybridComm_5M_42 - my_run - INFO - Estimated time left: 6 hours, 40 minutes, 40 seconds. Time passed: 1 days, 17 hours, 31 minutes, 59 seconds
2026-04-24 10:45:57,309 - my_experiment - advP_Big_HybridComm_5M_42 - my_run - INFO - Recent Stats | t_env:    4400000 | Episode:    22000
ep_length_mean:          200.0000	episode_length_mean:     199.0000	epsilon:                   0.0500	grad_norm:               224.7972
info_nce_loss:             0.8126	loss:                      1.0651	q_loss:                    0.9683	return_mean:             145.5487
return_std:                1.4114	test_ep_length_mean:     200.0000	test_episode_length_mean:199.0000	test_return_mean:        155.6189
test_return_std:           1.3220	
2026-04-24 10:46:03,849 - my_experiment - advP_Big_HybridComm_5M_42 - my_run - INFO - t_env: 4400200 / 5050000
2026-04-24 10:46:03,850 - my_experiment - advP_Big_HybridComm_5M_42 - my_run - INFO - Estimated time left: 6 hours, 11 minutes, 49 seconds. Time passed: 1 days, 18 hours, 36 seconds
2026-04-24 11:14:34,391 - my_experiment - advP_Big_HybridComm_5M_42 - my_run - INFO - Recent Stats | t_env:    4450000 | Episode:    22250
ep_length_mean:          200.0000	episode_length_mean:     199.0000	epsilon:                   0.0500	grad_norm:               242.7080
info_nce_loss:             0.5937	loss:                      1.1071	q_loss:                    1.0064	return_mean:             145.8932
return_std:                1.2954	test_ep_length_mean:     200.0000	test_episode_length_mean:199.0000	test_return_mean:        155.6519
test_return_std:           1.2740	
2026-04-24 11:14:40,911 - my_experiment - advP_Big_HybridComm_5M_42 - my_run - INFO - t_env: 4450200 / 5050000
2026-04-24 11:14:40,912 - my_experiment - advP_Big_HybridComm_5M_42 - my_run - INFO - Estimated time left: 5 hours, 43 minutes, 17 seconds. Time passed: 1 days, 18 hours, 29 minutes, 13 seconds
2026-04-24 11:43:11,718 - my_experiment - advP_Big_HybridComm_5M_42 - my_run - INFO - Recent Stats | t_env:    4500000 | Episode:    22500
ep_length_mean:          200.0000	episode_length_mean:     199.0000	epsilon:                   0.0500	grad_norm:               214.7242
info_nce_loss:             0.8419	loss:                      1.0275	q_loss:                    0.9341	return_mean:             145.9009
return_std:                1.2627	test_ep_length_mean:     200.0000	test_episode_length_mean:199.0000	test_return_mean:        155.7331
test_return_std:           1.2418	
2026-04-24 11:43:18,265 - my_experiment - advP_Big_HybridComm_5M_42 - my_run - INFO - t_env: 4500200 / 5050000
2026-04-24 11:43:18,266 - my_experiment - advP_Big_HybridComm_5M_42 - my_run - INFO - Estimated time left: 5 hours, 14 minutes, 44 seconds. Time passed: 1 days, 18 hours, 57 minutes, 51 seconds
2026-04-24 11:44:44,992 - my_experiment - advP_Big_HybridComm_5M_42 - my_run - INFO - Saving models to work_dirs/my_experiment/advP_Big_HybridComm_5M_42/my_run/20260422_164453/models/4500200
2026-04-24 12:11:49,631 - my_experiment - advP_Big_HybridComm_5M_42 - my_run - INFO - Recent Stats | t_env:    4550000 | Episode:    22750
ep_length_mean:          200.0000	episode_length_mean:     199.0000	epsilon:                   0.0500	grad_norm:               234.1577
info_nce_loss:             0.2902	loss:                      1.0706	q_loss:                    0.9733	return_mean:             146.0012
return_std:                1.1548	test_ep_length_mean:     200.0000	test_episode_length_mean:199.0000	test_return_mean:        155.5980
test_return_std:           1.3556	
2026-04-24 12:11:56,161 - my_experiment - advP_Big_HybridComm_5M_42 - my_run - INFO - t_env: 4550200 / 5050000
2026-04-24 12:11:56,162 - my_experiment - advP_Big_HybridComm_5M_42 - my_run - INFO - Estimated time left: 4 hours, 46 minutes, 12 seconds. Time passed: 1 days, 19 hours, 26 minutes, 28 seconds
2026-04-24 12:40:28,181 - my_experiment - advP_Big_HybridComm_5M_42 - my_run - INFO - Recent Stats | t_env:    4600000 | Episode:    23000
ep_length_mean:          200.0000	episode_length_mean:     199.0000	epsilon:                   0.0500	grad_norm:               240.5841
info_nce_loss:             0.3454	loss:                      1.0613	q_loss:                    0.9648	return_mean:             146.0827
return_std:                1.1828	test_ep_length_mean:     200.0000	test_episode_length_mean:199.0000	test_return_mean:        155.7053
test_return_std:           1.3698	
2026-04-24 12:40:34,736 - my_experiment - advP_Big_HybridComm_5M_42 - my_run - INFO - t_env: 4600200 / 5050000
2026-04-24 12:40:34,737 - my_experiment - advP_Big_HybridComm_5M_42 - my_run - INFO - Estimated time left: 4 hours, 17 minutes, 40 seconds. Time passed: 1 days, 19 hours, 55 minutes, 7 seconds
2026-04-24 13:09:06,075 - my_experiment - advP_Big_HybridComm_5M_42 - my_run - INFO - Recent Stats | t_env:    4650000 | Episode:    23250
ep_length_mean:          200.0000	episode_length_mean:     199.0000	epsilon:                   0.0500	grad_norm:               241.1703
info_nce_loss:             0.8723	loss:                      1.0928	q_loss:                    0.9934	return_mean:             145.9499
return_std:                1.1191	test_ep_length_mean:     200.0000	test_episode_length_mean:199.0000	test_return_mean:        155.6809
test_return_std:           1.4202	
2026-04-24 13:09:12,584 - my_experiment - advP_Big_HybridComm_5M_42 - my_run - INFO - t_env: 4650200 / 5050000
2026-04-24 13:09:12,585 - my_experiment - advP_Big_HybridComm_5M_42 - my_run - INFO - Estimated time left: 3 hours, 48 minutes, 55 seconds. Time passed: 1 days, 20 hours, 23 minutes, 45 seconds
2026-04-24 13:37:43,970 - my_experiment - advP_Big_HybridComm_5M_42 - my_run - INFO - Recent Stats | t_env:    4700000 | Episode:    23500
ep_length_mean:          200.0000	episode_length_mean:     199.0000	epsilon:                   0.0500	grad_norm:               191.7399
info_nce_loss:             0.6897	loss:                      1.1029	q_loss:                    1.0026	return_mean:             146.0595
return_std:                1.0908	test_ep_length_mean:     200.0000	test_episode_length_mean:199.0000	test_return_mean:        155.6368
test_return_std:           1.3836	
2026-04-24 13:37:50,496 - my_experiment - advP_Big_HybridComm_5M_42 - my_run - INFO - t_env: 4700200 / 5050000
2026-04-24 13:37:50,497 - my_experiment - advP_Big_HybridComm_5M_42 - my_run - INFO - Estimated time left: 3 hours, 20 minutes, 18 seconds. Time passed: 1 days, 20 hours, 52 minutes, 23 seconds
2026-04-24 14:06:22,111 - my_experiment - advP_Big_HybridComm_5M_42 - my_run - INFO - Recent Stats | t_env:    4750000 | Episode:    23750
ep_length_mean:          200.0000	episode_length_mean:     199.0000	epsilon:                   0.0500	grad_norm:               206.0154
info_nce_loss:             0.6271	loss:                      1.0218	q_loss:                    0.9289	return_mean:             146.1181
return_std:                1.1376	test_ep_length_mean:     200.0000	test_episode_length_mean:199.0000	test_return_mean:        155.5843
test_return_std:           1.4385	
2026-04-24 14:06:28,665 - my_experiment - advP_Big_HybridComm_5M_42 - my_run - INFO - t_env: 4750200 / 5050000
2026-04-24 14:06:28,666 - my_experiment - advP_Big_HybridComm_5M_42 - my_run - INFO - Estimated time left: 2 hours, 51 minutes, 42 seconds. Time passed: 1 days, 21 hours, 21 minutes, 1 seconds
2026-04-24 14:34:59,849 - my_experiment - advP_Big_HybridComm_5M_42 - my_run - INFO - Recent Stats | t_env:    4800000 | Episode:    24000
ep_length_mean:          200.0000	episode_length_mean:     199.0000	epsilon:                   0.0500	grad_norm:               223.1974
info_nce_loss:             0.3584	loss:                      1.0656	q_loss:                    0.9687	return_mean:             146.0781
return_std:                1.1824	test_ep_length_mean:     200.0000	test_episode_length_mean:199.0000	test_return_mean:        155.7917
test_return_std:           1.2673	
2026-04-24 14:35:06,459 - my_experiment - advP_Big_HybridComm_5M_42 - my_run - INFO - t_env: 4800200 / 5050000
2026-04-24 14:35:06,460 - my_experiment - advP_Big_HybridComm_5M_42 - my_run - INFO - Estimated time left: 2 hours, 23 minutes, 2 seconds. Time passed: 1 days, 21 hours, 49 minutes, 39 seconds
2026-04-24 15:03:38,450 - my_experiment - advP_Big_HybridComm_5M_42 - my_run - INFO - Recent Stats | t_env:    4850000 | Episode:    24250
ep_length_mean:          200.0000	episode_length_mean:     199.0000	epsilon:                   0.0500	grad_norm:               240.8928
info_nce_loss:             0.5236	loss:                      1.0444	q_loss:                    0.9495	return_mean:             146.1925
return_std:                1.1485	test_ep_length_mean:     200.0000	test_episode_length_mean:199.0000	test_return_mean:        155.7750
test_return_std:           1.3178	
2026-04-24 15:03:44,998 - my_experiment - advP_Big_HybridComm_5M_42 - my_run - INFO - t_env: 4850200 / 5050000
2026-04-24 15:03:44,999 - my_experiment - advP_Big_HybridComm_5M_42 - my_run - INFO - Estimated time left: 1 hours, 54 minutes, 27 seconds. Time passed: 1 days, 22 hours, 18 minutes, 17 seconds
2026-04-24 15:32:15,832 - my_experiment - advP_Big_HybridComm_5M_42 - my_run - INFO - Recent Stats | t_env:    4900000 | Episode:    24500
ep_length_mean:          200.0000	episode_length_mean:     199.0000	epsilon:                   0.0500	grad_norm:               180.4705
info_nce_loss:             0.4107	loss:                      1.0043	q_loss:                    0.9130	return_mean:             146.1946
return_std:                1.2781	test_ep_length_mean:     200.0000	test_episode_length_mean:199.0000	test_return_mean:        155.8609
test_return_std:           1.2409	
2026-04-24 15:32:22,362 - my_experiment - advP_Big_HybridComm_5M_42 - my_run - INFO - t_env: 4900200 / 5050000
2026-04-24 15:32:22,363 - my_experiment - advP_Big_HybridComm_5M_42 - my_run - INFO - Estimated time left: 1 hours, 25 minutes, 45 seconds. Time passed: 1 days, 22 hours, 46 minutes, 55 seconds
2026-04-24 16:00:52,399 - my_experiment - advP_Big_HybridComm_5M_42 - my_run - INFO - Recent Stats | t_env:    4950000 | Episode:    24750
ep_length_mean:          200.0000	episode_length_mean:     199.0000	epsilon:                   0.0500	grad_norm:               171.6715
info_nce_loss:             0.5580	loss:                      1.0053	q_loss:                    0.9139	return_mean:             145.9718
return_std:                1.2980	test_ep_length_mean:     200.0000	test_episode_length_mean:199.0000	test_return_mean:        156.0467
test_return_std:           1.2058	
2026-04-24 16:00:58,943 - my_experiment - advP_Big_HybridComm_5M_42 - my_run - INFO - t_env: 4950200 / 5050000
2026-04-24 16:00:58,944 - my_experiment - advP_Big_HybridComm_5M_42 - my_run - INFO - Estimated time left: 57 minutes, 6 seconds. Time passed: 1 days, 23 hours, 15 minutes, 31 seconds
2026-04-24 16:29:29,319 - my_experiment - advP_Big_HybridComm_5M_42 - my_run - INFO - Recent Stats | t_env:    5000000 | Episode:    25000
ep_length_mean:          200.0000	episode_length_mean:     199.0000	epsilon:                   0.0500	grad_norm:               201.6733
info_nce_loss:             0.5216	loss:                      0.9653	q_loss:                    0.8775	return_mean:             146.1646
return_std:                1.1081	test_ep_length_mean:     200.0000	test_episode_length_mean:199.0000	test_return_mean:        156.0741
test_return_std:           1.1391	
2026-04-24 16:29:35,874 - my_experiment - advP_Big_HybridComm_5M_42 - my_run - INFO - t_env: 5000200 / 5050000
2026-04-24 16:29:35,875 - my_experiment - advP_Big_HybridComm_5M_42 - my_run - INFO - Estimated time left: 28 minutes, 30 seconds. Time passed: 1 days, 23 hours, 44 minutes, 8 seconds
2026-04-24 16:31:02,779 - my_experiment - advP_Big_HybridComm_5M_42 - my_run - INFO - Saving models to work_dirs/my_experiment/advP_Big_HybridComm_5M_42/my_run/20260422_164453/models/5000200
slurmstepd: error: *** JOB 1906311 ON artongpu01 CANCELLED AT 2026-04-24T16:44:59 DUE TO TIME LIMIT ***
