JOB ID: 1910238
Running on node: tikgpu06
Project Directory: /usr/itetnas04/data-scratch-01/pparsons/data/MyExpoComm
--------------------------------
Algorithm:   iql
Environment: MAgent_AdvPursuit
Profile:     advP_Big_IQL_RNN_5M_44
--------------------------------
Conda activated: /usr/itetnas04/data-scratch-01/pparsons/data/conda_envs/ExpoComm
Starting Run...
Warning: Loaded 4 layers but model has 6 layers.
Exiting Main
Stopping all threads
Thread wandb-AsyncioManager-main is alive! Is daemon: True
Thread joined
Thread ChkStopThr is alive! Is daemon: True
Thread joined
Thread IntMsgThr is alive! Is daemon: True
Thread joined
Exiting script
[1;34mwandb[0m: 
[1;34mwandb[0m: 🚀 View run [33mmy_run-advP_Big_IQL_RNN_5M_44-20260426_073353[0m at: [34mhttps://wandb.ai/peterparsons02-eth-z-rich/my_experiment/runs/ents6j3u[0m
[1;34mwandb[0m: Find logs at: [1;35mwandb/run-20260426_073353-ents6j3u/logs[0m
Finished at: Mon Apr 27 18:20:58 CEST 2026
