Gym has been unmaintained since 2022 and does not support NumPy 2.0 amongst other critical functionality.
Please upgrade to Gymnasium, the maintained drop-in replacement of Gym, or contact the authors of your software and request that they upgrade.
Users of this version of Gym should be able to simply replace 'import gym' with 'import gymnasium as gym' in the vast majority of cases.
See the migration guide at https://gymnasium.farama.org/introduction/migration_guide/ for additional information.
src/main.py:81: DeprecationWarning: Using or importing the ABCs from 'collections' instead of from 'collections.abc' is deprecated since Python 3.3, and in 3.10 it will stop working
  if isinstance(v, collections.Mapping):
wandb: [wandb.login()] Loaded credentials for https://api.wandb.ai from /home/pparsons/.netrc.
wandb: Currently logged in as: peterparsons02 (peterparsons02-eth-z-rich) to https://api.wandb.ai. Use `wandb login --relogin` to force relogin
wandb: setting up run wxj08kxb
wandb: Tracking run with wandb version 0.24.1
wandb: Run data is saved locally in /usr/itetnas04/data-scratch-01/pparsons/data/MyExpoComm/wandb/run-20260426_043610-wxj08kxb
wandb: Run `wandb offline` to turn off syncing.
wandb: Syncing run my_run-advP_Big_HybridComm_5M_44-20260426_043608
wandb: ⭐️ View project at https://wandb.ai/peterparsons02-eth-z-rich/my_experiment
wandb: 🚀 View run at https://wandb.ai/peterparsons02-eth-z-rich/my_experiment/runs/wxj08kxb
2026-04-26 04:36:15,358 - my_experiment - advP_Big_HybridComm_5M_44 - my_run - INFO - Current directory: /usr/itetnas04/data-scratch-01/pparsons/data/MyExpoComm.
2026-04-26 04:36:15,359 - my_experiment - advP_Big_HybridComm_5M_44 - my_run - INFO - Experiment Parameters:
2026-04-26 04:36:15,360 - my_experiment - advP_Big_HybridComm_5M_44 - my_run - INFO - 

{   'action_selector': 'epsilon_greedy',
    'add_value_last_step': True,
    'agent': 'ExpoComm_one_peer_cont',
    'agent_output_type': 'q',
    'attention_dim': 32,
    'aux_coef': 0.1,
    'batch_size': 32,
    'batch_size_run': 1,
    'buffer_cpu_only': True,
    'buffer_size': 2000,
    'checkpoint_path': '',
    'double_q': True,
    'env': 'MAgent_AdvPursuit',
    'env_args': {   'global_reward': False,
                    'map_name': 'adversarial_pursuit_view8',
                    'map_size': 70,
                    'max_cycles': 200,
                    'minimap_mode': True,
                    'pretrained_ckpt': 'prey_params.pt',
                    'seed': 44},
    'epsilon_anneal_time': 1000000,
    'epsilon_finish': 0.05,
    'epsilon_start': 1.0,
    'evaluate': False,
    'evaluation_epsilon': 0.0,
    'exp_name': 'my_experiment',
    'gamma': 0.99,
    'global_reward': True,
    'grad_norm_clip': 10,
    'hidden_dim': 64,
    'hypergroup': None,
    'label': 'default_label',
    'learner': 'hybrid_comm_learner',
    'learner_log_interval': 10000,
    'load_step': 0,
    'local_results_path': 'results',
    'log_interval': 50000,
    'lr': 0.0005,
    'mac': 'ExpoComm_mac',
    'mixer': None,
    'name': 'advP_Big_HybridComm_5M_44',
    'neg_num': 20,
    'obs_agent_id': True,
    'obs_individual_obs': False,
    'obs_last_action': True,
    'one_peer': True,
    'optim_alpha': 0.99,
    'optim_eps': 1e-05,
    'render': False,
    'repeat_id': 1,
    'run_name': 'my_run',
    'runner': 'episode',
    'runner_log_interval': 10000,
    'save_model': True,
    'save_model_interval': 500000,
    'save_replay': False,
    'seed': 44,
    'standardise_returns': False,
    'standardise_rewards': True,
    't_max': 5050000,
    'target_update_interval_or_tau': 200,
    'temperature': 0.07,
    'test_greedy': True,
    'test_interval': 50000,
    'test_nepisode': 16,
    'topk_neighbors': 7,
    'use_cuda': True,
    'use_rnn': True,
    'use_tensorboard': True,
    'work_dir': 'work_dirs/my_experiment/advP_Big_HybridComm_5M_44/my_run/20260426_043608'}

/usr/itetnas04/data-scratch-01/pparsons/data/conda_envs/ExpoComm/lib/python3.8/site-packages/pettingzoo/utils/conversions.py:41: UserWarning: The `from_parallel` function is deprecated. Use the `parallel_to_aec` function instead.
  warnings.warn("The `from_parallel` function is deprecated. Use the `parallel_to_aec` function instead.")
/usr/itetnas04/data-scratch-01/pparsons/data/conda_envs/ExpoComm/lib/python3.8/site-packages/pettingzoo/utils/wrappers/base.py:44: UserWarning: The `observation_spaces` dictionary is deprecated. Use the `observation_space` function instead.
  warnings.warn("The `observation_spaces` dictionary is deprecated. Use the `observation_space` function instead.")
/usr/itetnas04/data-scratch-01/pparsons/data/conda_envs/ExpoComm/lib/python3.8/site-packages/pettingzoo/utils/conversions.py:36: UserWarning: The `to_parallel` function is deprecated. Use the `aec_to_parallel` function instead.
  warnings.warn("The `to_parallel` function is deprecated. Use the `aec_to_parallel` function instead.")
/usr/itetnas04/data-scratch-01/pparsons/data/conda_envs/ExpoComm/lib/python3.8/site-packages/pettingzoo/utils/conversions.py:80: UserWarning: The `action_spaces` dictionary is deprecated. Use the `action_space` function instead.
  warnings.warn("The `action_spaces` dictionary is deprecated. Use the `action_space` function instead.")
/usr/itetnas04/data-scratch-01/pparsons/data/conda_envs/ExpoComm/lib/python3.8/site-packages/pettingzoo/utils/wrappers/base.py:52: UserWarning: The `action_spaces` dictionary is deprecated. Use the `action_space` function instead.
  warnings.warn("The `action_spaces` dictionary is deprecated. Use the `action_space` function instead.")
/usr/itetnas04/data-scratch-01/pparsons/data/conda_envs/ExpoComm/lib/python3.8/site-packages/pettingzoo/utils/conversions.py:72: UserWarning: The `observation_spaces` dictionary is deprecated. Use the `observation_space` function instead.
  warnings.warn("The `observation_spaces` dictionary is deprecated. Use the `observation_space` function instead.")
2026-04-26 04:36:39,639 - my_experiment - advP_Big_HybridComm_5M_44 - my_run - INFO - Beginning training for 5050000 timesteps
/usr/itetnas04/data-scratch-01/pparsons/data/MyExpoComm/src/envs/adv_pursuit_wrappers.py:240: UserWarning: To copy construct from a tensor, it is recommended to use sourceTensor.clone().detach() or sourceTensor.clone().detach().requires_grad_(True), rather than torch.tensor(sourceTensor).
  actions = th.tensor(actions, dtype=th.long)
2026-04-26 04:36:48,848 - my_experiment - advP_Big_HybridComm_5M_44 - my_run - INFO - t_env: 200 / 5050000
2026-04-26 04:36:48,849 - my_experiment - advP_Big_HybridComm_5M_44 - my_run - INFO - Estimated time left: 15 minutes, 26 seconds. Time passed: 9 seconds
2026-04-26 04:38:04,884 - my_experiment - advP_Big_HybridComm_5M_44 - my_run - INFO - Saving models to work_dirs/my_experiment/advP_Big_HybridComm_5M_44/my_run/20260426_043608/models/200
2026-04-26 04:59:33,265 - my_experiment - advP_Big_HybridComm_5M_44 - my_run - INFO - Recent Stats | t_env:      50000 | Episode:      250
ep_length_mean:          200.0000	episode_length_mean:     199.0000	epsilon:                   0.9620	grad_norm:                 0.9935
info_nce_loss:             3.0276	loss:                      1.0272	q_loss:                    0.9339	return_mean:             -21.2104
return_std:                0.6091	test_ep_length_mean:     200.0000	test_episode_length_mean:199.0000	test_return_mean:        -39.3689
test_return_std:           1.2824	
2026-04-26 04:59:38,557 - my_experiment - advP_Big_HybridComm_5M_44 - my_run - INFO - t_env: 50200 / 5050000
2026-04-26 04:59:38,558 - my_experiment - advP_Big_HybridComm_5M_44 - my_run - INFO - Estimated time left: 1 days, 14 hours, 2 minutes, 45 seconds. Time passed: 22 minutes, 58 seconds
2026-04-26 05:22:55,239 - my_experiment - advP_Big_HybridComm_5M_44 - my_run - INFO - Recent Stats | t_env:     100000 | Episode:      500
ep_length_mean:          200.0000	episode_length_mean:     199.0000	epsilon:                   0.9145	grad_norm:                 2.0338
info_nce_loss:             2.9018	loss:                      1.1659	q_loss:                    1.0599	return_mean:             -18.4773
return_std:                0.8529	test_ep_length_mean:     200.0000	test_episode_length_mean:199.0000	test_return_mean:          4.0387
test_return_std:           5.6523	
2026-04-26 05:23:00,531 - my_experiment - advP_Big_HybridComm_5M_44 - my_run - INFO - t_env: 100200 / 5050000
2026-04-26 05:23:00,532 - my_experiment - advP_Big_HybridComm_5M_44 - my_run - INFO - Estimated time left: 1 days, 14 hours, 33 minutes, 9 seconds. Time passed: 46 minutes, 20 seconds
2026-04-26 05:46:23,263 - my_experiment - advP_Big_HybridComm_5M_44 - my_run - INFO - Recent Stats | t_env:     150000 | Episode:      750
ep_length_mean:          200.0000	episode_length_mean:     199.0000	epsilon:                   0.8670	grad_norm:                 5.1032
info_nce_loss:             1.8150	loss:                      2.2397	q_loss:                    2.0361	return_mean:             -13.1880
return_std:                1.2656	test_ep_length_mean:     200.0000	test_episode_length_mean:199.0000	test_return_mean:         43.3988
test_return_std:           6.9218	
2026-04-26 05:46:28,535 - my_experiment - advP_Big_HybridComm_5M_44 - my_run - INFO - t_env: 150200 / 5050000
2026-04-26 05:46:28,536 - my_experiment - advP_Big_HybridComm_5M_44 - my_run - INFO - Estimated time left: 1 days, 14 hours, 19 minutes, 38 seconds. Time passed: 1 hours, 9 minutes, 48 seconds
2026-04-26 06:09:54,232 - my_experiment - advP_Big_HybridComm_5M_44 - my_run - INFO - Recent Stats | t_env:     200000 | Episode:     1000
ep_length_mean:          200.0000	episode_length_mean:     199.0000	epsilon:                   0.8195	grad_norm:                 9.5022
info_nce_loss:             1.1384	loss:                      3.6986	q_loss:                    3.3624	return_mean:              -8.3934
return_std:                1.5096	test_ep_length_mean:     200.0000	test_episode_length_mean:199.0000	test_return_mean:         62.8340
test_return_std:           6.7589	
2026-04-26 06:09:59,529 - my_experiment - advP_Big_HybridComm_5M_44 - my_run - INFO - t_env: 200200 / 5050000
2026-04-26 06:09:59,530 - my_experiment - advP_Big_HybridComm_5M_44 - my_run - INFO - Estimated time left: 1 days, 14 hours, 1 minutes, 0 seconds. Time passed: 1 hours, 33 minutes, 19 seconds
2026-04-26 06:33:03,401 - my_experiment - advP_Big_HybridComm_5M_44 - my_run - INFO - Recent Stats | t_env:     250000 | Episode:     1250
ep_length_mean:          200.0000	episode_length_mean:     199.0000	epsilon:                   0.7720	grad_norm:                36.4592
info_nce_loss:             0.7905	loss:                      8.0701	q_loss:                    7.3365	return_mean:              -2.4461
return_std:                1.9935	test_ep_length_mean:     200.0000	test_episode_length_mean:199.0000	test_return_mean:         74.7311
test_return_std:           7.1369	
2026-04-26 06:33:08,709 - my_experiment - advP_Big_HybridComm_5M_44 - my_run - INFO - t_env: 250200 / 5050000
2026-04-26 06:33:08,709 - my_experiment - advP_Big_HybridComm_5M_44 - my_run - INFO - Estimated time left: 1 days, 13 hours, 2 minutes, 35 seconds. Time passed: 1 hours, 56 minutes, 29 seconds
2026-04-26 06:56:46,656 - my_experiment - advP_Big_HybridComm_5M_44 - my_run - INFO - Recent Stats | t_env:     300000 | Episode:     1500
ep_length_mean:          200.0000	episode_length_mean:     199.0000	epsilon:                   0.7245	grad_norm:                61.5727
info_nce_loss:             0.5490	loss:                      6.7738	q_loss:                    6.1580	return_mean:               4.4080
return_std:                2.2391	test_ep_length_mean:     200.0000	test_episode_length_mean:199.0000	test_return_mean:        106.4952
test_return_std:           8.6551	
2026-04-26 06:56:51,957 - my_experiment - advP_Big_HybridComm_5M_44 - my_run - INFO - t_env: 300200 / 5050000
2026-04-26 06:56:51,959 - my_experiment - advP_Big_HybridComm_5M_44 - my_run - INFO - Estimated time left: 1 days, 13 hours, 33 minutes, 22 seconds. Time passed: 2 hours, 20 minutes, 12 seconds
2026-04-26 07:20:19,616 - my_experiment - advP_Big_HybridComm_5M_44 - my_run - INFO - Recent Stats | t_env:     350000 | Episode:     1750
ep_length_mean:          200.0000	episode_length_mean:     199.0000	epsilon:                   0.6770	grad_norm:               120.4109
info_nce_loss:             0.4535	loss:                      7.9072	q_loss:                    7.1884	return_mean:              11.7877
return_std:                2.4350	test_ep_length_mean:     200.0000	test_episode_length_mean:199.0000	test_return_mean:        121.2998
test_return_std:           8.5157	
2026-04-26 07:20:25,014 - my_experiment - advP_Big_HybridComm_5M_44 - my_run - INFO - t_env: 350200 / 5050000
2026-04-26 07:20:25,014 - my_experiment - advP_Big_HybridComm_5M_44 - my_run - INFO - Estimated time left: 1 days, 12 hours, 53 minutes, 41 seconds. Time passed: 2 hours, 43 minutes, 45 seconds
2026-04-26 07:43:28,505 - my_experiment - advP_Big_HybridComm_5M_44 - my_run - INFO - Recent Stats | t_env:     400000 | Episode:     2000
ep_length_mean:          200.0000	episode_length_mean:     199.0000	epsilon:                   0.6295	grad_norm:               193.8941
info_nce_loss:             0.6200	loss:                      9.0273	q_loss:                    8.2066	return_mean:              19.2771
return_std:                3.0007	test_ep_length_mean:     200.0000	test_episode_length_mean:199.0000	test_return_mean:        122.6588
test_return_std:           8.0375	
2026-04-26 07:43:33,767 - my_experiment - advP_Big_HybridComm_5M_44 - my_run - INFO - t_env: 400200 / 5050000
2026-04-26 07:43:33,768 - my_experiment - advP_Big_HybridComm_5M_44 - my_run - INFO - Estimated time left: 1 days, 11 hours, 52 minutes, 28 seconds. Time passed: 3 hours, 6 minutes, 54 seconds
2026-04-26 08:07:03,821 - my_experiment - advP_Big_HybridComm_5M_44 - my_run - INFO - Recent Stats | t_env:     450000 | Episode:     2250
ep_length_mean:          200.0000	episode_length_mean:     199.0000	epsilon:                   0.5820	grad_norm:               176.3974
info_nce_loss:             0.4565	loss:                     10.3369	q_loss:                    9.3972	return_mean:              26.4832
return_std:                3.2383	test_ep_length_mean:     200.0000	test_episode_length_mean:199.0000	test_return_mean:        124.0209
test_return_std:           8.1124	
2026-04-26 08:07:09,364 - my_experiment - advP_Big_HybridComm_5M_44 - my_run - INFO - t_env: 450200 / 5050000
2026-04-26 08:07:09,365 - my_experiment - advP_Big_HybridComm_5M_44 - my_run - INFO - Estimated time left: 1 days, 12 hours, 10 minutes, 29 seconds. Time passed: 3 hours, 30 minutes, 29 seconds
2026-04-26 08:30:28,137 - my_experiment - advP_Big_HybridComm_5M_44 - my_run - INFO - Recent Stats | t_env:     500000 | Episode:     2500
ep_length_mean:          200.0000	episode_length_mean:     199.0000	epsilon:                   0.5345	grad_norm:               285.3439
info_nce_loss:             0.5434	loss:                      9.4206	q_loss:                    8.5642	return_mean:              34.4170
return_std:                3.3400	test_ep_length_mean:     200.0000	test_episode_length_mean:199.0000	test_return_mean:        124.3359
test_return_std:           8.0133	
2026-04-26 08:30:33,468 - my_experiment - advP_Big_HybridComm_5M_44 - my_run - INFO - t_env: 500200 / 5050000
2026-04-26 08:30:33,469 - my_experiment - advP_Big_HybridComm_5M_44 - my_run - INFO - Estimated time left: 1 days, 11 hours, 29 minutes, 27 seconds. Time passed: 3 hours, 53 minutes, 53 seconds
2026-04-26 08:31:46,820 - my_experiment - advP_Big_HybridComm_5M_44 - my_run - INFO - Saving models to work_dirs/my_experiment/advP_Big_HybridComm_5M_44/my_run/20260426_043608/models/500200
2026-04-26 08:53:56,693 - my_experiment - advP_Big_HybridComm_5M_44 - my_run - INFO - Recent Stats | t_env:     550000 | Episode:     2750
ep_length_mean:          200.0000	episode_length_mean:     199.0000	epsilon:                   0.4870	grad_norm:               369.4561
info_nce_loss:             0.6648	loss:                     10.2877	q_loss:                    9.3524	return_mean:              42.0337
return_std:                3.6830	test_ep_length_mean:     200.0000	test_episode_length_mean:199.0000	test_return_mean:        126.4612
test_return_std:           7.6412	
2026-04-26 08:54:01,963 - my_experiment - advP_Big_HybridComm_5M_44 - my_run - INFO - t_env: 550200 / 5050000
2026-04-26 08:54:01,964 - my_experiment - advP_Big_HybridComm_5M_44 - my_run - INFO - Estimated time left: 1 days, 11 hours, 12 minutes, 38 seconds. Time passed: 4 hours, 17 minutes, 22 seconds
2026-04-26 09:17:05,436 - my_experiment - advP_Big_HybridComm_5M_44 - my_run - INFO - Recent Stats | t_env:     600000 | Episode:     3000
ep_length_mean:          200.0000	episode_length_mean:     199.0000	epsilon:                   0.4395	grad_norm:               742.4632
info_nce_loss:             0.6529	loss:                     11.2092	q_loss:                   10.1902	return_mean:              50.7021
return_std:                3.6525	test_ep_length_mean:     200.0000	test_episode_length_mean:199.0000	test_return_mean:        128.4083
test_return_std:           7.3215	
2026-04-26 09:17:10,907 - my_experiment - advP_Big_HybridComm_5M_44 - my_run - INFO - t_env: 600200 / 5050000
2026-04-26 09:17:10,908 - my_experiment - advP_Big_HybridComm_5M_44 - my_run - INFO - Estimated time left: 1 days, 10 hours, 20 minutes, 10 seconds. Time passed: 4 hours, 40 minutes, 31 seconds
2026-04-26 09:40:33,840 - my_experiment - advP_Big_HybridComm_5M_44 - my_run - INFO - Recent Stats | t_env:     650000 | Episode:     3250
ep_length_mean:          200.0000	episode_length_mean:     199.0000	epsilon:                   0.3920	grad_norm:               462.1149
info_nce_loss:             0.9292	loss:                      9.7077	q_loss:                    8.8251	return_mean:              58.0829
return_std:                4.1851	test_ep_length_mean:     200.0000	test_episode_length_mean:199.0000	test_return_mean:        128.7828
test_return_std:           7.0009	
2026-04-26 09:40:39,125 - my_experiment - advP_Big_HybridComm_5M_44 - my_run - INFO - t_env: 650200 / 5050000
2026-04-26 09:40:39,126 - my_experiment - advP_Big_HybridComm_5M_44 - my_run - INFO - Estimated time left: 1 days, 10 hours, 25 minutes, 17 seconds. Time passed: 5 hours, 3 minutes, 59 seconds
2026-04-26 10:03:26,778 - my_experiment - advP_Big_HybridComm_5M_44 - my_run - INFO - Recent Stats | t_env:     700000 | Episode:     3500
ep_length_mean:          200.0000	episode_length_mean:     199.0000	epsilon:                   0.3445	grad_norm:               762.4114
info_nce_loss:             0.4862	loss:                     10.1619	q_loss:                    9.2380	return_mean:              66.5754
return_std:                3.8711	test_ep_length_mean:     200.0000	test_episode_length_mean:199.0000	test_return_mean:        129.7622
test_return_std:           6.8344	
2026-04-26 10:03:31,995 - my_experiment - advP_Big_HybridComm_5M_44 - my_run - INFO - t_env: 700200 / 5050000
2026-04-26 10:03:31,996 - my_experiment - advP_Big_HybridComm_5M_44 - my_run - INFO - Estimated time left: 1 days, 9 hours, 10 minutes, 34 seconds. Time passed: 5 hours, 26 minutes, 52 seconds
2026-04-26 10:26:12,539 - my_experiment - advP_Big_HybridComm_5M_44 - my_run - INFO - Recent Stats | t_env:     750000 | Episode:     3750
ep_length_mean:          200.0000	episode_length_mean:     199.0000	epsilon:                   0.2970	grad_norm:               732.3502
info_nce_loss:             0.6372	loss:                     10.1626	q_loss:                    9.2388	return_mean:              75.0585
return_std:                4.0502	test_ep_length_mean:     200.0000	test_episode_length_mean:199.0000	test_return_mean:        132.4407
test_return_std:           6.5431	
2026-04-26 10:26:17,718 - my_experiment - advP_Big_HybridComm_5M_44 - my_run - INFO - t_env: 750200 / 5050000
2026-04-26 10:26:17,719 - my_experiment - advP_Big_HybridComm_5M_44 - my_run - INFO - Estimated time left: 1 days, 8 hours, 37 minutes, 26 seconds. Time passed: 5 hours, 49 minutes, 38 seconds
2026-04-26 10:48:59,582 - my_experiment - advP_Big_HybridComm_5M_44 - my_run - INFO - Recent Stats | t_env:     800000 | Episode:     4000
ep_length_mean:          200.0000	episode_length_mean:     199.0000	epsilon:                   0.2495	grad_norm:               775.6391
info_nce_loss:             0.5318	loss:                      9.4364	q_loss:                    8.5785	return_mean:              83.3336
return_std:                4.0730	test_ep_length_mean:     200.0000	test_episode_length_mean:199.0000	test_return_mean:        133.2246
test_return_std:           6.2405	
2026-04-26 10:49:04,927 - my_experiment - advP_Big_HybridComm_5M_44 - my_run - INFO - t_env: 800200 / 5050000
2026-04-26 10:49:04,928 - my_experiment - advP_Big_HybridComm_5M_44 - my_run - INFO - Estimated time left: 1 days, 8 hours, 16 minutes, 47 seconds. Time passed: 6 hours, 12 minutes, 25 seconds
2026-04-26 11:12:09,168 - my_experiment - advP_Big_HybridComm_5M_44 - my_run - INFO - Recent Stats | t_env:     850000 | Episode:     4250
ep_length_mean:          200.0000	episode_length_mean:     199.0000	epsilon:                   0.2020	grad_norm:               841.3060
info_nce_loss:             0.7182	loss:                     10.1353	q_loss:                    9.2139	return_mean:              91.8837
return_std:                4.8317	test_ep_length_mean:     200.0000	test_episode_length_mean:199.0000	test_return_mean:        133.6076
test_return_std:           5.6141	
2026-04-26 11:12:14,517 - my_experiment - advP_Big_HybridComm_5M_44 - my_run - INFO - t_env: 850200 / 5050000
2026-04-26 11:12:14,518 - my_experiment - advP_Big_HybridComm_5M_44 - my_run - INFO - Estimated time left: 1 days, 8 hours, 25 minutes, 19 seconds. Time passed: 6 hours, 35 minutes, 34 seconds
2026-04-26 11:35:24,209 - my_experiment - advP_Big_HybridComm_5M_44 - my_run - INFO - Recent Stats | t_env:     900000 | Episode:     4500
ep_length_mean:          200.0000	episode_length_mean:     199.0000	epsilon:                   0.1545	grad_norm:               854.2460
info_nce_loss:             0.6346	loss:                     10.2884	q_loss:                    9.3531	return_mean:             101.8612
return_std:                4.3658	test_ep_length_mean:     200.0000	test_episode_length_mean:199.0000	test_return_mean:        134.6016
test_return_std:           5.7651	
2026-04-26 11:35:29,451 - my_experiment - advP_Big_HybridComm_5M_44 - my_run - INFO - t_env: 900200 / 5050000
2026-04-26 11:35:29,452 - my_experiment - advP_Big_HybridComm_5M_44 - my_run - INFO - Estimated time left: 1 days, 8 hours, 9 minutes, 33 seconds. Time passed: 6 hours, 58 minutes, 49 seconds
2026-04-26 11:58:43,693 - my_experiment - advP_Big_HybridComm_5M_44 - my_run - INFO - Recent Stats | t_env:     950000 | Episode:     4750
ep_length_mean:          200.0000	episode_length_mean:     199.0000	epsilon:                   0.1070	grad_norm:               1510.2755
info_nce_loss:             0.4576	loss:                     13.3447	q_loss:                   12.1315	return_mean:             111.8625
return_std:                4.5729	test_ep_length_mean:     200.0000	test_episode_length_mean:199.0000	test_return_mean:        135.6573
test_return_std:           5.7380	
2026-04-26 11:58:48,955 - my_experiment - advP_Big_HybridComm_5M_44 - my_run - INFO - t_env: 950200 / 5050000
2026-04-26 11:58:48,956 - my_experiment - advP_Big_HybridComm_5M_44 - my_run - INFO - Estimated time left: 1 days, 7 hours, 52 minutes, 33 seconds. Time passed: 7 hours, 22 minutes, 9 seconds
2026-04-26 12:21:56,494 - my_experiment - advP_Big_HybridComm_5M_44 - my_run - INFO - Recent Stats | t_env:    1000000 | Episode:     5000
ep_length_mean:          200.0000	episode_length_mean:     199.0000	epsilon:                   0.0595	grad_norm:               1279.2087
info_nce_loss:             0.3582	loss:                     10.9768	q_loss:                    9.9789	return_mean:             122.5332
return_std:                4.5900	test_ep_length_mean:     200.0000	test_episode_length_mean:199.0000	test_return_mean:        136.4704
test_return_std:           5.5104	
2026-04-26 12:22:01,771 - my_experiment - advP_Big_HybridComm_5M_44 - my_run - INFO - t_env: 1000200 / 5050000
2026-04-26 12:22:01,772 - my_experiment - advP_Big_HybridComm_5M_44 - my_run - INFO - Estimated time left: 1 days, 7 hours, 20 minutes, 12 seconds. Time passed: 7 hours, 45 minutes, 22 seconds
2026-04-26 12:23:14,451 - my_experiment - advP_Big_HybridComm_5M_44 - my_run - INFO - Saving models to work_dirs/my_experiment/advP_Big_HybridComm_5M_44/my_run/20260426_043608/models/1000200
2026-04-26 12:45:03,320 - my_experiment - advP_Big_HybridComm_5M_44 - my_run - INFO - Recent Stats | t_env:    1050000 | Episode:     5250
ep_length_mean:          200.0000	episode_length_mean:     199.0000	epsilon:                   0.0500	grad_norm:               925.1747
info_nce_loss:             0.5152	loss:                      9.3116	q_loss:                    8.4651	return_mean:             130.0673
return_std:                4.6976	test_ep_length_mean:     200.0000	test_episode_length_mean:199.0000	test_return_mean:        137.7398
test_return_std:           5.6839	
2026-04-26 12:45:08,536 - my_experiment - advP_Big_HybridComm_5M_44 - my_run - INFO - t_env: 1050200 / 5050000
2026-04-26 12:45:08,537 - my_experiment - advP_Big_HybridComm_5M_44 - my_run - INFO - Estimated time left: 1 days, 6 hours, 48 minutes, 55 seconds. Time passed: 8 hours, 8 minutes, 28 seconds
2026-04-26 13:08:22,476 - my_experiment - advP_Big_HybridComm_5M_44 - my_run - INFO - Recent Stats | t_env:    1100000 | Episode:     5500
ep_length_mean:          200.0000	episode_length_mean:     199.0000	epsilon:                   0.0500	grad_norm:               916.5694
info_nce_loss:             0.5496	loss:                     10.3649	q_loss:                    9.4226	return_mean:             130.8440
return_std:                4.8425	test_ep_length_mean:     200.0000	test_episode_length_mean:199.0000	test_return_mean:        139.2025
test_return_std:           5.4639	
2026-04-26 13:08:27,866 - my_experiment - advP_Big_HybridComm_5M_44 - my_run - INFO - t_env: 1100200 / 5050000
2026-04-26 13:08:27,867 - my_experiment - advP_Big_HybridComm_5M_44 - my_run - INFO - Estimated time left: 1 days, 6 hours, 42 minutes, 21 seconds. Time passed: 8 hours, 31 minutes, 48 seconds
2026-04-26 13:31:42,015 - my_experiment - advP_Big_HybridComm_5M_44 - my_run - INFO - Recent Stats | t_env:    1150000 | Episode:     5750
ep_length_mean:          200.0000	episode_length_mean:     199.0000	epsilon:                   0.0500	grad_norm:               1081.8175
info_nce_loss:             0.4875	loss:                      9.4211	q_loss:                    8.5646	return_mean:             131.4963
return_std:                4.8766	test_ep_length_mean:     200.0000	test_episode_length_mean:199.0000	test_return_mean:        140.6928
test_return_std:           5.1745	
2026-04-26 13:31:47,419 - my_experiment - advP_Big_HybridComm_5M_44 - my_run - INFO - t_env: 1150200 / 5050000
2026-04-26 13:31:47,420 - my_experiment - advP_Big_HybridComm_5M_44 - my_run - INFO - Estimated time left: 1 days, 6 hours, 19 minutes, 19 seconds. Time passed: 8 hours, 55 minutes, 7 seconds
2026-04-26 13:54:55,325 - my_experiment - advP_Big_HybridComm_5M_44 - my_run - INFO - Recent Stats | t_env:    1200000 | Episode:     6000
ep_length_mean:          200.0000	episode_length_mean:     199.0000	epsilon:                   0.0500	grad_norm:               1194.2423
info_nce_loss:             0.4380	loss:                      9.3147	q_loss:                    8.4679	return_mean:             132.9910
return_std:                4.1673	test_ep_length_mean:     200.0000	test_episode_length_mean:199.0000	test_return_mean:        141.7422
test_return_std:           5.0014	
2026-04-26 13:55:00,557 - my_experiment - advP_Big_HybridComm_5M_44 - my_run - INFO - t_env: 1200200 / 5050000
2026-04-26 13:55:00,558 - my_experiment - advP_Big_HybridComm_5M_44 - my_run - INFO - Estimated time left: 1 days, 5 hours, 47 minutes, 46 seconds. Time passed: 9 hours, 18 minutes, 20 seconds
2026-04-26 14:17:56,390 - my_experiment - advP_Big_HybridComm_5M_44 - my_run - INFO - Recent Stats | t_env:    1250000 | Episode:     6250
ep_length_mean:          200.0000	episode_length_mean:     199.0000	epsilon:                   0.0500	grad_norm:               285.5368
info_nce_loss:             0.5448	loss:                      5.1914	q_loss:                    4.7195	return_mean:             133.5190
return_std:                4.0433	test_ep_length_mean:     200.0000	test_episode_length_mean:199.0000	test_return_mean:        142.4293
test_return_std:           4.6321	
2026-04-26 14:18:01,648 - my_experiment - advP_Big_HybridComm_5M_44 - my_run - INFO - t_env: 1250200 / 5050000
2026-04-26 14:18:01,648 - my_experiment - advP_Big_HybridComm_5M_44 - my_run - INFO - Estimated time left: 1 days, 5 hours, 9 minutes, 17 seconds. Time passed: 9 hours, 41 minutes, 22 seconds
2026-04-26 14:40:58,129 - my_experiment - advP_Big_HybridComm_5M_44 - my_run - INFO - Recent Stats | t_env:    1300000 | Episode:     6500
ep_length_mean:          200.0000	episode_length_mean:     199.0000	epsilon:                   0.0500	grad_norm:               1159.9714
info_nce_loss:             0.3676	loss:                      9.5538	q_loss:                    8.6853	return_mean:             134.3688
return_std:                3.8716	test_ep_length_mean:     200.0000	test_episode_length_mean:199.0000	test_return_mean:        143.4082
test_return_std:           4.5295	
2026-04-26 14:41:03,405 - my_experiment - advP_Big_HybridComm_5M_44 - my_run - INFO - t_env: 1300200 / 5050000
2026-04-26 14:41:03,406 - my_experiment - advP_Big_HybridComm_5M_44 - my_run - INFO - Estimated time left: 1 days, 4 hours, 47 minutes, 6 seconds. Time passed: 10 hours, 4 minutes, 23 seconds
2026-04-26 15:04:03,007 - my_experiment - advP_Big_HybridComm_5M_44 - my_run - INFO - Recent Stats | t_env:    1350000 | Episode:     6750
ep_length_mean:          200.0000	episode_length_mean:     199.0000	epsilon:                   0.0500	grad_norm:               1176.0894
info_nce_loss:             0.3054	loss:                      9.9806	q_loss:                    9.0733	return_mean:             134.7815
return_std:                3.8878	test_ep_length_mean:     200.0000	test_episode_length_mean:199.0000	test_return_mean:        144.0094
test_return_std:           5.1378	
2026-04-26 15:04:08,274 - my_experiment - advP_Big_HybridComm_5M_44 - my_run - INFO - t_env: 1350200 / 5050000
2026-04-26 15:04:08,274 - my_experiment - advP_Big_HybridComm_5M_44 - my_run - INFO - Estimated time left: 1 days, 4 hours, 27 minutes, 54 seconds. Time passed: 10 hours, 27 minutes, 28 seconds
2026-04-26 15:27:02,702 - my_experiment - advP_Big_HybridComm_5M_44 - my_run - INFO - Recent Stats | t_env:    1400000 | Episode:     7000
ep_length_mean:          200.0000	episode_length_mean:     199.0000	epsilon:                   0.0500	grad_norm:               500.3352
info_nce_loss:             0.3110	loss:                      4.4411	q_loss:                    4.0374	return_mean:             135.4932
return_std:                3.7204	test_ep_length_mean:     200.0000	test_episode_length_mean:199.0000	test_return_mean:        144.9496
test_return_std:           4.8122	
2026-04-26 15:27:07,906 - my_experiment - advP_Big_HybridComm_5M_44 - my_run - INFO - t_env: 1400200 / 5050000
2026-04-26 15:27:07,907 - my_experiment - advP_Big_HybridComm_5M_44 - my_run - INFO - Estimated time left: 1 days, 3 hours, 58 minutes, 27 seconds. Time passed: 10 hours, 50 minutes, 28 seconds
2026-04-26 15:50:03,761 - my_experiment - advP_Big_HybridComm_5M_44 - my_run - INFO - Recent Stats | t_env:    1450000 | Episode:     7250
ep_length_mean:          200.0000	episode_length_mean:     199.0000	epsilon:                   0.0500	grad_norm:               724.0971
info_nce_loss:             0.3371	loss:                      6.3087	q_loss:                    5.7351	return_mean:             136.7951
return_std:                3.7198	test_ep_length_mean:     200.0000	test_episode_length_mean:199.0000	test_return_mean:        145.9907
test_return_std:           4.3434	
2026-04-26 15:50:09,181 - my_experiment - advP_Big_HybridComm_5M_44 - my_run - INFO - t_env: 1450200 / 5050000
2026-04-26 15:50:09,182 - my_experiment - advP_Big_HybridComm_5M_44 - my_run - INFO - Estimated time left: 1 days, 3 hours, 37 minutes, 26 seconds. Time passed: 11 hours, 13 minutes, 29 seconds
2026-04-26 16:13:12,888 - my_experiment - advP_Big_HybridComm_5M_44 - my_run - INFO - Recent Stats | t_env:    1500000 | Episode:     7500
ep_length_mean:          200.0000	episode_length_mean:     199.0000	epsilon:                   0.0500	grad_norm:               1030.3551
info_nce_loss:             0.2316	loss:                      8.0275	q_loss:                    7.2978	return_mean:             136.7227
return_std:                3.2938	test_ep_length_mean:     200.0000	test_episode_length_mean:199.0000	test_return_mean:        146.8732
test_return_std:           4.1222	
2026-04-26 16:13:18,111 - my_experiment - advP_Big_HybridComm_5M_44 - my_run - INFO - t_env: 1500200 / 5050000
2026-04-26 16:13:18,112 - my_experiment - advP_Big_HybridComm_5M_44 - my_run - INFO - Estimated time left: 1 days, 3 hours, 23 minutes, 28 seconds. Time passed: 11 hours, 36 minutes, 38 seconds
2026-04-26 16:14:31,082 - my_experiment - advP_Big_HybridComm_5M_44 - my_run - INFO - Saving models to work_dirs/my_experiment/advP_Big_HybridComm_5M_44/my_run/20260426_043608/models/1500200
2026-04-26 16:36:29,298 - my_experiment - advP_Big_HybridComm_5M_44 - my_run - INFO - Recent Stats | t_env:    1550000 | Episode:     7750
ep_length_mean:          200.0000	episode_length_mean:     199.0000	epsilon:                   0.0500	grad_norm:               630.0551
info_nce_loss:             0.1189	loss:                      5.1742	q_loss:                    4.7039	return_mean:             137.2161
return_std:                3.3940	test_ep_length_mean:     200.0000	test_episode_length_mean:199.0000	test_return_mean:        148.0429
test_return_std:           3.5816	
2026-04-26 16:36:34,649 - my_experiment - advP_Big_HybridComm_5M_44 - my_run - INFO - t_env: 1550200 / 5050000
2026-04-26 16:36:34,650 - my_experiment - advP_Big_HybridComm_5M_44 - my_run - INFO - Estimated time left: 1 days, 3 hours, 9 minutes, 12 seconds. Time passed: 11 hours, 59 minutes, 55 seconds
2026-04-26 16:59:57,730 - my_experiment - advP_Big_HybridComm_5M_44 - my_run - INFO - Recent Stats | t_env:    1600000 | Episode:     8000
ep_length_mean:          200.0000	episode_length_mean:     199.0000	epsilon:                   0.0500	grad_norm:               316.6963
info_nce_loss:             0.2346	loss:                      3.7811	q_loss:                    3.4373	return_mean:             137.4252
return_std:                2.9207	test_ep_length_mean:     200.0000	test_episode_length_mean:199.0000	test_return_mean:        149.2042
test_return_std:           3.2117	
2026-04-26 17:00:03,111 - my_experiment - advP_Big_HybridComm_5M_44 - my_run - INFO - t_env: 1600200 / 5050000
2026-04-26 17:00:03,112 - my_experiment - advP_Big_HybridComm_5M_44 - my_run - INFO - Estimated time left: 1 days, 2 hours, 59 minutes, 38 seconds. Time passed: 12 hours, 23 minutes, 23 seconds
2026-04-26 17:23:04,185 - my_experiment - advP_Big_HybridComm_5M_44 - my_run - INFO - Recent Stats | t_env:    1650000 | Episode:     8250
ep_length_mean:          200.0000	episode_length_mean:     199.0000	epsilon:                   0.0500	grad_norm:               223.8322
info_nce_loss:             0.1686	loss:                      3.5590	q_loss:                    3.2355	return_mean:             137.8569
return_std:                3.1817	test_ep_length_mean:     200.0000	test_episode_length_mean:199.0000	test_return_mean:        149.4961
test_return_std:           3.2581	
2026-04-26 17:23:09,470 - my_experiment - advP_Big_HybridComm_5M_44 - my_run - INFO - t_env: 1650200 / 5050000
2026-04-26 17:23:09,470 - my_experiment - advP_Big_HybridComm_5M_44 - my_run - INFO - Estimated time left: 1 days, 2 hours, 11 minutes, 6 seconds. Time passed: 12 hours, 46 minutes, 29 seconds
2026-04-26 17:46:11,878 - my_experiment - advP_Big_HybridComm_5M_44 - my_run - INFO - Recent Stats | t_env:    1700000 | Episode:     8500
ep_length_mean:          200.0000	episode_length_mean:     199.0000	epsilon:                   0.0500	grad_norm:               269.0046
info_nce_loss:             0.2773	loss:                      3.4348	q_loss:                    3.1226	return_mean:             138.4024
return_std:                2.8184	test_ep_length_mean:     200.0000	test_episode_length_mean:199.0000	test_return_mean:        149.8698
test_return_std:           3.3594	
2026-04-26 17:46:17,143 - my_experiment - advP_Big_HybridComm_5M_44 - my_run - INFO - t_env: 1700200 / 5050000
2026-04-26 17:46:17,144 - my_experiment - advP_Big_HybridComm_5M_44 - my_run - INFO - Estimated time left: 1 days, 1 hours, 49 minutes, 28 seconds. Time passed: 13 hours, 9 minutes, 37 seconds
2026-04-26 18:09:17,444 - my_experiment - advP_Big_HybridComm_5M_44 - my_run - INFO - Recent Stats | t_env:    1750000 | Episode:     8750
ep_length_mean:          200.0000	episode_length_mean:     199.0000	epsilon:                   0.0500	grad_norm:               278.8999
info_nce_loss:             0.2884	loss:                      3.3520	q_loss:                    3.0473	return_mean:             138.5199
return_std:                2.9852	test_ep_length_mean:     200.0000	test_episode_length_mean:199.0000	test_return_mean:        149.9982
test_return_std:           3.5274	
2026-04-26 18:09:22,658 - my_experiment - advP_Big_HybridComm_5M_44 - my_run - INFO - t_env: 1750200 / 5050000
2026-04-26 18:09:22,659 - my_experiment - advP_Big_HybridComm_5M_44 - my_run - INFO - Estimated time left: 1 days, 1 hours, 23 minutes, 58 seconds. Time passed: 13 hours, 32 minutes, 43 seconds
2026-04-26 18:32:23,391 - my_experiment - advP_Big_HybridComm_5M_44 - my_run - INFO - Recent Stats | t_env:    1800000 | Episode:     9000
ep_length_mean:          200.0000	episode_length_mean:     199.0000	epsilon:                   0.0500	grad_norm:               266.8581
info_nce_loss:             0.1887	loss:                      3.2619	q_loss:                    2.9653	return_mean:             139.2080
return_std:                2.7034	test_ep_length_mean:     200.0000	test_episode_length_mean:199.0000	test_return_mean:        149.9235
test_return_std:           3.5396	
2026-04-26 18:32:28,647 - my_experiment - advP_Big_HybridComm_5M_44 - my_run - INFO - t_env: 1800200 / 5050000
2026-04-26 18:32:28,648 - my_experiment - advP_Big_HybridComm_5M_44 - my_run - INFO - Estimated time left: 1 days, 1 hours, 1 minutes, 23 seconds. Time passed: 13 hours, 55 minutes, 49 seconds
2026-04-26 18:55:26,235 - my_experiment - advP_Big_HybridComm_5M_44 - my_run - INFO - Recent Stats | t_env:    1850000 | Episode:     9250
ep_length_mean:          200.0000	episode_length_mean:     199.0000	epsilon:                   0.0500	grad_norm:               247.2618
info_nce_loss:             0.3758	loss:                      3.2637	q_loss:                    2.9670	return_mean:             139.7713
return_std:                2.5012	test_ep_length_mean:     200.0000	test_episode_length_mean:199.0000	test_return_mean:        149.8083
test_return_std:           3.3759	
2026-04-26 18:55:31,451 - my_experiment - advP_Big_HybridComm_5M_44 - my_run - INFO - t_env: 1850200 / 5050000
2026-04-26 18:55:31,452 - my_experiment - advP_Big_HybridComm_5M_44 - my_run - INFO - Estimated time left: 1 days, 34 minutes, 53 seconds. Time passed: 14 hours, 18 minutes, 51 seconds
2026-04-26 19:18:32,635 - my_experiment - advP_Big_HybridComm_5M_44 - my_run - INFO - Recent Stats | t_env:    1900000 | Episode:     9500
ep_length_mean:          200.0000	episode_length_mean:     199.0000	epsilon:                   0.0500	grad_norm:               234.5149
info_nce_loss:             0.1016	loss:                      2.9624	q_loss:                    2.6931	return_mean:             140.3421
return_std:                2.2681	test_ep_length_mean:     200.0000	test_episode_length_mean:199.0000	test_return_mean:        150.1071
test_return_std:           3.0317	
2026-04-26 19:18:37,869 - my_experiment - advP_Big_HybridComm_5M_44 - my_run - INFO - t_env: 1900200 / 5050000
2026-04-26 19:18:37,870 - my_experiment - advP_Big_HybridComm_5M_44 - my_run - INFO - Estimated time left: 1 days, 15 minutes, 38 seconds. Time passed: 14 hours, 41 minutes, 58 seconds
2026-04-26 19:41:16,008 - my_experiment - advP_Big_HybridComm_5M_44 - my_run - INFO - Recent Stats | t_env:    1950000 | Episode:     9750
ep_length_mean:          200.0000	episode_length_mean:     199.0000	epsilon:                   0.0500	grad_norm:               266.2736
info_nce_loss:             0.2691	loss:                      2.9587	q_loss:                    2.6897	return_mean:             140.4174
return_std:                2.5034	test_ep_length_mean:     200.0000	test_episode_length_mean:199.0000	test_return_mean:        150.3639
test_return_std:           3.0005	
2026-04-26 19:41:21,191 - my_experiment - advP_Big_HybridComm_5M_44 - my_run - INFO - t_env: 1950200 / 5050000
2026-04-26 19:41:21,192 - my_experiment - advP_Big_HybridComm_5M_44 - my_run - INFO - Estimated time left: 23 hours, 28 minutes, 40 seconds. Time passed: 15 hours, 4 minutes, 41 seconds
2026-04-26 20:04:06,709 - my_experiment - advP_Big_HybridComm_5M_44 - my_run - INFO - Recent Stats | t_env:    2000000 | Episode:    10000
ep_length_mean:          200.0000	episode_length_mean:     199.0000	epsilon:                   0.0500	grad_norm:               242.4612
info_nce_loss:             0.3137	loss:                      2.8323	q_loss:                    2.5748	return_mean:             140.4446
return_std:                2.5137	test_ep_length_mean:     200.0000	test_episode_length_mean:199.0000	test_return_mean:        150.4953
test_return_std:           2.9903	
2026-04-26 20:04:11,904 - my_experiment - advP_Big_HybridComm_5M_44 - my_run - INFO - t_env: 2000200 / 5050000
2026-04-26 20:04:11,905 - my_experiment - advP_Big_HybridComm_5M_44 - my_run - INFO - Estimated time left: 23 hours, 13 minutes, 27 seconds. Time passed: 15 hours, 27 minutes, 32 seconds
2026-04-26 20:05:24,477 - my_experiment - advP_Big_HybridComm_5M_44 - my_run - INFO - Saving models to work_dirs/my_experiment/advP_Big_HybridComm_5M_44/my_run/20260426_043608/models/2000200
2026-04-26 20:27:00,797 - my_experiment - advP_Big_HybridComm_5M_44 - my_run - INFO - Recent Stats | t_env:    2050000 | Episode:    10250
ep_length_mean:          200.0000	episode_length_mean:     199.0000	epsilon:                   0.0500	grad_norm:               261.9287
info_nce_loss:             0.1612	loss:                      2.7404	q_loss:                    2.4913	return_mean:             140.7565
return_std:                2.3850	test_ep_length_mean:     200.0000	test_episode_length_mean:199.0000	test_return_mean:        150.7741
test_return_std:           2.8257	
2026-04-26 20:27:06,017 - my_experiment - advP_Big_HybridComm_5M_44 - my_run - INFO - t_env: 2050200 / 5050000
2026-04-26 20:27:06,018 - my_experiment - advP_Big_HybridComm_5M_44 - my_run - INFO - Estimated time left: 22 hours, 54 minutes, 1 seconds. Time passed: 15 hours, 50 minutes, 26 seconds
2026-04-26 20:49:54,789 - my_experiment - advP_Big_HybridComm_5M_44 - my_run - INFO - Recent Stats | t_env:    2100000 | Episode:    10500
ep_length_mean:          200.0000	episode_length_mean:     199.0000	epsilon:                   0.0500	grad_norm:               246.5332
info_nce_loss:             0.1859	loss:                      2.6029	q_loss:                    2.3663	return_mean:             140.8420
return_std:                2.2212	test_ep_length_mean:     200.0000	test_episode_length_mean:199.0000	test_return_mean:        151.6386
test_return_std:           2.4562	
2026-04-26 20:50:00,019 - my_experiment - advP_Big_HybridComm_5M_44 - my_run - INFO - t_env: 2100200 / 5050000
2026-04-26 20:50:00,504 - my_experiment - advP_Big_HybridComm_5M_44 - my_run - INFO - Estimated time left: 22 hours, 31 minutes, 29 seconds. Time passed: 16 hours, 13 minutes, 20 seconds
2026-04-26 21:12:48,519 - my_experiment - advP_Big_HybridComm_5M_44 - my_run - INFO - Recent Stats | t_env:    2150000 | Episode:    10750
ep_length_mean:          200.0000	episode_length_mean:     199.0000	epsilon:                   0.0500	grad_norm:               277.7695
info_nce_loss:             0.2471	loss:                      2.6244	q_loss:                    2.3858	return_mean:             141.1503
return_std:                2.3138	test_ep_length_mean:     200.0000	test_episode_length_mean:199.0000	test_return_mean:        152.0273
test_return_std:           2.4933	
2026-04-26 21:12:53,745 - my_experiment - advP_Big_HybridComm_5M_44 - my_run - INFO - t_env: 2150200 / 5050000
2026-04-26 21:12:53,746 - my_experiment - advP_Big_HybridComm_5M_44 - my_run - INFO - Estimated time left: 22 hours, 7 minutes, 22 seconds. Time passed: 16 hours, 36 minutes, 14 seconds
2026-04-26 21:35:39,126 - my_experiment - advP_Big_HybridComm_5M_44 - my_run - INFO - Recent Stats | t_env:    2200000 | Episode:    11000
ep_length_mean:          200.0000	episode_length_mean:     199.0000	epsilon:                   0.0500	grad_norm:               260.2037
info_nce_loss:             0.2878	loss:                      2.4922	q_loss:                    2.2657	return_mean:             141.4523
return_std:                2.0618	test_ep_length_mean:     200.0000	test_episode_length_mean:199.0000	test_return_mean:        152.2216
test_return_std:           2.5255	
2026-04-26 21:35:44,325 - my_experiment - advP_Big_HybridComm_5M_44 - my_run - INFO - t_env: 2200200 / 5050000
2026-04-26 21:35:44,326 - my_experiment - advP_Big_HybridComm_5M_44 - my_run - INFO - Estimated time left: 21 hours, 41 minutes, 57 seconds. Time passed: 16 hours, 59 minutes, 4 seconds
2026-04-26 21:58:23,555 - my_experiment - advP_Big_HybridComm_5M_44 - my_run - INFO - Recent Stats | t_env:    2250000 | Episode:    11250
ep_length_mean:          200.0000	episode_length_mean:     199.0000	epsilon:                   0.0500	grad_norm:               282.1009
info_nce_loss:             0.1722	loss:                      2.4392	q_loss:                    2.2174	return_mean:             141.1795
return_std:                2.3481	test_ep_length_mean:     200.0000	test_episode_length_mean:199.0000	test_return_mean:        152.6960
test_return_std:           2.3599	
2026-04-26 21:58:28,727 - my_experiment - advP_Big_HybridComm_5M_44 - my_run - INFO - t_env: 2250200 / 5050000
2026-04-26 21:58:28,728 - my_experiment - advP_Big_HybridComm_5M_44 - my_run - INFO - Estimated time left: 21 hours, 13 minutes, 21 seconds. Time passed: 17 hours, 21 minutes, 49 seconds
2026-04-26 22:21:04,466 - my_experiment - advP_Big_HybridComm_5M_44 - my_run - INFO - Recent Stats | t_env:    2300000 | Episode:    11500
ep_length_mean:          200.0000	episode_length_mean:     199.0000	epsilon:                   0.0500	grad_norm:               250.7102
info_nce_loss:             0.1583	loss:                      2.3688	q_loss:                    2.1535	return_mean:             141.8424
return_std:                2.0139	test_ep_length_mean:     200.0000	test_episode_length_mean:199.0000	test_return_mean:        152.9859
test_return_std:           2.2430	
2026-04-26 22:21:09,641 - my_experiment - advP_Big_HybridComm_5M_44 - my_run - INFO - t_env: 2300200 / 5050000
2026-04-26 22:21:09,641 - my_experiment - advP_Big_HybridComm_5M_44 - my_run - INFO - Estimated time left: 20 hours, 47 minutes, 24 seconds. Time passed: 17 hours, 44 minutes, 30 seconds
2026-04-26 22:43:45,488 - my_experiment - advP_Big_HybridComm_5M_44 - my_run - INFO - Recent Stats | t_env:    2350000 | Episode:    11750
ep_length_mean:          200.0000	episode_length_mean:     199.0000	epsilon:                   0.0500	grad_norm:               280.7210
info_nce_loss:             0.2246	loss:                      2.3931	q_loss:                    2.1755	return_mean:             141.9041
return_std:                1.9612	test_ep_length_mean:     200.0000	test_episode_length_mean:199.0000	test_return_mean:        152.8619
test_return_std:           2.3735	
2026-04-26 22:43:50,661 - my_experiment - advP_Big_HybridComm_5M_44 - my_run - INFO - t_env: 2350200 / 5050000
2026-04-26 22:43:50,662 - my_experiment - advP_Big_HybridComm_5M_44 - my_run - INFO - Estimated time left: 20 hours, 24 minutes, 49 seconds. Time passed: 18 hours, 7 minutes, 11 seconds
2026-04-26 23:06:31,707 - my_experiment - advP_Big_HybridComm_5M_44 - my_run - INFO - Recent Stats | t_env:    2400000 | Episode:    12000
ep_length_mean:          200.0000	episode_length_mean:     199.0000	epsilon:                   0.0500	grad_norm:               255.0048
info_nce_loss:             0.3875	loss:                      2.2331	q_loss:                    2.0301	return_mean:             141.8302
return_std:                1.8327	test_ep_length_mean:     200.0000	test_episode_length_mean:199.0000	test_return_mean:        152.8377
test_return_std:           2.5154	
2026-04-26 23:06:36,888 - my_experiment - advP_Big_HybridComm_5M_44 - my_run - INFO - t_env: 2400200 / 5050000
2026-04-26 23:06:36,889 - my_experiment - advP_Big_HybridComm_5M_44 - my_run - INFO - Estimated time left: 20 hours, 6 minutes, 44 seconds. Time passed: 18 hours, 29 minutes, 57 seconds
2026-04-26 23:29:16,329 - my_experiment - advP_Big_HybridComm_5M_44 - my_run - INFO - Recent Stats | t_env:    2450000 | Episode:    12250
ep_length_mean:          200.0000	episode_length_mean:     199.0000	epsilon:                   0.0500	grad_norm:               283.6336
info_nce_loss:             0.2220	loss:                      2.3190	q_loss:                    2.1082	return_mean:             141.8829
return_std:                2.0122	test_ep_length_mean:     200.0000	test_episode_length_mean:199.0000	test_return_mean:        152.7626
test_return_std:           2.4295	
2026-04-26 23:29:21,511 - my_experiment - advP_Big_HybridComm_5M_44 - my_run - INFO - t_env: 2450200 / 5050000
2026-04-26 23:29:21,512 - my_experiment - advP_Big_HybridComm_5M_44 - my_run - INFO - Estimated time left: 19 hours, 42 minutes, 34 seconds. Time passed: 18 hours, 52 minutes, 41 seconds
2026-04-26 23:52:01,518 - my_experiment - advP_Big_HybridComm_5M_44 - my_run - INFO - Recent Stats | t_env:    2500000 | Episode:    12500
ep_length_mean:          200.0000	episode_length_mean:     199.0000	epsilon:                   0.0500	grad_norm:               256.6720
info_nce_loss:             0.1526	loss:                      2.2354	q_loss:                    2.0322	return_mean:             142.2963
return_std:                1.8221	test_ep_length_mean:     200.0000	test_episode_length_mean:199.0000	test_return_mean:        152.8320
test_return_std:           2.3475	
2026-04-26 23:52:06,713 - my_experiment - advP_Big_HybridComm_5M_44 - my_run - INFO - t_env: 2500200 / 5050000
2026-04-26 23:52:06,714 - my_experiment - advP_Big_HybridComm_5M_44 - my_run - INFO - Estimated time left: 19 hours, 20 minutes, 19 seconds. Time passed: 19 hours, 15 minutes, 27 seconds
2026-04-26 23:53:19,196 - my_experiment - advP_Big_HybridComm_5M_44 - my_run - INFO - Saving models to work_dirs/my_experiment/advP_Big_HybridComm_5M_44/my_run/20260426_043608/models/2500200
2026-04-27 00:14:47,109 - my_experiment - advP_Big_HybridComm_5M_44 - my_run - INFO - Recent Stats | t_env:    2550000 | Episode:    12750
ep_length_mean:          200.0000	episode_length_mean:     199.0000	epsilon:                   0.0500	grad_norm:               266.6342
info_nce_loss:             0.2643	loss:                      2.1318	q_loss:                    1.9380	return_mean:             142.1212
return_std:                1.9746	test_ep_length_mean:     200.0000	test_episode_length_mean:199.0000	test_return_mean:        152.7557
test_return_std:           2.4336	
2026-04-27 00:14:52,294 - my_experiment - advP_Big_HybridComm_5M_44 - my_run - INFO - t_env: 2550200 / 5050000
2026-04-27 00:14:52,295 - my_experiment - advP_Big_HybridComm_5M_44 - my_run - INFO - Estimated time left: 18 hours, 57 minutes, 53 seconds. Time passed: 19 hours, 38 minutes, 12 seconds
2026-04-27 00:37:28,487 - my_experiment - advP_Big_HybridComm_5M_44 - my_run - INFO - Recent Stats | t_env:    2600000 | Episode:    13000
ep_length_mean:          200.0000	episode_length_mean:     199.0000	epsilon:                   0.0500	grad_norm:               251.8947
info_nce_loss:             0.2063	loss:                      2.0283	q_loss:                    1.8439	return_mean:             142.3888
return_std:                2.0253	test_ep_length_mean:     200.0000	test_episode_length_mean:199.0000	test_return_mean:        152.9135
test_return_std:           2.2933	
2026-04-27 00:37:33,646 - my_experiment - advP_Big_HybridComm_5M_44 - my_run - INFO - t_env: 2600200 / 5050000
2026-04-27 00:37:33,646 - my_experiment - advP_Big_HybridComm_5M_44 - my_run - INFO - Estimated time left: 18 hours, 31 minutes, 40 seconds. Time passed: 20 hours, 54 seconds
2026-04-27 01:00:09,826 - my_experiment - advP_Big_HybridComm_5M_44 - my_run - INFO - Recent Stats | t_env:    2650000 | Episode:    13250
ep_length_mean:          200.0000	episode_length_mean:     199.0000	epsilon:                   0.0500	grad_norm:               266.9129
info_nce_loss:             0.4135	loss:                      2.0548	q_loss:                    1.8680	return_mean:             142.2532
return_std:                1.9587	test_ep_length_mean:     200.0000	test_episode_length_mean:199.0000	test_return_mean:        153.1617
test_return_std:           2.2179	
2026-04-27 01:00:14,976 - my_experiment - advP_Big_HybridComm_5M_44 - my_run - INFO - t_env: 2650200 / 5050000
2026-04-27 01:00:14,976 - my_experiment - advP_Big_HybridComm_5M_44 - my_run - INFO - Estimated time left: 18 hours, 8 minutes, 58 seconds. Time passed: 20 hours, 23 minutes, 35 seconds
2026-04-27 01:22:51,633 - my_experiment - advP_Big_HybridComm_5M_44 - my_run - INFO - Recent Stats | t_env:    2700000 | Episode:    13500
ep_length_mean:          200.0000	episode_length_mean:     199.0000	epsilon:                   0.0500	grad_norm:               253.8263
info_nce_loss:             0.1330	loss:                      1.9744	q_loss:                    1.7949	return_mean:             142.5396
return_std:                1.6727	test_ep_length_mean:     200.0000	test_episode_length_mean:199.0000	test_return_mean:        153.3604
test_return_std:           2.0555	
2026-04-27 01:22:56,818 - my_experiment - advP_Big_HybridComm_5M_44 - my_run - INFO - t_env: 2700200 / 5050000
2026-04-27 01:22:56,819 - my_experiment - advP_Big_HybridComm_5M_44 - my_run - INFO - Estimated time left: 17 hours, 46 minutes, 41 seconds. Time passed: 20 hours, 46 minutes, 17 seconds
2026-04-27 01:45:35,182 - my_experiment - advP_Big_HybridComm_5M_44 - my_run - INFO - Recent Stats | t_env:    2750000 | Episode:    13750
ep_length_mean:          200.0000	episode_length_mean:     199.0000	epsilon:                   0.0500	grad_norm:               267.3459
info_nce_loss:             0.1002	loss:                      1.9289	q_loss:                    1.7535	return_mean:             142.3050
return_std:                2.0227	test_ep_length_mean:     200.0000	test_episode_length_mean:199.0000	test_return_mean:        153.6409
test_return_std:           1.7947	
2026-04-27 01:45:40,388 - my_experiment - advP_Big_HybridComm_5M_44 - my_run - INFO - t_env: 2750200 / 5050000
2026-04-27 01:45:40,389 - my_experiment - advP_Big_HybridComm_5M_44 - my_run - INFO - Estimated time left: 17 hours, 25 minutes, 18 seconds. Time passed: 21 hours, 9 minutes, 0 seconds
2026-04-27 02:08:21,201 - my_experiment - advP_Big_HybridComm_5M_44 - my_run - INFO - Recent Stats | t_env:    2800000 | Episode:    14000
ep_length_mean:          200.0000	episode_length_mean:     199.0000	epsilon:                   0.0500	grad_norm:               234.6435
info_nce_loss:             0.1837	loss:                      1.8833	q_loss:                    1.7121	return_mean:             142.4063
return_std:                1.9629	test_ep_length_mean:     200.0000	test_episode_length_mean:199.0000	test_return_mean:        153.7109
test_return_std:           1.7234	
2026-04-27 02:08:26,410 - my_experiment - advP_Big_HybridComm_5M_44 - my_run - INFO - t_env: 2800200 / 5050000
2026-04-27 02:08:26,410 - my_experiment - advP_Big_HybridComm_5M_44 - my_run - INFO - Estimated time left: 17 hours, 4 minutes, 25 seconds. Time passed: 21 hours, 31 minutes, 46 seconds
2026-04-27 02:31:06,618 - my_experiment - advP_Big_HybridComm_5M_44 - my_run - INFO - Recent Stats | t_env:    2850000 | Episode:    14250
ep_length_mean:          200.0000	episode_length_mean:     199.0000	epsilon:                   0.0500	grad_norm:               255.4954
info_nce_loss:             0.1661	loss:                      1.8765	q_loss:                    1.7059	return_mean:             142.6192
return_std:                2.0131	test_ep_length_mean:     200.0000	test_episode_length_mean:199.0000	test_return_mean:        154.0127
test_return_std:           1.6316	
2026-04-27 02:31:11,807 - my_experiment - advP_Big_HybridComm_5M_44 - my_run - INFO - t_env: 2850200 / 5050000
2026-04-27 02:31:11,808 - my_experiment - advP_Big_HybridComm_5M_44 - my_run - INFO - Estimated time left: 16 hours, 41 minutes, 12 seconds. Time passed: 21 hours, 54 minutes, 32 seconds
2026-04-27 02:53:51,599 - my_experiment - advP_Big_HybridComm_5M_44 - my_run - INFO - Recent Stats | t_env:    2900000 | Episode:    14500
ep_length_mean:          200.0000	episode_length_mean:     199.0000	epsilon:                   0.0500	grad_norm:               255.5610
info_nce_loss:             0.1438	loss:                      1.8895	q_loss:                    1.7178	return_mean:             142.7263
return_std:                1.8534	test_ep_length_mean:     200.0000	test_episode_length_mean:199.0000	test_return_mean:        154.1126
test_return_std:           1.5931	
2026-04-27 02:53:56,774 - my_experiment - advP_Big_HybridComm_5M_44 - my_run - INFO - t_env: 2900200 / 5050000
2026-04-27 02:53:56,775 - my_experiment - advP_Big_HybridComm_5M_44 - my_run - INFO - Estimated time left: 16 hours, 18 minutes, 8 seconds. Time passed: 22 hours, 17 minutes, 17 seconds
2026-04-27 03:16:32,889 - my_experiment - advP_Big_HybridComm_5M_44 - my_run - INFO - Recent Stats | t_env:    2950000 | Episode:    14750
ep_length_mean:          200.0000	episode_length_mean:     199.0000	epsilon:                   0.0500	grad_norm:               232.2694
info_nce_loss:             0.3090	loss:                      1.8417	q_loss:                    1.6743	return_mean:             142.8694
return_std:                1.7253	test_ep_length_mean:     200.0000	test_episode_length_mean:199.0000	test_return_mean:        154.3473
test_return_std:           1.4979	
2026-04-27 03:16:38,071 - my_experiment - advP_Big_HybridComm_5M_44 - my_run - INFO - t_env: 2950200 / 5050000
2026-04-27 03:16:38,181 - my_experiment - advP_Big_HybridComm_5M_44 - my_run - INFO - Estimated time left: 15 hours, 52 minutes, 53 seconds. Time passed: 22 hours, 39 minutes, 58 seconds
2026-04-27 03:39:14,231 - my_experiment - advP_Big_HybridComm_5M_44 - my_run - INFO - Recent Stats | t_env:    3000000 | Episode:    15000
ep_length_mean:          200.0000	episode_length_mean:     199.0000	epsilon:                   0.0500	grad_norm:               215.9887
info_nce_loss:             0.1222	loss:                      1.7373	q_loss:                    1.5793	return_mean:             142.8558
return_std:                1.6604	test_ep_length_mean:     200.0000	test_episode_length_mean:199.0000	test_return_mean:        154.2254
test_return_std:           1.8293	
2026-04-27 03:39:19,406 - my_experiment - advP_Big_HybridComm_5M_44 - my_run - INFO - t_env: 3000200 / 5050000
2026-04-27 03:39:19,407 - my_experiment - advP_Big_HybridComm_5M_44 - my_run - INFO - Estimated time left: 15 hours, 30 minutes, 4 seconds. Time passed: 23 hours, 2 minutes, 39 seconds
2026-04-27 03:40:31,783 - my_experiment - advP_Big_HybridComm_5M_44 - my_run - INFO - Saving models to work_dirs/my_experiment/advP_Big_HybridComm_5M_44/my_run/20260426_043608/models/3000200
2026-04-27 04:01:55,758 - my_experiment - advP_Big_HybridComm_5M_44 - my_run - INFO - Recent Stats | t_env:    3050000 | Episode:    15250
ep_length_mean:          200.0000	episode_length_mean:     199.0000	epsilon:                   0.0500	grad_norm:               243.2616
info_nce_loss:             0.0912	loss:                      1.8615	q_loss:                    1.6923	return_mean:             142.8649
return_std:                1.6676	test_ep_length_mean:     200.0000	test_episode_length_mean:199.0000	test_return_mean:        154.3682
test_return_std:           1.7989	
2026-04-27 04:02:00,935 - my_experiment - advP_Big_HybridComm_5M_44 - my_run - INFO - t_env: 3050200 / 5050000
2026-04-27 04:02:00,936 - my_experiment - advP_Big_HybridComm_5M_44 - my_run - INFO - Estimated time left: 15 hours, 7 minutes, 35 seconds. Time passed: 23 hours, 25 minutes, 21 seconds
2026-04-27 04:24:39,967 - my_experiment - advP_Big_HybridComm_5M_44 - my_run - INFO - Recent Stats | t_env:    3100000 | Episode:    15500
ep_length_mean:          200.0000	episode_length_mean:     199.0000	epsilon:                   0.0500	grad_norm:               223.1883
info_nce_loss:             0.2219	loss:                      1.7460	q_loss:                    1.5873	return_mean:             142.9919
return_std:                1.7510	test_ep_length_mean:     200.0000	test_episode_length_mean:199.0000	test_return_mean:        154.1471
test_return_std:           2.0106	
2026-04-27 04:24:45,157 - my_experiment - advP_Big_HybridComm_5M_44 - my_run - INFO - t_env: 3100200 / 5050000
2026-04-27 04:24:45,157 - my_experiment - advP_Big_HybridComm_5M_44 - my_run - INFO - Estimated time left: 14 hours, 46 minutes, 39 seconds. Time passed: 23 hours, 48 minutes, 5 seconds
2026-04-27 04:47:22,523 - my_experiment - advP_Big_HybridComm_5M_44 - my_run - INFO - Recent Stats | t_env:    3150000 | Episode:    15750
ep_length_mean:          200.0000	episode_length_mean:     199.0000	epsilon:                   0.0500	grad_norm:               214.2275
info_nce_loss:             0.3577	loss:                      1.6714	q_loss:                    1.5195	return_mean:             143.0635
return_std:                1.7937	test_ep_length_mean:     200.0000	test_episode_length_mean:199.0000	test_return_mean:        154.1541
test_return_std:           1.9480	
2026-04-27 04:47:27,699 - my_experiment - advP_Big_HybridComm_5M_44 - my_run - INFO - t_env: 3150200 / 5050000
2026-04-27 04:47:27,699 - my_experiment - advP_Big_HybridComm_5M_44 - my_run - INFO - Estimated time left: 14 hours, 22 minutes, 51 seconds. Time passed: 1 days, 10 minutes, 48 seconds
2026-04-27 05:10:06,929 - my_experiment - advP_Big_HybridComm_5M_44 - my_run - INFO - Recent Stats | t_env:    3200000 | Episode:    16000
ep_length_mean:          200.0000	episode_length_mean:     199.0000	epsilon:                   0.0500	grad_norm:               205.5077
info_nce_loss:             0.1025	loss:                      1.6493	q_loss:                    1.4994	return_mean:             143.1039
return_std:                1.7932	test_ep_length_mean:     200.0000	test_episode_length_mean:199.0000	test_return_mean:        154.0982
test_return_std:           2.0057	
2026-04-27 05:10:12,097 - my_experiment - advP_Big_HybridComm_5M_44 - my_run - INFO - t_env: 3200200 / 5050000
2026-04-27 05:10:12,098 - my_experiment - advP_Big_HybridComm_5M_44 - my_run - INFO - Estimated time left: 14 hours, 1 minutes, 17 seconds. Time passed: 1 days, 33 minutes, 32 seconds
2026-04-27 05:32:48,163 - my_experiment - advP_Big_HybridComm_5M_44 - my_run - INFO - Recent Stats | t_env:    3250000 | Episode:    16250
ep_length_mean:          200.0000	episode_length_mean:     199.0000	epsilon:                   0.0500	grad_norm:               231.5249
info_nce_loss:             0.1035	loss:                      1.7013	q_loss:                    1.5466	return_mean:             143.1434
return_std:                1.7736	test_ep_length_mean:     200.0000	test_episode_length_mean:199.0000	test_return_mean:        154.2673
test_return_std:           1.8958	
2026-04-27 05:32:53,318 - my_experiment - advP_Big_HybridComm_5M_44 - my_run - INFO - t_env: 3250200 / 5050000
2026-04-27 05:32:53,319 - my_experiment - advP_Big_HybridComm_5M_44 - my_run - INFO - Estimated time left: 13 hours, 36 minutes, 38 seconds. Time passed: 1 days, 56 minutes, 13 seconds
2026-04-27 05:55:29,225 - my_experiment - advP_Big_HybridComm_5M_44 - my_run - INFO - Recent Stats | t_env:    3300000 | Episode:    16500
ep_length_mean:          200.0000	episode_length_mean:     199.0000	epsilon:                   0.0500	grad_norm:               195.4947
info_nce_loss:             0.3369	loss:                      1.5977	q_loss:                    1.4525	return_mean:             143.2637
return_std:                1.7656	test_ep_length_mean:     200.0000	test_episode_length_mean:199.0000	test_return_mean:        154.3027
test_return_std:           1.8722	
2026-04-27 05:55:34,400 - my_experiment - advP_Big_HybridComm_5M_44 - my_run - INFO - t_env: 3300200 / 5050000
2026-04-27 05:55:34,401 - my_experiment - advP_Big_HybridComm_5M_44 - my_run - INFO - Estimated time left: 13 hours, 13 minutes, 52 seconds. Time passed: 1 days, 1 hours, 18 minutes, 54 seconds
2026-04-27 06:18:10,105 - my_experiment - advP_Big_HybridComm_5M_44 - my_run - INFO - Recent Stats | t_env:    3350000 | Episode:    16750
ep_length_mean:          200.0000	episode_length_mean:     199.0000	epsilon:                   0.0500	grad_norm:               190.9830
info_nce_loss:             0.2481	loss:                      1.5978	q_loss:                    1.4525	return_mean:             143.1458
return_std:                1.6876	test_ep_length_mean:     200.0000	test_episode_length_mean:199.0000	test_return_mean:        154.5543
test_return_std:           1.7042	
2026-04-27 06:18:15,254 - my_experiment - advP_Big_HybridComm_5M_44 - my_run - INFO - t_env: 3350200 / 5050000
2026-04-27 06:18:15,255 - my_experiment - advP_Big_HybridComm_5M_44 - my_run - INFO - Estimated time left: 12 hours, 51 minutes, 3 seconds. Time passed: 1 days, 1 hours, 41 minutes, 35 seconds
2026-04-27 06:40:51,066 - my_experiment - advP_Big_HybridComm_5M_44 - my_run - INFO - Recent Stats | t_env:    3400000 | Episode:    17000
ep_length_mean:          200.0000	episode_length_mean:     199.0000	epsilon:                   0.0500	grad_norm:               169.0861
info_nce_loss:             0.2239	loss:                      1.5160	q_loss:                    1.3782	return_mean:             143.3120
return_std:                1.7113	test_ep_length_mean:     200.0000	test_episode_length_mean:199.0000	test_return_mean:        154.6466
test_return_std:           1.6349	
2026-04-27 06:40:56,242 - my_experiment - advP_Big_HybridComm_5M_44 - my_run - INFO - t_env: 3400200 / 5050000
2026-04-27 06:40:56,243 - my_experiment - advP_Big_HybridComm_5M_44 - my_run - INFO - Estimated time left: 12 hours, 28 minutes, 27 seconds. Time passed: 1 days, 2 hours, 4 minutes, 16 seconds
2026-04-27 07:03:32,514 - my_experiment - advP_Big_HybridComm_5M_44 - my_run - INFO - Recent Stats | t_env:    3450000 | Episode:    17250
ep_length_mean:          200.0000	episode_length_mean:     199.0000	epsilon:                   0.0500	grad_norm:               234.3478
info_nce_loss:             0.1538	loss:                      1.8400	q_loss:                    1.6727	return_mean:             143.3487
return_std:                1.6049	test_ep_length_mean:     200.0000	test_episode_length_mean:199.0000	test_return_mean:        154.7501
test_return_std:           1.5690	
2026-04-27 07:03:37,709 - my_experiment - advP_Big_HybridComm_5M_44 - my_run - INFO - t_env: 3450200 / 5050000
2026-04-27 07:03:37,714 - my_experiment - advP_Big_HybridComm_5M_44 - my_run - INFO - Estimated time left: 12 hours, 6 minutes, 1 seconds. Time passed: 1 days, 2 hours, 26 minutes, 58 seconds
2026-04-27 07:26:14,201 - my_experiment - advP_Big_HybridComm_5M_44 - my_run - INFO - Recent Stats | t_env:    3500000 | Episode:    17500
ep_length_mean:          200.0000	episode_length_mean:     199.0000	epsilon:                   0.0500	grad_norm:               192.4100
info_nce_loss:             0.2506	loss:                      1.4775	q_loss:                    1.3432	return_mean:             143.4033
return_std:                1.5534	test_ep_length_mean:     200.0000	test_episode_length_mean:199.0000	test_return_mean:        154.8177
test_return_std:           1.4046	
2026-04-27 07:26:19,375 - my_experiment - advP_Big_HybridComm_5M_44 - my_run - INFO - t_env: 3500200 / 5050000
2026-04-27 07:26:19,376 - my_experiment - advP_Big_HybridComm_5M_44 - my_run - INFO - Estimated time left: 11 hours, 43 minutes, 26 seconds. Time passed: 1 days, 2 hours, 49 minutes, 39 seconds
2026-04-27 07:27:31,787 - my_experiment - advP_Big_HybridComm_5M_44 - my_run - INFO - Saving models to work_dirs/my_experiment/advP_Big_HybridComm_5M_44/my_run/20260426_043608/models/3500200
2026-04-27 07:48:55,383 - my_experiment - advP_Big_HybridComm_5M_44 - my_run - INFO - Recent Stats | t_env:    3550000 | Episode:    17750
ep_length_mean:          200.0000	episode_length_mean:     199.0000	epsilon:                   0.0500	grad_norm:               212.7658
info_nce_loss:             0.2783	loss:                      1.5655	q_loss:                    1.4232	return_mean:             143.3783
return_std:                1.5620	test_ep_length_mean:     200.0000	test_episode_length_mean:199.0000	test_return_mean:        154.8448
test_return_std:           1.4456	
2026-04-27 07:49:00,560 - my_experiment - advP_Big_HybridComm_5M_44 - my_run - INFO - t_env: 3550200 / 5050000
2026-04-27 07:49:00,561 - my_experiment - advP_Big_HybridComm_5M_44 - my_run - INFO - Estimated time left: 11 hours, 20 minutes, 30 seconds. Time passed: 1 days, 3 hours, 12 minutes, 20 seconds
2026-04-27 08:11:38,625 - my_experiment - advP_Big_HybridComm_5M_44 - my_run - INFO - Recent Stats | t_env:    3600000 | Episode:    18000
ep_length_mean:          200.0000	episode_length_mean:     199.0000	epsilon:                   0.0500	grad_norm:               202.3490
info_nce_loss:             0.0241	loss:                      1.5206	q_loss:                    1.3824	return_mean:             143.6809
return_std:                1.5127	test_ep_length_mean:     200.0000	test_episode_length_mean:199.0000	test_return_mean:        154.8266
test_return_std:           1.3768	
2026-04-27 08:11:43,788 - my_experiment - advP_Big_HybridComm_5M_44 - my_run - INFO - t_env: 3600200 / 5050000
2026-04-27 08:11:43,789 - my_experiment - advP_Big_HybridComm_5M_44 - my_run - INFO - Estimated time left: 10 hours, 58 minutes, 48 seconds. Time passed: 1 days, 3 hours, 35 minutes, 4 seconds
2026-04-27 08:34:24,393 - my_experiment - advP_Big_HybridComm_5M_44 - my_run - INFO - Recent Stats | t_env:    3650000 | Episode:    18250
ep_length_mean:          200.0000	episode_length_mean:     199.0000	epsilon:                   0.0500	grad_norm:               164.6361
info_nce_loss:             0.1113	loss:                      1.6625	q_loss:                    1.5113	return_mean:             143.1880
return_std:                1.9014	test_ep_length_mean:     200.0000	test_episode_length_mean:199.0000	test_return_mean:        154.9561
test_return_std:           1.3288	
2026-04-27 08:34:29,589 - my_experiment - advP_Big_HybridComm_5M_44 - my_run - INFO - t_env: 3650200 / 5050000
2026-04-27 08:34:29,591 - my_experiment - advP_Big_HybridComm_5M_44 - my_run - INFO - Estimated time left: 10 hours, 37 minutes, 16 seconds. Time passed: 1 days, 3 hours, 57 minutes, 49 seconds
2026-04-27 08:57:09,762 - my_experiment - advP_Big_HybridComm_5M_44 - my_run - INFO - Recent Stats | t_env:    3700000 | Episode:    18500
ep_length_mean:          200.0000	episode_length_mean:     199.0000	epsilon:                   0.0500	grad_norm:               283.5906
info_nce_loss:             0.2929	loss:                      2.2371	q_loss:                    2.0337	return_mean:             143.5976
return_std:                1.7189	test_ep_length_mean:     200.0000	test_episode_length_mean:199.0000	test_return_mean:        154.9114
test_return_std:           1.4284	
2026-04-27 08:57:14,957 - my_experiment - advP_Big_HybridComm_5M_44 - my_run - INFO - t_env: 3700200 / 5050000
2026-04-27 08:57:14,958 - my_experiment - advP_Big_HybridComm_5M_44 - my_run - INFO - Estimated time left: 10 hours, 14 minutes, 19 seconds. Time passed: 1 days, 4 hours, 20 minutes, 35 seconds
2026-04-27 09:19:55,163 - my_experiment - advP_Big_HybridComm_5M_44 - my_run - INFO - Recent Stats | t_env:    3750000 | Episode:    18750
ep_length_mean:          200.0000	episode_length_mean:     199.0000	epsilon:                   0.0500	grad_norm:               225.1159
info_nce_loss:             0.2549	loss:                      1.5992	q_loss:                    1.4538	return_mean:             143.3904
return_std:                1.6873	test_ep_length_mean:     200.0000	test_episode_length_mean:199.0000	test_return_mean:        154.8614
test_return_std:           1.4424	
2026-04-27 09:20:00,351 - my_experiment - advP_Big_HybridComm_5M_44 - my_run - INFO - t_env: 3750200 / 5050000
2026-04-27 09:20:00,435 - my_experiment - advP_Big_HybridComm_5M_44 - my_run - INFO - Estimated time left: 9 hours, 51 minutes, 36 seconds. Time passed: 1 days, 4 hours, 43 minutes, 20 seconds
2026-04-27 09:42:39,935 - my_experiment - advP_Big_HybridComm_5M_44 - my_run - INFO - Recent Stats | t_env:    3800000 | Episode:    19000
ep_length_mean:          200.0000	episode_length_mean:     199.0000	epsilon:                   0.0500	grad_norm:               145.6140
info_nce_loss:             0.1060	loss:                      1.3963	q_loss:                    1.2693	return_mean:             143.4478
return_std:                1.5597	test_ep_length_mean:     200.0000	test_episode_length_mean:199.0000	test_return_mean:        154.8711
test_return_std:           1.4150	
2026-04-27 09:42:45,137 - my_experiment - advP_Big_HybridComm_5M_44 - my_run - INFO - t_env: 3800200 / 5050000
2026-04-27 09:42:45,174 - my_experiment - advP_Big_HybridComm_5M_44 - my_run - INFO - Estimated time left: 9 hours, 28 minutes, 33 seconds. Time passed: 1 days, 5 hours, 6 minutes, 5 seconds
2026-04-27 10:05:23,066 - my_experiment - advP_Big_HybridComm_5M_44 - my_run - INFO - Recent Stats | t_env:    3850000 | Episode:    19250
ep_length_mean:          200.0000	episode_length_mean:     199.0000	epsilon:                   0.0500	grad_norm:               166.6299
info_nce_loss:             0.3153	loss:                      1.5152	q_loss:                    1.3775	return_mean:             143.4018
return_std:                1.4833	test_ep_length_mean:     200.0000	test_episode_length_mean:199.0000	test_return_mean:        154.7607
test_return_std:           1.4541	
2026-04-27 10:05:28,240 - my_experiment - advP_Big_HybridComm_5M_44 - my_run - INFO - t_env: 3850200 / 5050000
2026-04-27 10:05:28,339 - my_experiment - advP_Big_HybridComm_5M_44 - my_run - INFO - Estimated time left: 9 hours, 5 minutes, 10 seconds. Time passed: 1 days, 5 hours, 28 minutes, 48 seconds
2026-04-27 10:28:04,490 - my_experiment - advP_Big_HybridComm_5M_44 - my_run - INFO - Recent Stats | t_env:    3900000 | Episode:    19500
ep_length_mean:          200.0000	episode_length_mean:     199.0000	epsilon:                   0.0500	grad_norm:               133.6565
info_nce_loss:             0.1330	loss:                      1.6750	q_loss:                    1.5227	return_mean:             143.6700
return_std:                1.4969	test_ep_length_mean:     200.0000	test_episode_length_mean:199.0000	test_return_mean:        154.6538
test_return_std:           1.4361	
2026-04-27 10:28:09,671 - my_experiment - advP_Big_HybridComm_5M_44 - my_run - INFO - t_env: 3900200 / 5050000
2026-04-27 10:28:09,672 - my_experiment - advP_Big_HybridComm_5M_44 - my_run - INFO - Estimated time left: 8 hours, 41 minutes, 45 seconds. Time passed: 1 days, 5 hours, 51 minutes, 30 seconds
2026-04-27 10:50:49,029 - my_experiment - advP_Big_HybridComm_5M_44 - my_run - INFO - Recent Stats | t_env:    3950000 | Episode:    19750
ep_length_mean:          200.0000	episode_length_mean:     199.0000	epsilon:                   0.0500	grad_norm:               147.3370
info_nce_loss:             0.2189	loss:                      1.4125	q_loss:                    1.2840	return_mean:             143.4988
return_std:                1.6712	test_ep_length_mean:     200.0000	test_episode_length_mean:199.0000	test_return_mean:        154.5770
test_return_std:           1.5351	
2026-04-27 10:50:54,218 - my_experiment - advP_Big_HybridComm_5M_44 - my_run - INFO - t_env: 3950200 / 5050000
2026-04-27 10:50:54,218 - my_experiment - advP_Big_HybridComm_5M_44 - my_run - INFO - Estimated time left: 8 hours, 20 minutes, 14 seconds. Time passed: 1 days, 6 hours, 14 minutes, 14 seconds
2026-04-27 11:13:34,024 - my_experiment - advP_Big_HybridComm_5M_44 - my_run - INFO - Recent Stats | t_env:    4000000 | Episode:    20000
ep_length_mean:          200.0000	episode_length_mean:     199.0000	epsilon:                   0.0500	grad_norm:               158.1343
info_nce_loss:             0.2117	loss:                      1.4256	q_loss:                    1.2960	return_mean:             143.7841
return_std:                1.4271	test_ep_length_mean:     200.0000	test_episode_length_mean:199.0000	test_return_mean:        154.5077
test_return_std:           1.6569	
2026-04-27 11:13:39,216 - my_experiment - advP_Big_HybridComm_5M_44 - my_run - INFO - t_env: 4000200 / 5050000
2026-04-27 11:13:39,217 - my_experiment - advP_Big_HybridComm_5M_44 - my_run - INFO - Estimated time left: 7 hours, 57 minutes, 39 seconds. Time passed: 1 days, 6 hours, 36 minutes, 59 seconds
2026-04-27 11:14:51,614 - my_experiment - advP_Big_HybridComm_5M_44 - my_run - INFO - Saving models to work_dirs/my_experiment/advP_Big_HybridComm_5M_44/my_run/20260426_043608/models/4000200
2026-04-27 11:36:19,378 - my_experiment - advP_Big_HybridComm_5M_44 - my_run - INFO - Recent Stats | t_env:    4050000 | Episode:    20250
ep_length_mean:          200.0000	episode_length_mean:     199.0000	epsilon:                   0.0500	grad_norm:               143.4703
info_nce_loss:             0.0441	loss:                      1.3995	q_loss:                    1.2723	return_mean:             143.7104
return_std:                1.6178	test_ep_length_mean:     200.0000	test_episode_length_mean:199.0000	test_return_mean:        154.5873
test_return_std:           1.5881	
2026-04-27 11:36:24,574 - my_experiment - advP_Big_HybridComm_5M_44 - my_run - INFO - t_env: 4050200 / 5050000
2026-04-27 11:36:24,597 - my_experiment - advP_Big_HybridComm_5M_44 - my_run - INFO - Estimated time left: 7 hours, 35 minutes, 2 seconds. Time passed: 1 days, 6 hours, 59 minutes, 44 seconds
2026-04-27 11:59:04,185 - my_experiment - advP_Big_HybridComm_5M_44 - my_run - INFO - Recent Stats | t_env:    4100000 | Episode:    20500
ep_length_mean:          200.0000	episode_length_mean:     199.0000	epsilon:                   0.0500	grad_norm:               149.0512
info_nce_loss:             0.1208	loss:                      1.4460	q_loss:                    1.3146	return_mean:             143.6344
return_std:                1.6363	test_ep_length_mean:     200.0000	test_episode_length_mean:199.0000	test_return_mean:        154.6934
test_return_std:           1.5782	
2026-04-27 11:59:09,364 - my_experiment - advP_Big_HybridComm_5M_44 - my_run - INFO - t_env: 4100200 / 5050000
2026-04-27 11:59:09,365 - my_experiment - advP_Big_HybridComm_5M_44 - my_run - INFO - Estimated time left: 7 hours, 12 minutes, 5 seconds. Time passed: 1 days, 7 hours, 22 minutes, 29 seconds
2026-04-27 12:21:48,632 - my_experiment - advP_Big_HybridComm_5M_44 - my_run - INFO - Recent Stats | t_env:    4150000 | Episode:    20750
ep_length_mean:          200.0000	episode_length_mean:     199.0000	epsilon:                   0.0500	grad_norm:               201.6248
info_nce_loss:             0.1947	loss:                      1.6631	q_loss:                    1.5120	return_mean:             143.5645
return_std:                1.6926	test_ep_length_mean:     200.0000	test_episode_length_mean:199.0000	test_return_mean:        154.7852
test_return_std:           1.5511	
2026-04-27 12:21:53,814 - my_experiment - advP_Big_HybridComm_5M_44 - my_run - INFO - t_env: 4150200 / 5050000
2026-04-27 12:21:53,815 - my_experiment - advP_Big_HybridComm_5M_44 - my_run - INFO - Estimated time left: 6 hours, 49 minutes, 14 seconds. Time passed: 1 days, 7 hours, 45 minutes, 14 seconds
2026-04-27 12:44:30,215 - my_experiment - advP_Big_HybridComm_5M_44 - my_run - INFO - Recent Stats | t_env:    4200000 | Episode:    21000
ep_length_mean:          200.0000	episode_length_mean:     199.0000	epsilon:                   0.0500	grad_norm:               194.5563
info_nce_loss:             0.1979	loss:                      1.5622	q_loss:                    1.4201	return_mean:             143.7595
return_std:                1.5130	test_ep_length_mean:     200.0000	test_episode_length_mean:199.0000	test_return_mean:        154.9549
test_return_std:           1.4202	
2026-04-27 12:44:35,391 - my_experiment - advP_Big_HybridComm_5M_44 - my_run - INFO - t_env: 4200200 / 5050000
2026-04-27 12:44:35,392 - my_experiment - advP_Big_HybridComm_5M_44 - my_run - INFO - Estimated time left: 6 hours, 25 minutes, 41 seconds. Time passed: 1 days, 8 hours, 7 minutes, 55 seconds
2026-04-27 13:07:13,731 - my_experiment - advP_Big_HybridComm_5M_44 - my_run - INFO - Recent Stats | t_env:    4250000 | Episode:    21250
ep_length_mean:          200.0000	episode_length_mean:     199.0000	epsilon:                   0.0500	grad_norm:               114.1547
info_nce_loss:             0.0562	loss:                      1.4960	q_loss:                    1.3600	return_mean:             143.5803
return_std:                1.5843	test_ep_length_mean:     200.0000	test_episode_length_mean:199.0000	test_return_mean:        154.9916
test_return_std:           1.3285	
2026-04-27 13:07:18,918 - my_experiment - advP_Big_HybridComm_5M_44 - my_run - INFO - t_env: 4250200 / 5050000
2026-04-27 13:07:18,919 - my_experiment - advP_Big_HybridComm_5M_44 - my_run - INFO - Estimated time left: 6 hours, 3 minutes, 30 seconds. Time passed: 1 days, 8 hours, 30 minutes, 39 seconds
2026-04-27 13:29:56,959 - my_experiment - advP_Big_HybridComm_5M_44 - my_run - INFO - Recent Stats | t_env:    4300000 | Episode:    21500
ep_length_mean:          200.0000	episode_length_mean:     199.0000	epsilon:                   0.0500	grad_norm:               114.2256
info_nce_loss:             0.0955	loss:                      1.3395	q_loss:                    1.2177	return_mean:             143.6229
return_std:                1.5058	test_ep_length_mean:     200.0000	test_episode_length_mean:199.0000	test_return_mean:        154.9713
test_return_std:           1.2312	
2026-04-27 13:30:02,135 - my_experiment - advP_Big_HybridComm_5M_44 - my_run - INFO - t_env: 4300200 / 5050000
2026-04-27 13:30:02,135 - my_experiment - advP_Big_HybridComm_5M_44 - my_run - INFO - Estimated time left: 5 hours, 40 minutes, 42 seconds. Time passed: 1 days, 8 hours, 53 minutes, 22 seconds
2026-04-27 13:52:38,004 - my_experiment - advP_Big_HybridComm_5M_44 - my_run - INFO - Recent Stats | t_env:    4350000 | Episode:    21750
ep_length_mean:          200.0000	episode_length_mean:     199.0000	epsilon:                   0.0500	grad_norm:               103.3820
info_nce_loss:             0.2186	loss:                      1.3458	q_loss:                    1.2234	return_mean:             143.7048
return_std:                1.5441	test_ep_length_mean:     200.0000	test_episode_length_mean:199.0000	test_return_mean:        155.0812
test_return_std:           1.0806	
2026-04-27 13:52:43,180 - my_experiment - advP_Big_HybridComm_5M_44 - my_run - INFO - t_env: 4350200 / 5050000
2026-04-27 13:52:43,181 - my_experiment - advP_Big_HybridComm_5M_44 - my_run - INFO - Estimated time left: 5 hours, 17 minutes, 29 seconds. Time passed: 1 days, 9 hours, 16 minutes, 3 seconds
2026-04-27 14:15:20,180 - my_experiment - advP_Big_HybridComm_5M_44 - my_run - INFO - Recent Stats | t_env:    4400000 | Episode:    22000
ep_length_mean:          200.0000	episode_length_mean:     199.0000	epsilon:                   0.0500	grad_norm:                97.4321
info_nce_loss:             0.1166	loss:                      1.3390	q_loss:                    1.2173	return_mean:             143.8596
return_std:                1.5623	test_ep_length_mean:     200.0000	test_episode_length_mean:199.0000	test_return_mean:        154.9168
test_return_std:           1.2390	
2026-04-27 14:15:25,355 - my_experiment - advP_Big_HybridComm_5M_44 - my_run - INFO - t_env: 4400200 / 5050000
2026-04-27 14:15:25,355 - my_experiment - advP_Big_HybridComm_5M_44 - my_run - INFO - Estimated time left: 4 hours, 55 minutes, 2 seconds. Time passed: 1 days, 9 hours, 38 minutes, 45 seconds
2026-04-27 14:38:02,146 - my_experiment - advP_Big_HybridComm_5M_44 - my_run - INFO - Recent Stats | t_env:    4450000 | Episode:    22250
ep_length_mean:          200.0000	episode_length_mean:     199.0000	epsilon:                   0.0500	grad_norm:               115.8176
info_nce_loss:             0.3346	loss:                      1.4363	q_loss:                    1.3057	return_mean:             143.9176
return_std:                1.4320	test_ep_length_mean:     200.0000	test_episode_length_mean:199.0000	test_return_mean:        155.0586
test_return_std:           1.0205	
2026-04-27 14:38:07,337 - my_experiment - advP_Big_HybridComm_5M_44 - my_run - INFO - t_env: 4450200 / 5050000
2026-04-27 14:38:07,358 - my_experiment - advP_Big_HybridComm_5M_44 - my_run - INFO - Estimated time left: 4 hours, 32 minutes, 18 seconds. Time passed: 1 days, 10 hours, 1 minutes, 27 seconds
2026-04-27 15:00:46,726 - my_experiment - advP_Big_HybridComm_5M_44 - my_run - INFO - Recent Stats | t_env:    4500000 | Episode:    22500
ep_length_mean:          200.0000	episode_length_mean:     199.0000	epsilon:                   0.0500	grad_norm:               153.9821
info_nce_loss:             0.2663	loss:                      1.5633	q_loss:                    1.4212	return_mean:             143.8147
return_std:                1.4200	test_ep_length_mean:     200.0000	test_episode_length_mean:199.0000	test_return_mean:        155.1326
test_return_std:           0.9828	
2026-04-27 15:00:51,910 - my_experiment - advP_Big_HybridComm_5M_44 - my_run - INFO - t_env: 4500200 / 5050000
2026-04-27 15:00:51,992 - my_experiment - advP_Big_HybridComm_5M_44 - my_run - INFO - Estimated time left: 4 hours, 10 minutes, 5 seconds. Time passed: 1 days, 10 hours, 24 minutes, 12 seconds
2026-04-27 15:02:04,311 - my_experiment - advP_Big_HybridComm_5M_44 - my_run - INFO - Saving models to work_dirs/my_experiment/advP_Big_HybridComm_5M_44/my_run/20260426_043608/models/4500200
2026-04-27 15:23:30,053 - my_experiment - advP_Big_HybridComm_5M_44 - my_run - INFO - Recent Stats | t_env:    4550000 | Episode:    22750
ep_length_mean:          200.0000	episode_length_mean:     199.0000	epsilon:                   0.0500	grad_norm:               191.2743
info_nce_loss:             0.2018	loss:                      1.6888	q_loss:                    1.5353	return_mean:             143.8673
return_std:                1.4997	test_ep_length_mean:     200.0000	test_episode_length_mean:199.0000	test_return_mean:        155.2477
test_return_std:           1.0176	
2026-04-27 15:23:35,227 - my_experiment - advP_Big_HybridComm_5M_44 - my_run - INFO - t_env: 4550200 / 5050000
2026-04-27 15:23:35,227 - my_experiment - advP_Big_HybridComm_5M_44 - my_run - INFO - Estimated time left: 3 hours, 47 minutes, 6 seconds. Time passed: 1 days, 10 hours, 46 minutes, 55 seconds
2026-04-27 15:46:10,969 - my_experiment - advP_Big_HybridComm_5M_44 - my_run - INFO - Recent Stats | t_env:    4600000 | Episode:    23000
ep_length_mean:          200.0000	episode_length_mean:     199.0000	epsilon:                   0.0500	grad_norm:               137.1181
info_nce_loss:             0.1870	loss:                      1.5933	q_loss:                    1.4484	return_mean:             143.8084
return_std:                1.4213	test_ep_length_mean:     200.0000	test_episode_length_mean:199.0000	test_return_mean:        155.2224
test_return_std:           1.0917	
2026-04-27 15:46:16,123 - my_experiment - advP_Big_HybridComm_5M_44 - my_run - INFO - t_env: 4600200 / 5050000
2026-04-27 15:46:16,124 - my_experiment - advP_Big_HybridComm_5M_44 - my_run - INFO - Estimated time left: 3 hours, 24 minutes, 2 seconds. Time passed: 1 days, 11 hours, 9 minutes, 36 seconds
2026-04-27 16:08:52,079 - my_experiment - advP_Big_HybridComm_5M_44 - my_run - INFO - Recent Stats | t_env:    4650000 | Episode:    23250
ep_length_mean:          200.0000	episode_length_mean:     199.0000	epsilon:                   0.0500	grad_norm:               138.7908
info_nce_loss:             0.0613	loss:                      1.6058	q_loss:                    1.4598	return_mean:             144.0800
return_std:                1.3399	test_ep_length_mean:     200.0000	test_episode_length_mean:199.0000	test_return_mean:        155.2340
test_return_std:           0.9932	
2026-04-27 16:08:57,223 - my_experiment - advP_Big_HybridComm_5M_44 - my_run - INFO - t_env: 4650200 / 5050000
2026-04-27 16:08:57,224 - my_experiment - advP_Big_HybridComm_5M_44 - my_run - INFO - Estimated time left: 3 hours, 1 minutes, 23 seconds. Time passed: 1 days, 11 hours, 32 minutes, 17 seconds
2026-04-27 16:31:33,055 - my_experiment - advP_Big_HybridComm_5M_44 - my_run - INFO - Recent Stats | t_env:    4700000 | Episode:    23500
ep_length_mean:          200.0000	episode_length_mean:     199.0000	epsilon:                   0.0500	grad_norm:                72.3176
info_nce_loss:             0.0313	loss:                      1.4737	q_loss:                    1.3397	return_mean:             143.7815
return_std:                1.4537	test_ep_length_mean:     200.0000	test_episode_length_mean:199.0000	test_return_mean:        155.0649
test_return_std:           1.1510	
2026-04-27 16:31:38,227 - my_experiment - advP_Big_HybridComm_5M_44 - my_run - INFO - t_env: 4700200 / 5050000
2026-04-27 16:31:38,229 - my_experiment - advP_Big_HybridComm_5M_44 - my_run - INFO - Estimated time left: 2 hours, 38 minutes, 41 seconds. Time passed: 1 days, 11 hours, 54 minutes, 58 seconds
2026-04-27 16:54:14,229 - my_experiment - advP_Big_HybridComm_5M_44 - my_run - INFO - Recent Stats | t_env:    4750000 | Episode:    23750
ep_length_mean:          200.0000	episode_length_mean:     199.0000	epsilon:                   0.0500	grad_norm:                68.8733
info_nce_loss:             0.0942	loss:                      1.4509	q_loss:                    1.3190	return_mean:             143.8720
return_std:                1.2887	test_ep_length_mean:     200.0000	test_episode_length_mean:199.0000	test_return_mean:        155.0645
test_return_std:           1.1347	
2026-04-27 16:54:19,398 - my_experiment - advP_Big_HybridComm_5M_44 - my_run - INFO - t_env: 4750200 / 5050000
2026-04-27 16:54:19,399 - my_experiment - advP_Big_HybridComm_5M_44 - my_run - INFO - Estimated time left: 2 hours, 16 minutes, 1 seconds. Time passed: 1 days, 12 hours, 17 minutes, 39 seconds
2026-04-27 17:16:55,355 - my_experiment - advP_Big_HybridComm_5M_44 - my_run - INFO - Recent Stats | t_env:    4800000 | Episode:    24000
ep_length_mean:          200.0000	episode_length_mean:     199.0000	epsilon:                   0.0500	grad_norm:                56.7209
info_nce_loss:             0.2276	loss:                      1.4448	q_loss:                    1.3135	return_mean:             143.9486
return_std:                1.4057	test_ep_length_mean:     200.0000	test_episode_length_mean:199.0000	test_return_mean:        155.0459
test_return_std:           1.1708	
2026-04-27 17:17:00,530 - my_experiment - advP_Big_HybridComm_5M_44 - my_run - INFO - t_env: 4800200 / 5050000
2026-04-27 17:17:00,531 - my_experiment - advP_Big_HybridComm_5M_44 - my_run - INFO - Estimated time left: 1 hours, 53 minutes, 20 seconds. Time passed: 1 days, 12 hours, 40 minutes, 20 seconds
2026-04-27 17:39:36,467 - my_experiment - advP_Big_HybridComm_5M_44 - my_run - INFO - Recent Stats | t_env:    4850000 | Episode:    24250
ep_length_mean:          200.0000	episode_length_mean:     199.0000	epsilon:                   0.0500	grad_norm:               175.6598
info_nce_loss:             0.0469	loss:                      1.8189	q_loss:                    1.6535	return_mean:             144.0049
return_std:                1.4689	test_ep_length_mean:     200.0000	test_episode_length_mean:199.0000	test_return_mean:        155.0936
test_return_std:           1.1912	
2026-04-27 17:39:41,644 - my_experiment - advP_Big_HybridComm_5M_44 - my_run - INFO - t_env: 4850200 / 5050000
2026-04-27 17:39:41,645 - my_experiment - advP_Big_HybridComm_5M_44 - my_run - INFO - Estimated time left: 1 hours, 30 minutes, 39 seconds. Time passed: 1 days, 13 hours, 3 minutes, 2 seconds
2026-04-27 18:02:18,923 - my_experiment - advP_Big_HybridComm_5M_44 - my_run - INFO - Recent Stats | t_env:    4900000 | Episode:    24500
ep_length_mean:          200.0000	episode_length_mean:     199.0000	epsilon:                   0.0500	grad_norm:                84.6585
info_nce_loss:             0.1000	loss:                      1.4933	q_loss:                    1.3576	return_mean:             143.9918
return_std:                1.2896	test_ep_length_mean:     200.0000	test_episode_length_mean:199.0000	test_return_mean:        155.1232
test_return_std:           1.2426	
2026-04-27 18:02:24,109 - my_experiment - advP_Big_HybridComm_5M_44 - my_run - INFO - t_env: 4900200 / 5050000
2026-04-27 18:02:24,110 - my_experiment - advP_Big_HybridComm_5M_44 - my_run - INFO - Estimated time left: 1 hours, 8 minutes, 1 seconds. Time passed: 1 days, 13 hours, 25 minutes, 44 seconds
2026-04-27 18:25:03,603 - my_experiment - advP_Big_HybridComm_5M_44 - my_run - INFO - Recent Stats | t_env:    4950000 | Episode:    24750
ep_length_mean:          200.0000	episode_length_mean:     199.0000	epsilon:                   0.0500	grad_norm:               112.1100
info_nce_loss:             0.2011	loss:                      1.6960	q_loss:                    1.5418	return_mean:             144.1573
return_std:                1.3426	test_ep_length_mean:     200.0000	test_episode_length_mean:199.0000	test_return_mean:        155.1605
test_return_std:           1.2226	
2026-04-27 18:25:08,802 - my_experiment - advP_Big_HybridComm_5M_44 - my_run - INFO - t_env: 4950200 / 5050000
2026-04-27 18:25:08,803 - my_experiment - advP_Big_HybridComm_5M_44 - my_run - INFO - Estimated time left: 45 minutes, 23 seconds. Time passed: 1 days, 13 hours, 48 minutes, 29 seconds
2026-04-27 18:47:47,868 - my_experiment - advP_Big_HybridComm_5M_44 - my_run - INFO - Recent Stats | t_env:    5000000 | Episode:    25000
ep_length_mean:          200.0000	episode_length_mean:     199.0000	epsilon:                   0.0500	grad_norm:               102.4712
info_nce_loss:             0.1355	loss:                      1.4688	q_loss:                    1.3353	return_mean:             143.8683
return_std:                1.3580	test_ep_length_mean:     200.0000	test_episode_length_mean:199.0000	test_return_mean:        155.1260
test_return_std:           1.3239	
2026-04-27 18:47:53,057 - my_experiment - advP_Big_HybridComm_5M_44 - my_run - INFO - t_env: 5000200 / 5050000
2026-04-27 18:47:53,058 - my_experiment - advP_Big_HybridComm_5M_44 - my_run - INFO - Estimated time left: 22 minutes, 38 seconds. Time passed: 1 days, 14 hours, 11 minutes, 13 seconds
2026-04-27 18:49:05,323 - my_experiment - advP_Big_HybridComm_5M_44 - my_run - INFO - Saving models to work_dirs/my_experiment/advP_Big_HybridComm_5M_44/my_run/20260426_043608/models/5000200
2026-04-27 19:10:32,684 - my_experiment - advP_Big_HybridComm_5M_44 - my_run - INFO - Recent Stats | t_env:    5050000 | Episode:    25250
ep_length_mean:          200.0000	episode_length_mean:     199.0000	epsilon:                   0.0500	grad_norm:                85.9832
info_nce_loss:             0.0557	loss:                      1.4479	q_loss:                    1.3163	return_mean:             143.9559
return_std:                1.6153	test_ep_length_mean:     200.0000	test_episode_length_mean:199.0000	test_return_mean:        155.1083
test_return_std:           1.2902	
2026-04-27 19:10:37,872 - my_experiment - advP_Big_HybridComm_5M_44 - my_run - INFO - t_env: 5050200 / 5050000
2026-04-27 19:10:37,873 - my_experiment - advP_Big_HybridComm_5M_44 - my_run - INFO - Estimated time left: -. Time passed: 1 days, 14 hours, 33 minutes, 58 seconds
2026-04-27 19:11:50,163 - my_experiment - advP_Big_HybridComm_5M_44 - my_run - INFO - Finished Training
