Gym has been unmaintained since 2022 and does not support NumPy 2.0 amongst other critical functionality.
Please upgrade to Gymnasium, the maintained drop-in replacement of Gym, or contact the authors of your software and request that they upgrade.
Users of this version of Gym should be able to simply replace 'import gym' with 'import gymnasium as gym' in the vast majority of cases.
See the migration guide at https://gymnasium.farama.org/introduction/migration_guide/ for additional information.
src/main.py:81: DeprecationWarning: Using or importing the ABCs from 'collections' instead of from 'collections.abc' is deprecated since Python 3.3, and in 3.10 it will stop working
  if isinstance(v, collections.Mapping):
wandb: [wandb.login()] Loaded credentials for https://api.wandb.ai from /home/pparsons/.netrc.
wandb: Currently logged in as: peterparsons02 (peterparsons02-eth-z-rich) to https://api.wandb.ai. Use `wandb login --relogin` to force relogin
wandb: setting up run hgctvfxn
wandb: Tracking run with wandb version 0.24.1
wandb: Run data is saved locally in /usr/itetnas04/data-scratch-01/pparsons/data/MyExpoComm/wandb/run-20260818_200308-hgctvfxn
wandb: Run `wandb offline` to turn off syncing.
wandb: Syncing run my_run-advP_HC_st_nomm_42-20260818_200306
wandb: ⭐️ View project at https://wandb.ai/peterparsons02-eth-z-rich/my_experiment
wandb: 🚀 View run at https://wandb.ai/peterparsons02-eth-z-rich/my_experiment/runs/hgctvfxn
2026-08-18 20:03:13,374 - my_experiment - advP_HC_st_nomm_42 - my_run - INFO - Current directory: /usr/itetnas04/data-scratch-01/pparsons/data/MyExpoComm.
2026-08-18 20:03:13,374 - my_experiment - advP_HC_st_nomm_42 - my_run - INFO - Experiment Parameters:
2026-08-18 20:03:13,375 - my_experiment - advP_HC_st_nomm_42 - my_run - INFO - 

{   'action_selector': 'epsilon_greedy',
    'add_value_last_step': True,
    'agent': 'ExpoComm_static_cont',
    'agent_output_type': 'q',
    'attention_dim': 16,
    'aux_coef': 0.1,
    'batch_size': 32,
    'batch_size_run': 1,
    'buffer_cpu_only': True,
    'buffer_size': 2000,
    'checkpoint_path': '',
    'double_q': True,
    'env': 'MAgent_AdvPursuit',
    'env_args': {   'global_reward': True,
                    'map_name': 'adversarial_pursuit_view8',
                    'map_size': 45,
                    'max_cycles': 200,
                    'minimap_mode': False,
                    'pretrained_ckpt': 'prey_params.pt',
                    'seed': 42},
    'epsilon_anneal_time': 1000000,
    'epsilon_finish': 0.05,
    'epsilon_start': 1.0,
    'evaluate': False,
    'evaluation_epsilon': 0.0,
    'exp_name': 'my_experiment',
    'gamma': 0.99,
    'global_reward': True,
    'grad_norm_clip': 10,
    'hidden_dim': 64,
    'hypergroup': None,
    'label': 'default_label',
    'learner': 'hybrid_comm_learner',
    'learner_log_interval': 10000,
    'load_step': 0,
    'local_results_path': 'results',
    'log_interval': 50000,
    'lr': 0.0005,
    'mac': 'ExpoComm_mac',
    'mixer': None,
    'name': 'advP_HC_st_nomm_42',
    'neg_num': 20,
    'obs_agent_id': True,
    'obs_individual_obs': False,
    'obs_last_action': True,
    'optim_alpha': 0.99,
    'optim_eps': 1e-05,
    'render': False,
    'repeat_id': 1,
    'run_name': 'my_run',
    'runner': 'episode',
    'runner_log_interval': 10000,
    'save_model': True,
    'save_model_interval': 200000,
    'save_replay': False,
    'seed': 42,
    'standardise_returns': False,
    'standardise_rewards': True,
    't_max': 5050000,
    'target_update_interval_or_tau': 200,
    'temperature': 0.07,
    'test_greedy': True,
    'test_interval': 50000,
    'test_nepisode': 100,
    'topk_neighbors': 7,
    'use_cuda': True,
    'use_rnn': True,
    'use_tensorboard': True,
    'work_dir': 'work_dirs/my_experiment/advP_HC_st_nomm_42/my_run/20260818_200306'}

/usr/itetnas04/data-scratch-01/pparsons/data/conda_envs/ExpoComm/lib/python3.8/site-packages/pettingzoo/utils/conversions.py:41: UserWarning: The `from_parallel` function is deprecated. Use the `parallel_to_aec` function instead.
  warnings.warn("The `from_parallel` function is deprecated. Use the `parallel_to_aec` function instead.")
/usr/itetnas04/data-scratch-01/pparsons/data/conda_envs/ExpoComm/lib/python3.8/site-packages/pettingzoo/utils/wrappers/base.py:44: UserWarning: The `observation_spaces` dictionary is deprecated. Use the `observation_space` function instead.
  warnings.warn("The `observation_spaces` dictionary is deprecated. Use the `observation_space` function instead.")
/usr/itetnas04/data-scratch-01/pparsons/data/conda_envs/ExpoComm/lib/python3.8/site-packages/pettingzoo/utils/conversions.py:36: UserWarning: The `to_parallel` function is deprecated. Use the `aec_to_parallel` function instead.
  warnings.warn("The `to_parallel` function is deprecated. Use the `aec_to_parallel` function instead.")
/usr/itetnas04/data-scratch-01/pparsons/data/conda_envs/ExpoComm/lib/python3.8/site-packages/pettingzoo/utils/conversions.py:80: UserWarning: The `action_spaces` dictionary is deprecated. Use the `action_space` function instead.
  warnings.warn("The `action_spaces` dictionary is deprecated. Use the `action_space` function instead.")
/usr/itetnas04/data-scratch-01/pparsons/data/conda_envs/ExpoComm/lib/python3.8/site-packages/pettingzoo/utils/wrappers/base.py:52: UserWarning: The `action_spaces` dictionary is deprecated. Use the `action_space` function instead.
  warnings.warn("The `action_spaces` dictionary is deprecated. Use the `action_space` function instead.")
/usr/itetnas04/data-scratch-01/pparsons/data/conda_envs/ExpoComm/lib/python3.8/site-packages/pettingzoo/utils/conversions.py:72: UserWarning: The `observation_spaces` dictionary is deprecated. Use the `observation_space` function instead.
  warnings.warn("The `observation_spaces` dictionary is deprecated. Use the `observation_space` function instead.")
2026-08-18 20:03:36,640 - my_experiment - advP_HC_st_nomm_42 - my_run - INFO - Beginning training for 5050000 timesteps
/usr/itetnas04/data-scratch-01/pparsons/data/MyExpoComm/src/envs/adv_pursuit_wrappers.py:247: UserWarning: To copy construct from a tensor, it is recommended to use sourceTensor.clone().detach() or sourceTensor.clone().detach().requires_grad_(True), rather than torch.tensor(sourceTensor).
  actions = th.tensor(actions, dtype=th.long)
2026-08-18 20:03:54,346 - my_experiment - advP_HC_st_nomm_42 - my_run - INFO - t_env: 200 / 5050000
2026-08-18 20:03:54,347 - my_experiment - advP_HC_st_nomm_42 - my_run - INFO - Estimated time left: 29 minutes, 41 seconds. Time passed: 17 seconds
2026-08-18 20:07:01,581 - my_experiment - advP_HC_st_nomm_42 - my_run - INFO - Saving models to work_dirs/my_experiment/advP_HC_st_nomm_42/my_run/20260818_200306/models/200
2026-08-18 20:17:34,538 - my_experiment - advP_HC_st_nomm_42 - my_run - INFO - Recent Stats | t_env:      50000 | Episode:      250
ep_length_mean:          200.0000	episode_length_mean:     199.0000	epsilon:                   0.9620	grad_norm:                 5.0955
info_nce_loss:             1.8485	loss:                      1.1213	q_loss:                    1.0194	return_mean:             -21.1270
return_std:                0.8036	test_ep_length_mean:     200.0000	test_episode_length_mean:199.0000	test_return_mean:         -0.4153
test_return_std:           1.0835	
2026-08-18 20:17:37,148 - my_experiment - advP_HC_st_nomm_42 - my_run - INFO - t_env: 50200 / 5050000
2026-08-18 20:17:37,150 - my_experiment - advP_HC_st_nomm_42 - my_run - INFO - Estimated time left: 22 hours, 51 minutes, 16 seconds. Time passed: 14 minutes, 0 seconds
2026-08-18 20:31:39,460 - my_experiment - advP_HC_st_nomm_42 - my_run - INFO - Recent Stats | t_env:     100000 | Episode:      500
ep_length_mean:          200.0000	episode_length_mean:     199.0000	epsilon:                   0.9145	grad_norm:                 2.9501
info_nce_loss:             2.3573	loss:                      1.3269	q_loss:                    1.2063	return_mean:             -18.3866
return_std:                1.3862	test_ep_length_mean:     200.0000	test_episode_length_mean:199.0000	test_return_mean:         21.6112
test_return_std:           6.8727	
2026-08-18 20:31:42,067 - my_experiment - advP_HC_st_nomm_42 - my_run - INFO - t_env: 100200 / 5050000
2026-08-18 20:31:42,068 - my_experiment - advP_HC_st_nomm_42 - my_run - INFO - Estimated time left: 23 hours, 14 minutes, 3 seconds. Time passed: 28 minutes, 5 seconds
2026-08-18 20:45:38,334 - my_experiment - advP_HC_st_nomm_42 - my_run - INFO - Recent Stats | t_env:     150000 | Episode:      750
ep_length_mean:          200.0000	episode_length_mean:     199.0000	epsilon:                   0.8670	grad_norm:                 3.5021
info_nce_loss:             2.7227	loss:                      1.7058	q_loss:                    1.5507	return_mean:             -12.2382
return_std:                1.7500	test_ep_length_mean:     200.0000	test_episode_length_mean:199.0000	test_return_mean:         43.2518
test_return_std:           9.5090	
2026-08-18 20:45:40,957 - my_experiment - advP_HC_st_nomm_42 - my_run - INFO - t_env: 150200 / 5050000
2026-08-18 20:45:40,959 - my_experiment - advP_HC_st_nomm_42 - my_run - INFO - Estimated time left: 22 hours, 50 minutes, 7 seconds. Time passed: 42 minutes, 4 seconds
2026-08-18 20:59:36,797 - my_experiment - advP_HC_st_nomm_42 - my_run - INFO - Recent Stats | t_env:     200000 | Episode:     1000
ep_length_mean:          200.0000	episode_length_mean:     199.0000	epsilon:                   0.8195	grad_norm:                 3.7577
info_nce_loss:             2.3756	loss:                      1.8898	q_loss:                    1.7180	return_mean:              -7.7016
return_std:                2.4530	test_ep_length_mean:     200.0000	test_episode_length_mean:199.0000	test_return_mean:         53.3581
test_return_std:          10.9293	
2026-08-18 20:59:39,414 - my_experiment - advP_HC_st_nomm_42 - my_run - INFO - t_env: 200200 / 5050000
2026-08-18 20:59:39,416 - my_experiment - advP_HC_st_nomm_42 - my_run - INFO - Estimated time left: 22 hours, 35 minutes, 26 seconds. Time passed: 56 minutes, 2 seconds
2026-08-18 21:02:47,143 - my_experiment - advP_HC_st_nomm_42 - my_run - INFO - Saving models to work_dirs/my_experiment/advP_HC_st_nomm_42/my_run/20260818_200306/models/200200
2026-08-18 21:13:35,449 - my_experiment - advP_HC_st_nomm_42 - my_run - INFO - Recent Stats | t_env:     250000 | Episode:     1250
ep_length_mean:          200.0000	episode_length_mean:     199.0000	epsilon:                   0.7720	grad_norm:                 7.7488
info_nce_loss:             2.9314	loss:                      2.3825	q_loss:                    2.1659	return_mean:              -2.7268
return_std:                2.5981	test_ep_length_mean:     200.0000	test_episode_length_mean:199.0000	test_return_mean:         59.2246
test_return_std:          11.8385	
2026-08-18 21:13:38,081 - my_experiment - advP_HC_st_nomm_42 - my_run - INFO - t_env: 250200 / 5050000
2026-08-18 21:13:38,083 - my_experiment - advP_HC_st_nomm_42 - my_run - INFO - Estimated time left: 22 hours, 21 minutes, 48 seconds. Time passed: 1 hours, 10 minutes, 1 seconds
2026-08-18 21:27:33,450 - my_experiment - advP_HC_st_nomm_42 - my_run - INFO - Recent Stats | t_env:     300000 | Episode:     1500
ep_length_mean:          200.0000	episode_length_mean:     199.0000	epsilon:                   0.7245	grad_norm:                 8.3191
info_nce_loss:             2.9944	loss:                      2.1168	q_loss:                    1.9244	return_mean:               2.2894
return_std:                2.9916	test_ep_length_mean:     200.0000	test_episode_length_mean:199.0000	test_return_mean:         76.2528
test_return_std:          14.8183	
2026-08-18 21:27:36,049 - my_experiment - advP_HC_st_nomm_42 - my_run - INFO - t_env: 300200 / 5050000
2026-08-18 21:27:36,050 - my_experiment - advP_HC_st_nomm_42 - my_run - INFO - Estimated time left: 22 hours, 6 minutes, 43 seconds. Time passed: 1 hours, 23 minutes, 59 seconds
2026-08-18 21:41:30,540 - my_experiment - advP_HC_st_nomm_42 - my_run - INFO - Recent Stats | t_env:     350000 | Episode:     1750
ep_length_mean:          200.0000	episode_length_mean:     199.0000	epsilon:                   0.6770	grad_norm:                13.0443
info_nce_loss:             2.9860	loss:                      2.3733	q_loss:                    2.1576	return_mean:               9.2733
return_std:                3.2755	test_ep_length_mean:     200.0000	test_episode_length_mean:199.0000	test_return_mean:         87.2245
test_return_std:          15.5241	
2026-08-18 21:41:33,139 - my_experiment - advP_HC_st_nomm_42 - my_run - INFO - t_env: 350200 / 5050000
2026-08-18 21:41:33,140 - my_experiment - advP_HC_st_nomm_42 - my_run - INFO - Estimated time left: 21 hours, 51 minutes, 23 seconds. Time passed: 1 hours, 37 minutes, 56 seconds
2026-08-18 21:55:27,612 - my_experiment - advP_HC_st_nomm_42 - my_run - INFO - Recent Stats | t_env:     400000 | Episode:     2000
ep_length_mean:          200.0000	episode_length_mean:     199.0000	epsilon:                   0.6295	grad_norm:                21.9039
info_nce_loss:             2.8647	loss:                      2.9129	q_loss:                    2.6481	return_mean:              17.0846
return_std:                4.1840	test_ep_length_mean:     200.0000	test_episode_length_mean:199.0000	test_return_mean:         91.4238
test_return_std:          15.2767	
2026-08-18 21:55:30,240 - my_experiment - advP_HC_st_nomm_42 - my_run - INFO - t_env: 400200 / 5050000
2026-08-18 21:55:30,242 - my_experiment - advP_HC_st_nomm_42 - my_run - INFO - Estimated time left: 21 hours, 37 minutes, 27 seconds. Time passed: 1 hours, 51 minutes, 53 seconds
2026-08-18 21:58:37,938 - my_experiment - advP_HC_st_nomm_42 - my_run - INFO - Saving models to work_dirs/my_experiment/advP_HC_st_nomm_42/my_run/20260818_200306/models/400200
2026-08-18 22:09:24,380 - my_experiment - advP_HC_st_nomm_42 - my_run - INFO - Recent Stats | t_env:     450000 | Episode:     2250
ep_length_mean:          200.0000	episode_length_mean:     199.0000	epsilon:                   0.5820	grad_norm:                39.0159
info_nce_loss:             2.8523	loss:                      3.7585	q_loss:                    3.4168	return_mean:              23.7354
return_std:                4.4785	test_ep_length_mean:     200.0000	test_episode_length_mean:199.0000	test_return_mean:         96.3309
test_return_std:          15.2535	
2026-08-18 22:09:26,986 - my_experiment - advP_HC_st_nomm_42 - my_run - INFO - t_env: 450200 / 5050000
2026-08-18 22:09:26,987 - my_experiment - advP_HC_st_nomm_42 - my_run - INFO - Estimated time left: 21 hours, 22 minutes, 57 seconds. Time passed: 2 hours, 5 minutes, 50 seconds
2026-08-18 22:23:21,706 - my_experiment - advP_HC_st_nomm_42 - my_run - INFO - Recent Stats | t_env:     500000 | Episode:     2500
ep_length_mean:          200.0000	episode_length_mean:     199.0000	epsilon:                   0.5345	grad_norm:                51.4578
info_nce_loss:             0.7420	loss:                      3.3913	q_loss:                    3.0830	return_mean:              29.2363
return_std:                4.9383	test_ep_length_mean:     200.0000	test_episode_length_mean:199.0000	test_return_mean:        101.3969
test_return_std:          14.5061	
2026-08-18 22:23:24,329 - my_experiment - advP_HC_st_nomm_42 - my_run - INFO - t_env: 500200 / 5050000
2026-08-18 22:23:24,330 - my_experiment - advP_HC_st_nomm_42 - my_run - INFO - Estimated time left: 21 hours, 9 minutes, 54 seconds. Time passed: 2 hours, 19 minutes, 47 seconds
2026-08-18 22:37:18,193 - my_experiment - advP_HC_st_nomm_42 - my_run - INFO - Recent Stats | t_env:     550000 | Episode:     2750
ep_length_mean:          200.0000	episode_length_mean:     199.0000	epsilon:                   0.4870	grad_norm:               174.7322
info_nce_loss:             0.2678	loss:                      4.0834	q_loss:                    3.7121	return_mean:              34.1699
return_std:                4.9197	test_ep_length_mean:     200.0000	test_episode_length_mean:199.0000	test_return_mean:        105.2632
test_return_std:          14.2282	
2026-08-18 22:37:20,782 - my_experiment - advP_HC_st_nomm_42 - my_run - INFO - t_env: 550200 / 5050000
2026-08-18 22:37:20,784 - my_experiment - advP_HC_st_nomm_42 - my_run - INFO - Estimated time left: 20 hours, 54 minutes, 37 seconds. Time passed: 2 hours, 33 minutes, 44 seconds
2026-08-18 22:51:17,845 - my_experiment - advP_HC_st_nomm_42 - my_run - INFO - Recent Stats | t_env:     600000 | Episode:     3000
ep_length_mean:          200.0000	episode_length_mean:     199.0000	epsilon:                   0.4395	grad_norm:               385.3446
info_nce_loss:             0.1291	loss:                      4.5473	q_loss:                    4.1339	return_mean:              39.8766
return_std:                5.0574	test_ep_length_mean:     200.0000	test_episode_length_mean:199.0000	test_return_mean:        106.5043
test_return_std:          13.7362	
2026-08-18 22:51:20,438 - my_experiment - advP_HC_st_nomm_42 - my_run - INFO - t_env: 600200 / 5050000
2026-08-18 22:51:20,440 - my_experiment - advP_HC_st_nomm_42 - my_run - INFO - Estimated time left: 20 hours, 45 minutes, 25 seconds. Time passed: 2 hours, 47 minutes, 43 seconds
2026-08-18 22:54:27,947 - my_experiment - advP_HC_st_nomm_42 - my_run - INFO - Saving models to work_dirs/my_experiment/advP_HC_st_nomm_42/my_run/20260818_200306/models/600200
2026-08-18 23:05:17,085 - my_experiment - advP_HC_st_nomm_42 - my_run - INFO - Recent Stats | t_env:     650000 | Episode:     3250
ep_length_mean:          200.0000	episode_length_mean:     199.0000	epsilon:                   0.3920	grad_norm:               282.4663
info_nce_loss:             0.2234	loss:                      5.7021	q_loss:                    5.1838	return_mean:              43.9814
return_std:                5.2068	test_ep_length_mean:     200.0000	test_episode_length_mean:199.0000	test_return_mean:        106.2205
test_return_std:          14.0764	
2026-08-18 23:05:19,661 - my_experiment - advP_HC_st_nomm_42 - my_run - INFO - t_env: 650200 / 5050000
2026-08-18 23:05:19,662 - my_experiment - advP_HC_st_nomm_42 - my_run - INFO - Estimated time left: 20 hours, 30 minutes, 48 seconds. Time passed: 3 hours, 1 minutes, 43 seconds
2026-08-18 23:19:14,685 - my_experiment - advP_HC_st_nomm_42 - my_run - INFO - Recent Stats | t_env:     700000 | Episode:     3500
ep_length_mean:          200.0000	episode_length_mean:     199.0000	epsilon:                   0.3445	grad_norm:               380.7335
info_nce_loss:             0.2169	loss:                      4.9921	q_loss:                    4.5383	return_mean:              49.2543
return_std:                6.3819	test_ep_length_mean:     200.0000	test_episode_length_mean:199.0000	test_return_mean:        104.6293
test_return_std:          13.9124	
2026-08-18 23:19:17,284 - my_experiment - advP_HC_st_nomm_42 - my_run - INFO - t_env: 700200 / 5050000
2026-08-18 23:19:17,286 - my_experiment - advP_HC_st_nomm_42 - my_run - INFO - Estimated time left: 20 hours, 14 minutes, 29 seconds. Time passed: 3 hours, 15 minutes, 40 seconds
2026-08-18 23:33:15,837 - my_experiment - advP_HC_st_nomm_42 - my_run - INFO - Recent Stats | t_env:     750000 | Episode:     3750
ep_length_mean:          200.0000	episode_length_mean:     199.0000	epsilon:                   0.2970	grad_norm:               2015.8217
info_nce_loss:             0.1589	loss:                      6.9652	q_loss:                    6.3320	return_mean:              54.4387
return_std:                6.9439	test_ep_length_mean:     200.0000	test_episode_length_mean:199.0000	test_return_mean:        103.1936
test_return_std:          14.3494	
2026-08-18 23:33:18,438 - my_experiment - advP_HC_st_nomm_42 - my_run - INFO - t_env: 750200 / 5050000
2026-08-18 23:33:18,439 - my_experiment - advP_HC_st_nomm_42 - my_run - INFO - Estimated time left: 20 hours, 5 minutes, 35 seconds. Time passed: 3 hours, 29 minutes, 41 seconds
2026-08-18 23:47:12,945 - my_experiment - advP_HC_st_nomm_42 - my_run - INFO - Recent Stats | t_env:     800000 | Episode:     4000
ep_length_mean:          200.0000	episode_length_mean:     199.0000	epsilon:                   0.2495	grad_norm:               1747.2281
info_nce_loss:             0.2264	loss:                      4.4289	q_loss:                    4.0262	return_mean:              59.0985
return_std:                7.2857	test_ep_length_mean:     200.0000	test_episode_length_mean:199.0000	test_return_mean:        102.5342
test_return_std:          14.1891	
2026-08-18 23:47:15,554 - my_experiment - advP_HC_st_nomm_42 - my_run - INFO - t_env: 800200 / 5050000
2026-08-18 23:47:15,556 - my_experiment - advP_HC_st_nomm_42 - my_run - INFO - Estimated time left: 19 hours, 45 minutes, 51 seconds. Time passed: 3 hours, 43 minutes, 38 seconds
2026-08-18 23:50:23,084 - my_experiment - advP_HC_st_nomm_42 - my_run - INFO - Saving models to work_dirs/my_experiment/advP_HC_st_nomm_42/my_run/20260818_200306/models/800200
2026-08-19 00:01:09,800 - my_experiment - advP_HC_st_nomm_42 - my_run - INFO - Recent Stats | t_env:     850000 | Episode:     4250
ep_length_mean:          200.0000	episode_length_mean:     199.0000	epsilon:                   0.2020	grad_norm:               1580.6963
info_nce_loss:             0.3032	loss:                      4.7735	q_loss:                    4.3396	return_mean:              62.1148
return_std:                7.8447	test_ep_length_mean:     200.0000	test_episode_length_mean:199.0000	test_return_mean:        101.1954
test_return_std:          14.3767	
2026-08-19 00:01:12,387 - my_experiment - advP_HC_st_nomm_42 - my_run - INFO - t_env: 850200 / 5050000
2026-08-19 00:01:12,389 - my_experiment - advP_HC_st_nomm_42 - my_run - INFO - Estimated time left: 19 hours, 31 minutes, 30 seconds. Time passed: 3 hours, 57 minutes, 35 seconds
2026-08-19 00:15:07,890 - my_experiment - advP_HC_st_nomm_42 - my_run - INFO - Recent Stats | t_env:     900000 | Episode:     4500
ep_length_mean:          200.0000	episode_length_mean:     199.0000	epsilon:                   0.1545	grad_norm:               1884.0685
info_nce_loss:             0.2073	loss:                      3.0840	q_loss:                    2.8036	return_mean:              65.1380
return_std:                8.3256	test_ep_length_mean:     200.0000	test_episode_length_mean:199.0000	test_return_mean:         97.2300
test_return_std:          14.1986	
2026-08-19 00:15:10,944 - my_experiment - advP_HC_st_nomm_42 - my_run - INFO - t_env: 900200 / 5050000
2026-08-19 00:15:10,945 - my_experiment - advP_HC_st_nomm_42 - my_run - INFO - Estimated time left: 19 hours, 19 minutes, 56 seconds. Time passed: 4 hours, 11 minutes, 34 seconds
2026-08-19 00:29:38,588 - my_experiment - advP_HC_st_nomm_42 - my_run - INFO - Recent Stats | t_env:     950000 | Episode:     4750
ep_length_mean:          200.0000	episode_length_mean:     199.0000	epsilon:                   0.1070	grad_norm:               1671.4789
info_nce_loss:             0.1977	loss:                      6.2090	q_loss:                    5.6446	return_mean:              67.3932
return_std:               10.6954	test_ep_length_mean:     200.0000	test_episode_length_mean:199.0000	test_return_mean:         94.2590
test_return_std:          14.1443	
2026-08-19 00:29:41,302 - my_experiment - advP_HC_st_nomm_42 - my_run - INFO - t_env: 950200 / 5050000
2026-08-19 00:29:41,303 - my_experiment - advP_HC_st_nomm_42 - my_run - INFO - Estimated time left: 19 hours, 49 minutes, 25 seconds. Time passed: 4 hours, 26 minutes, 4 seconds
2026-08-19 00:44:13,724 - my_experiment - advP_HC_st_nomm_42 - my_run - INFO - Recent Stats | t_env:    1000000 | Episode:     5000
ep_length_mean:          200.0000	episode_length_mean:     199.0000	epsilon:                   0.0595	grad_norm:               3653.0104
info_nce_loss:             0.2299	loss:                      7.7418	q_loss:                    7.0380	return_mean:              76.2526
return_std:               10.4801	test_ep_length_mean:     200.0000	test_episode_length_mean:199.0000	test_return_mean:         92.0458
test_return_std:          13.8805	
2026-08-19 00:44:16,428 - my_experiment - advP_HC_st_nomm_42 - my_run - INFO - t_env: 1000200 / 5050000
2026-08-19 00:44:16,429 - my_experiment - advP_HC_st_nomm_42 - my_run - INFO - Estimated time left: 19 hours, 41 minutes, 21 seconds. Time passed: 4 hours, 40 minutes, 39 seconds
2026-08-19 00:47:32,766 - my_experiment - advP_HC_st_nomm_42 - my_run - INFO - Saving models to work_dirs/my_experiment/advP_HC_st_nomm_42/my_run/20260818_200306/models/1000200
2026-08-19 00:58:48,086 - my_experiment - advP_HC_st_nomm_42 - my_run - INFO - Recent Stats | t_env:    1050000 | Episode:     5250
ep_length_mean:          200.0000	episode_length_mean:     199.0000	epsilon:                   0.0500	grad_norm:               3265.4936
info_nce_loss:             0.2080	loss:                      7.5628	q_loss:                    6.8753	return_mean:              81.9171
return_std:               13.7336	test_ep_length_mean:     200.0000	test_episode_length_mean:199.0000	test_return_mean:         90.1232
test_return_std:          13.6365	
2026-08-19 00:58:50,794 - my_experiment - advP_HC_st_nomm_42 - my_run - INFO - t_env: 1050200 / 5050000
2026-08-19 00:58:50,796 - my_experiment - advP_HC_st_nomm_42 - my_run - INFO - Estimated time left: 19 hours, 25 minutes, 45 seconds. Time passed: 4 hours, 55 minutes, 14 seconds
2026-08-19 01:13:21,556 - my_experiment - advP_HC_st_nomm_42 - my_run - INFO - Recent Stats | t_env:    1100000 | Episode:     5500
ep_length_mean:          200.0000	episode_length_mean:     199.0000	epsilon:                   0.0500	grad_norm:               4086.9417
info_nce_loss:             0.2224	loss:                      5.6407	q_loss:                    5.1279	return_mean:              79.1020
return_std:               11.8195	test_ep_length_mean:     200.0000	test_episode_length_mean:199.0000	test_return_mean:         84.7094
test_return_std:          13.8979	
2026-08-19 01:13:24,294 - my_experiment - advP_HC_st_nomm_42 - my_run - INFO - t_env: 1100200 / 5050000
2026-08-19 01:13:24,296 - my_experiment - advP_HC_st_nomm_42 - my_run - INFO - Estimated time left: 19 hours, 10 minutes, 2 seconds. Time passed: 5 hours, 9 minutes, 47 seconds
2026-08-19 01:27:54,481 - my_experiment - advP_HC_st_nomm_42 - my_run - INFO - Recent Stats | t_env:    1150000 | Episode:     5750
ep_length_mean:          200.0000	episode_length_mean:     199.0000	epsilon:                   0.0500	grad_norm:               2547.3189
info_nce_loss:             0.2058	loss:                      3.8952	q_loss:                    3.5411	return_mean:              71.1569
return_std:               12.6409	test_ep_length_mean:     200.0000	test_episode_length_mean:199.0000	test_return_mean:         83.5064
test_return_std:          13.4952	
2026-08-19 01:27:57,185 - my_experiment - advP_HC_st_nomm_42 - my_run - INFO - t_env: 1150200 / 5050000
2026-08-19 01:27:57,186 - my_experiment - advP_HC_st_nomm_42 - my_run - INFO - Estimated time left: 18 hours, 54 minutes, 41 seconds. Time passed: 5 hours, 24 minutes, 20 seconds
2026-08-19 01:42:27,774 - my_experiment - advP_HC_st_nomm_42 - my_run - INFO - Recent Stats | t_env:    1200000 | Episode:     6000
ep_length_mean:          200.0000	episode_length_mean:     199.0000	epsilon:                   0.0500	grad_norm:               6654.7599
info_nce_loss:             0.1954	loss:                     10.0172	q_loss:                    9.1066	return_mean:              77.3462
return_std:               11.9686	test_ep_length_mean:     200.0000	test_episode_length_mean:199.0000	test_return_mean:         85.3884
test_return_std:          13.1698	
2026-08-19 01:42:30,491 - my_experiment - advP_HC_st_nomm_42 - my_run - INFO - t_env: 1200200 / 5050000
2026-08-19 01:42:30,493 - my_experiment - advP_HC_st_nomm_42 - my_run - INFO - Estimated time left: 18 hours, 40 minutes, 41 seconds. Time passed: 5 hours, 38 minutes, 53 seconds
2026-08-19 01:45:46,249 - my_experiment - advP_HC_st_nomm_42 - my_run - INFO - Saving models to work_dirs/my_experiment/advP_HC_st_nomm_42/my_run/20260818_200306/models/1200200
2026-08-19 01:57:00,836 - my_experiment - advP_HC_st_nomm_42 - my_run - INFO - Recent Stats | t_env:    1250000 | Episode:     6250
ep_length_mean:          200.0000	episode_length_mean:     199.0000	epsilon:                   0.0500	grad_norm:               2805.3756
info_nce_loss:             0.2429	loss:                      7.0259	q_loss:                    6.3872	return_mean:              81.0074
return_std:               12.1779	test_ep_length_mean:     200.0000	test_episode_length_mean:199.0000	test_return_mean:         85.9666
test_return_std:          13.2735	
2026-08-19 01:57:03,525 - my_experiment - advP_HC_st_nomm_42 - my_run - INFO - t_env: 1250200 / 5050000
2026-08-19 01:57:03,526 - my_experiment - advP_HC_st_nomm_42 - my_run - INFO - Estimated time left: 18 hours, 25 minutes, 47 seconds. Time passed: 5 hours, 53 minutes, 26 seconds
2026-08-19 02:11:34,287 - my_experiment - advP_HC_st_nomm_42 - my_run - INFO - Recent Stats | t_env:    1300000 | Episode:     6500
ep_length_mean:          200.0000	episode_length_mean:     199.0000	epsilon:                   0.0500	grad_norm:               1929.2188
info_nce_loss:             0.1834	loss:                      2.9126	q_loss:                    2.6478	return_mean:              91.3348
return_std:               10.5011	test_ep_length_mean:     200.0000	test_episode_length_mean:199.0000	test_return_mean:         87.3699
test_return_std:          13.3748	
2026-08-19 02:11:37,014 - my_experiment - advP_HC_st_nomm_42 - my_run - INFO - t_env: 1300200 / 5050000
2026-08-19 02:11:37,015 - my_experiment - advP_HC_st_nomm_42 - my_run - INFO - Estimated time left: 18 hours, 11 minutes, 48 seconds. Time passed: 6 hours, 8 minutes, 0 seconds
2026-08-19 02:26:07,679 - my_experiment - advP_HC_st_nomm_42 - my_run - INFO - Recent Stats | t_env:    1350000 | Episode:     6750
ep_length_mean:          200.0000	episode_length_mean:     199.0000	epsilon:                   0.0500	grad_norm:               3038.6804
info_nce_loss:             0.2601	loss:                      4.2394	q_loss:                    3.8540	return_mean:              86.2117
return_std:                9.9133	test_ep_length_mean:     200.0000	test_episode_length_mean:199.0000	test_return_mean:         92.0100
test_return_std:          12.4753	
2026-08-19 02:26:10,390 - my_experiment - advP_HC_st_nomm_42 - my_run - INFO - t_env: 1350200 / 5050000
2026-08-19 02:26:10,391 - my_experiment - advP_HC_st_nomm_42 - my_run - INFO - Estimated time left: 17 hours, 57 minutes, 6 seconds. Time passed: 6 hours, 22 minutes, 33 seconds
2026-08-19 02:40:41,586 - my_experiment - advP_HC_st_nomm_42 - my_run - INFO - Recent Stats | t_env:    1400000 | Episode:     7000
ep_length_mean:          200.0000	episode_length_mean:     199.0000	epsilon:                   0.0500	grad_norm:               6739.0753
info_nce_loss:             0.2454	loss:                     11.8232	q_loss:                   10.7484	return_mean:              88.4149
return_std:               11.3897	test_ep_length_mean:     200.0000	test_episode_length_mean:199.0000	test_return_mean:         96.4646
test_return_std:          12.8278	
2026-08-19 02:40:44,279 - my_experiment - advP_HC_st_nomm_42 - my_run - INFO - t_env: 1400200 / 5050000
2026-08-19 02:40:44,280 - my_experiment - advP_HC_st_nomm_42 - my_run - INFO - Estimated time left: 17 hours, 43 minutes, 10 seconds. Time passed: 6 hours, 37 minutes, 7 seconds
2026-08-19 02:43:59,778 - my_experiment - advP_HC_st_nomm_42 - my_run - INFO - Saving models to work_dirs/my_experiment/advP_HC_st_nomm_42/my_run/20260818_200306/models/1400200
2026-08-19 02:54:54,521 - my_experiment - advP_HC_st_nomm_42 - my_run - INFO - Recent Stats | t_env:    1450000 | Episode:     7250
ep_length_mean:          200.0000	episode_length_mean:     199.0000	epsilon:                   0.0500	grad_norm:               2773.0314
info_nce_loss:             0.2684	loss:                      4.7655	q_loss:                    4.3323	return_mean:              86.5412
return_std:               10.6034	test_ep_length_mean:     200.0000	test_episode_length_mean:199.0000	test_return_mean:         97.6693
test_return_std:          13.0903	
2026-08-19 02:54:57,123 - my_experiment - advP_HC_st_nomm_42 - my_run - INFO - t_env: 1450200 / 5050000
2026-08-19 02:54:57,125 - my_experiment - advP_HC_st_nomm_42 - my_run - INFO - Estimated time left: 17 hours, 3 minutes, 21 seconds. Time passed: 6 hours, 51 minutes, 20 seconds
2026-08-19 03:08:51,638 - my_experiment - advP_HC_st_nomm_42 - my_run - INFO - Recent Stats | t_env:    1500000 | Episode:     7500
ep_length_mean:          200.0000	episode_length_mean:     199.0000	epsilon:                   0.0500	grad_norm:               2733.1152
info_nce_loss:             0.2157	loss:                      3.3343	q_loss:                    3.0312	return_mean:              87.9929
return_std:               10.9896	test_ep_length_mean:     200.0000	test_episode_length_mean:199.0000	test_return_mean:         99.3395
test_return_std:          12.9480	
2026-08-19 03:08:54,236 - my_experiment - advP_HC_st_nomm_42 - my_run - INFO - t_env: 1500200 / 5050000
2026-08-19 03:08:54,237 - my_experiment - advP_HC_st_nomm_42 - my_run - INFO - Estimated time left: 16 hours, 30 minutes, 31 seconds. Time passed: 7 hours, 5 minutes, 17 seconds
2026-08-19 03:22:48,952 - my_experiment - advP_HC_st_nomm_42 - my_run - INFO - Recent Stats | t_env:    1550000 | Episode:     7750
ep_length_mean:          200.0000	episode_length_mean:     199.0000	epsilon:                   0.0500	grad_norm:               4466.2758
info_nce_loss:             0.2413	loss:                      8.7290	q_loss:                    7.9354	return_mean:              82.4507
return_std:               10.7840	test_ep_length_mean:     200.0000	test_episode_length_mean:199.0000	test_return_mean:         99.1427
test_return_std:          12.7394	
2026-08-19 03:22:51,547 - my_experiment - advP_HC_st_nomm_42 - my_run - INFO - t_env: 1550200 / 5050000
2026-08-19 03:22:51,549 - my_experiment - advP_HC_st_nomm_42 - my_run - INFO - Estimated time left: 16 hours, 16 minutes, 48 seconds. Time passed: 7 hours, 19 minutes, 14 seconds
2026-08-19 03:36:46,600 - my_experiment - advP_HC_st_nomm_42 - my_run - INFO - Recent Stats | t_env:    1600000 | Episode:     8000
ep_length_mean:          200.0000	episode_length_mean:     199.0000	epsilon:                   0.0500	grad_norm:               3028.8070
info_nce_loss:             0.1752	loss:                      3.7849	q_loss:                    3.4408	return_mean:              89.2047
return_std:               11.1144	test_ep_length_mean:     200.0000	test_episode_length_mean:199.0000	test_return_mean:        100.0543
test_return_std:          12.6896	
2026-08-19 03:36:49,200 - my_experiment - advP_HC_st_nomm_42 - my_run - INFO - t_env: 1600200 / 5050000
2026-08-19 03:36:49,202 - my_experiment - advP_HC_st_nomm_42 - my_run - INFO - Estimated time left: 16 hours, 3 minutes, 14 seconds. Time passed: 7 hours, 33 minutes, 12 seconds
2026-08-19 03:39:57,275 - my_experiment - advP_HC_st_nomm_42 - my_run - INFO - Saving models to work_dirs/my_experiment/advP_HC_st_nomm_42/my_run/20260818_200306/models/1600200
2026-08-19 03:50:44,388 - my_experiment - advP_HC_st_nomm_42 - my_run - INFO - Recent Stats | t_env:    1650000 | Episode:     8250
ep_length_mean:          200.0000	episode_length_mean:     199.0000	epsilon:                   0.0500	grad_norm:               2374.3294
info_nce_loss:             0.3185	loss:                      3.3953	q_loss:                    3.0867	return_mean:              95.2585
return_std:               10.5235	test_ep_length_mean:     200.0000	test_episode_length_mean:199.0000	test_return_mean:        100.7883
test_return_std:          12.4967	
2026-08-19 03:50:46,976 - my_experiment - advP_HC_st_nomm_42 - my_run - INFO - t_env: 1650200 / 5050000
2026-08-19 03:50:46,978 - my_experiment - advP_HC_st_nomm_42 - my_run - INFO - Estimated time left: 15 hours, 49 minutes, 25 seconds. Time passed: 7 hours, 47 minutes, 10 seconds
2026-08-19 04:04:41,412 - my_experiment - advP_HC_st_nomm_42 - my_run - INFO - Recent Stats | t_env:    1700000 | Episode:     8500
ep_length_mean:          200.0000	episode_length_mean:     199.0000	epsilon:                   0.0500	grad_norm:               2403.3619
info_nce_loss:             0.2856	loss:                      3.3046	q_loss:                    3.0042	return_mean:              96.7207
return_std:                9.7745	test_ep_length_mean:     200.0000	test_episode_length_mean:199.0000	test_return_mean:        103.4586
test_return_std:          11.7673	
2026-08-19 04:04:44,037 - my_experiment - advP_HC_st_nomm_42 - my_run - INFO - t_env: 1700200 / 5050000
2026-08-19 04:04:44,038 - my_experiment - advP_HC_st_nomm_42 - my_run - INFO - Estimated time left: 15 hours, 34 minutes, 39 seconds. Time passed: 8 hours, 1 minutes, 7 seconds
2026-08-19 04:18:39,864 - my_experiment - advP_HC_st_nomm_42 - my_run - INFO - Recent Stats | t_env:    1750000 | Episode:     8750
ep_length_mean:          200.0000	episode_length_mean:     199.0000	epsilon:                   0.0500	grad_norm:               2446.8614
info_nce_loss:             0.2611	loss:                      3.1261	q_loss:                    2.8419	return_mean:              96.5360
return_std:                9.1834	test_ep_length_mean:     200.0000	test_episode_length_mean:199.0000	test_return_mean:        104.6014
test_return_std:          11.4375	
2026-08-19 04:18:42,472 - my_experiment - advP_HC_st_nomm_42 - my_run - INFO - t_env: 1750200 / 5050000
2026-08-19 04:18:42,473 - my_experiment - advP_HC_st_nomm_42 - my_run - INFO - Estimated time left: 15 hours, 22 minutes, 13 seconds. Time passed: 8 hours, 15 minutes, 5 seconds
2026-08-19 04:32:37,083 - my_experiment - advP_HC_st_nomm_42 - my_run - INFO - Recent Stats | t_env:    1800000 | Episode:     9000
ep_length_mean:          200.0000	episode_length_mean:     199.0000	epsilon:                   0.0500	grad_norm:               2060.2541
info_nce_loss:             0.2128	loss:                      1.9546	q_loss:                    1.7769	return_mean:              95.1613
return_std:                9.8377	test_ep_length_mean:     200.0000	test_episode_length_mean:199.0000	test_return_mean:        106.8500
test_return_std:          11.3735	
2026-08-19 04:32:39,675 - my_experiment - advP_HC_st_nomm_42 - my_run - INFO - t_env: 1800200 / 5050000
2026-08-19 04:32:39,677 - my_experiment - advP_HC_st_nomm_42 - my_run - INFO - Estimated time left: 15 hours, 6 minutes, 54 seconds. Time passed: 8 hours, 29 minutes, 3 seconds
2026-08-19 04:35:47,713 - my_experiment - advP_HC_st_nomm_42 - my_run - INFO - Saving models to work_dirs/my_experiment/advP_HC_st_nomm_42/my_run/20260818_200306/models/1800200
2026-08-19 04:46:34,034 - my_experiment - advP_HC_st_nomm_42 - my_run - INFO - Recent Stats | t_env:    1850000 | Episode:     9250
ep_length_mean:          200.0000	episode_length_mean:     199.0000	epsilon:                   0.0500	grad_norm:               3135.3128
info_nce_loss:             0.2375	loss:                      4.3672	q_loss:                    3.9702	return_mean:              93.2027
return_std:                9.5036	test_ep_length_mean:     200.0000	test_episode_length_mean:199.0000	test_return_mean:        107.7065
test_return_std:          11.3175	
2026-08-19 04:46:36,618 - my_experiment - advP_HC_st_nomm_42 - my_run - INFO - t_env: 1850200 / 5050000
2026-08-19 04:46:36,619 - my_experiment - advP_HC_st_nomm_42 - my_run - INFO - Estimated time left: 14 hours, 52 minutes, 40 seconds. Time passed: 8 hours, 42 minutes, 59 seconds
2026-08-19 05:00:28,927 - my_experiment - advP_HC_st_nomm_42 - my_run - INFO - Recent Stats | t_env:    1900000 | Episode:     9500
ep_length_mean:          200.0000	episode_length_mean:     199.0000	epsilon:                   0.0500	grad_norm:               3600.1526
info_nce_loss:             0.1525	loss:                      5.3743	q_loss:                    4.8857	return_mean:              89.0508
return_std:                9.0128	test_ep_length_mean:     200.0000	test_episode_length_mean:199.0000	test_return_mean:        104.5953
test_return_std:          10.9434	
2026-08-19 05:00:31,526 - my_experiment - advP_HC_st_nomm_42 - my_run - INFO - t_env: 1900200 / 5050000
2026-08-19 05:00:31,527 - my_experiment - advP_HC_st_nomm_42 - my_run - INFO - Estimated time left: 14 hours, 36 minutes, 35 seconds. Time passed: 8 hours, 56 minutes, 54 seconds
2026-08-19 05:14:25,455 - my_experiment - advP_HC_st_nomm_42 - my_run - INFO - Recent Stats | t_env:    1950000 | Episode:     9750
ep_length_mean:          200.0000	episode_length_mean:     199.0000	epsilon:                   0.0500	grad_norm:               2895.3645
info_nce_loss:             0.2614	loss:                      3.5599	q_loss:                    3.2363	return_mean:              90.5490
return_std:                9.7089	test_ep_length_mean:     200.0000	test_episode_length_mean:199.0000	test_return_mean:        101.8986
test_return_std:          11.1184	
2026-08-19 05:14:28,077 - my_experiment - advP_HC_st_nomm_42 - my_run - INFO - t_env: 1950200 / 5050000
2026-08-19 05:14:28,079 - my_experiment - advP_HC_st_nomm_42 - my_run - INFO - Estimated time left: 14 hours, 24 minutes, 22 seconds. Time passed: 9 hours, 10 minutes, 51 seconds
2026-08-19 05:28:21,894 - my_experiment - advP_HC_st_nomm_42 - my_run - INFO - Recent Stats | t_env:    2000000 | Episode:    10000
ep_length_mean:          200.0000	episode_length_mean:     199.0000	epsilon:                   0.0500	grad_norm:               2382.2521
info_nce_loss:             0.2951	loss:                      3.0313	q_loss:                    2.7557	return_mean:              91.8262
return_std:                9.5647	test_ep_length_mean:     200.0000	test_episode_length_mean:199.0000	test_return_mean:        101.3151
test_return_std:          11.1113	
2026-08-19 05:28:24,486 - my_experiment - advP_HC_st_nomm_42 - my_run - INFO - t_env: 2000200 / 5050000
2026-08-19 05:28:24,487 - my_experiment - advP_HC_st_nomm_42 - my_run - INFO - Estimated time left: 14 hours, 10 minutes, 17 seconds. Time passed: 9 hours, 24 minutes, 47 seconds
2026-08-19 05:31:32,572 - my_experiment - advP_HC_st_nomm_42 - my_run - INFO - Saving models to work_dirs/my_experiment/advP_HC_st_nomm_42/my_run/20260818_200306/models/2000200
2026-08-19 05:42:18,571 - my_experiment - advP_HC_st_nomm_42 - my_run - INFO - Recent Stats | t_env:    2050000 | Episode:    10250
ep_length_mean:          200.0000	episode_length_mean:     199.0000	epsilon:                   0.0500	grad_norm:               2351.0438
info_nce_loss:             0.1920	loss:                      3.0241	q_loss:                    2.7492	return_mean:              89.5828
return_std:                9.5140	test_ep_length_mean:     200.0000	test_episode_length_mean:199.0000	test_return_mean:        100.1001
test_return_std:          10.9808	
2026-08-19 05:42:21,201 - my_experiment - advP_HC_st_nomm_42 - my_run - INFO - t_env: 2050200 / 5050000
2026-08-19 05:42:21,202 - my_experiment - advP_HC_st_nomm_42 - my_run - INFO - Estimated time left: 13 hours, 56 minutes, 39 seconds. Time passed: 9 hours, 38 minutes, 44 seconds
2026-08-19 05:56:13,933 - my_experiment - advP_HC_st_nomm_42 - my_run - INFO - Recent Stats | t_env:    2100000 | Episode:    10500
ep_length_mean:          200.0000	episode_length_mean:     199.0000	epsilon:                   0.0500	grad_norm:               3577.9291
info_nce_loss:             0.2339	loss:                      4.6592	q_loss:                    4.2356	return_mean:              87.2927
return_std:                9.8121	test_ep_length_mean:     200.0000	test_episode_length_mean:199.0000	test_return_mean:         97.9733
test_return_std:          10.8825	
2026-08-19 05:56:16,514 - my_experiment - advP_HC_st_nomm_42 - my_run - INFO - t_env: 2100200 / 5050000
2026-08-19 05:56:16,515 - my_experiment - advP_HC_st_nomm_42 - my_run - INFO - Estimated time left: 13 hours, 41 minutes, 20 seconds. Time passed: 9 hours, 52 minutes, 39 seconds
2026-08-19 06:10:09,824 - my_experiment - advP_HC_st_nomm_42 - my_run - INFO - Recent Stats | t_env:    2150000 | Episode:    10750
ep_length_mean:          200.0000	episode_length_mean:     199.0000	epsilon:                   0.0500	grad_norm:               3753.4927
info_nce_loss:             0.2106	loss:                      4.1520	q_loss:                    3.7745	return_mean:              79.1916
return_std:               11.6559	test_ep_length_mean:     200.0000	test_episode_length_mean:199.0000	test_return_mean:         99.1404
test_return_std:          10.8172	
2026-08-19 06:10:12,440 - my_experiment - advP_HC_st_nomm_42 - my_run - INFO - t_env: 2150200 / 5050000
2026-08-19 06:10:12,442 - my_experiment - advP_HC_st_nomm_42 - my_run - INFO - Estimated time left: 13 hours, 28 minutes, 0 seconds. Time passed: 10 hours, 6 minutes, 35 seconds
2026-08-19 06:24:07,001 - my_experiment - advP_HC_st_nomm_42 - my_run - INFO - Recent Stats | t_env:    2200000 | Episode:    11000
ep_length_mean:          200.0000	episode_length_mean:     199.0000	epsilon:                   0.0500	grad_norm:               3626.9682
info_nce_loss:             0.2501	loss:                      3.0183	q_loss:                    2.7439	return_mean:              85.3426
return_std:               10.8557	test_ep_length_mean:     200.0000	test_episode_length_mean:199.0000	test_return_mean:         98.3184
test_return_std:          11.0377	
2026-08-19 06:24:09,612 - my_experiment - advP_HC_st_nomm_42 - my_run - INFO - t_env: 2200200 / 5050000
2026-08-19 06:24:09,614 - my_experiment - advP_HC_st_nomm_42 - my_run - INFO - Estimated time left: 13 hours, 15 minutes, 15 seconds. Time passed: 10 hours, 20 minutes, 32 seconds
2026-08-19 06:27:16,418 - my_experiment - advP_HC_st_nomm_42 - my_run - INFO - Saving models to work_dirs/my_experiment/advP_HC_st_nomm_42/my_run/20260818_200306/models/2200200
2026-08-19 06:38:02,366 - my_experiment - advP_HC_st_nomm_42 - my_run - INFO - Recent Stats | t_env:    2250000 | Episode:    11250
ep_length_mean:          200.0000	episode_length_mean:     199.0000	epsilon:                   0.0500	grad_norm:               3484.8235
info_nce_loss:             0.2075	loss:                      3.4751	q_loss:                    3.1592	return_mean:              88.3731
return_std:               10.0467	test_ep_length_mean:     200.0000	test_episode_length_mean:199.0000	test_return_mean:         97.1679
test_return_std:          11.3070	
2026-08-19 06:38:04,942 - my_experiment - advP_HC_st_nomm_42 - my_run - INFO - t_env: 2250200 / 5050000
2026-08-19 06:38:04,943 - my_experiment - advP_HC_st_nomm_42 - my_run - INFO - Estimated time left: 12 hours, 59 minutes, 35 seconds. Time passed: 10 hours, 34 minutes, 28 seconds
2026-08-19 06:51:59,603 - my_experiment - advP_HC_st_nomm_42 - my_run - INFO - Recent Stats | t_env:    2300000 | Episode:    11500
ep_length_mean:          200.0000	episode_length_mean:     199.0000	epsilon:                   0.0500	grad_norm:               11958.1218
info_nce_loss:             0.2046	loss:                     25.5332	q_loss:                   23.2120	return_mean:              77.9677
return_std:               12.3157	test_ep_length_mean:     200.0000	test_episode_length_mean:199.0000	test_return_mean:         96.1255
test_return_std:          11.9174	
2026-08-19 06:52:02,191 - my_experiment - advP_HC_st_nomm_42 - my_run - INFO - t_env: 2300200 / 5050000
2026-08-19 06:52:02,193 - my_experiment - advP_HC_st_nomm_42 - my_run - INFO - Estimated time left: 12 hours, 47 minutes, 25 seconds. Time passed: 10 hours, 48 minutes, 25 seconds
2026-08-19 07:05:56,292 - my_experiment - advP_HC_st_nomm_42 - my_run - INFO - Recent Stats | t_env:    2350000 | Episode:    11750
ep_length_mean:          200.0000	episode_length_mean:     199.0000	epsilon:                   0.0500	grad_norm:               14157.6234
info_nce_loss:             0.1650	loss:                     21.8645	q_loss:                   19.8768	return_mean:              66.7220
return_std:               12.2191	test_ep_length_mean:     200.0000	test_episode_length_mean:199.0000	test_return_mean:         90.6599
test_return_std:          12.3736	
2026-08-19 07:05:58,884 - my_experiment - advP_HC_st_nomm_42 - my_run - INFO - t_env: 2350200 / 5050000
2026-08-19 07:05:58,886 - my_experiment - advP_HC_st_nomm_42 - my_run - INFO - Estimated time left: 12 hours, 32 minutes, 58 seconds. Time passed: 11 hours, 2 minutes, 22 seconds
2026-08-19 07:19:53,065 - my_experiment - advP_HC_st_nomm_42 - my_run - INFO - Recent Stats | t_env:    2400000 | Episode:    12000
ep_length_mean:          200.0000	episode_length_mean:     199.0000	epsilon:                   0.0500	grad_norm:               9250.9439
info_nce_loss:             0.1001	loss:                     16.2987	q_loss:                   14.8170	return_mean:              69.4412
return_std:               11.1737	test_ep_length_mean:     200.0000	test_episode_length_mean:199.0000	test_return_mean:         87.1712
test_return_std:          12.7068	
2026-08-19 07:19:55,662 - my_experiment - advP_HC_st_nomm_42 - my_run - INFO - t_env: 2400200 / 5050000
2026-08-19 07:19:55,663 - my_experiment - advP_HC_st_nomm_42 - my_run - INFO - Estimated time left: 12 hours, 19 minutes, 5 seconds. Time passed: 11 hours, 16 minutes, 19 seconds
2026-08-19 07:23:03,679 - my_experiment - advP_HC_st_nomm_42 - my_run - INFO - Saving models to work_dirs/my_experiment/advP_HC_st_nomm_42/my_run/20260818_200306/models/2400200
2026-08-19 07:33:50,300 - my_experiment - advP_HC_st_nomm_42 - my_run - INFO - Recent Stats | t_env:    2450000 | Episode:    12250
ep_length_mean:          200.0000	episode_length_mean:     199.0000	epsilon:                   0.0500	grad_norm:               4141.5584
info_nce_loss:             0.2008	loss:                      4.5404	q_loss:                    4.1277	return_mean:              76.2758
return_std:               12.8838	test_ep_length_mean:     200.0000	test_episode_length_mean:199.0000	test_return_mean:         83.9470
test_return_std:          12.7119	
2026-08-19 07:33:52,877 - my_experiment - advP_HC_st_nomm_42 - my_run - INFO - t_env: 2450200 / 5050000
2026-08-19 07:33:52,878 - my_experiment - advP_HC_st_nomm_42 - my_run - INFO - Estimated time left: 12 hours, 5 minutes, 31 seconds. Time passed: 11 hours, 30 minutes, 16 seconds
2026-08-19 07:47:47,407 - my_experiment - advP_HC_st_nomm_42 - my_run - INFO - Recent Stats | t_env:    2500000 | Episode:    12500
ep_length_mean:          200.0000	episode_length_mean:     199.0000	epsilon:                   0.0500	grad_norm:               5739.5174
info_nce_loss:             0.3049	loss:                      6.9818	q_loss:                    6.3471	return_mean:              77.7036
return_std:               10.8882	test_ep_length_mean:     200.0000	test_episode_length_mean:199.0000	test_return_mean:         80.5100
test_return_std:          12.6834	
2026-08-19 07:47:50,008 - my_experiment - advP_HC_st_nomm_42 - my_run - INFO - t_env: 2500200 / 5050000
2026-08-19 07:47:50,010 - my_experiment - advP_HC_st_nomm_42 - my_run - INFO - Estimated time left: 11 hours, 51 minutes, 30 seconds. Time passed: 11 hours, 44 minutes, 13 seconds
2026-08-19 08:01:43,003 - my_experiment - advP_HC_st_nomm_42 - my_run - INFO - Recent Stats | t_env:    2550000 | Episode:    12750
ep_length_mean:          200.0000	episode_length_mean:     199.0000	epsilon:                   0.0500	grad_norm:               4122.7780
info_nce_loss:             0.3184	loss:                      5.4988	q_loss:                    4.9989	return_mean:              79.9815
return_std:               11.8191	test_ep_length_mean:     200.0000	test_episode_length_mean:199.0000	test_return_mean:         80.1157
test_return_std:          12.0192	
2026-08-19 08:01:45,608 - my_experiment - advP_HC_st_nomm_42 - my_run - INFO - t_env: 2550200 / 5050000
2026-08-19 08:01:45,610 - my_experiment - advP_HC_st_nomm_42 - my_run - INFO - Estimated time left: 11 hours, 36 minutes, 16 seconds. Time passed: 11 hours, 58 minutes, 8 seconds
2026-08-19 08:15:40,812 - my_experiment - advP_HC_st_nomm_42 - my_run - INFO - Recent Stats | t_env:    2600000 | Episode:    13000
ep_length_mean:          200.0000	episode_length_mean:     199.0000	epsilon:                   0.0500	grad_norm:               2485.1190
info_nce_loss:             0.2788	loss:                      1.8499	q_loss:                    1.6817	return_mean:              90.0417
return_std:                9.8099	test_ep_length_mean:     200.0000	test_episode_length_mean:199.0000	test_return_mean:         85.6352
test_return_std:          11.9428	
2026-08-19 08:15:43,406 - my_experiment - advP_HC_st_nomm_42 - my_run - INFO - t_env: 2600200 / 5050000
2026-08-19 08:15:43,407 - my_experiment - advP_HC_st_nomm_42 - my_run - INFO - Estimated time left: 11 hours, 24 minutes, 8 seconds. Time passed: 12 hours, 12 minutes, 6 seconds
2026-08-19 08:18:51,275 - my_experiment - advP_HC_st_nomm_42 - my_run - INFO - Saving models to work_dirs/my_experiment/advP_HC_st_nomm_42/my_run/20260818_200306/models/2600200
2026-08-19 08:29:37,877 - my_experiment - advP_HC_st_nomm_42 - my_run - INFO - Recent Stats | t_env:    2650000 | Episode:    13250
ep_length_mean:          200.0000	episode_length_mean:     199.0000	epsilon:                   0.0500	grad_norm:               6083.2809
info_nce_loss:             0.1983	loss:                      6.3513	q_loss:                    5.7739	return_mean:              93.6129
return_std:                9.8483	test_ep_length_mean:     200.0000	test_episode_length_mean:199.0000	test_return_mean:         90.3189
test_return_std:          11.7537	
2026-08-19 08:29:40,484 - my_experiment - advP_HC_st_nomm_42 - my_run - INFO - t_env: 2650200 / 5050000
2026-08-19 08:29:40,485 - my_experiment - advP_HC_st_nomm_42 - my_run - INFO - Estimated time left: 11 hours, 9 minutes, 36 seconds. Time passed: 12 hours, 26 minutes, 3 seconds
2026-08-19 08:43:35,028 - my_experiment - advP_HC_st_nomm_42 - my_run - INFO - Recent Stats | t_env:    2700000 | Episode:    13500
ep_length_mean:          200.0000	episode_length_mean:     199.0000	epsilon:                   0.0500	grad_norm:               2015.6794
info_nce_loss:             0.2484	loss:                      1.4543	q_loss:                    1.3220	return_mean:              95.6762
return_std:               10.4254	test_ep_length_mean:     200.0000	test_episode_length_mean:199.0000	test_return_mean:         95.0765
test_return_std:          11.7590	
2026-08-19 08:43:37,611 - my_experiment - advP_HC_st_nomm_42 - my_run - INFO - t_env: 2700200 / 5050000
2026-08-19 08:43:37,612 - my_experiment - advP_HC_st_nomm_42 - my_run - INFO - Estimated time left: 10 hours, 55 minutes, 41 seconds. Time passed: 12 hours, 40 minutes, 0 seconds
2026-08-19 08:57:32,285 - my_experiment - advP_HC_st_nomm_42 - my_run - INFO - Recent Stats | t_env:    2750000 | Episode:    13750
ep_length_mean:          200.0000	episode_length_mean:     199.0000	epsilon:                   0.0500	grad_norm:               3106.4602
info_nce_loss:             0.2033	loss:                      2.8721	q_loss:                    2.6110	return_mean:              91.1548
return_std:               10.6775	test_ep_length_mean:     200.0000	test_episode_length_mean:199.0000	test_return_mean:         99.2402
test_return_std:          11.9605	
2026-08-19 08:57:34,880 - my_experiment - advP_HC_st_nomm_42 - my_run - INFO - t_env: 2750200 / 5050000
2026-08-19 08:57:34,882 - my_experiment - advP_HC_st_nomm_42 - my_run - INFO - Estimated time left: 10 hours, 41 minutes, 51 seconds. Time passed: 12 hours, 53 minutes, 58 seconds
2026-08-19 09:11:29,997 - my_experiment - advP_HC_st_nomm_42 - my_run - INFO - Recent Stats | t_env:    2800000 | Episode:    14000
ep_length_mean:          200.0000	episode_length_mean:     199.0000	epsilon:                   0.0500	grad_norm:               2833.8565
info_nce_loss:             0.2082	loss:                      2.0542	q_loss:                    1.8674	return_mean:              90.7180
return_std:                9.5343	test_ep_length_mean:     200.0000	test_episode_length_mean:199.0000	test_return_mean:        100.9506
test_return_std:          12.0301	
2026-08-19 09:11:32,623 - my_experiment - advP_HC_st_nomm_42 - my_run - INFO - t_env: 2800200 / 5050000
2026-08-19 09:11:32,625 - my_experiment - advP_HC_st_nomm_42 - my_run - INFO - Estimated time left: 10 hours, 28 minutes, 15 seconds. Time passed: 13 hours, 7 minutes, 55 seconds
2026-08-19 09:14:40,690 - my_experiment - advP_HC_st_nomm_42 - my_run - INFO - Saving models to work_dirs/my_experiment/advP_HC_st_nomm_42/my_run/20260818_200306/models/2800200
2026-08-19 09:25:26,169 - my_experiment - advP_HC_st_nomm_42 - my_run - INFO - Recent Stats | t_env:    2850000 | Episode:    14250
ep_length_mean:          200.0000	episode_length_mean:     199.0000	epsilon:                   0.0500	grad_norm:               2595.0929
info_nce_loss:             0.3143	loss:                      1.8716	q_loss:                    1.7014	return_mean:              95.6398
return_std:                9.0206	test_ep_length_mean:     200.0000	test_episode_length_mean:199.0000	test_return_mean:        103.1508
test_return_std:          11.5406	
2026-08-19 09:25:28,753 - my_experiment - advP_HC_st_nomm_42 - my_run - INFO - t_env: 2850200 / 5050000
2026-08-19 09:25:28,755 - my_experiment - advP_HC_st_nomm_42 - my_run - INFO - Estimated time left: 10 hours, 13 minutes, 6 seconds. Time passed: 13 hours, 21 minutes, 52 seconds
2026-08-19 09:39:21,266 - my_experiment - advP_HC_st_nomm_42 - my_run - INFO - Recent Stats | t_env:    2900000 | Episode:    14500
ep_length_mean:          200.0000	episode_length_mean:     199.0000	epsilon:                   0.0500	grad_norm:               4740.4399
info_nce_loss:             0.1905	loss:                      5.3013	q_loss:                    4.8194	return_mean:              96.6744
return_std:                8.7879	test_ep_length_mean:     200.0000	test_episode_length_mean:199.0000	test_return_mean:        103.4927
test_return_std:          11.4249	
2026-08-19 09:39:23,896 - my_experiment - advP_HC_st_nomm_42 - my_run - INFO - t_env: 2900200 / 5050000
2026-08-19 09:39:23,898 - my_experiment - advP_HC_st_nomm_42 - my_run - INFO - Estimated time left: 9 hours, 58 minutes, 27 seconds. Time passed: 13 hours, 35 minutes, 47 seconds
2026-08-19 09:53:18,183 - my_experiment - advP_HC_st_nomm_42 - my_run - INFO - Recent Stats | t_env:    2950000 | Episode:    14750
ep_length_mean:          200.0000	episode_length_mean:     199.0000	epsilon:                   0.0500	grad_norm:               2091.3997
info_nce_loss:             0.1721	loss:                      1.4690	q_loss:                    1.3355	return_mean:              96.3807
return_std:                9.1234	test_ep_length_mean:     200.0000	test_episode_length_mean:199.0000	test_return_mean:        103.1568
test_return_std:          11.0392	
2026-08-19 09:53:20,796 - my_experiment - advP_HC_st_nomm_42 - my_run - INFO - t_env: 2950200 / 5050000
2026-08-19 09:53:20,798 - my_experiment - advP_HC_st_nomm_42 - my_run - INFO - Estimated time left: 9 hours, 45 minutes, 46 seconds. Time passed: 13 hours, 49 minutes, 44 seconds
2026-08-19 10:07:12,922 - my_experiment - advP_HC_st_nomm_42 - my_run - INFO - Recent Stats | t_env:    3000000 | Episode:    15000
ep_length_mean:          200.0000	episode_length_mean:     199.0000	epsilon:                   0.0500	grad_norm:               2442.1893
info_nce_loss:             0.1712	loss:                      1.8526	q_loss:                    1.6842	return_mean:              95.0685
return_std:                9.7451	test_ep_length_mean:     200.0000	test_episode_length_mean:199.0000	test_return_mean:        104.6543
test_return_std:          10.7223	
2026-08-19 10:07:15,529 - my_experiment - advP_HC_st_nomm_42 - my_run - INFO - t_env: 3000200 / 5050000
2026-08-19 10:07:15,531 - my_experiment - advP_HC_st_nomm_42 - my_run - INFO - Estimated time left: 9 hours, 30 minutes, 20 seconds. Time passed: 14 hours, 3 minutes, 38 seconds
2026-08-19 10:10:22,962 - my_experiment - advP_HC_st_nomm_42 - my_run - INFO - Saving models to work_dirs/my_experiment/advP_HC_st_nomm_42/my_run/20260818_200306/models/3000200
2026-08-19 10:21:07,679 - my_experiment - advP_HC_st_nomm_42 - my_run - INFO - Recent Stats | t_env:    3050000 | Episode:    15250
ep_length_mean:          200.0000	episode_length_mean:     199.0000	epsilon:                   0.0500	grad_norm:               4428.0262
info_nce_loss:             0.2359	loss:                      3.0090	q_loss:                    2.7355	return_mean:              89.1120
return_std:               10.0175	test_ep_length_mean:     200.0000	test_episode_length_mean:199.0000	test_return_mean:        105.7388
test_return_std:          10.5271	
2026-08-19 10:21:10,270 - my_experiment - advP_HC_st_nomm_42 - my_run - INFO - t_env: 3050200 / 5050000
2026-08-19 10:21:10,271 - my_experiment - advP_HC_st_nomm_42 - my_run - INFO - Estimated time left: 9 hours, 16 minutes, 26 seconds. Time passed: 14 hours, 17 minutes, 33 seconds
2026-08-19 10:35:06,026 - my_experiment - advP_HC_st_nomm_42 - my_run - INFO - Recent Stats | t_env:    3100000 | Episode:    15500
ep_length_mean:          200.0000	episode_length_mean:     199.0000	epsilon:                   0.0500	grad_norm:               10242.4412
info_nce_loss:             0.2183	loss:                     12.9235	q_loss:                   11.7487	return_mean:              82.2123
return_std:               10.6164	test_ep_length_mean:     200.0000	test_episode_length_mean:199.0000	test_return_mean:        104.0128
test_return_std:          10.5135	
2026-08-19 10:35:08,640 - my_experiment - advP_HC_st_nomm_42 - my_run - INFO - t_env: 3100200 / 5050000
2026-08-19 10:35:08,641 - my_experiment - advP_HC_st_nomm_42 - my_run - INFO - Estimated time left: 9 hours, 4 minutes, 53 seconds. Time passed: 14 hours, 31 minutes, 32 seconds
2026-08-19 10:49:03,215 - my_experiment - advP_HC_st_nomm_42 - my_run - INFO - Recent Stats | t_env:    3150000 | Episode:    15750
ep_length_mean:          200.0000	episode_length_mean:     199.0000	epsilon:                   0.0500	grad_norm:               5830.8677
info_nce_loss:             0.2446	loss:                      4.9084	q_loss:                    4.4622	return_mean:              61.8804
return_std:               12.5514	test_ep_length_mean:     200.0000	test_episode_length_mean:199.0000	test_return_mean:         90.6566
test_return_std:          10.7871	
2026-08-19 10:49:05,802 - my_experiment - advP_HC_st_nomm_42 - my_run - INFO - t_env: 3150200 / 5050000
2026-08-19 10:49:05,804 - my_experiment - advP_HC_st_nomm_42 - my_run - INFO - Estimated time left: 8 hours, 50 minutes, 8 seconds. Time passed: 14 hours, 45 minutes, 29 seconds
2026-08-19 11:03:00,268 - my_experiment - advP_HC_st_nomm_42 - my_run - INFO - Recent Stats | t_env:    3200000 | Episode:    16000
ep_length_mean:          200.0000	episode_length_mean:     199.0000	epsilon:                   0.0500	grad_norm:               7551.3250
info_nce_loss:             0.2404	loss:                      9.9094	q_loss:                    9.0086	return_mean:              84.0294
return_std:               10.2889	test_ep_length_mean:     200.0000	test_episode_length_mean:199.0000	test_return_mean:         88.0003
test_return_std:          10.7614	
2026-08-19 11:03:02,886 - my_experiment - advP_HC_st_nomm_42 - my_run - INFO - t_env: 3200200 / 5050000
2026-08-19 11:03:02,888 - my_experiment - advP_HC_st_nomm_42 - my_run - INFO - Estimated time left: 8 hours, 36 minutes, 8 seconds. Time passed: 14 hours, 59 minutes, 26 seconds
2026-08-19 11:06:09,900 - my_experiment - advP_HC_st_nomm_42 - my_run - INFO - Saving models to work_dirs/my_experiment/advP_HC_st_nomm_42/my_run/20260818_200306/models/3200200
2026-08-19 11:16:58,640 - my_experiment - advP_HC_st_nomm_42 - my_run - INFO - Recent Stats | t_env:    3250000 | Episode:    16250
ep_length_mean:          200.0000	episode_length_mean:     199.0000	epsilon:                   0.0500	grad_norm:               8314.7678
info_nce_loss:             0.2831	loss:                     10.9569	q_loss:                    9.9608	return_mean:              58.5605
return_std:               12.0596	test_ep_length_mean:     200.0000	test_episode_length_mean:199.0000	test_return_mean:         76.9092
test_return_std:          11.1314	
2026-08-19 11:17:01,228 - my_experiment - advP_HC_st_nomm_42 - my_run - INFO - t_env: 3250200 / 5050000
2026-08-19 11:17:01,230 - my_experiment - advP_HC_st_nomm_42 - my_run - INFO - Estimated time left: 8 hours, 22 minutes, 56 seconds. Time passed: 15 hours, 13 minutes, 24 seconds
2026-08-19 11:30:57,224 - my_experiment - advP_HC_st_nomm_42 - my_run - INFO - Recent Stats | t_env:    3300000 | Episode:    16500
ep_length_mean:          200.0000	episode_length_mean:     199.0000	epsilon:                   0.0500	grad_norm:               9679.1650
info_nce_loss:             0.2918	loss:                      9.5404	q_loss:                    8.6731	return_mean:              64.6727
return_std:                9.7528	test_ep_length_mean:     200.0000	test_episode_length_mean:199.0000	test_return_mean:         70.6404
test_return_std:          10.9442	
2026-08-19 11:30:59,847 - my_experiment - advP_HC_st_nomm_42 - my_run - INFO - t_env: 3300200 / 5050000
2026-08-19 11:30:59,849 - my_experiment - advP_HC_st_nomm_42 - my_run - INFO - Estimated time left: 8 hours, 9 minutes, 8 seconds. Time passed: 15 hours, 27 minutes, 23 seconds
2026-08-19 11:44:52,590 - my_experiment - advP_HC_st_nomm_42 - my_run - INFO - Recent Stats | t_env:    3350000 | Episode:    16750
ep_length_mean:          200.0000	episode_length_mean:     199.0000	epsilon:                   0.0500	grad_norm:               21168.4036
info_nce_loss:             0.4172	loss:                     33.4548	q_loss:                   30.4134	return_mean:              65.9996
return_std:                9.7818	test_ep_length_mean:     200.0000	test_episode_length_mean:199.0000	test_return_mean:         68.3584
test_return_std:          10.8514	
2026-08-19 11:44:55,162 - my_experiment - advP_HC_st_nomm_42 - my_run - INFO - t_env: 3350200 / 5050000
2026-08-19 11:44:55,164 - my_experiment - advP_HC_st_nomm_42 - my_run - INFO - Estimated time left: 7 hours, 53 minutes, 17 seconds. Time passed: 15 hours, 41 minutes, 18 seconds
2026-08-19 11:58:49,972 - my_experiment - advP_HC_st_nomm_42 - my_run - INFO - Recent Stats | t_env:    3400000 | Episode:    17000
ep_length_mean:          200.0000	episode_length_mean:     199.0000	epsilon:                   0.0500	grad_norm:               17196.8771
info_nce_loss:             0.3537	loss:                     18.6362	q_loss:                   16.9420	return_mean:              57.0056
return_std:                9.3261	test_ep_length_mean:     200.0000	test_episode_length_mean:199.0000	test_return_mean:         73.4215
test_return_std:          10.6215	
2026-08-19 11:58:52,560 - my_experiment - advP_HC_st_nomm_42 - my_run - INFO - t_env: 3400200 / 5050000
2026-08-19 11:58:52,562 - my_experiment - advP_HC_st_nomm_42 - my_run - INFO - Estimated time left: 7 hours, 40 minutes, 30 seconds. Time passed: 15 hours, 55 minutes, 15 seconds
2026-08-19 12:02:00,791 - my_experiment - advP_HC_st_nomm_42 - my_run - INFO - Saving models to work_dirs/my_experiment/advP_HC_st_nomm_42/my_run/20260818_200306/models/3400200
2026-08-19 12:12:47,374 - my_experiment - advP_HC_st_nomm_42 - my_run - INFO - Recent Stats | t_env:    3450000 | Episode:    17250
ep_length_mean:          200.0000	episode_length_mean:     199.0000	epsilon:                   0.0500	grad_norm:               13013.1070
info_nce_loss:             0.3741	loss:                     21.6571	q_loss:                   19.6883	return_mean:              53.9488
return_std:                9.6972	test_ep_length_mean:     200.0000	test_episode_length_mean:199.0000	test_return_mean:         70.6142
test_return_std:          10.5719	
2026-08-19 12:12:49,973 - my_experiment - advP_HC_st_nomm_42 - my_run - INFO - t_env: 3450200 / 5050000
2026-08-19 12:12:49,975 - my_experiment - advP_HC_st_nomm_42 - my_run - INFO - Estimated time left: 7 hours, 26 minutes, 33 seconds. Time passed: 16 hours, 9 minutes, 13 seconds
2026-08-19 12:26:42,985 - my_experiment - advP_HC_st_nomm_42 - my_run - INFO - Recent Stats | t_env:    3500000 | Episode:    17500
ep_length_mean:          200.0000	episode_length_mean:     199.0000	epsilon:                   0.0500	grad_norm:               16568.0115
info_nce_loss:             0.2861	loss:                     21.9495	q_loss:                   19.9541	return_mean:              53.4440
return_std:                9.5282	test_ep_length_mean:     200.0000	test_episode_length_mean:199.0000	test_return_mean:         71.6188
test_return_std:          10.2042	
2026-08-19 12:26:45,599 - my_experiment - advP_HC_st_nomm_42 - my_run - INFO - t_env: 3500200 / 5050000
2026-08-19 12:26:45,601 - my_experiment - advP_HC_st_nomm_42 - my_run - INFO - Estimated time left: 7 hours, 11 minutes, 41 seconds. Time passed: 16 hours, 23 minutes, 8 seconds
2026-08-19 12:42:11,909 - my_experiment - advP_HC_st_nomm_42 - my_run - INFO - Recent Stats | t_env:    3550000 | Episode:    17750
ep_length_mean:          200.0000	episode_length_mean:     199.0000	epsilon:                   0.0500	grad_norm:               13059.1129
info_nce_loss:             0.2512	loss:                     11.8224	q_loss:                   10.7476	return_mean:              60.8578
return_std:                9.9418	test_ep_length_mean:     200.0000	test_episode_length_mean:199.0000	test_return_mean:         69.0984
test_return_std:          10.8616	
2026-08-19 12:42:14,500 - my_experiment - advP_HC_st_nomm_42 - my_run - INFO - t_env: 3550200 / 5050000
2026-08-19 12:42:14,501 - my_experiment - advP_HC_st_nomm_42 - my_run - INFO - Estimated time left: 7 hours, 44 minutes, 23 seconds. Time passed: 16 hours, 38 minutes, 37 seconds
2026-08-19 12:56:09,012 - my_experiment - advP_HC_st_nomm_42 - my_run - INFO - Recent Stats | t_env:    3600000 | Episode:    18000
ep_length_mean:          200.0000	episode_length_mean:     199.0000	epsilon:                   0.0500	grad_norm:               11176.2305
info_nce_loss:             0.2675	loss:                     14.8434	q_loss:                   13.4940	return_mean:              60.5549
return_std:                9.1157	test_ep_length_mean:     200.0000	test_episode_length_mean:199.0000	test_return_mean:         66.2499
test_return_std:          11.3859	
2026-08-19 12:56:11,611 - my_experiment - advP_HC_st_nomm_42 - my_run - INFO - t_env: 3600200 / 5050000
2026-08-19 12:56:11,612 - my_experiment - advP_HC_st_nomm_42 - my_run - INFO - Estimated time left: 6 hours, 44 minutes, 32 seconds. Time passed: 16 hours, 52 minutes, 34 seconds
2026-08-19 12:59:19,023 - my_experiment - advP_HC_st_nomm_42 - my_run - INFO - Saving models to work_dirs/my_experiment/advP_HC_st_nomm_42/my_run/20260818_200306/models/3600200
2026-08-19 13:10:07,378 - my_experiment - advP_HC_st_nomm_42 - my_run - INFO - Recent Stats | t_env:    3650000 | Episode:    18250
ep_length_mean:          200.0000	episode_length_mean:     199.0000	epsilon:                   0.0500	grad_norm:               7420.1778
info_nce_loss:             0.2662	loss:                      6.4423	q_loss:                    5.8566	return_mean:              63.1640
return_std:               10.4315	test_ep_length_mean:     200.0000	test_episode_length_mean:199.0000	test_return_mean:         69.0967
test_return_std:          11.4141	
2026-08-19 13:10:09,987 - my_experiment - advP_HC_st_nomm_42 - my_run - INFO - t_env: 3650200 / 5050000
2026-08-19 13:10:09,988 - my_experiment - advP_HC_st_nomm_42 - my_run - INFO - Estimated time left: 6 hours, 31 minutes, 11 seconds. Time passed: 17 hours, 6 minutes, 33 seconds
2026-08-19 13:24:04,377 - my_experiment - advP_HC_st_nomm_42 - my_run - INFO - Recent Stats | t_env:    3700000 | Episode:    18500
ep_length_mean:          200.0000	episode_length_mean:     199.0000	epsilon:                   0.0500	grad_norm:               7059.2343
info_nce_loss:             0.2315	loss:                      8.8410	q_loss:                    8.0373	return_mean:              64.8707
return_std:                9.6997	test_ep_length_mean:     200.0000	test_episode_length_mean:199.0000	test_return_mean:         68.5053
test_return_std:          11.7800	
2026-08-19 13:24:06,927 - my_experiment - advP_HC_st_nomm_42 - my_run - INFO - t_env: 3700200 / 5050000
2026-08-19 13:24:06,928 - my_experiment - advP_HC_st_nomm_42 - my_run - INFO - Estimated time left: 6 hours, 16 minutes, 34 seconds. Time passed: 17 hours, 20 minutes, 30 seconds
2026-08-19 13:38:07,018 - my_experiment - advP_HC_st_nomm_42 - my_run - INFO - Recent Stats | t_env:    3750000 | Episode:    18750
ep_length_mean:          200.0000	episode_length_mean:     199.0000	epsilon:                   0.0500	grad_norm:               8680.6318
info_nce_loss:             0.2656	loss:                      7.8770	q_loss:                    7.1609	return_mean:              60.4819
return_std:               10.5062	test_ep_length_mean:     200.0000	test_episode_length_mean:199.0000	test_return_mean:         69.1965
test_return_std:          11.9359	
2026-08-19 13:38:09,602 - my_experiment - advP_HC_st_nomm_42 - my_run - INFO - t_env: 3750200 / 5050000
2026-08-19 13:38:09,604 - my_experiment - advP_HC_st_nomm_42 - my_run - INFO - Estimated time left: 6 hours, 5 minutes, 6 seconds. Time passed: 17 hours, 34 minutes, 32 seconds
2026-08-19 13:52:04,419 - my_experiment - advP_HC_st_nomm_42 - my_run - INFO - Recent Stats | t_env:    3800000 | Episode:    19000
ep_length_mean:          200.0000	episode_length_mean:     199.0000	epsilon:                   0.0500	grad_norm:               6337.7319
info_nce_loss:             0.3326	loss:                      4.3925	q_loss:                    3.9932	return_mean:              60.7294
return_std:               10.1855	test_ep_length_mean:     200.0000	test_episode_length_mean:199.0000	test_return_mean:         70.2489
test_return_std:          11.9100	
2026-08-19 13:52:07,006 - my_experiment - advP_HC_st_nomm_42 - my_run - INFO - t_env: 3800200 / 5050000
2026-08-19 13:52:07,007 - my_experiment - advP_HC_st_nomm_42 - my_run - INFO - Estimated time left: 5 hours, 48 minutes, 51 seconds. Time passed: 17 hours, 48 minutes, 30 seconds
2026-08-19 13:55:14,519 - my_experiment - advP_HC_st_nomm_42 - my_run - INFO - Saving models to work_dirs/my_experiment/advP_HC_st_nomm_42/my_run/20260818_200306/models/3800200
2026-08-19 14:06:00,116 - my_experiment - advP_HC_st_nomm_42 - my_run - INFO - Recent Stats | t_env:    3850000 | Episode:    19250
ep_length_mean:          200.0000	episode_length_mean:     199.0000	epsilon:                   0.0500	grad_norm:               4768.7898
info_nce_loss:             0.2617	loss:                      6.5723	q_loss:                    5.9748	return_mean:              60.7404
return_std:               10.6767	test_ep_length_mean:     200.0000	test_episode_length_mean:199.0000	test_return_mean:         70.2542
test_return_std:          11.7633	
2026-08-19 14:06:02,720 - my_experiment - advP_HC_st_nomm_42 - my_run - INFO - t_env: 3850200 / 5050000
2026-08-19 14:06:02,722 - my_experiment - advP_HC_st_nomm_42 - my_run - INFO - Estimated time left: 5 hours, 34 minutes, 13 seconds. Time passed: 18 hours, 2 minutes, 26 seconds
2026-08-19 14:19:56,120 - my_experiment - advP_HC_st_nomm_42 - my_run - INFO - Recent Stats | t_env:    3900000 | Episode:    19500
ep_length_mean:          200.0000	episode_length_mean:     199.0000	epsilon:                   0.0500	grad_norm:               6996.2887
info_nce_loss:             0.2677	loss:                     11.6720	q_loss:                   10.6109	return_mean:              53.9832
return_std:               10.2807	test_ep_length_mean:     200.0000	test_episode_length_mean:199.0000	test_return_mean:         68.4466
test_return_std:          11.8323	
2026-08-19 14:19:58,714 - my_experiment - advP_HC_st_nomm_42 - my_run - INFO - t_env: 3900200 / 5050000
2026-08-19 14:19:58,715 - my_experiment - advP_HC_st_nomm_42 - my_run - INFO - Estimated time left: 5 hours, 20 minutes, 24 seconds. Time passed: 18 hours, 16 minutes, 22 seconds
2026-08-19 14:33:51,393 - my_experiment - advP_HC_st_nomm_42 - my_run - INFO - Recent Stats | t_env:    3950000 | Episode:    19750
ep_length_mean:          200.0000	episode_length_mean:     199.0000	epsilon:                   0.0500	grad_norm:               14669.3450
info_nce_loss:             0.2936	loss:                     17.3302	q_loss:                   15.7547	return_mean:              53.9025
return_std:                9.1457	test_ep_length_mean:     200.0000	test_episode_length_mean:199.0000	test_return_mean:         67.3311
test_return_std:          11.9466	
2026-08-19 14:33:54,017 - my_experiment - advP_HC_st_nomm_42 - my_run - INFO - t_env: 3950200 / 5050000
2026-08-19 14:33:54,019 - my_experiment - advP_HC_st_nomm_42 - my_run - INFO - Estimated time left: 5 hours, 6 minutes, 13 seconds. Time passed: 18 hours, 30 minutes, 17 seconds
2026-08-19 14:47:49,004 - my_experiment - advP_HC_st_nomm_42 - my_run - INFO - Recent Stats | t_env:    4000000 | Episode:    20000
ep_length_mean:          200.0000	episode_length_mean:     199.0000	epsilon:                   0.0500	grad_norm:               7795.9083
info_nce_loss:             0.3023	loss:                     11.9567	q_loss:                   10.8697	return_mean:              51.4801
return_std:                9.6213	test_ep_length_mean:     200.0000	test_episode_length_mean:199.0000	test_return_mean:         68.9731
test_return_std:          11.8188	
2026-08-19 14:47:51,603 - my_experiment - advP_HC_st_nomm_42 - my_run - INFO - t_env: 4000200 / 5050000
2026-08-19 14:47:51,604 - my_experiment - advP_HC_st_nomm_42 - my_run - INFO - Estimated time left: 4 hours, 53 minutes, 5 seconds. Time passed: 18 hours, 44 minutes, 14 seconds
2026-08-19 14:50:59,224 - my_experiment - advP_HC_st_nomm_42 - my_run - INFO - Saving models to work_dirs/my_experiment/advP_HC_st_nomm_42/my_run/20260818_200306/models/4000200
2026-08-19 15:01:45,471 - my_experiment - advP_HC_st_nomm_42 - my_run - INFO - Recent Stats | t_env:    4050000 | Episode:    20250
ep_length_mean:          200.0000	episode_length_mean:     199.0000	epsilon:                   0.0500	grad_norm:               11042.3499
info_nce_loss:             0.2706	loss:                     10.2940	q_loss:                    9.3582	return_mean:              49.3123
return_std:               10.8369	test_ep_length_mean:     200.0000	test_episode_length_mean:199.0000	test_return_mean:         67.7316
test_return_std:          11.9655	
2026-08-19 15:01:48,069 - my_experiment - advP_HC_st_nomm_42 - my_run - INFO - t_env: 4050200 / 5050000
2026-08-19 15:01:48,071 - my_experiment - advP_HC_st_nomm_42 - my_run - INFO - Estimated time left: 4 hours, 38 minutes, 45 seconds. Time passed: 18 hours, 58 minutes, 11 seconds
2026-08-19 15:15:53,378 - my_experiment - advP_HC_st_nomm_42 - my_run - INFO - Recent Stats | t_env:    4100000 | Episode:    20500
ep_length_mean:          200.0000	episode_length_mean:     199.0000	epsilon:                   0.0500	grad_norm:               10241.4557
info_nce_loss:             0.2646	loss:                     11.3873	q_loss:                   10.3521	return_mean:              49.5476
return_std:                8.9864	test_ep_length_mean:     200.0000	test_episode_length_mean:199.0000	test_return_mean:         66.6863
test_return_std:          11.8669	
2026-08-19 15:15:56,069 - my_experiment - advP_HC_st_nomm_42 - my_run - INFO - t_env: 4100200 / 5050000
2026-08-19 15:15:56,071 - my_experiment - advP_HC_st_nomm_42 - my_run - INFO - Estimated time left: 4 hours, 28 minutes, 28 seconds. Time passed: 19 hours, 12 minutes, 19 seconds
2026-08-19 15:30:19,112 - my_experiment - advP_HC_st_nomm_42 - my_run - INFO - Recent Stats | t_env:    4150000 | Episode:    20750
ep_length_mean:          200.0000	episode_length_mean:     199.0000	epsilon:                   0.0500	grad_norm:               7253.2343
info_nce_loss:             0.3652	loss:                      7.4795	q_loss:                    6.7996	return_mean:              49.6261
return_std:                9.4469	test_ep_length_mean:     200.0000	test_episode_length_mean:199.0000	test_return_mean:         65.7579
test_return_std:          11.7911	
2026-08-19 15:30:21,830 - my_experiment - advP_HC_st_nomm_42 - my_run - INFO - t_env: 4150200 / 5050000
2026-08-19 15:30:21,832 - my_experiment - advP_HC_st_nomm_42 - my_run - INFO - Estimated time left: 4 hours, 19 minutes, 40 seconds. Time passed: 19 hours, 26 minutes, 45 seconds
2026-08-19 15:44:44,674 - my_experiment - advP_HC_st_nomm_42 - my_run - INFO - Recent Stats | t_env:    4200000 | Episode:    21000
ep_length_mean:          200.0000	episode_length_mean:     199.0000	epsilon:                   0.0500	grad_norm:               7108.7312
info_nce_loss:             0.2848	loss:                      7.6413	q_loss:                    6.9466	return_mean:              45.5337
return_std:                9.9788	test_ep_length_mean:     200.0000	test_episode_length_mean:199.0000	test_return_mean:         64.5875
test_return_std:          11.4836	
2026-08-19 15:44:47,360 - my_experiment - advP_HC_st_nomm_42 - my_run - INFO - t_env: 4200200 / 5050000
2026-08-19 15:44:47,362 - my_experiment - advP_HC_st_nomm_42 - my_run - INFO - Estimated time left: 4 hours, 5 minutes, 10 seconds. Time passed: 19 hours, 41 minutes, 10 seconds
2026-08-19 15:48:01,665 - my_experiment - advP_HC_st_nomm_42 - my_run - INFO - Saving models to work_dirs/my_experiment/advP_HC_st_nomm_42/my_run/20260818_200306/models/4200200
2026-08-19 15:59:09,425 - my_experiment - advP_HC_st_nomm_42 - my_run - INFO - Recent Stats | t_env:    4250000 | Episode:    21250
ep_length_mean:          200.0000	episode_length_mean:     199.0000	epsilon:                   0.0500	grad_norm:               5230.8873
info_nce_loss:             0.3435	loss:                      8.9201	q_loss:                    8.1092	return_mean:              35.7138
return_std:                8.4742	test_ep_length_mean:     200.0000	test_episode_length_mean:199.0000	test_return_mean:         63.3937
test_return_std:          11.5252	
2026-08-19 15:59:12,104 - my_experiment - advP_HC_st_nomm_42 - my_run - INFO - t_env: 4250200 / 5050000
2026-08-19 15:59:12,106 - my_experiment - advP_HC_st_nomm_42 - my_run - INFO - Estimated time left: 3 hours, 50 minutes, 32 seconds. Time passed: 19 hours, 55 minutes, 35 seconds
2026-08-19 16:13:34,191 - my_experiment - advP_HC_st_nomm_42 - my_run - INFO - Recent Stats | t_env:    4300000 | Episode:    21500
ep_length_mean:          200.0000	episode_length_mean:     199.0000	epsilon:                   0.0500	grad_norm:               19714.9918
info_nce_loss:             0.2967	loss:                     40.5169	q_loss:                   36.8336	return_mean:              33.0077
return_std:                9.1463	test_ep_length_mean:     200.0000	test_episode_length_mean:199.0000	test_return_mean:         59.2349
test_return_std:          10.6182	
2026-08-19 16:13:36,856 - my_experiment - advP_HC_st_nomm_42 - my_run - INFO - t_env: 4300200 / 5050000
2026-08-19 16:13:36,857 - my_experiment - advP_HC_st_nomm_42 - my_run - INFO - Estimated time left: 3 hours, 36 minutes, 7 seconds. Time passed: 20 hours, 10 minutes, 0 seconds
2026-08-19 16:28:00,623 - my_experiment - advP_HC_st_nomm_42 - my_run - INFO - Recent Stats | t_env:    4350000 | Episode:    21750
ep_length_mean:          200.0000	episode_length_mean:     199.0000	epsilon:                   0.0500	grad_norm:               9015.1938
info_nce_loss:             0.2811	loss:                     11.0185	q_loss:                   10.0168	return_mean:              32.3636
return_std:                8.2447	test_ep_length_mean:     200.0000	test_episode_length_mean:199.0000	test_return_mean:         53.8754
test_return_std:           9.9623	
2026-08-19 16:28:03,318 - my_experiment - advP_HC_st_nomm_42 - my_run - INFO - t_env: 4350200 / 5050000
2026-08-19 16:28:03,320 - my_experiment - advP_HC_st_nomm_42 - my_run - INFO - Estimated time left: 3 hours, 22 minutes, 7 seconds. Time passed: 20 hours, 24 minutes, 26 seconds
2026-08-19 16:42:26,794 - my_experiment - advP_HC_st_nomm_42 - my_run - INFO - Recent Stats | t_env:    4400000 | Episode:    22000
ep_length_mean:          200.0000	episode_length_mean:     199.0000	epsilon:                   0.0500	grad_norm:               5457.2267
info_nce_loss:             0.3001	loss:                      4.2369	q_loss:                    3.8517	return_mean:              37.6133
return_std:                8.4953	test_ep_length_mean:     200.0000	test_episode_length_mean:199.0000	test_return_mean:         50.3838
test_return_std:           9.4931	
2026-08-19 16:42:29,472 - my_experiment - advP_HC_st_nomm_42 - my_run - INFO - t_env: 4400200 / 5050000
2026-08-19 16:42:29,474 - my_experiment - advP_HC_st_nomm_42 - my_run - INFO - Estimated time left: 3 hours, 7 minutes, 36 seconds. Time passed: 20 hours, 38 minutes, 52 seconds
2026-08-19 16:45:43,642 - my_experiment - advP_HC_st_nomm_42 - my_run - INFO - Saving models to work_dirs/my_experiment/advP_HC_st_nomm_42/my_run/20260818_200306/models/4400200
2026-08-19 16:56:53,469 - my_experiment - advP_HC_st_nomm_42 - my_run - INFO - Recent Stats | t_env:    4450000 | Episode:    22250
ep_length_mean:          200.0000	episode_length_mean:     199.0000	epsilon:                   0.0500	grad_norm:               3607.8109
info_nce_loss:             0.3357	loss:                      4.5243	q_loss:                    4.1130	return_mean:              30.3642
return_std:                8.2819	test_ep_length_mean:     200.0000	test_episode_length_mean:199.0000	test_return_mean:         47.3501
test_return_std:           9.0665	
2026-08-19 16:56:56,161 - my_experiment - advP_HC_st_nomm_42 - my_run - INFO - t_env: 4450200 / 5050000
2026-08-19 16:56:56,163 - my_experiment - advP_HC_st_nomm_42 - my_run - INFO - Estimated time left: 2 hours, 53 minutes, 16 seconds. Time passed: 20 hours, 53 minutes, 19 seconds
2026-08-19 17:11:19,790 - my_experiment - advP_HC_st_nomm_42 - my_run - INFO - Recent Stats | t_env:    4500000 | Episode:    22500
ep_length_mean:          200.0000	episode_length_mean:     199.0000	epsilon:                   0.0500	grad_norm:               8649.5964
info_nce_loss:             0.3084	loss:                     10.9533	q_loss:                    9.9575	return_mean:              26.8597
return_std:                8.0023	test_ep_length_mean:     200.0000	test_episode_length_mean:199.0000	test_return_mean:         42.0947
test_return_std:           8.3342	
2026-08-19 17:11:22,489 - my_experiment - advP_HC_st_nomm_42 - my_run - INFO - t_env: 4500200 / 5050000
2026-08-19 17:11:22,490 - my_experiment - advP_HC_st_nomm_42 - my_run - INFO - Estimated time left: 2 hours, 38 minutes, 46 seconds. Time passed: 21 hours, 7 minutes, 45 seconds
2026-08-19 17:25:45,380 - my_experiment - advP_HC_st_nomm_42 - my_run - INFO - Recent Stats | t_env:    4550000 | Episode:    22750
ep_length_mean:          200.0000	episode_length_mean:     199.0000	epsilon:                   0.0500	grad_norm:               9046.5185
info_nce_loss:             0.2880	loss:                     15.1752	q_loss:                   13.7957	return_mean:              19.7175
return_std:                7.1350	test_ep_length_mean:     200.0000	test_episode_length_mean:199.0000	test_return_mean:         39.5908
test_return_std:           8.1070	
2026-08-19 17:25:48,068 - my_experiment - advP_HC_st_nomm_42 - my_run - INFO - t_env: 4550200 / 5050000
2026-08-19 17:25:48,070 - my_experiment - advP_HC_st_nomm_42 - my_run - INFO - Estimated time left: 2 hours, 24 minutes, 12 seconds. Time passed: 21 hours, 22 minutes, 11 seconds
2026-08-19 17:40:10,790 - my_experiment - advP_HC_st_nomm_42 - my_run - INFO - Recent Stats | t_env:    4600000 | Episode:    23000
ep_length_mean:          200.0000	episode_length_mean:     199.0000	epsilon:                   0.0500	grad_norm:               3331.5482
info_nce_loss:             0.2446	loss:                      5.6786	q_loss:                    5.1624	return_mean:              19.1269
return_std:                7.6186	test_ep_length_mean:     200.0000	test_episode_length_mean:199.0000	test_return_mean:         36.5296
test_return_std:           8.1878	
2026-08-19 17:40:13,470 - my_experiment - advP_HC_st_nomm_42 - my_run - INFO - t_env: 4600200 / 5050000
2026-08-19 17:40:13,471 - my_experiment - advP_HC_st_nomm_42 - my_run - INFO - Estimated time left: 2 hours, 9 minutes, 45 seconds. Time passed: 21 hours, 36 minutes, 36 seconds
2026-08-19 17:43:27,726 - my_experiment - advP_HC_st_nomm_42 - my_run - INFO - Saving models to work_dirs/my_experiment/advP_HC_st_nomm_42/my_run/20260818_200306/models/4600200
2026-08-19 17:54:37,087 - my_experiment - advP_HC_st_nomm_42 - my_run - INFO - Recent Stats | t_env:    4650000 | Episode:    23250
ep_length_mean:          200.0000	episode_length_mean:     199.0000	epsilon:                   0.0500	grad_norm:               11918.9136
info_nce_loss:             0.2118	loss:                     28.4304	q_loss:                   25.8459	return_mean:              21.1032
return_std:                7.9925	test_ep_length_mean:     200.0000	test_episode_length_mean:199.0000	test_return_mean:         33.2584
test_return_std:           7.9391	
2026-08-19 17:54:39,779 - my_experiment - advP_HC_st_nomm_42 - my_run - INFO - t_env: 4650200 / 5050000
2026-08-19 17:54:39,780 - my_experiment - advP_HC_st_nomm_42 - my_run - INFO - Estimated time left: 1 hours, 55 minutes, 27 seconds. Time passed: 21 hours, 51 minutes, 3 seconds
2026-08-19 18:09:02,118 - my_experiment - advP_HC_st_nomm_42 - my_run - INFO - Recent Stats | t_env:    4700000 | Episode:    23500
ep_length_mean:          200.0000	episode_length_mean:     199.0000	epsilon:                   0.0500	grad_norm:               11042.7052
info_nce_loss:             0.2233	loss:                     13.8401	q_loss:                   12.5819	return_mean:              24.3700
return_std:                7.3493	test_ep_length_mean:     200.0000	test_episode_length_mean:199.0000	test_return_mean:         30.0597
test_return_std:           7.9435	
2026-08-19 18:09:04,815 - my_experiment - advP_HC_st_nomm_42 - my_run - INFO - t_env: 4700200 / 5050000
2026-08-19 18:09:04,817 - my_experiment - advP_HC_st_nomm_42 - my_run - INFO - Estimated time left: 1 hours, 40 minutes, 51 seconds. Time passed: 22 hours, 5 minutes, 28 seconds
2026-08-19 18:23:28,698 - my_experiment - advP_HC_st_nomm_42 - my_run - INFO - Recent Stats | t_env:    4750000 | Episode:    23750
ep_length_mean:          200.0000	episode_length_mean:     199.0000	epsilon:                   0.0500	grad_norm:               7257.5211
info_nce_loss:             0.2918	loss:                     10.3944	q_loss:                    9.4494	return_mean:              26.8447
return_std:                7.1163	test_ep_length_mean:     200.0000	test_episode_length_mean:199.0000	test_return_mean:         29.6797
test_return_std:           7.9643	
2026-08-19 18:23:31,388 - my_experiment - advP_HC_st_nomm_42 - my_run - INFO - t_env: 4750200 / 5050000
2026-08-19 18:23:31,390 - my_experiment - advP_HC_st_nomm_42 - my_run - INFO - Estimated time left: 1 hours, 26 minutes, 35 seconds. Time passed: 22 hours, 19 minutes, 54 seconds
2026-08-19 18:37:54,132 - my_experiment - advP_HC_st_nomm_42 - my_run - INFO - Recent Stats | t_env:    4800000 | Episode:    24000
ep_length_mean:          200.0000	episode_length_mean:     199.0000	epsilon:                   0.0500	grad_norm:               5587.5391
info_nce_loss:             0.1886	loss:                      7.0891	q_loss:                    6.4446	return_mean:              30.9222
return_std:                7.7183	test_ep_length_mean:     200.0000	test_episode_length_mean:199.0000	test_return_mean:         30.8434
test_return_std:           8.1584	
2026-08-19 18:37:56,815 - my_experiment - advP_HC_st_nomm_42 - my_run - INFO - t_env: 4800200 / 5050000
2026-08-19 18:37:56,817 - my_experiment - advP_HC_st_nomm_42 - my_run - INFO - Estimated time left: 1 hours, 12 minutes, 3 seconds. Time passed: 22 hours, 34 minutes, 20 seconds
2026-08-19 18:41:10,642 - my_experiment - advP_HC_st_nomm_42 - my_run - INFO - Saving models to work_dirs/my_experiment/advP_HC_st_nomm_42/my_run/20260818_200306/models/4800200
2026-08-19 18:52:18,725 - my_experiment - advP_HC_st_nomm_42 - my_run - INFO - Recent Stats | t_env:    4850000 | Episode:    24250
ep_length_mean:          200.0000	episode_length_mean:     199.0000	epsilon:                   0.0500	grad_norm:               9504.4792
info_nce_loss:             0.1562	loss:                     11.5590	q_loss:                   10.5082	return_mean:              30.3141
return_std:                7.7004	test_ep_length_mean:     200.0000	test_episode_length_mean:199.0000	test_return_mean:         35.4066
test_return_std:           8.2239	
2026-08-19 18:52:21,389 - my_experiment - advP_HC_st_nomm_42 - my_run - INFO - t_env: 4850200 / 5050000
2026-08-19 18:52:21,391 - my_experiment - advP_HC_st_nomm_42 - my_run - INFO - Estimated time left: 57 minutes, 34 seconds. Time passed: 22 hours, 48 minutes, 44 seconds
2026-08-19 19:06:43,768 - my_experiment - advP_HC_st_nomm_42 - my_run - INFO - Recent Stats | t_env:    4900000 | Episode:    24500
ep_length_mean:          200.0000	episode_length_mean:     199.0000	epsilon:                   0.0500	grad_norm:               12633.7035
info_nce_loss:             0.1997	loss:                     13.8718	q_loss:                   12.6107	return_mean:              26.6928
return_std:                7.3814	test_ep_length_mean:     200.0000	test_episode_length_mean:199.0000	test_return_mean:         39.3703
test_return_std:           8.3705	
2026-08-19 19:06:46,471 - my_experiment - advP_HC_st_nomm_42 - my_run - INFO - t_env: 4900200 / 5050000
2026-08-19 19:06:46,473 - my_experiment - advP_HC_st_nomm_42 - my_run - INFO - Estimated time left: 43 minutes, 11 seconds. Time passed: 23 hours, 3 minutes, 9 seconds
2026-08-19 19:21:08,981 - my_experiment - advP_HC_st_nomm_42 - my_run - INFO - Recent Stats | t_env:    4950000 | Episode:    24750
ep_length_mean:          200.0000	episode_length_mean:     199.0000	epsilon:                   0.0500	grad_norm:               9864.5995
info_nce_loss:             0.1484	loss:                     16.0612	q_loss:                   14.6011	return_mean:              21.8072
return_std:                6.6325	test_ep_length_mean:     200.0000	test_episode_length_mean:199.0000	test_return_mean:         39.9548
test_return_std:           8.0471	
2026-08-19 19:21:11,668 - my_experiment - advP_HC_st_nomm_42 - my_run - INFO - t_env: 4950200 / 5050000
2026-08-19 19:21:11,669 - my_experiment - advP_HC_st_nomm_42 - my_run - INFO - Estimated time left: 28 minutes, 46 seconds. Time passed: 23 hours, 17 minutes, 35 seconds
2026-08-19 19:35:34,593 - my_experiment - advP_HC_st_nomm_42 - my_run - INFO - Recent Stats | t_env:    5000000 | Episode:    25000
ep_length_mean:          200.0000	episode_length_mean:     199.0000	epsilon:                   0.0500	grad_norm:               5347.4232
info_nce_loss:             0.2303	loss:                      6.7341	q_loss:                    6.1219	return_mean:              23.7090
return_std:                6.6804	test_ep_length_mean:     200.0000	test_episode_length_mean:199.0000	test_return_mean:         38.7432
test_return_std:           7.9353	
2026-08-19 19:35:37,278 - my_experiment - advP_HC_st_nomm_42 - my_run - INFO - t_env: 5000200 / 5050000
2026-08-19 19:35:37,279 - my_experiment - advP_HC_st_nomm_42 - my_run - INFO - Estimated time left: 14 minutes, 22 seconds. Time passed: 23 hours, 32 minutes, 0 seconds
2026-08-19 19:38:50,947 - my_experiment - advP_HC_st_nomm_42 - my_run - INFO - Saving models to work_dirs/my_experiment/advP_HC_st_nomm_42/my_run/20260818_200306/models/5000200
2026-08-19 19:49:57,689 - my_experiment - advP_HC_st_nomm_42 - my_run - INFO - Recent Stats | t_env:    5050000 | Episode:    25250
ep_length_mean:          200.0000	episode_length_mean:     199.0000	epsilon:                   0.0500	grad_norm:               7873.8264
info_nce_loss:             0.1384	loss:                     11.5578	q_loss:                   10.5071	return_mean:              26.9207
return_std:                6.8084	test_ep_length_mean:     200.0000	test_episode_length_mean:199.0000	test_return_mean:         40.3325
test_return_std:           7.9172	
2026-08-19 19:50:00,393 - my_experiment - advP_HC_st_nomm_42 - my_run - INFO - t_env: 5050200 / 5050000
2026-08-19 19:50:00,394 - my_experiment - advP_HC_st_nomm_42 - my_run - INFO - Estimated time left: -. Time passed: 23 hours, 46 minutes, 23 seconds
2026-08-19 19:53:14,885 - my_experiment - advP_HC_st_nomm_42 - my_run - INFO - Finished Training
