Gym has been unmaintained since 2022 and does not support NumPy 2.0 amongst other critical functionality.
Please upgrade to Gymnasium, the maintained drop-in replacement of Gym, or contact the authors of your software and request that they upgrade.
Users of this version of Gym should be able to simply replace 'import gym' with 'import gymnasium as gym' in the vast majority of cases.
See the migration guide at https://gymnasium.farama.org/introduction/migration_guide/ for additional information.
src/main.py:81: DeprecationWarning: Using or importing the ABCs from 'collections' instead of from 'collections.abc' is deprecated since Python 3.3, and in 3.10 it will stop working
  if isinstance(v, collections.Mapping):
wandb: [wandb.login()] Loaded credentials for https://api.wandb.ai from /home/pparsons/.netrc.
wandb: Currently logged in as: peterparsons02 (peterparsons02-eth-z-rich) to https://api.wandb.ai. Use `wandb login --relogin` to force relogin
wandb: Tracking run with wandb version 0.24.1
wandb: Run data is saved locally in /usr/itetnas04/data-scratch-01/pparsons/data/MyExpoComm/wandb/run-20260606_210349-p2lnjegr
wandb: Run `wandb offline` to turn off syncing.
wandb: Syncing run my_run-advP_Big_HybridComm_5M_44-20260606_210348
wandb: ⭐️ View project at https://wandb.ai/peterparsons02-eth-z-rich/my_experiment
wandb: 🚀 View run at https://wandb.ai/peterparsons02-eth-z-rich/my_experiment/runs/p2lnjegr
2026-06-06 21:03:50,896 - my_experiment - advP_Big_HybridComm_5M_44 - my_run - INFO - Current directory: /usr/itetnas04/data-scratch-01/pparsons/data/MyExpoComm.
2026-06-06 21:03:50,896 - my_experiment - advP_Big_HybridComm_5M_44 - my_run - INFO - Experiment Parameters:
2026-06-06 21:03:50,897 - my_experiment - advP_Big_HybridComm_5M_44 - my_run - INFO - 

{   'action_selector': 'epsilon_greedy',
    'add_value_last_step': True,
    'agent': 'ExpoComm_one_peer_cont',
    'agent_output_type': 'q',
    'attention_dim': 32,
    'aux_coef': 0.1,
    'batch_size': 32,
    'batch_size_run': 1,
    'buffer_cpu_only': True,
    'buffer_size': 2000,
    'checkpoint_path': '',
    'double_q': True,
    'env': 'MAgent_AdvPursuit',
    'env_args': {   'global_reward': True,
                    'map_name': 'adversarial_pursuit_view8',
                    'map_size': 70,
                    'max_cycles': 200,
                    'minimap_mode': True,
                    'pretrained_ckpt': 'prey_params.pt',
                    'seed': 44},
    'epsilon_anneal_time': 1000000,
    'epsilon_finish': 0.05,
    'epsilon_start': 1.0,
    'evaluate': False,
    'evaluation_epsilon': 0.0,
    'exp_name': 'my_experiment',
    'gamma': 0.99,
    'global_reward': True,
    'grad_norm_clip': 10,
    'hidden_dim': 64,
    'hypergroup': None,
    'label': 'default_label',
    'learner': 'hybrid_comm_learner',
    'learner_log_interval': 10000,
    'load_step': 0,
    'local_results_path': 'results',
    'log_interval': 50000,
    'lr': 0.0005,
    'mac': 'ExpoComm_mac',
    'mixer': None,
    'name': 'advP_Big_HybridComm_5M_44',
    'neg_num': 20,
    'obs_agent_id': True,
    'obs_individual_obs': False,
    'obs_last_action': True,
    'one_peer': True,
    'optim_alpha': 0.99,
    'optim_eps': 1e-05,
    'render': False,
    'repeat_id': 1,
    'run_name': 'my_run',
    'runner': 'episode',
    'runner_log_interval': 10000,
    'save_model': True,
    'save_model_interval': 500000,
    'save_replay': False,
    'seed': 44,
    'standardise_returns': False,
    'standardise_rewards': True,
    't_max': 5050000,
    'target_update_interval_or_tau': 200,
    'temperature': 0.07,
    'test_greedy': True,
    'test_interval': 50000,
    'test_nepisode': 16,
    'topk_neighbors': 7,
    'use_cuda': True,
    'use_rnn': True,
    'use_tensorboard': True,
    'work_dir': 'work_dirs/my_experiment/advP_Big_HybridComm_5M_44/my_run/20260606_210348'}

/usr/itetnas04/data-scratch-01/pparsons/data/conda_envs/ExpoComm/lib/python3.8/site-packages/pettingzoo/utils/conversions.py:41: UserWarning: The `from_parallel` function is deprecated. Use the `parallel_to_aec` function instead.
  warnings.warn("The `from_parallel` function is deprecated. Use the `parallel_to_aec` function instead.")
/usr/itetnas04/data-scratch-01/pparsons/data/conda_envs/ExpoComm/lib/python3.8/site-packages/pettingzoo/utils/wrappers/base.py:44: UserWarning: The `observation_spaces` dictionary is deprecated. Use the `observation_space` function instead.
  warnings.warn("The `observation_spaces` dictionary is deprecated. Use the `observation_space` function instead.")
/usr/itetnas04/data-scratch-01/pparsons/data/conda_envs/ExpoComm/lib/python3.8/site-packages/pettingzoo/utils/conversions.py:36: UserWarning: The `to_parallel` function is deprecated. Use the `aec_to_parallel` function instead.
  warnings.warn("The `to_parallel` function is deprecated. Use the `aec_to_parallel` function instead.")
/usr/itetnas04/data-scratch-01/pparsons/data/conda_envs/ExpoComm/lib/python3.8/site-packages/pettingzoo/utils/conversions.py:80: UserWarning: The `action_spaces` dictionary is deprecated. Use the `action_space` function instead.
  warnings.warn("The `action_spaces` dictionary is deprecated. Use the `action_space` function instead.")
/usr/itetnas04/data-scratch-01/pparsons/data/conda_envs/ExpoComm/lib/python3.8/site-packages/pettingzoo/utils/wrappers/base.py:52: UserWarning: The `action_spaces` dictionary is deprecated. Use the `action_space` function instead.
  warnings.warn("The `action_spaces` dictionary is deprecated. Use the `action_space` function instead.")
/usr/itetnas04/data-scratch-01/pparsons/data/conda_envs/ExpoComm/lib/python3.8/site-packages/pettingzoo/utils/conversions.py:72: UserWarning: The `observation_spaces` dictionary is deprecated. Use the `observation_space` function instead.
  warnings.warn("The `observation_spaces` dictionary is deprecated. Use the `observation_space` function instead.")
2026-06-06 21:03:58,438 - my_experiment - advP_Big_HybridComm_5M_44 - my_run - INFO - Beginning training for 5050000 timesteps
/usr/itetnas04/data-scratch-01/pparsons/data/MyExpoComm/src/envs/adv_pursuit_wrappers.py:240: UserWarning: To copy construct from a tensor, it is recommended to use sourceTensor.clone().detach() or sourceTensor.clone().detach().requires_grad_(True), rather than torch.tensor(sourceTensor).
  actions = th.tensor(actions, dtype=th.long)
2026-06-06 21:04:04,834 - my_experiment - advP_Big_HybridComm_5M_44 - my_run - INFO - t_env: 200 / 5050000
2026-06-06 21:04:04,835 - my_experiment - advP_Big_HybridComm_5M_44 - my_run - INFO - Estimated time left: 10 minutes, 43 seconds. Time passed: 6 seconds
2026-06-06 21:05:18,662 - my_experiment - advP_Big_HybridComm_5M_44 - my_run - INFO - Saving models to work_dirs/my_experiment/advP_Big_HybridComm_5M_44/my_run/20260606_210348/models/200
2026-06-06 21:27:20,944 - my_experiment - advP_Big_HybridComm_5M_44 - my_run - INFO - Recent Stats | t_env:      50000 | Episode:      250
ep_length_mean:          200.0000	episode_length_mean:     199.0000	epsilon:                   0.9620	grad_norm:                 0.3020
info_nce_loss:             2.9674	loss:                      1.1067	q_loss:                    1.0061	return_mean:             -21.3371
return_std:                0.5508	test_ep_length_mean:     200.0000	test_episode_length_mean:199.0000	test_return_mean:        -39.3689
test_return_std:           1.2824	
2026-06-06 21:27:26,378 - my_experiment - advP_Big_HybridComm_5M_44 - my_run - INFO - t_env: 50200 / 5050000
2026-06-06 21:27:26,379 - my_experiment - advP_Big_HybridComm_5M_44 - my_run - INFO - Estimated time left: 1 days, 14 hours, 55 minutes, 48 seconds. Time passed: 23 minutes, 27 seconds
2026-06-06 21:51:08,227 - my_experiment - advP_Big_HybridComm_5M_44 - my_run - INFO - Recent Stats | t_env:     100000 | Episode:      500
ep_length_mean:          200.0000	episode_length_mean:     199.0000	epsilon:                   0.9145	grad_norm:                 2.9170
info_nce_loss:             0.9571	loss:                      1.1004	q_loss:                    1.0004	return_mean:             -19.8831
return_std:                0.7669	test_ep_length_mean:     200.0000	test_episode_length_mean:199.0000	test_return_mean:        -14.0231
test_return_std:           3.1276	
2026-06-06 21:51:13,664 - my_experiment - advP_Big_HybridComm_5M_44 - my_run - INFO - t_env: 100200 / 5050000
2026-06-06 21:51:13,665 - my_experiment - advP_Big_HybridComm_5M_44 - my_run - INFO - Estimated time left: 1 days, 15 hours, 14 minutes, 55 seconds. Time passed: 47 minutes, 15 seconds
2026-06-06 22:14:47,228 - my_experiment - advP_Big_HybridComm_5M_44 - my_run - INFO - Recent Stats | t_env:     150000 | Episode:      750
ep_length_mean:          200.0000	episode_length_mean:     199.0000	epsilon:                   0.8670	grad_norm:                 2.2462
info_nce_loss:             0.8786	loss:                      1.1651	q_loss:                    1.0592	return_mean:             -17.9407
return_std:                0.8699	test_ep_length_mean:     200.0000	test_episode_length_mean:199.0000	test_return_mean:         -4.6595
test_return_std:           3.4267	
2026-06-06 22:14:52,556 - my_experiment - advP_Big_HybridComm_5M_44 - my_run - INFO - t_env: 150200 / 5050000
2026-06-06 22:14:52,557 - my_experiment - advP_Big_HybridComm_5M_44 - my_run - INFO - Estimated time left: 1 days, 14 hours, 37 minutes, 25 seconds. Time passed: 1 hours, 10 minutes, 54 seconds
2026-06-06 22:38:13,226 - my_experiment - advP_Big_HybridComm_5M_44 - my_run - INFO - Recent Stats | t_env:     200000 | Episode:     1000
ep_length_mean:          200.0000	episode_length_mean:     199.0000	epsilon:                   0.8195	grad_norm:                 3.9087
info_nce_loss:             0.1618	loss:                      1.3654	q_loss:                    1.2412	return_mean:             -15.5906
return_std:                0.8679	test_ep_length_mean:     200.0000	test_episode_length_mean:199.0000	test_return_mean:          1.4363
test_return_std:           4.1360	
2026-06-06 22:38:18,588 - my_experiment - advP_Big_HybridComm_5M_44 - my_run - INFO - t_env: 200200 / 5050000
2026-06-06 22:38:18,589 - my_experiment - advP_Big_HybridComm_5M_44 - my_run - INFO - Estimated time left: 1 days, 13 hours, 52 minutes, 59 seconds. Time passed: 1 hours, 34 minutes, 20 seconds
2026-06-06 23:01:41,789 - my_experiment - advP_Big_HybridComm_5M_44 - my_run - INFO - Recent Stats | t_env:     250000 | Episode:     1250
ep_length_mean:          200.0000	episode_length_mean:     199.0000	epsilon:                   0.7720	grad_norm:                12.1509
info_nce_loss:             0.6829	loss:                      1.5729	q_loss:                    1.4299	return_mean:             -12.8473
return_std:                1.2136	test_ep_length_mean:     200.0000	test_episode_length_mean:199.0000	test_return_mean:          4.3861
test_return_std:           4.0997	
2026-06-06 23:01:47,129 - my_experiment - advP_Big_HybridComm_5M_44 - my_run - INFO - t_env: 250200 / 5050000
2026-06-06 23:01:47,130 - my_experiment - advP_Big_HybridComm_5M_44 - my_run - INFO - Estimated time left: 1 days, 13 hours, 33 minutes, 34 seconds. Time passed: 1 hours, 57 minutes, 48 seconds
2026-06-06 23:25:22,451 - my_experiment - advP_Big_HybridComm_5M_44 - my_run - INFO - Recent Stats | t_env:     300000 | Episode:     1500
ep_length_mean:          200.0000	episode_length_mean:     199.0000	epsilon:                   0.7245	grad_norm:                13.0512
info_nce_loss:             0.6110	loss:                      1.4504	q_loss:                    1.3186	return_mean:              -9.6009
return_std:                1.4712	test_ep_length_mean:     200.0000	test_episode_length_mean:199.0000	test_return_mean:         15.2255
test_return_std:           4.6209	
2026-06-06 23:25:27,816 - my_experiment - advP_Big_HybridComm_5M_44 - my_run - INFO - t_env: 300200 / 5050000
2026-06-06 23:25:27,817 - my_experiment - advP_Big_HybridComm_5M_44 - my_run - INFO - Estimated time left: 1 days, 13 hours, 29 minutes, 19 seconds. Time passed: 2 hours, 21 minutes, 29 seconds
2026-06-06 23:48:56,277 - my_experiment - advP_Big_HybridComm_5M_44 - my_run - INFO - Recent Stats | t_env:     350000 | Episode:     1750
ep_length_mean:          200.0000	episode_length_mean:     199.0000	epsilon:                   0.6770	grad_norm:                18.2518
info_nce_loss:             0.1229	loss:                      1.4471	q_loss:                    1.3155	return_mean:              -7.4398
return_std:                1.7681	test_ep_length_mean:     200.0000	test_episode_length_mean:199.0000	test_return_mean:         15.6671
test_return_std:           4.7667	
2026-06-06 23:49:01,605 - my_experiment - advP_Big_HybridComm_5M_44 - my_run - INFO - t_env: 350200 / 5050000
2026-06-06 23:49:01,606 - my_experiment - advP_Big_HybridComm_5M_44 - my_run - INFO - Estimated time left: 1 days, 12 hours, 54 minutes, 50 seconds. Time passed: 2 hours, 45 minutes, 3 seconds
2026-06-07 00:12:35,546 - my_experiment - advP_Big_HybridComm_5M_44 - my_run - INFO - Recent Stats | t_env:     400000 | Episode:     2000
ep_length_mean:          200.0000	episode_length_mean:     199.0000	epsilon:                   0.6295	grad_norm:                35.1135
info_nce_loss:             0.5036	loss:                      1.5834	q_loss:                    1.4394	return_mean:              -5.0284
return_std:                1.8830	test_ep_length_mean:     200.0000	test_episode_length_mean:199.0000	test_return_mean:         15.9865
test_return_std:           5.2202	
2026-06-07 00:12:40,878 - my_experiment - advP_Big_HybridComm_5M_44 - my_run - INFO - t_env: 400200 / 5050000
2026-06-07 00:12:40,879 - my_experiment - advP_Big_HybridComm_5M_44 - my_run - INFO - Estimated time left: 1 days, 12 hours, 39 minutes, 46 seconds. Time passed: 3 hours, 8 minutes, 42 seconds
2026-06-07 00:36:02,029 - my_experiment - advP_Big_HybridComm_5M_44 - my_run - INFO - Recent Stats | t_env:     450000 | Episode:     2250
ep_length_mean:          200.0000	episode_length_mean:     199.0000	epsilon:                   0.5820	grad_norm:                65.9485
info_nce_loss:             0.4338	loss:                      2.1445	q_loss:                    1.9495	return_mean:              -2.8163
return_std:                2.3186	test_ep_length_mean:     200.0000	test_episode_length_mean:199.0000	test_return_mean:         14.7182
test_return_std:           4.8375	
2026-06-07 00:36:07,377 - my_experiment - advP_Big_HybridComm_5M_44 - my_run - INFO - t_env: 450200 / 5050000
2026-06-07 00:36:07,378 - my_experiment - advP_Big_HybridComm_5M_44 - my_run - INFO - Estimated time left: 1 days, 11 hours, 56 minutes, 32 seconds. Time passed: 3 hours, 32 minutes, 8 seconds
2026-06-07 00:59:31,431 - my_experiment - advP_Big_HybridComm_5M_44 - my_run - INFO - Recent Stats | t_env:     500000 | Episode:     2500
ep_length_mean:          200.0000	episode_length_mean:     199.0000	epsilon:                   0.5345	grad_norm:                69.9780
info_nce_loss:             0.2926	loss:                      2.0897	q_loss:                    1.8997	return_mean:              -0.2569
return_std:                2.3135	test_ep_length_mean:     200.0000	test_episode_length_mean:199.0000	test_return_mean:         13.6975
test_return_std:           5.4172	
2026-06-07 00:59:36,799 - my_experiment - advP_Big_HybridComm_5M_44 - my_run - INFO - t_env: 500200 / 5050000
2026-06-07 00:59:36,800 - my_experiment - advP_Big_HybridComm_5M_44 - my_run - INFO - Estimated time left: 1 days, 11 hours, 37 minutes, 31 seconds. Time passed: 3 hours, 55 minutes, 38 seconds
2026-06-07 01:00:50,813 - my_experiment - advP_Big_HybridComm_5M_44 - my_run - INFO - Saving models to work_dirs/my_experiment/advP_Big_HybridComm_5M_44/my_run/20260606_210348/models/500200
2026-06-07 01:23:02,487 - my_experiment - advP_Big_HybridComm_5M_44 - my_run - INFO - Recent Stats | t_env:     550000 | Episode:     2750
ep_length_mean:          200.0000	episode_length_mean:     199.0000	epsilon:                   0.4870	grad_norm:                72.3316
info_nce_loss:             0.6280	loss:                      2.4849	q_loss:                    2.2590	return_mean:               1.6608
return_std:                2.5091	test_ep_length_mean:     200.0000	test_episode_length_mean:199.0000	test_return_mean:         14.4449
test_return_std:           6.2503	
2026-06-07 01:23:07,804 - my_experiment - advP_Big_HybridComm_5M_44 - my_run - INFO - t_env: 550200 / 5050000
2026-06-07 01:23:07,805 - my_experiment - advP_Big_HybridComm_5M_44 - my_run - INFO - Estimated time left: 1 days, 11 hours, 16 minutes, 24 seconds. Time passed: 4 hours, 19 minutes, 9 seconds
2026-06-07 01:46:35,176 - my_experiment - advP_Big_HybridComm_5M_44 - my_run - INFO - Recent Stats | t_env:     600000 | Episode:     3000
ep_length_mean:          200.0000	episode_length_mean:     199.0000	epsilon:                   0.4395	grad_norm:               118.3495
info_nce_loss:             0.4881	loss:                      2.6192	q_loss:                    2.3811	return_mean:               4.6105
return_std:                2.7480	test_ep_length_mean:     200.0000	test_episode_length_mean:199.0000	test_return_mean:         16.4858
test_return_std:           6.7333	
2026-06-07 01:46:40,539 - my_experiment - advP_Big_HybridComm_5M_44 - my_run - INFO - t_env: 600200 / 5050000
2026-06-07 01:46:40,540 - my_experiment - advP_Big_HybridComm_5M_44 - my_run - INFO - Estimated time left: 1 days, 10 hours, 55 minutes, 27 seconds. Time passed: 4 hours, 42 minutes, 42 seconds
2026-06-07 02:10:04,163 - my_experiment - advP_Big_HybridComm_5M_44 - my_run - INFO - Recent Stats | t_env:     650000 | Episode:     3250
ep_length_mean:          200.0000	episode_length_mean:     199.0000	epsilon:                   0.3920	grad_norm:               217.4473
info_nce_loss:             0.5831	loss:                      3.3888	q_loss:                    3.0807	return_mean:               6.8658
return_std:                3.1060	test_ep_length_mean:     200.0000	test_episode_length_mean:199.0000	test_return_mean:         20.2139
test_return_std:           6.4452	
2026-06-07 02:10:09,502 - my_experiment - advP_Big_HybridComm_5M_44 - my_run - INFO - t_env: 650200 / 5050000
2026-06-07 02:10:09,503 - my_experiment - advP_Big_HybridComm_5M_44 - my_run - INFO - Estimated time left: 1 days, 10 hours, 26 minutes, 23 seconds. Time passed: 5 hours, 6 minutes, 11 seconds
2026-06-07 02:33:32,064 - my_experiment - advP_Big_HybridComm_5M_44 - my_run - INFO - Recent Stats | t_env:     700000 | Episode:     3500
ep_length_mean:          200.0000	episode_length_mean:     199.0000	epsilon:                   0.3445	grad_norm:               232.2799
info_nce_loss:             0.4520	loss:                      2.6927	q_loss:                    2.4479	return_mean:               8.5926
return_std:                3.8694	test_ep_length_mean:     200.0000	test_episode_length_mean:199.0000	test_return_mean:         21.5838
test_return_std:           7.2926	
2026-06-07 02:33:37,395 - my_experiment - advP_Big_HybridComm_5M_44 - my_run - INFO - t_env: 700200 / 5050000
2026-06-07 02:33:37,396 - my_experiment - advP_Big_HybridComm_5M_44 - my_run - INFO - Estimated time left: 1 days, 10 hours, 1 minutes, 21 seconds. Time passed: 5 hours, 29 minutes, 38 seconds
2026-06-07 02:56:58,221 - my_experiment - advP_Big_HybridComm_5M_44 - my_run - INFO - Recent Stats | t_env:     750000 | Episode:     3750
ep_length_mean:          200.0000	episode_length_mean:     199.0000	epsilon:                   0.2970	grad_norm:               334.9117
info_nce_loss:             0.4495	loss:                      3.1629	q_loss:                    2.8754	return_mean:              10.8284
return_std:                4.8195	test_ep_length_mean:     200.0000	test_episode_length_mean:199.0000	test_return_mean:         27.3326
test_return_std:           7.4604	
2026-06-07 02:57:03,560 - my_experiment - advP_Big_HybridComm_5M_44 - my_run - INFO - t_env: 750200 / 5050000
2026-06-07 02:57:03,560 - my_experiment - advP_Big_HybridComm_5M_44 - my_run - INFO - Estimated time left: 1 days, 9 hours, 35 minutes, 24 seconds. Time passed: 5 hours, 53 minutes, 5 seconds
2026-06-07 03:20:22,445 - my_experiment - advP_Big_HybridComm_5M_44 - my_run - INFO - Recent Stats | t_env:     800000 | Episode:     4000
ep_length_mean:          200.0000	episode_length_mean:     199.0000	epsilon:                   0.2495	grad_norm:               339.1380
info_nce_loss:             0.3986	loss:                      2.7238	q_loss:                    2.4762	return_mean:              16.5124
return_std:                4.0005	test_ep_length_mean:     200.0000	test_episode_length_mean:199.0000	test_return_mean:         30.9017
test_return_std:           7.6506	
2026-06-07 03:20:27,795 - my_experiment - advP_Big_HybridComm_5M_44 - my_run - INFO - t_env: 800200 / 5050000
2026-06-07 03:20:27,796 - my_experiment - advP_Big_HybridComm_5M_44 - my_run - INFO - Estimated time left: 1 days, 9 hours, 9 minutes, 14 seconds. Time passed: 6 hours, 16 minutes, 29 seconds
2026-06-07 03:43:49,003 - my_experiment - advP_Big_HybridComm_5M_44 - my_run - INFO - Recent Stats | t_env:     850000 | Episode:     4250
ep_length_mean:          200.0000	episode_length_mean:     199.0000	epsilon:                   0.2020	grad_norm:               459.6249
info_nce_loss:             0.5890	loss:                      3.6850	q_loss:                    3.3500	return_mean:              20.0963
return_std:                4.1419	test_ep_length_mean:     200.0000	test_episode_length_mean:199.0000	test_return_mean:         35.1068
test_return_std:           7.1579	
2026-06-07 03:43:54,324 - my_experiment - advP_Big_HybridComm_5M_44 - my_run - INFO - t_env: 850200 / 5050000
2026-06-07 03:43:54,325 - my_experiment - advP_Big_HybridComm_5M_44 - my_run - INFO - Estimated time left: 1 days, 8 hours, 49 minutes, 2 seconds. Time passed: 6 hours, 39 minutes, 55 seconds
2026-06-07 04:07:14,970 - my_experiment - advP_Big_HybridComm_5M_44 - my_run - INFO - Recent Stats | t_env:     900000 | Episode:     4500
ep_length_mean:          200.0000	episode_length_mean:     199.0000	epsilon:                   0.1545	grad_norm:               399.1897
info_nce_loss:             0.4874	loss:                      2.9038	q_loss:                    2.6399	return_mean:              23.6460
return_std:                4.9534	test_ep_length_mean:     200.0000	test_episode_length_mean:199.0000	test_return_mean:         36.9615
test_return_std:           7.4390	
2026-06-07 04:07:20,308 - my_experiment - advP_Big_HybridComm_5M_44 - my_run - INFO - t_env: 900200 / 5050000
2026-06-07 04:07:20,309 - my_experiment - advP_Big_HybridComm_5M_44 - my_run - INFO - Estimated time left: 1 days, 8 hours, 24 minutes, 51 seconds. Time passed: 7 hours, 3 minutes, 21 seconds
2026-06-07 04:30:40,569 - my_experiment - advP_Big_HybridComm_5M_44 - my_run - INFO - Recent Stats | t_env:     950000 | Episode:     4750
ep_length_mean:          200.0000	episode_length_mean:     199.0000	epsilon:                   0.1070	grad_norm:               478.5694
info_nce_loss:             0.2909	loss:                      3.0407	q_loss:                    2.7643	return_mean:              27.8172
return_std:                5.6499	test_ep_length_mean:     200.0000	test_episode_length_mean:199.0000	test_return_mean:         40.9392
test_return_std:           7.4659	
2026-06-07 04:30:45,914 - my_experiment - advP_Big_HybridComm_5M_44 - my_run - INFO - t_env: 950200 / 5050000
2026-06-07 04:30:45,915 - my_experiment - advP_Big_HybridComm_5M_44 - my_run - INFO - Estimated time left: 1 days, 8 hours, 54 seconds. Time passed: 7 hours, 26 minutes, 47 seconds
2026-06-07 04:54:07,928 - my_experiment - advP_Big_HybridComm_5M_44 - my_run - INFO - Recent Stats | t_env:    1000000 | Episode:     5000
ep_length_mean:          200.0000	episode_length_mean:     199.0000	epsilon:                   0.0595	grad_norm:               431.2812
info_nce_loss:             0.2923	loss:                      2.6320	q_loss:                    2.3928	return_mean:              30.7178
return_std:                7.6870	test_ep_length_mean:     200.0000	test_episode_length_mean:199.0000	test_return_mean:         41.4506
test_return_std:           7.6614	
2026-06-07 04:54:13,293 - my_experiment - advP_Big_HybridComm_5M_44 - my_run - INFO - t_env: 1000200 / 5050000
2026-06-07 04:54:13,294 - my_experiment - advP_Big_HybridComm_5M_44 - my_run - INFO - Estimated time left: 1 days, 7 hours, 39 minutes, 52 seconds. Time passed: 7 hours, 50 minutes, 14 seconds
2026-06-07 04:55:27,280 - my_experiment - advP_Big_HybridComm_5M_44 - my_run - INFO - Saving models to work_dirs/my_experiment/advP_Big_HybridComm_5M_44/my_run/20260606_210348/models/1000200
2026-06-07 05:17:34,732 - my_experiment - advP_Big_HybridComm_5M_44 - my_run - INFO - Recent Stats | t_env:    1050000 | Episode:     5250
ep_length_mean:          200.0000	episode_length_mean:     199.0000	epsilon:                   0.0500	grad_norm:               343.4149
info_nce_loss:             0.3635	loss:                      2.2048	q_loss:                    2.0043	return_mean:              36.3948
return_std:                7.7458	test_ep_length_mean:     200.0000	test_episode_length_mean:199.0000	test_return_mean:         43.3554
test_return_std:           6.9885	
2026-06-07 05:17:40,076 - my_experiment - advP_Big_HybridComm_5M_44 - my_run - INFO - t_env: 1050200 / 5050000
2026-06-07 05:17:40,077 - my_experiment - advP_Big_HybridComm_5M_44 - my_run - INFO - Estimated time left: 1 days, 7 hours, 15 minutes, 36 seconds. Time passed: 8 hours, 13 minutes, 41 seconds
2026-06-07 05:41:01,473 - my_experiment - advP_Big_HybridComm_5M_44 - my_run - INFO - Recent Stats | t_env:    1100000 | Episode:     5500
ep_length_mean:          200.0000	episode_length_mean:     199.0000	epsilon:                   0.0500	grad_norm:               403.0598
info_nce_loss:             0.3720	loss:                      2.4618	q_loss:                    2.2380	return_mean:              42.4186
return_std:                6.7582	test_ep_length_mean:     200.0000	test_episode_length_mean:199.0000	test_return_mean:         41.1375
test_return_std:           6.9706	
2026-06-07 05:41:06,786 - my_experiment - advP_Big_HybridComm_5M_44 - my_run - INFO - t_env: 1100200 / 5050000
2026-06-07 05:41:06,786 - my_experiment - advP_Big_HybridComm_5M_44 - my_run - INFO - Estimated time left: 1 days, 6 hours, 52 minutes, 4 seconds. Time passed: 8 hours, 37 minutes, 8 seconds
2026-06-07 06:04:27,339 - my_experiment - advP_Big_HybridComm_5M_44 - my_run - INFO - Recent Stats | t_env:    1150000 | Episode:     5750
ep_length_mean:          200.0000	episode_length_mean:     199.0000	epsilon:                   0.0500	grad_norm:               547.4982
info_nce_loss:             0.3963	loss:                      3.1897	q_loss:                    2.8997	return_mean:              35.3551
return_std:               11.0714	test_ep_length_mean:     200.0000	test_episode_length_mean:199.0000	test_return_mean:         35.1175
test_return_std:           7.1110	
2026-06-07 06:04:32,632 - my_experiment - advP_Big_HybridComm_5M_44 - my_run - INFO - t_env: 1150200 / 5050000
2026-06-07 06:04:32,633 - my_experiment - advP_Big_HybridComm_5M_44 - my_run - INFO - Estimated time left: 1 days, 6 hours, 27 minutes, 30 seconds. Time passed: 9 hours, 34 seconds
2026-06-07 06:27:52,439 - my_experiment - advP_Big_HybridComm_5M_44 - my_run - INFO - Recent Stats | t_env:    1200000 | Episode:     6000
ep_length_mean:          200.0000	episode_length_mean:     199.0000	epsilon:                   0.0500	grad_norm:               481.5315
info_nce_loss:             0.4823	loss:                      2.8797	q_loss:                    2.6179	return_mean:              38.9214
return_std:                7.3339	test_ep_length_mean:     200.0000	test_episode_length_mean:199.0000	test_return_mean:         36.8843
test_return_std:           6.5941	
2026-06-07 06:27:57,774 - my_experiment - advP_Big_HybridComm_5M_44 - my_run - INFO - t_env: 1200200 / 5050000
2026-06-07 06:27:57,775 - my_experiment - advP_Big_HybridComm_5M_44 - my_run - INFO - Estimated time left: 1 days, 6 hours, 3 minutes, 10 seconds. Time passed: 9 hours, 23 minutes, 59 seconds
2026-06-07 06:51:18,655 - my_experiment - advP_Big_HybridComm_5M_44 - my_run - INFO - Recent Stats | t_env:    1250000 | Episode:     6250
ep_length_mean:          200.0000	episode_length_mean:     199.0000	epsilon:                   0.0500	grad_norm:               447.3642
info_nce_loss:             0.5118	loss:                      2.6608	q_loss:                    2.4189	return_mean:              36.1911
return_std:                6.8409	test_ep_length_mean:     200.0000	test_episode_length_mean:199.0000	test_return_mean:         38.0745
test_return_std:           6.5038	
2026-06-07 06:51:23,985 - my_experiment - advP_Big_HybridComm_5M_44 - my_run - INFO - t_env: 1250200 / 5050000
2026-06-07 06:51:23,986 - my_experiment - advP_Big_HybridComm_5M_44 - my_run - INFO - Estimated time left: 1 days, 5 hours, 41 minutes, 6 seconds. Time passed: 9 hours, 47 minutes, 25 seconds
2026-06-07 07:14:44,694 - my_experiment - advP_Big_HybridComm_5M_44 - my_run - INFO - Recent Stats | t_env:    1300000 | Episode:     6500
ep_length_mean:          200.0000	episode_length_mean:     199.0000	epsilon:                   0.0500	grad_norm:               697.1512
info_nce_loss:             0.2289	loss:                      4.2194	q_loss:                    3.8358	return_mean:              36.1429
return_std:                6.0579	test_ep_length_mean:     200.0000	test_episode_length_mean:199.0000	test_return_mean:         37.8662
test_return_std:           6.8278	
2026-06-07 07:14:50,019 - my_experiment - advP_Big_HybridComm_5M_44 - my_run - INFO - t_env: 1300200 / 5050000
2026-06-07 07:14:50,020 - my_experiment - advP_Big_HybridComm_5M_44 - my_run - INFO - Estimated time left: 1 days, 5 hours, 17 minutes, 26 seconds. Time passed: 10 hours, 10 minutes, 51 seconds
2026-06-07 07:38:10,726 - my_experiment - advP_Big_HybridComm_5M_44 - my_run - INFO - Recent Stats | t_env:    1350000 | Episode:     6750
ep_length_mean:          200.0000	episode_length_mean:     199.0000	epsilon:                   0.0500	grad_norm:               556.6081
info_nce_loss:             0.3201	loss:                      3.4561	q_loss:                    3.1419	return_mean:              34.6255
return_std:                6.4905	test_ep_length_mean:     200.0000	test_episode_length_mean:199.0000	test_return_mean:         39.6394
test_return_std:           6.9665	
2026-06-07 07:38:16,072 - my_experiment - advP_Big_HybridComm_5M_44 - my_run - INFO - t_env: 1350200 / 5050000
2026-06-07 07:38:16,072 - my_experiment - advP_Big_HybridComm_5M_44 - my_run - INFO - Estimated time left: 1 days, 4 hours, 54 minutes, 2 seconds. Time passed: 10 hours, 34 minutes, 17 seconds
2026-06-07 08:01:36,180 - my_experiment - advP_Big_HybridComm_5M_44 - my_run - INFO - Recent Stats | t_env:    1400000 | Episode:     7000
ep_length_mean:          200.0000	episode_length_mean:     199.0000	epsilon:                   0.0500	grad_norm:               583.6496
info_nce_loss:             0.3558	loss:                      2.8242	q_loss:                    2.5675	return_mean:              33.8858
return_std:                7.0972	test_ep_length_mean:     200.0000	test_episode_length_mean:199.0000	test_return_mean:         45.7833
test_return_std:           7.0042	
2026-06-07 08:01:41,525 - my_experiment - advP_Big_HybridComm_5M_44 - my_run - INFO - t_env: 1400200 / 5050000
2026-06-07 08:01:41,526 - my_experiment - advP_Big_HybridComm_5M_44 - my_run - INFO - Estimated time left: 1 days, 4 hours, 29 minutes, 52 seconds. Time passed: 10 hours, 57 minutes, 43 seconds
2026-06-07 08:25:02,824 - my_experiment - advP_Big_HybridComm_5M_44 - my_run - INFO - Recent Stats | t_env:    1450000 | Episode:     7250
ep_length_mean:          200.0000	episode_length_mean:     199.0000	epsilon:                   0.0500	grad_norm:               377.1583
info_nce_loss:             0.2989	loss:                      1.6564	q_loss:                    1.5058	return_mean:              33.6311
return_std:                6.9487	test_ep_length_mean:     200.0000	test_episode_length_mean:199.0000	test_return_mean:         44.3572
test_return_std:           7.0460	
2026-06-07 08:25:08,152 - my_experiment - advP_Big_HybridComm_5M_44 - my_run - INFO - t_env: 1450200 / 5050000
2026-06-07 08:25:08,154 - my_experiment - advP_Big_HybridComm_5M_44 - my_run - INFO - Estimated time left: 1 days, 4 hours, 7 minutes, 51 seconds. Time passed: 11 hours, 21 minutes, 9 seconds
2026-06-07 08:48:28,885 - my_experiment - advP_Big_HybridComm_5M_44 - my_run - INFO - Recent Stats | t_env:    1500000 | Episode:     7500
ep_length_mean:          200.0000	episode_length_mean:     199.0000	epsilon:                   0.0500	grad_norm:               397.2500
info_nce_loss:             0.2691	loss:                      2.3147	q_loss:                    2.1043	return_mean:              31.1165
return_std:                7.9414	test_ep_length_mean:     200.0000	test_episode_length_mean:199.0000	test_return_mean:         41.6131
test_return_std:           6.8622	
2026-06-07 08:48:34,231 - my_experiment - advP_Big_HybridComm_5M_44 - my_run - INFO - t_env: 1500200 / 5050000
2026-06-07 08:48:34,232 - my_experiment - advP_Big_HybridComm_5M_44 - my_run - INFO - Estimated time left: 1 days, 3 hours, 43 minutes, 45 seconds. Time passed: 11 hours, 44 minutes, 35 seconds
2026-06-07 08:49:48,259 - my_experiment - advP_Big_HybridComm_5M_44 - my_run - INFO - Saving models to work_dirs/my_experiment/advP_Big_HybridComm_5M_44/my_run/20260606_210348/models/1500200
2026-06-07 09:11:55,836 - my_experiment - advP_Big_HybridComm_5M_44 - my_run - INFO - Recent Stats | t_env:    1550000 | Episode:     7750
ep_length_mean:          200.0000	episode_length_mean:     199.0000	epsilon:                   0.0500	grad_norm:               534.1030
info_nce_loss:             0.3524	loss:                      2.2283	q_loss:                    2.0257	return_mean:              32.3003
return_std:                8.0126	test_ep_length_mean:     200.0000	test_episode_length_mean:199.0000	test_return_mean:         41.3064
test_return_std:           6.5286	
2026-06-07 09:12:01,149 - my_experiment - advP_Big_HybridComm_5M_44 - my_run - INFO - t_env: 1550200 / 5050000
2026-06-07 09:12:01,150 - my_experiment - advP_Big_HybridComm_5M_44 - my_run - INFO - Estimated time left: 1 days, 3 hours, 21 minutes, 18 seconds. Time passed: 12 hours, 8 minutes, 2 seconds
2026-06-07 09:35:19,986 - my_experiment - advP_Big_HybridComm_5M_44 - my_run - INFO - Recent Stats | t_env:    1600000 | Episode:     8000
ep_length_mean:          200.0000	episode_length_mean:     199.0000	epsilon:                   0.0500	grad_norm:               358.8411
info_nce_loss:             0.2499	loss:                      1.6903	q_loss:                    1.5366	return_mean:              28.7484
return_std:               10.3360	test_ep_length_mean:     200.0000	test_episode_length_mean:199.0000	test_return_mean:         39.1098
test_return_std:           6.5225	
2026-06-07 09:35:25,279 - my_experiment - advP_Big_HybridComm_5M_44 - my_run - INFO - t_env: 1600200 / 5050000
2026-06-07 09:35:25,280 - my_experiment - advP_Big_HybridComm_5M_44 - my_run - INFO - Estimated time left: 1 days, 2 hours, 54 minutes, 39 seconds. Time passed: 12 hours, 31 minutes, 26 seconds
2026-06-07 09:58:37,433 - my_experiment - advP_Big_HybridComm_5M_44 - my_run - INFO - Recent Stats | t_env:    1650000 | Episode:     8250
ep_length_mean:          200.0000	episode_length_mean:     199.0000	epsilon:                   0.0500	grad_norm:               316.5916
info_nce_loss:             0.1035	loss:                      1.6170	q_loss:                    1.4700	return_mean:              27.9893
return_std:               10.0114	test_ep_length_mean:     200.0000	test_episode_length_mean:199.0000	test_return_mean:         34.4927
test_return_std:           5.9681	
2026-06-07 09:58:42,747 - my_experiment - advP_Big_HybridComm_5M_44 - my_run - INFO - t_env: 1650200 / 5050000
2026-06-07 09:58:42,748 - my_experiment - advP_Big_HybridComm_5M_44 - my_run - INFO - Estimated time left: 1 days, 2 hours, 23 minutes, 42 seconds. Time passed: 12 hours, 54 minutes, 44 seconds
2026-06-07 10:21:56,151 - my_experiment - advP_Big_HybridComm_5M_44 - my_run - INFO - Recent Stats | t_env:    1700000 | Episode:     8500
ep_length_mean:          200.0000	episode_length_mean:     199.0000	epsilon:                   0.0500	grad_norm:               352.1547
info_nce_loss:             0.3504	loss:                      1.2709	q_loss:                    1.1554	return_mean:              37.3019
return_std:                7.0044	test_ep_length_mean:     200.0000	test_episode_length_mean:199.0000	test_return_mean:         34.5471
test_return_std:           6.1661	
2026-06-07 10:22:01,466 - my_experiment - advP_Big_HybridComm_5M_44 - my_run - INFO - t_env: 1700200 / 5050000
2026-06-07 10:22:01,467 - my_experiment - advP_Big_HybridComm_5M_44 - my_run - INFO - Estimated time left: 1 days, 2 hours, 1 minutes, 48 seconds. Time passed: 13 hours, 18 minutes, 3 seconds
2026-06-07 10:45:15,144 - my_experiment - advP_Big_HybridComm_5M_44 - my_run - INFO - Recent Stats | t_env:    1750000 | Episode:     8750
ep_length_mean:          200.0000	episode_length_mean:     199.0000	epsilon:                   0.0500	grad_norm:               453.3720
info_nce_loss:             0.2239	loss:                      2.0459	q_loss:                    1.8599	return_mean:              34.9823
return_std:                6.7913	test_ep_length_mean:     200.0000	test_episode_length_mean:199.0000	test_return_mean:         37.2189
test_return_std:           5.9694	
2026-06-07 10:45:20,470 - my_experiment - advP_Big_HybridComm_5M_44 - my_run - INFO - t_env: 1750200 / 5050000
2026-06-07 10:45:20,471 - my_experiment - advP_Big_HybridComm_5M_44 - my_run - INFO - Estimated time left: 1 days, 1 hours, 38 minutes, 48 seconds. Time passed: 13 hours, 41 minutes, 22 seconds
2026-06-07 11:08:33,908 - my_experiment - advP_Big_HybridComm_5M_44 - my_run - INFO - Recent Stats | t_env:    1800000 | Episode:     9000
ep_length_mean:          200.0000	episode_length_mean:     199.0000	epsilon:                   0.0500	grad_norm:               312.2077
info_nce_loss:             0.1968	loss:                      1.4636	q_loss:                    1.3306	return_mean:              37.4853
return_std:                7.7965	test_ep_length_mean:     200.0000	test_episode_length_mean:199.0000	test_return_mean:         38.3854
test_return_std:           6.7596	
2026-06-07 11:08:39,187 - my_experiment - advP_Big_HybridComm_5M_44 - my_run - INFO - t_env: 1800200 / 5050000
2026-06-07 11:08:39,188 - my_experiment - advP_Big_HybridComm_5M_44 - my_run - INFO - Estimated time left: 1 days, 1 hours, 15 minutes, 11 seconds. Time passed: 14 hours, 4 minutes, 40 seconds
2026-06-07 11:31:48,573 - my_experiment - advP_Big_HybridComm_5M_44 - my_run - INFO - Recent Stats | t_env:    1850000 | Episode:     9250
ep_length_mean:          200.0000	episode_length_mean:     199.0000	epsilon:                   0.0500	grad_norm:               464.0242
info_nce_loss:             0.2711	loss:                      2.1179	q_loss:                    1.9253	return_mean:              36.4185
return_std:                8.6689	test_ep_length_mean:     200.0000	test_episode_length_mean:199.0000	test_return_mean:         41.6483
test_return_std:           6.9906	
2026-06-07 11:31:53,874 - my_experiment - advP_Big_HybridComm_5M_44 - my_run - INFO - t_env: 1850200 / 5050000
2026-06-07 11:31:53,875 - my_experiment - advP_Big_HybridComm_5M_44 - my_run - INFO - Estimated time left: 1 days, 47 minutes, 34 seconds. Time passed: 14 hours, 27 minutes, 55 seconds
2026-06-07 11:55:03,565 - my_experiment - advP_Big_HybridComm_5M_44 - my_run - INFO - Recent Stats | t_env:    1900000 | Episode:     9500
ep_length_mean:          200.0000	episode_length_mean:     199.0000	epsilon:                   0.0500	grad_norm:               317.3585
info_nce_loss:             0.2644	loss:                      1.5736	q_loss:                    1.4305	return_mean:              39.4348
return_std:                7.3884	test_ep_length_mean:     200.0000	test_episode_length_mean:199.0000	test_return_mean:         45.3243
test_return_std:           7.3477	
2026-06-07 11:55:08,884 - my_experiment - advP_Big_HybridComm_5M_44 - my_run - INFO - t_env: 1900200 / 5050000
2026-06-07 11:55:08,885 - my_experiment - advP_Big_HybridComm_5M_44 - my_run - INFO - Estimated time left: 1 days, 24 minutes, 40 seconds. Time passed: 14 hours, 51 minutes, 10 seconds
2026-06-07 12:18:18,570 - my_experiment - advP_Big_HybridComm_5M_44 - my_run - INFO - Recent Stats | t_env:    1950000 | Episode:     9750
ep_length_mean:          200.0000	episode_length_mean:     199.0000	epsilon:                   0.0500	grad_norm:               588.0427
info_nce_loss:             0.2696	loss:                      2.6495	q_loss:                    2.4086	return_mean:              38.9056
return_std:                7.6361	test_ep_length_mean:     200.0000	test_episode_length_mean:199.0000	test_return_mean:         45.3883
test_return_std:           7.3002	
2026-06-07 12:18:23,874 - my_experiment - advP_Big_HybridComm_5M_44 - my_run - INFO - t_env: 1950200 / 5050000
2026-06-07 12:18:23,875 - my_experiment - advP_Big_HybridComm_5M_44 - my_run - INFO - Estimated time left: 1 days, 1 minutes, 23 seconds. Time passed: 15 hours, 14 minutes, 25 seconds
2026-06-07 12:41:32,898 - my_experiment - advP_Big_HybridComm_5M_44 - my_run - INFO - Recent Stats | t_env:    2000000 | Episode:    10000
ep_length_mean:          200.0000	episode_length_mean:     199.0000	epsilon:                   0.0500	grad_norm:               550.2046
info_nce_loss:             0.4273	loss:                      2.2507	q_loss:                    2.0461	return_mean:              41.5503
return_std:                6.9296	test_ep_length_mean:     200.0000	test_episode_length_mean:199.0000	test_return_mean:         45.6598
test_return_std:           7.3433	
2026-06-07 12:41:38,199 - my_experiment - advP_Big_HybridComm_5M_44 - my_run - INFO - t_env: 2000200 / 5050000
2026-06-07 12:41:38,200 - my_experiment - advP_Big_HybridComm_5M_44 - my_run - INFO - Estimated time left: 23 hours, 37 minutes, 28 seconds. Time passed: 15 hours, 37 minutes, 39 seconds
2026-06-07 12:42:51,830 - my_experiment - advP_Big_HybridComm_5M_44 - my_run - INFO - Saving models to work_dirs/my_experiment/advP_Big_HybridComm_5M_44/my_run/20260606_210348/models/2000200
2026-06-07 13:04:48,463 - my_experiment - advP_Big_HybridComm_5M_44 - my_run - INFO - Recent Stats | t_env:    2050000 | Episode:    10250
ep_length_mean:          200.0000	episode_length_mean:     199.0000	epsilon:                   0.0500	grad_norm:               271.5461
info_nce_loss:             0.2429	loss:                      1.1351	q_loss:                    1.0320	return_mean:              40.2820
return_std:                6.2375	test_ep_length_mean:     200.0000	test_episode_length_mean:199.0000	test_return_mean:         44.5377
test_return_std:           6.9621	
2026-06-07 13:04:53,760 - my_experiment - advP_Big_HybridComm_5M_44 - my_run - INFO - t_env: 2050200 / 5050000
2026-06-07 13:04:53,761 - my_experiment - advP_Big_HybridComm_5M_44 - my_run - INFO - Estimated time left: 23 hours, 15 minutes, 28 seconds. Time passed: 16 hours, 55 seconds
2026-06-07 13:28:03,658 - my_experiment - advP_Big_HybridComm_5M_44 - my_run - INFO - Recent Stats | t_env:    2100000 | Episode:    10500
ep_length_mean:          200.0000	episode_length_mean:     199.0000	epsilon:                   0.0500	grad_norm:               408.7837
info_nce_loss:             0.4010	loss:                      1.9134	q_loss:                    1.7394	return_mean:              39.3340
return_std:                7.9889	test_ep_length_mean:     200.0000	test_episode_length_mean:199.0000	test_return_mean:         41.7603
test_return_std:           6.8634	
2026-06-07 13:28:08,955 - my_experiment - advP_Big_HybridComm_5M_44 - my_run - INFO - t_env: 2100200 / 5050000
2026-06-07 13:28:08,956 - my_experiment - advP_Big_HybridComm_5M_44 - my_run - INFO - Estimated time left: 22 hours, 51 minutes, 50 seconds. Time passed: 16 hours, 24 minutes, 10 seconds
2026-06-07 13:51:20,108 - my_experiment - advP_Big_HybridComm_5M_44 - my_run - INFO - Recent Stats | t_env:    2150000 | Episode:    10750
ep_length_mean:          200.0000	episode_length_mean:     199.0000	epsilon:                   0.0500	grad_norm:               314.1976
info_nce_loss:             0.2236	loss:                      1.1590	q_loss:                    1.0536	return_mean:              40.5556
return_std:                7.4973	test_ep_length_mean:     200.0000	test_episode_length_mean:199.0000	test_return_mean:         42.5755
test_return_std:           6.8593	
2026-06-07 13:51:25,413 - my_experiment - advP_Big_HybridComm_5M_44 - my_run - INFO - t_env: 2150200 / 5050000
2026-06-07 13:51:25,414 - my_experiment - advP_Big_HybridComm_5M_44 - my_run - INFO - Estimated time left: 22 hours, 29 minutes, 48 seconds. Time passed: 16 hours, 47 minutes, 26 seconds
2026-06-07 14:14:33,996 - my_experiment - advP_Big_HybridComm_5M_44 - my_run - INFO - Recent Stats | t_env:    2200000 | Episode:    11000
ep_length_mean:          200.0000	episode_length_mean:     199.0000	epsilon:                   0.0500	grad_norm:               206.8046
info_nce_loss:             0.2486	loss:                      1.0383	q_loss:                    0.9439	return_mean:              44.4152
return_std:                7.2723	test_ep_length_mean:     200.0000	test_episode_length_mean:199.0000	test_return_mean:         43.9886
test_return_std:           6.9533	
2026-06-07 14:14:39,301 - my_experiment - advP_Big_HybridComm_5M_44 - my_run - INFO - t_env: 2200200 / 5050000
2026-06-07 14:14:39,301 - my_experiment - advP_Big_HybridComm_5M_44 - my_run - INFO - Estimated time left: 22 hours, 4 minutes, 6 seconds. Time passed: 17 hours, 10 minutes, 40 seconds
2026-06-07 14:37:51,082 - my_experiment - advP_Big_HybridComm_5M_44 - my_run - INFO - Recent Stats | t_env:    2250000 | Episode:    11250
ep_length_mean:          200.0000	episode_length_mean:     199.0000	epsilon:                   0.0500	grad_norm:               288.3043
info_nce_loss:             0.1644	loss:                      1.2400	q_loss:                    1.1273	return_mean:              47.3430
return_std:                7.3228	test_ep_length_mean:     200.0000	test_episode_length_mean:199.0000	test_return_mean:         46.0792
test_return_std:           6.9720	
2026-06-07 14:37:56,398 - my_experiment - advP_Big_HybridComm_5M_44 - my_run - INFO - t_env: 2250200 / 5050000
2026-06-07 14:37:56,399 - my_experiment - advP_Big_HybridComm_5M_44 - my_run - INFO - Estimated time left: 21 hours, 43 minutes, 51 seconds. Time passed: 17 hours, 33 minutes, 57 seconds
2026-06-07 15:01:04,871 - my_experiment - advP_Big_HybridComm_5M_44 - my_run - INFO - Recent Stats | t_env:    2300000 | Episode:    11500
ep_length_mean:          200.0000	episode_length_mean:     199.0000	epsilon:                   0.0500	grad_norm:               412.9218
info_nce_loss:             0.1094	loss:                      1.8579	q_loss:                    1.6890	return_mean:              45.9805
return_std:                8.0444	test_ep_length_mean:     200.0000	test_episode_length_mean:199.0000	test_return_mean:         42.1322
test_return_std:           6.5094	
2026-06-07 15:01:10,163 - my_experiment - advP_Big_HybridComm_5M_44 - my_run - INFO - t_env: 2300200 / 5050000
2026-06-07 15:01:10,163 - my_experiment - advP_Big_HybridComm_5M_44 - my_run - INFO - Estimated time left: 21 hours, 17 minutes, 31 seconds. Time passed: 17 hours, 57 minutes, 11 seconds
2026-06-07 15:24:30,934 - my_experiment - advP_Big_HybridComm_5M_44 - my_run - INFO - Recent Stats | t_env:    2350000 | Episode:    11750
ep_length_mean:          200.0000	episode_length_mean:     199.0000	epsilon:                   0.0500	grad_norm:               429.0704
info_nce_loss:             0.2862	loss:                      1.9692	q_loss:                    1.7902	return_mean:              44.8712
return_std:                7.5497	test_ep_length_mean:     200.0000	test_episode_length_mean:199.0000	test_return_mean:         45.0320
test_return_std:           6.6970	
2026-06-07 15:24:36,289 - my_experiment - advP_Big_HybridComm_5M_44 - my_run - INFO - t_env: 2350200 / 5050000
2026-06-07 15:24:36,290 - my_experiment - advP_Big_HybridComm_5M_44 - my_run - INFO - Estimated time left: 21 hours, 5 minutes, 25 seconds. Time passed: 18 hours, 20 minutes, 37 seconds
2026-06-07 15:48:00,361 - my_experiment - advP_Big_HybridComm_5M_44 - my_run - INFO - Recent Stats | t_env:    2400000 | Episode:    12000
ep_length_mean:          200.0000	episode_length_mean:     199.0000	epsilon:                   0.0500	grad_norm:               360.5741
info_nce_loss:             0.3244	loss:                      1.4412	q_loss:                    1.3102	return_mean:              48.8674
return_std:                6.9719	test_ep_length_mean:     200.0000	test_episode_length_mean:199.0000	test_return_mean:         46.8364
test_return_std:           7.1431	
2026-06-07 15:48:05,743 - my_experiment - advP_Big_HybridComm_5M_44 - my_run - INFO - t_env: 2400200 / 5050000
2026-06-07 15:48:05,744 - my_experiment - advP_Big_HybridComm_5M_44 - my_run - INFO - Estimated time left: 20 hours, 44 minutes, 55 seconds. Time passed: 18 hours, 44 minutes, 7 seconds
2026-06-07 16:11:30,531 - my_experiment - advP_Big_HybridComm_5M_44 - my_run - INFO - Recent Stats | t_env:    2450000 | Episode:    12250
ep_length_mean:          200.0000	episode_length_mean:     199.0000	epsilon:                   0.0500	grad_norm:               359.7852
info_nce_loss:             0.2533	loss:                      1.8354	q_loss:                    1.6685	return_mean:              49.6796
return_std:                6.9157	test_ep_length_mean:     200.0000	test_episode_length_mean:199.0000	test_return_mean:         50.8060
test_return_std:           7.4455	
2026-06-07 16:11:35,862 - my_experiment - advP_Big_HybridComm_5M_44 - my_run - INFO - t_env: 2450200 / 5050000
2026-06-07 16:11:35,863 - my_experiment - advP_Big_HybridComm_5M_44 - my_run - INFO - Estimated time left: 20 hours, 22 minutes, 0 seconds. Time passed: 19 hours, 7 minutes, 37 seconds
2026-06-07 16:34:59,833 - my_experiment - advP_Big_HybridComm_5M_44 - my_run - INFO - Recent Stats | t_env:    2500000 | Episode:    12500
ep_length_mean:          200.0000	episode_length_mean:     199.0000	epsilon:                   0.0500	grad_norm:               276.6749
info_nce_loss:             0.0576	loss:                      1.9408	q_loss:                    1.7644	return_mean:              44.7724
return_std:                8.7563	test_ep_length_mean:     200.0000	test_episode_length_mean:199.0000	test_return_mean:         49.2675
test_return_std:           7.8057	
2026-06-07 16:35:05,224 - my_experiment - advP_Big_HybridComm_5M_44 - my_run - INFO - t_env: 2500200 / 5050000
2026-06-07 16:35:05,224 - my_experiment - advP_Big_HybridComm_5M_44 - my_run - INFO - Estimated time left: 19 hours, 57 minutes, 51 seconds. Time passed: 19 hours, 31 minutes, 6 seconds
2026-06-07 16:36:18,760 - my_experiment - advP_Big_HybridComm_5M_44 - my_run - INFO - Saving models to work_dirs/my_experiment/advP_Big_HybridComm_5M_44/my_run/20260606_210348/models/2500200
2026-06-07 16:58:21,421 - my_experiment - advP_Big_HybridComm_5M_44 - my_run - INFO - Recent Stats | t_env:    2550000 | Episode:    12750
ep_length_mean:          200.0000	episode_length_mean:     199.0000	epsilon:                   0.0500	grad_norm:               421.7801
info_nce_loss:             0.2062	loss:                      2.1103	q_loss:                    1.9185	return_mean:              44.6793
return_std:                8.2468	test_ep_length_mean:     200.0000	test_episode_length_mean:199.0000	test_return_mean:         56.8583
test_return_std:           8.4963	
2026-06-07 16:58:26,711 - my_experiment - advP_Big_HybridComm_5M_44 - my_run - INFO - t_env: 2550200 / 5050000
2026-06-07 16:58:26,711 - my_experiment - advP_Big_HybridComm_5M_44 - my_run - INFO - Estimated time left: 19 hours, 27 minutes, 48 seconds. Time passed: 19 hours, 54 minutes, 28 seconds
2026-06-07 17:21:37,148 - my_experiment - advP_Big_HybridComm_5M_44 - my_run - INFO - Recent Stats | t_env:    2600000 | Episode:    13000
ep_length_mean:          200.0000	episode_length_mean:     199.0000	epsilon:                   0.0500	grad_norm:               395.7094
info_nce_loss:             0.2188	loss:                      1.9226	q_loss:                    1.7479	return_mean:              46.3631
return_std:                8.3513	test_ep_length_mean:     200.0000	test_episode_length_mean:199.0000	test_return_mean:         57.5448
test_return_std:           8.5036	
2026-06-07 17:21:42,429 - my_experiment - advP_Big_HybridComm_5M_44 - my_run - INFO - t_env: 2600200 / 5050000
2026-06-07 17:21:42,430 - my_experiment - advP_Big_HybridComm_5M_44 - my_run - INFO - Estimated time left: 18 hours, 59 minutes, 44 seconds. Time passed: 20 hours, 17 minutes, 43 seconds
2026-06-07 17:44:52,764 - my_experiment - advP_Big_HybridComm_5M_44 - my_run - INFO - Recent Stats | t_env:    2650000 | Episode:    13250
ep_length_mean:          200.0000	episode_length_mean:     199.0000	epsilon:                   0.0500	grad_norm:               377.8904
info_nce_loss:             0.4084	loss:                      1.9184	q_loss:                    1.7440	return_mean:              47.1225
return_std:                7.9488	test_ep_length_mean:     200.0000	test_episode_length_mean:199.0000	test_return_mean:         56.7224
test_return_std:           8.0785	
2026-06-07 17:44:58,042 - my_experiment - advP_Big_HybridComm_5M_44 - my_run - INFO - t_env: 2650200 / 5050000
2026-06-07 17:44:58,043 - my_experiment - advP_Big_HybridComm_5M_44 - my_run - INFO - Estimated time left: 18 hours, 36 minutes, 23 seconds. Time passed: 20 hours, 40 minutes, 59 seconds
2026-06-07 18:08:08,039 - my_experiment - advP_Big_HybridComm_5M_44 - my_run - INFO - Recent Stats | t_env:    2700000 | Episode:    13500
ep_length_mean:          200.0000	episode_length_mean:     199.0000	epsilon:                   0.0500	grad_norm:               317.1968
info_nce_loss:             0.1588	loss:                      1.3601	q_loss:                    1.2365	return_mean:              48.5943
return_std:                7.8657	test_ep_length_mean:     200.0000	test_episode_length_mean:199.0000	test_return_mean:         49.9089
test_return_std:           7.9333	
2026-06-07 18:08:13,309 - my_experiment - advP_Big_HybridComm_5M_44 - my_run - INFO - t_env: 2700200 / 5050000
2026-06-07 18:08:13,309 - my_experiment - advP_Big_HybridComm_5M_44 - my_run - INFO - Estimated time left: 18 hours, 12 minutes, 51 seconds. Time passed: 21 hours, 4 minutes, 14 seconds
2026-06-07 18:31:23,043 - my_experiment - advP_Big_HybridComm_5M_44 - my_run - INFO - Recent Stats | t_env:    2750000 | Episode:    13750
ep_length_mean:          200.0000	episode_length_mean:     199.0000	epsilon:                   0.0500	grad_norm:               372.9155
info_nce_loss:             0.1617	loss:                      1.9817	q_loss:                    1.8015	return_mean:              43.6155
return_std:                7.9868	test_ep_length_mean:     200.0000	test_episode_length_mean:199.0000	test_return_mean:         46.0989
test_return_std:           7.4059	
2026-06-07 18:31:28,314 - my_experiment - advP_Big_HybridComm_5M_44 - my_run - INFO - t_env: 2750200 / 5050000
2026-06-07 18:31:28,315 - my_experiment - advP_Big_HybridComm_5M_44 - my_run - INFO - Estimated time left: 17 hours, 49 minutes, 24 seconds. Time passed: 21 hours, 27 minutes, 29 seconds
2026-06-07 18:54:38,508 - my_experiment - advP_Big_HybridComm_5M_44 - my_run - INFO - Recent Stats | t_env:    2800000 | Episode:    14000
ep_length_mean:          200.0000	episode_length_mean:     199.0000	epsilon:                   0.0500	grad_norm:               321.0232
info_nce_loss:             0.1556	loss:                      1.3470	q_loss:                    1.2245	return_mean:              50.6732
return_std:                7.3320	test_ep_length_mean:     200.0000	test_episode_length_mean:199.0000	test_return_mean:         45.8514
test_return_std:           7.1893	
2026-06-07 18:54:43,805 - my_experiment - advP_Big_HybridComm_5M_44 - my_run - INFO - t_env: 2800200 / 5050000
2026-06-07 18:54:43,806 - my_experiment - advP_Big_HybridComm_5M_44 - my_run - INFO - Estimated time left: 17 hours, 26 minutes, 31 seconds. Time passed: 21 hours, 50 minutes, 45 seconds
2026-06-07 19:17:53,961 - my_experiment - advP_Big_HybridComm_5M_44 - my_run - INFO - Recent Stats | t_env:    2850000 | Episode:    14250
ep_length_mean:          200.0000	episode_length_mean:     199.0000	epsilon:                   0.0500	grad_norm:               226.7539
info_nce_loss:             0.2126	loss:                      1.4331	q_loss:                    1.3028	return_mean:              51.1796
return_std:                8.1376	test_ep_length_mean:     200.0000	test_episode_length_mean:199.0000	test_return_mean:         47.5921
test_return_std:           7.8318	
2026-06-07 19:17:59,266 - my_experiment - advP_Big_HybridComm_5M_44 - my_run - INFO - t_env: 2850200 / 5050000
2026-06-07 19:17:59,267 - my_experiment - advP_Big_HybridComm_5M_44 - my_run - INFO - Estimated time left: 17 hours, 3 minutes, 14 seconds. Time passed: 22 hours, 14 minutes, 0 seconds
2026-06-07 19:41:09,705 - my_experiment - advP_Big_HybridComm_5M_44 - my_run - INFO - Recent Stats | t_env:    2900000 | Episode:    14500
ep_length_mean:          200.0000	episode_length_mean:     199.0000	epsilon:                   0.0500	grad_norm:               261.1301
info_nce_loss:             0.1439	loss:                      1.3719	q_loss:                    1.2471	return_mean:              53.3608
return_std:                8.8030	test_ep_length_mean:     200.0000	test_episode_length_mean:199.0000	test_return_mean:         49.6308
test_return_std:           8.0425	
2026-06-07 19:41:15,001 - my_experiment - advP_Big_HybridComm_5M_44 - my_run - INFO - t_env: 2900200 / 5050000
2026-06-07 19:41:15,002 - my_experiment - advP_Big_HybridComm_5M_44 - my_run - INFO - Estimated time left: 16 hours, 40 minutes, 11 seconds. Time passed: 22 hours, 37 minutes, 16 seconds
2026-06-07 20:04:25,726 - my_experiment - advP_Big_HybridComm_5M_44 - my_run - INFO - Recent Stats | t_env:    2950000 | Episode:    14750
ep_length_mean:          200.0000	episode_length_mean:     199.0000	epsilon:                   0.0500	grad_norm:               343.9482
info_nce_loss:             0.3131	loss:                      1.6194	q_loss:                    1.4722	return_mean:              52.8302
return_std:                8.5851	test_ep_length_mean:     200.0000	test_episode_length_mean:199.0000	test_return_mean:         53.8855
test_return_std:           8.3062	
2026-06-07 20:04:31,029 - my_experiment - advP_Big_HybridComm_5M_44 - my_run - INFO - t_env: 2950200 / 5050000
2026-06-07 20:04:31,030 - my_experiment - advP_Big_HybridComm_5M_44 - my_run - INFO - Estimated time left: 16 hours, 17 minutes, 7 seconds. Time passed: 23 hours, 32 seconds
2026-06-07 20:27:41,603 - my_experiment - advP_Big_HybridComm_5M_44 - my_run - INFO - Recent Stats | t_env:    3000000 | Episode:    15000
ep_length_mean:          200.0000	episode_length_mean:     199.0000	epsilon:                   0.0500	grad_norm:               260.8871
info_nce_loss:             0.1961	loss:                      1.2217	q_loss:                    1.1106	return_mean:              53.5265
return_std:                7.7167	test_ep_length_mean:     200.0000	test_episode_length_mean:199.0000	test_return_mean:         60.9740
test_return_std:           8.9483	
2026-06-07 20:27:46,932 - my_experiment - advP_Big_HybridComm_5M_44 - my_run - INFO - t_env: 3000200 / 5050000
2026-06-07 20:27:46,933 - my_experiment - advP_Big_HybridComm_5M_44 - my_run - INFO - Estimated time left: 15 hours, 53 minutes, 46 seconds. Time passed: 23 hours, 23 minutes, 48 seconds
2026-06-07 20:29:00,564 - my_experiment - advP_Big_HybridComm_5M_44 - my_run - INFO - Saving models to work_dirs/my_experiment/advP_Big_HybridComm_5M_44/my_run/20260606_210348/models/3000200
2026-06-07 20:50:57,462 - my_experiment - advP_Big_HybridComm_5M_44 - my_run - INFO - Recent Stats | t_env:    3050000 | Episode:    15250
ep_length_mean:          200.0000	episode_length_mean:     199.0000	epsilon:                   0.0500	grad_norm:               183.5125
info_nce_loss:             0.2229	loss:                      1.1377	q_loss:                    1.0343	return_mean:              52.4450
return_std:                7.5883	test_ep_length_mean:     200.0000	test_episode_length_mean:199.0000	test_return_mean:         62.3005
test_return_std:           8.7203	
2026-06-07 20:51:02,760 - my_experiment - advP_Big_HybridComm_5M_44 - my_run - INFO - t_env: 3050200 / 5050000
2026-06-07 20:51:02,760 - my_experiment - advP_Big_HybridComm_5M_44 - my_run - INFO - Estimated time left: 15 hours, 30 minutes, 27 seconds. Time passed: 23 hours, 47 minutes, 4 seconds
slurmstepd: error: *** JOB 2072543 ON tikgpu06 CANCELLED AT 2026-06-07T21:04:02 DUE TO TIME LIMIT ***
