Gym has been unmaintained since 2022 and does not support NumPy 2.0 amongst other critical functionality.
Please upgrade to Gymnasium, the maintained drop-in replacement of Gym, or contact the authors of your software and request that they upgrade.
Users of this version of Gym should be able to simply replace 'import gym' with 'import gymnasium as gym' in the vast majority of cases.
See the migration guide at https://gymnasium.farama.org/introduction/migration_guide/ for additional information.
src/main.py:81: DeprecationWarning: Using or importing the ABCs from 'collections' instead of from 'collections.abc' is deprecated since Python 3.3, and in 3.10 it will stop working
  if isinstance(v, collections.Mapping):
wandb: [wandb.login()] Loaded credentials for https://api.wandb.ai from /home/pparsons/.netrc.
wandb: Currently logged in as: peterparsons02 (peterparsons02-eth-z-rich) to https://api.wandb.ai. Use `wandb login --relogin` to force relogin
wandb: setting up run xo4ltluf
wandb: Tracking run with wandb version 0.24.1
wandb: Run data is saved locally in /usr/itetnas04/data-scratch-01/pparsons/data/MyExpoComm/wandb/run-20260314_205715-xo4ltluf
wandb: Run `wandb offline` to turn off syncing.
wandb: Syncing run my_run-advP_HybridComm_5M-20260314_205714
wandb: ⭐️ View project at https://wandb.ai/peterparsons02-eth-z-rich/my_experiment
wandb: 🚀 View run at https://wandb.ai/peterparsons02-eth-z-rich/my_experiment/runs/xo4ltluf
2026-03-14 20:57:17,983 - my_experiment - advP_HybridComm_5M - my_run - INFO - Current directory: /usr/itetnas04/data-scratch-01/pparsons/data/MyExpoComm.
2026-03-14 20:57:17,984 - my_experiment - advP_HybridComm_5M - my_run - INFO - Experiment Parameters:
2026-03-14 20:57:17,986 - my_experiment - advP_HybridComm_5M - my_run - INFO - 

{   'action_selector': 'epsilon_greedy',
    'add_value_last_step': True,
    'agent': 'ExpoComm_one_peer_cont',
    'agent_output_type': 'q',
    'attention_dim': 32,
    'aux_coef': 0.1,
    'batch_size': 32,
    'batch_size_run': 1,
    'buffer_cpu_only': True,
    'buffer_size': 5000,
    'checkpoint_path': '',
    'double_q': True,
    'env': 'MAgent_AdvPursuit',
    'env_args': {   'global_reward': False,
                    'map_name': 'adversarial_pursuit_view8',
                    'map_size': 45,
                    'max_cycles': 200,
                    'minimap_mode': True,
                    'pretrained_ckpt': 'prey_params.pt',
                    'seed': 42},
    'epsilon_anneal_time': 1000000,
    'epsilon_finish': 0.05,
    'epsilon_start': 1.0,
    'evaluate': False,
    'evaluation_epsilon': 0.0,
    'exp_name': 'my_experiment',
    'gamma': 0.99,
    'global_reward': True,
    'grad_norm_clip': 10,
    'hidden_dim': 64,
    'hypergroup': None,
    'label': 'default_label',
    'learner': 'hybrid_comm_learner',
    'learner_log_interval': 10000,
    'load_step': 0,
    'local_results_path': 'results',
    'log_interval': 50000,
    'lr': 0.0005,
    'mac': 'ExpoComm_mac',
    'mixer': None,
    'name': 'advP_HybridComm_5M',
    'neg_num': 20,
    'obs_agent_id': True,
    'obs_individual_obs': False,
    'obs_last_action': True,
    'one_peer': True,
    'optim_alpha': 0.99,
    'optim_eps': 1e-05,
    'render': False,
    'repeat_id': 1,
    'run_name': 'my_run',
    'runner': 'episode',
    'runner_log_interval': 10000,
    'save_model': True,
    'save_model_interval': 200000,
    'save_replay': False,
    'seed': 42,
    'standardise_returns': False,
    'standardise_rewards': True,
    't_max': 5050000,
    'target_update_interval_or_tau': 200,
    'temperature': 0.07,
    'test_greedy': True,
    'test_interval': 50000,
    'test_nepisode': 100,
    'topk_neighbors': 7,
    'use_cuda': True,
    'use_rnn': True,
    'use_tensorboard': True,
    'work_dir': 'work_dirs/my_experiment/advP_HybridComm_5M/my_run/20260314_205714'}

/usr/itetnas04/data-scratch-01/pparsons/data/conda_envs/ExpoComm/lib/python3.8/site-packages/pettingzoo/utils/conversions.py:41: UserWarning: The `from_parallel` function is deprecated. Use the `parallel_to_aec` function instead.
  warnings.warn("The `from_parallel` function is deprecated. Use the `parallel_to_aec` function instead.")
/usr/itetnas04/data-scratch-01/pparsons/data/conda_envs/ExpoComm/lib/python3.8/site-packages/pettingzoo/utils/wrappers/base.py:44: UserWarning: The `observation_spaces` dictionary is deprecated. Use the `observation_space` function instead.
  warnings.warn("The `observation_spaces` dictionary is deprecated. Use the `observation_space` function instead.")
/usr/itetnas04/data-scratch-01/pparsons/data/conda_envs/ExpoComm/lib/python3.8/site-packages/pettingzoo/utils/conversions.py:36: UserWarning: The `to_parallel` function is deprecated. Use the `aec_to_parallel` function instead.
  warnings.warn("The `to_parallel` function is deprecated. Use the `aec_to_parallel` function instead.")
/usr/itetnas04/data-scratch-01/pparsons/data/conda_envs/ExpoComm/lib/python3.8/site-packages/pettingzoo/utils/conversions.py:80: UserWarning: The `action_spaces` dictionary is deprecated. Use the `action_space` function instead.
  warnings.warn("The `action_spaces` dictionary is deprecated. Use the `action_space` function instead.")
/usr/itetnas04/data-scratch-01/pparsons/data/conda_envs/ExpoComm/lib/python3.8/site-packages/pettingzoo/utils/wrappers/base.py:52: UserWarning: The `action_spaces` dictionary is deprecated. Use the `action_space` function instead.
  warnings.warn("The `action_spaces` dictionary is deprecated. Use the `action_space` function instead.")
/usr/itetnas04/data-scratch-01/pparsons/data/conda_envs/ExpoComm/lib/python3.8/site-packages/pettingzoo/utils/conversions.py:72: UserWarning: The `observation_spaces` dictionary is deprecated. Use the `observation_space` function instead.
  warnings.warn("The `observation_spaces` dictionary is deprecated. Use the `observation_space` function instead.")
2026-03-14 20:57:26,712 - my_experiment - advP_HybridComm_5M - my_run - INFO - Beginning training for 5050000 timesteps
/usr/itetnas04/data-scratch-01/pparsons/data/MyExpoComm/src/envs/adv_pursuit_wrappers.py:240: UserWarning: To copy construct from a tensor, it is recommended to use sourceTensor.clone().detach() or sourceTensor.clone().detach().requires_grad_(True), rather than torch.tensor(sourceTensor).
  actions = th.tensor(actions, dtype=th.long)
2026-03-14 20:57:30,176 - my_experiment - advP_HybridComm_5M - my_run - INFO - t_env: 200 / 5050000
2026-03-14 20:57:30,224 - my_experiment - advP_HybridComm_5M - my_run - INFO - Estimated time left: 5 minutes, 53 seconds. Time passed: 3 seconds
2026-03-14 21:02:23,326 - my_experiment - advP_HybridComm_5M - my_run - INFO - Saving models to work_dirs/my_experiment/advP_HybridComm_5M/my_run/20260314_205714/models/200
2026-03-14 21:18:02,548 - my_experiment - advP_HybridComm_5M - my_run - INFO - Recent Stats | t_env:      50000 | Episode:      250
ep_length_mean:          200.0000	episode_length_mean:     199.0000	epsilon:                   0.9620	grad_norm:                 0.7457
info_nce_loss:             2.8467	loss:                      0.9067	q_loss:                    0.8243	return_mean:             -21.2364
return_std:                0.7133	test_ep_length_mean:     200.0000	test_episode_length_mean:199.0000	test_return_mean:        -23.9906
test_return_std:           4.2545	
2026-03-14 21:18:06,475 - my_experiment - advP_HybridComm_5M - my_run - INFO - t_env: 50200 / 5050000
2026-03-14 21:18:06,476 - my_experiment - advP_HybridComm_5M - my_run - INFO - Estimated time left: 1 days, 10 hours, 20 minutes, 20 seconds. Time passed: 20 minutes, 39 seconds
2026-03-14 21:39:09,766 - my_experiment - advP_HybridComm_5M - my_run - INFO - Recent Stats | t_env:     100000 | Episode:      500
ep_length_mean:          200.0000	episode_length_mean:     199.0000	epsilon:                   0.9145	grad_norm:                 2.6329
info_nce_loss:             1.2732	loss:                      1.1786	q_loss:                    1.0714	return_mean:             -18.6041
return_std:                1.2021	test_ep_length_mean:     200.0000	test_episode_length_mean:199.0000	test_return_mean:         25.0060
test_return_std:           8.9722	
2026-03-14 21:39:13,811 - my_experiment - advP_HybridComm_5M - my_run - INFO - t_env: 100200 / 5050000
2026-03-14 21:39:13,812 - my_experiment - advP_HybridComm_5M - my_run - INFO - Estimated time left: 1 days, 10 hours, 51 minutes, 1 seconds. Time passed: 41 minutes, 47 seconds
2026-03-14 21:59:50,979 - my_experiment - advP_HybridComm_5M - my_run - INFO - Recent Stats | t_env:     150000 | Episode:      750
ep_length_mean:          200.0000	episode_length_mean:     199.0000	epsilon:                   0.8670	grad_norm:                 5.5836
info_nce_loss:             3.0229	loss:                      2.3691	q_loss:                    2.1537	return_mean:             -13.1532
return_std:                1.6897	test_ep_length_mean:     200.0000	test_episode_length_mean:199.0000	test_return_mean:         44.3894
test_return_std:          10.6809	
2026-03-14 21:59:54,821 - my_experiment - advP_HybridComm_5M - my_run - INFO - t_env: 150200 / 5050000
2026-03-14 21:59:54,822 - my_experiment - advP_HybridComm_5M - my_run - INFO - Estimated time left: 1 days, 9 hours, 46 minutes, 54 seconds. Time passed: 1 hours, 2 minutes, 28 seconds
2026-03-14 22:20:26,906 - my_experiment - advP_HybridComm_5M - my_run - INFO - Recent Stats | t_env:     200000 | Episode:     1000
ep_length_mean:          200.0000	episode_length_mean:     199.0000	epsilon:                   0.8195	grad_norm:                 9.0372
info_nce_loss:             2.2412	loss:                      3.4847	q_loss:                    3.1679	return_mean:              -8.5609
return_std:                2.2915	test_ep_length_mean:     200.0000	test_episode_length_mean:199.0000	test_return_mean:         63.6646
test_return_std:          11.1275	
2026-03-14 22:20:30,781 - my_experiment - advP_HybridComm_5M - my_run - INFO - t_env: 200200 / 5050000
2026-03-14 22:20:30,782 - my_experiment - advP_HybridComm_5M - my_run - INFO - Estimated time left: 1 days, 9 hours, 18 minutes, 3 seconds. Time passed: 1 hours, 23 minutes, 4 seconds
2026-03-14 22:25:20,391 - my_experiment - advP_HybridComm_5M - my_run - INFO - Saving models to work_dirs/my_experiment/advP_HybridComm_5M/my_run/20260314_205714/models/200200
2026-03-14 22:41:03,033 - my_experiment - advP_HybridComm_5M - my_run - INFO - Recent Stats | t_env:     250000 | Episode:     1250
ep_length_mean:          200.0000	episode_length_mean:     199.0000	epsilon:                   0.7720	grad_norm:                36.5334
info_nce_loss:             1.2712	loss:                      7.9578	q_loss:                    7.2344	return_mean:              -0.6363
return_std:                2.6027	test_ep_length_mean:     200.0000	test_episode_length_mean:199.0000	test_return_mean:         75.9696
test_return_std:          11.1898	
2026-03-14 22:41:06,843 - my_experiment - advP_HybridComm_5M - my_run - INFO - t_env: 250200 / 5050000
2026-03-14 22:41:06,844 - my_experiment - advP_HybridComm_5M - my_run - INFO - Estimated time left: 1 days, 8 hours, 57 minutes, 36 seconds. Time passed: 1 hours, 43 minutes, 40 seconds
2026-03-14 23:01:26,137 - my_experiment - advP_HybridComm_5M - my_run - INFO - Recent Stats | t_env:     300000 | Episode:     1500
ep_length_mean:          200.0000	episode_length_mean:     199.0000	epsilon:                   0.7245	grad_norm:                28.3567
info_nce_loss:             1.3439	loss:                      6.9955	q_loss:                    6.3596	return_mean:               8.3571
return_std:                3.1870	test_ep_length_mean:     200.0000	test_episode_length_mean:199.0000	test_return_mean:        104.9435
test_return_std:          13.0993	
2026-03-14 23:01:29,978 - my_experiment - advP_HybridComm_5M - my_run - INFO - t_env: 300200 / 5050000
2026-03-14 23:01:29,979 - my_experiment - advP_HybridComm_5M - my_run - INFO - Estimated time left: 1 days, 8 hours, 16 minutes, 32 seconds. Time passed: 2 hours, 4 minutes, 3 seconds
2026-03-14 23:21:48,338 - my_experiment - advP_HybridComm_5M - my_run - INFO - Recent Stats | t_env:     350000 | Episode:     1750
ep_length_mean:          200.0000	episode_length_mean:     199.0000	epsilon:                   0.6770	grad_norm:                58.1868
info_nce_loss:             0.6300	loss:                      8.1876	q_loss:                    7.4432	return_mean:              16.4706
return_std:                3.4663	test_ep_length_mean:     200.0000	test_episode_length_mean:199.0000	test_return_mean:        114.9097
test_return_std:          12.9988	
2026-03-14 23:21:52,018 - my_experiment - advP_HybridComm_5M - my_run - INFO - t_env: 350200 / 5050000
2026-03-14 23:21:52,019 - my_experiment - advP_HybridComm_5M - my_run - INFO - Estimated time left: 1 days, 7 hours, 54 minutes, 26 seconds. Time passed: 2 hours, 24 minutes, 25 seconds
2026-03-14 23:42:10,024 - my_experiment - advP_HybridComm_5M - my_run - INFO - Recent Stats | t_env:     400000 | Episode:     2000
ep_length_mean:          200.0000	episode_length_mean:     199.0000	epsilon:                   0.6295	grad_norm:                78.0283
info_nce_loss:             0.4272	loss:                      8.0477	q_loss:                    7.3161	return_mean:              24.8522
return_std:                3.8567	test_ep_length_mean:     200.0000	test_episode_length_mean:199.0000	test_return_mean:        123.3968
test_return_std:          12.7237	
2026-03-14 23:42:13,760 - my_experiment - advP_HybridComm_5M - my_run - INFO - t_env: 400200 / 5050000
2026-03-14 23:42:13,760 - my_experiment - advP_HybridComm_5M - my_run - INFO - Estimated time left: 1 days, 7 hours, 33 minutes, 37 seconds. Time passed: 2 hours, 44 minutes, 47 seconds
2026-03-14 23:47:01,180 - my_experiment - advP_HybridComm_5M - my_run - INFO - Saving models to work_dirs/my_experiment/advP_HybridComm_5M/my_run/20260314_205714/models/400200
2026-03-15 00:02:30,657 - my_experiment - advP_HybridComm_5M - my_run - INFO - Recent Stats | t_env:     450000 | Episode:     2250
ep_length_mean:          200.0000	episode_length_mean:     199.0000	epsilon:                   0.5820	grad_norm:               184.7284
info_nce_loss:             0.2492	loss:                     10.8355	q_loss:                    9.8505	return_mean:              32.8721
return_std:                4.0694	test_ep_length_mean:     200.0000	test_episode_length_mean:199.0000	test_return_mean:        124.0544
test_return_std:          12.4511	
2026-03-15 00:02:34,469 - my_experiment - advP_HybridComm_5M - my_run - INFO - t_env: 450200 / 5050000
2026-03-15 00:02:34,470 - my_experiment - advP_HybridComm_5M - my_run - INFO - Estimated time left: 1 days, 7 hours, 11 minutes, 40 seconds. Time passed: 3 hours, 5 minutes, 7 seconds
2026-03-15 00:22:45,986 - my_experiment - advP_HybridComm_5M - my_run - INFO - Recent Stats | t_env:     500000 | Episode:     2500
ep_length_mean:          200.0000	episode_length_mean:     199.0000	epsilon:                   0.5345	grad_norm:               124.0561
info_nce_loss:             0.3880	loss:                      8.5201	q_loss:                    7.7455	return_mean:              41.2775
return_std:                4.5717	test_ep_length_mean:     200.0000	test_episode_length_mean:199.0000	test_return_mean:        124.1190
test_return_std:          12.5535	
2026-03-15 00:22:49,613 - my_experiment - advP_HybridComm_5M - my_run - INFO - t_env: 500200 / 5050000
2026-03-15 00:22:49,614 - my_experiment - advP_HybridComm_5M - my_run - INFO - Estimated time left: 1 days, 6 hours, 42 minutes, 53 seconds. Time passed: 3 hours, 25 minutes, 22 seconds
2026-03-15 00:42:37,482 - my_experiment - advP_HybridComm_5M - my_run - INFO - Recent Stats | t_env:     550000 | Episode:     2750
ep_length_mean:          200.0000	episode_length_mean:     199.0000	epsilon:                   0.4870	grad_norm:               422.0178
info_nce_loss:             0.3098	loss:                      9.4288	q_loss:                    8.5716	return_mean:              49.2300
return_std:                4.5078	test_ep_length_mean:     200.0000	test_episode_length_mean:199.0000	test_return_mean:        126.1045
test_return_std:          12.1282	
2026-03-15 00:42:41,409 - my_experiment - advP_HybridComm_5M - my_run - INFO - t_env: 550200 / 5050000
2026-03-15 00:42:41,410 - my_experiment - advP_HybridComm_5M - my_run - INFO - Estimated time left: 1 days, 5 hours, 47 minutes, 36 seconds. Time passed: 3 hours, 45 minutes, 14 seconds
2026-03-15 01:02:30,005 - my_experiment - advP_HybridComm_5M - my_run - INFO - Recent Stats | t_env:     600000 | Episode:     3000
ep_length_mean:          200.0000	episode_length_mean:     199.0000	epsilon:                   0.4395	grad_norm:               530.1070
info_nce_loss:             0.2794	loss:                      9.5157	q_loss:                    8.6506	return_mean:              58.4661
return_std:                4.5527	test_ep_length_mean:     200.0000	test_episode_length_mean:199.0000	test_return_mean:        127.1715
test_return_std:          11.8841	
2026-03-15 01:02:33,694 - my_experiment - advP_HybridComm_5M - my_run - INFO - t_env: 600200 / 5050000
2026-03-15 01:02:33,695 - my_experiment - advP_HybridComm_5M - my_run - INFO - Estimated time left: 1 days, 5 hours, 28 minutes, 28 seconds. Time passed: 4 hours, 5 minutes, 6 seconds
2026-03-15 01:07:12,169 - my_experiment - advP_HybridComm_5M - my_run - INFO - Saving models to work_dirs/my_experiment/advP_HybridComm_5M/my_run/20260314_205714/models/600200
2026-03-15 01:22:19,819 - my_experiment - advP_HybridComm_5M - my_run - INFO - Recent Stats | t_env:     650000 | Episode:     3250
ep_length_mean:          200.0000	episode_length_mean:     199.0000	epsilon:                   0.3920	grad_norm:               361.0924
info_nce_loss:             0.4639	loss:                     13.1321	q_loss:                   11.9382	return_mean:              66.7738
return_std:                4.9754	test_ep_length_mean:     200.0000	test_episode_length_mean:199.0000	test_return_mean:        127.9859
test_return_std:          11.4082	
2026-03-15 01:22:23,442 - my_experiment - advP_HybridComm_5M - my_run - INFO - t_env: 650200 / 5050000
2026-03-15 01:22:23,443 - my_experiment - advP_HybridComm_5M - my_run - INFO - Estimated time left: 1 days, 5 hours, 4 minutes, 53 seconds. Time passed: 4 hours, 24 minutes, 56 seconds
2026-03-15 01:42:04,664 - my_experiment - advP_HybridComm_5M - my_run - INFO - Recent Stats | t_env:     700000 | Episode:     3500
ep_length_mean:          200.0000	episode_length_mean:     199.0000	epsilon:                   0.3445	grad_norm:               504.5145
info_nce_loss:             0.2542	loss:                     12.9853	q_loss:                   11.8049	return_mean:              75.2866
return_std:                5.5482	test_ep_length_mean:     200.0000	test_episode_length_mean:199.0000	test_return_mean:        129.5191
test_return_std:          11.5321	
2026-03-15 01:42:08,279 - my_experiment - advP_HybridComm_5M - my_run - INFO - t_env: 700200 / 5050000
2026-03-15 01:42:08,280 - my_experiment - advP_HybridComm_5M - my_run - INFO - Estimated time left: 1 days, 4 hours, 37 minutes, 56 seconds. Time passed: 4 hours, 44 minutes, 41 seconds
2026-03-15 02:01:48,559 - my_experiment - advP_HybridComm_5M - my_run - INFO - Recent Stats | t_env:     750000 | Episode:     3750
ep_length_mean:          200.0000	episode_length_mean:     199.0000	epsilon:                   0.2970	grad_norm:               401.2774
info_nce_loss:             0.3795	loss:                     12.8094	q_loss:                   11.6449	return_mean:              82.8450
return_std:                5.8186	test_ep_length_mean:     200.0000	test_episode_length_mean:199.0000	test_return_mean:        130.6963
test_return_std:          11.4387	
2026-03-15 02:01:52,253 - my_experiment - advP_HybridComm_5M - my_run - INFO - t_env: 750200 / 5050000
2026-03-15 02:01:52,253 - my_experiment - advP_HybridComm_5M - my_run - INFO - Estimated time left: 1 days, 4 hours, 16 minutes, 56 seconds. Time passed: 5 hours, 4 minutes, 25 seconds
2026-03-15 02:21:32,571 - my_experiment - advP_HybridComm_5M - my_run - INFO - Recent Stats | t_env:     800000 | Episode:     4000
ep_length_mean:          200.0000	episode_length_mean:     199.0000	epsilon:                   0.2495	grad_norm:               990.4387
info_nce_loss:             0.4567	loss:                     15.4370	q_loss:                   14.0337	return_mean:              90.8022
return_std:                6.0313	test_ep_length_mean:     200.0000	test_episode_length_mean:199.0000	test_return_mean:        131.1037
test_return_std:          11.3502	
2026-03-15 02:21:36,175 - my_experiment - advP_HybridComm_5M - my_run - INFO - t_env: 800200 / 5050000
2026-03-15 02:21:36,176 - my_experiment - advP_HybridComm_5M - my_run - INFO - Estimated time left: 1 days, 3 hours, 57 minutes, 8 seconds. Time passed: 5 hours, 24 minutes, 9 seconds
2026-03-15 02:26:13,732 - my_experiment - advP_HybridComm_5M - my_run - INFO - Saving models to work_dirs/my_experiment/advP_HybridComm_5M/my_run/20260314_205714/models/800200
2026-03-15 02:41:15,663 - my_experiment - advP_HybridComm_5M - my_run - INFO - Recent Stats | t_env:     850000 | Episode:     4250
ep_length_mean:          200.0000	episode_length_mean:     199.0000	epsilon:                   0.2020	grad_norm:               963.2062
info_nce_loss:             0.5075	loss:                     12.1922	q_loss:                   11.0838	return_mean:              98.9142
return_std:                6.2462	test_ep_length_mean:     200.0000	test_episode_length_mean:199.0000	test_return_mean:        131.4053
test_return_std:          11.2712	
2026-03-15 02:41:19,364 - my_experiment - advP_HybridComm_5M - my_run - INFO - t_env: 850200 / 5050000
2026-03-15 02:41:19,365 - my_experiment - advP_HybridComm_5M - my_run - INFO - Estimated time left: 1 days, 3 hours, 36 minutes, 23 seconds. Time passed: 5 hours, 43 minutes, 52 seconds
2026-03-15 03:00:57,889 - my_experiment - advP_HybridComm_5M - my_run - INFO - Recent Stats | t_env:     900000 | Episode:     4500
ep_length_mean:          200.0000	episode_length_mean:     199.0000	epsilon:                   0.1545	grad_norm:               1236.2843
info_nce_loss:             0.3303	loss:                     12.5890	q_loss:                   11.4445	return_mean:             106.1093
return_std:                7.6875	test_ep_length_mean:     200.0000	test_episode_length_mean:199.0000	test_return_mean:        131.8749
test_return_std:          11.3553	
2026-03-15 03:01:01,488 - my_experiment - advP_HybridComm_5M - my_run - INFO - t_env: 900200 / 5050000
2026-03-15 03:01:01,489 - my_experiment - advP_HybridComm_5M - my_run - INFO - Estimated time left: 1 days, 3 hours, 15 minutes, 11 seconds. Time passed: 6 hours, 3 minutes, 34 seconds
2026-03-15 03:20:37,794 - my_experiment - advP_HybridComm_5M - my_run - INFO - Recent Stats | t_env:     950000 | Episode:     4750
ep_length_mean:          200.0000	episode_length_mean:     199.0000	epsilon:                   0.1070	grad_norm:               1042.2203
info_nce_loss:             0.5049	loss:                     11.3938	q_loss:                   10.3580	return_mean:             114.6333
return_std:                7.2242	test_ep_length_mean:     200.0000	test_episode_length_mean:199.0000	test_return_mean:        131.7865
test_return_std:          11.0890	
2026-03-15 03:20:41,362 - my_experiment - advP_HybridComm_5M - my_run - INFO - t_env: 950200 / 5050000
2026-03-15 03:20:41,363 - my_experiment - advP_HybridComm_5M - my_run - INFO - Estimated time left: 1 days, 2 hours, 52 minutes, 24 seconds. Time passed: 6 hours, 23 minutes, 14 seconds
2026-03-15 03:40:08,344 - my_experiment - advP_HybridComm_5M - my_run - INFO - Recent Stats | t_env:    1000000 | Episode:     5000
ep_length_mean:          200.0000	episode_length_mean:     199.0000	epsilon:                   0.0595	grad_norm:               1455.7570
info_nce_loss:             0.2517	loss:                     12.1801	q_loss:                   11.0728	return_mean:             122.1879
return_std:                9.5006	test_ep_length_mean:     200.0000	test_episode_length_mean:199.0000	test_return_mean:        131.8374
test_return_std:          11.0577	
2026-03-15 03:40:11,910 - my_experiment - advP_HybridComm_5M - my_run - INFO - t_env: 1000200 / 5050000
2026-03-15 03:40:11,911 - my_experiment - advP_HybridComm_5M - my_run - INFO - Estimated time left: 1 days, 2 hours, 20 minutes, 9 seconds. Time passed: 6 hours, 42 minutes, 45 seconds
2026-03-15 03:44:46,639 - my_experiment - advP_HybridComm_5M - my_run - INFO - Saving models to work_dirs/my_experiment/advP_HybridComm_5M/my_run/20260314_205714/models/1000200
2026-03-15 03:59:38,088 - my_experiment - advP_HybridComm_5M - my_run - INFO - Recent Stats | t_env:    1050000 | Episode:     5250
ep_length_mean:          200.0000	episode_length_mean:     199.0000	epsilon:                   0.0500	grad_norm:               1468.0847
info_nce_loss:             0.3437	loss:                     13.1468	q_loss:                   11.9517	return_mean:             128.2811
return_std:                8.7108	test_ep_length_mean:     200.0000	test_episode_length_mean:199.0000	test_return_mean:        132.1791
test_return_std:          11.0130	
2026-03-15 03:59:41,632 - my_experiment - advP_HybridComm_5M - my_run - INFO - t_env: 1050200 / 5050000
2026-03-15 03:59:41,633 - my_experiment - advP_HybridComm_5M - my_run - INFO - Estimated time left: 1 days, 1 hours, 59 minutes, 33 seconds. Time passed: 7 hours, 2 minutes, 14 seconds
2026-03-15 04:19:05,862 - my_experiment - advP_HybridComm_5M - my_run - INFO - Recent Stats | t_env:    1100000 | Episode:     5500
ep_length_mean:          200.0000	episode_length_mean:     199.0000	epsilon:                   0.0500	grad_norm:               1430.1936
info_nce_loss:             0.3064	loss:                     12.6644	q_loss:                   11.5131	return_mean:             128.2499
return_std:                8.9646	test_ep_length_mean:     200.0000	test_episode_length_mean:199.0000	test_return_mean:        132.7113
test_return_std:          10.8198	
2026-03-15 04:19:09,492 - my_experiment - advP_HybridComm_5M - my_run - INFO - t_env: 1100200 / 5050000
2026-03-15 04:19:09,492 - my_experiment - advP_HybridComm_5M - my_run - INFO - Estimated time left: 1 days, 1 hours, 37 minutes, 36 seconds. Time passed: 7 hours, 21 minutes, 42 seconds
2026-03-15 04:38:49,306 - my_experiment - advP_HybridComm_5M - my_run - INFO - Recent Stats | t_env:    1150000 | Episode:     5750
ep_length_mean:          200.0000	episode_length_mean:     199.0000	epsilon:                   0.0500	grad_norm:               1744.7496
info_nce_loss:             0.4939	loss:                     13.2566	q_loss:                   12.0515	return_mean:             129.2334
return_std:                9.0606	test_ep_length_mean:     200.0000	test_episode_length_mean:199.0000	test_return_mean:        132.7530
test_return_std:          10.8149	
2026-03-15 04:38:52,931 - my_experiment - advP_HybridComm_5M - my_run - INFO - t_env: 1150200 / 5050000
2026-03-15 04:38:52,932 - my_experiment - advP_HybridComm_5M - my_run - INFO - Estimated time left: 1 days, 1 hours, 38 minutes, 23 seconds. Time passed: 7 hours, 41 minutes, 26 seconds
2026-03-15 04:58:34,021 - my_experiment - advP_HybridComm_5M - my_run - INFO - Recent Stats | t_env:    1200000 | Episode:     6000
ep_length_mean:          200.0000	episode_length_mean:     199.0000	epsilon:                   0.0500	grad_norm:               1700.5206
info_nce_loss:             0.3671	loss:                     11.2451	q_loss:                   10.2228	return_mean:             129.4718
return_std:                7.9195	test_ep_length_mean:     200.0000	test_episode_length_mean:199.0000	test_return_mean:        133.2758
test_return_std:          10.9586	
2026-03-15 04:58:37,628 - my_experiment - advP_HybridComm_5M - my_run - INFO - t_env: 1200200 / 5050000
2026-03-15 04:58:37,629 - my_experiment - advP_HybridComm_5M - my_run - INFO - Estimated time left: 1 days, 1 hours, 20 minutes, 16 seconds. Time passed: 8 hours, 1 minutes, 10 seconds
2026-03-15 05:03:14,559 - my_experiment - advP_HybridComm_5M - my_run - INFO - Saving models to work_dirs/my_experiment/advP_HybridComm_5M/my_run/20260314_205714/models/1200200
2026-03-15 05:18:14,856 - my_experiment - advP_HybridComm_5M - my_run - INFO - Recent Stats | t_env:    1250000 | Episode:     6250
ep_length_mean:          200.0000	episode_length_mean:     199.0000	epsilon:                   0.0500	grad_norm:               1963.0091
info_nce_loss:             0.4385	loss:                     13.2665	q_loss:                   12.0605	return_mean:             129.3985
return_std:                8.3529	test_ep_length_mean:     200.0000	test_episode_length_mean:199.0000	test_return_mean:        133.8953
test_return_std:          10.8172	
2026-03-15 05:18:18,466 - my_experiment - advP_HybridComm_5M - my_run - INFO - t_env: 1250200 / 5050000
2026-03-15 05:18:18,466 - my_experiment - advP_HybridComm_5M - my_run - INFO - Estimated time left: 1 days, 55 minutes, 38 seconds. Time passed: 8 hours, 20 minutes, 51 seconds
2026-03-15 05:37:57,089 - my_experiment - advP_HybridComm_5M - my_run - INFO - Recent Stats | t_env:    1300000 | Episode:     6500
ep_length_mean:          200.0000	episode_length_mean:     199.0000	epsilon:                   0.0500	grad_norm:               1992.4299
info_nce_loss:             0.2355	loss:                     11.6284	q_loss:                   10.5713	return_mean:             129.4484
return_std:                8.9737	test_ep_length_mean:     200.0000	test_episode_length_mean:199.0000	test_return_mean:        134.2918
test_return_std:          10.6738	
2026-03-15 05:38:00,699 - my_experiment - advP_HybridComm_5M - my_run - INFO - t_env: 1300200 / 5050000
2026-03-15 05:38:00,700 - my_experiment - advP_HybridComm_5M - my_run - INFO - Estimated time left: 1 days, 37 minutes, 42 seconds. Time passed: 8 hours, 40 minutes, 33 seconds
2026-03-15 05:57:35,921 - my_experiment - advP_HybridComm_5M - my_run - INFO - Recent Stats | t_env:    1350000 | Episode:     6750
ep_length_mean:          200.0000	episode_length_mean:     199.0000	epsilon:                   0.0500	grad_norm:               2303.6927
info_nce_loss:             0.2927	loss:                     13.9187	q_loss:                   12.6534	return_mean:             130.0228
return_std:                8.7699	test_ep_length_mean:     200.0000	test_episode_length_mean:199.0000	test_return_mean:        134.9784
test_return_std:          10.5701	
2026-03-15 05:57:39,537 - my_experiment - advP_HybridComm_5M - my_run - INFO - t_env: 1350200 / 5050000
2026-03-15 05:57:39,538 - my_experiment - advP_HybridComm_5M - my_run - INFO - Estimated time left: 1 days, 13 minutes, 49 seconds. Time passed: 9 hours, 12 seconds
2026-03-15 06:17:11,972 - my_experiment - advP_HybridComm_5M - my_run - INFO - Recent Stats | t_env:    1400000 | Episode:     7000
ep_length_mean:          200.0000	episode_length_mean:     199.0000	epsilon:                   0.0500	grad_norm:               2218.7839
info_nce_loss:             0.2734	loss:                     12.3806	q_loss:                   11.2551	return_mean:             130.2430
return_std:                8.5005	test_ep_length_mean:     200.0000	test_episode_length_mean:199.0000	test_return_mean:        136.2255
test_return_std:          10.2467	
2026-03-15 06:17:15,565 - my_experiment - advP_HybridComm_5M - my_run - INFO - t_env: 1400200 / 5050000
2026-03-15 06:17:15,566 - my_experiment - advP_HybridComm_5M - my_run - INFO - Estimated time left: 23 hours, 50 minutes, 45 seconds. Time passed: 9 hours, 19 minutes, 48 seconds
2026-03-15 06:21:50,568 - my_experiment - advP_HybridComm_5M - my_run - INFO - Saving models to work_dirs/my_experiment/advP_HybridComm_5M/my_run/20260314_205714/models/1400200
2026-03-15 06:36:46,061 - my_experiment - advP_HybridComm_5M - my_run - INFO - Recent Stats | t_env:    1450000 | Episode:     7250
ep_length_mean:          200.0000	episode_length_mean:     199.0000	epsilon:                   0.0500	grad_norm:               2431.7694
info_nce_loss:             0.2588	loss:                     14.0153	q_loss:                   12.7412	return_mean:             131.4705
return_std:                8.0780	test_ep_length_mean:     200.0000	test_episode_length_mean:199.0000	test_return_mean:        136.9053
test_return_std:          10.1174	
2026-03-15 06:36:49,657 - my_experiment - advP_HybridComm_5M - my_run - INFO - t_env: 1450200 / 5050000
2026-03-15 06:36:49,658 - my_experiment - advP_HybridComm_5M - my_run - INFO - Estimated time left: 23 hours, 28 minutes, 49 seconds. Time passed: 9 hours, 39 minutes, 22 seconds
2026-03-15 06:56:20,640 - my_experiment - advP_HybridComm_5M - my_run - INFO - Recent Stats | t_env:    1500000 | Episode:     7500
ep_length_mean:          200.0000	episode_length_mean:     199.0000	epsilon:                   0.0500	grad_norm:               2245.7442
info_nce_loss:             0.1997	loss:                     11.6583	q_loss:                   10.5985	return_mean:             132.5147
return_std:                7.6311	test_ep_length_mean:     200.0000	test_episode_length_mean:199.0000	test_return_mean:        137.6919
test_return_std:          10.1787	
2026-03-15 06:56:24,273 - my_experiment - advP_HybridComm_5M - my_run - INFO - t_env: 1500200 / 5050000
2026-03-15 06:56:24,274 - my_experiment - advP_HybridComm_5M - my_run - INFO - Estimated time left: 23 hours, 9 minutes, 52 seconds. Time passed: 9 hours, 58 minutes, 57 seconds
2026-03-15 07:16:05,099 - my_experiment - advP_HybridComm_5M - my_run - INFO - Recent Stats | t_env:    1550000 | Episode:     7750
ep_length_mean:          200.0000	episode_length_mean:     199.0000	epsilon:                   0.0500	grad_norm:               2476.3085
info_nce_loss:             0.5546	loss:                     13.4676	q_loss:                   12.2433	return_mean:             133.4657
return_std:                7.2273	test_ep_length_mean:     200.0000	test_episode_length_mean:199.0000	test_return_mean:        138.5406
test_return_std:           9.9358	
2026-03-15 07:16:08,776 - my_experiment - advP_HybridComm_5M - my_run - INFO - t_env: 1550200 / 5050000
2026-03-15 07:16:08,777 - my_experiment - advP_HybridComm_5M - my_run - INFO - Estimated time left: 23 hours, 1 minutes, 50 seconds. Time passed: 10 hours, 18 minutes, 42 seconds
2026-03-15 07:35:51,054 - my_experiment - advP_HybridComm_5M - my_run - INFO - Recent Stats | t_env:    1600000 | Episode:     8000
ep_length_mean:          200.0000	episode_length_mean:     199.0000	epsilon:                   0.0500	grad_norm:               2386.3647
info_nce_loss:             0.3201	loss:                     11.2659	q_loss:                   10.2417	return_mean:             133.2340
return_std:                7.7081	test_ep_length_mean:     200.0000	test_episode_length_mean:199.0000	test_return_mean:        139.6349
test_return_std:           9.8102	
2026-03-15 07:35:54,687 - my_experiment - advP_HybridComm_5M - my_run - INFO - t_env: 1600200 / 5050000
2026-03-15 07:35:54,688 - my_experiment - advP_HybridComm_5M - my_run - INFO - Estimated time left: 22 hours, 43 minutes, 43 seconds. Time passed: 10 hours, 38 minutes, 27 seconds
2026-03-15 07:40:33,059 - my_experiment - advP_HybridComm_5M - my_run - INFO - Saving models to work_dirs/my_experiment/advP_HybridComm_5M/my_run/20260314_205714/models/1600200
2026-03-15 07:55:35,047 - my_experiment - advP_HybridComm_5M - my_run - INFO - Recent Stats | t_env:    1650000 | Episode:     8250
ep_length_mean:          200.0000	episode_length_mean:     199.0000	epsilon:                   0.0500	grad_norm:               2633.1543
info_nce_loss:             0.4839	loss:                     12.8614	q_loss:                   11.6922	return_mean:             133.9978
return_std:                7.6983	test_ep_length_mean:     200.0000	test_episode_length_mean:199.0000	test_return_mean:        140.1985
test_return_std:           9.9753	
2026-03-15 07:55:38,730 - my_experiment - advP_HybridComm_5M - my_run - INFO - t_env: 1650200 / 5050000
2026-03-15 07:55:38,731 - my_experiment - advP_HybridComm_5M - my_run - INFO - Estimated time left: 22 hours, 21 minutes, 50 seconds. Time passed: 10 hours, 58 minutes, 12 seconds
2026-03-15 08:15:18,972 - my_experiment - advP_HybridComm_5M - my_run - INFO - Recent Stats | t_env:    1700000 | Episode:     8500
ep_length_mean:          200.0000	episode_length_mean:     199.0000	epsilon:                   0.0500	grad_norm:               2812.8305
info_nce_loss:             0.4237	loss:                     10.8628	q_loss:                    9.8752	return_mean:             134.7237
return_std:                7.9938	test_ep_length_mean:     200.0000	test_episode_length_mean:199.0000	test_return_mean:        141.3872
test_return_std:           9.5961	
2026-03-15 08:15:22,608 - my_experiment - advP_HybridComm_5M - my_run - INFO - t_env: 1700200 / 5050000
2026-03-15 08:15:22,609 - my_experiment - advP_HybridComm_5M - my_run - INFO - Estimated time left: 22 hours, 1 minutes, 55 seconds. Time passed: 11 hours, 17 minutes, 55 seconds
2026-03-15 08:35:05,042 - my_experiment - advP_HybridComm_5M - my_run - INFO - Recent Stats | t_env:    1750000 | Episode:     8750
ep_length_mean:          200.0000	episode_length_mean:     199.0000	epsilon:                   0.0500	grad_norm:               2716.0098
info_nce_loss:             0.3688	loss:                     12.3354	q_loss:                   11.2140	return_mean:             134.3802
return_std:                8.2695	test_ep_length_mean:     200.0000	test_episode_length_mean:199.0000	test_return_mean:        142.5393
test_return_std:           9.0381	
2026-03-15 08:35:08,673 - my_experiment - advP_HybridComm_5M - my_run - INFO - t_env: 1750200 / 5050000
2026-03-15 08:35:08,674 - my_experiment - advP_HybridComm_5M - my_run - INFO - Estimated time left: 21 hours, 44 minutes, 35 seconds. Time passed: 11 hours, 37 minutes, 41 seconds
2026-03-15 08:54:50,672 - my_experiment - advP_HybridComm_5M - my_run - INFO - Recent Stats | t_env:    1800000 | Episode:     9000
ep_length_mean:          200.0000	episode_length_mean:     199.0000	epsilon:                   0.0500	grad_norm:               2423.1356
info_nce_loss:             0.2055	loss:                     10.2468	q_loss:                    9.3152	return_mean:             135.9065
return_std:                6.6676	test_ep_length_mean:     200.0000	test_episode_length_mean:199.0000	test_return_mean:        143.6024
test_return_std:           8.9816	
2026-03-15 08:54:54,308 - my_experiment - advP_HybridComm_5M - my_run - INFO - t_env: 1800200 / 5050000
2026-03-15 08:54:54,309 - my_experiment - advP_HybridComm_5M - my_run - INFO - Estimated time left: 21 hours, 24 minutes, 21 seconds. Time passed: 11 hours, 57 minutes, 27 seconds
2026-03-15 08:59:34,360 - my_experiment - advP_HybridComm_5M - my_run - INFO - Saving models to work_dirs/my_experiment/advP_HybridComm_5M/my_run/20260314_205714/models/1800200
2026-03-15 09:14:35,675 - my_experiment - advP_HybridComm_5M - my_run - INFO - Recent Stats | t_env:    1850000 | Episode:     9250
ep_length_mean:          200.0000	episode_length_mean:     199.0000	epsilon:                   0.0500	grad_norm:               2780.5474
info_nce_loss:             0.4200	loss:                     11.4231	q_loss:                   10.3846	return_mean:             136.5485
return_std:                6.0227	test_ep_length_mean:     200.0000	test_episode_length_mean:199.0000	test_return_mean:        144.3106
test_return_std:           8.6717	
2026-03-15 09:14:39,378 - my_experiment - advP_HybridComm_5M - my_run - INFO - t_env: 1850200 / 5050000
2026-03-15 09:14:39,379 - my_experiment - advP_HybridComm_5M - my_run - INFO - Estimated time left: 21 hours, 3 minutes, 59 seconds. Time passed: 12 hours, 17 minutes, 12 seconds
2026-03-15 09:34:20,418 - my_experiment - advP_HybridComm_5M - my_run - INFO - Recent Stats | t_env:    1900000 | Episode:     9500
ep_length_mean:          200.0000	episode_length_mean:     199.0000	epsilon:                   0.0500	grad_norm:               2949.7996
info_nce_loss:             0.4532	loss:                     10.0362	q_loss:                    9.1238	return_mean:             136.8006
return_std:                6.3377	test_ep_length_mean:     200.0000	test_episode_length_mean:199.0000	test_return_mean:        145.0226
test_return_std:           8.2915	
2026-03-15 09:34:24,047 - my_experiment - advP_HybridComm_5M - my_run - INFO - t_env: 1900200 / 5050000
2026-03-15 09:34:24,048 - my_experiment - advP_HybridComm_5M - my_run - INFO - Estimated time left: 20 hours, 43 minutes, 49 seconds. Time passed: 12 hours, 36 minutes, 57 seconds
2026-03-15 09:54:04,454 - my_experiment - advP_HybridComm_5M - my_run - INFO - Recent Stats | t_env:    1950000 | Episode:     9750
ep_length_mean:          200.0000	episode_length_mean:     199.0000	epsilon:                   0.0500	grad_norm:               2815.0469
info_nce_loss:             0.3994	loss:                     11.1763	q_loss:                   10.1603	return_mean:             137.5817
return_std:                5.7979	test_ep_length_mean:     200.0000	test_episode_length_mean:199.0000	test_return_mean:        145.6343
test_return_std:           7.8546	
2026-03-15 09:54:08,080 - my_experiment - advP_HybridComm_5M - my_run - INFO - t_env: 1950200 / 5050000
2026-03-15 09:54:08,081 - my_experiment - advP_HybridComm_5M - my_run - INFO - Estimated time left: 20 hours, 23 minutes, 25 seconds. Time passed: 12 hours, 56 minutes, 41 seconds
2026-03-15 10:13:48,884 - my_experiment - advP_HybridComm_5M - my_run - INFO - Recent Stats | t_env:    2000000 | Episode:    10000
ep_length_mean:          200.0000	episode_length_mean:     199.0000	epsilon:                   0.0500	grad_norm:               3055.3444
info_nce_loss:             0.3145	loss:                      9.7038	q_loss:                    8.8216	return_mean:             136.5646
return_std:                6.6830	test_ep_length_mean:     200.0000	test_episode_length_mean:199.0000	test_return_mean:        146.1280
test_return_std:           7.7486	
2026-03-15 10:13:52,503 - my_experiment - advP_HybridComm_5M - my_run - INFO - t_env: 2000200 / 5050000
2026-03-15 10:13:52,504 - my_experiment - advP_HybridComm_5M - my_run - INFO - Estimated time left: 20 hours, 4 minutes, 5 seconds. Time passed: 13 hours, 16 minutes, 25 seconds
2026-03-15 10:18:30,194 - my_experiment - advP_HybridComm_5M - my_run - INFO - Saving models to work_dirs/my_experiment/advP_HybridComm_5M/my_run/20260314_205714/models/2000200
2026-03-15 10:33:34,296 - my_experiment - advP_HybridComm_5M - my_run - INFO - Recent Stats | t_env:    2050000 | Episode:    10250
ep_length_mean:          200.0000	episode_length_mean:     199.0000	epsilon:                   0.0500	grad_norm:               3082.7448
info_nce_loss:             0.2883	loss:                     11.1450	q_loss:                   10.1319	return_mean:             138.0591
return_std:                6.1257	test_ep_length_mean:     200.0000	test_episode_length_mean:199.0000	test_return_mean:        146.1846
test_return_std:           7.3163	
2026-03-15 10:33:38,038 - my_experiment - advP_HybridComm_5M - my_run - INFO - t_env: 2050200 / 5050000
2026-03-15 10:33:38,038 - my_experiment - advP_HybridComm_5M - my_run - INFO - Estimated time left: 19 hours, 45 minutes, 27 seconds. Time passed: 13 hours, 36 minutes, 11 seconds
2026-03-15 10:53:20,073 - my_experiment - advP_HybridComm_5M - my_run - INFO - Recent Stats | t_env:    2100000 | Episode:    10500
ep_length_mean:          200.0000	episode_length_mean:     199.0000	epsilon:                   0.0500	grad_norm:               3122.5225
info_nce_loss:             0.3523	loss:                      9.6502	q_loss:                    8.7730	return_mean:             137.4894
return_std:                6.2745	test_ep_length_mean:     200.0000	test_episode_length_mean:199.0000	test_return_mean:        146.7555
test_return_std:           7.0598	
2026-03-15 10:53:23,704 - my_experiment - advP_HybridComm_5M - my_run - INFO - t_env: 2100200 / 5050000
2026-03-15 10:53:23,705 - my_experiment - advP_HybridComm_5M - my_run - INFO - Estimated time left: 19 hours, 25 minutes, 49 seconds. Time passed: 13 hours, 55 minutes, 56 seconds
2026-03-15 11:13:01,283 - my_experiment - advP_HybridComm_5M - my_run - INFO - Recent Stats | t_env:    2150000 | Episode:    10750
ep_length_mean:          200.0000	episode_length_mean:     199.0000	epsilon:                   0.0500	grad_norm:               3162.4921
info_nce_loss:             0.3201	loss:                     10.8940	q_loss:                    9.9037	return_mean:             138.3055
return_std:                5.2926	test_ep_length_mean:     200.0000	test_episode_length_mean:199.0000	test_return_mean:        147.2500
test_return_std:           6.7487	
2026-03-15 11:13:04,894 - my_experiment - advP_HybridComm_5M - my_run - INFO - t_env: 2150200 / 5050000
2026-03-15 11:13:04,895 - my_experiment - advP_HybridComm_5M - my_run - INFO - Estimated time left: 19 hours, 1 minutes, 44 seconds. Time passed: 14 hours, 15 minutes, 38 seconds
2026-03-15 11:32:39,838 - my_experiment - advP_HybridComm_5M - my_run - INFO - Recent Stats | t_env:    2200000 | Episode:    11000
ep_length_mean:          200.0000	episode_length_mean:     199.0000	epsilon:                   0.0500	grad_norm:               2844.8621
info_nce_loss:             0.2604	loss:                      9.3475	q_loss:                    8.4978	return_mean:             138.1964
return_std:                5.4032	test_ep_length_mean:     200.0000	test_episode_length_mean:199.0000	test_return_mean:        147.4878
test_return_std:           6.7342	
2026-03-15 11:32:43,434 - my_experiment - advP_HybridComm_5M - my_run - INFO - t_env: 2200200 / 5050000
2026-03-15 11:32:43,435 - my_experiment - advP_HybridComm_5M - my_run - INFO - Estimated time left: 18 hours, 39 minutes, 32 seconds. Time passed: 14 hours, 35 minutes, 16 seconds
2026-03-15 11:37:19,184 - my_experiment - advP_HybridComm_5M - my_run - INFO - Saving models to work_dirs/my_experiment/advP_HybridComm_5M/my_run/20260314_205714/models/2200200
2026-03-15 11:52:17,062 - my_experiment - advP_HybridComm_5M - my_run - INFO - Recent Stats | t_env:    2250000 | Episode:    11250
ep_length_mean:          200.0000	episode_length_mean:     199.0000	epsilon:                   0.0500	grad_norm:               3214.7968
info_nce_loss:             0.3769	loss:                     11.4595	q_loss:                   10.4177	return_mean:             138.9786
return_std:                5.4171	test_ep_length_mean:     200.0000	test_episode_length_mean:199.0000	test_return_mean:        147.5949
test_return_std:           6.6593	
2026-03-15 11:52:20,654 - my_experiment - advP_HybridComm_5M - my_run - INFO - t_env: 2250200 / 5050000
2026-03-15 11:52:20,655 - my_experiment - advP_HybridComm_5M - my_run - INFO - Estimated time left: 18 hours, 18 minutes, 39 seconds. Time passed: 14 hours, 54 minutes, 53 seconds
2026-03-15 12:11:54,768 - my_experiment - advP_HybridComm_5M - my_run - INFO - Recent Stats | t_env:    2300000 | Episode:    11500
ep_length_mean:          200.0000	episode_length_mean:     199.0000	epsilon:                   0.0500	grad_norm:               2887.5571
info_nce_loss:             0.2475	loss:                      9.4923	q_loss:                    8.6294	return_mean:             138.7186
return_std:                5.6305	test_ep_length_mean:     200.0000	test_episode_length_mean:199.0000	test_return_mean:        147.9101
test_return_std:           6.6004	
2026-03-15 12:11:58,376 - my_experiment - advP_HybridComm_5M - my_run - INFO - t_env: 2300200 / 5050000
2026-03-15 12:11:58,377 - my_experiment - advP_HybridComm_5M - my_run - INFO - Estimated time left: 17 hours, 59 minutes, 29 seconds. Time passed: 15 hours, 14 minutes, 31 seconds
2026-03-15 12:31:36,114 - my_experiment - advP_HybridComm_5M - my_run - INFO - Recent Stats | t_env:    2350000 | Episode:    11750
ep_length_mean:          200.0000	episode_length_mean:     199.0000	epsilon:                   0.0500	grad_norm:               3256.9492
info_nce_loss:             0.2623	loss:                     11.5467	q_loss:                   10.4970	return_mean:             139.6543
return_std:                5.6337	test_ep_length_mean:     200.0000	test_episode_length_mean:199.0000	test_return_mean:        147.8678
test_return_std:           6.5450	
2026-03-15 12:31:39,742 - my_experiment - advP_HybridComm_5M - my_run - INFO - t_env: 2350200 / 5050000
2026-03-15 12:31:39,743 - my_experiment - advP_HybridComm_5M - my_run - INFO - Estimated time left: 17 hours, 43 minutes, 9 seconds. Time passed: 15 hours, 34 minutes, 13 seconds
2026-03-15 12:51:19,800 - my_experiment - advP_HybridComm_5M - my_run - INFO - Recent Stats | t_env:    2400000 | Episode:    12000
ep_length_mean:          200.0000	episode_length_mean:     199.0000	epsilon:                   0.0500	grad_norm:               2943.1384
info_nce_loss:             0.2430	loss:                      9.2337	q_loss:                    8.3943	return_mean:             139.9257
return_std:                4.9156	test_ep_length_mean:     200.0000	test_episode_length_mean:199.0000	test_return_mean:        147.9616
test_return_std:           6.4893	
2026-03-15 12:51:23,428 - my_experiment - advP_HybridComm_5M - my_run - INFO - t_env: 2400200 / 5050000
2026-03-15 12:51:23,429 - my_experiment - advP_HybridComm_5M - my_run - INFO - Estimated time left: 17 hours, 25 minutes, 30 seconds. Time passed: 15 hours, 53 minutes, 56 seconds
2026-03-15 12:56:02,222 - my_experiment - advP_HybridComm_5M - my_run - INFO - Saving models to work_dirs/my_experiment/advP_HybridComm_5M/my_run/20260314_205714/models/2400200
2026-03-15 13:11:07,202 - my_experiment - advP_HybridComm_5M - my_run - INFO - Recent Stats | t_env:    2450000 | Episode:    12250
ep_length_mean:          200.0000	episode_length_mean:     199.0000	epsilon:                   0.0500	grad_norm:               3286.1030
info_nce_loss:             0.2872	loss:                     10.9578	q_loss:                    9.9616	return_mean:             139.7503
return_std:                5.1489	test_ep_length_mean:     200.0000	test_episode_length_mean:199.0000	test_return_mean:        148.1109
test_return_std:           6.4588	
2026-03-15 13:11:10,850 - my_experiment - advP_HybridComm_5M - my_run - INFO - t_env: 2450200 / 5050000
2026-03-15 13:11:10,850 - my_experiment - advP_HybridComm_5M - my_run - INFO - Estimated time left: 17 hours, 9 minutes, 1 seconds. Time passed: 16 hours, 13 minutes, 44 seconds
2026-03-15 13:30:52,314 - my_experiment - advP_HybridComm_5M - my_run - INFO - Recent Stats | t_env:    2500000 | Episode:    12500
ep_length_mean:          200.0000	episode_length_mean:     199.0000	epsilon:                   0.0500	grad_norm:               3247.3698
info_nce_loss:             0.4813	loss:                      9.4642	q_loss:                    8.6038	return_mean:             139.7032
return_std:                5.1948	test_ep_length_mean:     200.0000	test_episode_length_mean:199.0000	test_return_mean:        148.5706
test_return_std:           6.1627	
2026-03-15 13:30:55,957 - my_experiment - advP_HybridComm_5M - my_run - INFO - t_env: 2500200 / 5050000
2026-03-15 13:30:55,958 - my_experiment - advP_HybridComm_5M - my_run - INFO - Estimated time left: 16 hours, 47 minutes, 15 seconds. Time passed: 16 hours, 33 minutes, 29 seconds
2026-03-15 13:50:38,695 - my_experiment - advP_HybridComm_5M - my_run - INFO - Recent Stats | t_env:    2550000 | Episode:    12750
ep_length_mean:          200.0000	episode_length_mean:     199.0000	epsilon:                   0.0500	grad_norm:               3687.3687
info_nce_loss:             0.3635	loss:                     12.2134	q_loss:                   11.1031	return_mean:             139.7763
return_std:                5.0257	test_ep_length_mean:     200.0000	test_episode_length_mean:199.0000	test_return_mean:        148.7653
test_return_std:           6.1472	
2026-03-15 13:50:42,304 - my_experiment - advP_HybridComm_5M - my_run - INFO - t_env: 2550200 / 5050000
2026-03-15 13:50:42,305 - my_experiment - advP_HybridComm_5M - my_run - INFO - Estimated time left: 16 hours, 28 minutes, 32 seconds. Time passed: 16 hours, 53 minutes, 15 seconds
2026-03-15 14:10:25,948 - my_experiment - advP_HybridComm_5M - my_run - INFO - Recent Stats | t_env:    2600000 | Episode:    13000
ep_length_mean:          200.0000	episode_length_mean:     199.0000	epsilon:                   0.0500	grad_norm:               3445.6483
info_nce_loss:             0.3716	loss:                      9.6452	q_loss:                    8.7683	return_mean:             140.6026
return_std:                5.0397	test_ep_length_mean:     200.0000	test_episode_length_mean:199.0000	test_return_mean:        149.0886
test_return_std:           5.9912	
2026-03-15 14:10:29,587 - my_experiment - advP_HybridComm_5M - my_run - INFO - t_env: 2600200 / 5050000
2026-03-15 14:10:29,588 - my_experiment - advP_HybridComm_5M - my_run - INFO - Estimated time left: 16 hours, 9 minutes, 32 seconds. Time passed: 17 hours, 13 minutes, 2 seconds
2026-03-15 14:15:07,638 - my_experiment - advP_HybridComm_5M - my_run - INFO - Saving models to work_dirs/my_experiment/advP_HybridComm_5M/my_run/20260314_205714/models/2600200
2026-03-15 14:30:10,507 - my_experiment - advP_HybridComm_5M - my_run - INFO - Recent Stats | t_env:    2650000 | Episode:    13250
ep_length_mean:          200.0000	episode_length_mean:     199.0000	epsilon:                   0.0500	grad_norm:               4130.4966
info_nce_loss:             0.3862	loss:                     13.0487	q_loss:                   11.8624	return_mean:             140.1733
return_std:                4.7038	test_ep_length_mean:     200.0000	test_episode_length_mean:199.0000	test_return_mean:        149.0944
test_return_std:           6.1274	
2026-03-15 14:30:14,137 - my_experiment - advP_HybridComm_5M - my_run - INFO - t_env: 2650200 / 5050000
2026-03-15 14:30:14,137 - my_experiment - advP_HybridComm_5M - my_run - INFO - Estimated time left: 15 hours, 47 minutes, 33 seconds. Time passed: 17 hours, 32 minutes, 47 seconds
2026-03-15 14:49:55,319 - my_experiment - advP_HybridComm_5M - my_run - INFO - Recent Stats | t_env:    2700000 | Episode:    13500
ep_length_mean:          200.0000	episode_length_mean:     199.0000	epsilon:                   0.0500	grad_norm:               3921.9507
info_nce_loss:             0.3630	loss:                     20.4938	q_loss:                   18.6308	return_mean:             139.7164
return_std:                5.2313	test_ep_length_mean:     200.0000	test_episode_length_mean:199.0000	test_return_mean:        149.2880
test_return_std:           6.0043	
2026-03-15 14:49:58,956 - my_experiment - advP_HybridComm_5M - my_run - INFO - t_env: 2700200 / 5050000
2026-03-15 14:49:58,958 - my_experiment - advP_HybridComm_5M - my_run - INFO - Estimated time left: 15 hours, 28 minutes, 1 seconds. Time passed: 17 hours, 52 minutes, 32 seconds
2026-03-15 15:09:40,010 - my_experiment - advP_HybridComm_5M - my_run - INFO - Recent Stats | t_env:    2750000 | Episode:    13750
ep_length_mean:          200.0000	episode_length_mean:     199.0000	epsilon:                   0.0500	grad_norm:               5805.8721
info_nce_loss:             0.2749	loss:                     23.9204	q_loss:                   21.7458	return_mean:             140.0579
return_std:                5.5858	test_ep_length_mean:     200.0000	test_episode_length_mean:199.0000	test_return_mean:        149.2660
test_return_std:           6.0849	
2026-03-15 15:09:43,654 - my_experiment - advP_HybridComm_5M - my_run - INFO - t_env: 2750200 / 5050000
2026-03-15 15:09:43,655 - my_experiment - advP_HybridComm_5M - my_run - INFO - Estimated time left: 15 hours, 8 minutes, 11 seconds. Time passed: 18 hours, 12 minutes, 16 seconds
2026-03-15 15:29:22,434 - my_experiment - advP_HybridComm_5M - my_run - INFO - Recent Stats | t_env:    2800000 | Episode:    14000
ep_length_mean:          200.0000	episode_length_mean:     199.0000	epsilon:                   0.0500	grad_norm:               4133.1487
info_nce_loss:             0.2515	loss:                     15.2803	q_loss:                   13.8911	return_mean:             125.7943
return_std:               13.8727	test_ep_length_mean:     200.0000	test_episode_length_mean:199.0000	test_return_mean:        149.4439
test_return_std:           5.9607	
2026-03-15 15:29:26,055 - my_experiment - advP_HybridComm_5M - my_run - INFO - t_env: 2800200 / 5050000
2026-03-15 15:29:26,056 - my_experiment - advP_HybridComm_5M - my_run - INFO - Estimated time left: 14 hours, 46 minutes, 43 seconds. Time passed: 18 hours, 31 minutes, 59 seconds
2026-03-15 15:34:03,145 - my_experiment - advP_HybridComm_5M - my_run - INFO - Saving models to work_dirs/my_experiment/advP_HybridComm_5M/my_run/20260314_205714/models/2800200
2026-03-15 15:49:07,161 - my_experiment - advP_HybridComm_5M - my_run - INFO - Recent Stats | t_env:    2850000 | Episode:    14250
ep_length_mean:          200.0000	episode_length_mean:     199.0000	epsilon:                   0.0500	grad_norm:               2289.5427
info_nce_loss:             0.2843	loss:                      5.4726	q_loss:                    4.9750	return_mean:             136.8426
return_std:                5.9990	test_ep_length_mean:     200.0000	test_episode_length_mean:199.0000	test_return_mean:        148.5547
test_return_std:           6.3826	
2026-03-15 15:49:10,828 - my_experiment - advP_HybridComm_5M - my_run - INFO - t_env: 2850200 / 5050000
2026-03-15 15:49:10,830 - my_experiment - advP_HybridComm_5M - my_run - INFO - Estimated time left: 14 hours, 28 minutes, 45 seconds. Time passed: 18 hours, 51 minutes, 44 seconds
2026-03-15 16:08:50,504 - my_experiment - advP_HybridComm_5M - my_run - INFO - Recent Stats | t_env:    2900000 | Episode:    14500
ep_length_mean:          200.0000	episode_length_mean:     199.0000	epsilon:                   0.0500	grad_norm:               2121.2458
info_nce_loss:             0.2875	loss:                      4.9935	q_loss:                    4.5396	return_mean:             139.4364
return_std:                4.5809	test_ep_length_mean:     200.0000	test_episode_length_mean:199.0000	test_return_mean:        148.6100
test_return_std:           6.3139	
2026-03-15 16:08:54,119 - my_experiment - advP_HybridComm_5M - my_run - INFO - t_env: 2900200 / 5050000
2026-03-15 16:08:54,120 - my_experiment - advP_HybridComm_5M - my_run - INFO - Estimated time left: 14 hours, 7 minutes, 56 seconds. Time passed: 19 hours, 11 minutes, 27 seconds
2026-03-15 16:28:30,043 - my_experiment - advP_HybridComm_5M - my_run - INFO - Recent Stats | t_env:    2950000 | Episode:    14750
ep_length_mean:          200.0000	episode_length_mean:     199.0000	epsilon:                   0.0500	grad_norm:               2309.9428
info_nce_loss:             0.2604	loss:                      5.4391	q_loss:                    4.9447	return_mean:             140.1113
return_std:                4.7270	test_ep_length_mean:     200.0000	test_episode_length_mean:199.0000	test_return_mean:        148.3844
test_return_std:           6.2703	
2026-03-15 16:28:33,704 - my_experiment - advP_HybridComm_5M - my_run - INFO - t_env: 2950200 / 5050000
2026-03-15 16:28:33,705 - my_experiment - advP_HybridComm_5M - my_run - INFO - Estimated time left: 13 hours, 45 minutes, 37 seconds. Time passed: 19 hours, 31 minutes, 6 seconds
2026-03-15 16:48:10,690 - my_experiment - advP_HybridComm_5M - my_run - INFO - Recent Stats | t_env:    3000000 | Episode:    15000
ep_length_mean:          200.0000	episode_length_mean:     199.0000	epsilon:                   0.0500	grad_norm:               1909.7135
info_nce_loss:             0.2057	loss:                      4.9299	q_loss:                    4.4817	return_mean:             140.4306
return_std:                5.0113	test_ep_length_mean:     200.0000	test_episode_length_mean:199.0000	test_return_mean:        148.5493
test_return_std:           6.1561	
2026-03-15 16:48:14,301 - my_experiment - advP_HybridComm_5M - my_run - INFO - t_env: 3000200 / 5050000
2026-03-15 16:48:14,302 - my_experiment - advP_HybridComm_5M - my_run - INFO - Estimated time left: 13 hours, 26 minutes, 39 seconds. Time passed: 19 hours, 50 minutes, 47 seconds
2026-03-15 16:52:50,401 - my_experiment - advP_HybridComm_5M - my_run - INFO - Saving models to work_dirs/my_experiment/advP_HybridComm_5M/my_run/20260314_205714/models/3000200
2026-03-15 17:07:48,005 - my_experiment - advP_HybridComm_5M - my_run - INFO - Recent Stats | t_env:    3050000 | Episode:    15250
ep_length_mean:          200.0000	episode_length_mean:     199.0000	epsilon:                   0.0500	grad_norm:               2240.2236
info_nce_loss:             0.3596	loss:                      5.4572	q_loss:                    4.9611	return_mean:             141.0886
return_std:                4.5523	test_ep_length_mean:     200.0000	test_episode_length_mean:199.0000	test_return_mean:        148.6777
test_return_std:           6.0227	
2026-03-15 17:07:51,634 - my_experiment - advP_HybridComm_5M - my_run - INFO - t_env: 3050200 / 5050000
2026-03-15 17:07:51,635 - my_experiment - advP_HybridComm_5M - my_run - INFO - Estimated time left: 13 hours, 4 minutes, 48 seconds. Time passed: 20 hours, 10 minutes, 24 seconds
2026-03-15 17:27:26,112 - my_experiment - advP_HybridComm_5M - my_run - INFO - Recent Stats | t_env:    3100000 | Episode:    15500
ep_length_mean:          200.0000	episode_length_mean:     199.0000	epsilon:                   0.0500	grad_norm:               2144.6280
info_nce_loss:             0.3067	loss:                      5.4747	q_loss:                    4.9770	return_mean:             141.8389
return_std:                3.9867	test_ep_length_mean:     200.0000	test_episode_length_mean:199.0000	test_return_mean:        149.7522
test_return_std:           5.4141	
2026-03-15 17:27:29,738 - my_experiment - advP_HybridComm_5M - my_run - INFO - t_env: 3100200 / 5050000
2026-03-15 17:27:29,739 - my_experiment - advP_HybridComm_5M - my_run - INFO - Estimated time left: 12 hours, 45 minutes, 41 seconds. Time passed: 20 hours, 30 minutes, 3 seconds
2026-03-15 17:47:03,918 - my_experiment - advP_HybridComm_5M - my_run - INFO - Recent Stats | t_env:    3150000 | Episode:    15750
ep_length_mean:          200.0000	episode_length_mean:     199.0000	epsilon:                   0.0500	grad_norm:               2248.6838
info_nce_loss:             0.2678	loss:                      6.4506	q_loss:                    5.8642	return_mean:             141.7126
return_std:                4.2853	test_ep_length_mean:     200.0000	test_episode_length_mean:199.0000	test_return_mean:        150.2921
test_return_std:           5.0953	
2026-03-15 17:47:07,514 - my_experiment - advP_HybridComm_5M - my_run - INFO - t_env: 3150200 / 5050000
2026-03-15 17:47:07,515 - my_experiment - advP_HybridComm_5M - my_run - INFO - Estimated time left: 12 hours, 25 minutes, 50 seconds. Time passed: 20 hours, 49 minutes, 40 seconds
2026-03-15 18:06:41,423 - my_experiment - advP_HybridComm_5M - my_run - INFO - Recent Stats | t_env:    3200000 | Episode:    16000
ep_length_mean:          200.0000	episode_length_mean:     199.0000	epsilon:                   0.0500	grad_norm:               1995.5512
info_nce_loss:             0.2214	loss:                      5.2561	q_loss:                    4.7783	return_mean:             141.7820
return_std:                4.6590	test_ep_length_mean:     200.0000	test_episode_length_mean:199.0000	test_return_mean:        150.9287
test_return_std:           4.9035	
2026-03-15 18:06:45,010 - my_experiment - advP_HybridComm_5M - my_run - INFO - t_env: 3200200 / 5050000
2026-03-15 18:06:45,011 - my_experiment - advP_HybridComm_5M - my_run - INFO - Estimated time left: 12 hours, 6 minutes, 2 seconds. Time passed: 21 hours, 9 minutes, 18 seconds
2026-03-15 18:11:22,651 - my_experiment - advP_HybridComm_5M - my_run - INFO - Saving models to work_dirs/my_experiment/advP_HybridComm_5M/my_run/20260314_205714/models/3200200
2026-03-15 18:26:19,541 - my_experiment - advP_HybridComm_5M - my_run - INFO - Recent Stats | t_env:    3250000 | Episode:    16250
ep_length_mean:          200.0000	episode_length_mean:     199.0000	epsilon:                   0.0500	grad_norm:               2194.7000
info_nce_loss:             0.2877	loss:                      5.4400	q_loss:                    4.9455	return_mean:             141.7612
return_std:                4.3803	test_ep_length_mean:     200.0000	test_episode_length_mean:199.0000	test_return_mean:        151.1491
test_return_std:           4.8014	
2026-03-15 18:26:23,157 - my_experiment - advP_HybridComm_5M - my_run - INFO - t_env: 3250200 / 5050000
2026-03-15 18:26:23,158 - my_experiment - advP_HybridComm_5M - my_run - INFO - Estimated time left: 11 hours, 46 minutes, 48 seconds. Time passed: 21 hours, 28 minutes, 56 seconds
2026-03-15 18:45:13,736 - my_experiment - advP_HybridComm_5M - my_run - INFO - Recent Stats | t_env:    3300000 | Episode:    16500
ep_length_mean:          200.0000	episode_length_mean:     199.0000	epsilon:                   0.0500	grad_norm:               1636.6355
info_nce_loss:             0.2134	loss:                      5.4225	q_loss:                    4.9295	return_mean:             142.0212
return_std:                4.5610	test_ep_length_mean:     200.0000	test_episode_length_mean:199.0000	test_return_mean:        151.5808
test_return_std:           4.5216	
2026-03-15 18:45:17,146 - my_experiment - advP_HybridComm_5M - my_run - INFO - t_env: 3300200 / 5050000
2026-03-15 18:45:17,147 - my_experiment - advP_HybridComm_5M - my_run - INFO - Estimated time left: 11 hours, 1 minutes, 25 seconds. Time passed: 21 hours, 47 minutes, 50 seconds
2026-03-15 19:03:51,694 - my_experiment - advP_HybridComm_5M - my_run - INFO - Recent Stats | t_env:    3350000 | Episode:    16750
ep_length_mean:          200.0000	episode_length_mean:     199.0000	epsilon:                   0.0500	grad_norm:               2310.4775
info_nce_loss:             0.1983	loss:                      8.0661	q_loss:                    7.3328	return_mean:             142.3210
return_std:                3.7883	test_ep_length_mean:     200.0000	test_episode_length_mean:199.0000	test_return_mean:        151.7112
test_return_std:           4.5858	
2026-03-15 19:03:55,118 - my_experiment - advP_HybridComm_5M - my_run - INFO - t_env: 3350200 / 5050000
2026-03-15 19:03:55,118 - my_experiment - advP_HybridComm_5M - my_run - INFO - Estimated time left: 10 hours, 33 minutes, 26 seconds. Time passed: 22 hours, 6 minutes, 28 seconds
2026-03-15 19:22:38,860 - my_experiment - advP_HybridComm_5M - my_run - INFO - Recent Stats | t_env:    3400000 | Episode:    17000
ep_length_mean:          200.0000	episode_length_mean:     199.0000	epsilon:                   0.0500	grad_norm:               1713.0885
info_nce_loss:             0.3317	loss:                      4.6766	q_loss:                    4.2514	return_mean:             142.2447
return_std:                4.5516	test_ep_length_mean:     200.0000	test_episode_length_mean:199.0000	test_return_mean:        152.0942
test_return_std:           4.6005	
2026-03-15 19:22:42,303 - my_experiment - advP_HybridComm_5M - my_run - INFO - t_env: 3400200 / 5050000
2026-03-15 19:22:42,304 - my_experiment - advP_HybridComm_5M - my_run - INFO - Estimated time left: 10 hours, 19 minutes, 52 seconds. Time passed: 22 hours, 25 minutes, 15 seconds
2026-03-15 19:27:05,656 - my_experiment - advP_HybridComm_5M - my_run - INFO - Saving models to work_dirs/my_experiment/advP_HybridComm_5M/my_run/20260314_205714/models/3400200
2026-03-15 19:41:24,540 - my_experiment - advP_HybridComm_5M - my_run - INFO - Recent Stats | t_env:    3450000 | Episode:    17250
ep_length_mean:          200.0000	episode_length_mean:     199.0000	epsilon:                   0.0500	grad_norm:               1726.9453
info_nce_loss:             0.2806	loss:                      4.7902	q_loss:                    4.3547	return_mean:             142.8585
return_std:                4.0430	test_ep_length_mean:     200.0000	test_episode_length_mean:199.0000	test_return_mean:        152.0735
test_return_std:           4.5687	
2026-03-15 19:41:28,103 - my_experiment - advP_HybridComm_5M - my_run - INFO - t_env: 3450200 / 5050000
2026-03-15 19:41:28,104 - my_experiment - advP_HybridComm_5M - my_run - INFO - Estimated time left: 10 hours, 21 seconds. Time passed: 22 hours, 44 minutes, 1 seconds
2026-03-15 19:59:58,358 - my_experiment - advP_HybridComm_5M - my_run - INFO - Recent Stats | t_env:    3500000 | Episode:    17500
ep_length_mean:          200.0000	episode_length_mean:     199.0000	epsilon:                   0.0500	grad_norm:               1557.4208
info_nce_loss:             0.3881	loss:                      4.1140	q_loss:                    3.7400	return_mean:             142.7721
return_std:                4.2560	test_ep_length_mean:     200.0000	test_episode_length_mean:199.0000	test_return_mean:        152.3080
test_return_std:           4.3419	
2026-03-15 20:00:01,752 - my_experiment - advP_HybridComm_5M - my_run - INFO - t_env: 3500200 / 5050000
2026-03-15 20:00:01,753 - my_experiment - advP_HybridComm_5M - my_run - INFO - Estimated time left: 9 hours, 35 minutes, 18 seconds. Time passed: 23 hours, 2 minutes, 35 seconds
2026-03-15 20:18:19,845 - my_experiment - advP_HybridComm_5M - my_run - INFO - Recent Stats | t_env:    3550000 | Episode:    17750
ep_length_mean:          200.0000	episode_length_mean:     199.0000	epsilon:                   0.0500	grad_norm:               1765.6268
info_nce_loss:             0.2424	loss:                      4.8849	q_loss:                    4.4409	return_mean:             142.9161
return_std:                3.9217	test_ep_length_mean:     200.0000	test_episode_length_mean:199.0000	test_return_mean:        152.0926
test_return_std:           4.5796	
2026-03-15 20:18:23,202 - my_experiment - advP_HybridComm_5M - my_run - INFO - t_env: 3550200 / 5050000
2026-03-15 20:18:23,203 - my_experiment - advP_HybridComm_5M - my_run - INFO - Estimated time left: 9 hours, 10 minutes, 39 seconds. Time passed: 23 hours, 20 minutes, 56 seconds
2026-03-15 20:36:40,364 - my_experiment - advP_HybridComm_5M - my_run - INFO - Recent Stats | t_env:    3600000 | Episode:    18000
ep_length_mean:          200.0000	episode_length_mean:     199.0000	epsilon:                   0.0500	grad_norm:               1571.1520
info_nce_loss:             0.1579	loss:                      4.2513	q_loss:                    3.8648	return_mean:             141.8026
return_std:                4.7310	test_ep_length_mean:     200.0000	test_episode_length_mean:199.0000	test_return_mean:        152.2667
test_return_std:           4.4295	
2026-03-15 20:36:43,718 - my_experiment - advP_HybridComm_5M - my_run - INFO - t_env: 3600200 / 5050000
2026-03-15 20:36:43,718 - my_experiment - advP_HybridComm_5M - my_run - INFO - Estimated time left: 8 hours, 51 minutes, 50 seconds. Time passed: 23 hours, 39 minutes, 17 seconds
2026-03-15 20:40:59,328 - my_experiment - advP_HybridComm_5M - my_run - INFO - Saving models to work_dirs/my_experiment/advP_HybridComm_5M/my_run/20260314_205714/models/3600200
2026-03-15 20:54:57,032 - my_experiment - advP_HybridComm_5M - my_run - INFO - Recent Stats | t_env:    3650000 | Episode:    18250
ep_length_mean:          200.0000	episode_length_mean:     199.0000	epsilon:                   0.0500	grad_norm:               1634.0580
info_nce_loss:             0.3653	loss:                      5.1165	q_loss:                    4.6513	return_mean:             142.2583
return_std:                4.6432	test_ep_length_mean:     200.0000	test_episode_length_mean:199.0000	test_return_mean:        152.1774
test_return_std:           4.4315	
2026-03-15 20:55:00,463 - my_experiment - advP_HybridComm_5M - my_run - INFO - t_env: 3650200 / 5050000
2026-03-15 20:55:00,464 - my_experiment - advP_HybridComm_5M - my_run - INFO - Estimated time left: 8 hours, 31 minutes, 44 seconds. Time passed: 23 hours, 57 minutes, 33 seconds
2026-03-15 21:13:41,142 - my_experiment - advP_HybridComm_5M - my_run - INFO - Recent Stats | t_env:    3700000 | Episode:    18500
ep_length_mean:          200.0000	episode_length_mean:     199.0000	epsilon:                   0.0500	grad_norm:               1368.1392
info_nce_loss:             0.4025	loss:                      3.8572	q_loss:                    3.5065	return_mean:             142.1509
return_std:                4.7960	test_ep_length_mean:     200.0000	test_episode_length_mean:199.0000	test_return_mean:        152.3202
test_return_std:           4.5110	
2026-03-15 21:13:44,489 - my_experiment - advP_HybridComm_5M - my_run - INFO - t_env: 3700200 / 5050000
2026-03-15 21:13:44,490 - my_experiment - advP_HybridComm_5M - my_run - INFO - Estimated time left: 8 hours, 25 minutes, 44 seconds. Time passed: 1 days, 16 minutes, 17 seconds
2026-03-15 21:32:45,674 - my_experiment - advP_HybridComm_5M - my_run - INFO - Recent Stats | t_env:    3750000 | Episode:    18750
ep_length_mean:          200.0000	episode_length_mean:     199.0000	epsilon:                   0.0500	grad_norm:               1721.4061
info_nce_loss:             0.5236	loss:                      7.2470	q_loss:                    6.5882	return_mean:             141.2548
return_std:                5.5726	test_ep_length_mean:     200.0000	test_episode_length_mean:199.0000	test_return_mean:        152.0935
test_return_std:           4.7632	
2026-03-15 21:32:49,289 - my_experiment - advP_HybridComm_5M - my_run - INFO - t_env: 3750200 / 5050000
2026-03-15 21:32:49,289 - my_experiment - advP_HybridComm_5M - my_run - INFO - Estimated time left: 8 hours, 16 minutes, 0 seconds. Time passed: 1 days, 35 minutes, 22 seconds
2026-03-15 21:52:22,721 - my_experiment - advP_HybridComm_5M - my_run - INFO - Recent Stats | t_env:    3800000 | Episode:    19000
ep_length_mean:          200.0000	episode_length_mean:     199.0000	epsilon:                   0.0500	grad_norm:               3825.1968
info_nce_loss:             0.3254	loss:                     16.2540	q_loss:                   14.7763	return_mean:             140.8451
return_std:                5.0453	test_ep_length_mean:     200.0000	test_episode_length_mean:199.0000	test_return_mean:        151.9357
test_return_std:           5.0525	
2026-03-15 21:52:26,343 - my_experiment - advP_HybridComm_5M - my_run - INFO - t_env: 3800200 / 5050000
2026-03-15 21:52:26,343 - my_experiment - advP_HybridComm_5M - my_run - INFO - Estimated time left: 8 hours, 10 minutes, 21 seconds. Time passed: 1 days, 54 minutes, 59 seconds
2026-03-15 21:57:01,455 - my_experiment - advP_HybridComm_5M - my_run - INFO - Saving models to work_dirs/my_experiment/advP_HybridComm_5M/my_run/20260314_205714/models/3800200
2026-03-15 22:11:57,499 - my_experiment - advP_HybridComm_5M - my_run - INFO - Recent Stats | t_env:    3850000 | Episode:    19250
ep_length_mean:          200.0000	episode_length_mean:     199.0000	epsilon:                   0.0500	grad_norm:               1622.9806
info_nce_loss:             0.2428	loss:                      5.0338	q_loss:                    4.5762	return_mean:             141.0908
return_std:                4.8219	test_ep_length_mean:     200.0000	test_episode_length_mean:199.0000	test_return_mean:        151.6133
test_return_std:           5.1606	
2026-03-15 22:12:01,098 - my_experiment - advP_HybridComm_5M - my_run - INFO - t_env: 3850200 / 5050000
2026-03-15 22:12:01,099 - my_experiment - advP_HybridComm_5M - my_run - INFO - Estimated time left: 7 hours, 49 minutes, 49 seconds. Time passed: 1 days, 1 hours, 14 minutes, 34 seconds
2026-03-15 22:31:21,027 - my_experiment - advP_HybridComm_5M - my_run - INFO - Recent Stats | t_env:    3900000 | Episode:    19500
ep_length_mean:          200.0000	episode_length_mean:     199.0000	epsilon:                   0.0500	grad_norm:               2284.8139
info_nce_loss:             0.1458	loss:                      8.2234	q_loss:                    7.4759	return_mean:             142.5467
return_std:                4.2582	test_ep_length_mean:     200.0000	test_episode_length_mean:199.0000	test_return_mean:        150.9929
test_return_std:           5.4269	
2026-03-15 22:31:24,548 - my_experiment - advP_HybridComm_5M - my_run - INFO - t_env: 3900200 / 5050000
2026-03-15 22:31:24,549 - my_experiment - advP_HybridComm_5M - my_run - INFO - Estimated time left: 7 hours, 25 minutes, 54 seconds. Time passed: 1 days, 1 hours, 33 minutes, 57 seconds
2026-03-15 22:50:40,568 - my_experiment - advP_HybridComm_5M - my_run - INFO - Recent Stats | t_env:    3950000 | Episode:    19750
ep_length_mean:          200.0000	episode_length_mean:     199.0000	epsilon:                   0.0500	grad_norm:               1602.5213
info_nce_loss:             0.2314	loss:                      6.8696	q_loss:                    6.2451	return_mean:             142.2912
return_std:                4.1139	test_ep_length_mean:     200.0000	test_episode_length_mean:199.0000	test_return_mean:        150.8080
test_return_std:           5.6773	
2026-03-15 22:50:44,210 - my_experiment - advP_HybridComm_5M - my_run - INFO - t_env: 3950200 / 5050000
2026-03-15 22:50:44,211 - my_experiment - advP_HybridComm_5M - my_run - INFO - Estimated time left: 7 hours, 5 minutes, 7 seconds. Time passed: 1 days, 1 hours, 53 minutes, 17 seconds
2026-03-15 23:09:50,469 - my_experiment - advP_HybridComm_5M - my_run - INFO - Recent Stats | t_env:    4000000 | Episode:    20000
ep_length_mean:          200.0000	episode_length_mean:     199.0000	epsilon:                   0.0500	grad_norm:               1242.3824
info_nce_loss:             0.1980	loss:                      4.2903	q_loss:                    3.9003	return_mean:             140.0514
return_std:                6.1192	test_ep_length_mean:     200.0000	test_episode_length_mean:199.0000	test_return_mean:        151.1243
test_return_std:           5.3849	
2026-03-15 23:09:53,954 - my_experiment - advP_HybridComm_5M - my_run - INFO - t_env: 4000200 / 5050000
2026-03-15 23:09:53,955 - my_experiment - advP_HybridComm_5M - my_run - INFO - Estimated time left: 6 hours, 42 minutes, 20 seconds. Time passed: 1 days, 2 hours, 12 minutes, 27 seconds
2026-03-15 23:14:21,170 - my_experiment - advP_HybridComm_5M - my_run - INFO - Saving models to work_dirs/my_experiment/advP_HybridComm_5M/my_run/20260314_205714/models/4000200
2026-03-15 23:28:54,025 - my_experiment - advP_HybridComm_5M - my_run - INFO - Recent Stats | t_env:    4050000 | Episode:    20250
ep_length_mean:          200.0000	episode_length_mean:     199.0000	epsilon:                   0.0500	grad_norm:               1129.8834
info_nce_loss:             0.2487	loss:                      3.3480	q_loss:                    3.0436	return_mean:             142.8871
return_std:                4.1676	test_ep_length_mean:     200.0000	test_episode_length_mean:199.0000	test_return_mean:        151.4876
test_return_std:           5.0269	
2026-03-15 23:28:57,509 - my_experiment - advP_HybridComm_5M - my_run - INFO - t_env: 4050200 / 5050000
2026-03-15 23:28:57,511 - my_experiment - advP_HybridComm_5M - my_run - INFO - Estimated time left: 6 hours, 21 minutes, 6 seconds. Time passed: 1 days, 2 hours, 31 minutes, 30 seconds
2026-03-15 23:47:53,820 - my_experiment - advP_HybridComm_5M - my_run - INFO - Recent Stats | t_env:    4100000 | Episode:    20500
ep_length_mean:          200.0000	episode_length_mean:     199.0000	epsilon:                   0.0500	grad_norm:               844.3599
info_nce_loss:             0.3691	loss:                      2.9268	q_loss:                    2.6607	return_mean:             143.1709
return_std:                3.3374	test_ep_length_mean:     200.0000	test_episode_length_mean:199.0000	test_return_mean:        151.8041
test_return_std:           5.1365	
2026-03-15 23:47:57,363 - my_experiment - advP_HybridComm_5M - my_run - INFO - t_env: 4100200 / 5050000
2026-03-15 23:47:57,364 - my_experiment - advP_HybridComm_5M - my_run - INFO - Estimated time left: 6 hours, 52 seconds. Time passed: 1 days, 2 hours, 50 minutes, 30 seconds
2026-03-16 00:07:13,132 - my_experiment - advP_HybridComm_5M - my_run - INFO - Recent Stats | t_env:    4150000 | Episode:    20750
ep_length_mean:          200.0000	episode_length_mean:     199.0000	epsilon:                   0.0500	grad_norm:               947.4524
info_nce_loss:             0.1413	loss:                      3.0262	q_loss:                    2.7511	return_mean:             143.4752
return_std:                3.7031	test_ep_length_mean:     200.0000	test_episode_length_mean:199.0000	test_return_mean:        152.4731
test_return_std:           4.9032	
2026-03-16 00:07:16,621 - my_experiment - advP_HybridComm_5M - my_run - INFO - t_env: 4150200 / 5050000
2026-03-16 00:07:16,622 - my_experiment - advP_HybridComm_5M - my_run - INFO - Estimated time left: 5 hours, 47 minutes, 42 seconds. Time passed: 1 days, 3 hours, 9 minutes, 49 seconds
2026-03-16 00:26:15,255 - my_experiment - advP_HybridComm_5M - my_run - INFO - Recent Stats | t_env:    4200000 | Episode:    21000
ep_length_mean:          200.0000	episode_length_mean:     199.0000	epsilon:                   0.0500	grad_norm:               723.0532
info_nce_loss:             0.2506	loss:                      2.5400	q_loss:                    2.3091	return_mean:             143.1626
return_std:                3.7126	test_ep_length_mean:     200.0000	test_episode_length_mean:199.0000	test_return_mean:        152.8285
test_return_std:           4.5296	
2026-03-16 00:26:18,735 - my_experiment - advP_HybridComm_5M - my_run - INFO - t_env: 4200200 / 5050000
2026-03-16 00:26:18,736 - my_experiment - advP_HybridComm_5M - my_run - INFO - Estimated time left: 5 hours, 23 minutes, 31 seconds. Time passed: 1 days, 3 hours, 28 minutes, 52 seconds
2026-03-16 00:30:45,705 - my_experiment - advP_HybridComm_5M - my_run - INFO - Saving models to work_dirs/my_experiment/advP_HybridComm_5M/my_run/20260314_205714/models/4200200
2026-03-16 00:45:05,652 - my_experiment - advP_HybridComm_5M - my_run - INFO - Recent Stats | t_env:    4250000 | Episode:    21250
ep_length_mean:          200.0000	episode_length_mean:     199.0000	epsilon:                   0.0500	grad_norm:               907.0729
info_nce_loss:             0.4380	loss:                      3.1969	q_loss:                    2.9063	return_mean:             143.6179
return_std:                3.3408	test_ep_length_mean:     200.0000	test_episode_length_mean:199.0000	test_return_mean:        152.7969
test_return_std:           4.6055	
2026-03-16 00:45:09,099 - my_experiment - advP_HybridComm_5M - my_run - INFO - t_env: 4250200 / 5050000
2026-03-16 00:45:09,100 - my_experiment - advP_HybridComm_5M - my_run - INFO - Estimated time left: 5 hours, 1 minutes, 21 seconds. Time passed: 1 days, 3 hours, 47 minutes, 42 seconds
2026-03-16 01:03:54,831 - my_experiment - advP_HybridComm_5M - my_run - INFO - Recent Stats | t_env:    4300000 | Episode:    21500
ep_length_mean:          200.0000	episode_length_mean:     199.0000	epsilon:                   0.0500	grad_norm:               848.7611
info_nce_loss:             0.2547	loss:                      2.8441	q_loss:                    2.5856	return_mean:             143.4806
return_std:                3.4803	test_ep_length_mean:     200.0000	test_episode_length_mean:199.0000	test_return_mean:        153.0264
test_return_std:           4.4426	
2026-03-16 01:03:58,280 - my_experiment - advP_HybridComm_5M - my_run - INFO - t_env: 4300200 / 5050000
2026-03-16 01:03:58,281 - my_experiment - advP_HybridComm_5M - my_run - INFO - Estimated time left: 4 hours, 42 minutes, 13 seconds. Time passed: 1 days, 4 hours, 6 minutes, 31 seconds
2026-03-16 01:22:35,725 - my_experiment - advP_HybridComm_5M - my_run - INFO - Recent Stats | t_env:    4350000 | Episode:    21750
ep_length_mean:          200.0000	episode_length_mean:     199.0000	epsilon:                   0.0500	grad_norm:               2651.5655
info_nce_loss:             0.2338	loss:                     15.9979	q_loss:                   14.5436	return_mean:             142.9193
return_std:                3.9725	test_ep_length_mean:     200.0000	test_episode_length_mean:199.0000	test_return_mean:        153.3481
test_return_std:           4.1148	
2026-03-16 01:22:39,149 - my_experiment - advP_HybridComm_5M - my_run - INFO - t_env: 4350200 / 5050000
2026-03-16 01:22:39,150 - my_experiment - advP_HybridComm_5M - my_run - INFO - Estimated time left: 4 hours, 21 minutes, 27 seconds. Time passed: 1 days, 4 hours, 25 minutes, 12 seconds
2026-03-16 01:41:13,775 - my_experiment - advP_HybridComm_5M - my_run - INFO - Recent Stats | t_env:    4400000 | Episode:    22000
ep_length_mean:          200.0000	episode_length_mean:     199.0000	epsilon:                   0.0500	grad_norm:               1474.5868
info_nce_loss:             0.3215	loss:                      5.0081	q_loss:                    4.5528	return_mean:             142.4630
return_std:                4.2408	test_ep_length_mean:     200.0000	test_episode_length_mean:199.0000	test_return_mean:        153.3838
test_return_std:           3.8613	
2026-03-16 01:41:17,186 - my_experiment - advP_HybridComm_5M - my_run - INFO - t_env: 4400200 / 5050000
2026-03-16 01:41:17,187 - my_experiment - advP_HybridComm_5M - my_run - INFO - Estimated time left: 4 hours, 2 minutes, 9 seconds. Time passed: 1 days, 4 hours, 43 minutes, 50 seconds
2026-03-16 01:45:37,470 - my_experiment - advP_HybridComm_5M - my_run - INFO - Saving models to work_dirs/my_experiment/advP_HybridComm_5M/my_run/20260314_205714/models/4400200
2026-03-16 02:00:09,421 - my_experiment - advP_HybridComm_5M - my_run - INFO - Recent Stats | t_env:    4450000 | Episode:    22250
ep_length_mean:          200.0000	episode_length_mean:     199.0000	epsilon:                   0.0500	grad_norm:               778.8811
info_nce_loss:             0.2545	loss:                      2.7469	q_loss:                    2.4972	return_mean:             143.4777
return_std:                3.4386	test_ep_length_mean:     200.0000	test_episode_length_mean:199.0000	test_return_mean:        153.3767
test_return_std:           3.8811	
2026-03-16 02:00:13,056 - my_experiment - advP_HybridComm_5M - my_run - INFO - t_env: 4450200 / 5050000
2026-03-16 02:00:13,057 - my_experiment - advP_HybridComm_5M - my_run - INFO - Estimated time left: 3 hours, 47 minutes, 5 seconds. Time passed: 1 days, 5 hours, 2 minutes, 46 seconds
2026-03-16 02:19:44,150 - my_experiment - advP_HybridComm_5M - my_run - INFO - Recent Stats | t_env:    4500000 | Episode:    22500
ep_length_mean:          200.0000	episode_length_mean:     199.0000	epsilon:                   0.0500	grad_norm:               740.8086
info_nce_loss:             0.2603	loss:                      2.6508	q_loss:                    2.4098	return_mean:             143.8783
return_std:                2.9874	test_ep_length_mean:     200.0000	test_episode_length_mean:199.0000	test_return_mean:        153.5069
test_return_std:           3.9125	
2026-03-16 02:19:47,796 - my_experiment - advP_HybridComm_5M - my_run - INFO - t_env: 4500200 / 5050000
2026-03-16 02:19:47,798 - my_experiment - advP_HybridComm_5M - my_run - INFO - Estimated time left: 3 hours, 35 minutes, 17 seconds. Time passed: 1 days, 5 hours, 22 minutes, 21 seconds
2026-03-16 02:39:16,723 - my_experiment - advP_HybridComm_5M - my_run - INFO - Recent Stats | t_env:    4550000 | Episode:    22750
ep_length_mean:          200.0000	episode_length_mean:     199.0000	epsilon:                   0.0500	grad_norm:               703.2440
info_nce_loss:             0.2185	loss:                      2.5783	q_loss:                    2.3439	return_mean:             143.9185
return_std:                3.3188	test_ep_length_mean:     200.0000	test_episode_length_mean:199.0000	test_return_mean:        153.5442
test_return_std:           3.9356	
2026-03-16 02:39:20,325 - my_experiment - advP_HybridComm_5M - my_run - INFO - t_env: 4550200 / 5050000
2026-03-16 02:39:20,326 - my_experiment - advP_HybridComm_5M - my_run - INFO - Estimated time left: 3 hours, 15 minutes, 20 seconds. Time passed: 1 days, 5 hours, 41 minutes, 53 seconds
2026-03-16 02:58:56,969 - my_experiment - advP_HybridComm_5M - my_run - INFO - Recent Stats | t_env:    4600000 | Episode:    23000
ep_length_mean:          200.0000	episode_length_mean:     199.0000	epsilon:                   0.0500	grad_norm:               642.2132
info_nce_loss:             0.1773	loss:                      2.5344	q_loss:                    2.3040	return_mean:             143.9131
return_std:                3.2092	test_ep_length_mean:     200.0000	test_episode_length_mean:199.0000	test_return_mean:        153.5753
test_return_std:           3.8319	
2026-03-16 02:59:00,686 - my_experiment - advP_HybridComm_5M - my_run - INFO - t_env: 4600200 / 5050000
2026-03-16 02:59:00,687 - my_experiment - advP_HybridComm_5M - my_run - INFO - Estimated time left: 2 hours, 56 minutes, 58 seconds. Time passed: 1 days, 6 hours, 1 minutes, 33 seconds
2026-03-16 03:03:36,385 - my_experiment - advP_HybridComm_5M - my_run - INFO - Saving models to work_dirs/my_experiment/advP_HybridComm_5M/my_run/20260314_205714/models/4600200
2026-03-16 03:18:38,630 - my_experiment - advP_HybridComm_5M - my_run - INFO - Recent Stats | t_env:    4650000 | Episode:    23250
ep_length_mean:          200.0000	episode_length_mean:     199.0000	epsilon:                   0.0500	grad_norm:               658.5542
info_nce_loss:             0.1305	loss:                      2.7067	q_loss:                    2.4607	return_mean:             144.1781
return_std:                3.0998	test_ep_length_mean:     200.0000	test_episode_length_mean:199.0000	test_return_mean:        153.8138
test_return_std:           3.7859	
2026-03-16 03:18:42,246 - my_experiment - advP_HybridComm_5M - my_run - INFO - t_env: 4650200 / 5050000
2026-03-16 03:18:42,247 - my_experiment - advP_HybridComm_5M - my_run - INFO - Estimated time left: 2 hours, 37 minutes, 27 seconds. Time passed: 1 days, 6 hours, 21 minutes, 15 seconds
2026-03-16 03:38:23,471 - my_experiment - advP_HybridComm_5M - my_run - INFO - Recent Stats | t_env:    4700000 | Episode:    23500
ep_length_mean:          200.0000	episode_length_mean:     199.0000	epsilon:                   0.0500	grad_norm:               575.6162
info_nce_loss:             0.1893	loss:                      2.2881	q_loss:                    2.0801	return_mean:             144.3179
return_std:                2.6662	test_ep_length_mean:     200.0000	test_episode_length_mean:199.0000	test_return_mean:        153.9275
test_return_std:           3.6220	
2026-03-16 03:38:27,129 - my_experiment - advP_HybridComm_5M - my_run - INFO - t_env: 4700200 / 5050000
2026-03-16 03:38:27,130 - my_experiment - advP_HybridComm_5M - my_run - INFO - Estimated time left: 2 hours, 18 minutes, 9 seconds. Time passed: 1 days, 6 hours, 41 minutes, 0 seconds
2026-03-16 03:58:07,326 - my_experiment - advP_HybridComm_5M - my_run - INFO - Recent Stats | t_env:    4750000 | Episode:    23750
ep_length_mean:          200.0000	episode_length_mean:     199.0000	epsilon:                   0.0500	grad_norm:               668.6285
info_nce_loss:             0.1834	loss:                      2.7293	q_loss:                    2.4812	return_mean:             144.5022
return_std:                2.4535	test_ep_length_mean:     200.0000	test_episode_length_mean:199.0000	test_return_mean:        154.0013
test_return_std:           3.4621	
2026-03-16 03:58:10,946 - my_experiment - advP_HybridComm_5M - my_run - INFO - t_env: 4750200 / 5050000
2026-03-16 03:58:10,947 - my_experiment - advP_HybridComm_5M - my_run - INFO - Estimated time left: 1 hours, 58 minutes, 18 seconds. Time passed: 1 days, 7 hours, 44 seconds
2026-03-16 04:17:52,280 - my_experiment - advP_HybridComm_5M - my_run - INFO - Recent Stats | t_env:    4800000 | Episode:    24000
ep_length_mean:          200.0000	episode_length_mean:     199.0000	epsilon:                   0.0500	grad_norm:               658.9732
info_nce_loss:             0.2203	loss:                      2.6190	q_loss:                    2.3809	return_mean:             144.5581
return_std:                2.7757	test_ep_length_mean:     200.0000	test_episode_length_mean:199.0000	test_return_mean:        153.9847
test_return_std:           3.3959	
2026-03-16 04:17:55,916 - my_experiment - advP_HybridComm_5M - my_run - INFO - t_env: 4800200 / 5050000
2026-03-16 04:17:55,917 - my_experiment - advP_HybridComm_5M - my_run - INFO - Estimated time left: 1 hours, 38 minutes, 40 seconds. Time passed: 1 days, 7 hours, 20 minutes, 29 seconds
2026-03-16 04:22:33,679 - my_experiment - advP_HybridComm_5M - my_run - INFO - Saving models to work_dirs/my_experiment/advP_HybridComm_5M/my_run/20260314_205714/models/4800200
2026-03-16 04:37:35,775 - my_experiment - advP_HybridComm_5M - my_run - INFO - Recent Stats | t_env:    4850000 | Episode:    24250
ep_length_mean:          200.0000	episode_length_mean:     199.0000	epsilon:                   0.0500	grad_norm:               701.0512
info_nce_loss:             0.3095	loss:                      2.6581	q_loss:                    2.4164	return_mean:             144.6091
return_std:                2.8385	test_ep_length_mean:     200.0000	test_episode_length_mean:199.0000	test_return_mean:        153.9754
test_return_std:           3.4057	
2026-03-16 04:37:39,401 - my_experiment - advP_HybridComm_5M - my_run - INFO - t_env: 4850200 / 5050000
2026-03-16 04:37:39,402 - my_experiment - advP_HybridComm_5M - my_run - INFO - Estimated time left: 1 hours, 18 minutes, 49 seconds. Time passed: 1 days, 7 hours, 40 minutes, 12 seconds
2026-03-16 04:57:17,489 - my_experiment - advP_HybridComm_5M - my_run - INFO - Recent Stats | t_env:    4900000 | Episode:    24500
ep_length_mean:          200.0000	episode_length_mean:     199.0000	epsilon:                   0.0500	grad_norm:               716.1007
info_nce_loss:             0.2815	loss:                      3.2132	q_loss:                    2.9211	return_mean:             143.4442
return_std:                3.6190	test_ep_length_mean:     200.0000	test_episode_length_mean:199.0000	test_return_mean:        153.2956
test_return_std:           3.9556	
2026-03-16 04:57:21,099 - my_experiment - advP_HybridComm_5M - my_run - INFO - t_env: 4900200 / 5050000
2026-03-16 04:57:21,100 - my_experiment - advP_HybridComm_5M - my_run - INFO - Estimated time left: 59 minutes, 0 seconds. Time passed: 1 days, 7 hours, 59 minutes, 54 seconds
2026-03-16 05:17:00,578 - my_experiment - advP_HybridComm_5M - my_run - INFO - Recent Stats | t_env:    4950000 | Episode:    24750
ep_length_mean:          200.0000	episode_length_mean:     199.0000	epsilon:                   0.0500	grad_norm:               698.4018
info_nce_loss:             0.1796	loss:                      2.6729	q_loss:                    2.4299	return_mean:             144.4379
return_std:                2.8241	test_ep_length_mean:     200.0000	test_episode_length_mean:199.0000	test_return_mean:        153.3013
test_return_std:           4.0214	
2026-03-16 05:17:04,200 - my_experiment - advP_HybridComm_5M - my_run - INFO - t_env: 4950200 / 5050000
2026-03-16 05:17:04,201 - my_experiment - advP_HybridComm_5M - my_run - INFO - Estimated time left: 39 minutes, 21 seconds. Time passed: 1 days, 8 hours, 19 minutes, 37 seconds
2026-03-16 05:36:18,979 - my_experiment - advP_HybridComm_5M - my_run - INFO - Recent Stats | t_env:    5000000 | Episode:    25000
ep_length_mean:          200.0000	episode_length_mean:     199.0000	epsilon:                   0.0500	grad_norm:               1273.1989
info_nce_loss:             0.3961	loss:                      7.7315	q_loss:                    7.0287	return_mean:             143.8246
return_std:                3.2871	test_ep_length_mean:     200.0000	test_episode_length_mean:199.0000	test_return_mean:        153.3559
test_return_std:           4.0462	
2026-03-16 05:36:22,422 - my_experiment - advP_HybridComm_5M - my_run - INFO - t_env: 5000200 / 5050000
2026-03-16 05:36:22,423 - my_experiment - advP_HybridComm_5M - my_run - INFO - Estimated time left: 19 minutes, 13 seconds. Time passed: 1 days, 8 hours, 38 minutes, 55 seconds
2026-03-16 05:40:46,228 - my_experiment - advP_HybridComm_5M - my_run - INFO - Saving models to work_dirs/my_experiment/advP_HybridComm_5M/my_run/20260314_205714/models/5000200
2026-03-16 05:55:00,465 - my_experiment - advP_HybridComm_5M - my_run - INFO - Recent Stats | t_env:    5050000 | Episode:    25250
ep_length_mean:          200.0000	episode_length_mean:     199.0000	epsilon:                   0.0500	grad_norm:               936.9561
info_nce_loss:             0.3382	loss:                      3.3586	q_loss:                    3.0533	return_mean:             144.5793
return_std:                2.9153	test_ep_length_mean:     200.0000	test_episode_length_mean:199.0000	test_return_mean:        153.4847
test_return_std:           3.9850	
2026-03-16 05:55:03,903 - my_experiment - advP_HybridComm_5M - my_run - INFO - t_env: 5050200 / 5050000
2026-03-16 05:55:03,904 - my_experiment - advP_HybridComm_5M - my_run - INFO - Estimated time left: -. Time passed: 1 days, 8 hours, 57 minutes, 37 seconds
2026-03-16 05:59:18,450 - my_experiment - advP_HybridComm_5M - my_run - INFO - Finished Training
