JOB ID: 1909935
Running on node: tikgpu07
Project Directory: /usr/itetnas04/data-scratch-01/pparsons/data/MyExpoComm
--------------------------------
Algorithm:   iql
Environment: MAgent_AdvPursuit
Profile:     advP_Big_IQL_RNN_5M_43
--------------------------------
Conda activated: /usr/itetnas04/data-scratch-01/pparsons/data/conda_envs/ExpoComm
Starting Run...
Warning: Loaded 4 layers but model has 6 layers.
Exiting Main
Stopping all threads
Thread wandb-AsyncioManager-main is alive! Is daemon: True
Thread joined
Thread ChkStopThr is alive! Is daemon: True
Thread joined
Thread IntMsgThr is alive! Is daemon: True
Thread joined
Exiting script
[1;34mwandb[0m: 
[1;34mwandb[0m: 🚀 View run [33mmy_run-advP_Big_IQL_RNN_5M_43-20260424_124321[0m at: [34mhttps://wandb.ai/peterparsons02-eth-z-rich/my_experiment/runs/5f5cwx6r[0m
[1;34mwandb[0m: Find logs at: [1;35mwandb/run-20260424_124324-5f5cwx6r/logs[0m
Finished at: Sun Apr 26 01:23:52 CEST 2026
