JOB ID: 1807050
Running on node: tikgpu06
Project Directory: /usr/itetnas04/data-scratch-01/pparsons/data/MyExpoComm
--------------------------------
Algorithm:   qmix_ExpoComm_one_peer_n7_cont
Environment: MAgent_AdvPursuit
Profile:     advP_ExpoComm_5M
--------------------------------
Conda activated: /usr/itetnas04/data-scratch-01/pparsons/data/conda_envs/ExpoComm
Starting Run...
Warning: Loaded 4 layers but model has 6 layers.
Exiting Main
Stopping all threads
Thread wandb-AsyncioManager-main is alive! Is daemon: True
Thread joined
Thread ChkStopThr is alive! Is daemon: True
Thread joined
Thread IntMsgThr is alive! Is daemon: True
Thread joined
Exiting script
[1;34mwandb[0m: 
[1;34mwandb[0m: 🚀 View run [33mmy_run-advP_ExpoComm_5M-20260313_185937[0m at: [34mhttps://wandb.ai/peterparsons02-eth-z-rich/my_experiment/runs/69bskzsd[0m
[1;34mwandb[0m: Find logs at: [1;35mwandb/run-20260313_185938-69bskzsd/logs[0m
Finished at: Sat Mar 14 19:12:21 CET 2026
