Gym has been unmaintained since 2022 and does not support NumPy 2.0 amongst other critical functionality.
Please upgrade to Gymnasium, the maintained drop-in replacement of Gym, or contact the authors of your software and request that they upgrade.
Users of this version of Gym should be able to simply replace 'import gym' with 'import gymnasium as gym' in the vast majority of cases.
See the migration guide at https://gymnasium.farama.org/introduction/migration_guide/ for additional information.
src/main.py:81: DeprecationWarning: Using or importing the ABCs from 'collections' instead of from 'collections.abc' is deprecated since Python 3.3, and in 3.10 it will stop working
  if isinstance(v, collections.Mapping):
wandb: [wandb.login()] Loaded credentials for https://api.wandb.ai from /home/pparsons/.netrc.
wandb: Currently logged in as: peterparsons02 (peterparsons02-eth-z-rich) to https://api.wandb.ai. Use `wandb login --relogin` to force relogin
wandb: setting up run ea20onr6
wandb: Tracking run with wandb version 0.24.1
wandb: Run data is saved locally in /usr/itetnas04/data-scratch-01/pparsons/data/MyExpoComm/wandb/run-20260803_011636-ea20onr6
wandb: Run `wandb offline` to turn off syncing.
wandb: Syncing run my_run-advP_B_HC_op_nomm_43-20260803_011635
wandb: ⭐️ View project at https://wandb.ai/peterparsons02-eth-z-rich/my_experiment
wandb: 🚀 View run at https://wandb.ai/peterparsons02-eth-z-rich/my_experiment/runs/ea20onr6
2026-08-03 01:16:37,634 - my_experiment - advP_B_HC_op_nomm_43 - my_run - INFO - Current directory: /usr/itetnas04/data-scratch-01/pparsons/data/MyExpoComm.
2026-08-03 01:16:37,634 - my_experiment - advP_B_HC_op_nomm_43 - my_run - INFO - Experiment Parameters:
2026-08-03 01:16:37,636 - my_experiment - advP_B_HC_op_nomm_43 - my_run - INFO - 

{   'action_selector': 'epsilon_greedy',
    'add_value_last_step': True,
    'agent': 'ExpoComm_one_peer_cont',
    'agent_output_type': 'q',
    'attention_dim': 32,
    'aux_coef': 0.1,
    'batch_size': 32,
    'batch_size_run': 1,
    'buffer_cpu_only': True,
    'buffer_size': 2000,
    'checkpoint_path': '',
    'double_q': True,
    'env': 'MAgent_AdvPursuit',
    'env_args': {   'global_reward': True,
                    'map_name': 'adversarial_pursuit_view8',
                    'map_size': 70,
                    'max_cycles': 200,
                    'minimap_mode': False,
                    'pretrained_ckpt': 'prey_params.pt',
                    'seed': 43},
    'epsilon_anneal_time': 1000000,
    'epsilon_finish': 0.05,
    'epsilon_start': 1.0,
    'evaluate': False,
    'evaluation_epsilon': 0.0,
    'exp_name': 'my_experiment',
    'gamma': 0.99,
    'global_reward': True,
    'grad_norm_clip': 10,
    'hidden_dim': 64,
    'hypergroup': None,
    'label': 'default_label',
    'learner': 'hybrid_comm_learner',
    'learner_log_interval': 10000,
    'load_step': 0,
    'local_results_path': 'results',
    'log_interval': 50000,
    'lr': 0.0005,
    'mac': 'ExpoComm_mac',
    'mixer': None,
    'name': 'advP_B_HC_op_nomm_43',
    'neg_num': 20,
    'obs_agent_id': True,
    'obs_individual_obs': False,
    'obs_last_action': True,
    'one_peer': True,
    'optim_alpha': 0.99,
    'optim_eps': 1e-05,
    'render': False,
    'repeat_id': 1,
    'run_name': 'my_run',
    'runner': 'episode',
    'runner_log_interval': 10000,
    'save_model': True,
    'save_model_interval': 500000,
    'save_replay': False,
    'seed': 43,
    'standardise_returns': False,
    'standardise_rewards': True,
    't_max': 5050000,
    'target_update_interval_or_tau': 200,
    'temperature': 0.07,
    'test_greedy': True,
    'test_interval': 50000,
    'test_nepisode': 16,
    'topk_neighbors': 7,
    'use_cuda': True,
    'use_rnn': True,
    'use_tensorboard': True,
    'work_dir': 'work_dirs/my_experiment/advP_B_HC_op_nomm_43/my_run/20260803_011635'}

/usr/itetnas04/data-scratch-01/pparsons/data/conda_envs/ExpoComm/lib/python3.8/site-packages/pettingzoo/utils/conversions.py:41: UserWarning: The `from_parallel` function is deprecated. Use the `parallel_to_aec` function instead.
  warnings.warn("The `from_parallel` function is deprecated. Use the `parallel_to_aec` function instead.")
/usr/itetnas04/data-scratch-01/pparsons/data/conda_envs/ExpoComm/lib/python3.8/site-packages/pettingzoo/utils/wrappers/base.py:44: UserWarning: The `observation_spaces` dictionary is deprecated. Use the `observation_space` function instead.
  warnings.warn("The `observation_spaces` dictionary is deprecated. Use the `observation_space` function instead.")
/usr/itetnas04/data-scratch-01/pparsons/data/conda_envs/ExpoComm/lib/python3.8/site-packages/pettingzoo/utils/conversions.py:36: UserWarning: The `to_parallel` function is deprecated. Use the `aec_to_parallel` function instead.
  warnings.warn("The `to_parallel` function is deprecated. Use the `aec_to_parallel` function instead.")
/usr/itetnas04/data-scratch-01/pparsons/data/conda_envs/ExpoComm/lib/python3.8/site-packages/pettingzoo/utils/conversions.py:80: UserWarning: The `action_spaces` dictionary is deprecated. Use the `action_space` function instead.
  warnings.warn("The `action_spaces` dictionary is deprecated. Use the `action_space` function instead.")
/usr/itetnas04/data-scratch-01/pparsons/data/conda_envs/ExpoComm/lib/python3.8/site-packages/pettingzoo/utils/wrappers/base.py:52: UserWarning: The `action_spaces` dictionary is deprecated. Use the `action_space` function instead.
  warnings.warn("The `action_spaces` dictionary is deprecated. Use the `action_space` function instead.")
/usr/itetnas04/data-scratch-01/pparsons/data/conda_envs/ExpoComm/lib/python3.8/site-packages/pettingzoo/utils/conversions.py:72: UserWarning: The `observation_spaces` dictionary is deprecated. Use the `observation_space` function instead.
  warnings.warn("The `observation_spaces` dictionary is deprecated. Use the `observation_space` function instead.")
2026-08-03 01:16:44,329 - my_experiment - advP_B_HC_op_nomm_43 - my_run - INFO - Beginning training for 5050000 timesteps
/usr/itetnas04/data-scratch-01/pparsons/data/MyExpoComm/src/envs/adv_pursuit_wrappers.py:247: UserWarning: To copy construct from a tensor, it is recommended to use sourceTensor.clone().detach() or sourceTensor.clone().detach().requires_grad_(True), rather than torch.tensor(sourceTensor).
  actions = th.tensor(actions, dtype=th.long)
2026-08-03 01:16:49,271 - my_experiment - advP_B_HC_op_nomm_43 - my_run - INFO - t_env: 200 / 5050000
2026-08-03 01:16:49,271 - my_experiment - advP_B_HC_op_nomm_43 - my_run - INFO - Estimated time left: 8 minutes, 17 seconds. Time passed: 4 seconds
2026-08-03 01:17:59,243 - my_experiment - advP_B_HC_op_nomm_43 - my_run - INFO - Saving models to work_dirs/my_experiment/advP_B_HC_op_nomm_43/my_run/20260803_011635/models/200
2026-08-03 01:39:09,837 - my_experiment - advP_B_HC_op_nomm_43 - my_run - INFO - Recent Stats | t_env:      50000 | Episode:      250
ep_length_mean:          200.0000	episode_length_mean:     199.0000	epsilon:                   0.9620	grad_norm:                 2.3907
info_nce_loss:             2.0826	loss:                      1.0854	q_loss:                    0.9867	return_mean:             -20.5065
return_std:                0.7632	test_ep_length_mean:     200.0000	test_episode_length_mean:199.0000	test_return_mean:        -34.7744
test_return_std:           2.4806	
2026-08-03 01:39:15,053 - my_experiment - advP_B_HC_op_nomm_43 - my_run - INFO - t_env: 50200 / 5050000
2026-08-03 01:39:15,055 - my_experiment - advP_B_HC_op_nomm_43 - my_run - INFO - Estimated time left: 1 days, 13 hours, 22 minutes, 52 seconds. Time passed: 22 minutes, 30 seconds
2026-08-03 02:02:01,327 - my_experiment - advP_B_HC_op_nomm_43 - my_run - INFO - Recent Stats | t_env:     100000 | Episode:      500
ep_length_mean:          200.0000	episode_length_mean:     199.0000	epsilon:                   0.9145	grad_norm:                 1.3352
info_nce_loss:             1.6839	loss:                      1.2431	q_loss:                    1.1301	return_mean:             -18.7015
return_std:                1.1330	test_ep_length_mean:     200.0000	test_episode_length_mean:199.0000	test_return_mean:        -12.7879
test_return_std:           3.5175	
2026-08-03 02:02:06,517 - my_experiment - advP_B_HC_op_nomm_43 - my_run - INFO - t_env: 100200 / 5050000
2026-08-03 02:02:06,519 - my_experiment - advP_B_HC_op_nomm_43 - my_run - INFO - Estimated time left: 1 days, 13 hours, 42 minutes, 49 seconds. Time passed: 45 minutes, 22 seconds
2026-08-03 02:24:52,794 - my_experiment - advP_B_HC_op_nomm_43 - my_run - INFO - Recent Stats | t_env:     150000 | Episode:      750
ep_length_mean:          200.0000	episode_length_mean:     199.0000	epsilon:                   0.8670	grad_norm:                16.0679
info_nce_loss:             1.4258	loss:                      1.2924	q_loss:                    1.1749	return_mean:             -15.4132
return_std:                1.3586	test_ep_length_mean:     200.0000	test_episode_length_mean:199.0000	test_return_mean:          6.8539
test_return_std:           4.1622	
2026-08-03 02:24:57,985 - my_experiment - advP_B_HC_op_nomm_43 - my_run - INFO - t_env: 150200 / 5050000
2026-08-03 02:24:57,987 - my_experiment - advP_B_HC_op_nomm_43 - my_run - INFO - Estimated time left: 1 days, 13 hours, 19 minutes, 58 seconds. Time passed: 1 hours, 8 minutes, 13 seconds
2026-08-03 02:47:44,943 - my_experiment - advP_B_HC_op_nomm_43 - my_run - INFO - Recent Stats | t_env:     200000 | Episode:     1000
ep_length_mean:          200.0000	episode_length_mean:     199.0000	epsilon:                   0.8195	grad_norm:                 4.4460
info_nce_loss:             0.6022	loss:                      1.4318	q_loss:                    1.3016	return_mean:             -12.8767
return_std:                1.3851	test_ep_length_mean:     200.0000	test_episode_length_mean:199.0000	test_return_mean:         12.8022
test_return_std:           5.0331	
2026-08-03 02:47:50,120 - my_experiment - advP_B_HC_op_nomm_43 - my_run - INFO - t_env: 200200 / 5050000
2026-08-03 02:47:50,123 - my_experiment - advP_B_HC_op_nomm_43 - my_run - INFO - Estimated time left: 1 days, 12 hours, 58 minutes, 11 seconds. Time passed: 1 hours, 31 minutes, 5 seconds
2026-08-03 03:10:35,522 - my_experiment - advP_B_HC_op_nomm_43 - my_run - INFO - Recent Stats | t_env:     250000 | Episode:     1250
ep_length_mean:          200.0000	episode_length_mean:     199.0000	epsilon:                   0.7720	grad_norm:                 9.5525
info_nce_loss:             0.2513	loss:                      1.5770	q_loss:                    1.4336	return_mean:             -10.5831
return_std:                1.5646	test_ep_length_mean:     200.0000	test_episode_length_mean:199.0000	test_return_mean:         15.0006
test_return_std:           4.8525	
2026-08-03 03:10:40,731 - my_experiment - advP_B_HC_op_nomm_43 - my_run - INFO - t_env: 250200 / 5050000
2026-08-03 03:10:40,732 - my_experiment - advP_B_HC_op_nomm_43 - my_run - INFO - Estimated time left: 1 days, 12 hours, 32 minutes, 52 seconds. Time passed: 1 hours, 53 minutes, 56 seconds
2026-08-03 03:33:23,630 - my_experiment - advP_B_HC_op_nomm_43 - my_run - INFO - Recent Stats | t_env:     300000 | Episode:     1500
ep_length_mean:          200.0000	episode_length_mean:     199.0000	epsilon:                   0.7245	grad_norm:                 9.0662
info_nce_loss:             0.3265	loss:                      1.3885	q_loss:                    1.2623	return_mean:              -8.3183
return_std:                1.6411	test_ep_length_mean:     200.0000	test_episode_length_mean:199.0000	test_return_mean:         27.1859
test_return_std:           5.8856	
2026-08-03 03:33:28,863 - my_experiment - advP_B_HC_op_nomm_43 - my_run - INFO - t_env: 300200 / 5050000
2026-08-03 03:33:28,864 - my_experiment - advP_B_HC_op_nomm_43 - my_run - INFO - Estimated time left: 1 days, 12 hours, 6 minutes, 7 seconds. Time passed: 2 hours, 16 minutes, 44 seconds
2026-08-03 03:56:07,256 - my_experiment - advP_B_HC_op_nomm_43 - my_run - INFO - Recent Stats | t_env:     350000 | Episode:     1750
ep_length_mean:          200.0000	episode_length_mean:     199.0000	epsilon:                   0.6770	grad_norm:                13.6786
info_nce_loss:             0.3088	loss:                      1.4546	q_loss:                    1.3224	return_mean:              -5.5833
return_std:                1.9285	test_ep_length_mean:     200.0000	test_episode_length_mean:199.0000	test_return_mean:         29.9991
test_return_std:           6.0107	
2026-08-03 03:56:12,478 - my_experiment - advP_B_HC_op_nomm_43 - my_run - INFO - t_env: 350200 / 5050000
2026-08-03 03:56:12,480 - my_experiment - advP_B_HC_op_nomm_43 - my_run - INFO - Estimated time left: 1 days, 11 hours, 36 minutes, 14 seconds. Time passed: 2 hours, 39 minutes, 28 seconds
2026-08-03 04:18:38,351 - my_experiment - advP_B_HC_op_nomm_43 - my_run - INFO - Recent Stats | t_env:     400000 | Episode:     2000
ep_length_mean:          200.0000	episode_length_mean:     199.0000	epsilon:                   0.6295	grad_norm:                26.4931
info_nce_loss:             0.1905	loss:                      1.7141	q_loss:                    1.5583	return_mean:              -2.9032
return_std:                2.1785	test_ep_length_mean:     200.0000	test_episode_length_mean:199.0000	test_return_mean:         26.5368
test_return_std:           6.4222	
2026-08-03 04:18:43,485 - my_experiment - advP_B_HC_op_nomm_43 - my_run - INFO - t_env: 400200 / 5050000
2026-08-03 04:18:43,486 - my_experiment - advP_B_HC_op_nomm_43 - my_run - INFO - Estimated time left: 1 days, 10 hours, 53 minutes, 58 seconds. Time passed: 3 hours, 1 minutes, 59 seconds
2026-08-03 04:41:01,621 - my_experiment - advP_B_HC_op_nomm_43 - my_run - INFO - Recent Stats | t_env:     450000 | Episode:     2250
ep_length_mean:          200.0000	episode_length_mean:     199.0000	epsilon:                   0.5820	grad_norm:                49.0575
info_nce_loss:             0.1115	loss:                      2.4048	q_loss:                    2.1862	return_mean:              -0.6245
return_std:                2.0837	test_ep_length_mean:     200.0000	test_episode_length_mean:199.0000	test_return_mean:         26.7983
test_return_std:           6.1685	
2026-08-03 04:41:06,722 - my_experiment - advP_B_HC_op_nomm_43 - my_run - INFO - t_env: 450200 / 5050000
2026-08-03 04:41:06,723 - my_experiment - advP_B_HC_op_nomm_43 - my_run - INFO - Estimated time left: 1 days, 10 hours, 19 minutes, 32 seconds. Time passed: 3 hours, 24 minutes, 22 seconds
2026-08-03 05:03:25,910 - my_experiment - advP_B_HC_op_nomm_43 - my_run - INFO - Recent Stats | t_env:     500000 | Episode:     2500
ep_length_mean:          200.0000	episode_length_mean:     199.0000	epsilon:                   0.5345	grad_norm:                79.3380
info_nce_loss:             0.1695	loss:                      2.4050	q_loss:                    2.1863	return_mean:               2.4243
return_std:                2.7608	test_ep_length_mean:     200.0000	test_episode_length_mean:199.0000	test_return_mean:         27.4401
test_return_std:           6.7361	
2026-08-03 05:03:30,985 - my_experiment - advP_B_HC_op_nomm_43 - my_run - INFO - t_env: 500200 / 5050000
2026-08-03 05:03:30,987 - my_experiment - advP_B_HC_op_nomm_43 - my_run - INFO - Estimated time left: 1 days, 9 hours, 58 minutes, 42 seconds. Time passed: 3 hours, 46 minutes, 46 seconds
2026-08-03 05:04:40,309 - my_experiment - advP_B_HC_op_nomm_43 - my_run - INFO - Saving models to work_dirs/my_experiment/advP_B_HC_op_nomm_43/my_run/20260803_011635/models/500200
2026-08-03 05:25:50,663 - my_experiment - advP_B_HC_op_nomm_43 - my_run - INFO - Recent Stats | t_env:     550000 | Episode:     2750
ep_length_mean:          200.0000	episode_length_mean:     199.0000	epsilon:                   0.4870	grad_norm:                93.2800
info_nce_loss:             0.2079	loss:                      2.7957	q_loss:                    2.5415	return_mean:               4.6392
return_std:                3.0649	test_ep_length_mean:     200.0000	test_episode_length_mean:199.0000	test_return_mean:         29.4049
test_return_std:           6.8438	
2026-08-03 05:25:55,754 - my_experiment - advP_B_HC_op_nomm_43 - my_run - INFO - t_env: 550200 / 5050000
2026-08-03 05:25:55,755 - my_experiment - advP_B_HC_op_nomm_43 - my_run - INFO - Estimated time left: 1 days, 9 hours, 37 minutes, 3 seconds. Time passed: 4 hours, 9 minutes, 11 seconds
2026-08-03 05:48:14,891 - my_experiment - advP_B_HC_op_nomm_43 - my_run - INFO - Recent Stats | t_env:     600000 | Episode:     3000
ep_length_mean:          200.0000	episode_length_mean:     199.0000	epsilon:                   0.4395	grad_norm:               115.2018
info_nce_loss:             0.1085	loss:                      3.3932	q_loss:                    3.0848	return_mean:               6.5673
return_std:                2.8908	test_ep_length_mean:     200.0000	test_episode_length_mean:199.0000	test_return_mean:         30.9861
test_return_std:           7.3667	
2026-08-03 05:48:19,994 - my_experiment - advP_B_HC_op_nomm_43 - my_run - INFO - t_env: 600200 / 5050000
2026-08-03 05:48:19,995 - my_experiment - advP_B_HC_op_nomm_43 - my_run - INFO - Estimated time left: 1 days, 9 hours, 13 minutes, 51 seconds. Time passed: 4 hours, 31 minutes, 35 seconds
2026-08-03 06:10:39,207 - my_experiment - advP_B_HC_op_nomm_43 - my_run - INFO - Recent Stats | t_env:     650000 | Episode:     3250
ep_length_mean:          200.0000	episode_length_mean:     199.0000	epsilon:                   0.3920	grad_norm:               183.9472
info_nce_loss:             0.1807	loss:                      3.0700	q_loss:                    2.7909	return_mean:               8.7956
return_std:                3.3254	test_ep_length_mean:     200.0000	test_episode_length_mean:199.0000	test_return_mean:         31.9514
test_return_std:           7.4582	
2026-08-03 06:10:44,308 - my_experiment - advP_B_HC_op_nomm_43 - my_run - INFO - t_env: 650200 / 5050000
2026-08-03 06:10:44,309 - my_experiment - advP_B_HC_op_nomm_43 - my_run - INFO - Estimated time left: 1 days, 8 hours, 51 minutes, 34 seconds. Time passed: 4 hours, 53 minutes, 59 seconds
2026-08-03 06:33:04,319 - my_experiment - advP_B_HC_op_nomm_43 - my_run - INFO - Recent Stats | t_env:     700000 | Episode:     3500
ep_length_mean:          200.0000	episode_length_mean:     199.0000	epsilon:                   0.3445	grad_norm:               286.5377
info_nce_loss:             0.1110	loss:                      3.0500	q_loss:                    2.7727	return_mean:              10.8990
return_std:                3.7883	test_ep_length_mean:     200.0000	test_episode_length_mean:199.0000	test_return_mean:         31.2989
test_return_std:           7.6829	
2026-08-03 06:33:09,444 - my_experiment - advP_B_HC_op_nomm_43 - my_run - INFO - t_env: 700200 / 5050000
2026-08-03 06:33:09,446 - my_experiment - advP_B_HC_op_nomm_43 - my_run - INFO - Estimated time left: 1 days, 8 hours, 30 minutes, 21 seconds. Time passed: 5 hours, 16 minutes, 25 seconds
2026-08-03 06:55:37,260 - my_experiment - advP_B_HC_op_nomm_43 - my_run - INFO - Recent Stats | t_env:     750000 | Episode:     3750
ep_length_mean:          200.0000	episode_length_mean:     199.0000	epsilon:                   0.2970	grad_norm:               296.9384
info_nce_loss:             0.1226	loss:                      3.0971	q_loss:                    2.8156	return_mean:              12.8835
return_std:                3.5685	test_ep_length_mean:     200.0000	test_episode_length_mean:199.0000	test_return_mean:         32.7950
test_return_std:           7.4036	
2026-08-03 06:55:42,356 - my_experiment - advP_B_HC_op_nomm_43 - my_run - INFO - t_env: 750200 / 5050000
2026-08-03 06:55:42,358 - my_experiment - advP_B_HC_op_nomm_43 - my_run - INFO - Estimated time left: 1 days, 8 hours, 19 minutes, 4 seconds. Time passed: 5 hours, 38 minutes, 58 seconds
2026-08-03 07:18:01,214 - my_experiment - advP_B_HC_op_nomm_43 - my_run - INFO - Recent Stats | t_env:     800000 | Episode:     4000
ep_length_mean:          200.0000	episode_length_mean:     199.0000	epsilon:                   0.2495	grad_norm:               370.1368
info_nce_loss:             0.2020	loss:                      3.2516	q_loss:                    2.9560	return_mean:              16.0591
return_std:                3.8636	test_ep_length_mean:     200.0000	test_episode_length_mean:199.0000	test_return_mean:         34.2266
test_return_std:           7.0794	
2026-08-03 07:18:06,324 - my_experiment - advP_B_HC_op_nomm_43 - my_run - INFO - t_env: 800200 / 5050000
2026-08-03 07:18:06,325 - my_experiment - advP_B_HC_op_nomm_43 - my_run - INFO - Estimated time left: 1 days, 7 hours, 43 minutes, 51 seconds. Time passed: 6 hours, 1 minutes, 21 seconds
2026-08-03 07:40:25,876 - my_experiment - advP_B_HC_op_nomm_43 - my_run - INFO - Recent Stats | t_env:     850000 | Episode:     4250
ep_length_mean:          200.0000	episode_length_mean:     199.0000	epsilon:                   0.2020	grad_norm:               281.3037
info_nce_loss:             0.1487	loss:                      3.9613	q_loss:                    3.6012	return_mean:              18.8648
return_std:                4.1861	test_ep_length_mean:     200.0000	test_episode_length_mean:199.0000	test_return_mean:         36.0705
test_return_std:           6.9238	
2026-08-03 07:40:30,987 - my_experiment - advP_B_HC_op_nomm_43 - my_run - INFO - t_env: 850200 / 5050000
2026-08-03 07:40:30,989 - my_experiment - advP_B_HC_op_nomm_43 - my_run - INFO - Estimated time left: 1 days, 7 hours, 22 minutes, 26 seconds. Time passed: 6 hours, 23 minutes, 46 seconds
2026-08-03 08:02:50,430 - my_experiment - advP_B_HC_op_nomm_43 - my_run - INFO - Recent Stats | t_env:     900000 | Episode:     4500
ep_length_mean:          200.0000	episode_length_mean:     199.0000	epsilon:                   0.1545	grad_norm:               648.0402
info_nce_loss:             0.1852	loss:                      5.0048	q_loss:                    4.5498	return_mean:              21.9713
return_std:                4.3100	test_ep_length_mean:     200.0000	test_episode_length_mean:199.0000	test_return_mean:         36.4282
test_return_std:           6.2500	
2026-08-03 08:02:55,506 - my_experiment - advP_B_HC_op_nomm_43 - my_run - INFO - t_env: 900200 / 5050000
2026-08-03 08:02:55,508 - my_experiment - advP_B_HC_op_nomm_43 - my_run - INFO - Estimated time left: 1 days, 6 hours, 59 minutes, 49 seconds. Time passed: 6 hours, 46 minutes, 11 seconds
2026-08-03 08:25:16,759 - my_experiment - advP_B_HC_op_nomm_43 - my_run - INFO - Recent Stats | t_env:     950000 | Episode:     4750
ep_length_mean:          200.0000	episode_length_mean:     199.0000	epsilon:                   0.1070	grad_norm:               517.4450
info_nce_loss:             0.0531	loss:                      3.6935	q_loss:                    3.3578	return_mean:              27.3172
return_std:                5.2681	test_ep_length_mean:     200.0000	test_episode_length_mean:199.0000	test_return_mean:         37.6745
test_return_std:           5.7401	
2026-08-03 08:25:21,876 - my_experiment - advP_B_HC_op_nomm_43 - my_run - INFO - t_env: 950200 / 5050000
2026-08-03 08:25:21,878 - my_experiment - advP_B_HC_op_nomm_43 - my_run - INFO - Estimated time left: 1 days, 6 hours, 39 minutes, 56 seconds. Time passed: 7 hours, 8 minutes, 37 seconds
2026-08-03 08:47:41,008 - my_experiment - advP_B_HC_op_nomm_43 - my_run - INFO - Recent Stats | t_env:    1000000 | Episode:     5000
ep_length_mean:          200.0000	episode_length_mean:     199.0000	epsilon:                   0.0595	grad_norm:               477.8678
info_nce_loss:             0.3396	loss:                      2.8743	q_loss:                    2.6130	return_mean:              33.3925
return_std:                6.5356	test_ep_length_mean:     200.0000	test_episode_length_mean:199.0000	test_return_mean:         41.5499
test_return_std:           5.7231	
2026-08-03 08:47:46,106 - my_experiment - advP_B_HC_op_nomm_43 - my_run - INFO - t_env: 1000200 / 5050000
2026-08-03 08:47:46,107 - my_experiment - advP_B_HC_op_nomm_43 - my_run - INFO - Estimated time left: 1 days, 6 hours, 14 minutes, 37 seconds. Time passed: 7 hours, 31 minutes, 1 seconds
2026-08-03 08:48:55,574 - my_experiment - advP_B_HC_op_nomm_43 - my_run - INFO - Saving models to work_dirs/my_experiment/advP_B_HC_op_nomm_43/my_run/20260803_011635/models/1000200
2026-08-03 09:09:36,214 - my_experiment - advP_B_HC_op_nomm_43 - my_run - INFO - Recent Stats | t_env:    1050000 | Episode:     5250
ep_length_mean:          200.0000	episode_length_mean:     199.0000	epsilon:                   0.0500	grad_norm:               509.8808
info_nce_loss:             0.1881	loss:                      3.1274	q_loss:                    2.8431	return_mean:              36.6548
return_std:                8.4073	test_ep_length_mean:     200.0000	test_episode_length_mean:199.0000	test_return_mean:         42.9324
test_return_std:           5.5112	
2026-08-03 09:09:41,194 - my_experiment - advP_B_HC_op_nomm_43 - my_run - INFO - t_env: 1050200 / 5050000
2026-08-03 09:09:41,195 - my_experiment - advP_B_HC_op_nomm_43 - my_run - INFO - Estimated time left: 1 days, 5 hours, 13 minutes, 21 seconds. Time passed: 7 hours, 52 minutes, 56 seconds
2026-08-03 09:31:22,529 - my_experiment - advP_B_HC_op_nomm_43 - my_run - INFO - Recent Stats | t_env:    1100000 | Episode:     5500
ep_length_mean:          200.0000	episode_length_mean:     199.0000	epsilon:                   0.0500	grad_norm:               603.3926
info_nce_loss:             0.2512	loss:                      3.0090	q_loss:                    2.7354	return_mean:              35.8789
return_std:                9.4555	test_ep_length_mean:     200.0000	test_episode_length_mean:199.0000	test_return_mean:         39.9409
test_return_std:           5.0737	
2026-08-03 09:31:27,482 - my_experiment - advP_B_HC_op_nomm_43 - my_run - INFO - t_env: 1100200 / 5050000
2026-08-03 09:31:27,483 - my_experiment - advP_B_HC_op_nomm_43 - my_run - INFO - Estimated time left: 1 days, 4 hours, 39 minutes, 51 seconds. Time passed: 8 hours, 14 minutes, 43 seconds
2026-08-03 09:53:11,095 - my_experiment - advP_B_HC_op_nomm_43 - my_run - INFO - Recent Stats | t_env:    1150000 | Episode:     5750
ep_length_mean:          200.0000	episode_length_mean:     199.0000	epsilon:                   0.0500	grad_norm:               952.3031
info_nce_loss:             0.2824	loss:                      5.2147	q_loss:                    4.7406	return_mean:              31.9772
return_std:                8.5987	test_ep_length_mean:     200.0000	test_episode_length_mean:199.0000	test_return_mean:         42.5131
test_return_std:           6.0006	
2026-08-03 09:53:16,066 - my_experiment - advP_B_HC_op_nomm_43 - my_run - INFO - t_env: 1150200 / 5050000
2026-08-03 09:53:16,068 - my_experiment - advP_B_HC_op_nomm_43 - my_run - INFO - Estimated time left: 1 days, 4 hours, 21 minutes, 4 seconds. Time passed: 8 hours, 36 minutes, 31 seconds
2026-08-03 10:14:59,093 - my_experiment - advP_B_HC_op_nomm_43 - my_run - INFO - Recent Stats | t_env:    1200000 | Episode:     6000
ep_length_mean:          200.0000	episode_length_mean:     199.0000	epsilon:                   0.0500	grad_norm:               741.1370
info_nce_loss:             0.1795	loss:                      4.0327	q_loss:                    3.6661	return_mean:              34.9720
return_std:                7.9030	test_ep_length_mean:     200.0000	test_episode_length_mean:199.0000	test_return_mean:         44.1816
test_return_std:           6.5785	
2026-08-03 10:15:04,063 - my_experiment - advP_B_HC_op_nomm_43 - my_run - INFO - t_env: 1200200 / 5050000
2026-08-03 10:15:04,065 - my_experiment - advP_B_HC_op_nomm_43 - my_run - INFO - Estimated time left: 1 days, 3 hours, 58 minutes, 30 seconds. Time passed: 8 hours, 58 minutes, 19 seconds
2026-08-03 10:36:47,082 - my_experiment - advP_B_HC_op_nomm_43 - my_run - INFO - Recent Stats | t_env:    1250000 | Episode:     6250
ep_length_mean:          200.0000	episode_length_mean:     199.0000	epsilon:                   0.0500	grad_norm:               675.7767
info_nce_loss:             0.2638	loss:                      3.9591	q_loss:                    3.5992	return_mean:              35.5121
return_std:                6.3065	test_ep_length_mean:     200.0000	test_episode_length_mean:199.0000	test_return_mean:         42.7062
test_return_std:           6.8072	
2026-08-03 10:36:52,053 - my_experiment - advP_B_HC_op_nomm_43 - my_run - INFO - t_env: 1250200 / 5050000
2026-08-03 10:36:52,054 - my_experiment - advP_B_HC_op_nomm_43 - my_run - INFO - Estimated time left: 1 days, 3 hours, 36 minutes, 41 seconds. Time passed: 9 hours, 20 minutes, 7 seconds
2026-08-03 10:58:35,721 - my_experiment - advP_B_HC_op_nomm_43 - my_run - INFO - Recent Stats | t_env:    1300000 | Episode:     6500
ep_length_mean:          200.0000	episode_length_mean:     199.0000	epsilon:                   0.0500	grad_norm:               839.3394
info_nce_loss:             0.2244	loss:                      4.8540	q_loss:                    4.4127	return_mean:              41.6528
return_std:                7.0634	test_ep_length_mean:     200.0000	test_episode_length_mean:199.0000	test_return_mean:         44.8357
test_return_std:           7.2121	
2026-08-03 10:58:40,674 - my_experiment - advP_B_HC_op_nomm_43 - my_run - INFO - t_env: 1300200 / 5050000
2026-08-03 10:58:40,676 - my_experiment - advP_B_HC_op_nomm_43 - my_run - INFO - Estimated time left: 1 days, 3 hours, 15 minutes, 41 seconds. Time passed: 9 hours, 41 minutes, 56 seconds
2026-08-03 11:20:23,451 - my_experiment - advP_B_HC_op_nomm_43 - my_run - INFO - Recent Stats | t_env:    1350000 | Episode:     6750
ep_length_mean:          200.0000	episode_length_mean:     199.0000	epsilon:                   0.0500	grad_norm:               705.8270
info_nce_loss:             0.3091	loss:                      3.3397	q_loss:                    3.0361	return_mean:              42.5995
return_std:                6.7839	test_ep_length_mean:     200.0000	test_episode_length_mean:199.0000	test_return_mean:         51.4205
test_return_std:           8.6103	
2026-08-03 11:20:28,412 - my_experiment - advP_B_HC_op_nomm_43 - my_run - INFO - t_env: 1350200 / 5050000
2026-08-03 11:20:28,414 - my_experiment - advP_B_HC_op_nomm_43 - my_run - INFO - Estimated time left: 1 days, 2 hours, 52 minutes, 47 seconds. Time passed: 10 hours, 3 minutes, 44 seconds
2026-08-03 11:42:12,747 - my_experiment - advP_B_HC_op_nomm_43 - my_run - INFO - Recent Stats | t_env:    1400000 | Episode:     7000
ep_length_mean:          200.0000	episode_length_mean:     199.0000	epsilon:                   0.0500	grad_norm:               556.0151
info_nce_loss:             0.2967	loss:                      2.1762	q_loss:                    1.9784	return_mean:              45.5300
return_std:                6.9951	test_ep_length_mean:     200.0000	test_episode_length_mean:199.0000	test_return_mean:         54.3557
test_return_std:           8.1789	
2026-08-03 11:42:17,700 - my_experiment - advP_B_HC_op_nomm_43 - my_run - INFO - t_env: 1400200 / 5050000
2026-08-03 11:42:17,701 - my_experiment - advP_B_HC_op_nomm_43 - my_run - INFO - Estimated time left: 1 days, 2 hours, 32 minutes, 52 seconds. Time passed: 10 hours, 25 minutes, 33 seconds
2026-08-03 12:04:01,618 - my_experiment - advP_B_HC_op_nomm_43 - my_run - INFO - Recent Stats | t_env:    1450000 | Episode:     7250
ep_length_mean:          200.0000	episode_length_mean:     199.0000	epsilon:                   0.0500	grad_norm:               826.8330
info_nce_loss:             0.2852	loss:                      4.1183	q_loss:                    3.7439	return_mean:              43.7406
return_std:                7.3334	test_ep_length_mean:     200.0000	test_episode_length_mean:199.0000	test_return_mean:         57.5898
test_return_std:           8.7654	
2026-08-03 12:04:06,602 - my_experiment - advP_B_HC_op_nomm_43 - my_run - INFO - t_env: 1450200 / 5050000
2026-08-03 12:04:06,604 - my_experiment - advP_B_HC_op_nomm_43 - my_run - INFO - Estimated time left: 1 days, 2 hours, 10 minutes, 35 seconds. Time passed: 10 hours, 47 minutes, 22 seconds
2026-08-03 12:25:50,651 - my_experiment - advP_B_HC_op_nomm_43 - my_run - INFO - Recent Stats | t_env:    1500000 | Episode:     7500
ep_length_mean:          200.0000	episode_length_mean:     199.0000	epsilon:                   0.0500	grad_norm:               670.3833
info_nce_loss:             0.4553	loss:                      2.6238	q_loss:                    2.3853	return_mean:              42.6250
return_std:                7.2534	test_ep_length_mean:     200.0000	test_episode_length_mean:199.0000	test_return_mean:         58.0393
test_return_std:           9.6800	
2026-08-03 12:25:55,612 - my_experiment - advP_B_HC_op_nomm_43 - my_run - INFO - t_env: 1500200 / 5050000
2026-08-03 12:25:55,614 - my_experiment - advP_B_HC_op_nomm_43 - my_run - INFO - Estimated time left: 1 days, 1 hours, 48 minutes, 54 seconds. Time passed: 11 hours, 9 minutes, 11 seconds
2026-08-03 12:27:03,118 - my_experiment - advP_B_HC_op_nomm_43 - my_run - INFO - Saving models to work_dirs/my_experiment/advP_B_HC_op_nomm_43/my_run/20260803_011635/models/1500200
2026-08-03 12:47:40,055 - my_experiment - advP_B_HC_op_nomm_43 - my_run - INFO - Recent Stats | t_env:    1550000 | Episode:     7750
ep_length_mean:          200.0000	episode_length_mean:     199.0000	epsilon:                   0.0500	grad_norm:               1265.0804
info_nce_loss:             0.3102	loss:                      8.4270	q_loss:                    7.6609	return_mean:              38.4902
return_std:                7.6334	test_ep_length_mean:     200.0000	test_episode_length_mean:199.0000	test_return_mean:         55.5607
test_return_std:           9.8812	
2026-08-03 12:47:45,026 - my_experiment - advP_B_HC_op_nomm_43 - my_run - INFO - t_env: 1550200 / 5050000
2026-08-03 12:47:45,028 - my_experiment - advP_B_HC_op_nomm_43 - my_run - INFO - Estimated time left: 1 days, 1 hours, 27 minutes, 33 seconds. Time passed: 11 hours, 31 minutes, 0 seconds
2026-08-03 13:09:27,135 - my_experiment - advP_B_HC_op_nomm_43 - my_run - INFO - Recent Stats | t_env:    1600000 | Episode:     8000
ep_length_mean:          200.0000	episode_length_mean:     199.0000	epsilon:                   0.0500	grad_norm:               690.4643
info_nce_loss:             0.2913	loss:                      2.7210	q_loss:                    2.4736	return_mean:              42.5257
return_std:                7.2199	test_ep_length_mean:     200.0000	test_episode_length_mean:199.0000	test_return_mean:         53.8720
test_return_std:           8.9283	
2026-08-03 13:09:32,102 - my_experiment - advP_B_HC_op_nomm_43 - my_run - INFO - t_env: 1600200 / 5050000
2026-08-03 13:09:32,104 - my_experiment - advP_B_HC_op_nomm_43 - my_run - INFO - Estimated time left: 1 days, 1 hours, 3 minutes, 2 seconds. Time passed: 11 hours, 52 minutes, 47 seconds
2026-08-03 13:31:15,398 - my_experiment - advP_B_HC_op_nomm_43 - my_run - INFO - Recent Stats | t_env:    1650000 | Episode:     8250
ep_length_mean:          200.0000	episode_length_mean:     199.0000	epsilon:                   0.0500	grad_norm:               571.8357
info_nce_loss:             0.2684	loss:                      2.4868	q_loss:                    2.2608	return_mean:              42.6616
return_std:                7.7652	test_ep_length_mean:     200.0000	test_episode_length_mean:199.0000	test_return_mean:         52.9800
test_return_std:           9.0302	
2026-08-03 13:31:20,382 - my_experiment - advP_B_HC_op_nomm_43 - my_run - INFO - t_env: 1650200 / 5050000
2026-08-03 13:31:20,383 - my_experiment - advP_B_HC_op_nomm_43 - my_run - INFO - Estimated time left: 1 days, 42 minutes, 37 seconds. Time passed: 12 hours, 14 minutes, 36 seconds
2026-08-03 13:53:03,778 - my_experiment - advP_B_HC_op_nomm_43 - my_run - INFO - Recent Stats | t_env:    1700000 | Episode:     8500
ep_length_mean:          200.0000	episode_length_mean:     199.0000	epsilon:                   0.0500	grad_norm:               565.3119
info_nce_loss:             0.2442	loss:                      2.3714	q_loss:                    2.1558	return_mean:              43.8673
return_std:                7.0721	test_ep_length_mean:     200.0000	test_episode_length_mean:199.0000	test_return_mean:         54.7582
test_return_std:           8.9822	
2026-08-03 13:53:08,728 - my_experiment - advP_B_HC_op_nomm_43 - my_run - INFO - t_env: 1700200 / 5050000
2026-08-03 13:53:08,729 - my_experiment - advP_B_HC_op_nomm_43 - my_run - INFO - Estimated time left: 1 days, 20 minutes, 53 seconds. Time passed: 12 hours, 36 minutes, 24 seconds
2026-08-03 14:14:53,276 - my_experiment - advP_B_HC_op_nomm_43 - my_run - INFO - Recent Stats | t_env:    1750000 | Episode:     8750
ep_length_mean:          200.0000	episode_length_mean:     199.0000	epsilon:                   0.0500	grad_norm:               377.8387
info_nce_loss:             0.2749	loss:                      1.1525	q_loss:                    1.0477	return_mean:              38.6461
return_std:                8.0236	test_ep_length_mean:     200.0000	test_episode_length_mean:199.0000	test_return_mean:         58.9382
test_return_std:           8.1807	
2026-08-03 14:14:58,243 - my_experiment - advP_B_HC_op_nomm_43 - my_run - INFO - t_env: 1750200 / 5050000
2026-08-03 14:14:58,245 - my_experiment - advP_B_HC_op_nomm_43 - my_run - INFO - Estimated time left: 1 days, 22 seconds. Time passed: 12 hours, 58 minutes, 13 seconds
2026-08-03 14:36:42,658 - my_experiment - advP_B_HC_op_nomm_43 - my_run - INFO - Recent Stats | t_env:    1800000 | Episode:     9000
ep_length_mean:          200.0000	episode_length_mean:     199.0000	epsilon:                   0.0500	grad_norm:               387.6868
info_nce_loss:             0.2667	loss:                      1.2760	q_loss:                    1.1600	return_mean:              36.6526
return_std:                9.2538	test_ep_length_mean:     200.0000	test_episode_length_mean:199.0000	test_return_mean:         59.7621
test_return_std:           8.2675	
2026-08-03 14:36:47,627 - my_experiment - advP_B_HC_op_nomm_43 - my_run - INFO - t_env: 1800200 / 5050000
2026-08-03 14:36:47,628 - my_experiment - advP_B_HC_op_nomm_43 - my_run - INFO - Estimated time left: 23 hours, 38 minutes, 24 seconds. Time passed: 13 hours, 20 minutes, 3 seconds
2026-08-03 14:58:32,462 - my_experiment - advP_B_HC_op_nomm_43 - my_run - INFO - Recent Stats | t_env:    1850000 | Episode:     9250
ep_length_mean:          200.0000	episode_length_mean:     199.0000	epsilon:                   0.0500	grad_norm:               273.4688
info_nce_loss:             0.0639	loss:                      1.5222	q_loss:                    1.3838	return_mean:              27.7602
return_std:                9.1676	test_ep_length_mean:     200.0000	test_episode_length_mean:199.0000	test_return_mean:         59.5352
test_return_std:           8.4004	
2026-08-03 14:58:37,461 - my_experiment - advP_B_HC_op_nomm_43 - my_run - INFO - t_env: 1850200 / 5050000
2026-08-03 14:58:37,463 - my_experiment - advP_B_HC_op_nomm_43 - my_run - INFO - Estimated time left: 23 hours, 17 minutes, 4 seconds. Time passed: 13 hours, 41 minutes, 53 seconds
2026-08-03 15:20:21,707 - my_experiment - advP_B_HC_op_nomm_43 - my_run - INFO - Recent Stats | t_env:    1900000 | Episode:     9500
ep_length_mean:          200.0000	episode_length_mean:     199.0000	epsilon:                   0.0500	grad_norm:               287.7552
info_nce_loss:             0.2304	loss:                      0.9359	q_loss:                    0.8508	return_mean:              36.2227
return_std:                9.1681	test_ep_length_mean:     200.0000	test_episode_length_mean:199.0000	test_return_mean:         60.6623
test_return_std:           7.9236	
2026-08-03 15:20:26,673 - my_experiment - advP_B_HC_op_nomm_43 - my_run - INFO - t_env: 1900200 / 5050000
2026-08-03 15:20:26,674 - my_experiment - advP_B_HC_op_nomm_43 - my_run - INFO - Estimated time left: 22 hours, 54 minutes, 35 seconds. Time passed: 14 hours, 3 minutes, 42 seconds
2026-08-03 15:42:10,714 - my_experiment - advP_B_HC_op_nomm_43 - my_run - INFO - Recent Stats | t_env:    1950000 | Episode:     9750
ep_length_mean:          200.0000	episode_length_mean:     199.0000	epsilon:                   0.0500	grad_norm:               347.6435
info_nce_loss:             0.3107	loss:                      1.1178	q_loss:                    1.0162	return_mean:              43.0371
return_std:                7.1444	test_ep_length_mean:     200.0000	test_episode_length_mean:199.0000	test_return_mean:         58.6543
test_return_std:           7.5346	
2026-08-03 15:42:15,687 - my_experiment - advP_B_HC_op_nomm_43 - my_run - INFO - t_env: 1950200 / 5050000
2026-08-03 15:42:15,688 - my_experiment - advP_B_HC_op_nomm_43 - my_run - INFO - Estimated time left: 22 hours, 32 minutes, 33 seconds. Time passed: 14 hours, 25 minutes, 31 seconds
2026-08-03 16:03:59,809 - my_experiment - advP_B_HC_op_nomm_43 - my_run - INFO - Recent Stats | t_env:    2000000 | Episode:    10000
ep_length_mean:          200.0000	episode_length_mean:     199.0000	epsilon:                   0.0500	grad_norm:               360.5672
info_nce_loss:             0.0627	loss:                      1.1171	q_loss:                    1.0155	return_mean:              41.9958
return_std:                6.3570	test_ep_length_mean:     200.0000	test_episode_length_mean:199.0000	test_return_mean:         55.1968
test_return_std:           7.2543	
2026-08-03 16:04:04,780 - my_experiment - advP_B_HC_op_nomm_43 - my_run - INFO - t_env: 2000200 / 5050000
2026-08-03 16:04:04,781 - my_experiment - advP_B_HC_op_nomm_43 - my_run - INFO - Estimated time left: 22 hours, 10 minutes, 49 seconds. Time passed: 14 hours, 47 minutes, 20 seconds
2026-08-03 16:05:12,328 - my_experiment - advP_B_HC_op_nomm_43 - my_run - INFO - Saving models to work_dirs/my_experiment/advP_B_HC_op_nomm_43/my_run/20260803_011635/models/2000200
2026-08-03 16:25:48,661 - my_experiment - advP_B_HC_op_nomm_43 - my_run - INFO - Recent Stats | t_env:    2050000 | Episode:    10250
ep_length_mean:          200.0000	episode_length_mean:     199.0000	epsilon:                   0.0500	grad_norm:               321.2645
info_nce_loss:             0.2998	loss:                      1.1910	q_loss:                    1.0828	return_mean:              39.9015
return_std:                7.3468	test_ep_length_mean:     200.0000	test_episode_length_mean:199.0000	test_return_mean:         55.4533
test_return_std:           6.6919	
2026-08-03 16:25:53,644 - my_experiment - advP_B_HC_op_nomm_43 - my_run - INFO - t_env: 2050200 / 5050000
2026-08-03 16:25:53,646 - my_experiment - advP_B_HC_op_nomm_43 - my_run - INFO - Estimated time left: 21 hours, 48 minutes, 46 seconds. Time passed: 15 hours, 9 minutes, 9 seconds
2026-08-03 16:47:38,729 - my_experiment - advP_B_HC_op_nomm_43 - my_run - INFO - Recent Stats | t_env:    2100000 | Episode:    10500
ep_length_mean:          200.0000	episode_length_mean:     199.0000	epsilon:                   0.0500	grad_norm:               375.7767
info_nce_loss:             0.3066	loss:                      1.3294	q_loss:                    1.2085	return_mean:              33.8626
return_std:                8.3103	test_ep_length_mean:     200.0000	test_episode_length_mean:199.0000	test_return_mean:         57.9794
test_return_std:           6.7690	
2026-08-03 16:47:43,693 - my_experiment - advP_B_HC_op_nomm_43 - my_run - INFO - t_env: 2100200 / 5050000
2026-08-03 16:47:43,695 - my_experiment - advP_B_HC_op_nomm_43 - my_run - INFO - Estimated time left: 21 hours, 28 minutes, 7 seconds. Time passed: 15 hours, 30 minutes, 59 seconds
2026-08-03 17:09:28,983 - my_experiment - advP_B_HC_op_nomm_43 - my_run - INFO - Recent Stats | t_env:    2150000 | Episode:    10750
ep_length_mean:          200.0000	episode_length_mean:     199.0000	epsilon:                   0.0500	grad_norm:               435.4867
info_nce_loss:             0.1983	loss:                      1.7503	q_loss:                    1.5911	return_mean:              33.3183
return_std:                7.9801	test_ep_length_mean:     200.0000	test_episode_length_mean:199.0000	test_return_mean:         55.0721
test_return_std:           7.1376	
2026-08-03 17:09:33,953 - my_experiment - advP_B_HC_op_nomm_43 - my_run - INFO - t_env: 2150200 / 5050000
2026-08-03 17:09:33,955 - my_experiment - advP_B_HC_op_nomm_43 - my_run - INFO - Estimated time left: 21 hours, 6 minutes, 29 seconds. Time passed: 15 hours, 52 minutes, 49 seconds
2026-08-03 17:31:18,298 - my_experiment - advP_B_HC_op_nomm_43 - my_run - INFO - Recent Stats | t_env:    2200000 | Episode:    11000
ep_length_mean:          200.0000	episode_length_mean:     199.0000	epsilon:                   0.0500	grad_norm:               490.7905
info_nce_loss:             0.3194	loss:                      1.6630	q_loss:                    1.5118	return_mean:              34.1617
return_std:                7.6023	test_ep_length_mean:     200.0000	test_episode_length_mean:199.0000	test_return_mean:         53.5361
test_return_std:           6.8700	
2026-08-03 17:31:23,275 - my_experiment - advP_B_HC_op_nomm_43 - my_run - INFO - t_env: 2200200 / 5050000
2026-08-03 17:31:23,276 - my_experiment - advP_B_HC_op_nomm_43 - my_run - INFO - Estimated time left: 20 hours, 43 minutes, 46 seconds. Time passed: 16 hours, 14 minutes, 38 seconds
2026-08-03 17:53:06,608 - my_experiment - advP_B_HC_op_nomm_43 - my_run - INFO - Recent Stats | t_env:    2250000 | Episode:    11250
ep_length_mean:          200.0000	episode_length_mean:     199.0000	epsilon:                   0.0500	grad_norm:               339.6208
info_nce_loss:             0.2805	loss:                      1.3073	q_loss:                    1.1884	return_mean:              37.3543
return_std:                7.6520	test_ep_length_mean:     200.0000	test_episode_length_mean:199.0000	test_return_mean:         54.4036
test_return_std:           7.4393	
2026-08-03 17:53:11,599 - my_experiment - advP_B_HC_op_nomm_43 - my_run - INFO - t_env: 2250200 / 5050000
2026-08-03 17:53:11,601 - my_experiment - advP_B_HC_op_nomm_43 - my_run - INFO - Estimated time left: 20 hours, 21 minutes, 0 seconds. Time passed: 16 hours, 36 minutes, 27 seconds
2026-08-03 18:14:56,143 - my_experiment - advP_B_HC_op_nomm_43 - my_run - INFO - Recent Stats | t_env:    2300000 | Episode:    11500
ep_length_mean:          200.0000	episode_length_mean:     199.0000	epsilon:                   0.0500	grad_norm:               647.5514
info_nce_loss:             0.2519	loss:                      2.6420	q_loss:                    2.4018	return_mean:              42.5911
return_std:                6.5545	test_ep_length_mean:     200.0000	test_episode_length_mean:199.0000	test_return_mean:         54.7766
test_return_std:           7.7652	
2026-08-03 18:15:01,123 - my_experiment - advP_B_HC_op_nomm_43 - my_run - INFO - t_env: 2300200 / 5050000
2026-08-03 18:15:01,124 - my_experiment - advP_B_HC_op_nomm_43 - my_run - INFO - Estimated time left: 20 hours, 18 seconds. Time passed: 16 hours, 58 minutes, 16 seconds
2026-08-03 18:36:45,520 - my_experiment - advP_B_HC_op_nomm_43 - my_run - INFO - Recent Stats | t_env:    2350000 | Episode:    11750
ep_length_mean:          200.0000	episode_length_mean:     199.0000	epsilon:                   0.0500	grad_norm:               440.7641
info_nce_loss:             0.1906	loss:                      1.5858	q_loss:                    1.4416	return_mean:              38.8121
return_std:                7.9939	test_ep_length_mean:     200.0000	test_episode_length_mean:199.0000	test_return_mean:         53.4584
test_return_std:           7.6155	
2026-08-03 18:36:50,498 - my_experiment - advP_B_HC_op_nomm_43 - my_run - INFO - t_env: 2350200 / 5050000
2026-08-03 18:36:50,499 - my_experiment - advP_B_HC_op_nomm_43 - my_run - INFO - Estimated time left: 19 hours, 38 minutes, 20 seconds. Time passed: 17 hours, 20 minutes, 6 seconds
2026-08-03 18:58:34,013 - my_experiment - advP_B_HC_op_nomm_43 - my_run - INFO - Recent Stats | t_env:    2400000 | Episode:    12000
ep_length_mean:          200.0000	episode_length_mean:     199.0000	epsilon:                   0.0500	grad_norm:               525.0693
info_nce_loss:             0.2388	loss:                      2.1311	q_loss:                    1.9373	return_mean:              47.6312
return_std:                6.8244	test_ep_length_mean:     200.0000	test_episode_length_mean:199.0000	test_return_mean:         56.0904
test_return_std:           7.8575	
2026-08-03 18:58:38,965 - my_experiment - advP_B_HC_op_nomm_43 - my_run - INFO - t_env: 2400200 / 5050000
2026-08-03 18:58:38,967 - my_experiment - advP_B_HC_op_nomm_43 - my_run - INFO - Estimated time left: 19 hours, 15 minutes, 43 seconds. Time passed: 17 hours, 41 minutes, 54 seconds
2026-08-03 19:20:23,101 - my_experiment - advP_B_HC_op_nomm_43 - my_run - INFO - Recent Stats | t_env:    2450000 | Episode:    12250
ep_length_mean:          200.0000	episode_length_mean:     199.0000	epsilon:                   0.0500	grad_norm:               424.4027
info_nce_loss:             0.4544	loss:                      1.8644	q_loss:                    1.6949	return_mean:              41.2126
return_std:                7.7170	test_ep_length_mean:     200.0000	test_episode_length_mean:199.0000	test_return_mean:         56.2712
test_return_std:           7.8158	
2026-08-03 19:20:28,082 - my_experiment - advP_B_HC_op_nomm_43 - my_run - INFO - t_env: 2450200 / 5050000
2026-08-03 19:20:28,084 - my_experiment - advP_B_HC_op_nomm_43 - my_run - INFO - Estimated time left: 18 hours, 54 minutes, 28 seconds. Time passed: 18 hours, 3 minutes, 43 seconds
2026-08-03 19:42:12,155 - my_experiment - advP_B_HC_op_nomm_43 - my_run - INFO - Recent Stats | t_env:    2500000 | Episode:    12500
ep_length_mean:          200.0000	episode_length_mean:     199.0000	epsilon:                   0.0500	grad_norm:               374.7784
info_nce_loss:             0.4599	loss:                      2.0232	q_loss:                    1.8393	return_mean:              44.0351
return_std:                7.0298	test_ep_length_mean:     200.0000	test_episode_length_mean:199.0000	test_return_mean:         57.6461
test_return_std:           7.2121	
2026-08-03 19:42:17,114 - my_experiment - advP_B_HC_op_nomm_43 - my_run - INFO - t_env: 2500200 / 5050000
2026-08-03 19:42:17,116 - my_experiment - advP_B_HC_op_nomm_43 - my_run - INFO - Estimated time left: 18 hours, 32 minutes, 35 seconds. Time passed: 18 hours, 25 minutes, 32 seconds
2026-08-03 19:43:24,638 - my_experiment - advP_B_HC_op_nomm_43 - my_run - INFO - Saving models to work_dirs/my_experiment/advP_B_HC_op_nomm_43/my_run/20260803_011635/models/2500200
2026-08-03 20:04:01,890 - my_experiment - advP_B_HC_op_nomm_43 - my_run - INFO - Recent Stats | t_env:    2550000 | Episode:    12750
ep_length_mean:          200.0000	episode_length_mean:     199.0000	epsilon:                   0.0500	grad_norm:               211.9632
info_nce_loss:             0.2488	loss:                      1.0138	q_loss:                    0.9217	return_mean:              44.4979
return_std:                6.7257	test_ep_length_mean:     200.0000	test_episode_length_mean:199.0000	test_return_mean:         60.4676
test_return_std:           7.4266	
2026-08-03 20:04:06,850 - my_experiment - advP_B_HC_op_nomm_43 - my_run - INFO - t_env: 2550200 / 5050000
2026-08-03 20:04:06,852 - my_experiment - advP_B_HC_op_nomm_43 - my_run - INFO - Estimated time left: 18 hours, 11 minutes, 21 seconds. Time passed: 18 hours, 47 minutes, 22 seconds
2026-08-03 20:25:50,480 - my_experiment - advP_B_HC_op_nomm_43 - my_run - INFO - Recent Stats | t_env:    2600000 | Episode:    13000
ep_length_mean:          200.0000	episode_length_mean:     199.0000	epsilon:                   0.0500	grad_norm:               216.6515
info_nce_loss:             0.4336	loss:                      1.0148	q_loss:                    0.9226	return_mean:              47.5198
return_std:                6.5073	test_ep_length_mean:     200.0000	test_episode_length_mean:199.0000	test_return_mean:         63.0014
test_return_std:           7.4802	
2026-08-03 20:25:55,435 - my_experiment - advP_B_HC_op_nomm_43 - my_run - INFO - t_env: 2600200 / 5050000
2026-08-03 20:25:55,436 - my_experiment - advP_B_HC_op_nomm_43 - my_run - INFO - Estimated time left: 17 hours, 48 minutes, 35 seconds. Time passed: 19 hours, 9 minutes, 11 seconds
2026-08-03 20:47:41,313 - my_experiment - advP_B_HC_op_nomm_43 - my_run - INFO - Recent Stats | t_env:    2650000 | Episode:    13250
ep_length_mean:          200.0000	episode_length_mean:     199.0000	epsilon:                   0.0500	grad_norm:               273.6380
info_nce_loss:             0.2214	loss:                      1.1164	q_loss:                    1.0149	return_mean:              44.9732
return_std:                7.7060	test_ep_length_mean:     200.0000	test_episode_length_mean:199.0000	test_return_mean:         64.1698
test_return_std:           6.8168	
2026-08-03 20:47:46,280 - my_experiment - advP_B_HC_op_nomm_43 - my_run - INFO - t_env: 2650200 / 5050000
2026-08-03 20:47:46,282 - my_experiment - advP_B_HC_op_nomm_43 - my_run - INFO - Estimated time left: 17 hours, 28 minutes, 35 seconds. Time passed: 19 hours, 31 minutes, 1 seconds
2026-08-03 21:09:29,457 - my_experiment - advP_B_HC_op_nomm_43 - my_run - INFO - Recent Stats | t_env:    2700000 | Episode:    13500
ep_length_mean:          200.0000	episode_length_mean:     199.0000	epsilon:                   0.0500	grad_norm:               407.5298
info_nce_loss:             0.5751	loss:                      3.3366	q_loss:                    3.0332	return_mean:              43.0973
return_std:                7.6733	test_ep_length_mean:     200.0000	test_episode_length_mean:199.0000	test_return_mean:         67.6674
test_return_std:           6.9915	
2026-08-03 21:09:34,439 - my_experiment - advP_B_HC_op_nomm_43 - my_run - INFO - t_env: 2700200 / 5050000
2026-08-03 21:09:34,440 - my_experiment - advP_B_HC_op_nomm_43 - my_run - INFO - Estimated time left: 17 hours, 4 minutes, 38 seconds. Time passed: 19 hours, 52 minutes, 50 seconds
2026-08-03 21:31:20,085 - my_experiment - advP_B_HC_op_nomm_43 - my_run - INFO - Recent Stats | t_env:    2750000 | Episode:    13750
ep_length_mean:          200.0000	episode_length_mean:     199.0000	epsilon:                   0.0500	grad_norm:               330.9689
info_nce_loss:             0.4058	loss:                      1.8678	q_loss:                    1.6980	return_mean:              40.7287
return_std:                7.0136	test_ep_length_mean:     200.0000	test_episode_length_mean:199.0000	test_return_mean:         65.7501
test_return_std:           7.3951	
2026-08-03 21:31:25,049 - my_experiment - advP_B_HC_op_nomm_43 - my_run - INFO - t_env: 2750200 / 5050000
2026-08-03 21:31:25,050 - my_experiment - advP_B_HC_op_nomm_43 - my_run - INFO - Estimated time left: 16 hours, 44 minutes, 42 seconds. Time passed: 20 hours, 14 minutes, 40 seconds
2026-08-03 21:53:07,104 - my_experiment - advP_B_HC_op_nomm_43 - my_run - INFO - Recent Stats | t_env:    2800000 | Episode:    14000
ep_length_mean:          200.0000	episode_length_mean:     199.0000	epsilon:                   0.0500	grad_norm:               243.4908
info_nce_loss:             0.2220	loss:                      1.0169	q_loss:                    0.9244	return_mean:              41.4859
return_std:                6.6381	test_ep_length_mean:     200.0000	test_episode_length_mean:199.0000	test_return_mean:         63.4425
test_return_std:           6.9740	
2026-08-03 21:53:12,078 - my_experiment - advP_B_HC_op_nomm_43 - my_run - INFO - t_env: 2800200 / 5050000
2026-08-03 21:53:12,079 - my_experiment - advP_B_HC_op_nomm_43 - my_run - INFO - Estimated time left: 16 hours, 20 minutes, 11 seconds. Time passed: 20 hours, 36 minutes, 27 seconds
2026-08-03 22:14:54,996 - my_experiment - advP_B_HC_op_nomm_43 - my_run - INFO - Recent Stats | t_env:    2850000 | Episode:    14250
ep_length_mean:          200.0000	episode_length_mean:     199.0000	epsilon:                   0.0500	grad_norm:               339.0463
info_nce_loss:             0.3949	loss:                      1.6352	q_loss:                    1.4865	return_mean:              39.3459
return_std:                6.7142	test_ep_length_mean:     200.0000	test_episode_length_mean:199.0000	test_return_mean:         60.7713
test_return_std:           7.4875	
2026-08-03 22:14:59,956 - my_experiment - advP_B_HC_op_nomm_43 - my_run - INFO - t_env: 2850200 / 5050000
2026-08-03 22:14:59,957 - my_experiment - advP_B_HC_op_nomm_43 - my_run - INFO - Estimated time left: 15 hours, 59 minutes, 1 seconds. Time passed: 20 hours, 58 minutes, 15 seconds
2026-08-03 22:36:43,341 - my_experiment - advP_B_HC_op_nomm_43 - my_run - INFO - Recent Stats | t_env:    2900000 | Episode:    14500
ep_length_mean:          200.0000	episode_length_mean:     199.0000	epsilon:                   0.0500	grad_norm:               489.6986
info_nce_loss:             0.3582	loss:                      2.1817	q_loss:                    1.9834	return_mean:              36.2156
return_std:                7.4780	test_ep_length_mean:     200.0000	test_episode_length_mean:199.0000	test_return_mean:         56.1112
test_return_std:           7.1896	
2026-08-03 22:36:48,310 - my_experiment - advP_B_HC_op_nomm_43 - my_run - INFO - t_env: 2900200 / 5050000
2026-08-03 22:36:48,311 - my_experiment - advP_B_HC_op_nomm_43 - my_run - INFO - Estimated time left: 15 hours, 37 minutes, 33 seconds. Time passed: 21 hours, 20 minutes, 3 seconds
2026-08-03 22:58:32,055 - my_experiment - advP_B_HC_op_nomm_43 - my_run - INFO - Recent Stats | t_env:    2950000 | Episode:    14750
ep_length_mean:          200.0000	episode_length_mean:     199.0000	epsilon:                   0.0500	grad_norm:               407.0993
info_nce_loss:             0.6094	loss:                      2.1458	q_loss:                    1.9507	return_mean:              38.9369
return_std:                7.5976	test_ep_length_mean:     200.0000	test_episode_length_mean:199.0000	test_return_mean:         53.4844
test_return_std:           7.2643	
2026-08-03 22:58:37,027 - my_experiment - advP_B_HC_op_nomm_43 - my_run - INFO - t_env: 2950200 / 5050000
2026-08-03 22:58:37,028 - my_experiment - advP_B_HC_op_nomm_43 - my_run - INFO - Estimated time left: 15 hours, 16 minutes, 0 seconds. Time passed: 21 hours, 41 minutes, 52 seconds
2026-08-03 23:20:21,338 - my_experiment - advP_B_HC_op_nomm_43 - my_run - INFO - Recent Stats | t_env:    3000000 | Episode:    15000
ep_length_mean:          200.0000	episode_length_mean:     199.0000	epsilon:                   0.0500	grad_norm:               282.1053
info_nce_loss:             0.5000	loss:                      1.1777	q_loss:                    1.0707	return_mean:              41.7551
return_std:                6.5061	test_ep_length_mean:     200.0000	test_episode_length_mean:199.0000	test_return_mean:         53.1743
test_return_std:           7.3315	
2026-08-03 23:20:26,323 - my_experiment - advP_B_HC_op_nomm_43 - my_run - INFO - t_env: 3000200 / 5050000
2026-08-03 23:20:26,325 - my_experiment - advP_B_HC_op_nomm_43 - my_run - INFO - Estimated time left: 14 hours, 54 minutes, 35 seconds. Time passed: 22 hours, 3 minutes, 41 seconds
2026-08-03 23:21:33,923 - my_experiment - advP_B_HC_op_nomm_43 - my_run - INFO - Saving models to work_dirs/my_experiment/advP_B_HC_op_nomm_43/my_run/20260803_011635/models/3000200
2026-08-03 23:42:10,107 - my_experiment - advP_B_HC_op_nomm_43 - my_run - INFO - Recent Stats | t_env:    3050000 | Episode:    15250
ep_length_mean:          200.0000	episode_length_mean:     199.0000	epsilon:                   0.0500	grad_norm:               310.6429
info_nce_loss:             0.2662	loss:                      1.4403	q_loss:                    1.3094	return_mean:              42.5921
return_std:                5.8349	test_ep_length_mean:     200.0000	test_episode_length_mean:199.0000	test_return_mean:         53.3939
test_return_std:           7.7956	
2026-08-03 23:42:15,075 - my_experiment - advP_B_HC_op_nomm_43 - my_run - INFO - t_env: 3050200 / 5050000
2026-08-03 23:42:15,076 - my_experiment - advP_B_HC_op_nomm_43 - my_run - INFO - Estimated time left: 14 hours, 32 minutes, 24 seconds. Time passed: 22 hours, 25 minutes, 30 seconds
2026-08-04 00:03:58,714 - my_experiment - advP_B_HC_op_nomm_43 - my_run - INFO - Recent Stats | t_env:    3100000 | Episode:    15500
ep_length_mean:          200.0000	episode_length_mean:     199.0000	epsilon:                   0.0500	grad_norm:               306.6670
info_nce_loss:             0.4077	loss:                      1.9587	q_loss:                    1.7806	return_mean:              42.5952
return_std:                6.3843	test_ep_length_mean:     200.0000	test_episode_length_mean:199.0000	test_return_mean:         53.8932
test_return_std:           7.5345	
2026-08-04 00:04:03,690 - my_experiment - advP_B_HC_op_nomm_43 - my_run - INFO - t_env: 3100200 / 5050000
2026-08-04 00:04:03,692 - my_experiment - advP_B_HC_op_nomm_43 - my_run - INFO - Estimated time left: 14 hours, 10 minutes, 30 seconds. Time passed: 22 hours, 47 minutes, 19 seconds
2026-08-04 00:25:47,495 - my_experiment - advP_B_HC_op_nomm_43 - my_run - INFO - Recent Stats | t_env:    3150000 | Episode:    15750
ep_length_mean:          200.0000	episode_length_mean:     199.0000	epsilon:                   0.0500	grad_norm:               231.1037
info_nce_loss:             0.2377	loss:                      1.0615	q_loss:                    0.9650	return_mean:              42.7060
return_std:                6.2437	test_ep_length_mean:     200.0000	test_episode_length_mean:199.0000	test_return_mean:         55.7159
test_return_std:           7.9084	
2026-08-04 00:25:52,453 - my_experiment - advP_B_HC_op_nomm_43 - my_run - INFO - t_env: 3150200 / 5050000
2026-08-04 00:25:52,455 - my_experiment - advP_B_HC_op_nomm_43 - my_run - INFO - Estimated time left: 13 hours, 48 minutes, 47 seconds. Time passed: 23 hours, 9 minutes, 8 seconds
2026-08-04 00:47:37,415 - my_experiment - advP_B_HC_op_nomm_43 - my_run - INFO - Recent Stats | t_env:    3200000 | Episode:    16000
ep_length_mean:          200.0000	episode_length_mean:     199.0000	epsilon:                   0.0500	grad_norm:               267.1957
info_nce_loss:             0.2725	loss:                      1.0584	q_loss:                    0.9622	return_mean:              43.0205
return_std:                5.4264	test_ep_length_mean:     200.0000	test_episode_length_mean:199.0000	test_return_mean:         58.2179
test_return_std:           8.1959	
2026-08-04 00:47:42,395 - my_experiment - advP_B_HC_op_nomm_43 - my_run - INFO - t_env: 3200200 / 5050000
2026-08-04 00:47:42,397 - my_experiment - advP_B_HC_op_nomm_43 - my_run - INFO - Estimated time left: 13 hours, 27 minutes, 42 seconds. Time passed: 23 hours, 30 minutes, 58 seconds
2026-08-04 01:09:26,446 - my_experiment - advP_B_HC_op_nomm_43 - my_run - INFO - Recent Stats | t_env:    3250000 | Episode:    16250
ep_length_mean:          200.0000	episode_length_mean:     199.0000	epsilon:                   0.0500	grad_norm:               251.4147
info_nce_loss:             0.4784	loss:                      1.1702	q_loss:                    1.0638	return_mean:              43.9451
return_std:                5.9745	test_ep_length_mean:     200.0000	test_episode_length_mean:199.0000	test_return_mean:         58.9848
test_return_std:           8.0973	
2026-08-04 01:09:31,412 - my_experiment - advP_B_HC_op_nomm_43 - my_run - INFO - t_env: 3250200 / 5050000
2026-08-04 01:09:31,413 - my_experiment - advP_B_HC_op_nomm_43 - my_run - INFO - Estimated time left: 13 hours, 5 minutes, 19 seconds. Time passed: 23 hours, 52 minutes, 47 seconds
2026-08-04 01:31:17,279 - my_experiment - advP_B_HC_op_nomm_43 - my_run - INFO - Recent Stats | t_env:    3300000 | Episode:    16500
ep_length_mean:          200.0000	episode_length_mean:     199.0000	epsilon:                   0.0500	grad_norm:               266.4070
info_nce_loss:             0.5298	loss:                      1.3873	q_loss:                    1.2612	return_mean:              42.3534
return_std:                6.9704	test_ep_length_mean:     200.0000	test_episode_length_mean:199.0000	test_return_mean:         57.1283
test_return_std:           7.0347	
2026-08-04 01:31:22,249 - my_experiment - advP_B_HC_op_nomm_43 - my_run - INFO - t_env: 3300200 / 5050000
2026-08-04 01:31:22,250 - my_experiment - advP_B_HC_op_nomm_43 - my_run - INFO - Estimated time left: 12 hours, 44 minutes, 34 seconds. Time passed: 1 days, 14 minutes, 37 seconds
2026-08-04 01:53:06,952 - my_experiment - advP_B_HC_op_nomm_43 - my_run - INFO - Recent Stats | t_env:    3350000 | Episode:    16750
ep_length_mean:          200.0000	episode_length_mean:     199.0000	epsilon:                   0.0500	grad_norm:               295.1003
info_nce_loss:             0.2603	loss:                      1.8091	q_loss:                    1.6447	return_mean:              42.9403
return_std:                7.6187	test_ep_length_mean:     200.0000	test_episode_length_mean:199.0000	test_return_mean:         57.4869
test_return_std:           6.3490	
2026-08-04 01:53:11,913 - my_experiment - advP_B_HC_op_nomm_43 - my_run - INFO - t_env: 3350200 / 5050000
2026-08-04 01:53:11,915 - my_experiment - advP_B_HC_op_nomm_43 - my_run - INFO - Estimated time left: 12 hours, 22 minutes, 3 seconds. Time passed: 1 days, 36 minutes, 27 seconds
2026-08-04 02:14:54,786 - my_experiment - advP_B_HC_op_nomm_43 - my_run - INFO - Recent Stats | t_env:    3400000 | Episode:    17000
ep_length_mean:          200.0000	episode_length_mean:     199.0000	epsilon:                   0.0500	grad_norm:               232.6308
info_nce_loss:             0.5978	loss:                      1.2991	q_loss:                    1.1810	return_mean:              44.7722
return_std:                6.5188	test_ep_length_mean:     200.0000	test_episode_length_mean:199.0000	test_return_mean:         59.2903
test_return_std:           6.8544	
2026-08-04 02:14:59,759 - my_experiment - advP_B_HC_op_nomm_43 - my_run - INFO - t_env: 3400200 / 5050000
2026-08-04 02:14:59,760 - my_experiment - advP_B_HC_op_nomm_43 - my_run - INFO - Estimated time left: 11 hours, 59 minutes, 13 seconds. Time passed: 1 days, 58 minutes, 15 seconds
2026-08-04 02:36:43,224 - my_experiment - advP_B_HC_op_nomm_43 - my_run - INFO - Recent Stats | t_env:    3450000 | Episode:    17250
ep_length_mean:          200.0000	episode_length_mean:     199.0000	epsilon:                   0.0500	grad_norm:               380.9765
info_nce_loss:             0.5513	loss:                      2.3778	q_loss:                    2.1616	return_mean:              43.4057
return_std:                6.6379	test_ep_length_mean:     200.0000	test_episode_length_mean:199.0000	test_return_mean:         57.8463
test_return_std:           6.4345	
2026-08-04 02:36:48,207 - my_experiment - advP_B_HC_op_nomm_43 - my_run - INFO - t_env: 3450200 / 5050000
2026-08-04 02:36:48,208 - my_experiment - advP_B_HC_op_nomm_43 - my_run - INFO - Estimated time left: 11 hours, 37 minutes, 45 seconds. Time passed: 1 days, 1 hours, 20 minutes, 3 seconds
2026-08-04 02:58:31,332 - my_experiment - advP_B_HC_op_nomm_43 - my_run - INFO - Recent Stats | t_env:    3500000 | Episode:    17500
ep_length_mean:          200.0000	episode_length_mean:     199.0000	epsilon:                   0.0500	grad_norm:               255.4315
info_nce_loss:             0.2499	loss:                      1.2203	q_loss:                    1.1094	return_mean:              42.9444
return_std:                5.5315	test_ep_length_mean:     200.0000	test_episode_length_mean:199.0000	test_return_mean:         60.6334
test_return_std:           7.6982	
2026-08-04 02:58:36,305 - my_experiment - advP_B_HC_op_nomm_43 - my_run - INFO - t_env: 3500200 / 5050000
2026-08-04 02:58:36,307 - my_experiment - advP_B_HC_op_nomm_43 - my_run - INFO - Estimated time left: 11 hours, 15 minutes, 45 seconds. Time passed: 1 days, 1 hours, 41 minutes, 51 seconds
2026-08-04 02:59:43,962 - my_experiment - advP_B_HC_op_nomm_43 - my_run - INFO - Saving models to work_dirs/my_experiment/advP_B_HC_op_nomm_43/my_run/20260803_011635/models/3500200
2026-08-04 03:20:21,393 - my_experiment - advP_B_HC_op_nomm_43 - my_run - INFO - Recent Stats | t_env:    3550000 | Episode:    17750
ep_length_mean:          200.0000	episode_length_mean:     199.0000	epsilon:                   0.0500	grad_norm:               309.1233
info_nce_loss:             0.5239	loss:                      1.2658	q_loss:                    1.1507	return_mean:              44.7145
return_std:                5.7209	test_ep_length_mean:     200.0000	test_episode_length_mean:199.0000	test_return_mean:         63.3271
test_return_std:           9.5785	
2026-08-04 03:20:26,349 - my_experiment - advP_B_HC_op_nomm_43 - my_run - INFO - t_env: 3550200 / 5050000
2026-08-04 03:20:26,351 - my_experiment - advP_B_HC_op_nomm_43 - my_run - INFO - Estimated time left: 10 hours, 54 minutes, 56 seconds. Time passed: 1 days, 2 hours, 3 minutes, 42 seconds
2026-08-04 03:42:09,744 - my_experiment - advP_B_HC_op_nomm_43 - my_run - INFO - Recent Stats | t_env:    3600000 | Episode:    18000
ep_length_mean:          200.0000	episode_length_mean:     199.0000	epsilon:                   0.0500	grad_norm:               384.0187
info_nce_loss:             0.6341	loss:                      1.9663	q_loss:                    1.7875	return_mean:              43.7857
return_std:                6.1621	test_ep_length_mean:     200.0000	test_episode_length_mean:199.0000	test_return_mean:         64.0582
test_return_std:          10.4928	
2026-08-04 03:42:14,710 - my_experiment - advP_B_HC_op_nomm_43 - my_run - INFO - t_env: 3600200 / 5050000
2026-08-04 03:42:14,711 - my_experiment - advP_B_HC_op_nomm_43 - my_run - INFO - Estimated time left: 10 hours, 32 minutes, 17 seconds. Time passed: 1 days, 2 hours, 25 minutes, 30 seconds
2026-08-04 04:04:00,592 - my_experiment - advP_B_HC_op_nomm_43 - my_run - INFO - Recent Stats | t_env:    3650000 | Episode:    18250
ep_length_mean:          200.0000	episode_length_mean:     199.0000	epsilon:                   0.0500	grad_norm:               296.8627
info_nce_loss:             0.0453	loss:                      1.5171	q_loss:                    1.3792	return_mean:              43.0066
return_std:                5.2738	test_ep_length_mean:     200.0000	test_episode_length_mean:199.0000	test_return_mean:         62.6534
test_return_std:          10.6463	
2026-08-04 04:04:05,566 - my_experiment - advP_B_HC_op_nomm_43 - my_run - INFO - t_env: 3650200 / 5050000
2026-08-04 04:04:05,568 - my_experiment - advP_B_HC_op_nomm_43 - my_run - INFO - Estimated time left: 10 hours, 11 minutes, 38 seconds. Time passed: 1 days, 2 hours, 47 minutes, 21 seconds
2026-08-04 04:25:50,036 - my_experiment - advP_B_HC_op_nomm_43 - my_run - INFO - Recent Stats | t_env:    3700000 | Episode:    18500
ep_length_mean:          200.0000	episode_length_mean:     199.0000	epsilon:                   0.0500	grad_norm:               398.9501
info_nce_loss:             0.5546	loss:                      2.0048	q_loss:                    1.8225	return_mean:              42.1749
return_std:                5.6591	test_ep_length_mean:     200.0000	test_episode_length_mean:199.0000	test_return_mean:         63.0184
test_return_std:          12.2328	
2026-08-04 04:25:54,995 - my_experiment - advP_B_HC_op_nomm_43 - my_run - INFO - t_env: 3700200 / 5050000
2026-08-04 04:25:54,996 - my_experiment - advP_B_HC_op_nomm_43 - my_run - INFO - Estimated time left: 9 hours, 49 minutes, 9 seconds. Time passed: 1 days, 3 hours, 9 minutes, 10 seconds
2026-08-04 04:47:38,053 - my_experiment - advP_B_HC_op_nomm_43 - my_run - INFO - Recent Stats | t_env:    3750000 | Episode:    18750
ep_length_mean:          200.0000	episode_length_mean:     199.0000	epsilon:                   0.0500	grad_norm:               408.6157
info_nce_loss:             0.4577	loss:                      1.7001	q_loss:                    1.5456	return_mean:              42.4119
return_std:                5.8457	test_ep_length_mean:     200.0000	test_episode_length_mean:199.0000	test_return_mean:         61.3311
test_return_std:          12.1761	
2026-08-04 04:47:43,013 - my_experiment - advP_B_HC_op_nomm_43 - my_run - INFO - t_env: 3750200 / 5050000
2026-08-04 04:47:43,014 - my_experiment - advP_B_HC_op_nomm_43 - my_run - INFO - Estimated time left: 9 hours, 26 minutes, 43 seconds. Time passed: 1 days, 3 hours, 30 minutes, 58 seconds
2026-08-04 05:09:28,737 - my_experiment - advP_B_HC_op_nomm_43 - my_run - INFO - Recent Stats | t_env:    3800000 | Episode:    19000
ep_length_mean:          200.0000	episode_length_mean:     199.0000	epsilon:                   0.0500	grad_norm:               274.0721
info_nce_loss:             0.4278	loss:                      1.3784	q_loss:                    1.2531	return_mean:              42.5844
return_std:                6.2419	test_ep_length_mean:     200.0000	test_episode_length_mean:199.0000	test_return_mean:         58.9964
test_return_std:          11.4247	
2026-08-04 05:09:33,724 - my_experiment - advP_B_HC_op_nomm_43 - my_run - INFO - t_env: 3800200 / 5050000
2026-08-04 05:09:33,725 - my_experiment - advP_B_HC_op_nomm_43 - my_run - INFO - Estimated time left: 9 hours, 6 minutes, 2 seconds. Time passed: 1 days, 3 hours, 52 minutes, 49 seconds
2026-08-04 05:31:16,829 - my_experiment - advP_B_HC_op_nomm_43 - my_run - INFO - Recent Stats | t_env:    3850000 | Episode:    19250
ep_length_mean:          200.0000	episode_length_mean:     199.0000	epsilon:                   0.0500	grad_norm:               356.4580
info_nce_loss:             0.7259	loss:                      2.0227	q_loss:                    1.8388	return_mean:              42.6806
return_std:                5.7594	test_ep_length_mean:     200.0000	test_episode_length_mean:199.0000	test_return_mean:         58.8848
test_return_std:          11.5437	
2026-08-04 05:31:21,788 - my_experiment - advP_B_HC_op_nomm_43 - my_run - INFO - t_env: 3850200 / 5050000
2026-08-04 05:31:21,789 - my_experiment - advP_B_HC_op_nomm_43 - my_run - INFO - Estimated time left: 8 hours, 43 minutes, 8 seconds. Time passed: 1 days, 4 hours, 14 minutes, 37 seconds
2026-08-04 05:53:05,406 - my_experiment - advP_B_HC_op_nomm_43 - my_run - INFO - Recent Stats | t_env:    3900000 | Episode:    19500
ep_length_mean:          200.0000	episode_length_mean:     199.0000	epsilon:                   0.0500	grad_norm:               332.7308
info_nce_loss:             0.4533	loss:                      1.6602	q_loss:                    1.5092	return_mean:              40.9623
return_std:                6.9841	test_ep_length_mean:     200.0000	test_episode_length_mean:199.0000	test_return_mean:         56.5062
test_return_std:          11.4351	
2026-08-04 05:53:10,387 - my_experiment - advP_B_HC_op_nomm_43 - my_run - INFO - t_env: 3900200 / 5050000
2026-08-04 05:53:10,388 - my_experiment - advP_B_HC_op_nomm_43 - my_run - INFO - Estimated time left: 8 hours, 21 minutes, 32 seconds. Time passed: 1 days, 4 hours, 36 minutes, 26 seconds
2026-08-04 06:14:53,539 - my_experiment - advP_B_HC_op_nomm_43 - my_run - INFO - Recent Stats | t_env:    3950000 | Episode:    19750
ep_length_mean:          200.0000	episode_length_mean:     199.0000	epsilon:                   0.0500	grad_norm:               349.1911
info_nce_loss:             0.3442	loss:                      1.7450	q_loss:                    1.5864	return_mean:              42.3141
return_std:                5.8723	test_ep_length_mean:     200.0000	test_episode_length_mean:199.0000	test_return_mean:         55.6109
test_return_std:          10.2305	
2026-08-04 06:14:58,503 - my_experiment - advP_B_HC_op_nomm_43 - my_run - INFO - t_env: 3950200 / 5050000
2026-08-04 06:14:58,504 - my_experiment - advP_B_HC_op_nomm_43 - my_run - INFO - Estimated time left: 7 hours, 59 minutes, 33 seconds. Time passed: 1 days, 4 hours, 58 minutes, 14 seconds
2026-08-04 06:36:41,713 - my_experiment - advP_B_HC_op_nomm_43 - my_run - INFO - Recent Stats | t_env:    4000000 | Episode:    20000
ep_length_mean:          200.0000	episode_length_mean:     199.0000	epsilon:                   0.0500	grad_norm:               363.3261
info_nce_loss:             0.4223	loss:                      1.9823	q_loss:                    1.8020	return_mean:              43.3386
return_std:                5.6902	test_ep_length_mean:     200.0000	test_episode_length_mean:199.0000	test_return_mean:         58.4005
test_return_std:          10.7108	
2026-08-04 06:36:46,681 - my_experiment - advP_B_HC_op_nomm_43 - my_run - INFO - t_env: 4000200 / 5050000
2026-08-04 06:36:46,683 - my_experiment - advP_B_HC_op_nomm_43 - my_run - INFO - Estimated time left: 7 hours, 37 minutes, 46 seconds. Time passed: 1 days, 5 hours, 20 minutes, 2 seconds
2026-08-04 06:37:54,019 - my_experiment - advP_B_HC_op_nomm_43 - my_run - INFO - Saving models to work_dirs/my_experiment/advP_B_HC_op_nomm_43/my_run/20260803_011635/models/4000200
2026-08-04 06:58:29,856 - my_experiment - advP_B_HC_op_nomm_43 - my_run - INFO - Recent Stats | t_env:    4050000 | Episode:    20250
ep_length_mean:          200.0000	episode_length_mean:     199.0000	epsilon:                   0.0500	grad_norm:               360.8679
info_nce_loss:             0.2221	loss:                      1.9345	q_loss:                    1.7587	return_mean:              43.5641
return_std:                5.9494	test_ep_length_mean:     200.0000	test_episode_length_mean:199.0000	test_return_mean:         62.1193
test_return_std:          11.2518	
2026-08-04 06:58:34,846 - my_experiment - advP_B_HC_op_nomm_43 - my_run - INFO - t_env: 4050200 / 5050000
2026-08-04 06:58:34,848 - my_experiment - advP_B_HC_op_nomm_43 - my_run - INFO - Estimated time left: 7 hours, 15 minutes, 58 seconds. Time passed: 1 days, 5 hours, 41 minutes, 50 seconds
2026-08-04 07:20:19,851 - my_experiment - advP_B_HC_op_nomm_43 - my_run - INFO - Recent Stats | t_env:    4100000 | Episode:    20500
ep_length_mean:          200.0000	episode_length_mean:     199.0000	epsilon:                   0.0500	grad_norm:               426.0982
info_nce_loss:             0.4798	loss:                      2.0118	q_loss:                    1.8289	return_mean:              44.6845
return_std:                6.0545	test_ep_length_mean:     200.0000	test_episode_length_mean:199.0000	test_return_mean:         64.7630
test_return_std:          11.7245	
2026-08-04 07:20:24,815 - my_experiment - advP_B_HC_op_nomm_43 - my_run - INFO - t_env: 4100200 / 5050000
2026-08-04 07:20:24,816 - my_experiment - advP_B_HC_op_nomm_43 - my_run - INFO - Estimated time left: 6 hours, 54 minutes, 44 seconds. Time passed: 1 days, 6 hours, 3 minutes, 40 seconds
2026-08-04 07:42:08,429 - my_experiment - advP_B_HC_op_nomm_43 - my_run - INFO - Recent Stats | t_env:    4150000 | Episode:    20750
ep_length_mean:          200.0000	episode_length_mean:     199.0000	epsilon:                   0.0500	grad_norm:               511.0882
info_nce_loss:             0.3591	loss:                      2.4277	q_loss:                    2.2070	return_mean:              44.3743
return_std:                5.4083	test_ep_length_mean:     200.0000	test_episode_length_mean:199.0000	test_return_mean:         69.8981
test_return_std:          13.0549	
2026-08-04 07:42:13,378 - my_experiment - advP_B_HC_op_nomm_43 - my_run - INFO - t_env: 4150200 / 5050000
2026-08-04 07:42:13,380 - my_experiment - advP_B_HC_op_nomm_43 - my_run - INFO - Estimated time left: 6 hours, 32 minutes, 28 seconds. Time passed: 1 days, 6 hours, 25 minutes, 29 seconds
2026-08-04 08:03:57,939 - my_experiment - advP_B_HC_op_nomm_43 - my_run - INFO - Recent Stats | t_env:    4200000 | Episode:    21000
ep_length_mean:          200.0000	episode_length_mean:     199.0000	epsilon:                   0.0500	grad_norm:               398.5336
info_nce_loss:             0.3731	loss:                      2.0619	q_loss:                    1.8744	return_mean:              48.1635
return_std:                5.5402	test_ep_length_mean:     200.0000	test_episode_length_mean:199.0000	test_return_mean:         74.4580
test_return_std:          13.3555	
2026-08-04 08:04:02,923 - my_experiment - advP_B_HC_op_nomm_43 - my_run - INFO - t_env: 4200200 / 5050000
2026-08-04 08:04:02,924 - my_experiment - advP_B_HC_op_nomm_43 - my_run - INFO - Estimated time left: 6 hours, 10 minutes, 57 seconds. Time passed: 1 days, 6 hours, 47 minutes, 18 seconds
2026-08-04 08:25:47,918 - my_experiment - advP_B_HC_op_nomm_43 - my_run - INFO - Recent Stats | t_env:    4250000 | Episode:    21250
ep_length_mean:          200.0000	episode_length_mean:     199.0000	epsilon:                   0.0500	grad_norm:               401.5037
info_nce_loss:             0.3474	loss:                      2.0617	q_loss:                    1.8742	return_mean:              48.7968
return_std:                5.8335	test_ep_length_mean:     200.0000	test_episode_length_mean:199.0000	test_return_mean:         75.5796
test_return_std:          12.1551	
2026-08-04 08:25:52,868 - my_experiment - advP_B_HC_op_nomm_43 - my_run - INFO - t_env: 4250200 / 5050000
2026-08-04 08:25:52,869 - my_experiment - advP_B_HC_op_nomm_43 - my_run - INFO - Estimated time left: 5 hours, 49 minutes, 13 seconds. Time passed: 1 days, 7 hours, 9 minutes, 8 seconds
2026-08-04 08:47:38,532 - my_experiment - advP_B_HC_op_nomm_43 - my_run - INFO - Recent Stats | t_env:    4300000 | Episode:    21500
ep_length_mean:          200.0000	episode_length_mean:     199.0000	epsilon:                   0.0500	grad_norm:               418.0397
info_nce_loss:             0.3045	loss:                      2.0328	q_loss:                    1.8480	return_mean:              49.3060
return_std:                5.9205	test_ep_length_mean:     200.0000	test_episode_length_mean:199.0000	test_return_mean:         77.2701
test_return_std:          11.9737	
2026-08-04 08:47:43,499 - my_experiment - advP_B_HC_op_nomm_43 - my_run - INFO - t_env: 4300200 / 5050000
2026-08-04 08:47:43,500 - my_experiment - advP_B_HC_op_nomm_43 - my_run - INFO - Estimated time left: 5 hours, 27 minutes, 34 seconds. Time passed: 1 days, 7 hours, 30 minutes, 59 seconds
2026-08-04 09:09:28,533 - my_experiment - advP_B_HC_op_nomm_43 - my_run - INFO - Recent Stats | t_env:    4350000 | Episode:    21750
ep_length_mean:          200.0000	episode_length_mean:     199.0000	epsilon:                   0.0500	grad_norm:               407.0993
info_nce_loss:             0.2775	loss:                      2.3990	q_loss:                    2.1809	return_mean:              50.2831
return_std:                6.0333	test_ep_length_mean:     200.0000	test_episode_length_mean:199.0000	test_return_mean:         78.7525
test_return_std:          10.7611	
2026-08-04 09:09:33,486 - my_experiment - advP_B_HC_op_nomm_43 - my_run - INFO - t_env: 4350200 / 5050000
2026-08-04 09:09:33,487 - my_experiment - advP_B_HC_op_nomm_43 - my_run - INFO - Estimated time left: 5 hours, 5 minutes, 34 seconds. Time passed: 1 days, 7 hours, 52 minutes, 49 seconds
2026-08-04 09:31:19,631 - my_experiment - advP_B_HC_op_nomm_43 - my_run - INFO - Recent Stats | t_env:    4400000 | Episode:    22000
ep_length_mean:          200.0000	episode_length_mean:     199.0000	epsilon:                   0.0500	grad_norm:               644.2572
info_nce_loss:             0.6250	loss:                      3.0228	q_loss:                    2.7480	return_mean:              49.3773
return_std:                6.6816	test_ep_length_mean:     200.0000	test_episode_length_mean:199.0000	test_return_mean:         78.4636
test_return_std:           9.3549	
2026-08-04 09:31:24,623 - my_experiment - advP_B_HC_op_nomm_43 - my_run - INFO - t_env: 4400200 / 5050000
2026-08-04 09:31:24,625 - my_experiment - advP_B_HC_op_nomm_43 - my_run - INFO - Estimated time left: 4 hours, 43 minutes, 59 seconds. Time passed: 1 days, 8 hours, 14 minutes, 40 seconds
2026-08-04 09:53:08,862 - my_experiment - advP_B_HC_op_nomm_43 - my_run - INFO - Recent Stats | t_env:    4450000 | Episode:    22250
ep_length_mean:          200.0000	episode_length_mean:     199.0000	epsilon:                   0.0500	grad_norm:               408.1737
info_nce_loss:             0.3665	loss:                      2.2339	q_loss:                    2.0308	return_mean:              48.7438
return_std:                6.6663	test_ep_length_mean:     200.0000	test_episode_length_mean:199.0000	test_return_mean:         76.1265
test_return_std:           9.0335	
2026-08-04 09:53:13,817 - my_experiment - advP_B_HC_op_nomm_43 - my_run - INFO - t_env: 4450200 / 5050000
2026-08-04 09:53:13,819 - my_experiment - advP_B_HC_op_nomm_43 - my_run - INFO - Estimated time left: 4 hours, 21 minutes, 45 seconds. Time passed: 1 days, 8 hours, 36 minutes, 29 seconds
2026-08-04 10:14:59,251 - my_experiment - advP_B_HC_op_nomm_43 - my_run - INFO - Recent Stats | t_env:    4500000 | Episode:    22500
ep_length_mean:          200.0000	episode_length_mean:     199.0000	epsilon:                   0.0500	grad_norm:               380.4068
info_nce_loss:             0.6306	loss:                      2.1892	q_loss:                    1.9902	return_mean:              50.7361
return_std:                6.2387	test_ep_length_mean:     200.0000	test_episode_length_mean:199.0000	test_return_mean:         74.6548
test_return_std:           8.9370	
2026-08-04 10:15:04,208 - my_experiment - advP_B_HC_op_nomm_43 - my_run - INFO - t_env: 4500200 / 5050000
2026-08-04 10:15:04,209 - my_experiment - advP_B_HC_op_nomm_43 - my_run - INFO - Estimated time left: 4 hours, 9 seconds. Time passed: 1 days, 8 hours, 58 minutes, 19 seconds
2026-08-04 10:16:11,775 - my_experiment - advP_B_HC_op_nomm_43 - my_run - INFO - Saving models to work_dirs/my_experiment/advP_B_HC_op_nomm_43/my_run/20260803_011635/models/4500200
2026-08-04 10:36:48,503 - my_experiment - advP_B_HC_op_nomm_43 - my_run - INFO - Recent Stats | t_env:    4550000 | Episode:    22750
ep_length_mean:          200.0000	episode_length_mean:     199.0000	epsilon:                   0.0500	grad_norm:               372.2188
info_nce_loss:             0.2793	loss:                      2.1784	q_loss:                    1.9804	return_mean:              53.2960
return_std:                7.1584	test_ep_length_mean:     200.0000	test_episode_length_mean:199.0000	test_return_mean:         75.5398
test_return_std:           8.1234	
2026-08-04 10:36:53,464 - my_experiment - advP_B_HC_op_nomm_43 - my_run - INFO - t_env: 4550200 / 5050000
2026-08-04 10:36:53,465 - my_experiment - advP_B_HC_op_nomm_43 - my_run - INFO - Estimated time left: 3 hours, 38 minutes, 7 seconds. Time passed: 1 days, 9 hours, 20 minutes, 9 seconds
2026-08-04 10:58:37,308 - my_experiment - advP_B_HC_op_nomm_43 - my_run - INFO - Recent Stats | t_env:    4600000 | Episode:    23000
ep_length_mean:          200.0000	episode_length_mean:     199.0000	epsilon:                   0.0500	grad_norm:               426.2044
info_nce_loss:             0.3076	loss:                      2.6206	q_loss:                    2.3824	return_mean:              56.0712
return_std:                7.1076	test_ep_length_mean:     200.0000	test_episode_length_mean:199.0000	test_return_mean:         75.5959
test_return_std:           8.1239	
2026-08-04 10:58:42,299 - my_experiment - advP_B_HC_op_nomm_43 - my_run - INFO - t_env: 4600200 / 5050000
2026-08-04 10:58:42,301 - my_experiment - advP_B_HC_op_nomm_43 - my_run - INFO - Estimated time left: 3 hours, 16 minutes, 14 seconds. Time passed: 1 days, 9 hours, 41 minutes, 57 seconds
2026-08-04 11:20:26,505 - my_experiment - advP_B_HC_op_nomm_43 - my_run - INFO - Recent Stats | t_env:    4650000 | Episode:    23250
ep_length_mean:          200.0000	episode_length_mean:     199.0000	epsilon:                   0.0500	grad_norm:               374.1366
info_nce_loss:             0.4252	loss:                      2.4238	q_loss:                    2.2034	return_mean:              57.6399
return_std:                6.0743	test_ep_length_mean:     200.0000	test_episode_length_mean:199.0000	test_return_mean:         75.1894
test_return_std:           8.2518	
2026-08-04 11:20:31,493 - my_experiment - advP_B_HC_op_nomm_43 - my_run - INFO - t_env: 4650200 / 5050000
2026-08-04 11:20:31,494 - my_experiment - advP_B_HC_op_nomm_43 - my_run - INFO - Estimated time left: 2 hours, 54 minutes, 28 seconds. Time passed: 1 days, 10 hours, 3 minutes, 47 seconds
2026-08-04 11:42:13,893 - my_experiment - advP_B_HC_op_nomm_43 - my_run - INFO - Recent Stats | t_env:    4700000 | Episode:    23500
ep_length_mean:          200.0000	episode_length_mean:     199.0000	epsilon:                   0.0500	grad_norm:               414.8118
info_nce_loss:             0.3213	loss:                      2.4573	q_loss:                    2.2339	return_mean:              61.0211
return_std:                6.0170	test_ep_length_mean:     200.0000	test_episode_length_mean:199.0000	test_return_mean:         78.9572
test_return_std:           7.7942	
2026-08-04 11:42:18,869 - my_experiment - advP_B_HC_op_nomm_43 - my_run - INFO - t_env: 4700200 / 5050000
2026-08-04 11:42:18,871 - my_experiment - advP_B_HC_op_nomm_43 - my_run - INFO - Estimated time left: 2 hours, 32 minutes, 26 seconds. Time passed: 1 days, 10 hours, 25 minutes, 34 seconds
2026-08-04 12:04:03,125 - my_experiment - advP_B_HC_op_nomm_43 - my_run - INFO - Recent Stats | t_env:    4750000 | Episode:    23750
ep_length_mean:          200.0000	episode_length_mean:     199.0000	epsilon:                   0.0500	grad_norm:               408.7544
info_nce_loss:             0.3067	loss:                      2.3906	q_loss:                    2.1732	return_mean:              62.9647
return_std:                5.8025	test_ep_length_mean:     200.0000	test_episode_length_mean:199.0000	test_return_mean:         81.2575
test_return_std:           7.1296	
2026-08-04 12:04:08,096 - my_experiment - advP_B_HC_op_nomm_43 - my_run - INFO - t_env: 4750200 / 5050000
2026-08-04 12:04:08,097 - my_experiment - advP_B_HC_op_nomm_43 - my_run - INFO - Estimated time left: 2 hours, 10 minutes, 50 seconds. Time passed: 1 days, 10 hours, 47 minutes, 23 seconds
2026-08-04 12:25:52,765 - my_experiment - advP_B_HC_op_nomm_43 - my_run - INFO - Recent Stats | t_env:    4800000 | Episode:    24000
ep_length_mean:          200.0000	episode_length_mean:     199.0000	epsilon:                   0.0500	grad_norm:               366.6565
info_nce_loss:             0.2619	loss:                      2.4533	q_loss:                    2.2303	return_mean:              60.6167
return_std:                6.8343	test_ep_length_mean:     200.0000	test_episode_length_mean:199.0000	test_return_mean:         81.7448
test_return_std:           6.8758	
2026-08-04 12:25:57,710 - my_experiment - advP_B_HC_op_nomm_43 - my_run - INFO - t_env: 4800200 / 5050000
2026-08-04 12:25:57,712 - my_experiment - advP_B_HC_op_nomm_43 - my_run - INFO - Estimated time left: 1 hours, 49 minutes, 2 seconds. Time passed: 1 days, 11 hours, 9 minutes, 13 seconds
2026-08-04 12:47:41,239 - my_experiment - advP_B_HC_op_nomm_43 - my_run - INFO - Recent Stats | t_env:    4850000 | Episode:    24250
ep_length_mean:          200.0000	episode_length_mean:     199.0000	epsilon:                   0.0500	grad_norm:               354.6118
info_nce_loss:             0.5250	loss:                      2.3517	q_loss:                    2.1379	return_mean:              61.4954
return_std:                7.2799	test_ep_length_mean:     200.0000	test_episode_length_mean:199.0000	test_return_mean:         81.9213
test_return_std:           6.6502	
2026-08-04 12:47:46,219 - my_experiment - advP_B_HC_op_nomm_43 - my_run - INFO - t_env: 4850200 / 5050000
2026-08-04 12:47:46,221 - my_experiment - advP_B_HC_op_nomm_43 - my_run - INFO - Estimated time left: 1 hours, 27 minutes, 8 seconds. Time passed: 1 days, 11 hours, 31 minutes, 1 seconds
2026-08-04 13:09:29,867 - my_experiment - advP_B_HC_op_nomm_43 - my_run - INFO - Recent Stats | t_env:    4900000 | Episode:    24500
ep_length_mean:          200.0000	episode_length_mean:     199.0000	epsilon:                   0.0500	grad_norm:               441.5406
info_nce_loss:             0.4225	loss:                      2.6924	q_loss:                    2.4477	return_mean:              62.3739
return_std:                8.1880	test_ep_length_mean:     200.0000	test_episode_length_mean:199.0000	test_return_mean:         85.8018
test_return_std:           6.4292	
2026-08-04 13:09:34,831 - my_experiment - advP_B_HC_op_nomm_43 - my_run - INFO - t_env: 4900200 / 5050000
2026-08-04 13:09:34,832 - my_experiment - advP_B_HC_op_nomm_43 - my_run - INFO - Estimated time left: 1 hours, 5 minutes, 20 seconds. Time passed: 1 days, 11 hours, 52 minutes, 50 seconds
2026-08-04 13:31:18,791 - my_experiment - advP_B_HC_op_nomm_43 - my_run - INFO - Recent Stats | t_env:    4950000 | Episode:    24750
ep_length_mean:          200.0000	episode_length_mean:     199.0000	epsilon:                   0.0500	grad_norm:               453.2732
info_nce_loss:             0.4435	loss:                      2.5681	q_loss:                    2.3346	return_mean:              62.8652
return_std:                7.7326	test_ep_length_mean:     200.0000	test_episode_length_mean:199.0000	test_return_mean:         85.0745
test_return_std:           6.5999	
2026-08-04 13:31:23,790 - my_experiment - advP_B_HC_op_nomm_43 - my_run - INFO - t_env: 4950200 / 5050000
2026-08-04 13:31:23,792 - my_experiment - advP_B_HC_op_nomm_43 - my_run - INFO - Estimated time left: 43 minutes, 32 seconds. Time passed: 1 days, 12 hours, 14 minutes, 39 seconds
2026-08-04 13:53:06,386 - my_experiment - advP_B_HC_op_nomm_43 - my_run - INFO - Recent Stats | t_env:    5000000 | Episode:    25000
ep_length_mean:          200.0000	episode_length_mean:     199.0000	epsilon:                   0.0500	grad_norm:               393.3092
info_nce_loss:             0.1815	loss:                      2.6452	q_loss:                    2.4047	return_mean:              63.2112
return_std:                6.1568	test_ep_length_mean:     200.0000	test_episode_length_mean:199.0000	test_return_mean:         85.8815
test_return_std:           7.2284	
2026-08-04 13:53:11,378 - my_experiment - advP_B_HC_op_nomm_43 - my_run - INFO - t_env: 5000200 / 5050000
2026-08-04 13:53:11,379 - my_experiment - advP_B_HC_op_nomm_43 - my_run - INFO - Estimated time left: 21 minutes, 42 seconds. Time passed: 1 days, 12 hours, 36 minutes, 27 seconds
2026-08-04 13:54:18,989 - my_experiment - advP_B_HC_op_nomm_43 - my_run - INFO - Saving models to work_dirs/my_experiment/advP_B_HC_op_nomm_43/my_run/20260803_011635/models/5000200
2026-08-04 14:14:53,475 - my_experiment - advP_B_HC_op_nomm_43 - my_run - INFO - Recent Stats | t_env:    5050000 | Episode:    25250
ep_length_mean:          200.0000	episode_length_mean:     199.0000	epsilon:                   0.0500	grad_norm:               395.0639
info_nce_loss:             0.6052	loss:                      2.3348	q_loss:                    2.1226	return_mean:              62.7780
return_std:                5.9390	test_ep_length_mean:     200.0000	test_episode_length_mean:199.0000	test_return_mean:         85.7111
test_return_std:           7.9642	
2026-08-04 14:14:58,417 - my_experiment - advP_B_HC_op_nomm_43 - my_run - INFO - t_env: 5050200 / 5050000
2026-08-04 14:14:58,419 - my_experiment - advP_B_HC_op_nomm_43 - my_run - INFO - Estimated time left: -. Time passed: 1 days, 12 hours, 58 minutes, 14 seconds
2026-08-04 14:16:05,728 - my_experiment - advP_B_HC_op_nomm_43 - my_run - INFO - Finished Training
