JOB ID: 2143352
Running on node: artongpu02
Project Directory: /usr/itetnas04/data-scratch-01/pparsons/data/MyExpoComm
--------------------------------
Algorithm:   qmix_ExpoComm_one_peer_n7_cont
Environment: MAgent_AdvPursuit
Profile:     advP_EC_op_nomm_42
--------------------------------
Conda activated: /usr/itetnas04/data-scratch-01/pparsons/data/conda_envs/ExpoComm
Starting Run...
Warning: Loaded 4 layers but model has 6 layers.
Exiting Main
Stopping all threads
Thread wandb-AsyncioManager-main is alive! Is daemon: True
Thread joined
Thread ChkStopThr is alive! Is daemon: True
Thread joined
Thread IntMsgThr is alive! Is daemon: True
Thread joined
Exiting script
[1;34mwandb[0m: 
[1;34mwandb[0m: 🚀 View run [33mmy_run-advP_EC_op_nomm_42-20260730_191853[0m at: [34mhttps://wandb.ai/peterparsons02-eth-z-rich/my_experiment/runs/s84e29b5[0m
[1;34mwandb[0m: Find logs at: [1;35mwandb/run-20260730_191855-s84e29b5/logs[0m
Finished at: Fri Jul 31 18:47:06 CEST 2026
