Gym has been unmaintained since 2022 and does not support NumPy 2.0 amongst other critical functionality.
Please upgrade to Gymnasium, the maintained drop-in replacement of Gym, or contact the authors of your software and request that they upgrade.
Users of this version of Gym should be able to simply replace 'import gym' with 'import gymnasium as gym' in the vast majority of cases.
See the migration guide at https://gymnasium.farama.org/introduction/migration_guide/ for additional information.
src/main.py:81: DeprecationWarning: Using or importing the ABCs from 'collections' instead of from 'collections.abc' is deprecated since Python 3.3, and in 3.10 it will stop working
  if isinstance(v, collections.Mapping):
wandb: [wandb.login()] Loaded credentials for https://api.wandb.ai from /home/pparsons/.netrc.
wandb: Currently logged in as: peterparsons02 (peterparsons02-eth-z-rich) to https://api.wandb.ai. Use `wandb login --relogin` to force relogin
wandb: setting up run ge6kiv5k
wandb: Tracking run with wandb version 0.24.1
wandb: Run data is saved locally in /usr/itetnas04/data-scratch-01/pparsons/data/MyExpoComm/wandb/run-20260731_190517-ge6kiv5k
wandb: Run `wandb offline` to turn off syncing.
wandb: Syncing run my_run-advP_HC_op_nomm_44-20260731_190516
wandb: ⭐️ View project at https://wandb.ai/peterparsons02-eth-z-rich/my_experiment
wandb: 🚀 View run at https://wandb.ai/peterparsons02-eth-z-rich/my_experiment/runs/ge6kiv5k
2026-07-31 19:05:18,492 - my_experiment - advP_HC_op_nomm_44 - my_run - INFO - Current directory: /usr/itetnas04/data-scratch-01/pparsons/data/MyExpoComm.
2026-07-31 19:05:18,493 - my_experiment - advP_HC_op_nomm_44 - my_run - INFO - Experiment Parameters:
2026-07-31 19:05:18,495 - my_experiment - advP_HC_op_nomm_44 - my_run - INFO - 

{   'action_selector': 'epsilon_greedy',
    'add_value_last_step': True,
    'agent': 'ExpoComm_one_peer_cont',
    'agent_output_type': 'q',
    'attention_dim': 32,
    'aux_coef': 0.1,
    'batch_size': 32,
    'batch_size_run': 1,
    'buffer_cpu_only': True,
    'buffer_size': 2000,
    'checkpoint_path': '',
    'double_q': True,
    'env': 'MAgent_AdvPursuit',
    'env_args': {   'global_reward': True,
                    'map_name': 'adversarial_pursuit_view8',
                    'map_size': 45,
                    'max_cycles': 200,
                    'minimap_mode': False,
                    'pretrained_ckpt': 'prey_params.pt',
                    'seed': 44},
    'epsilon_anneal_time': 1000000,
    'epsilon_finish': 0.05,
    'epsilon_start': 1.0,
    'evaluate': False,
    'evaluation_epsilon': 0.0,
    'exp_name': 'my_experiment',
    'gamma': 0.99,
    'global_reward': True,
    'grad_norm_clip': 10,
    'hidden_dim': 64,
    'hypergroup': None,
    'label': 'default_label',
    'learner': 'hybrid_comm_learner',
    'learner_log_interval': 10000,
    'load_step': 0,
    'local_results_path': 'results',
    'log_interval': 50000,
    'lr': 0.0005,
    'mac': 'ExpoComm_mac',
    'mixer': None,
    'name': 'advP_HC_op_nomm_44',
    'neg_num': 20,
    'obs_agent_id': True,
    'obs_individual_obs': False,
    'obs_last_action': True,
    'one_peer': True,
    'optim_alpha': 0.99,
    'optim_eps': 1e-05,
    'render': False,
    'repeat_id': 1,
    'run_name': 'my_run',
    'runner': 'episode',
    'runner_log_interval': 10000,
    'save_model': True,
    'save_model_interval': 200000,
    'save_replay': False,
    'seed': 44,
    'standardise_returns': False,
    'standardise_rewards': True,
    't_max': 5050000,
    'target_update_interval_or_tau': 200,
    'temperature': 0.07,
    'test_greedy': True,
    'test_interval': 50000,
    'test_nepisode': 100,
    'topk_neighbors': 7,
    'use_cuda': True,
    'use_rnn': True,
    'use_tensorboard': True,
    'work_dir': 'work_dirs/my_experiment/advP_HC_op_nomm_44/my_run/20260731_190516'}

/usr/itetnas04/data-scratch-01/pparsons/data/conda_envs/ExpoComm/lib/python3.8/site-packages/pettingzoo/utils/conversions.py:41: UserWarning: The `from_parallel` function is deprecated. Use the `parallel_to_aec` function instead.
  warnings.warn("The `from_parallel` function is deprecated. Use the `parallel_to_aec` function instead.")
/usr/itetnas04/data-scratch-01/pparsons/data/conda_envs/ExpoComm/lib/python3.8/site-packages/pettingzoo/utils/wrappers/base.py:44: UserWarning: The `observation_spaces` dictionary is deprecated. Use the `observation_space` function instead.
  warnings.warn("The `observation_spaces` dictionary is deprecated. Use the `observation_space` function instead.")
/usr/itetnas04/data-scratch-01/pparsons/data/conda_envs/ExpoComm/lib/python3.8/site-packages/pettingzoo/utils/conversions.py:36: UserWarning: The `to_parallel` function is deprecated. Use the `aec_to_parallel` function instead.
  warnings.warn("The `to_parallel` function is deprecated. Use the `aec_to_parallel` function instead.")
/usr/itetnas04/data-scratch-01/pparsons/data/conda_envs/ExpoComm/lib/python3.8/site-packages/pettingzoo/utils/conversions.py:80: UserWarning: The `action_spaces` dictionary is deprecated. Use the `action_space` function instead.
  warnings.warn("The `action_spaces` dictionary is deprecated. Use the `action_space` function instead.")
/usr/itetnas04/data-scratch-01/pparsons/data/conda_envs/ExpoComm/lib/python3.8/site-packages/pettingzoo/utils/wrappers/base.py:52: UserWarning: The `action_spaces` dictionary is deprecated. Use the `action_space` function instead.
  warnings.warn("The `action_spaces` dictionary is deprecated. Use the `action_space` function instead.")
/usr/itetnas04/data-scratch-01/pparsons/data/conda_envs/ExpoComm/lib/python3.8/site-packages/pettingzoo/utils/conversions.py:72: UserWarning: The `observation_spaces` dictionary is deprecated. Use the `observation_space` function instead.
  warnings.warn("The `observation_spaces` dictionary is deprecated. Use the `observation_space` function instead.")
2026-07-31 19:05:21,802 - my_experiment - advP_HC_op_nomm_44 - my_run - INFO - Beginning training for 5050000 timesteps
/usr/itetnas04/data-scratch-01/pparsons/data/MyExpoComm/src/envs/adv_pursuit_wrappers.py:247: UserWarning: To copy construct from a tensor, it is recommended to use sourceTensor.clone().detach() or sourceTensor.clone().detach().requires_grad_(True), rather than torch.tensor(sourceTensor).
  actions = th.tensor(actions, dtype=th.long)
2026-07-31 19:05:24,242 - my_experiment - advP_HC_op_nomm_44 - my_run - INFO - t_env: 200 / 5050000
2026-07-31 19:05:24,242 - my_experiment - advP_HC_op_nomm_44 - my_run - INFO - Estimated time left: 4 minutes, 5 seconds. Time passed: 2 seconds
2026-07-31 19:08:33,178 - my_experiment - advP_HC_op_nomm_44 - my_run - INFO - Saving models to work_dirs/my_experiment/advP_HC_op_nomm_44/my_run/20260731_190516/models/200
2026-07-31 19:19:00,506 - my_experiment - advP_HC_op_nomm_44 - my_run - INFO - Recent Stats | t_env:      50000 | Episode:      250
ep_length_mean:          200.0000	episode_length_mean:     199.0000	epsilon:                   0.9620	grad_norm:                 0.1189
info_nce_loss:             3.0189	loss:                      1.0984	q_loss:                    0.9986	return_mean:             -21.4792
return_std:                0.7886	test_ep_length_mean:     200.0000	test_episode_length_mean:199.0000	test_return_mean:         -4.6084
test_return_std:          12.2196	
2026-07-31 19:19:03,178 - my_experiment - advP_HC_op_nomm_44 - my_run - INFO - t_env: 50200 / 5050000
2026-07-31 19:19:03,179 - my_experiment - advP_HC_op_nomm_44 - my_run - INFO - Estimated time left: 22 hours, 44 minutes, 50 seconds. Time passed: 13 minutes, 41 seconds
2026-07-31 19:33:33,657 - my_experiment - advP_HC_op_nomm_44 - my_run - INFO - Recent Stats | t_env:     100000 | Episode:      500
ep_length_mean:          200.0000	episode_length_mean:     199.0000	epsilon:                   0.9145	grad_norm:                 0.3565
info_nce_loss:             2.3778	loss:                      1.1151	q_loss:                    1.0137	return_mean:             -20.2099
return_std:                1.2193	test_ep_length_mean:     200.0000	test_episode_length_mean:199.0000	test_return_mean:         -2.2187
test_return_std:           7.7787	
2026-07-31 19:33:36,341 - my_experiment - advP_HC_op_nomm_44 - my_run - INFO - t_env: 100200 / 5050000
2026-07-31 19:33:36,342 - my_experiment - advP_HC_op_nomm_44 - my_run - INFO - Estimated time left: 1 days, 39 seconds. Time passed: 28 minutes, 14 seconds
2026-07-31 19:48:07,223 - my_experiment - advP_HC_op_nomm_44 - my_run - INFO - Recent Stats | t_env:     150000 | Episode:      750
ep_length_mean:          200.0000	episode_length_mean:     199.0000	epsilon:                   0.8670	grad_norm:                 0.6517
info_nce_loss:             1.8084	loss:                      1.1486	q_loss:                    1.0442	return_mean:             -18.6645
return_std:                1.2686	test_ep_length_mean:     200.0000	test_episode_length_mean:199.0000	test_return_mean:          0.4930
test_return_std:           7.3721	
2026-07-31 19:48:09,916 - my_experiment - advP_HC_op_nomm_44 - my_run - INFO - t_env: 150200 / 5050000
2026-07-31 19:48:09,917 - my_experiment - advP_HC_op_nomm_44 - my_run - INFO - Estimated time left: 23 hours, 46 minutes, 46 seconds. Time passed: 42 minutes, 48 seconds
2026-07-31 20:02:39,683 - my_experiment - advP_HC_op_nomm_44 - my_run - INFO - Recent Stats | t_env:     200000 | Episode:     1000
ep_length_mean:          200.0000	episode_length_mean:     199.0000	epsilon:                   0.8195	grad_norm:                 2.1746
info_nce_loss:             0.5323	loss:                      1.3107	q_loss:                    1.1915	return_mean:             -15.1429
return_std:                1.8301	test_ep_length_mean:     200.0000	test_episode_length_mean:199.0000	test_return_mean:          6.2929
test_return_std:           7.9723	
2026-07-31 20:02:42,331 - my_experiment - advP_HC_op_nomm_44 - my_run - INFO - t_env: 200200 / 5050000
2026-07-31 20:02:42,332 - my_experiment - advP_HC_op_nomm_44 - my_run - INFO - Estimated time left: 23 hours, 30 minutes, 20 seconds. Time passed: 57 minutes, 20 seconds
2026-07-31 20:06:03,050 - my_experiment - advP_HC_op_nomm_44 - my_run - INFO - Saving models to work_dirs/my_experiment/advP_HC_op_nomm_44/my_run/20260731_190516/models/200200
2026-07-31 20:17:04,379 - my_experiment - advP_HC_op_nomm_44 - my_run - INFO - Recent Stats | t_env:     250000 | Episode:     1250
ep_length_mean:          200.0000	episode_length_mean:     199.0000	epsilon:                   0.7720	grad_norm:                 6.1230
info_nce_loss:             0.6352	loss:                      2.1286	q_loss:                    1.9351	return_mean:              -8.9161
return_std:                2.1620	test_ep_length_mean:     200.0000	test_episode_length_mean:199.0000	test_return_mean:         11.8504
test_return_std:           8.9373	
2026-07-31 20:17:07,036 - my_experiment - advP_HC_op_nomm_44 - my_run - INFO - t_env: 250200 / 5050000
2026-07-31 20:17:07,037 - my_experiment - advP_HC_op_nomm_44 - my_run - INFO - Estimated time left: 23 hours, 3 minutes, 28 seconds. Time passed: 1 hours, 11 minutes, 45 seconds
2026-07-31 20:31:05,627 - my_experiment - advP_HC_op_nomm_44 - my_run - INFO - Recent Stats | t_env:     300000 | Episode:     1500
ep_length_mean:          200.0000	episode_length_mean:     199.0000	epsilon:                   0.7245	grad_norm:                 9.0681
info_nce_loss:             0.1348	loss:                      2.1628	q_loss:                    1.9662	return_mean:              -4.5013
return_std:                2.8431	test_ep_length_mean:     200.0000	test_episode_length_mean:199.0000	test_return_mean:         18.3916
test_return_std:           8.6623	
2026-07-31 20:31:08,115 - my_experiment - advP_HC_op_nomm_44 - my_run - INFO - t_env: 300200 / 5050000
2026-07-31 20:31:08,116 - my_experiment - advP_HC_op_nomm_44 - my_run - INFO - Estimated time left: 22 hours, 11 minutes, 39 seconds. Time passed: 1 hours, 25 minutes, 46 seconds
2026-07-31 20:44:34,822 - my_experiment - advP_HC_op_nomm_44 - my_run - INFO - Recent Stats | t_env:     350000 | Episode:     1750
ep_length_mean:          200.0000	episode_length_mean:     199.0000	epsilon:                   0.6770	grad_norm:                11.0531
info_nce_loss:             0.2350	loss:                      2.0454	q_loss:                    1.8595	return_mean:               0.4906
return_std:                3.5452	test_ep_length_mean:     200.0000	test_episode_length_mean:199.0000	test_return_mean:         29.3150
test_return_std:          11.1651	
2026-07-31 20:44:37,296 - my_experiment - advP_HC_op_nomm_44 - my_run - INFO - t_env: 350200 / 5050000
2026-07-31 20:44:37,297 - my_experiment - advP_HC_op_nomm_44 - my_run - INFO - Estimated time left: 21 hours, 7 minutes, 39 seconds. Time passed: 1 hours, 39 minutes, 15 seconds
2026-07-31 20:58:04,111 - my_experiment - advP_HC_op_nomm_44 - my_run - INFO - Recent Stats | t_env:     400000 | Episode:     2000
ep_length_mean:          200.0000	episode_length_mean:     199.0000	epsilon:                   0.6295	grad_norm:                18.4554
info_nce_loss:             0.2866	loss:                      2.4739	q_loss:                    2.2490	return_mean:               7.8027
return_std:                3.7946	test_ep_length_mean:     200.0000	test_episode_length_mean:199.0000	test_return_mean:         45.1007
test_return_std:          12.6611	
2026-07-31 20:58:06,667 - my_experiment - advP_HC_op_nomm_44 - my_run - INFO - t_env: 400200 / 5050000
2026-07-31 20:58:06,668 - my_experiment - advP_HC_op_nomm_44 - my_run - INFO - Estimated time left: 20 hours, 54 minutes, 28 seconds. Time passed: 1 hours, 52 minutes, 44 seconds
2026-07-31 21:01:14,361 - my_experiment - advP_HC_op_nomm_44 - my_run - INFO - Saving models to work_dirs/my_experiment/advP_HC_op_nomm_44/my_run/20260731_190516/models/400200
2026-07-31 21:11:33,195 - my_experiment - advP_HC_op_nomm_44 - my_run - INFO - Recent Stats | t_env:     450000 | Episode:     2250
ep_length_mean:          200.0000	episode_length_mean:     199.0000	epsilon:                   0.5820	grad_norm:                32.4949
info_nce_loss:             0.3689	loss:                      3.4961	q_loss:                    3.1782	return_mean:              12.8094
return_std:                4.4551	test_ep_length_mean:     200.0000	test_episode_length_mean:199.0000	test_return_mean:         56.0498
test_return_std:          13.8917	
2026-07-31 21:11:35,687 - my_experiment - advP_HC_op_nomm_44 - my_run - INFO - t_env: 450200 / 5050000
2026-07-31 21:11:35,688 - my_experiment - advP_HC_op_nomm_44 - my_run - INFO - Estimated time left: 20 hours, 40 minutes, 26 seconds. Time passed: 2 hours, 6 minutes, 13 seconds
2026-07-31 21:25:02,077 - my_experiment - advP_HC_op_nomm_44 - my_run - INFO - Recent Stats | t_env:     500000 | Episode:     2500
ep_length_mean:          200.0000	episode_length_mean:     199.0000	epsilon:                   0.5345	grad_norm:                29.3955
info_nce_loss:             0.2294	loss:                      3.6032	q_loss:                    3.2756	return_mean:              18.1722
return_std:                5.1528	test_ep_length_mean:     200.0000	test_episode_length_mean:199.0000	test_return_mean:         64.4187
test_return_std:          14.2198	
2026-07-31 21:25:04,581 - my_experiment - advP_HC_op_nomm_44 - my_run - INFO - t_env: 500200 / 5050000
2026-07-31 21:25:04,582 - my_experiment - advP_HC_op_nomm_44 - my_run - INFO - Estimated time left: 20 hours, 26 minutes, 46 seconds. Time passed: 2 hours, 19 minutes, 42 seconds
2026-07-31 21:38:31,896 - my_experiment - advP_HC_op_nomm_44 - my_run - INFO - Recent Stats | t_env:     550000 | Episode:     2750
ep_length_mean:          200.0000	episode_length_mean:     199.0000	epsilon:                   0.4870	grad_norm:                51.4835
info_nce_loss:             0.1807	loss:                      4.3862	q_loss:                    3.9874	return_mean:              21.8655
return_std:                5.2692	test_ep_length_mean:     200.0000	test_episode_length_mean:199.0000	test_return_mean:         73.9732
test_return_std:          14.5021	
2026-07-31 21:38:34,380 - my_experiment - advP_HC_op_nomm_44 - my_run - INFO - t_env: 550200 / 5050000
2026-07-31 21:38:34,381 - my_experiment - advP_HC_op_nomm_44 - my_run - INFO - Estimated time left: 20 hours, 14 minutes, 38 seconds. Time passed: 2 hours, 33 minutes, 12 seconds
2026-07-31 21:52:01,816 - my_experiment - advP_HC_op_nomm_44 - my_run - INFO - Recent Stats | t_env:     600000 | Episode:     3000
ep_length_mean:          200.0000	episode_length_mean:     199.0000	epsilon:                   0.4395	grad_norm:                40.7934
info_nce_loss:             0.1804	loss:                      4.9964	q_loss:                    4.5422	return_mean:              25.5451
return_std:                5.9519	test_ep_length_mean:     200.0000	test_episode_length_mean:199.0000	test_return_mean:         77.8212
test_return_std:          13.9721	
2026-07-31 21:52:04,317 - my_experiment - advP_HC_op_nomm_44 - my_run - INFO - t_env: 600200 / 5050000
2026-07-31 21:52:04,317 - my_experiment - advP_HC_op_nomm_44 - my_run - INFO - Estimated time left: 20 hours, 1 minutes, 21 seconds. Time passed: 2 hours, 46 minutes, 42 seconds
2026-07-31 21:55:12,526 - my_experiment - advP_HC_op_nomm_44 - my_run - INFO - Saving models to work_dirs/my_experiment/advP_HC_op_nomm_44/my_run/20260731_190516/models/600200
2026-07-31 22:05:32,376 - my_experiment - advP_HC_op_nomm_44 - my_run - INFO - Recent Stats | t_env:     650000 | Episode:     3250
ep_length_mean:          200.0000	episode_length_mean:     199.0000	epsilon:                   0.3920	grad_norm:                66.1963
info_nce_loss:             0.1352	loss:                      6.5540	q_loss:                    5.9582	return_mean:              28.3640
return_std:                6.7021	test_ep_length_mean:     200.0000	test_episode_length_mean:199.0000	test_return_mean:         75.1612
test_return_std:          13.9908	
2026-07-31 22:05:34,847 - my_experiment - advP_HC_op_nomm_44 - my_run - INFO - t_env: 650200 / 5050000
2026-07-31 22:05:34,848 - my_experiment - advP_HC_op_nomm_44 - my_run - INFO - Estimated time left: 19 hours, 48 minutes, 43 seconds. Time passed: 3 hours, 13 seconds
2026-07-31 22:19:01,739 - my_experiment - advP_HC_op_nomm_44 - my_run - INFO - Recent Stats | t_env:     700000 | Episode:     3500
ep_length_mean:          200.0000	episode_length_mean:     199.0000	epsilon:                   0.3445	grad_norm:                89.2996
info_nce_loss:             0.0567	loss:                      6.2888	q_loss:                    5.7171	return_mean:              31.5154
return_std:                7.2029	test_ep_length_mean:     200.0000	test_episode_length_mean:199.0000	test_return_mean:         69.5888
test_return_std:          13.0658	
2026-07-31 22:19:04,223 - my_experiment - advP_HC_op_nomm_44 - my_run - INFO - t_env: 700200 / 5050000
2026-07-31 22:19:04,224 - my_experiment - advP_HC_op_nomm_44 - my_run - INFO - Estimated time left: 19 hours, 33 minutes, 32 seconds. Time passed: 3 hours, 13 minutes, 42 seconds
2026-07-31 22:32:30,375 - my_experiment - advP_HC_op_nomm_44 - my_run - INFO - Recent Stats | t_env:     750000 | Episode:     3750
ep_length_mean:          200.0000	episode_length_mean:     199.0000	epsilon:                   0.2970	grad_norm:               107.3036
info_nce_loss:             0.1300	loss:                      6.5495	q_loss:                    5.9541	return_mean:              35.3828
return_std:                8.2279	test_ep_length_mean:     200.0000	test_episode_length_mean:199.0000	test_return_mean:         68.2412
test_return_std:          13.2050	
2026-07-31 22:32:32,867 - my_experiment - advP_HC_op_nomm_44 - my_run - INFO - t_env: 750200 / 5050000
2026-07-31 22:32:32,868 - my_experiment - advP_HC_op_nomm_44 - my_run - INFO - Estimated time left: 19 hours, 19 minutes, 0 seconds. Time passed: 3 hours, 27 minutes, 11 seconds
2026-07-31 22:45:59,186 - my_experiment - advP_HC_op_nomm_44 - my_run - INFO - Recent Stats | t_env:     800000 | Episode:     4000
ep_length_mean:          200.0000	episode_length_mean:     199.0000	epsilon:                   0.2495	grad_norm:               134.4235
info_nce_loss:             0.0491	loss:                      5.7168	q_loss:                    5.1970	return_mean:              39.7198
return_std:                8.1429	test_ep_length_mean:     200.0000	test_episode_length_mean:199.0000	test_return_mean:         65.8519
test_return_std:          13.6115	
2026-07-31 22:46:01,722 - my_experiment - advP_HC_op_nomm_44 - my_run - INFO - t_env: 800200 / 5050000
2026-07-31 22:46:01,723 - my_experiment - advP_HC_op_nomm_44 - my_run - INFO - Estimated time left: 19 hours, 5 minutes, 49 seconds. Time passed: 3 hours, 40 minutes, 39 seconds
2026-07-31 22:49:09,208 - my_experiment - advP_HC_op_nomm_44 - my_run - INFO - Saving models to work_dirs/my_experiment/advP_HC_op_nomm_44/my_run/20260731_190516/models/800200
2026-07-31 22:59:28,154 - my_experiment - advP_HC_op_nomm_44 - my_run - INFO - Recent Stats | t_env:     850000 | Episode:     4250
ep_length_mean:          200.0000	episode_length_mean:     199.0000	epsilon:                   0.2020	grad_norm:               203.0227
info_nce_loss:             0.0346	loss:                      5.3481	q_loss:                    4.8619	return_mean:              45.2316
return_std:                9.1087	test_ep_length_mean:     200.0000	test_episode_length_mean:199.0000	test_return_mean:         63.5710
test_return_std:          13.8839	
2026-07-31 22:59:30,654 - my_experiment - advP_HC_op_nomm_44 - my_run - INFO - t_env: 850200 / 5050000
2026-07-31 22:59:30,655 - my_experiment - advP_HC_op_nomm_44 - my_run - INFO - Estimated time left: 18 hours, 52 minutes, 27 seconds. Time passed: 3 hours, 54 minutes, 8 seconds
2026-07-31 23:12:57,258 - my_experiment - advP_HC_op_nomm_44 - my_run - INFO - Recent Stats | t_env:     900000 | Episode:     4500
ep_length_mean:          200.0000	episode_length_mean:     199.0000	epsilon:                   0.1545	grad_norm:               233.0928
info_nce_loss:             0.0298	loss:                      5.4330	q_loss:                    4.9391	return_mean:              49.5878
return_std:                9.9959	test_ep_length_mean:     200.0000	test_episode_length_mean:199.0000	test_return_mean:         61.0397
test_return_std:          13.9311	
2026-07-31 23:12:59,751 - my_experiment - advP_HC_op_nomm_44 - my_run - INFO - t_env: 900200 / 5050000
2026-07-31 23:12:59,752 - my_experiment - advP_HC_op_nomm_44 - my_run - INFO - Estimated time left: 18 hours, 39 minutes, 11 seconds. Time passed: 4 hours, 7 minutes, 37 seconds
2026-07-31 23:26:52,386 - my_experiment - advP_HC_op_nomm_44 - my_run - INFO - Recent Stats | t_env:     950000 | Episode:     4750
ep_length_mean:          200.0000	episode_length_mean:     199.0000	epsilon:                   0.1070	grad_norm:               319.7400
info_nce_loss:             0.0272	loss:                      3.5459	q_loss:                    3.2236	return_mean:              52.1823
return_std:               11.1113	test_ep_length_mean:     200.0000	test_episode_length_mean:199.0000	test_return_mean:         64.1778
test_return_std:          14.4487	
2026-07-31 23:26:54,948 - my_experiment - advP_HC_op_nomm_44 - my_run - INFO - t_env: 950200 / 5050000
2026-07-31 23:26:54,949 - my_experiment - advP_HC_op_nomm_44 - my_run - INFO - Estimated time left: 19 hours, 1 minutes, 22 seconds. Time passed: 4 hours, 21 minutes, 33 seconds
2026-07-31 23:40:48,018 - my_experiment - advP_HC_op_nomm_44 - my_run - INFO - Recent Stats | t_env:    1000000 | Episode:     5000
ep_length_mean:          200.0000	episode_length_mean:     199.0000	epsilon:                   0.0595	grad_norm:               539.3752
info_nce_loss:             0.0066	loss:                      5.1340	q_loss:                    4.6673	return_mean:              58.1349
return_std:               12.4425	test_ep_length_mean:     200.0000	test_episode_length_mean:199.0000	test_return_mean:         63.1244
test_return_std:          14.5120	
2026-07-31 23:40:50,652 - my_experiment - advP_HC_op_nomm_44 - my_run - INFO - t_env: 1000200 / 5050000
2026-07-31 23:40:50,653 - my_experiment - advP_HC_op_nomm_44 - my_run - INFO - Estimated time left: 18 hours, 48 minutes, 8 seconds. Time passed: 4 hours, 35 minutes, 28 seconds
2026-07-31 23:44:05,178 - my_experiment - advP_HC_op_nomm_44 - my_run - INFO - Saving models to work_dirs/my_experiment/advP_HC_op_nomm_44/my_run/20260731_190516/models/1000200
2026-07-31 23:54:45,245 - my_experiment - advP_HC_op_nomm_44 - my_run - INFO - Recent Stats | t_env:    1050000 | Episode:     5250
ep_length_mean:          200.0000	episode_length_mean:     199.0000	epsilon:                   0.0500	grad_norm:               476.6147
info_nce_loss:             0.0050	loss:                      5.4018	q_loss:                    4.9108	return_mean:              59.4376
return_std:               11.8002	test_ep_length_mean:     200.0000	test_episode_length_mean:199.0000	test_return_mean:         62.8796
test_return_std:          14.4194	
2026-07-31 23:54:47,805 - my_experiment - advP_HC_op_nomm_44 - my_run - INFO - t_env: 1050200 / 5050000
2026-07-31 23:54:47,806 - my_experiment - advP_HC_op_nomm_44 - my_run - INFO - Estimated time left: 18 hours, 36 minutes, 8 seconds. Time passed: 4 hours, 49 minutes, 26 seconds
2026-08-01 00:08:41,696 - my_experiment - advP_HC_op_nomm_44 - my_run - INFO - Recent Stats | t_env:    1100000 | Episode:     5500
ep_length_mean:          200.0000	episode_length_mean:     199.0000	epsilon:                   0.0500	grad_norm:               745.3484
info_nce_loss:             0.0228	loss:                      4.3460	q_loss:                    3.9509	return_mean:              59.4164
return_std:               12.5635	test_ep_length_mean:     200.0000	test_episode_length_mean:199.0000	test_return_mean:         61.1818
test_return_std:          14.9626	
2026-08-01 00:08:44,386 - my_experiment - advP_HC_op_nomm_44 - my_run - INFO - t_env: 1100200 / 5050000
2026-08-01 00:08:44,387 - my_experiment - advP_HC_op_nomm_44 - my_run - INFO - Estimated time left: 18 hours, 21 minutes, 26 seconds. Time passed: 5 hours, 3 minutes, 22 seconds
2026-08-01 00:22:36,303 - my_experiment - advP_HC_op_nomm_44 - my_run - INFO - Recent Stats | t_env:    1150000 | Episode:     5750
ep_length_mean:          200.0000	episode_length_mean:     199.0000	epsilon:                   0.0500	grad_norm:               807.6585
info_nce_loss:             0.0260	loss:                      4.9769	q_loss:                    4.5245	return_mean:              56.2453
return_std:               13.8453	test_ep_length_mean:     200.0000	test_episode_length_mean:199.0000	test_return_mean:         58.6756
test_return_std:          14.8731	
2026-08-01 00:22:38,877 - my_experiment - advP_HC_op_nomm_44 - my_run - INFO - t_env: 1150200 / 5050000
2026-08-01 00:22:38,878 - my_experiment - advP_HC_op_nomm_44 - my_run - INFO - Estimated time left: 18 hours, 4 minutes, 46 seconds. Time passed: 5 hours, 17 minutes, 17 seconds
2026-08-01 00:36:32,203 - my_experiment - advP_HC_op_nomm_44 - my_run - INFO - Recent Stats | t_env:    1200000 | Episode:     6000
ep_length_mean:          200.0000	episode_length_mean:     199.0000	epsilon:                   0.0500	grad_norm:               335.9002
info_nce_loss:             0.0186	loss:                      2.0305	q_loss:                    1.8459	return_mean:              61.1234
return_std:               12.0084	test_ep_length_mean:     200.0000	test_episode_length_mean:199.0000	test_return_mean:         58.7208
test_return_std:          14.9013	
2026-08-01 00:36:34,815 - my_experiment - advP_HC_op_nomm_44 - my_run - INFO - t_env: 1200200 / 5050000
2026-08-01 00:36:34,816 - my_experiment - advP_HC_op_nomm_44 - my_run - INFO - Estimated time left: 17 hours, 52 minutes, 43 seconds. Time passed: 5 hours, 31 minutes, 13 seconds
2026-08-01 00:39:48,994 - my_experiment - advP_HC_op_nomm_44 - my_run - INFO - Saving models to work_dirs/my_experiment/advP_HC_op_nomm_44/my_run/20260731_190516/models/1200200
2026-08-01 00:50:28,525 - my_experiment - advP_HC_op_nomm_44 - my_run - INFO - Recent Stats | t_env:    1250000 | Episode:     6250
ep_length_mean:          200.0000	episode_length_mean:     199.0000	epsilon:                   0.0500	grad_norm:               743.0099
info_nce_loss:             0.0133	loss:                      4.8174	q_loss:                    4.3795	return_mean:              65.6537
return_std:               12.6508	test_ep_length_mean:     200.0000	test_episode_length_mean:199.0000	test_return_mean:         59.0097
test_return_std:          14.4122	
2026-08-01 00:50:31,135 - my_experiment - advP_HC_op_nomm_44 - my_run - INFO - t_env: 1250200 / 5050000
2026-08-01 00:50:31,136 - my_experiment - advP_HC_op_nomm_44 - my_run - INFO - Estimated time left: 17 hours, 39 minutes, 16 seconds. Time passed: 5 hours, 45 minutes, 9 seconds
2026-08-01 01:04:23,559 - my_experiment - advP_HC_op_nomm_44 - my_run - INFO - Recent Stats | t_env:    1300000 | Episode:     6500
ep_length_mean:          200.0000	episode_length_mean:     199.0000	epsilon:                   0.0500	grad_norm:               270.5582
info_nce_loss:             0.0141	loss:                      1.8709	q_loss:                    1.7008	return_mean:              70.2055
return_std:               13.1478	test_ep_length_mean:     200.0000	test_episode_length_mean:199.0000	test_return_mean:         62.6644
test_return_std:          14.7050	
2026-08-01 01:04:26,125 - my_experiment - advP_HC_op_nomm_44 - my_run - INFO - t_env: 1300200 / 5050000
2026-08-01 01:04:26,126 - my_experiment - advP_HC_op_nomm_44 - my_run - INFO - Estimated time left: 17 hours, 23 minutes, 40 seconds. Time passed: 5 hours, 59 minutes, 4 seconds
2026-08-01 01:18:08,331 - my_experiment - advP_HC_op_nomm_44 - my_run - INFO - Recent Stats | t_env:    1350000 | Episode:     6750
ep_length_mean:          200.0000	episode_length_mean:     199.0000	epsilon:                   0.0500	grad_norm:               269.5996
info_nce_loss:             0.0131	loss:                      1.6244	q_loss:                    1.4767	return_mean:              73.1653
return_std:               11.7909	test_ep_length_mean:     200.0000	test_episode_length_mean:199.0000	test_return_mean:         65.6836
test_return_std:          13.8567	
2026-08-01 01:18:10,819 - my_experiment - advP_HC_op_nomm_44 - my_run - INFO - t_env: 1350200 / 5050000
2026-08-01 01:18:10,819 - my_experiment - advP_HC_op_nomm_44 - my_run - INFO - Estimated time left: 16 hours, 57 minutes, 3 seconds. Time passed: 6 hours, 12 minutes, 49 seconds
2026-08-01 01:31:39,354 - my_experiment - advP_HC_op_nomm_44 - my_run - INFO - Recent Stats | t_env:    1400000 | Episode:     7000
ep_length_mean:          200.0000	episode_length_mean:     199.0000	epsilon:                   0.0500	grad_norm:               294.1109
info_nce_loss:             0.0157	loss:                      1.6185	q_loss:                    1.4714	return_mean:              73.2841
return_std:               12.0560	test_ep_length_mean:     200.0000	test_episode_length_mean:199.0000	test_return_mean:         72.6948
test_return_std:          14.0632	
2026-08-01 01:31:41,890 - my_experiment - advP_HC_op_nomm_44 - my_run - INFO - t_env: 1400200 / 5050000
2026-08-01 01:31:41,891 - my_experiment - advP_HC_op_nomm_44 - my_run - INFO - Estimated time left: 16 hours, 26 minutes, 44 seconds. Time passed: 6 hours, 26 minutes, 20 seconds
2026-08-01 01:34:44,931 - my_experiment - advP_HC_op_nomm_44 - my_run - INFO - Saving models to work_dirs/my_experiment/advP_HC_op_nomm_44/my_run/20260731_190516/models/1400200
2026-08-01 01:44:49,835 - my_experiment - advP_HC_op_nomm_44 - my_run - INFO - Recent Stats | t_env:    1450000 | Episode:     7250
ep_length_mean:          200.0000	episode_length_mean:     199.0000	epsilon:                   0.0500	grad_norm:               413.2840
info_nce_loss:             0.0148	loss:                      2.1941	q_loss:                    1.9946	return_mean:              81.0646
return_std:               12.2106	test_ep_length_mean:     200.0000	test_episode_length_mean:199.0000	test_return_mean:         76.4640
test_return_std:          14.1127	
2026-08-01 01:44:52,353 - my_experiment - advP_HC_op_nomm_44 - my_run - INFO - t_env: 1450200 / 5050000
2026-08-01 01:44:52,354 - my_experiment - advP_HC_op_nomm_44 - my_run - INFO - Estimated time left: 15 hours, 48 minutes, 30 seconds. Time passed: 6 hours, 39 minutes, 30 seconds
2026-08-01 01:57:59,588 - my_experiment - advP_HC_op_nomm_44 - my_run - INFO - Recent Stats | t_env:    1500000 | Episode:     7500
ep_length_mean:          200.0000	episode_length_mean:     199.0000	epsilon:                   0.0500	grad_norm:               390.9642
info_nce_loss:             0.0207	loss:                      1.9573	q_loss:                    1.7794	return_mean:              81.6394
return_std:               12.2891	test_ep_length_mean:     200.0000	test_episode_length_mean:199.0000	test_return_mean:         78.6493
test_return_std:          13.8756	
2026-08-01 01:58:02,040 - my_experiment - advP_HC_op_nomm_44 - my_run - INFO - t_env: 1500200 / 5050000
2026-08-01 01:58:02,041 - my_experiment - advP_HC_op_nomm_44 - my_run - INFO - Estimated time left: 15 hours, 34 minutes, 24 seconds. Time passed: 6 hours, 52 minutes, 40 seconds
2026-08-01 02:11:10,079 - my_experiment - advP_HC_op_nomm_44 - my_run - INFO - Recent Stats | t_env:    1550000 | Episode:     7750
ep_length_mean:          200.0000	episode_length_mean:     199.0000	epsilon:                   0.0500	grad_norm:               261.6163
info_nce_loss:             0.0143	loss:                      1.4448	q_loss:                    1.3134	return_mean:              81.0362
return_std:               13.7171	test_ep_length_mean:     200.0000	test_episode_length_mean:199.0000	test_return_mean:         81.2585
test_return_std:          13.5332	
2026-08-01 02:11:12,518 - my_experiment - advP_HC_op_nomm_44 - my_run - INFO - t_env: 1550200 / 5050000
2026-08-01 02:11:12,519 - my_experiment - advP_HC_op_nomm_44 - my_run - INFO - Estimated time left: 15 hours, 22 minutes, 10 seconds. Time passed: 7 hours, 5 minutes, 50 seconds
2026-08-01 02:24:20,592 - my_experiment - advP_HC_op_nomm_44 - my_run - INFO - Recent Stats | t_env:    1600000 | Episode:     8000
ep_length_mean:          200.0000	episode_length_mean:     199.0000	epsilon:                   0.0500	grad_norm:               232.3293
info_nce_loss:             0.0110	loss:                      1.4738	q_loss:                    1.3398	return_mean:              84.3442
return_std:               12.8129	test_ep_length_mean:     200.0000	test_episode_length_mean:199.0000	test_return_mean:         85.7661
test_return_std:          13.4312	
2026-08-01 02:24:23,034 - my_experiment - advP_HC_op_nomm_44 - my_run - INFO - t_env: 1600200 / 5050000
2026-08-01 02:24:23,035 - my_experiment - advP_HC_op_nomm_44 - my_run - INFO - Estimated time left: 15 hours, 9 minutes, 2 seconds. Time passed: 7 hours, 19 minutes, 1 seconds
2026-08-01 02:27:26,048 - my_experiment - advP_HC_op_nomm_44 - my_run - INFO - Saving models to work_dirs/my_experiment/advP_HC_op_nomm_44/my_run/20260731_190516/models/1600200
2026-08-01 02:37:30,993 - my_experiment - advP_HC_op_nomm_44 - my_run - INFO - Recent Stats | t_env:    1650000 | Episode:     8250
ep_length_mean:          200.0000	episode_length_mean:     199.0000	epsilon:                   0.0500	grad_norm:               349.1617
info_nce_loss:             0.0190	loss:                      1.7314	q_loss:                    1.5740	return_mean:              84.5383
return_std:               11.8939	test_ep_length_mean:     200.0000	test_episode_length_mean:199.0000	test_return_mean:         88.1680
test_return_std:          13.1276	
2026-08-01 02:37:33,437 - my_experiment - advP_HC_op_nomm_44 - my_run - INFO - t_env: 1650200 / 5050000
2026-08-01 02:37:33,438 - my_experiment - advP_HC_op_nomm_44 - my_run - INFO - Estimated time left: 14 hours, 55 minutes, 44 seconds. Time passed: 7 hours, 32 minutes, 11 seconds
2026-08-01 02:50:40,485 - my_experiment - advP_HC_op_nomm_44 - my_run - INFO - Recent Stats | t_env:    1700000 | Episode:     8500
ep_length_mean:          200.0000	episode_length_mean:     199.0000	epsilon:                   0.0500	grad_norm:               317.1111
info_nce_loss:             0.0269	loss:                      1.8895	q_loss:                    1.7177	return_mean:              85.8423
return_std:               12.8421	test_ep_length_mean:     200.0000	test_episode_length_mean:199.0000	test_return_mean:         90.3640
test_return_std:          13.1822	
2026-08-01 02:50:42,918 - my_experiment - advP_HC_op_nomm_44 - my_run - INFO - t_env: 1700200 / 5050000
2026-08-01 02:50:42,919 - my_experiment - advP_HC_op_nomm_44 - my_run - INFO - Estimated time left: 14 hours, 41 minutes, 32 seconds. Time passed: 7 hours, 45 minutes, 21 seconds
2026-08-01 03:03:49,776 - my_experiment - advP_HC_op_nomm_44 - my_run - INFO - Recent Stats | t_env:    1750000 | Episode:     8750
ep_length_mean:          200.0000	episode_length_mean:     199.0000	epsilon:                   0.0500	grad_norm:               288.8468
info_nce_loss:             0.0093	loss:                      1.6320	q_loss:                    1.4836	return_mean:              86.3190
return_std:               12.1520	test_ep_length_mean:     200.0000	test_episode_length_mean:199.0000	test_return_mean:         93.5159
test_return_std:          13.6037	
2026-08-01 03:03:52,225 - my_experiment - advP_HC_op_nomm_44 - my_run - INFO - t_env: 1750200 / 5050000
2026-08-01 03:03:52,225 - my_experiment - advP_HC_op_nomm_44 - my_run - INFO - Estimated time left: 14 hours, 28 minutes, 11 seconds. Time passed: 7 hours, 58 minutes, 30 seconds
2026-08-01 03:16:59,671 - my_experiment - advP_HC_op_nomm_44 - my_run - INFO - Recent Stats | t_env:    1800000 | Episode:     9000
ep_length_mean:          200.0000	episode_length_mean:     199.0000	epsilon:                   0.0500	grad_norm:               283.9626
info_nce_loss:             0.0283	loss:                      1.5924	q_loss:                    1.4476	return_mean:              88.0357
return_std:               11.1524	test_ep_length_mean:     200.0000	test_episode_length_mean:199.0000	test_return_mean:         94.1454
test_return_std:          13.6195	
2026-08-01 03:17:02,209 - my_experiment - advP_HC_op_nomm_44 - my_run - INFO - t_env: 1800200 / 5050000
2026-08-01 03:17:02,209 - my_experiment - advP_HC_op_nomm_44 - my_run - INFO - Estimated time left: 14 hours, 15 minutes, 45 seconds. Time passed: 8 hours, 11 minutes, 40 seconds
2026-08-01 03:20:05,244 - my_experiment - advP_HC_op_nomm_44 - my_run - INFO - Saving models to work_dirs/my_experiment/advP_HC_op_nomm_44/my_run/20260731_190516/models/1800200
2026-08-01 03:30:09,510 - my_experiment - advP_HC_op_nomm_44 - my_run - INFO - Recent Stats | t_env:    1850000 | Episode:     9250
ep_length_mean:          200.0000	episode_length_mean:     199.0000	epsilon:                   0.0500	grad_norm:               409.0177
info_nce_loss:             0.0138	loss:                      1.8666	q_loss:                    1.6969	return_mean:              87.6152
return_std:               12.3218	test_ep_length_mean:     200.0000	test_episode_length_mean:199.0000	test_return_mean:         95.4720
test_return_std:          14.0077	
2026-08-01 03:30:11,931 - my_experiment - advP_HC_op_nomm_44 - my_run - INFO - t_env: 1850200 / 5050000
2026-08-01 03:30:11,931 - my_experiment - advP_HC_op_nomm_44 - my_run - INFO - Estimated time left: 14 hours, 2 minutes, 19 seconds. Time passed: 8 hours, 24 minutes, 50 seconds
2026-08-01 03:43:19,547 - my_experiment - advP_HC_op_nomm_44 - my_run - INFO - Recent Stats | t_env:    1900000 | Episode:     9500
ep_length_mean:          200.0000	episode_length_mean:     199.0000	epsilon:                   0.0500	grad_norm:               240.7487
info_nce_loss:             0.0180	loss:                      1.0776	q_loss:                    0.9797	return_mean:              89.9285
return_std:               11.9223	test_ep_length_mean:     200.0000	test_episode_length_mean:199.0000	test_return_mean:         96.6384
test_return_std:          14.0048	
2026-08-01 03:43:21,965 - my_experiment - advP_HC_op_nomm_44 - my_run - INFO - t_env: 1900200 / 5050000
2026-08-01 03:43:21,966 - my_experiment - advP_HC_op_nomm_44 - my_run - INFO - Estimated time left: 13 hours, 49 minutes, 28 seconds. Time passed: 8 hours, 38 minutes, 0 seconds
2026-08-01 03:56:29,870 - my_experiment - advP_HC_op_nomm_44 - my_run - INFO - Recent Stats | t_env:    1950000 | Episode:     9750
ep_length_mean:          200.0000	episode_length_mean:     199.0000	epsilon:                   0.0500	grad_norm:               388.8139
info_nce_loss:             0.0191	loss:                      1.8305	q_loss:                    1.6641	return_mean:              87.8290
return_std:               10.6875	test_ep_length_mean:     200.0000	test_episode_length_mean:199.0000	test_return_mean:         97.1886
test_return_std:          13.8867	
2026-08-01 03:56:32,318 - my_experiment - advP_HC_op_nomm_44 - my_run - INFO - t_env: 1950200 / 5050000
2026-08-01 03:56:32,319 - my_experiment - advP_HC_op_nomm_44 - my_run - INFO - Estimated time left: 13 hours, 36 minutes, 38 seconds. Time passed: 8 hours, 51 minutes, 10 seconds
2026-08-01 04:09:38,808 - my_experiment - advP_HC_op_nomm_44 - my_run - INFO - Recent Stats | t_env:    2000000 | Episode:    10000
ep_length_mean:          200.0000	episode_length_mean:     199.0000	epsilon:                   0.0500	grad_norm:               239.9400
info_nce_loss:             0.0161	loss:                      0.9356	q_loss:                    0.8506	return_mean:              89.7328
return_std:               11.9513	test_ep_length_mean:     200.0000	test_episode_length_mean:199.0000	test_return_mean:         98.7997
test_return_std:          13.8675	
2026-08-01 04:09:41,246 - my_experiment - advP_HC_op_nomm_44 - my_run - INFO - t_env: 2000200 / 5050000
2026-08-01 04:09:41,246 - my_experiment - advP_HC_op_nomm_44 - my_run - INFO - Estimated time left: 13 hours, 22 minutes, 1 seconds. Time passed: 9 hours, 4 minutes, 19 seconds
2026-08-01 04:12:44,382 - my_experiment - advP_HC_op_nomm_44 - my_run - INFO - Saving models to work_dirs/my_experiment/advP_HC_op_nomm_44/my_run/20260731_190516/models/2000200
2026-08-01 04:22:48,256 - my_experiment - advP_HC_op_nomm_44 - my_run - INFO - Recent Stats | t_env:    2050000 | Episode:    10250
ep_length_mean:          200.0000	episode_length_mean:     199.0000	epsilon:                   0.0500	grad_norm:               251.6990
info_nce_loss:             0.0218	loss:                      1.2076	q_loss:                    1.0978	return_mean:              88.7857
return_std:               11.8714	test_ep_length_mean:     200.0000	test_episode_length_mean:199.0000	test_return_mean:         99.3430
test_return_std:          14.2246	
2026-08-01 04:22:50,735 - my_experiment - advP_HC_op_nomm_44 - my_run - INFO - t_env: 2050200 / 5050000
2026-08-01 04:22:50,735 - my_experiment - advP_HC_op_nomm_44 - my_run - INFO - Estimated time left: 13 hours, 9 minutes, 26 seconds. Time passed: 9 hours, 17 minutes, 28 seconds
2026-08-01 04:35:57,346 - my_experiment - advP_HC_op_nomm_44 - my_run - INFO - Recent Stats | t_env:    2100000 | Episode:    10500
ep_length_mean:          200.0000	episode_length_mean:     199.0000	epsilon:                   0.0500	grad_norm:               300.2358
info_nce_loss:             0.0265	loss:                      1.4488	q_loss:                    1.3171	return_mean:              90.5174
return_std:               11.5008	test_ep_length_mean:     200.0000	test_episode_length_mean:199.0000	test_return_mean:         99.5808
test_return_std:          13.9417	
2026-08-01 04:35:59,761 - my_experiment - advP_HC_op_nomm_44 - my_run - INFO - t_env: 2100200 / 5050000
2026-08-01 04:35:59,761 - my_experiment - advP_HC_op_nomm_44 - my_run - INFO - Estimated time left: 12 hours, 55 minutes, 49 seconds. Time passed: 9 hours, 30 minutes, 37 seconds
2026-08-01 04:49:06,746 - my_experiment - advP_HC_op_nomm_44 - my_run - INFO - Recent Stats | t_env:    2150000 | Episode:    10750
ep_length_mean:          200.0000	episode_length_mean:     199.0000	epsilon:                   0.0500	grad_norm:               191.7530
info_nce_loss:             0.0103	loss:                      0.9894	q_loss:                    0.8994	return_mean:              90.8360
return_std:               10.6998	test_ep_length_mean:     200.0000	test_episode_length_mean:199.0000	test_return_mean:        100.5530
test_return_std:          13.7059	
2026-08-01 04:49:09,177 - my_experiment - advP_HC_op_nomm_44 - my_run - INFO - t_env: 2150200 / 5050000
2026-08-01 04:49:09,177 - my_experiment - advP_HC_op_nomm_44 - my_run - INFO - Estimated time left: 12 hours, 43 minutes, 2 seconds. Time passed: 9 hours, 43 minutes, 47 seconds
2026-08-01 05:02:17,343 - my_experiment - advP_HC_op_nomm_44 - my_run - INFO - Recent Stats | t_env:    2200000 | Episode:    11000
ep_length_mean:          200.0000	episode_length_mean:     199.0000	epsilon:                   0.0500	grad_norm:               194.1633
info_nce_loss:             0.0166	loss:                      1.3499	q_loss:                    1.2272	return_mean:              87.4829
return_std:               12.8275	test_ep_length_mean:     200.0000	test_episode_length_mean:199.0000	test_return_mean:        100.7254
test_return_std:          13.4668	
2026-08-01 05:02:19,779 - my_experiment - advP_HC_op_nomm_44 - my_run - INFO - t_env: 2200200 / 5050000
2026-08-01 05:02:19,780 - my_experiment - advP_HC_op_nomm_44 - my_run - INFO - Estimated time left: 12 hours, 31 minutes, 1 seconds. Time passed: 9 hours, 56 minutes, 57 seconds
2026-08-01 05:05:23,010 - my_experiment - advP_HC_op_nomm_44 - my_run - INFO - Saving models to work_dirs/my_experiment/advP_HC_op_nomm_44/my_run/20260731_190516/models/2200200
2026-08-01 05:15:29,114 - my_experiment - advP_HC_op_nomm_44 - my_run - INFO - Recent Stats | t_env:    2250000 | Episode:    11250
ep_length_mean:          200.0000	episode_length_mean:     199.0000	epsilon:                   0.0500	grad_norm:               192.9347
info_nce_loss:             0.0253	loss:                      0.9741	q_loss:                    0.8855	return_mean:              91.2202
return_std:               11.0833	test_ep_length_mean:     200.0000	test_episode_length_mean:199.0000	test_return_mean:        101.0669
test_return_std:          13.1660	
2026-08-01 05:15:31,600 - my_experiment - advP_HC_op_nomm_44 - my_run - INFO - t_env: 2250200 / 5050000
2026-08-01 05:15:31,601 - my_experiment - advP_HC_op_nomm_44 - my_run - INFO - Estimated time left: 12 hours, 18 minutes, 58 seconds. Time passed: 10 hours, 10 minutes, 9 seconds
2026-08-01 05:28:40,172 - my_experiment - advP_HC_op_nomm_44 - my_run - INFO - Recent Stats | t_env:    2300000 | Episode:    11500
ep_length_mean:          200.0000	episode_length_mean:     199.0000	epsilon:                   0.0500	grad_norm:               287.8624
info_nce_loss:             0.0047	loss:                      1.3978	q_loss:                    1.2707	return_mean:              91.5263
return_std:               11.8490	test_ep_length_mean:     200.0000	test_episode_length_mean:199.0000	test_return_mean:        101.9433
test_return_std:          12.2613	
2026-08-01 05:28:42,622 - my_experiment - advP_HC_op_nomm_44 - my_run - INFO - t_env: 2300200 / 5050000
2026-08-01 05:28:42,623 - my_experiment - advP_HC_op_nomm_44 - my_run - INFO - Estimated time left: 12 hours, 5 minutes, 3 seconds. Time passed: 10 hours, 23 minutes, 20 seconds
2026-08-01 05:41:50,108 - my_experiment - advP_HC_op_nomm_44 - my_run - INFO - Recent Stats | t_env:    2350000 | Episode:    11750
ep_length_mean:          200.0000	episode_length_mean:     199.0000	epsilon:                   0.0500	grad_norm:               304.5605
info_nce_loss:             0.0135	loss:                      1.8292	q_loss:                    1.6629	return_mean:              92.7483
return_std:               11.2008	test_ep_length_mean:     200.0000	test_episode_length_mean:199.0000	test_return_mean:        100.3100
test_return_std:          11.9567	
2026-08-01 05:41:52,539 - my_experiment - advP_HC_op_nomm_44 - my_run - INFO - t_env: 2350200 / 5050000
2026-08-01 05:41:52,540 - my_experiment - advP_HC_op_nomm_44 - my_run - INFO - Estimated time left: 11 hours, 50 minutes, 52 seconds. Time passed: 10 hours, 36 minutes, 30 seconds
2026-08-01 05:54:59,066 - my_experiment - advP_HC_op_nomm_44 - my_run - INFO - Recent Stats | t_env:    2400000 | Episode:    12000
ep_length_mean:          200.0000	episode_length_mean:     199.0000	epsilon:                   0.0500	grad_norm:               174.2753
info_nce_loss:             0.0234	loss:                      1.0731	q_loss:                    0.9756	return_mean:              91.4085
return_std:               12.5725	test_ep_length_mean:     200.0000	test_episode_length_mean:199.0000	test_return_mean:         99.7796
test_return_std:          11.7464	
2026-08-01 05:55:01,500 - my_experiment - advP_HC_op_nomm_44 - my_run - INFO - t_env: 2400200 / 5050000
2026-08-01 05:55:01,501 - my_experiment - advP_HC_op_nomm_44 - my_run - INFO - Estimated time left: 11 hours, 36 minutes, 51 seconds. Time passed: 10 hours, 49 minutes, 39 seconds
2026-08-01 05:58:04,355 - my_experiment - advP_HC_op_nomm_44 - my_run - INFO - Saving models to work_dirs/my_experiment/advP_HC_op_nomm_44/my_run/20260731_190516/models/2400200
2026-08-01 06:08:09,577 - my_experiment - advP_HC_op_nomm_44 - my_run - INFO - Recent Stats | t_env:    2450000 | Episode:    12250
ep_length_mean:          200.0000	episode_length_mean:     199.0000	epsilon:                   0.0500	grad_norm:               274.1891
info_nce_loss:             0.0190	loss:                      1.5284	q_loss:                    1.3894	return_mean:              94.2157
return_std:               11.4053	test_ep_length_mean:     200.0000	test_episode_length_mean:199.0000	test_return_mean:        101.0526
test_return_std:          11.8064	
2026-08-01 06:08:12,003 - my_experiment - advP_HC_op_nomm_44 - my_run - INFO - t_env: 2450200 / 5050000
2026-08-01 06:08:12,004 - my_experiment - advP_HC_op_nomm_44 - my_run - INFO - Estimated time left: 11 hours, 25 minutes, 3 seconds. Time passed: 11 hours, 2 minutes, 50 seconds
2026-08-01 06:21:19,788 - my_experiment - advP_HC_op_nomm_44 - my_run - INFO - Recent Stats | t_env:    2500000 | Episode:    12500
ep_length_mean:          200.0000	episode_length_mean:     199.0000	epsilon:                   0.0500	grad_norm:               128.6831
info_nce_loss:             0.0090	loss:                      0.8605	q_loss:                    0.7823	return_mean:              95.5476
return_std:               11.4512	test_ep_length_mean:     200.0000	test_episode_length_mean:199.0000	test_return_mean:        101.5326
test_return_std:          11.4600	
2026-08-01 06:21:22,210 - my_experiment - advP_HC_op_nomm_44 - my_run - INFO - t_env: 2500200 / 5050000
2026-08-01 06:21:22,211 - my_experiment - advP_HC_op_nomm_44 - my_run - INFO - Estimated time left: 11 hours, 11 minutes, 37 seconds. Time passed: 11 hours, 16 minutes, 0 seconds
2026-08-01 06:34:29,862 - my_experiment - advP_HC_op_nomm_44 - my_run - INFO - Recent Stats | t_env:    2550000 | Episode:    12750
ep_length_mean:          200.0000	episode_length_mean:     199.0000	epsilon:                   0.0500	grad_norm:               142.5071
info_nce_loss:             0.0416	loss:                      0.8613	q_loss:                    0.7830	return_mean:              93.0683
return_std:               10.5346	test_ep_length_mean:     200.0000	test_episode_length_mean:199.0000	test_return_mean:        101.2822
test_return_std:          11.2542	
2026-08-01 06:34:32,307 - my_experiment - advP_HC_op_nomm_44 - my_run - INFO - t_env: 2550200 / 5050000
2026-08-01 06:34:32,308 - my_experiment - advP_HC_op_nomm_44 - my_run - INFO - Estimated time left: 10 hours, 58 minutes, 21 seconds. Time passed: 11 hours, 29 minutes, 10 seconds
2026-08-01 06:47:39,980 - my_experiment - advP_HC_op_nomm_44 - my_run - INFO - Recent Stats | t_env:    2600000 | Episode:    13000
ep_length_mean:          200.0000	episode_length_mean:     199.0000	epsilon:                   0.0500	grad_norm:               349.5286
info_nce_loss:             0.0169	loss:                      2.1922	q_loss:                    1.9929	return_mean:              91.6052
return_std:               12.8671	test_ep_length_mean:     200.0000	test_episode_length_mean:199.0000	test_return_mean:        103.4563
test_return_std:          11.4931	
2026-08-01 06:47:42,439 - my_experiment - advP_HC_op_nomm_44 - my_run - INFO - t_env: 2600200 / 5050000
2026-08-01 06:47:42,439 - my_experiment - advP_HC_op_nomm_44 - my_run - INFO - Estimated time left: 10 hours, 45 minutes, 13 seconds. Time passed: 11 hours, 42 minutes, 20 seconds
2026-08-01 06:50:45,972 - my_experiment - advP_HC_op_nomm_44 - my_run - INFO - Saving models to work_dirs/my_experiment/advP_HC_op_nomm_44/my_run/20260731_190516/models/2600200
2026-08-01 07:00:51,301 - my_experiment - advP_HC_op_nomm_44 - my_run - INFO - Recent Stats | t_env:    2650000 | Episode:    13250
ep_length_mean:          200.0000	episode_length_mean:     199.0000	epsilon:                   0.0500	grad_norm:               180.7454
info_nce_loss:             0.0245	loss:                      1.0618	q_loss:                    0.9653	return_mean:              93.9770
return_std:               10.4453	test_ep_length_mean:     200.0000	test_episode_length_mean:199.0000	test_return_mean:        104.5550
test_return_std:          12.0902	
2026-08-01 07:00:53,727 - my_experiment - advP_HC_op_nomm_44 - my_run - INFO - t_env: 2650200 / 5050000
2026-08-01 07:00:53,728 - my_experiment - advP_HC_op_nomm_44 - my_run - INFO - Estimated time left: 10 hours, 32 minutes, 58 seconds. Time passed: 11 hours, 55 minutes, 31 seconds
2026-08-01 07:14:01,573 - my_experiment - advP_HC_op_nomm_44 - my_run - INFO - Recent Stats | t_env:    2700000 | Episode:    13500
ep_length_mean:          200.0000	episode_length_mean:     199.0000	epsilon:                   0.0500	grad_norm:               167.9816
info_nce_loss:             0.0458	loss:                      1.0798	q_loss:                    0.9817	return_mean:              94.1560
return_std:               11.4962	test_ep_length_mean:     200.0000	test_episode_length_mean:199.0000	test_return_mean:        103.9788
test_return_std:          11.9207	
2026-08-01 07:14:03,999 - my_experiment - advP_HC_op_nomm_44 - my_run - INFO - t_env: 2700200 / 5050000
2026-08-01 07:14:04,000 - my_experiment - advP_HC_op_nomm_44 - my_run - INFO - Estimated time left: 10 hours, 18 minutes, 59 seconds. Time passed: 12 hours, 8 minutes, 42 seconds
2026-08-01 07:27:12,427 - my_experiment - advP_HC_op_nomm_44 - my_run - INFO - Recent Stats | t_env:    2750000 | Episode:    13750
ep_length_mean:          200.0000	episode_length_mean:     199.0000	epsilon:                   0.0500	grad_norm:               149.1992
info_nce_loss:             0.0243	loss:                      0.9345	q_loss:                    0.8496	return_mean:              95.8766
return_std:               11.0359	test_ep_length_mean:     200.0000	test_episode_length_mean:199.0000	test_return_mean:        104.4593
test_return_std:          12.0827	
2026-08-01 07:27:14,858 - my_experiment - advP_HC_op_nomm_44 - my_run - INFO - t_env: 2750200 / 5050000
2026-08-01 07:27:14,859 - my_experiment - advP_HC_op_nomm_44 - my_run - INFO - Estimated time left: 10 hours, 6 minutes, 16 seconds. Time passed: 12 hours, 21 minutes, 53 seconds
2026-08-01 07:40:22,734 - my_experiment - advP_HC_op_nomm_44 - my_run - INFO - Recent Stats | t_env:    2800000 | Episode:    14000
ep_length_mean:          200.0000	episode_length_mean:     199.0000	epsilon:                   0.0500	grad_norm:               149.5063
info_nce_loss:             0.0119	loss:                      1.0592	q_loss:                    0.9629	return_mean:              93.9215
return_std:               12.0389	test_ep_length_mean:     200.0000	test_episode_length_mean:199.0000	test_return_mean:        105.2020
test_return_std:          12.6023	
2026-08-01 07:40:25,170 - my_experiment - advP_HC_op_nomm_44 - my_run - INFO - t_env: 2800200 / 5050000
2026-08-01 07:40:25,170 - my_experiment - advP_HC_op_nomm_44 - my_run - INFO - Estimated time left: 9 hours, 52 minutes, 40 seconds. Time passed: 12 hours, 35 minutes, 3 seconds
2026-08-01 07:43:28,901 - my_experiment - advP_HC_op_nomm_44 - my_run - INFO - Saving models to work_dirs/my_experiment/advP_HC_op_nomm_44/my_run/20260731_190516/models/2800200
2026-08-01 07:53:33,901 - my_experiment - advP_HC_op_nomm_44 - my_run - INFO - Recent Stats | t_env:    2850000 | Episode:    14250
ep_length_mean:          200.0000	episode_length_mean:     199.0000	epsilon:                   0.0500	grad_norm:               221.5892
info_nce_loss:             0.0338	loss:                      1.5901	q_loss:                    1.4455	return_mean:              95.5109
return_std:               11.5591	test_ep_length_mean:     200.0000	test_episode_length_mean:199.0000	test_return_mean:        106.5477
test_return_std:          12.4531	
2026-08-01 07:53:36,332 - my_experiment - advP_HC_op_nomm_44 - my_run - INFO - t_env: 2850200 / 5050000
2026-08-01 07:53:36,333 - my_experiment - advP_HC_op_nomm_44 - my_run - INFO - Estimated time left: 9 hours, 40 minutes, 7 seconds. Time passed: 12 hours, 48 minutes, 14 seconds
2026-08-01 08:06:43,532 - my_experiment - advP_HC_op_nomm_44 - my_run - INFO - Recent Stats | t_env:    2900000 | Episode:    14500
ep_length_mean:          200.0000	episode_length_mean:     199.0000	epsilon:                   0.0500	grad_norm:               173.2901
info_nce_loss:             0.0125	loss:                      1.1348	q_loss:                    1.0316	return_mean:              94.3375
return_std:               11.4732	test_ep_length_mean:     200.0000	test_episode_length_mean:199.0000	test_return_mean:        106.1668
test_return_std:          12.4343	
2026-08-01 08:06:45,950 - my_experiment - advP_HC_op_nomm_44 - my_run - INFO - t_env: 2900200 / 5050000
2026-08-01 08:06:45,951 - my_experiment - advP_HC_op_nomm_44 - my_run - INFO - Estimated time left: 9 hours, 25 minutes, 50 seconds. Time passed: 13 hours, 1 minutes, 24 seconds
2026-08-01 08:19:52,689 - my_experiment - advP_HC_op_nomm_44 - my_run - INFO - Recent Stats | t_env:    2950000 | Episode:    14750
ep_length_mean:          200.0000	episode_length_mean:     199.0000	epsilon:                   0.0500	grad_norm:               217.9486
info_nce_loss:             0.0351	loss:                      1.5694	q_loss:                    1.4267	return_mean:              93.7913
return_std:               11.3730	test_ep_length_mean:     200.0000	test_episode_length_mean:199.0000	test_return_mean:        106.0087
test_return_std:          12.5468	
2026-08-01 08:19:55,164 - my_experiment - advP_HC_op_nomm_44 - my_run - INFO - t_env: 2950200 / 5050000
2026-08-01 08:19:55,165 - my_experiment - advP_HC_op_nomm_44 - my_run - INFO - Estimated time left: 9 hours, 12 minutes, 23 seconds. Time passed: 13 hours, 14 minutes, 33 seconds
2026-08-01 08:33:03,631 - my_experiment - advP_HC_op_nomm_44 - my_run - INFO - Recent Stats | t_env:    3000000 | Episode:    15000
ep_length_mean:          200.0000	episode_length_mean:     199.0000	epsilon:                   0.0500	grad_norm:               108.1286
info_nce_loss:             0.0192	loss:                      0.8775	q_loss:                    0.7978	return_mean:              95.1064
return_std:               11.4754	test_ep_length_mean:     200.0000	test_episode_length_mean:199.0000	test_return_mean:        105.3986
test_return_std:          12.3013	
2026-08-01 08:33:06,064 - my_experiment - advP_HC_op_nomm_44 - my_run - INFO - t_env: 3000200 / 5050000
2026-08-01 08:33:06,064 - my_experiment - advP_HC_op_nomm_44 - my_run - INFO - Estimated time left: 9 hours, 23 seconds. Time passed: 13 hours, 27 minutes, 44 seconds
2026-08-01 08:36:09,272 - my_experiment - advP_HC_op_nomm_44 - my_run - INFO - Saving models to work_dirs/my_experiment/advP_HC_op_nomm_44/my_run/20260731_190516/models/3000200
2026-08-01 08:46:13,768 - my_experiment - advP_HC_op_nomm_44 - my_run - INFO - Recent Stats | t_env:    3050000 | Episode:    15250
ep_length_mean:          200.0000	episode_length_mean:     199.0000	epsilon:                   0.0500	grad_norm:               113.5639
info_nce_loss:             0.0144	loss:                      0.9583	q_loss:                    0.8712	return_mean:              95.3848
return_std:               11.3691	test_ep_length_mean:     200.0000	test_episode_length_mean:199.0000	test_return_mean:        106.2503
test_return_std:          12.2514	
2026-08-01 08:46:16,202 - my_experiment - advP_HC_op_nomm_44 - my_run - INFO - t_env: 3050200 / 5050000
2026-08-01 08:46:16,203 - my_experiment - advP_HC_op_nomm_44 - my_run - INFO - Estimated time left: 8 hours, 46 minutes, 42 seconds. Time passed: 13 hours, 40 minutes, 54 seconds
2026-08-01 08:59:37,052 - my_experiment - advP_HC_op_nomm_44 - my_run - INFO - Recent Stats | t_env:    3100000 | Episode:    15500
ep_length_mean:          200.0000	episode_length_mean:     199.0000	epsilon:                   0.0500	grad_norm:               124.9179
info_nce_loss:             0.0035	loss:                      1.0349	q_loss:                    0.9408	return_mean:              95.9074
return_std:               10.6823	test_ep_length_mean:     200.0000	test_episode_length_mean:199.0000	test_return_mean:        105.6223
test_return_std:          12.4402	
2026-08-01 08:59:39,541 - my_experiment - advP_HC_op_nomm_44 - my_run - INFO - t_env: 3100200 / 5050000
2026-08-01 08:59:39,542 - my_experiment - advP_HC_op_nomm_44 - my_run - INFO - Estimated time left: 8 hours, 42 minutes, 6 seconds. Time passed: 13 hours, 54 minutes, 17 seconds
2026-08-01 09:12:58,957 - my_experiment - advP_HC_op_nomm_44 - my_run - INFO - Recent Stats | t_env:    3150000 | Episode:    15750
ep_length_mean:          200.0000	episode_length_mean:     199.0000	epsilon:                   0.0500	grad_norm:               142.4037
info_nce_loss:             0.0444	loss:                      1.0525	q_loss:                    0.9568	return_mean:              93.5657
return_std:               11.1421	test_ep_length_mean:     200.0000	test_episode_length_mean:199.0000	test_return_mean:        106.0924
test_return_std:          12.1071	
2026-08-01 09:13:01,385 - my_experiment - advP_HC_op_nomm_44 - my_run - INFO - t_env: 3150200 / 5050000
2026-08-01 09:13:01,385 - my_experiment - advP_HC_op_nomm_44 - my_run - INFO - Estimated time left: 8 hours, 27 minutes, 46 seconds. Time passed: 14 hours, 7 minutes, 39 seconds
2026-08-01 09:26:18,729 - my_experiment - advP_HC_op_nomm_44 - my_run - INFO - Recent Stats | t_env:    3200000 | Episode:    16000
ep_length_mean:          200.0000	episode_length_mean:     199.0000	epsilon:                   0.0500	grad_norm:               164.2418
info_nce_loss:             0.0181	loss:                      1.1241	q_loss:                    1.0219	return_mean:              97.1460
return_std:               10.9565	test_ep_length_mean:     200.0000	test_episode_length_mean:199.0000	test_return_mean:        107.2955
test_return_std:          11.7833	
2026-08-01 09:26:21,279 - my_experiment - advP_HC_op_nomm_44 - my_run - INFO - t_env: 3200200 / 5050000
2026-08-01 09:26:21,280 - my_experiment - advP_HC_op_nomm_44 - my_run - INFO - Estimated time left: 8 hours, 13 minutes, 12 seconds. Time passed: 14 hours, 20 minutes, 59 seconds
2026-08-01 09:29:28,621 - my_experiment - advP_HC_op_nomm_44 - my_run - INFO - Saving models to work_dirs/my_experiment/advP_HC_op_nomm_44/my_run/20260731_190516/models/3200200
2026-08-01 09:39:48,819 - my_experiment - advP_HC_op_nomm_44 - my_run - INFO - Recent Stats | t_env:    3250000 | Episode:    16250
ep_length_mean:          200.0000	episode_length_mean:     199.0000	epsilon:                   0.0500	grad_norm:               133.7889
info_nce_loss:             0.0036	loss:                      1.0397	q_loss:                    0.9452	return_mean:              96.8323
return_std:               11.0906	test_ep_length_mean:     200.0000	test_episode_length_mean:199.0000	test_return_mean:        107.9022
test_return_std:          12.1027	
2026-08-01 09:39:51,314 - my_experiment - advP_HC_op_nomm_44 - my_run - INFO - t_env: 3250200 / 5050000
2026-08-01 09:39:51,315 - my_experiment - advP_HC_op_nomm_44 - my_run - INFO - Estimated time left: 8 hours, 5 minutes, 58 seconds. Time passed: 14 hours, 34 minutes, 29 seconds
2026-08-01 09:53:38,739 - my_experiment - advP_HC_op_nomm_44 - my_run - INFO - Recent Stats | t_env:    3300000 | Episode:    16500
ep_length_mean:          200.0000	episode_length_mean:     199.0000	epsilon:                   0.0500	grad_norm:               147.8855
info_nce_loss:             0.0393	loss:                      1.0958	q_loss:                    0.9962	return_mean:              97.3491
return_std:               10.9371	test_ep_length_mean:     200.0000	test_episode_length_mean:199.0000	test_return_mean:        107.9413
test_return_std:          11.7993	
2026-08-01 09:53:41,369 - my_experiment - advP_HC_op_nomm_44 - my_run - INFO - t_env: 3300200 / 5050000
2026-08-01 09:53:41,370 - my_experiment - advP_HC_op_nomm_44 - my_run - INFO - Estimated time left: 8 hours, 4 minutes, 8 seconds. Time passed: 14 hours, 48 minutes, 19 seconds
2026-08-01 10:07:29,039 - my_experiment - advP_HC_op_nomm_44 - my_run - INFO - Recent Stats | t_env:    3350000 | Episode:    16750
ep_length_mean:          200.0000	episode_length_mean:     199.0000	epsilon:                   0.0500	grad_norm:               125.1280
info_nce_loss:             0.0428	loss:                      1.0063	q_loss:                    0.9148	return_mean:              96.7490
return_std:               10.3963	test_ep_length_mean:     200.0000	test_episode_length_mean:199.0000	test_return_mean:        108.3314
test_return_std:          11.4502	
2026-08-01 10:07:31,691 - my_experiment - advP_HC_op_nomm_44 - my_run - INFO - t_env: 3350200 / 5050000
2026-08-01 10:07:31,692 - my_experiment - advP_HC_op_nomm_44 - my_run - INFO - Estimated time left: 7 hours, 50 minutes, 27 seconds. Time passed: 15 hours, 2 minutes, 9 seconds
2026-08-01 10:21:25,575 - my_experiment - advP_HC_op_nomm_44 - my_run - INFO - Recent Stats | t_env:    3400000 | Episode:    17000
ep_length_mean:          200.0000	episode_length_mean:     199.0000	epsilon:                   0.0500	grad_norm:               115.8093
info_nce_loss:             0.0263	loss:                      1.0347	q_loss:                    0.9406	return_mean:              98.0173
return_std:                9.8979	test_ep_length_mean:     200.0000	test_episode_length_mean:199.0000	test_return_mean:        108.3613
test_return_std:          10.9581	
2026-08-01 10:21:28,371 - my_experiment - advP_HC_op_nomm_44 - my_run - INFO - t_env: 3400200 / 5050000
2026-08-01 10:21:28,372 - my_experiment - advP_HC_op_nomm_44 - my_run - INFO - Estimated time left: 7 hours, 40 minutes, 7 seconds. Time passed: 15 hours, 16 minutes, 6 seconds
2026-08-01 10:24:42,560 - my_experiment - advP_HC_op_nomm_44 - my_run - INFO - Saving models to work_dirs/my_experiment/advP_HC_op_nomm_44/my_run/20260731_190516/models/3400200
2026-08-01 10:35:34,324 - my_experiment - advP_HC_op_nomm_44 - my_run - INFO - Recent Stats | t_env:    3450000 | Episode:    17250
ep_length_mean:          200.0000	episode_length_mean:     199.0000	epsilon:                   0.0500	grad_norm:               176.2839
info_nce_loss:             0.0372	loss:                      1.3443	q_loss:                    1.2220	return_mean:              98.1384
return_std:               10.3810	test_ep_length_mean:     200.0000	test_episode_length_mean:199.0000	test_return_mean:        108.7881
test_return_std:          10.7683	
2026-08-01 10:35:36,951 - my_experiment - advP_HC_op_nomm_44 - my_run - INFO - t_env: 3450200 / 5050000
2026-08-01 10:35:36,952 - my_experiment - advP_HC_op_nomm_44 - my_run - INFO - Estimated time left: 7 hours, 32 minutes, 31 seconds. Time passed: 15 hours, 30 minutes, 15 seconds
2026-08-01 10:49:54,669 - my_experiment - advP_HC_op_nomm_44 - my_run - INFO - Recent Stats | t_env:    3500000 | Episode:    17500
ep_length_mean:          200.0000	episode_length_mean:     199.0000	epsilon:                   0.0500	grad_norm:               156.8544
info_nce_loss:             0.0644	loss:                      1.2589	q_loss:                    1.1445	return_mean:              98.5553
return_std:               10.2013	test_ep_length_mean:     200.0000	test_episode_length_mean:199.0000	test_return_mean:        109.6525
test_return_std:          10.3324	
2026-08-01 10:49:57,316 - my_experiment - advP_HC_op_nomm_44 - my_run - INFO - t_env: 3500200 / 5050000
2026-08-01 10:49:57,317 - my_experiment - advP_HC_op_nomm_44 - my_run - INFO - Estimated time left: 7 hours, 24 minutes, 27 seconds. Time passed: 15 hours, 44 minutes, 35 seconds
2026-08-01 11:04:20,458 - my_experiment - advP_HC_op_nomm_44 - my_run - INFO - Recent Stats | t_env:    3550000 | Episode:    17750
ep_length_mean:          200.0000	episode_length_mean:     199.0000	epsilon:                   0.0500	grad_norm:               130.0086
info_nce_loss:             0.0144	loss:                      1.0426	q_loss:                    0.9478	return_mean:              99.0167
return_std:               10.3472	test_ep_length_mean:     200.0000	test_episode_length_mean:199.0000	test_return_mean:        109.8776
test_return_std:          10.5369	
2026-08-01 11:04:23,145 - my_experiment - advP_HC_op_nomm_44 - my_run - INFO - t_env: 3550200 / 5050000
2026-08-01 11:04:23,146 - my_experiment - advP_HC_op_nomm_44 - my_run - INFO - Estimated time left: 7 hours, 12 minutes, 51 seconds. Time passed: 15 hours, 59 minutes, 1 seconds
2026-08-01 11:18:40,225 - my_experiment - advP_HC_op_nomm_44 - my_run - INFO - Recent Stats | t_env:    3600000 | Episode:    18000
ep_length_mean:          200.0000	episode_length_mean:     199.0000	epsilon:                   0.0500	grad_norm:               130.7793
info_nce_loss:             0.0291	loss:                      1.0848	q_loss:                    0.9861	return_mean:              99.9569
return_std:               10.1402	test_ep_length_mean:     200.0000	test_episode_length_mean:199.0000	test_return_mean:        110.7727
test_return_std:          10.4104	
2026-08-01 11:18:42,865 - my_experiment - advP_HC_op_nomm_44 - my_run - INFO - t_env: 3600200 / 5050000
2026-08-01 11:18:42,866 - my_experiment - advP_HC_op_nomm_44 - my_run - INFO - Estimated time left: 6 hours, 55 minutes, 28 seconds. Time passed: 16 hours, 13 minutes, 21 seconds
2026-08-01 11:22:00,435 - my_experiment - advP_HC_op_nomm_44 - my_run - INFO - Saving models to work_dirs/my_experiment/advP_HC_op_nomm_44/my_run/20260731_190516/models/3600200
2026-08-01 11:32:51,536 - my_experiment - advP_HC_op_nomm_44 - my_run - INFO - Recent Stats | t_env:    3650000 | Episode:    18250
ep_length_mean:          200.0000	episode_length_mean:     199.0000	epsilon:                   0.0500	grad_norm:               115.6064
info_nce_loss:             0.0158	loss:                      1.0904	q_loss:                    0.9913	return_mean:             101.1708
return_std:               10.7782	test_ep_length_mean:     200.0000	test_episode_length_mean:199.0000	test_return_mean:        111.6387
test_return_std:          10.5817	
2026-08-01 11:32:54,151 - my_experiment - advP_HC_op_nomm_44 - my_run - INFO - t_env: 3650200 / 5050000
2026-08-01 11:32:54,152 - my_experiment - advP_HC_op_nomm_44 - my_run - INFO - Estimated time left: 6 hours, 37 minutes, 12 seconds. Time passed: 16 hours, 27 minutes, 32 seconds
2026-08-01 11:47:01,291 - my_experiment - advP_HC_op_nomm_44 - my_run - INFO - Recent Stats | t_env:    3700000 | Episode:    18500
ep_length_mean:          200.0000	episode_length_mean:     199.0000	epsilon:                   0.0500	grad_norm:               133.1798
info_nce_loss:             0.0343	loss:                      1.1254	q_loss:                    1.0231	return_mean:             101.4596
return_std:               10.2346	test_ep_length_mean:     200.0000	test_episode_length_mean:199.0000	test_return_mean:        112.0283
test_return_std:          10.9807	
2026-08-01 11:47:03,964 - my_experiment - advP_HC_op_nomm_44 - my_run - INFO - t_env: 3700200 / 5050000
2026-08-01 11:47:03,965 - my_experiment - advP_HC_op_nomm_44 - my_run - INFO - Estimated time left: 6 hours, 22 minutes, 21 seconds. Time passed: 16 hours, 41 minutes, 42 seconds
2026-08-01 12:01:11,262 - my_experiment - advP_HC_op_nomm_44 - my_run - INFO - Recent Stats | t_env:    3750000 | Episode:    18750
ep_length_mean:          200.0000	episode_length_mean:     199.0000	epsilon:                   0.0500	grad_norm:               164.4537
info_nce_loss:             0.0296	loss:                      1.3632	q_loss:                    1.2393	return_mean:             101.1218
return_std:               10.4930	test_ep_length_mean:     200.0000	test_episode_length_mean:199.0000	test_return_mean:        112.4267
test_return_std:          11.2867	
2026-08-01 12:01:13,948 - my_experiment - advP_HC_op_nomm_44 - my_run - INFO - t_env: 3750200 / 5050000
2026-08-01 12:01:13,949 - my_experiment - advP_HC_op_nomm_44 - my_run - INFO - Estimated time left: 6 hours, 8 minutes, 16 seconds. Time passed: 16 hours, 55 minutes, 52 seconds
2026-08-01 12:15:21,168 - my_experiment - advP_HC_op_nomm_44 - my_run - INFO - Recent Stats | t_env:    3800000 | Episode:    19000
ep_length_mean:          200.0000	episode_length_mean:     199.0000	epsilon:                   0.0500	grad_norm:               143.1403
info_nce_loss:             0.0122	loss:                      1.2422	q_loss:                    1.1293	return_mean:              99.9643
return_std:                9.6862	test_ep_length_mean:     200.0000	test_episode_length_mean:199.0000	test_return_mean:        112.4388
test_return_std:          10.8989	
2026-08-01 12:15:23,860 - my_experiment - advP_HC_op_nomm_44 - my_run - INFO - t_env: 3800200 / 5050000
2026-08-01 12:15:23,861 - my_experiment - advP_HC_op_nomm_44 - my_run - INFO - Estimated time left: 5 hours, 54 minutes, 4 seconds. Time passed: 17 hours, 10 minutes, 2 seconds
2026-08-01 12:18:41,197 - my_experiment - advP_HC_op_nomm_44 - my_run - INFO - Saving models to work_dirs/my_experiment/advP_HC_op_nomm_44/my_run/20260731_190516/models/3800200
2026-08-01 12:29:33,891 - my_experiment - advP_HC_op_nomm_44 - my_run - INFO - Recent Stats | t_env:    3850000 | Episode:    19250
ep_length_mean:          200.0000	episode_length_mean:     199.0000	epsilon:                   0.0500	grad_norm:               211.0970
info_nce_loss:             0.0542	loss:                      1.8583	q_loss:                    1.6894	return_mean:              99.5028
return_std:                9.8206	test_ep_length_mean:     200.0000	test_episode_length_mean:199.0000	test_return_mean:        112.2725
test_return_std:          10.6355	
2026-08-01 12:29:36,505 - my_experiment - advP_HC_op_nomm_44 - my_run - INFO - t_env: 3850200 / 5050000
2026-08-01 12:29:36,506 - my_experiment - advP_HC_op_nomm_44 - my_run - INFO - Estimated time left: 5 hours, 41 minutes, 0 seconds. Time passed: 17 hours, 24 minutes, 14 seconds
2026-08-01 12:43:44,083 - my_experiment - advP_HC_op_nomm_44 - my_run - INFO - Recent Stats | t_env:    3900000 | Episode:    19500
ep_length_mean:          200.0000	episode_length_mean:     199.0000	epsilon:                   0.0500	grad_norm:               174.8132
info_nce_loss:             0.0096	loss:                      1.4688	q_loss:                    1.3353	return_mean:              99.3323
return_std:                9.0533	test_ep_length_mean:     200.0000	test_episode_length_mean:199.0000	test_return_mean:        111.9971
test_return_std:          10.4351	
2026-08-01 12:43:46,705 - my_experiment - advP_HC_op_nomm_44 - my_run - INFO - t_env: 3900200 / 5050000
2026-08-01 12:43:46,706 - my_experiment - advP_HC_op_nomm_44 - my_run - INFO - Estimated time left: 5 hours, 25 minutes, 51 seconds. Time passed: 17 hours, 38 minutes, 24 seconds
2026-08-01 12:57:52,927 - my_experiment - advP_HC_op_nomm_44 - my_run - INFO - Recent Stats | t_env:    3950000 | Episode:    19750
ep_length_mean:          200.0000	episode_length_mean:     199.0000	epsilon:                   0.0500	grad_norm:               146.9672
info_nce_loss:             0.0491	loss:                      1.3517	q_loss:                    1.2288	return_mean:             100.6020
return_std:                9.7823	test_ep_length_mean:     200.0000	test_episode_length_mean:199.0000	test_return_mean:        111.3700
test_return_std:          10.1476	
2026-08-01 12:57:55,547 - my_experiment - advP_HC_op_nomm_44 - my_run - INFO - t_env: 3950200 / 5050000
2026-08-01 12:57:55,548 - my_experiment - advP_HC_op_nomm_44 - my_run - INFO - Estimated time left: 5 hours, 11 minutes, 11 seconds. Time passed: 17 hours, 52 minutes, 33 seconds
2026-08-01 13:12:03,162 - my_experiment - advP_HC_op_nomm_44 - my_run - INFO - Recent Stats | t_env:    4000000 | Episode:    20000
ep_length_mean:          200.0000	episode_length_mean:     199.0000	epsilon:                   0.0500	grad_norm:               127.2853
info_nce_loss:             0.0041	loss:                      1.3308	q_loss:                    1.2099	return_mean:              99.3068
return_std:                9.7725	test_ep_length_mean:     200.0000	test_episode_length_mean:199.0000	test_return_mean:        111.1724
test_return_std:           9.9216	
2026-08-01 13:12:05,769 - my_experiment - advP_HC_op_nomm_44 - my_run - INFO - t_env: 4000200 / 5050000
2026-08-01 13:12:05,770 - my_experiment - advP_HC_op_nomm_44 - my_run - INFO - Estimated time left: 4 hours, 57 minutes, 31 seconds. Time passed: 18 hours, 6 minutes, 43 seconds
2026-08-01 13:15:24,061 - my_experiment - advP_HC_op_nomm_44 - my_run - INFO - Saving models to work_dirs/my_experiment/advP_HC_op_nomm_44/my_run/20260731_190516/models/4000200
2026-08-01 13:26:15,577 - my_experiment - advP_HC_op_nomm_44 - my_run - INFO - Recent Stats | t_env:    4050000 | Episode:    20250
ep_length_mean:          200.0000	episode_length_mean:     199.0000	epsilon:                   0.0500	grad_norm:               118.2913
info_nce_loss:             0.0110	loss:                      1.2337	q_loss:                    1.1216	return_mean:             100.1513
return_std:                9.5987	test_ep_length_mean:     200.0000	test_episode_length_mean:199.0000	test_return_mean:        110.8319
test_return_std:          10.0428	
2026-08-01 13:26:18,193 - my_experiment - advP_HC_op_nomm_44 - my_run - INFO - t_env: 4050200 / 5050000
2026-08-01 13:26:18,194 - my_experiment - advP_HC_op_nomm_44 - my_run - INFO - Estimated time left: 4 hours, 44 minutes, 5 seconds. Time passed: 18 hours, 20 minutes, 56 seconds
2026-08-01 13:40:25,793 - my_experiment - advP_HC_op_nomm_44 - my_run - INFO - Recent Stats | t_env:    4100000 | Episode:    20500
ep_length_mean:          200.0000	episode_length_mean:     199.0000	epsilon:                   0.0500	grad_norm:               144.4119
info_nce_loss:             0.0220	loss:                      1.3146	q_loss:                    1.1951	return_mean:             100.5670
return_std:                9.5771	test_ep_length_mean:     200.0000	test_episode_length_mean:199.0000	test_return_mean:        110.9673
test_return_std:          10.5277	
2026-08-01 13:40:28,485 - my_experiment - advP_HC_op_nomm_44 - my_run - INFO - t_env: 4100200 / 5050000
2026-08-01 13:40:28,486 - my_experiment - advP_HC_op_nomm_44 - my_run - INFO - Estimated time left: 4 hours, 29 minutes, 12 seconds. Time passed: 18 hours, 35 minutes, 6 seconds
2026-08-01 13:54:39,318 - my_experiment - advP_HC_op_nomm_44 - my_run - INFO - Recent Stats | t_env:    4150000 | Episode:    20750
ep_length_mean:          200.0000	episode_length_mean:     199.0000	epsilon:                   0.0500	grad_norm:               130.9783
info_nce_loss:             0.0319	loss:                      1.3195	q_loss:                    1.1996	return_mean:             100.1748
return_std:               10.4463	test_ep_length_mean:     200.0000	test_episode_length_mean:199.0000	test_return_mean:        111.5422
test_return_std:          10.7543	
2026-08-01 13:54:41,921 - my_experiment - advP_HC_op_nomm_44 - my_run - INFO - t_env: 4150200 / 5050000
2026-08-01 13:54:41,922 - my_experiment - advP_HC_op_nomm_44 - my_run - INFO - Estimated time left: 4 hours, 15 minutes, 58 seconds. Time passed: 18 hours, 49 minutes, 20 seconds
2026-08-01 14:08:46,519 - my_experiment - advP_HC_op_nomm_44 - my_run - INFO - Recent Stats | t_env:    4200000 | Episode:    21000
ep_length_mean:          200.0000	episode_length_mean:     199.0000	epsilon:                   0.0500	grad_norm:               112.0373
info_nce_loss:             0.0104	loss:                      1.2680	q_loss:                    1.1527	return_mean:              99.6942
return_std:               10.8276	test_ep_length_mean:     200.0000	test_episode_length_mean:199.0000	test_return_mean:        112.2095
test_return_std:          10.8664	
2026-08-01 14:08:49,112 - my_experiment - advP_HC_op_nomm_44 - my_run - INFO - t_env: 4200200 / 5050000
2026-08-01 14:08:49,113 - my_experiment - advP_HC_op_nomm_44 - my_run - INFO - Estimated time left: 3 hours, 59 minutes, 58 seconds. Time passed: 19 hours, 3 minutes, 27 seconds
2026-08-01 14:12:06,894 - my_experiment - advP_HC_op_nomm_44 - my_run - INFO - Saving models to work_dirs/my_experiment/advP_HC_op_nomm_44/my_run/20260731_190516/models/4200200
2026-08-01 14:22:58,408 - my_experiment - advP_HC_op_nomm_44 - my_run - INFO - Recent Stats | t_env:    4250000 | Episode:    21250
ep_length_mean:          200.0000	episode_length_mean:     199.0000	epsilon:                   0.0500	grad_norm:               100.3158
info_nce_loss:             0.0170	loss:                      1.2487	q_loss:                    1.1352	return_mean:             101.3738
return_std:               10.6052	test_ep_length_mean:     200.0000	test_episode_length_mean:199.0000	test_return_mean:        112.3670
test_return_std:          11.1543	
2026-08-01 14:23:01,018 - my_experiment - advP_HC_op_nomm_44 - my_run - INFO - t_env: 4250200 / 5050000
2026-08-01 14:23:01,019 - my_experiment - advP_HC_op_nomm_44 - my_run - INFO - Estimated time left: 3 hours, 47 minutes, 7 seconds. Time passed: 19 hours, 17 minutes, 39 seconds
2026-08-01 14:37:08,606 - my_experiment - advP_HC_op_nomm_44 - my_run - INFO - Recent Stats | t_env:    4300000 | Episode:    21500
ep_length_mean:          200.0000	episode_length_mean:     199.0000	epsilon:                   0.0500	grad_norm:               116.6447
info_nce_loss:             0.0023	loss:                      1.2262	q_loss:                    1.1147	return_mean:             100.4382
return_std:                9.6347	test_ep_length_mean:     200.0000	test_episode_length_mean:199.0000	test_return_mean:        112.8731
test_return_std:          11.5046	
2026-08-01 14:37:11,202 - my_experiment - advP_HC_op_nomm_44 - my_run - INFO - t_env: 4300200 / 5050000
2026-08-01 14:37:11,202 - my_experiment - advP_HC_op_nomm_44 - my_run - INFO - Estimated time left: 3 hours, 32 minutes, 29 seconds. Time passed: 19 hours, 31 minutes, 49 seconds
2026-08-01 14:51:21,803 - my_experiment - advP_HC_op_nomm_44 - my_run - INFO - Recent Stats | t_env:    4350000 | Episode:    21750
ep_length_mean:          200.0000	episode_length_mean:     199.0000	epsilon:                   0.0500	grad_norm:               117.9565
info_nce_loss:             0.0310	loss:                      1.2636	q_loss:                    1.1487	return_mean:             100.7760
return_std:               10.8608	test_ep_length_mean:     200.0000	test_episode_length_mean:199.0000	test_return_mean:        112.5343
test_return_std:          11.4603	
2026-08-01 14:51:24,409 - my_experiment - advP_HC_op_nomm_44 - my_run - INFO - t_env: 4350200 / 5050000
2026-08-01 14:51:24,410 - my_experiment - advP_HC_op_nomm_44 - my_run - INFO - Estimated time left: 3 hours, 19 minutes, 1 seconds. Time passed: 19 hours, 46 minutes, 2 seconds
2026-08-01 15:05:33,156 - my_experiment - advP_HC_op_nomm_44 - my_run - INFO - Recent Stats | t_env:    4400000 | Episode:    22000
ep_length_mean:          200.0000	episode_length_mean:     199.0000	epsilon:                   0.0500	grad_norm:               135.3451
info_nce_loss:             0.0187	loss:                      1.3119	q_loss:                    1.1926	return_mean:              99.2840
return_std:                9.7251	test_ep_length_mean:     200.0000	test_episode_length_mean:199.0000	test_return_mean:        112.3118
test_return_std:          11.4529	
2026-08-01 15:05:35,759 - my_experiment - advP_HC_op_nomm_44 - my_run - INFO - t_env: 4400200 / 5050000
2026-08-01 15:05:35,760 - my_experiment - advP_HC_op_nomm_44 - my_run - INFO - Estimated time left: 3 hours, 4 minutes, 24 seconds. Time passed: 20 hours, 13 seconds
2026-08-01 15:08:53,135 - my_experiment - advP_HC_op_nomm_44 - my_run - INFO - Saving models to work_dirs/my_experiment/advP_HC_op_nomm_44/my_run/20260731_190516/models/4400200
2026-08-01 15:19:43,975 - my_experiment - advP_HC_op_nomm_44 - my_run - INFO - Recent Stats | t_env:    4450000 | Episode:    22250
ep_length_mean:          200.0000	episode_length_mean:     199.0000	epsilon:                   0.0500	grad_norm:               173.8787
info_nce_loss:             0.0461	loss:                      1.5464	q_loss:                    1.4058	return_mean:              98.8223
return_std:                9.7599	test_ep_length_mean:     200.0000	test_episode_length_mean:199.0000	test_return_mean:        112.1921
test_return_std:          11.1043	
2026-08-01 15:19:46,565 - my_experiment - advP_HC_op_nomm_44 - my_run - INFO - t_env: 4450200 / 5050000
2026-08-01 15:19:46,566 - my_experiment - advP_HC_op_nomm_44 - my_run - INFO - Estimated time left: 2 hours, 50 minutes, 6 seconds. Time passed: 20 hours, 14 minutes, 24 seconds
2026-08-01 15:33:50,969 - my_experiment - advP_HC_op_nomm_44 - my_run - INFO - Recent Stats | t_env:    4500000 | Episode:    22500
ep_length_mean:          200.0000	episode_length_mean:     199.0000	epsilon:                   0.0500	grad_norm:               158.5206
info_nce_loss:             0.0524	loss:                      1.4344	q_loss:                    1.3040	return_mean:              99.1997
return_std:               10.0729	test_ep_length_mean:     200.0000	test_episode_length_mean:199.0000	test_return_mean:        111.4925
test_return_std:          10.6854	
2026-08-01 15:33:53,595 - my_experiment - advP_HC_op_nomm_44 - my_run - INFO - t_env: 4500200 / 5050000
2026-08-01 15:33:53,596 - my_experiment - advP_HC_op_nomm_44 - my_run - INFO - Estimated time left: 2 hours, 35 minutes, 13 seconds. Time passed: 20 hours, 28 minutes, 31 seconds
2026-08-01 15:48:04,044 - my_experiment - advP_HC_op_nomm_44 - my_run - INFO - Recent Stats | t_env:    4550000 | Episode:    22750
ep_length_mean:          200.0000	episode_length_mean:     199.0000	epsilon:                   0.0500	grad_norm:               172.2363
info_nce_loss:             0.0069	loss:                      1.4714	q_loss:                    1.3376	return_mean:             100.0424
return_std:                9.8960	test_ep_length_mean:     200.0000	test_episode_length_mean:199.0000	test_return_mean:        110.8909
test_return_std:          10.6850	
2026-08-01 15:48:06,686 - my_experiment - advP_HC_op_nomm_44 - my_run - INFO - t_env: 4550200 / 5050000
2026-08-01 15:48:06,687 - my_experiment - advP_HC_op_nomm_44 - my_run - INFO - Estimated time left: 2 hours, 22 minutes, 7 seconds. Time passed: 20 hours, 42 minutes, 44 seconds
2026-08-01 16:02:13,714 - my_experiment - advP_HC_op_nomm_44 - my_run - INFO - Recent Stats | t_env:    4600000 | Episode:    23000
ep_length_mean:          200.0000	episode_length_mean:     199.0000	epsilon:                   0.0500	grad_norm:               155.6535
info_nce_loss:             0.0088	loss:                      1.4073	q_loss:                    1.2793	return_mean:              99.9513
return_std:                9.4847	test_ep_length_mean:     200.0000	test_episode_length_mean:199.0000	test_return_mean:        111.1331
test_return_std:          10.0604	
2026-08-01 16:02:16,310 - my_experiment - advP_HC_op_nomm_44 - my_run - INFO - t_env: 4600200 / 5050000
2026-08-01 16:02:16,310 - my_experiment - advP_HC_op_nomm_44 - my_run - INFO - Estimated time left: 2 hours, 7 minutes, 23 seconds. Time passed: 20 hours, 56 minutes, 54 seconds
2026-08-01 16:05:33,743 - my_experiment - advP_HC_op_nomm_44 - my_run - INFO - Saving models to work_dirs/my_experiment/advP_HC_op_nomm_44/my_run/20260731_190516/models/4600200
2026-08-01 16:16:00,756 - my_experiment - advP_HC_op_nomm_44 - my_run - INFO - Recent Stats | t_env:    4650000 | Episode:    23250
ep_length_mean:          200.0000	episode_length_mean:     199.0000	epsilon:                   0.0500	grad_norm:               116.7841
info_nce_loss:             0.0182	loss:                      1.3790	q_loss:                    1.2537	return_mean:              99.2817
return_std:               10.9346	test_ep_length_mean:     200.0000	test_episode_length_mean:199.0000	test_return_mean:        110.7784
test_return_std:           9.9887	
2026-08-01 16:16:03,307 - my_experiment - advP_HC_op_nomm_44 - my_run - INFO - t_env: 4650200 / 5050000
2026-08-01 16:16:03,308 - my_experiment - advP_HC_op_nomm_44 - my_run - INFO - Estimated time left: 1 hours, 50 minutes, 12 seconds. Time passed: 21 hours, 10 minutes, 41 seconds
2026-08-01 16:29:27,024 - my_experiment - advP_HC_op_nomm_44 - my_run - INFO - Recent Stats | t_env:    4700000 | Episode:    23500
ep_length_mean:          200.0000	episode_length_mean:     199.0000	epsilon:                   0.0500	grad_norm:               155.2624
info_nce_loss:             0.0165	loss:                      1.5163	q_loss:                    1.3784	return_mean:             100.7102
return_std:                9.8278	test_ep_length_mean:     200.0000	test_episode_length_mean:199.0000	test_return_mean:        110.8930
test_return_std:          10.2704	
2026-08-01 16:29:29,479 - my_experiment - advP_HC_op_nomm_44 - my_run - INFO - t_env: 4700200 / 5050000
2026-08-01 16:29:29,480 - my_experiment - advP_HC_op_nomm_44 - my_run - INFO - Estimated time left: 1 hours, 33 minutes, 59 seconds. Time passed: 21 hours, 24 minutes, 7 seconds
2026-08-01 16:42:37,495 - my_experiment - advP_HC_op_nomm_44 - my_run - INFO - Recent Stats | t_env:    4750000 | Episode:    23750
ep_length_mean:          200.0000	episode_length_mean:     199.0000	epsilon:                   0.0500	grad_norm:               185.1532
info_nce_loss:             0.0155	loss:                      1.6158	q_loss:                    1.4689	return_mean:              99.9067
return_std:               10.7015	test_ep_length_mean:     200.0000	test_episode_length_mean:199.0000	test_return_mean:        111.1493
test_return_std:          10.6231	
2026-08-01 16:42:39,934 - my_experiment - advP_HC_op_nomm_44 - my_run - INFO - t_env: 4750200 / 5050000
2026-08-01 16:42:39,935 - my_experiment - advP_HC_op_nomm_44 - my_run - INFO - Estimated time left: 1 hours, 18 minutes, 59 seconds. Time passed: 21 hours, 37 minutes, 18 seconds
2026-08-01 16:55:47,586 - my_experiment - advP_HC_op_nomm_44 - my_run - INFO - Recent Stats | t_env:    4800000 | Episode:    24000
ep_length_mean:          200.0000	episode_length_mean:     199.0000	epsilon:                   0.0500	grad_norm:               194.4632
info_nce_loss:             0.0056	loss:                      1.7155	q_loss:                    1.5595	return_mean:              98.9988
return_std:               10.0131	test_ep_length_mean:     200.0000	test_episode_length_mean:199.0000	test_return_mean:        110.8454
test_return_std:          10.0996	
2026-08-01 16:55:50,010 - my_experiment - advP_HC_op_nomm_44 - my_run - INFO - t_env: 4800200 / 5050000
2026-08-01 16:55:50,010 - my_experiment - advP_HC_op_nomm_44 - my_run - INFO - Estimated time left: 1 hours, 5 minutes, 47 seconds. Time passed: 21 hours, 50 minutes, 28 seconds
2026-08-01 16:58:52,835 - my_experiment - advP_HC_op_nomm_44 - my_run - INFO - Saving models to work_dirs/my_experiment/advP_HC_op_nomm_44/my_run/20260731_190516/models/4800200
2026-08-01 17:08:58,073 - my_experiment - advP_HC_op_nomm_44 - my_run - INFO - Recent Stats | t_env:    4850000 | Episode:    24250
ep_length_mean:          200.0000	episode_length_mean:     199.0000	epsilon:                   0.0500	grad_norm:               110.0481
info_nce_loss:             0.0065	loss:                      1.3991	q_loss:                    1.2719	return_mean:             100.0588
return_std:               10.7466	test_ep_length_mean:     200.0000	test_episode_length_mean:199.0000	test_return_mean:        110.7178
test_return_std:          10.7329	
2026-08-01 17:09:00,570 - my_experiment - advP_HC_op_nomm_44 - my_run - INFO - t_env: 4850200 / 5050000
2026-08-01 17:09:00,571 - my_experiment - advP_HC_op_nomm_44 - my_run - INFO - Estimated time left: 52 minutes, 39 seconds. Time passed: 22 hours, 3 minutes, 38 seconds
2026-08-01 17:22:21,117 - my_experiment - advP_HC_op_nomm_44 - my_run - INFO - Recent Stats | t_env:    4900000 | Episode:    24500
ep_length_mean:          200.0000	episode_length_mean:     199.0000	epsilon:                   0.0500	grad_norm:               123.7219
info_nce_loss:             0.0141	loss:                      1.4068	q_loss:                    1.2789	return_mean:             101.0719
return_std:               10.0453	test_ep_length_mean:     200.0000	test_episode_length_mean:199.0000	test_return_mean:        111.3241
test_return_std:          10.6560	
2026-08-01 17:22:23,869 - my_experiment - advP_HC_op_nomm_44 - my_run - INFO - t_env: 4900200 / 5050000
2026-08-01 17:22:23,870 - my_experiment - advP_HC_op_nomm_44 - my_run - INFO - Estimated time left: 40 minutes, 6 seconds. Time passed: 22 hours, 17 minutes, 2 seconds
2026-08-01 17:35:37,147 - my_experiment - advP_HC_op_nomm_44 - my_run - INFO - Recent Stats | t_env:    4950000 | Episode:    24750
ep_length_mean:          200.0000	episode_length_mean:     199.0000	epsilon:                   0.0500	grad_norm:               150.0489
info_nce_loss:             0.0132	loss:                      1.4861	q_loss:                    1.3510	return_mean:             101.2028
return_std:                9.8791	test_ep_length_mean:     200.0000	test_episode_length_mean:199.0000	test_return_mean:        111.1656
test_return_std:          10.5422	
2026-08-01 17:35:39,567 - my_experiment - advP_HC_op_nomm_44 - my_run - INFO - t_env: 4950200 / 5050000
2026-08-01 17:35:39,568 - my_experiment - advP_HC_op_nomm_44 - my_run - INFO - Estimated time left: 26 minutes, 28 seconds. Time passed: 22 hours, 30 minutes, 17 seconds
2026-08-01 17:48:46,373 - my_experiment - advP_HC_op_nomm_44 - my_run - INFO - Recent Stats | t_env:    5000000 | Episode:    25000
ep_length_mean:          200.0000	episode_length_mean:     199.0000	epsilon:                   0.0500	grad_norm:               123.4006
info_nce_loss:             0.0146	loss:                      1.4283	q_loss:                    1.2984	return_mean:             101.3996
return_std:               10.0504	test_ep_length_mean:     200.0000	test_episode_length_mean:199.0000	test_return_mean:        111.6027
test_return_std:          10.9222	
2026-08-01 17:48:48,797 - my_experiment - advP_HC_op_nomm_44 - my_run - INFO - t_env: 5000200 / 5050000
2026-08-01 17:48:48,798 - my_experiment - advP_HC_op_nomm_44 - my_run - INFO - Estimated time left: 13 minutes, 6 seconds. Time passed: 22 hours, 43 minutes, 26 seconds
2026-08-01 17:51:52,132 - my_experiment - advP_HC_op_nomm_44 - my_run - INFO - Saving models to work_dirs/my_experiment/advP_HC_op_nomm_44/my_run/20260731_190516/models/5000200
2026-08-01 18:01:56,293 - my_experiment - advP_HC_op_nomm_44 - my_run - INFO - Recent Stats | t_env:    5050000 | Episode:    25250
ep_length_mean:          200.0000	episode_length_mean:     199.0000	epsilon:                   0.0500	grad_norm:               211.9747
info_nce_loss:             0.0207	loss:                      1.8299	q_loss:                    1.6635	return_mean:             102.0446
return_std:                9.3306	test_ep_length_mean:     200.0000	test_episode_length_mean:199.0000	test_return_mean:        112.7452
test_return_std:          11.2973	
2026-08-01 18:01:58,739 - my_experiment - advP_HC_op_nomm_44 - my_run - INFO - t_env: 5050200 / 5050000
2026-08-01 18:01:58,740 - my_experiment - advP_HC_op_nomm_44 - my_run - INFO - Estimated time left: -. Time passed: 22 hours, 56 minutes, 36 seconds
2026-08-01 18:05:01,487 - my_experiment - advP_HC_op_nomm_44 - my_run - INFO - Finished Training
