Gym has been unmaintained since 2022 and does not support NumPy 2.0 amongst other critical functionality.
Please upgrade to Gymnasium, the maintained drop-in replacement of Gym, or contact the authors of your software and request that they upgrade.
Users of this version of Gym should be able to simply replace 'import gym' with 'import gymnasium as gym' in the vast majority of cases.
See the migration guide at https://gymnasium.farama.org/introduction/migration_guide/ for additional information.
src/main.py:81: DeprecationWarning: Using or importing the ABCs from 'collections' instead of from 'collections.abc' is deprecated since Python 3.3, and in 3.10 it will stop working
  if isinstance(v, collections.Mapping):
wandb: [wandb.login()] Loaded credentials for https://api.wandb.ai from /home/pparsons/.netrc.
wandb: Currently logged in as: peterparsons02 (peterparsons02-eth-z-rich) to https://api.wandb.ai. Use `wandb login --relogin` to force relogin
wandb: setting up run gukxg6ha
wandb: Tracking run with wandb version 0.24.1
wandb: Run data is saved locally in /usr/itetnas04/data-scratch-01/pparsons/data/MyExpoComm/wandb/run-20260730_173909-gukxg6ha
wandb: Run `wandb offline` to turn off syncing.
wandb: Syncing run my_run-bat_60_IQL_RNN_mm_42-20260730_173908
wandb: ⭐️ View project at https://wandb.ai/peterparsons02-eth-z-rich/my_experiment
wandb: 🚀 View run at https://wandb.ai/peterparsons02-eth-z-rich/my_experiment/runs/gukxg6ha
2026-07-30 17:39:17,440 - my_experiment - bat_60_IQL_RNN_mm_42 - my_run - INFO - Current directory: /usr/itetnas04/data-scratch-01/pparsons/data/MyExpoComm.
2026-07-30 17:39:17,441 - my_experiment - bat_60_IQL_RNN_mm_42 - my_run - INFO - Experiment Parameters:
2026-07-30 17:39:17,443 - my_experiment - bat_60_IQL_RNN_mm_42 - my_run - INFO - 

{   'action_selector': 'epsilon_greedy',
    'add_value_last_step': True,
    'agent': 'rnn',
    'agent_output_type': 'q',
    'batch_size': 16,
    'batch_size_run': 1,
    'buffer_cpu_only': True,
    'buffer_size': 1000,
    'checkpoint_path': '',
    'double_q': True,
    'env': 'MAgent_Battle',
    'env_args': {   'global_reward': True,
                    'map_name': 'battle_view7',
                    'map_size': 60,
                    'max_cycles': 200,
                    'minimap_mode': True,
                    'pretrained_ckpt': None,
                    'seed': 42},
    'epsilon_anneal_time': 1000000,
    'epsilon_finish': 0.05,
    'epsilon_start': 1.0,
    'evaluate': False,
    'evaluation_epsilon': 0.0,
    'exp_name': 'my_experiment',
    'gamma': 0.99,
    'global_reward': True,
    'grad_norm_clip': 10,
    'hidden_dim': 64,
    'hypergroup': None,
    'label': 'default_label',
    'learner': 'q_learner',
    'learner_log_interval': 10000,
    'load_step': 0,
    'local_results_path': 'results',
    'log_interval': 50000,
    'lr': 0.0005,
    'mac': 'basic_mac',
    'mixer': None,
    'name': 'bat_60_IQL_RNN_mm_42',
    'obs_agent_id': True,
    'obs_individual_obs': False,
    'obs_last_action': True,
    'optim_alpha': 0.99,
    'optim_eps': 1e-05,
    'render': False,
    'repeat_id': 1,
    'run_name': 'my_run',
    'runner': 'episode',
    'runner_log_interval': 10000,
    'save_model': True,
    'save_model_interval': 500000,
    'save_replay': False,
    'seed': 42,
    'standardise_returns': False,
    'standardise_rewards': True,
    't_max': 5050000,
    'target_update_interval_or_tau': 200,
    'test_greedy': True,
    'test_interval': 50000,
    'test_nepisode': 1,
    'use_cuda': True,
    'use_rnn': True,
    'use_tensorboard': True,
    'work_dir': 'work_dirs/my_experiment/bat_60_IQL_RNN_mm_42/my_run/20260730_173908'}

/usr/itetnas04/data-scratch-01/pparsons/data/conda_envs/ExpoComm/lib/python3.8/site-packages/pettingzoo/utils/conversions.py:41: UserWarning: The `from_parallel` function is deprecated. Use the `parallel_to_aec` function instead.
  warnings.warn("The `from_parallel` function is deprecated. Use the `parallel_to_aec` function instead.")
/usr/itetnas04/data-scratch-01/pparsons/data/conda_envs/ExpoComm/lib/python3.8/site-packages/pettingzoo/utils/wrappers/base.py:44: UserWarning: The `observation_spaces` dictionary is deprecated. Use the `observation_space` function instead.
  warnings.warn("The `observation_spaces` dictionary is deprecated. Use the `observation_space` function instead.")
/usr/itetnas04/data-scratch-01/pparsons/data/conda_envs/ExpoComm/lib/python3.8/site-packages/pettingzoo/utils/conversions.py:36: UserWarning: The `to_parallel` function is deprecated. Use the `aec_to_parallel` function instead.
  warnings.warn("The `to_parallel` function is deprecated. Use the `aec_to_parallel` function instead.")
/usr/itetnas04/data-scratch-01/pparsons/data/conda_envs/ExpoComm/lib/python3.8/site-packages/pettingzoo/utils/conversions.py:80: UserWarning: The `action_spaces` dictionary is deprecated. Use the `action_space` function instead.
  warnings.warn("The `action_spaces` dictionary is deprecated. Use the `action_space` function instead.")
/usr/itetnas04/data-scratch-01/pparsons/data/conda_envs/ExpoComm/lib/python3.8/site-packages/pettingzoo/utils/wrappers/base.py:52: UserWarning: The `action_spaces` dictionary is deprecated. Use the `action_space` function instead.
  warnings.warn("The `action_spaces` dictionary is deprecated. Use the `action_space` function instead.")
/usr/itetnas04/data-scratch-01/pparsons/data/conda_envs/ExpoComm/lib/python3.8/site-packages/pettingzoo/utils/conversions.py:72: UserWarning: The `observation_spaces` dictionary is deprecated. Use the `observation_space` function instead.
  warnings.warn("The `observation_spaces` dictionary is deprecated. Use the `observation_space` function instead.")
2026-07-30 17:39:37,000 - my_experiment - bat_60_IQL_RNN_mm_42 - my_run - INFO - Beginning training for 5050000 timesteps
/usr/itetnas04/data-scratch-01/pparsons/data/MyExpoComm/src/envs/battle_wrappers.py:258: UserWarning: To copy construct from a tensor, it is recommended to use sourceTensor.clone().detach() or sourceTensor.clone().detach().requires_grad_(True), rather than torch.tensor(sourceTensor).
  actions = torch.tensor(actions, dtype=torch.long)
2026-07-30 17:39:44,979 - my_experiment - bat_60_IQL_RNN_mm_42 - my_run - INFO - t_env: 200 / 5050000
2026-07-30 17:39:44,980 - my_experiment - bat_60_IQL_RNN_mm_42 - my_run - INFO - Estimated time left: 13 minutes, 22 seconds. Time passed: 7 seconds
2026-07-30 17:39:50,861 - my_experiment - bat_60_IQL_RNN_mm_42 - my_run - INFO - Saving models to work_dirs/my_experiment/bat_60_IQL_RNN_mm_42/my_run/20260730_173908/models/200
2026-07-30 18:07:24,615 - my_experiment - bat_60_IQL_RNN_mm_42 - my_run - INFO - Recent Stats | t_env:      50000 | Episode:      250
blue_team_alives_mean:   143.9960	blue_team_win_mean:        0.0000	ep_length_mean:          200.0000	episode_length_mean:     199.0000
epsilon:                   0.9620	grad_norm:                 0.0602	loss:                      1.0179	q_taken_mean:              0.0003
red_team_alives_mean:    144.0000	red_team_win_mean:         0.0040	return_mean:              -8.5003	return_std:                0.0508
target_mean:               0.0009	td_error_abs:              0.8024	test_blue_team_alives_mean:144.0000	test_blue_team_win_mean:   0.0000
test_ep_length_mean:     200.0000	test_episode_length_mean:199.0000	test_red_team_alives_mean:144.0000	test_red_team_win_mean:    0.0000
test_return_mean:         -8.1444	test_return_std:           0.0000	
2026-07-30 18:07:31,414 - my_experiment - bat_60_IQL_RNN_mm_42 - my_run - INFO - t_env: 50200 / 5050000
2026-07-30 18:07:31,414 - my_experiment - bat_60_IQL_RNN_mm_42 - my_run - INFO - Estimated time left: 1 days, 22 hours, 17 minutes, 16 seconds. Time passed: 27 minutes, 54 seconds
2026-07-30 18:35:16,869 - my_experiment - bat_60_IQL_RNN_mm_42 - my_run - INFO - Recent Stats | t_env:     100000 | Episode:      500
blue_team_alives_mean:   144.0000	blue_team_win_mean:        0.0000	ep_length_mean:          200.0000	episode_length_mean:     199.0000
epsilon:                   0.9145	grad_norm:                 0.1149	loss:                      1.0290	q_taken_mean:              0.0028
red_team_alives_mean:    144.0000	red_team_win_mean:         0.0000	return_mean:              -8.1342	return_std:                0.0645
target_mean:               0.0031	td_error_abs:              0.8086	test_blue_team_alives_mean:144.0000	test_blue_team_win_mean:   0.0000
test_ep_length_mean:     200.0000	test_episode_length_mean:199.0000	test_red_team_alives_mean:144.0000	test_red_team_win_mean:    0.0000
test_return_mean:         -4.5722	test_return_std:           0.0000	
2026-07-30 18:35:23,548 - my_experiment - bat_60_IQL_RNN_mm_42 - my_run - INFO - t_env: 100200 / 5050000
2026-07-30 18:35:23,548 - my_experiment - bat_60_IQL_RNN_mm_42 - my_run - INFO - Estimated time left: 1 days, 21 hours, 58 minutes, 54 seconds. Time passed: 55 minutes, 46 seconds
slurmstepd: error: *** JOB 2143320 ON artongpu01 CANCELLED AT 2026-07-30T19:01:44 ***
