JOB ID: 1870526
Running on node: artongpu05
Project Directory: /usr/itetnas04/data-scratch-01/pparsons/data/MyExpoComm
--------------------------------
Algorithm:   iql
Environment: MAgent_Battle
Profile:     bat_IQL_RNN_5M
--------------------------------
Conda activated: /usr/itetnas04/data-scratch-01/pparsons/data/conda_envs/ExpoComm
Starting Run...

[ENVIRONMENT INIT] Using Rewards: {'step_reward': -0.005, 'dead_penalty': -0.1, 'attack_penalty': -0.1, 'attack_opponent_reward': 0.2}

Exiting Main
Stopping all threads
Thread wandb-AsyncioManager-main is alive! Is daemon: True
Thread joined
Thread ChkStopThr is alive! Is daemon: True
Thread joined
Thread IntMsgThr is alive! Is daemon: True
Thread joined
Exiting script
[1;34mwandb[0m: 
[1;34mwandb[0m: 🚀 View run [33mmy_run-bat_IQL_RNN_5M-20260409_160459[0m at: [34mhttps://wandb.ai/peterparsons02-eth-z-rich/my_experiment/runs/gf0f5t3t[0m
[1;34mwandb[0m: Find logs at: [1;35mwandb/run-20260409_160459-gf0f5t3t/logs[0m
Finished at: Thu Apr  9 23:32:09 CEST 2026
