JOB ID: 1860225
Running on node: tikgpu04
Project Directory: /usr/itetnas04/data-scratch-01/pparsons/data/MyExpoComm
--------------------------------
Algorithm:   HybridComm
Environment: MAgent_Battle
Profile:     bat_HybridComm_5M
--------------------------------
Conda activated: /usr/itetnas04/data-scratch-01/pparsons/data/conda_envs/ExpoComm
Starting Run...
Exiting Main
Stopping all threads
Thread wandb-AsyncioManager-main is alive! Is daemon: True
Thread joined
Thread ChkStopThr is alive! Is daemon: True
Thread joined
Thread IntMsgThr is alive! Is daemon: True
Thread joined
Exiting script
[1;34mwandb[0m: 
[1;34mwandb[0m: 🚀 View run [33mmy_run-bat_HybridComm_5M-20260406_191220[0m at: [34mhttps://wandb.ai/peterparsons02-eth-z-rich/my_experiment/runs/u7ax9x6r[0m
[1;34mwandb[0m: Find logs at: [1;35mwandb/run-20260406_191221-u7ax9x6r/logs[0m
Finished at: Tue Apr  7 06:30:53 CEST 2026
