JOB ID: 1805793
Running on node: tikgpu02
Project Directory: /usr/itetnas04/data-scratch-01/pparsons/data/MyExpoComm
--------------------------------
Algorithm:   HybridComm
Environment: MAgent_Battle
Profile:     bat_60_HybridComm_5M
--------------------------------
Conda activated: /usr/itetnas04/data-scratch-01/pparsons/data/conda_envs/ExpoComm
Starting Run...
Exiting Main
Stopping all threads
Thread wandb-AsyncioManager-main is alive! Is daemon: True
Thread joined
Thread ChkStopThr is alive! Is daemon: True
Thread joined
Thread IntMsgThr is alive! Is daemon: True
Thread joined
Exiting script
[1;34mwandb[0m: 
[1;34mwandb[0m: 🚀 View run [33mmy_run-bat_60_HybridComm_5M-20260313_032154[0m at: [34mhttps://wandb.ai/peterparsons02-eth-z-rich/my_experiment/runs/is8rinlq[0m
[1;34mwandb[0m: Find logs at: [1;35mwandb/run-20260313_032155-is8rinlq/logs[0m
Finished at: Sat Mar 14 20:56:58 CET 2026
