Gym has been unmaintained since 2022 and does not support NumPy 2.0 amongst other critical functionality.
Please upgrade to Gymnasium, the maintained drop-in replacement of Gym, or contact the authors of your software and request that they upgrade.
Users of this version of Gym should be able to simply replace 'import gym' with 'import gymnasium as gym' in the vast majority of cases.
See the migration guide at https://gymnasium.farama.org/introduction/migration_guide/ for additional information.
src/main.py:81: DeprecationWarning: Using or importing the ABCs from 'collections' instead of from 'collections.abc' is deprecated since Python 3.3, and in 3.10 it will stop working
  if isinstance(v, collections.Mapping):
wandb: [wandb.login()] Loaded credentials for https://api.wandb.ai from /home/pparsons/.netrc.
wandb: Currently logged in as: peterparsons02 (peterparsons02-eth-z-rich) to https://api.wandb.ai. Use `wandb login --relogin` to force relogin
wandb: setting up run 366w3kbc
wandb: Tracking run with wandb version 0.24.1
wandb: Run data is saved locally in /usr/itetnas04/data-scratch-01/pparsons/data/MyExpoComm/wandb/run-20260909_120611-366w3kbc
wandb: Run `wandb offline` to turn off syncing.
wandb: Syncing run my_run-bat_60_HybridComm_n9_44-20260909_120607
wandb: ⭐️ View project at https://wandb.ai/peterparsons02-eth-z-rich/my_experiment
wandb: 🚀 View run at https://wandb.ai/peterparsons02-eth-z-rich/my_experiment/runs/366w3kbc
2026-09-09 12:06:21,335 - my_experiment - bat_60_HybridComm_n9_44 - my_run - INFO - Current directory: /usr/itetnas04/data-scratch-01/pparsons/data/MyExpoComm.
2026-09-09 12:06:21,336 - my_experiment - bat_60_HybridComm_n9_44 - my_run - INFO - Experiment Parameters:
2026-09-09 12:06:21,338 - my_experiment - bat_60_HybridComm_n9_44 - my_run - INFO - 

{   'action_selector': 'epsilon_greedy',
    'add_value_last_step': True,
    'agent': 'ExpoComm_one_peer_cont',
    'agent_output_type': 'q',
    'attention_dim': 32,
    'aux_coef': 0.1,
    'batch_size': 16,
    'batch_size_run': 1,
    'buffer_cpu_only': True,
    'buffer_size': 1000,
    'checkpoint_path': '',
    'double_q': True,
    'env': 'MAgent_Battle',
    'env_args': {   'global_reward': True,
                    'map_name': 'battle_view7',
                    'map_size': 60,
                    'max_cycles': 200,
                    'minimap_mode': False,
                    'pretrained_ckpt': None,
                    'seed': 44},
    'epsilon_anneal_time': 1000000,
    'epsilon_finish': 0.05,
    'epsilon_start': 1.0,
    'evaluate': False,
    'evaluation_epsilon': 0.0,
    'exp_name': 'my_experiment',
    'gamma': 0.99,
    'global_reward': True,
    'grad_norm_clip': 10,
    'hidden_dim': 64,
    'hypergroup': None,
    'label': 'default_label',
    'learner': 'hybrid_comm_learner',
    'learner_log_interval': 10000,
    'load_step': 0,
    'local_results_path': 'results',
    'log_interval': 50000,
    'lr': 0.0005,
    'mac': 'ExpoComm_mac',
    'mixer': None,
    'name': 'bat_60_HybridComm_n9_44',
    'neg_num': 20,
    'obs_agent_id': True,
    'obs_individual_obs': False,
    'obs_last_action': True,
    'one_peer': True,
    'optim_alpha': 0.99,
    'optim_eps': 1e-05,
    'render': False,
    'repeat_id': 1,
    'run_name': 'my_run',
    'runner': 'episode',
    'runner_log_interval': 10000,
    'save_model': True,
    'save_model_interval': 500000,
    'save_replay': False,
    'seed': 44,
    'standardise_returns': False,
    'standardise_rewards': True,
    't_max': 5050000,
    'target_update_interval_or_tau': 200,
    'temperature': 0.07,
    'test_greedy': True,
    'test_interval': 50000,
    'test_nepisode': 1,
    'topk_neighbors': 9,
    'use_cuda': True,
    'use_rnn': True,
    'use_tensorboard': True,
    'work_dir': 'work_dirs/my_experiment/bat_60_HybridComm_n9_44/my_run/20260909_120607'}

/usr/itetnas04/data-scratch-01/pparsons/data/conda_envs/ExpoComm/lib/python3.8/site-packages/pettingzoo/utils/conversions.py:41: UserWarning: The `from_parallel` function is deprecated. Use the `parallel_to_aec` function instead.
  warnings.warn("The `from_parallel` function is deprecated. Use the `parallel_to_aec` function instead.")
/usr/itetnas04/data-scratch-01/pparsons/data/conda_envs/ExpoComm/lib/python3.8/site-packages/pettingzoo/utils/wrappers/base.py:44: UserWarning: The `observation_spaces` dictionary is deprecated. Use the `observation_space` function instead.
  warnings.warn("The `observation_spaces` dictionary is deprecated. Use the `observation_space` function instead.")
/usr/itetnas04/data-scratch-01/pparsons/data/conda_envs/ExpoComm/lib/python3.8/site-packages/pettingzoo/utils/conversions.py:36: UserWarning: The `to_parallel` function is deprecated. Use the `aec_to_parallel` function instead.
  warnings.warn("The `to_parallel` function is deprecated. Use the `aec_to_parallel` function instead.")
/usr/itetnas04/data-scratch-01/pparsons/data/conda_envs/ExpoComm/lib/python3.8/site-packages/pettingzoo/utils/conversions.py:80: UserWarning: The `action_spaces` dictionary is deprecated. Use the `action_space` function instead.
  warnings.warn("The `action_spaces` dictionary is deprecated. Use the `action_space` function instead.")
/usr/itetnas04/data-scratch-01/pparsons/data/conda_envs/ExpoComm/lib/python3.8/site-packages/pettingzoo/utils/wrappers/base.py:52: UserWarning: The `action_spaces` dictionary is deprecated. Use the `action_space` function instead.
  warnings.warn("The `action_spaces` dictionary is deprecated. Use the `action_space` function instead.")
/usr/itetnas04/data-scratch-01/pparsons/data/conda_envs/ExpoComm/lib/python3.8/site-packages/pettingzoo/utils/conversions.py:72: UserWarning: The `observation_spaces` dictionary is deprecated. Use the `observation_space` function instead.
  warnings.warn("The `observation_spaces` dictionary is deprecated. Use the `observation_space` function instead.")
2026-09-09 12:06:46,580 - my_experiment - bat_60_HybridComm_n9_44 - my_run - INFO - Beginning training for 5050000 timesteps
/usr/itetnas04/data-scratch-01/pparsons/data/MyExpoComm/src/envs/battle_wrappers.py:265: UserWarning: To copy construct from a tensor, it is recommended to use sourceTensor.clone().detach() or sourceTensor.clone().detach().requires_grad_(True), rather than torch.tensor(sourceTensor).
  actions = torch.tensor(actions, dtype=torch.long)
2026-09-09 12:07:08,200 - my_experiment - bat_60_HybridComm_n9_44 - my_run - INFO - t_env: 200 / 5050000
2026-09-09 12:07:08,200 - my_experiment - bat_60_HybridComm_n9_44 - my_run - INFO - Estimated time left: 36 minutes, 14 seconds. Time passed: 21 seconds
2026-09-09 12:07:12,722 - my_experiment - bat_60_HybridComm_n9_44 - my_run - INFO - Saving models to work_dirs/my_experiment/bat_60_HybridComm_n9_44/my_run/20260909_120607/models/200
2026-09-09 12:29:24,161 - my_experiment - bat_60_HybridComm_n9_44 - my_run - INFO - Recent Stats | t_env:      50000 | Episode:      250
blue_team_alives_mean:   143.9760	blue_team_win_mean:        1.0000	ep_length_mean:          200.0000	episode_length_mean:     199.0000
epsilon:                   0.9620	grad_norm:                 0.6315	info_nce_loss:             2.0300	loss:                      1.0780
q_loss:                    0.9800	red_team_alives_mean:    135.1560	red_team_win_mean:         0.0000	return_mean:              -8.0909
return_std:                0.0950	test_blue_team_alives_mean:144.0000	test_blue_team_win_mean:   0.0000	test_ep_length_mean:     200.0000
test_episode_length_mean:199.0000	test_red_team_alives_mean:144.0000	test_red_team_win_mean:    0.0000	test_return_mean:         -1.0000
test_return_std:           0.0000	
2026-09-09 12:29:29,479 - my_experiment - bat_60_HybridComm_n9_44 - my_run - INFO - t_env: 50200 / 5050000
2026-09-09 12:29:29,480 - my_experiment - bat_60_HybridComm_n9_44 - my_run - INFO - Estimated time left: 1 days, 13 hours, 15 minutes, 22 seconds. Time passed: 22 minutes, 42 seconds
2026-09-09 12:51:26,500 - my_experiment - bat_60_HybridComm_n9_44 - my_run - INFO - Recent Stats | t_env:     100000 | Episode:      500
blue_team_alives_mean:   143.7240	blue_team_win_mean:        0.9960	ep_length_mean:          200.0000	episode_length_mean:     199.0000
epsilon:                   0.9145	grad_norm:                 3.3250	info_nce_loss:             1.0961	loss:                      1.3840
q_loss:                    1.2582	red_team_alives_mean:    116.7520	red_team_win_mean:         0.0000	return_mean:              -7.0920
return_std:                0.2419	test_blue_team_alives_mean:144.0000	test_blue_team_win_mean:   0.0000	test_ep_length_mean:     200.0000
test_episode_length_mean:199.0000	test_red_team_alives_mean:144.0000	test_red_team_win_mean:    0.0000	test_return_mean:         -1.0000
test_return_std:           0.0000	
2026-09-09 12:51:31,719 - my_experiment - bat_60_HybridComm_n9_44 - my_run - INFO - t_env: 100200 / 5050000
2026-09-09 12:51:31,720 - my_experiment - bat_60_HybridComm_n9_44 - my_run - INFO - Estimated time left: 1 days, 12 hours, 21 minutes, 36 seconds. Time passed: 44 minutes, 45 seconds
2026-09-09 13:12:47,800 - my_experiment - bat_60_HybridComm_n9_44 - my_run - INFO - Recent Stats | t_env:     150000 | Episode:      750
blue_team_alives_mean:   143.4880	blue_team_win_mean:        1.0000	ep_length_mean:          200.0000	episode_length_mean:     199.0000
epsilon:                   0.8670	grad_norm:                 9.8513	info_nce_loss:             0.2478	loss:                      0.9321
q_loss:                    0.8473	red_team_alives_mean:    100.5160	red_team_win_mean:         0.0000	return_mean:              -6.0550
return_std:                0.2394	test_blue_team_alives_mean:144.0000	test_blue_team_win_mean:   0.3333	test_ep_length_mean:     200.0000
test_episode_length_mean:199.0000	test_red_team_alives_mean:134.0000	test_red_team_win_mean:    0.0000	test_return_mean:         -0.9521
test_return_std:           0.0000	
2026-09-09 13:12:52,841 - my_experiment - bat_60_HybridComm_n9_44 - my_run - INFO - t_env: 150200 / 5050000
2026-09-09 13:12:52,842 - my_experiment - bat_60_HybridComm_n9_44 - my_run - INFO - Estimated time left: 1 days, 10 hours, 52 minutes, 24 seconds. Time passed: 1 hours, 6 minutes, 6 seconds
2026-09-09 13:33:22,289 - my_experiment - bat_60_HybridComm_n9_44 - my_run - INFO - Recent Stats | t_env:     200000 | Episode:     1000
blue_team_alives_mean:   143.0960	blue_team_win_mean:        1.0000	ep_length_mean:          200.0000	episode_length_mean:     199.0000
epsilon:                   0.8195	grad_norm:                22.2733	info_nce_loss:             0.4272	loss:                      1.1582
q_loss:                    1.0529	red_team_alives_mean:     84.3600	red_team_win_mean:         0.0000	return_mean:              -4.6282
return_std:                0.2244	test_blue_team_alives_mean:144.0000	test_blue_team_win_mean:   0.5000	test_ep_length_mean:     200.0000
test_episode_length_mean:199.0000	test_red_team_alives_mean:129.5000	test_red_team_win_mean:    0.0000	test_return_mean:         -0.9330
test_return_std:           0.0000	
2026-09-09 13:33:27,176 - my_experiment - bat_60_HybridComm_n9_44 - my_run - INFO - t_env: 200200 / 5050000
2026-09-09 13:33:27,176 - my_experiment - bat_60_HybridComm_n9_44 - my_run - INFO - Estimated time left: 1 days, 9 hours, 15 minutes, 25 seconds. Time passed: 1 hours, 26 minutes, 40 seconds
2026-09-09 13:53:28,587 - my_experiment - bat_60_HybridComm_n9_44 - my_run - INFO - Recent Stats | t_env:     250000 | Episode:     1250
blue_team_alives_mean:   143.0880	blue_team_win_mean:        1.0000	ep_length_mean:          200.0000	episode_length_mean:     199.0000
epsilon:                   0.7720	grad_norm:                54.7042	info_nce_loss:             0.3277	loss:                      2.0164
q_loss:                    1.8331	red_team_alives_mean:     76.5920	red_team_win_mean:         0.0000	return_mean:              -3.8641
return_std:                0.2339	test_blue_team_alives_mean:144.0000	test_blue_team_win_mean:   0.6000	test_ep_length_mean:     200.0000
test_episode_length_mean:199.0000	test_red_team_alives_mean:126.2000	test_red_team_win_mean:    0.0000	test_return_mean:         -0.9311
test_return_std:           0.0000	
2026-09-09 13:53:33,356 - my_experiment - bat_60_HybridComm_n9_44 - my_run - INFO - t_env: 250200 / 5050000
2026-09-09 13:53:33,357 - my_experiment - bat_60_HybridComm_n9_44 - my_run - INFO - Estimated time left: 1 days, 8 hours, 9 minutes, 48 seconds. Time passed: 1 hours, 46 minutes, 46 seconds
2026-09-09 14:13:11,207 - my_experiment - bat_60_HybridComm_n9_44 - my_run - INFO - Recent Stats | t_env:     300000 | Episode:     1500
blue_team_alives_mean:   143.2400	blue_team_win_mean:        1.0000	ep_length_mean:          200.0000	episode_length_mean:     199.0000
epsilon:                   0.7245	grad_norm:                43.7473	info_nce_loss:             0.7923	loss:                      1.8231
q_loss:                    1.6574	red_team_alives_mean:     71.7440	red_team_win_mean:         0.0000	return_mean:              -3.2967
return_std:                0.2110	test_blue_team_alives_mean:144.0000	test_blue_team_win_mean:   0.8000	test_ep_length_mean:     200.0000
test_episode_length_mean:199.0000	test_red_team_alives_mean:121.6000	test_red_team_win_mean:    0.0000	test_return_mean:         -0.9122
test_return_std:           0.0000	
2026-09-09 14:13:15,869 - my_experiment - bat_60_HybridComm_n9_44 - my_run - INFO - t_env: 300200 / 5050000
2026-09-09 14:13:15,870 - my_experiment - bat_60_HybridComm_n9_44 - my_run - INFO - Estimated time left: 1 days, 7 hours, 12 minutes, 13 seconds. Time passed: 2 hours, 6 minutes, 29 seconds
2026-09-09 14:32:41,260 - my_experiment - bat_60_HybridComm_n9_44 - my_run - INFO - Recent Stats | t_env:     350000 | Episode:     1750
blue_team_alives_mean:   143.3200	blue_team_win_mean:        1.0000	ep_length_mean:          200.0000	episode_length_mean:     199.0000
epsilon:                   0.6770	grad_norm:                37.0516	info_nce_loss:             0.5943	loss:                      2.0919
q_loss:                    1.9017	red_team_alives_mean:     68.9800	red_team_win_mean:         0.0000	return_mean:              -2.8964
return_std:                0.1618	test_blue_team_alives_mean:143.4000	test_blue_team_win_mean:   1.0000	test_ep_length_mean:     200.0000
test_episode_length_mean:199.0000	test_red_team_alives_mean:116.4000	test_red_team_win_mean:    0.0000	test_return_mean:         -0.9263
test_return_std:           0.0000	
2026-09-09 14:32:45,971 - my_experiment - bat_60_HybridComm_n9_44 - my_run - INFO - t_env: 350200 / 5050000
2026-09-09 14:32:45,972 - my_experiment - bat_60_HybridComm_n9_44 - my_run - INFO - Estimated time left: 1 days, 6 hours, 33 minutes, 4 seconds. Time passed: 2 hours, 25 minutes, 59 seconds
2026-09-09 14:52:01,186 - my_experiment - bat_60_HybridComm_n9_44 - my_run - INFO - Recent Stats | t_env:     400000 | Episode:     2000
blue_team_alives_mean:   143.5840	blue_team_win_mean:        1.0000	ep_length_mean:          200.0000	episode_length_mean:     199.0000
epsilon:                   0.6295	grad_norm:                41.3695	info_nce_loss:             0.3011	loss:                      2.2285
q_loss:                    2.0259	red_team_alives_mean:     67.3520	red_team_win_mean:         0.0000	return_mean:              -2.6134
return_std:                0.1649	test_blue_team_alives_mean:142.2000	test_blue_team_win_mean:   1.0000	test_ep_length_mean:     200.0000
test_episode_length_mean:199.0000	test_red_team_alives_mean:116.8000	test_red_team_win_mean:    0.0000	test_return_mean:         -0.9191
test_return_std:           0.0000	
2026-09-09 14:52:05,738 - my_experiment - bat_60_HybridComm_n9_44 - my_run - INFO - t_env: 400200 / 5050000
2026-09-09 14:52:05,739 - my_experiment - bat_60_HybridComm_n9_44 - my_run - INFO - Estimated time left: 1 days, 5 hours, 57 minutes, 33 seconds. Time passed: 2 hours, 45 minutes, 19 seconds
2026-09-09 15:11:13,485 - my_experiment - bat_60_HybridComm_n9_44 - my_run - INFO - Recent Stats | t_env:     450000 | Episode:     2250
blue_team_alives_mean:   143.7240	blue_team_win_mean:        1.0000	ep_length_mean:          200.0000	episode_length_mean:     199.0000
epsilon:                   0.5820	grad_norm:                81.4631	info_nce_loss:             0.4415	loss:                      2.4247
q_loss:                    2.2042	red_team_alives_mean:     66.0600	red_team_win_mean:         0.0000	return_mean:              -2.3701
return_std:                0.1362	test_blue_team_alives_mean:142.2000	test_blue_team_win_mean:   0.8000	test_ep_length_mean:     200.0000
test_episode_length_mean:199.0000	test_red_team_alives_mean:122.4000	test_red_team_win_mean:    0.0000	test_return_mean:         -0.9440
test_return_std:           0.0000	
2026-09-09 15:11:18,051 - my_experiment - bat_60_HybridComm_n9_44 - my_run - INFO - t_env: 450200 / 5050000
2026-09-09 15:11:18,052 - my_experiment - bat_60_HybridComm_n9_44 - my_run - INFO - Estimated time left: 1 days, 5 hours, 26 minutes, 48 seconds. Time passed: 3 hours, 4 minutes, 31 seconds
2026-09-09 15:30:20,139 - my_experiment - bat_60_HybridComm_n9_44 - my_run - INFO - Recent Stats | t_env:     500000 | Episode:     2500
blue_team_alives_mean:   143.8160	blue_team_win_mean:        1.0000	ep_length_mean:          200.0000	episode_length_mean:     199.0000
epsilon:                   0.5345	grad_norm:                78.6306	info_nce_loss:             0.3930	loss:                      1.5394
q_loss:                    1.3994	red_team_alives_mean:     63.6800	red_team_win_mean:         0.0000	return_mean:              -2.1305
return_std:                0.1426	test_blue_team_alives_mean:142.2000	test_blue_team_win_mean:   0.6000	test_ep_length_mean:     200.0000
test_episode_length_mean:199.0000	test_red_team_alives_mean:128.6000	test_red_team_win_mean:    0.0000	test_return_mean:         -0.9593
test_return_std:           0.0000	
2026-09-09 15:30:24,792 - my_experiment - bat_60_HybridComm_n9_44 - my_run - INFO - t_env: 500200 / 5050000
2026-09-09 15:30:24,793 - my_experiment - bat_60_HybridComm_n9_44 - my_run - INFO - Estimated time left: 1 days, 4 hours, 59 minutes, 8 seconds. Time passed: 3 hours, 23 minutes, 38 seconds
2026-09-09 15:30:29,208 - my_experiment - bat_60_HybridComm_n9_44 - my_run - INFO - Saving models to work_dirs/my_experiment/bat_60_HybridComm_n9_44/my_run/20260909_120607/models/500200
2026-09-09 15:49:25,511 - my_experiment - bat_60_HybridComm_n9_44 - my_run - INFO - Recent Stats | t_env:     550000 | Episode:     2750
blue_team_alives_mean:   143.8880	blue_team_win_mean:        1.0000	ep_length_mean:          200.0000	episode_length_mean:     199.0000
epsilon:                   0.4870	grad_norm:               135.7779	info_nce_loss:             0.2626	loss:                      1.3200
q_loss:                    1.2000	red_team_alives_mean:     64.3440	red_team_win_mean:         0.0000	return_mean:              -1.9797
return_std:                0.1294	test_blue_team_alives_mean:142.2000	test_blue_team_win_mean:   0.4000	test_ep_length_mean:     200.0000
test_episode_length_mean:199.0000	test_red_team_alives_mean:133.2000	test_red_team_win_mean:    0.0000	test_return_mean:         -0.9782
test_return_std:           0.0000	
2026-09-09 15:49:30,084 - my_experiment - bat_60_HybridComm_n9_44 - my_run - INFO - t_env: 550200 / 5050000
2026-09-09 15:49:30,085 - my_experiment - bat_60_HybridComm_n9_44 - my_run - INFO - Estimated time left: 1 days, 4 hours, 37 minutes, 51 seconds. Time passed: 3 hours, 42 minutes, 43 seconds
2026-09-09 16:08:23,287 - my_experiment - bat_60_HybridComm_n9_44 - my_run - INFO - Recent Stats | t_env:     600000 | Episode:     3000
blue_team_alives_mean:   143.9160	blue_team_win_mean:        1.0000	ep_length_mean:          200.0000	episode_length_mean:     199.0000
epsilon:                   0.4395	grad_norm:               163.0111	info_nce_loss:             0.3687	loss:                      1.3702
q_loss:                    1.2475	red_team_alives_mean:     60.4680	red_team_win_mean:         0.0000	return_mean:              -1.7833
return_std:                0.1264	test_blue_team_alives_mean:142.8000	test_blue_team_win_mean:   0.2000	test_ep_length_mean:     200.0000
test_episode_length_mean:199.0000	test_red_team_alives_mean:138.4000	test_red_team_win_mean:    0.0000	test_return_mean:         -0.9641
test_return_std:           0.0000	
2026-09-09 16:08:27,801 - my_experiment - bat_60_HybridComm_n9_44 - my_run - INFO - t_env: 600200 / 5050000
2026-09-09 16:08:27,802 - my_experiment - bat_60_HybridComm_n9_44 - my_run - INFO - Estimated time left: 1 days, 4 hours, 7 minutes, 32 seconds. Time passed: 4 hours, 1 minutes, 41 seconds
2026-09-09 16:27:18,030 - my_experiment - bat_60_HybridComm_n9_44 - my_run - INFO - Recent Stats | t_env:     650000 | Episode:     3250
blue_team_alives_mean:   143.9400	blue_team_win_mean:        1.0000	ep_length_mean:          200.0000	episode_length_mean:     199.0000
epsilon:                   0.3920	grad_norm:               146.1952	info_nce_loss:             0.2112	loss:                      1.0011
q_loss:                    0.9101	red_team_alives_mean:     59.0760	red_team_win_mean:         0.0000	return_mean:              -1.6141
return_std:                0.1511	test_blue_team_alives_mean:144.0000	test_blue_team_win_mean:   0.0000	test_ep_length_mean:     200.0000
test_episode_length_mean:199.0000	test_red_team_alives_mean:144.0000	test_red_team_win_mean:    0.0000	test_return_mean:         -1.0000
test_return_std:           0.0000	
2026-09-09 16:27:22,492 - my_experiment - bat_60_HybridComm_n9_44 - my_run - INFO - t_env: 650200 / 5050000
2026-09-09 16:27:22,492 - my_experiment - bat_60_HybridComm_n9_44 - my_run - INFO - Estimated time left: 1 days, 3 hours, 44 minutes, 8 seconds. Time passed: 4 hours, 20 minutes, 35 seconds
2026-09-09 16:46:19,154 - my_experiment - bat_60_HybridComm_n9_44 - my_run - INFO - Recent Stats | t_env:     700000 | Episode:     3500
blue_team_alives_mean:   143.9440	blue_team_win_mean:        1.0000	ep_length_mean:          200.0000	episode_length_mean:     199.0000
epsilon:                   0.3445	grad_norm:               203.1356	info_nce_loss:             0.6140	loss:                      1.2714
q_loss:                    1.1558	red_team_alives_mean:     61.5480	red_team_win_mean:         0.0000	return_mean:              -1.6012
return_std:                0.1958	test_blue_team_alives_mean:144.0000	test_blue_team_win_mean:   0.0000	test_ep_length_mean:     200.0000
test_episode_length_mean:199.0000	test_red_team_alives_mean:144.0000	test_red_team_win_mean:    0.0000	test_return_mean:         -1.0015
test_return_std:           0.0000	
2026-09-09 16:46:23,799 - my_experiment - bat_60_HybridComm_n9_44 - my_run - INFO - t_env: 700200 / 5050000
2026-09-09 16:46:23,800 - my_experiment - bat_60_HybridComm_n9_44 - my_run - INFO - Estimated time left: 1 days, 3 hours, 34 minutes, 49 seconds. Time passed: 4 hours, 39 minutes, 37 seconds
2026-09-09 17:05:30,699 - my_experiment - bat_60_HybridComm_n9_44 - my_run - INFO - Recent Stats | t_env:     750000 | Episode:     3750
blue_team_alives_mean:   143.9400	blue_team_win_mean:        1.0000	ep_length_mean:          200.0000	episode_length_mean:     199.0000
epsilon:                   0.2970	grad_norm:               170.0410	info_nce_loss:             0.3350	loss:                      0.9908
q_loss:                    0.9007	red_team_alives_mean:     66.4160	red_team_win_mean:         0.0000	return_mean:              -1.5654
return_std:                0.2276	test_blue_team_alives_mean:144.0000	test_blue_team_win_mean:   0.2000	test_ep_length_mean:     200.0000
test_episode_length_mean:199.0000	test_red_team_alives_mean:143.0000	test_red_team_win_mean:    0.0000	test_return_mean:         -1.0020
test_return_std:           0.0000	
2026-09-09 17:05:35,381 - my_experiment - bat_60_HybridComm_n9_44 - my_run - INFO - t_env: 750200 / 5050000
2026-09-09 17:05:35,381 - my_experiment - bat_60_HybridComm_n9_44 - my_run - INFO - Estimated time left: 1 days, 3 hours, 30 minutes, 31 seconds. Time passed: 4 hours, 58 minutes, 48 seconds
2026-09-09 17:24:43,910 - my_experiment - bat_60_HybridComm_n9_44 - my_run - INFO - Recent Stats | t_env:     800000 | Episode:     4000
blue_team_alives_mean:   143.8920	blue_team_win_mean:        1.0000	ep_length_mean:          200.0000	episode_length_mean:     199.0000
epsilon:                   0.2495	grad_norm:               148.7821	info_nce_loss:             0.3661	loss:                      0.8515
q_loss:                    0.7741	red_team_alives_mean:     63.4880	red_team_win_mean:         0.0000	return_mean:              -1.3979
return_std:                0.1073	test_blue_team_alives_mean:144.0000	test_blue_team_win_mean:   0.4000	test_ep_length_mean:     200.0000
test_episode_length_mean:199.0000	test_red_team_alives_mean:142.8000	test_red_team_win_mean:    0.0000	test_return_mean:         -1.0017
test_return_std:           0.0000	
2026-09-09 17:24:48,484 - my_experiment - bat_60_HybridComm_n9_44 - my_run - INFO - t_env: 800200 / 5050000
2026-09-09 17:24:48,485 - my_experiment - bat_60_HybridComm_n9_44 - my_run - INFO - Estimated time left: 1 days, 3 hours, 13 minutes, 29 seconds. Time passed: 5 hours, 18 minutes, 1 seconds
2026-09-09 17:44:19,056 - my_experiment - bat_60_HybridComm_n9_44 - my_run - INFO - Recent Stats | t_env:     850000 | Episode:     4250
blue_team_alives_mean:   143.8800	blue_team_win_mean:        1.0000	ep_length_mean:          200.0000	episode_length_mean:     199.0000
epsilon:                   0.2020	grad_norm:               161.2346	info_nce_loss:             0.1684	loss:                      1.7769
q_loss:                    1.6154	red_team_alives_mean:     71.3400	red_team_win_mean:         0.0000	return_mean:              -1.4283
return_std:                0.2123	test_blue_team_alives_mean:144.0000	test_blue_team_win_mean:   0.4000	test_ep_length_mean:     200.0000
test_episode_length_mean:199.0000	test_red_team_alives_mean:142.8000	test_red_team_win_mean:    0.0000	test_return_mean:         -1.0128
test_return_std:           0.0000	
2026-09-09 17:44:23,775 - my_experiment - bat_60_HybridComm_n9_44 - my_run - INFO - t_env: 850200 / 5050000
2026-09-09 17:44:23,775 - my_experiment - bat_60_HybridComm_n9_44 - my_run - INFO - Estimated time left: 1 days, 3 hours, 25 minutes, 19 seconds. Time passed: 5 hours, 37 minutes, 37 seconds
2026-09-09 18:03:53,166 - my_experiment - bat_60_HybridComm_n9_44 - my_run - INFO - Recent Stats | t_env:     900000 | Episode:     4500
blue_team_alives_mean:   143.0120	blue_team_win_mean:        1.0000	ep_length_mean:          200.0000	episode_length_mean:     199.0000
epsilon:                   0.1545	grad_norm:               137.6556	info_nce_loss:             0.3541	loss:                      0.9099
q_loss:                    0.8272	red_team_alives_mean:     71.2320	red_team_win_mean:         0.0000	return_mean:              -1.3477
return_std:                0.2112	test_blue_team_alives_mean:144.0000	test_blue_team_win_mean:   0.6000	test_ep_length_mean:     200.0000
test_episode_length_mean:199.0000	test_red_team_alives_mean:142.2000	test_red_team_win_mean:    0.0000	test_return_mean:         -1.2829
test_return_std:           0.0000	
2026-09-09 18:03:57,802 - my_experiment - bat_60_HybridComm_n9_44 - my_run - INFO - t_env: 900200 / 5050000
2026-09-09 18:03:57,803 - my_experiment - bat_60_HybridComm_n9_44 - my_run - INFO - Estimated time left: 1 days, 3 hours, 3 minutes, 59 seconds. Time passed: 5 hours, 57 minutes, 11 seconds
2026-09-09 18:24:06,254 - my_experiment - bat_60_HybridComm_n9_44 - my_run - INFO - Recent Stats | t_env:     950000 | Episode:     4750
blue_team_alives_mean:   142.7680	blue_team_win_mean:        0.9960	ep_length_mean:          200.0000	episode_length_mean:     199.0000
epsilon:                   0.1070	grad_norm:               130.8343	info_nce_loss:             0.0277	loss:                      1.0271
q_loss:                    0.9337	red_team_alives_mean:     81.5040	red_team_win_mean:         0.0040	return_mean:              -1.2699
return_std:                0.3198	test_blue_team_alives_mean:144.0000	test_blue_team_win_mean:   0.6000	test_ep_length_mean:     200.0000
test_episode_length_mean:199.0000	test_red_team_alives_mean:142.2000	test_red_team_win_mean:    0.0000	test_return_mean:         -1.2815
test_return_std:           0.0000	
2026-09-09 18:24:10,951 - my_experiment - bat_60_HybridComm_n9_44 - my_run - INFO - t_env: 950200 / 5050000
2026-09-09 18:24:10,951 - my_experiment - bat_60_HybridComm_n9_44 - my_run - INFO - Estimated time left: 1 days, 3 hours, 37 minutes, 53 seconds. Time passed: 6 hours, 17 minutes, 24 seconds
2026-09-09 18:44:52,796 - my_experiment - bat_60_HybridComm_n9_44 - my_run - INFO - Recent Stats | t_env:    1000000 | Episode:     5000
blue_team_alives_mean:   142.5040	blue_team_win_mean:        0.9680	ep_length_mean:          200.0000	episode_length_mean:     199.0000
epsilon:                   0.0595	grad_norm:               164.5388	info_nce_loss:             0.4379	loss:                      1.4891
q_loss:                    1.3537	red_team_alives_mean:     95.2640	red_team_win_mean:         0.0200	return_mean:              -1.4113
return_std:                0.5930	test_blue_team_alives_mean:144.0000	test_blue_team_win_mean:   0.4000	test_ep_length_mean:     200.0000
test_episode_length_mean:199.0000	test_red_team_alives_mean:143.2000	test_red_team_win_mean:    0.0000	test_return_mean:         -2.2619
test_return_std:           0.0000	
2026-09-09 18:44:57,800 - my_experiment - bat_60_HybridComm_n9_44 - my_run - INFO - t_env: 1000200 / 5050000
2026-09-09 18:44:57,801 - my_experiment - bat_60_HybridComm_n9_44 - my_run - INFO - Estimated time left: 1 days, 4 hours, 3 minutes, 9 seconds. Time passed: 6 hours, 38 minutes, 11 seconds
2026-09-09 18:45:02,102 - my_experiment - bat_60_HybridComm_n9_44 - my_run - INFO - Saving models to work_dirs/my_experiment/bat_60_HybridComm_n9_44/my_run/20260909_120607/models/1000200
2026-09-09 19:05:45,092 - my_experiment - bat_60_HybridComm_n9_44 - my_run - INFO - Recent Stats | t_env:    1050000 | Episode:     5250
blue_team_alives_mean:   143.8560	blue_team_win_mean:        1.0000	ep_length_mean:          200.0000	episode_length_mean:     199.0000
epsilon:                   0.0500	grad_norm:                94.2705	info_nce_loss:             0.3741	loss:                      1.0497
q_loss:                    0.9543	red_team_alives_mean:     94.9800	red_team_win_mean:         0.0000	return_mean:              -1.0664
return_std:                0.1498	test_blue_team_alives_mean:144.0000	test_blue_team_win_mean:   0.4000	test_ep_length_mean:     200.0000
test_episode_length_mean:199.0000	test_red_team_alives_mean:134.0000	test_red_team_win_mean:    0.0000	test_return_mean:         -2.2453
test_return_std:           0.0000	
2026-09-09 19:05:50,234 - my_experiment - bat_60_HybridComm_n9_44 - my_run - INFO - t_env: 1050200 / 5050000
2026-09-09 19:05:50,235 - my_experiment - bat_60_HybridComm_n9_44 - my_run - INFO - Estimated time left: 1 days, 3 hours, 49 minutes, 49 seconds. Time passed: 6 hours, 59 minutes, 3 seconds
2026-09-09 19:26:53,804 - my_experiment - bat_60_HybridComm_n9_44 - my_run - INFO - Recent Stats | t_env:    1100000 | Episode:     5500
blue_team_alives_mean:   144.0000	blue_team_win_mean:        1.0000	ep_length_mean:          200.0000	episode_length_mean:     199.0000
epsilon:                   0.0500	grad_norm:               135.0442	info_nce_loss:             0.2973	loss:                      1.1541
q_loss:                    1.0492	red_team_alives_mean:    104.4200	red_team_win_mean:         0.0000	return_mean:              -1.0878
return_std:                0.1351	test_blue_team_alives_mean:144.0000	test_blue_team_win_mean:   0.4000	test_ep_length_mean:     200.0000
test_episode_length_mean:199.0000	test_red_team_alives_mean:134.0000	test_red_team_win_mean:    0.0000	test_return_mean:         -2.2341
test_return_std:           0.0000	
2026-09-09 19:26:58,762 - my_experiment - bat_60_HybridComm_n9_44 - my_run - INFO - t_env: 1100200 / 5050000
2026-09-09 19:26:58,763 - my_experiment - bat_60_HybridComm_n9_44 - my_run - INFO - Estimated time left: 1 days, 3 hours, 50 minutes, 8 seconds. Time passed: 7 hours, 20 minutes, 12 seconds
2026-09-09 19:47:38,411 - my_experiment - bat_60_HybridComm_n9_44 - my_run - INFO - Recent Stats | t_env:    1150000 | Episode:     5750
blue_team_alives_mean:   143.9000	blue_team_win_mean:        1.0000	ep_length_mean:          200.0000	episode_length_mean:     199.0000
epsilon:                   0.0500	grad_norm:               208.6893	info_nce_loss:             0.2760	loss:                      1.4698
q_loss:                    1.3362	red_team_alives_mean:     96.2760	red_team_win_mean:         0.0000	return_mean:              -1.0406
return_std:                0.0946	test_blue_team_alives_mean:144.0000	test_blue_team_win_mean:   0.4000	test_ep_length_mean:     200.0000
test_episode_length_mean:199.0000	test_red_team_alives_mean:119.0000	test_red_team_win_mean:    0.0000	test_return_mean:         -1.9118
test_return_std:           0.0000	
2026-09-09 19:47:43,298 - my_experiment - bat_60_HybridComm_n9_44 - my_run - INFO - t_env: 1150200 / 5050000
2026-09-09 19:47:43,299 - my_experiment - bat_60_HybridComm_n9_44 - my_run - INFO - Estimated time left: 1 days, 2 hours, 57 minutes, 48 seconds. Time passed: 7 hours, 40 minutes, 56 seconds
2026-09-09 20:08:08,111 - my_experiment - bat_60_HybridComm_n9_44 - my_run - INFO - Recent Stats | t_env:    1200000 | Episode:     6000
blue_team_alives_mean:   143.8400	blue_team_win_mean:        1.0000	ep_length_mean:          200.0000	episode_length_mean:     199.0000
epsilon:                   0.0500	grad_norm:               246.7040	info_nce_loss:             0.2891	loss:                      1.8832
q_loss:                    1.7120	red_team_alives_mean:     86.3800	red_team_win_mean:         0.0000	return_mean:              -1.0045
return_std:                0.0857	test_blue_team_alives_mean:144.0000	test_blue_team_win_mean:   0.6000	test_ep_length_mean:     200.0000
test_episode_length_mean:199.0000	test_red_team_alives_mean:108.8000	test_red_team_win_mean:    0.0000	test_return_mean:         -1.8814
test_return_std:           0.0000	
2026-09-09 20:08:13,104 - my_experiment - bat_60_HybridComm_n9_44 - my_run - INFO - t_env: 1200200 / 5050000
2026-09-09 20:08:13,105 - my_experiment - bat_60_HybridComm_n9_44 - my_run - INFO - Estimated time left: 1 days, 2 hours, 18 minutes, 10 seconds. Time passed: 8 hours, 1 minutes, 26 seconds
2026-09-09 20:29:01,079 - my_experiment - bat_60_HybridComm_n9_44 - my_run - INFO - Recent Stats | t_env:    1250000 | Episode:     6250
blue_team_alives_mean:   143.7560	blue_team_win_mean:        1.0000	ep_length_mean:          200.0000	episode_length_mean:     199.0000
epsilon:                   0.0500	grad_norm:               141.9283	info_nce_loss:             0.1734	loss:                      1.1484
q_loss:                    1.0440	red_team_alives_mean:     96.4280	red_team_win_mean:         0.0000	return_mean:              -1.1129
return_std:                0.1764	test_blue_team_alives_mean:144.0000	test_blue_team_win_mean:   0.8000	test_ep_length_mean:     200.0000
test_episode_length_mean:199.0000	test_red_team_alives_mean:101.6000	test_red_team_win_mean:    0.0000	test_return_mean:         -0.8853
test_return_std:           0.0000	
2026-09-09 20:29:05,816 - my_experiment - bat_60_HybridComm_n9_44 - my_run - INFO - t_env: 1250200 / 5050000
2026-09-09 20:29:05,817 - my_experiment - bat_60_HybridComm_n9_44 - my_run - INFO - Estimated time left: 1 days, 2 hours, 26 minutes, 41 seconds. Time passed: 8 hours, 22 minutes, 19 seconds
