JOB ID: 1860224
Running on node: tikgpu04
Project Directory: /usr/itetnas04/data-scratch-01/pparsons/data/MyExpoComm
--------------------------------
Algorithm:   qmix_ExpoComm_one_peer_n7_cont
Environment: MAgent_Battle
Profile:     bat_ExpoComm_5M
--------------------------------
Conda activated: /usr/itetnas04/data-scratch-01/pparsons/data/conda_envs/ExpoComm
Starting Run...
Exiting Main
Stopping all threads
Thread wandb-AsyncioManager-main is alive! Is daemon: True
Thread joined
Thread ChkStopThr is alive! Is daemon: True
Thread joined
Thread IntMsgThr is alive! Is daemon: True
Thread joined
Exiting script
[1;34mwandb[0m: 
[1;34mwandb[0m: 🚀 View run [33mmy_run-bat_ExpoComm_5M-20260406_191146[0m at: [34mhttps://wandb.ai/peterparsons02-eth-z-rich/my_experiment/runs/2qhctqo0[0m
[1;34mwandb[0m: Find logs at: [1;35mwandb/run-20260406_191147-2qhctqo0/logs[0m
Finished at: Tue Apr  7 06:58:40 CEST 2026
