Gym has been unmaintained since 2022 and does not support NumPy 2.0 amongst other critical functionality.
Please upgrade to Gymnasium, the maintained drop-in replacement of Gym, or contact the authors of your software and request that they upgrade.
Users of this version of Gym should be able to simply replace 'import gym' with 'import gymnasium as gym' in the vast majority of cases.
See the migration guide at https://gymnasium.farama.org/introduction/migration_guide/ for additional information.
src/main.py:81: DeprecationWarning: Using or importing the ABCs from 'collections' instead of from 'collections.abc' is deprecated since Python 3.3, and in 3.10 it will stop working
  if isinstance(v, collections.Mapping):
wandb: [wandb.login()] Loaded credentials for https://api.wandb.ai from /home/pparsons/.netrc.
wandb: Currently logged in as: peterparsons02 (peterparsons02-eth-z-rich) to https://api.wandb.ai. Use `wandb login --relogin` to force relogin
wandb: setting up run s9gq8tfv
wandb: Tracking run with wandb version 0.24.1
wandb: Run data is saved locally in /usr/itetnas04/data-scratch-01/pparsons/data/MyExpoComm/wandb/run-20260909_120611-s9gq8tfv
wandb: Run `wandb offline` to turn off syncing.
wandb: Syncing run my_run-bat_60_ExpoComm_n9_44-20260909_120607
wandb: ⭐️ View project at https://wandb.ai/peterparsons02-eth-z-rich/my_experiment
wandb: 🚀 View run at https://wandb.ai/peterparsons02-eth-z-rich/my_experiment/runs/s9gq8tfv
2026-09-09 12:06:21,303 - my_experiment - bat_60_ExpoComm_n9_44 - my_run - INFO - Current directory: /usr/itetnas04/data-scratch-01/pparsons/data/MyExpoComm.
2026-09-09 12:06:21,304 - my_experiment - bat_60_ExpoComm_n9_44 - my_run - INFO - Experiment Parameters:
2026-09-09 12:06:21,306 - my_experiment - bat_60_ExpoComm_n9_44 - my_run - INFO - 

{   'action_selector': 'epsilon_greedy',
    'add_value_last_step': True,
    'agent': 'ExpoComm_one_peer_cont',
    'agent_output_type': 'q',
    'aux_coef': 0.1,
    'batch_size': 16,
    'batch_size_run': 1,
    'buffer_cpu_only': True,
    'buffer_size': 1000,
    'checkpoint_path': '',
    'double_q': True,
    'env': 'MAgent_Battle',
    'env_args': {   'global_reward': True,
                    'map_name': 'battle_view7',
                    'map_size': 60,
                    'max_cycles': 200,
                    'minimap_mode': False,
                    'pretrained_ckpt': None,
                    'seed': 44},
    'epsilon_anneal_time': 1000000,
    'epsilon_finish': 0.05,
    'epsilon_start': 1.0,
    'evaluate': False,
    'evaluation_epsilon': 0.0,
    'exp_name': 'my_experiment',
    'gamma': 0.99,
    'global_reward': True,
    'grad_norm_clip': 10,
    'hidden_dim': 64,
    'hypergroup': None,
    'hypernet_embed': 64,
    'hypernet_layers': 2,
    'label': 'default_label',
    'learner': 'cont_q_learner',
    'learner_log_interval': 10000,
    'load_step': 0,
    'local_results_path': 'results',
    'log_interval': 50000,
    'lr': 0.0005,
    'mac': 'ExpoComm_mac',
    'mixer': 'qmix',
    'mixing_embed_dim': 64,
    'name': 'bat_60_ExpoComm_n9_44',
    'neg_num': 20,
    'obs_agent_id': True,
    'obs_individual_obs': False,
    'obs_last_action': True,
    'one_peer': True,
    'optim_alpha': 0.99,
    'optim_eps': 1e-05,
    'pos_flag': False,
    'render': False,
    'repeat_id': 1,
    'run_name': 'my_run',
    'runner': 'episode',
    'runner_log_interval': 10000,
    'save_model': True,
    'save_model_interval': 500000,
    'save_replay': False,
    'seed': 44,
    'standardise_returns': False,
    'standardise_rewards': True,
    't_max': 5050000,
    'target_update_interval_or_tau': 200,
    'temperature': 0.07,
    'test_greedy': True,
    'test_interval': 50000,
    'test_nepisode': 1,
    'topk_neighbors': 9,
    'use_cuda': True,
    'use_rnn': True,
    'use_tensorboard': True,
    'work_dir': 'work_dirs/my_experiment/bat_60_ExpoComm_n9_44/my_run/20260909_120607'}

/usr/itetnas04/data-scratch-01/pparsons/data/conda_envs/ExpoComm/lib/python3.8/site-packages/pettingzoo/utils/conversions.py:41: UserWarning: The `from_parallel` function is deprecated. Use the `parallel_to_aec` function instead.
  warnings.warn("The `from_parallel` function is deprecated. Use the `parallel_to_aec` function instead.")
/usr/itetnas04/data-scratch-01/pparsons/data/conda_envs/ExpoComm/lib/python3.8/site-packages/pettingzoo/utils/wrappers/base.py:44: UserWarning: The `observation_spaces` dictionary is deprecated. Use the `observation_space` function instead.
  warnings.warn("The `observation_spaces` dictionary is deprecated. Use the `observation_space` function instead.")
/usr/itetnas04/data-scratch-01/pparsons/data/conda_envs/ExpoComm/lib/python3.8/site-packages/pettingzoo/utils/conversions.py:36: UserWarning: The `to_parallel` function is deprecated. Use the `aec_to_parallel` function instead.
  warnings.warn("The `to_parallel` function is deprecated. Use the `aec_to_parallel` function instead.")
/usr/itetnas04/data-scratch-01/pparsons/data/conda_envs/ExpoComm/lib/python3.8/site-packages/pettingzoo/utils/conversions.py:80: UserWarning: The `action_spaces` dictionary is deprecated. Use the `action_space` function instead.
  warnings.warn("The `action_spaces` dictionary is deprecated. Use the `action_space` function instead.")
/usr/itetnas04/data-scratch-01/pparsons/data/conda_envs/ExpoComm/lib/python3.8/site-packages/pettingzoo/utils/wrappers/base.py:52: UserWarning: The `action_spaces` dictionary is deprecated. Use the `action_space` function instead.
  warnings.warn("The `action_spaces` dictionary is deprecated. Use the `action_space` function instead.")
/usr/itetnas04/data-scratch-01/pparsons/data/conda_envs/ExpoComm/lib/python3.8/site-packages/pettingzoo/utils/conversions.py:72: UserWarning: The `observation_spaces` dictionary is deprecated. Use the `observation_space` function instead.
  warnings.warn("The `observation_spaces` dictionary is deprecated. Use the `observation_space` function instead.")
2026-09-09 12:06:52,166 - my_experiment - bat_60_ExpoComm_n9_44 - my_run - INFO - Beginning training for 5050000 timesteps
/usr/itetnas04/data-scratch-01/pparsons/data/MyExpoComm/src/envs/battle_wrappers.py:265: UserWarning: To copy construct from a tensor, it is recommended to use sourceTensor.clone().detach() or sourceTensor.clone().detach().requires_grad_(True), rather than torch.tensor(sourceTensor).
  actions = torch.tensor(actions, dtype=torch.long)
2026-09-09 12:07:08,175 - my_experiment - bat_60_ExpoComm_n9_44 - my_run - INFO - t_env: 200 / 5050000
2026-09-09 12:07:08,175 - my_experiment - bat_60_ExpoComm_n9_44 - my_run - INFO - Estimated time left: 26 minutes, 50 seconds. Time passed: 16 seconds
2026-09-09 12:07:12,717 - my_experiment - bat_60_ExpoComm_n9_44 - my_run - INFO - Saving models to work_dirs/my_experiment/bat_60_ExpoComm_n9_44/my_run/20260909_120607/models/200
2026-09-09 12:28:46,056 - my_experiment - bat_60_ExpoComm_n9_44 - my_run - INFO - Recent Stats | t_env:      50000 | Episode:      250
blue_team_alives_mean:   143.9560	blue_team_win_mean:        1.0000	ep_length_mean:          200.0000	episode_length_mean:     199.0000
epsilon:                   0.9620	grad_norm:               1328934.6916	info_nce_loss:             2.3198	loss:                    478184.7580
q_loss:                  434713.4162	q_taken_mean:              0.2413	red_team_alives_mean:    134.1480	red_team_win_mean:         0.0000
return_mean:              -8.0467	return_std:                0.0996	target_mean:               2.1441	td_error_abs:            352.5222
test_blue_team_alives_mean:144.0000	test_blue_team_win_mean:   0.0000	test_ep_length_mean:     200.0000	test_episode_length_mean:199.0000
test_red_team_alives_mean:144.0000	test_red_team_win_mean:    0.0000	test_return_mean:         -1.0000	test_return_std:           0.0000

2026-09-09 12:28:51,324 - my_experiment - bat_60_ExpoComm_n9_44 - my_run - INFO - t_env: 50200 / 5050000
2026-09-09 12:28:51,325 - my_experiment - bat_60_ExpoComm_n9_44 - my_run - INFO - Estimated time left: 1 days, 12 hours, 11 minutes, 49 seconds. Time passed: 21 minutes, 59 seconds
2026-09-09 12:50:42,746 - my_experiment - bat_60_ExpoComm_n9_44 - my_run - INFO - Recent Stats | t_env:     100000 | Episode:      500
blue_team_alives_mean:   143.8600	blue_team_win_mean:        1.0000	ep_length_mean:          200.0000	episode_length_mean:     199.0000
epsilon:                   0.9145	grad_norm:               2259372.2313	info_nce_loss:             2.8006	loss:                    426299.6160
q_loss:                  387545.1102	q_taken_mean:             11.4591	red_team_alives_mean:    129.9240	red_team_win_mean:         0.0000
return_mean:              -7.5532	return_std:                0.1621	target_mean:              13.4811	td_error_abs:            365.1657
test_blue_team_alives_mean:144.0000	test_blue_team_win_mean:   0.0000	test_ep_length_mean:     200.0000	test_episode_length_mean:199.0000
test_red_team_alives_mean:144.0000	test_red_team_win_mean:    0.0000	test_return_mean:         -1.0000	test_return_std:           0.0000

2026-09-09 12:50:48,071 - my_experiment - bat_60_ExpoComm_n9_44 - my_run - INFO - t_env: 100200 / 5050000
2026-09-09 12:50:48,072 - my_experiment - bat_60_ExpoComm_n9_44 - my_run - INFO - Estimated time left: 1 days, 12 hours, 12 minutes, 32 seconds. Time passed: 43 minutes, 55 seconds
2026-09-09 13:12:46,949 - my_experiment - bat_60_ExpoComm_n9_44 - my_run - INFO - Recent Stats | t_env:     150000 | Episode:      750
blue_team_alives_mean:   143.9600	blue_team_win_mean:        0.9400	ep_length_mean:          200.0000	episode_length_mean:     199.0000
epsilon:                   0.8670	grad_norm:               2773222.6063	info_nce_loss:             2.6405	loss:                    373246.9625
q_loss:                  339315.4133	q_taken_mean:             20.9192	red_team_alives_mean:    135.8720	red_team_win_mean:         0.0000
return_mean:              -7.4827	return_std:                0.1700	target_mean:              22.5406	td_error_abs:            357.3897
test_blue_team_alives_mean:144.0000	test_blue_team_win_mean:   0.0000	test_ep_length_mean:     200.0000	test_episode_length_mean:199.0000
test_red_team_alives_mean:144.0000	test_red_team_win_mean:    0.0000	test_return_mean:         -1.0000	test_return_std:           0.0000

2026-09-09 13:12:52,256 - my_experiment - bat_60_ExpoComm_n9_44 - my_run - INFO - t_env: 150200 / 5050000
2026-09-09 13:12:52,257 - my_experiment - bat_60_ExpoComm_n9_44 - my_run - INFO - Estimated time left: 1 days, 12 hours, 2 minutes, 44 seconds. Time passed: 1 hours, 6 minutes, 0 seconds
2026-09-09 13:34:52,465 - my_experiment - bat_60_ExpoComm_n9_44 - my_run - INFO - Recent Stats | t_env:     200000 | Episode:     1000
blue_team_alives_mean:   143.9240	blue_team_win_mean:        0.6920	ep_length_mean:          200.0000	episode_length_mean:     199.0000
epsilon:                   0.8195	grad_norm:               4529476.4813	info_nce_loss:             1.4477	loss:                    589232.2250
q_loss:                  535665.6562	q_taken_mean:             32.8038	red_team_alives_mean:    138.0320	red_team_win_mean:         0.0000
return_mean:              -7.2092	return_std:                0.2298	target_mean:              34.7942	td_error_abs:            451.4743
test_blue_team_alives_mean:144.0000	test_blue_team_win_mean:   0.0000	test_ep_length_mean:     200.0000	test_episode_length_mean:199.0000
test_red_team_alives_mean:144.0000	test_red_team_win_mean:    0.0000	test_return_mean:         -1.0000	test_return_std:           0.0000

2026-09-09 13:34:57,681 - my_experiment - bat_60_ExpoComm_n9_44 - my_run - INFO - t_env: 200200 / 5050000
2026-09-09 13:34:57,682 - my_experiment - bat_60_ExpoComm_n9_44 - my_run - INFO - Estimated time left: 1 days, 11 hours, 42 minutes, 40 seconds. Time passed: 1 hours, 28 minutes, 5 seconds
2026-09-09 13:56:48,936 - my_experiment - bat_60_ExpoComm_n9_44 - my_run - INFO - Recent Stats | t_env:     250000 | Episode:     1250
blue_team_alives_mean:   144.0000	blue_team_win_mean:        0.2240	ep_length_mean:          200.0000	episode_length_mean:     199.0000
epsilon:                   0.7720	grad_norm:               13539378.8562	info_nce_loss:             1.5541	loss:                    1323729.2000
q_loss:                  1203390.1938	q_taken_mean:             46.1203	red_team_alives_mean:    143.6240	red_team_win_mean:         0.0000
return_mean:              -7.0339	return_std:                0.0679	target_mean:              50.1561	td_error_abs:            776.5120
test_blue_team_alives_mean:144.0000	test_blue_team_win_mean:   0.0000	test_ep_length_mean:     200.0000	test_episode_length_mean:199.0000
test_red_team_alives_mean:144.0000	test_red_team_win_mean:    0.0000	test_return_mean:         -1.0000	test_return_std:           0.0000

2026-09-09 13:56:54,276 - my_experiment - bat_60_ExpoComm_n9_44 - my_run - INFO - t_env: 250200 / 5050000
2026-09-09 13:56:54,277 - my_experiment - bat_60_ExpoComm_n9_44 - my_run - INFO - Estimated time left: 1 days, 11 hours, 6 minutes, 27 seconds. Time passed: 1 hours, 50 minutes, 2 seconds
2026-09-09 14:18:36,759 - my_experiment - bat_60_ExpoComm_n9_44 - my_run - INFO - Recent Stats | t_env:     300000 | Episode:     1500
blue_team_alives_mean:   144.0000	blue_team_win_mean:        0.0160	ep_length_mean:          200.0000	episode_length_mean:     199.0000
epsilon:                   0.7245	grad_norm:               11548366.1250	info_nce_loss:             0.9733	loss:                    1222720.1625
q_loss:                  1111563.7750	q_taken_mean:             65.7623	red_team_alives_mean:    143.9840	red_team_win_mean:         0.0000
return_mean:              -6.7010	return_std:                0.0533	target_mean:              67.2497	td_error_abs:            617.6028
test_blue_team_alives_mean:144.0000	test_blue_team_win_mean:   0.0000	test_ep_length_mean:     200.0000	test_episode_length_mean:199.0000
test_red_team_alives_mean:144.0000	test_red_team_win_mean:    0.0000	test_return_mean:         -1.0000	test_return_std:           0.0000

2026-09-09 14:18:42,021 - my_experiment - bat_60_ExpoComm_n9_44 - my_run - INFO - t_env: 300200 / 5050000
2026-09-09 14:18:42,022 - my_experiment - bat_60_ExpoComm_n9_44 - my_run - INFO - Estimated time left: 1 days, 10 hours, 30 minutes, 30 seconds. Time passed: 2 hours, 11 minutes, 49 seconds
2026-09-09 14:40:38,557 - my_experiment - bat_60_ExpoComm_n9_44 - my_run - INFO - Recent Stats | t_env:     350000 | Episode:     1750
blue_team_alives_mean:   144.0000	blue_team_win_mean:        0.0040	ep_length_mean:          200.0000	episode_length_mean:     199.0000
epsilon:                   0.6770	grad_norm:               12782918.4000	info_nce_loss:             0.6141	loss:                    1357666.8000
q_loss:                  1234242.5000	q_taken_mean:             76.4331	red_team_alives_mean:    143.9960	red_team_win_mean:         0.0000
return_mean:              -6.3446	return_std:                0.0564	target_mean:              77.7853	td_error_abs:            666.7338
test_blue_team_alives_mean:144.0000	test_blue_team_win_mean:   0.0000	test_ep_length_mean:     200.0000	test_episode_length_mean:199.0000
test_red_team_alives_mean:144.0000	test_red_team_win_mean:    0.0000	test_return_mean:         -1.0000	test_return_std:           0.0000

2026-09-09 14:40:43,867 - my_experiment - bat_60_ExpoComm_n9_44 - my_run - INFO - t_env: 350200 / 5050000
2026-09-09 14:40:43,868 - my_experiment - bat_60_ExpoComm_n9_44 - my_run - INFO - Estimated time left: 1 days, 10 hours, 30 minutes, 48 seconds. Time passed: 2 hours, 33 minutes, 51 seconds
2026-09-09 15:02:28,936 - my_experiment - bat_60_ExpoComm_n9_44 - my_run - INFO - Recent Stats | t_env:     400000 | Episode:     2000
blue_team_alives_mean:   144.0000	blue_team_win_mean:        0.0000	ep_length_mean:          200.0000	episode_length_mean:     199.0000
epsilon:                   0.6295	grad_norm:               17309247.4000	info_nce_loss:             0.6074	loss:                    1534251.4500
q_loss:                  1394774.0500	q_taken_mean:             92.4451	red_team_alives_mean:    144.0000	red_team_win_mean:         0.0000
return_mean:              -5.9734	return_std:                0.0552	target_mean:              94.1364	td_error_abs:            692.4351
test_blue_team_alives_mean:144.0000	test_blue_team_win_mean:   0.0000	test_ep_length_mean:     200.0000	test_episode_length_mean:199.0000
test_red_team_alives_mean:144.0000	test_red_team_win_mean:    0.0000	test_return_mean:         -1.0000	test_return_std:           0.0000

2026-09-09 15:02:34,198 - my_experiment - bat_60_ExpoComm_n9_44 - my_run - INFO - t_env: 400200 / 5050000
2026-09-09 15:02:34,199 - my_experiment - bat_60_ExpoComm_n9_44 - my_run - INFO - Estimated time left: 1 days, 9 hours, 50 minutes, 55 seconds. Time passed: 2 hours, 55 minutes, 42 seconds
2026-09-09 15:24:10,007 - my_experiment - bat_60_ExpoComm_n9_44 - my_run - INFO - Recent Stats | t_env:     450000 | Episode:     2250
blue_team_alives_mean:   144.0000	blue_team_win_mean:        0.0000	ep_length_mean:          200.0000	episode_length_mean:     199.0000
epsilon:                   0.5820	grad_norm:               55069798.0000	info_nce_loss:             0.3663	loss:                    2130957.9375
q_loss:                  1937234.5125	q_taken_mean:            104.8329	red_team_alives_mean:    144.0000	red_team_win_mean:         0.0000
return_mean:              -5.6304	return_std:                0.0633	target_mean:             108.3025	td_error_abs:            946.5722
test_blue_team_alives_mean:144.0000	test_blue_team_win_mean:   0.0000	test_ep_length_mean:     200.0000	test_episode_length_mean:199.0000
test_red_team_alives_mean:144.0000	test_red_team_win_mean:    0.0000	test_return_mean:         -1.0000	test_return_std:           0.0000

2026-09-09 15:24:15,219 - my_experiment - bat_60_ExpoComm_n9_44 - my_run - INFO - t_env: 450200 / 5050000
2026-09-09 15:24:15,220 - my_experiment - bat_60_ExpoComm_n9_44 - my_run - INFO - Estimated time left: 1 days, 9 hours, 14 minutes, 48 seconds. Time passed: 3 hours, 17 minutes, 23 seconds
2026-09-09 15:45:52,283 - my_experiment - bat_60_ExpoComm_n9_44 - my_run - INFO - Recent Stats | t_env:     500000 | Episode:     2500
blue_team_alives_mean:   144.0000	blue_team_win_mean:        0.0000	ep_length_mean:          200.0000	episode_length_mean:     199.0000
epsilon:                   0.5345	grad_norm:               77154824.0000	info_nce_loss:             0.6461	loss:                    2311966.1750
q_loss:                  2101787.4500	q_taken_mean:            125.7020	red_team_alives_mean:    144.0000	red_team_win_mean:         0.0000
return_mean:              -5.2765	return_std:                0.0588	target_mean:             126.5918	td_error_abs:            840.3075
test_blue_team_alives_mean:144.0000	test_blue_team_win_mean:   0.0000	test_ep_length_mean:     200.0000	test_episode_length_mean:199.0000
test_red_team_alives_mean:144.0000	test_red_team_win_mean:    0.0000	test_return_mean:         -1.0000	test_return_std:           0.0000

2026-09-09 15:45:57,483 - my_experiment - bat_60_ExpoComm_n9_44 - my_run - INFO - t_env: 500200 / 5050000
2026-09-09 15:45:57,484 - my_experiment - bat_60_ExpoComm_n9_44 - my_run - INFO - Estimated time left: 1 days, 8 hours, 55 minutes, 0 seconds. Time passed: 3 hours, 39 minutes, 5 seconds
2026-09-09 15:46:01,892 - my_experiment - bat_60_ExpoComm_n9_44 - my_run - INFO - Saving models to work_dirs/my_experiment/bat_60_ExpoComm_n9_44/my_run/20260909_120607/models/500200
2026-09-09 16:07:35,714 - my_experiment - bat_60_ExpoComm_n9_44 - my_run - INFO - Recent Stats | t_env:     550000 | Episode:     2750
blue_team_alives_mean:   144.0000	blue_team_win_mean:        0.0000	ep_length_mean:          200.0000	episode_length_mean:     199.0000
epsilon:                   0.4870	grad_norm:               86080880.8000	info_nce_loss:             0.1577	loss:                    1756782.4750
q_loss:                  1597074.9375	q_taken_mean:            135.0749	red_team_alives_mean:    144.0000	red_team_win_mean:         0.0000
return_mean:              -4.8924	return_std:                0.0545	target_mean:             137.2540	td_error_abs:            778.4961
test_blue_team_alives_mean:144.0000	test_blue_team_win_mean:   0.0000	test_ep_length_mean:     200.0000	test_episode_length_mean:199.0000
test_red_team_alives_mean:144.0000	test_red_team_win_mean:    0.0000	test_return_mean:         -1.0000	test_return_std:           0.0000

2026-09-09 16:07:40,994 - my_experiment - bat_60_ExpoComm_n9_44 - my_run - INFO - t_env: 550200 / 5050000
2026-09-09 16:07:40,995 - my_experiment - bat_60_ExpoComm_n9_44 - my_run - INFO - Estimated time left: 1 days, 8 hours, 35 minutes, 10 seconds. Time passed: 4 hours, 48 seconds
2026-09-09 16:29:05,295 - my_experiment - bat_60_ExpoComm_n9_44 - my_run - INFO - Recent Stats | t_env:     600000 | Episode:     3000
blue_team_alives_mean:   144.0000	blue_team_win_mean:        0.0000	ep_length_mean:          200.0000	episode_length_mean:     199.0000
epsilon:                   0.4395	grad_norm:               85390211.2000	info_nce_loss:             0.3706	loss:                    2168981.0500
q_loss:                  1971800.9500	q_taken_mean:            155.5111	red_team_alives_mean:    144.0000	red_team_win_mean:         0.0000
return_mean:              -4.5272	return_std:                0.0482	target_mean:             154.5942	td_error_abs:            911.1668
test_blue_team_alives_mean:144.0000	test_blue_team_win_mean:   0.0000	test_ep_length_mean:     200.0000	test_episode_length_mean:199.0000
test_red_team_alives_mean:144.0000	test_red_team_win_mean:    0.0000	test_return_mean:         -1.0000	test_return_std:           0.0000

2026-09-09 16:29:10,442 - my_experiment - bat_60_ExpoComm_n9_44 - my_run - INFO - t_env: 600200 / 5050000
2026-09-09 16:29:10,443 - my_experiment - bat_60_ExpoComm_n9_44 - my_run - INFO - Estimated time left: 1 days, 7 hours, 52 minutes, 35 seconds. Time passed: 4 hours, 22 minutes, 18 seconds
2026-09-09 16:50:40,552 - my_experiment - bat_60_ExpoComm_n9_44 - my_run - INFO - Recent Stats | t_env:     650000 | Episode:     3250
blue_team_alives_mean:   144.0000	blue_team_win_mean:        0.0000	ep_length_mean:          200.0000	episode_length_mean:     199.0000
epsilon:                   0.3920	grad_norm:               300746009.6000	info_nce_loss:             0.3618	loss:                    3002669.3250
q_loss:                  2729699.4250	q_taken_mean:            162.2808	red_team_alives_mean:    144.0000	red_team_win_mean:         0.0000
return_mean:              -4.1878	return_std:                0.0592	target_mean:             164.8141	td_error_abs:            1027.8916
test_blue_team_alives_mean:144.0000	test_blue_team_win_mean:   0.0000	test_ep_length_mean:     200.0000	test_episode_length_mean:199.0000
test_red_team_alives_mean:144.0000	test_red_team_win_mean:    0.0000	test_return_mean:         -1.0000	test_return_std:           0.0000

2026-09-09 16:50:45,817 - my_experiment - bat_60_ExpoComm_n9_44 - my_run - INFO - t_env: 650200 / 5050000
2026-09-09 16:50:45,818 - my_experiment - bat_60_ExpoComm_n9_44 - my_run - INFO - Estimated time left: 1 days, 7 hours, 39 minutes, 47 seconds. Time passed: 4 hours, 43 minutes, 53 seconds
2026-09-09 17:12:23,027 - my_experiment - bat_60_ExpoComm_n9_44 - my_run - INFO - Recent Stats | t_env:     700000 | Episode:     3500
blue_team_alives_mean:   144.0000	blue_team_win_mean:        0.0000	ep_length_mean:          200.0000	episode_length_mean:     199.0000
epsilon:                   0.3445	grad_norm:               479133907.2000	info_nce_loss:             0.4894	loss:                    2904040.7750
q_loss:                  2640037.1000	q_taken_mean:            172.4268	red_team_alives_mean:    144.0000	red_team_win_mean:         0.0000
return_mean:              -3.9972	return_std:                0.1272	target_mean:             172.9871	td_error_abs:            798.2199
test_blue_team_alives_mean:144.0000	test_blue_team_win_mean:   0.0000	test_ep_length_mean:     200.0000	test_episode_length_mean:199.0000
test_red_team_alives_mean:144.0000	test_red_team_win_mean:    0.0000	test_return_mean:         -1.0000	test_return_std:           0.0000

2026-09-09 17:12:28,288 - my_experiment - bat_60_ExpoComm_n9_44 - my_run - INFO - t_env: 700200 / 5050000
2026-09-09 17:12:28,289 - my_experiment - bat_60_ExpoComm_n9_44 - my_run - INFO - Estimated time left: 1 days, 7 hours, 28 minutes, 29 seconds. Time passed: 5 hours, 5 minutes, 36 seconds
2026-09-09 17:34:09,009 - my_experiment - bat_60_ExpoComm_n9_44 - my_run - INFO - Recent Stats | t_env:     750000 | Episode:     3750
blue_team_alives_mean:   144.0000	blue_team_win_mean:        0.0000	ep_length_mean:          200.0000	episode_length_mean:     199.0000
epsilon:                   0.2970	grad_norm:               651623168.0000	info_nce_loss:             0.3999	loss:                    8214148.7375
q_loss:                  7467407.7500	q_taken_mean:            183.0593	red_team_alives_mean:    144.0000	red_team_win_mean:         0.0000
return_mean:              -3.6607	return_std:                0.1104	target_mean:             185.7679	td_error_abs:            1161.6420
test_blue_team_alives_mean:144.0000	test_blue_team_win_mean:   0.0000	test_ep_length_mean:     200.0000	test_episode_length_mean:199.0000
test_red_team_alives_mean:144.0000	test_red_team_win_mean:    0.0000	test_return_mean:         -1.0000	test_return_std:           0.0000

2026-09-09 17:34:14,179 - my_experiment - bat_60_ExpoComm_n9_44 - my_run - INFO - t_env: 750200 / 5050000
2026-09-09 17:34:14,180 - my_experiment - bat_60_ExpoComm_n9_44 - my_run - INFO - Estimated time left: 1 days, 7 hours, 11 minutes, 41 seconds. Time passed: 5 hours, 27 minutes, 22 seconds
2026-09-09 17:55:55,221 - my_experiment - bat_60_ExpoComm_n9_44 - my_run - INFO - Recent Stats | t_env:     800000 | Episode:     4000
blue_team_alives_mean:   144.0000	blue_team_win_mean:        0.0000	ep_length_mean:          200.0000	episode_length_mean:     199.0000
epsilon:                   0.2495	grad_norm:               735419350.4000	info_nce_loss:             0.3116	loss:                    3836748.5250
q_loss:                  3487953.1875	q_taken_mean:            194.6745	red_team_alives_mean:    144.0000	red_team_win_mean:         0.0000
return_mean:              -3.5018	return_std:                0.1215	target_mean:             195.9859	td_error_abs:            975.8382
test_blue_team_alives_mean:144.0000	test_blue_team_win_mean:   0.0000	test_ep_length_mean:     200.0000	test_episode_length_mean:199.0000
test_red_team_alives_mean:144.0000	test_red_team_win_mean:    0.0000	test_return_mean:         -1.0049	test_return_std:           0.0000

2026-09-09 17:56:00,428 - my_experiment - bat_60_ExpoComm_n9_44 - my_run - INFO - t_env: 800200 / 5050000
2026-09-09 17:56:00,429 - my_experiment - bat_60_ExpoComm_n9_44 - my_run - INFO - Estimated time left: 1 days, 6 hours, 50 minutes, 25 seconds. Time passed: 5 hours, 49 minutes, 8 seconds
2026-09-09 18:17:47,895 - my_experiment - bat_60_ExpoComm_n9_44 - my_run - INFO - Recent Stats | t_env:     850000 | Episode:     4250
blue_team_alives_mean:   144.0000	blue_team_win_mean:        0.0000	ep_length_mean:          200.0000	episode_length_mean:     199.0000
epsilon:                   0.2020	grad_norm:               409184873.6000	info_nce_loss:             0.4867	loss:                    2836339.7000
q_loss:                  2578490.6500	q_taken_mean:            197.7345	red_team_alives_mean:    144.0000	red_team_win_mean:         0.0000
return_mean:              -2.9887	return_std:                0.1037	target_mean:             199.1011	td_error_abs:            971.3747
test_blue_team_alives_mean:144.0000	test_blue_team_win_mean:   0.0000	test_ep_length_mean:     200.0000	test_episode_length_mean:199.0000
test_red_team_alives_mean:144.0000	test_red_team_win_mean:    0.0000	test_return_mean:         -1.0176	test_return_std:           0.0000

2026-09-09 18:17:53,048 - my_experiment - bat_60_ExpoComm_n9_44 - my_run - INFO - t_env: 850200 / 5050000
2026-09-09 18:17:53,049 - my_experiment - bat_60_ExpoComm_n9_44 - my_run - INFO - Estimated time left: 1 days, 6 hours, 37 minutes, 34 seconds. Time passed: 6 hours, 11 minutes, 0 seconds
2026-09-09 18:39:32,319 - my_experiment - bat_60_ExpoComm_n9_44 - my_run - INFO - Recent Stats | t_env:     900000 | Episode:     4500
blue_team_alives_mean:   144.0000	blue_team_win_mean:        0.0000	ep_length_mean:          200.0000	episode_length_mean:     199.0000
epsilon:                   0.1545	grad_norm:               588985867.2000	info_nce_loss:             0.4683	loss:                    3107203.5500
q_loss:                  2824730.5000	q_taken_mean:            212.7592	red_team_alives_mean:    144.0000	red_team_win_mean:         0.0000
return_mean:              -2.5397	return_std:                0.0985	target_mean:             214.5287	td_error_abs:            1027.9617
test_blue_team_alives_mean:144.0000	test_blue_team_win_mean:   0.0000	test_ep_length_mean:     200.0000	test_episode_length_mean:199.0000
test_red_team_alives_mean:144.0000	test_red_team_win_mean:    0.0000	test_return_mean:         -1.0176	test_return_std:           0.0000

2026-09-09 18:39:37,491 - my_experiment - bat_60_ExpoComm_n9_44 - my_run - INFO - t_env: 900200 / 5050000
2026-09-09 18:39:37,492 - my_experiment - bat_60_ExpoComm_n9_44 - my_run - INFO - Estimated time left: 1 days, 6 hours, 4 minutes, 23 seconds. Time passed: 6 hours, 32 minutes, 45 seconds
2026-09-09 19:01:14,285 - my_experiment - bat_60_ExpoComm_n9_44 - my_run - INFO - Recent Stats | t_env:     950000 | Episode:     4750
blue_team_alives_mean:   144.0000	blue_team_win_mean:        0.0000	ep_length_mean:          200.0000	episode_length_mean:     199.0000
epsilon:                   0.1070	grad_norm:               527533216.0000	info_nce_loss:             0.2837	loss:                    2004836.4500
q_loss:                  1822578.6000	q_taken_mean:            221.1198	red_team_alives_mean:    144.0000	red_team_win_mean:         0.0000
return_mean:              -2.5507	return_std:                0.1524	target_mean:             222.6333	td_error_abs:            843.2248
test_blue_team_alives_mean:144.0000	test_blue_team_win_mean:   0.0000	test_ep_length_mean:     200.0000	test_episode_length_mean:199.0000
test_red_team_alives_mean:144.0000	test_red_team_win_mean:    0.0000	test_return_mean:         -1.0176	test_return_std:           0.0000

2026-09-09 19:01:19,542 - my_experiment - bat_60_ExpoComm_n9_44 - my_run - INFO - t_env: 950200 / 5050000
2026-09-09 19:01:19,543 - my_experiment - bat_60_ExpoComm_n9_44 - my_run - INFO - Estimated time left: 1 days, 5 hours, 39 minutes, 22 seconds. Time passed: 6 hours, 54 minutes, 27 seconds
2026-09-09 19:22:59,119 - my_experiment - bat_60_ExpoComm_n9_44 - my_run - INFO - Recent Stats | t_env:    1000000 | Episode:     5000
blue_team_alives_mean:   144.0000	blue_team_win_mean:        0.0000	ep_length_mean:          200.0000	episode_length_mean:     199.0000
epsilon:                   0.0595	grad_norm:               647433820.8000	info_nce_loss:             0.1434	loss:                    3573459.2500
q_loss:                  3248600.7750	q_taken_mean:            229.8403	red_team_alives_mean:    144.0000	red_team_win_mean:         0.0000
return_mean:              -1.7276	return_std:                0.0735	target_mean:             228.0455	td_error_abs:            989.8420
test_blue_team_alives_mean:144.0000	test_blue_team_win_mean:   0.0000	test_ep_length_mean:     200.0000	test_episode_length_mean:199.0000
test_red_team_alives_mean:144.0000	test_red_team_win_mean:    0.0000	test_return_mean:         -1.0176	test_return_std:           0.0000

2026-09-09 19:23:04,351 - my_experiment - bat_60_ExpoComm_n9_44 - my_run - INFO - t_env: 1000200 / 5050000
2026-09-09 19:23:04,352 - my_experiment - bat_60_ExpoComm_n9_44 - my_run - INFO - Estimated time left: 1 days, 5 hours, 21 minutes, 24 seconds. Time passed: 7 hours, 16 minutes, 12 seconds
2026-09-09 19:23:08,777 - my_experiment - bat_60_ExpoComm_n9_44 - my_run - INFO - Saving models to work_dirs/my_experiment/bat_60_ExpoComm_n9_44/my_run/20260909_120607/models/1000200
2026-09-09 19:44:48,053 - my_experiment - bat_60_ExpoComm_n9_44 - my_run - INFO - Recent Stats | t_env:    1050000 | Episode:     5250
blue_team_alives_mean:   143.0000	blue_team_win_mean:        0.1480	ep_length_mean:          200.0000	episode_length_mean:     199.0000
epsilon:                   0.0500	grad_norm:               407268782.4000	info_nce_loss:             0.2471	loss:                    2883602.0750
q_loss:                  2621456.4500	q_taken_mean:            236.9596	red_team_alives_mean:    142.9640	red_team_win_mean:         0.0960
return_mean:              -1.8851	return_std:                0.2307	target_mean:             238.1144	td_error_abs:            901.5337
test_blue_team_alives_mean:144.0000	test_blue_team_win_mean:   0.0000	test_ep_length_mean:     200.0000	test_episode_length_mean:199.0000
test_red_team_alives_mean:144.0000	test_red_team_win_mean:    0.0000	test_return_mean:         -1.0739	test_return_std:           0.0000

2026-09-09 19:44:53,248 - my_experiment - bat_60_ExpoComm_n9_44 - my_run - INFO - t_env: 1050200 / 5050000
2026-09-09 19:44:53,249 - my_experiment - bat_60_ExpoComm_n9_44 - my_run - INFO - Estimated time left: 1 days, 5 hours, 5 minutes, 6 seconds. Time passed: 7 hours, 38 minutes, 1 seconds
2026-09-09 20:06:55,248 - my_experiment - bat_60_ExpoComm_n9_44 - my_run - INFO - Recent Stats | t_env:    1100000 | Episode:     5500
blue_team_alives_mean:   143.8480	blue_team_win_mean:        0.1520	ep_length_mean:          200.0000	episode_length_mean:     199.0000
epsilon:                   0.0500	grad_norm:               529822611.2000	info_nce_loss:             0.5100	loss:                    4158865.9500
q_loss:                  3780787.2500	q_taken_mean:            245.2326	red_team_alives_mean:    143.5960	red_team_win_mean:         0.0160
return_mean:              -1.9230	return_std:                0.2680	target_mean:             245.5325	td_error_abs:            929.6060
test_blue_team_alives_mean:144.0000	test_blue_team_win_mean:   0.0000	test_ep_length_mean:     200.0000	test_episode_length_mean:199.0000
test_red_team_alives_mean:144.0000	test_red_team_win_mean:    0.0000	test_return_mean:         -1.2825	test_return_std:           0.0000

2026-09-09 20:07:00,478 - my_experiment - bat_60_ExpoComm_n9_44 - my_run - INFO - t_env: 1100200 / 5050000
2026-09-09 20:07:00,479 - my_experiment - bat_60_ExpoComm_n9_44 - my_run - INFO - Estimated time left: 1 days, 5 hours, 7 minutes, 25 seconds. Time passed: 8 hours, 8 seconds
2026-09-09 20:28:46,190 - my_experiment - bat_60_ExpoComm_n9_44 - my_run - INFO - Recent Stats | t_env:    1150000 | Episode:     5750
blue_team_alives_mean:   143.4960	blue_team_win_mean:        0.2480	ep_length_mean:          200.0000	episode_length_mean:     199.0000
epsilon:                   0.0500	grad_norm:               300689766.4000	info_nce_loss:             0.7158	loss:                    2163479.8250
q_loss:                  1966799.8500	q_taken_mean:            243.9488	red_team_alives_mean:    143.3880	red_team_win_mean:         0.0720
return_mean:              -1.6477	return_std:                0.2449	target_mean:             244.2625	td_error_abs:            700.1327
test_blue_team_alives_mean:142.0000	test_blue_team_win_mean:   0.0000	test_ep_length_mean:     200.0000	test_episode_length_mean:199.0000
test_red_team_alives_mean:143.4000	test_red_team_win_mean:    0.2000	test_return_mean:         -1.2965	test_return_std:           0.0000

2026-09-09 20:28:51,372 - my_experiment - bat_60_ExpoComm_n9_44 - my_run - INFO - t_env: 1150200 / 5050000
2026-09-09 20:28:51,373 - my_experiment - bat_60_ExpoComm_n9_44 - my_run - INFO - Estimated time left: 1 days, 4 hours, 24 minutes, 4 seconds. Time passed: 8 hours, 21 minutes, 59 seconds
