JOB ID: 2126412
Running on node: artongpu05
Project Directory: /usr/itetnas04/data-scratch-01/pparsons/data/MyExpoComm
--------------------------------
Algorithm:   HybridComm_one_peer
Environment: MAgent_Battle
Profile:     bat_mm_HC_43
--------------------------------
Conda activated: /usr/itetnas04/data-scratch-01/pparsons/data/conda_envs/ExpoComm
Starting Run...

[ENVIRONMENT INIT] Using Rewards: {'step_reward': -0.005, 'dead_penalty': -0.1, 'attack_penalty': -0.1, 'attack_opponent_reward': 0.2}

Exiting Main
Stopping all threads
Thread wandb-AsyncioManager-main is alive! Is daemon: True
Thread joined
Thread ChkStopThr is alive! Is daemon: True
Thread joined
Thread IntMsgThr is alive! Is daemon: True
Thread joined
Exiting script
[1;34mwandb[0m: 
[1;34mwandb[0m: 🚀 View run [33mmy_run-bat_mm_HC_43-20260724_040236[0m at: [34mhttps://wandb.ai/peterparsons02-eth-z-rich/my_experiment/runs/1rk2ntiw[0m
[1;34mwandb[0m: Find logs at: [1;35mwandb/run-20260724_040237-1rk2ntiw/logs[0m
Finished at: Fri Jul 24 15:02:06 CEST 2026
