JOB ID: 2093587
Running on node: tikgpu02
Project Directory: /usr/itetnas04/data-scratch-01/pparsons/data/MyExpoComm
--------------------------------
Algorithm:   qmix_ExpoComm_static_n7_cont
Environment: MAgent_Battle
Profile:     bat_ExpoComm_static_43
--------------------------------
Conda activated: /usr/itetnas04/data-scratch-01/pparsons/data/conda_envs/ExpoComm
Starting Run...

[ENVIRONMENT INIT] Using Rewards: {'step_reward': -0.005, 'dead_penalty': -0.1, 'attack_penalty': -0.1, 'attack_opponent_reward': 0.2}

Exiting Main
Stopping all threads
Thread wandb-AsyncioManager-main is alive! Is daemon: True
Thread joined
Thread ChkStopThr is alive! Is daemon: True
Thread joined
Thread IntMsgThr is alive! Is daemon: True
Thread joined
Exiting script
[1;34mwandb[0m: 
[1;34mwandb[0m: 🚀 View run [33mmy_run-bat_ExpoComm_static_43-20260630_171018[0m at: [34mhttps://wandb.ai/peterparsons02-eth-z-rich/my_experiment/runs/y6eqbkzr[0m
[1;34mwandb[0m: Find logs at: [1;35mwandb/run-20260630_171019-y6eqbkzr/logs[0m
Finished at: Wed Jul  1 08:21:38 CEST 2026
