JOB ID: 2167417
Running on node: tikgpu04
Project Directory: /usr/itetnas04/data-scratch-01/pparsons/data/MyExpoComm
--------------------------------
Algorithm:   HybridComm_static
Environment: MAgent_Battle
Profile:     bat_60_HybridComm_static_44
--------------------------------
Conda activated: /usr/itetnas04/data-scratch-01/pparsons/data/conda_envs/ExpoComm
Starting Run...

[ENVIRONMENT INIT] Using Rewards: {'step_reward': -0.005, 'dead_penalty': -0.1, 'attack_penalty': -0.1, 'attack_opponent_reward': 0.2}

Exiting Main
Stopping all threads
Thread wandb-AsyncioManager-main is alive! Is daemon: True
Thread joined
Thread ChkStopThr is alive! Is daemon: True
Thread joined
Thread IntMsgThr is alive! Is daemon: True
Thread joined
Exiting script
[1;34mwandb[0m: 
[1;34mwandb[0m: 🚀 View run [33mmy_run-bat_60_HybridComm_static_44-20260809_185810[0m at: [34mhttps://wandb.ai/peterparsons02-eth-z-rich/my_experiment/runs/n3p4x7pb[0m
[1;34mwandb[0m: Find logs at: [1;35mwandb/run-20260809_185811-n3p4x7pb/logs[0m
Finished at: Tue Aug 11 09:16:38 CEST 2026
