JOB ID: 2246620
Running on node: tikgpu05
Project Directory: /usr/itetnas04/data-scratch-01/pparsons/data/MyExpoComm
--------------------------------
Algorithm:   qmix_ExpoComm_one_peer_n9_cont
Environment: MAgent_Battle
Profile:     bat_60_ExpoComm_n9_44
--------------------------------
Conda activated: /usr/itetnas04/data-scratch-01/pparsons/data/conda_envs/ExpoComm
Starting Run...

[ENVIRONMENT INIT] Using Rewards: {'step_reward': -0.005, 'dead_penalty': -0.1, 'attack_penalty': -0.1, 'attack_opponent_reward': 0.2}

Exiting Main
Stopping all threads
Thread wandb-AsyncioManager-main is alive! Is daemon: True
Thread joined
Thread ChkStopThr is alive! Is daemon: True
Thread joined
Thread IntMsgThr is alive! Is daemon: True
Thread joined
Exiting script
[1;34mwandb[0m: 
[1;34mwandb[0m: 🚀 View run [33mmy_run-bat_60_ExpoComm_n9_44-20260909_120607[0m at: [34mhttps://wandb.ai/peterparsons02-eth-z-rich/my_experiment/runs/s9gq8tfv[0m
[1;34mwandb[0m: Find logs at: [1;35mwandb/run-20260909_120611-s9gq8tfv/logs[0m
Finished at: Fri Sep 11 00:01:24 CEST 2026
