Gym has been unmaintained since 2022 and does not support NumPy 2.0 amongst other critical functionality.
Please upgrade to Gymnasium, the maintained drop-in replacement of Gym, or contact the authors of your software and request that they upgrade.
Users of this version of Gym should be able to simply replace 'import gym' with 'import gymnasium as gym' in the vast majority of cases.
See the migration guide at https://gymnasium.farama.org/introduction/migration_guide/ for additional information.
src/main.py:81: DeprecationWarning: Using or importing the ABCs from 'collections' instead of from 'collections.abc' is deprecated since Python 3.3, and in 3.10 it will stop working
  if isinstance(v, collections.Mapping):
wandb: [wandb.login()] Loaded credentials for https://api.wandb.ai from /home/pparsons/.netrc.
wandb: Currently logged in as: peterparsons02 (peterparsons02-eth-z-rich) to https://api.wandb.ai. Use `wandb login --relogin` to force relogin
wandb: setting up run i3jmvcp3
wandb: Tracking run with wandb version 0.24.1
wandb: Run data is saved locally in /usr/itetnas04/data-scratch-01/pparsons/data/MyExpoComm/wandb/run-20260909_120611-i3jmvcp3
wandb: Run `wandb offline` to turn off syncing.
wandb: Syncing run my_run-bat_60_ExpoComm_n9_45-20260909_120607
wandb: ⭐️ View project at https://wandb.ai/peterparsons02-eth-z-rich/my_experiment
wandb: 🚀 View run at https://wandb.ai/peterparsons02-eth-z-rich/my_experiment/runs/i3jmvcp3
2026-09-09 12:06:21,317 - my_experiment - bat_60_ExpoComm_n9_45 - my_run - INFO - Current directory: /usr/itetnas04/data-scratch-01/pparsons/data/MyExpoComm.
2026-09-09 12:06:21,318 - my_experiment - bat_60_ExpoComm_n9_45 - my_run - INFO - Experiment Parameters:
2026-09-09 12:06:21,320 - my_experiment - bat_60_ExpoComm_n9_45 - my_run - INFO - 

{   'action_selector': 'epsilon_greedy',
    'add_value_last_step': True,
    'agent': 'ExpoComm_one_peer_cont',
    'agent_output_type': 'q',
    'aux_coef': 0.1,
    'batch_size': 16,
    'batch_size_run': 1,
    'buffer_cpu_only': True,
    'buffer_size': 1000,
    'checkpoint_path': '',
    'double_q': True,
    'env': 'MAgent_Battle',
    'env_args': {   'global_reward': True,
                    'map_name': 'battle_view7',
                    'map_size': 60,
                    'max_cycles': 200,
                    'minimap_mode': False,
                    'pretrained_ckpt': None,
                    'seed': 45},
    'epsilon_anneal_time': 1000000,
    'epsilon_finish': 0.05,
    'epsilon_start': 1.0,
    'evaluate': False,
    'evaluation_epsilon': 0.0,
    'exp_name': 'my_experiment',
    'gamma': 0.99,
    'global_reward': True,
    'grad_norm_clip': 10,
    'hidden_dim': 64,
    'hypergroup': None,
    'hypernet_embed': 64,
    'hypernet_layers': 2,
    'label': 'default_label',
    'learner': 'cont_q_learner',
    'learner_log_interval': 10000,
    'load_step': 0,
    'local_results_path': 'results',
    'log_interval': 50000,
    'lr': 0.0005,
    'mac': 'ExpoComm_mac',
    'mixer': 'qmix',
    'mixing_embed_dim': 64,
    'name': 'bat_60_ExpoComm_n9_45',
    'neg_num': 20,
    'obs_agent_id': True,
    'obs_individual_obs': False,
    'obs_last_action': True,
    'one_peer': True,
    'optim_alpha': 0.99,
    'optim_eps': 1e-05,
    'pos_flag': False,
    'render': False,
    'repeat_id': 1,
    'run_name': 'my_run',
    'runner': 'episode',
    'runner_log_interval': 10000,
    'save_model': True,
    'save_model_interval': 500000,
    'save_replay': False,
    'seed': 45,
    'standardise_returns': False,
    'standardise_rewards': True,
    't_max': 5050000,
    'target_update_interval_or_tau': 200,
    'temperature': 0.07,
    'test_greedy': True,
    'test_interval': 50000,
    'test_nepisode': 1,
    'topk_neighbors': 9,
    'use_cuda': True,
    'use_rnn': True,
    'use_tensorboard': True,
    'work_dir': 'work_dirs/my_experiment/bat_60_ExpoComm_n9_45/my_run/20260909_120607'}

/usr/itetnas04/data-scratch-01/pparsons/data/conda_envs/ExpoComm/lib/python3.8/site-packages/pettingzoo/utils/conversions.py:41: UserWarning: The `from_parallel` function is deprecated. Use the `parallel_to_aec` function instead.
  warnings.warn("The `from_parallel` function is deprecated. Use the `parallel_to_aec` function instead.")
/usr/itetnas04/data-scratch-01/pparsons/data/conda_envs/ExpoComm/lib/python3.8/site-packages/pettingzoo/utils/wrappers/base.py:44: UserWarning: The `observation_spaces` dictionary is deprecated. Use the `observation_space` function instead.
  warnings.warn("The `observation_spaces` dictionary is deprecated. Use the `observation_space` function instead.")
/usr/itetnas04/data-scratch-01/pparsons/data/conda_envs/ExpoComm/lib/python3.8/site-packages/pettingzoo/utils/conversions.py:36: UserWarning: The `to_parallel` function is deprecated. Use the `aec_to_parallel` function instead.
  warnings.warn("The `to_parallel` function is deprecated. Use the `aec_to_parallel` function instead.")
/usr/itetnas04/data-scratch-01/pparsons/data/conda_envs/ExpoComm/lib/python3.8/site-packages/pettingzoo/utils/conversions.py:80: UserWarning: The `action_spaces` dictionary is deprecated. Use the `action_space` function instead.
  warnings.warn("The `action_spaces` dictionary is deprecated. Use the `action_space` function instead.")
/usr/itetnas04/data-scratch-01/pparsons/data/conda_envs/ExpoComm/lib/python3.8/site-packages/pettingzoo/utils/wrappers/base.py:52: UserWarning: The `action_spaces` dictionary is deprecated. Use the `action_space` function instead.
  warnings.warn("The `action_spaces` dictionary is deprecated. Use the `action_space` function instead.")
/usr/itetnas04/data-scratch-01/pparsons/data/conda_envs/ExpoComm/lib/python3.8/site-packages/pettingzoo/utils/conversions.py:72: UserWarning: The `observation_spaces` dictionary is deprecated. Use the `observation_space` function instead.
  warnings.warn("The `observation_spaces` dictionary is deprecated. Use the `observation_space` function instead.")
2026-09-09 12:06:46,581 - my_experiment - bat_60_ExpoComm_n9_45 - my_run - INFO - Beginning training for 5050000 timesteps
/usr/itetnas04/data-scratch-01/pparsons/data/MyExpoComm/src/envs/battle_wrappers.py:265: UserWarning: To copy construct from a tensor, it is recommended to use sourceTensor.clone().detach() or sourceTensor.clone().detach().requires_grad_(True), rather than torch.tensor(sourceTensor).
  actions = torch.tensor(actions, dtype=torch.long)
2026-09-09 12:07:08,259 - my_experiment - bat_60_ExpoComm_n9_45 - my_run - INFO - t_env: 200 / 5050000
2026-09-09 12:07:08,260 - my_experiment - bat_60_ExpoComm_n9_45 - my_run - INFO - Estimated time left: 36 minutes, 20 seconds. Time passed: 21 seconds
2026-09-09 12:07:12,956 - my_experiment - bat_60_ExpoComm_n9_45 - my_run - INFO - Saving models to work_dirs/my_experiment/bat_60_ExpoComm_n9_45/my_run/20260909_120607/models/200
2026-09-09 12:29:33,879 - my_experiment - bat_60_ExpoComm_n9_45 - my_run - INFO - Recent Stats | t_env:      50000 | Episode:      250
blue_team_alives_mean:   143.9840	blue_team_win_mean:        0.9960	ep_length_mean:          200.0000	episode_length_mean:     199.0000
epsilon:                   0.9620	grad_norm:               1276114.6985	info_nce_loss:             2.9709	loss:                    549571.3307
q_loss:                  499610.3187	q_taken_mean:              0.1681	red_team_alives_mean:    137.5840	red_team_win_mean:         0.0000
return_mean:              -8.2132	return_std:                0.1009	target_mean:               2.2065	td_error_abs:            370.8705
test_blue_team_alives_mean:144.0000	test_blue_team_win_mean:   0.0000	test_ep_length_mean:     200.0000	test_episode_length_mean:199.0000
test_red_team_alives_mean:144.0000	test_red_team_win_mean:    0.0000	test_return_mean:         -1.0208	test_return_std:           0.0000

2026-09-09 12:29:39,295 - my_experiment - bat_60_ExpoComm_n9_45 - my_run - INFO - t_env: 50200 / 5050000
2026-09-09 12:29:39,296 - my_experiment - bat_60_ExpoComm_n9_45 - my_run - INFO - Estimated time left: 1 days, 13 hours, 31 minutes, 38 seconds. Time passed: 22 minutes, 52 seconds
2026-09-09 12:51:35,424 - my_experiment - bat_60_ExpoComm_n9_45 - my_run - INFO - Recent Stats | t_env:     100000 | Episode:      500
blue_team_alives_mean:   143.6640	blue_team_win_mean:        1.0000	ep_length_mean:          200.0000	episode_length_mean:     199.0000
epsilon:                   0.9145	grad_norm:               2354734.9406	info_nce_loss:             2.5075	loss:                    492899.8637
q_loss:                  448090.7914	q_taken_mean:             11.8691	red_team_alives_mean:    120.1080	red_team_win_mean:         0.0000
return_mean:              -7.1801	return_std:                0.2826	target_mean:              14.0176	td_error_abs:            386.6550
test_blue_team_alives_mean:144.0000	test_blue_team_win_mean:   0.5000	test_ep_length_mean:     200.0000	test_episode_length_mean:199.0000
test_red_team_alives_mean:142.5000	test_red_team_win_mean:    0.0000	test_return_mean:         -1.0107	test_return_std:           0.0000

2026-09-09 12:51:40,828 - my_experiment - bat_60_ExpoComm_n9_45 - my_run - INFO - t_env: 100200 / 5050000
2026-09-09 12:51:40,829 - my_experiment - bat_60_ExpoComm_n9_45 - my_run - INFO - Estimated time left: 1 days, 12 hours, 20 minutes, 26 seconds. Time passed: 44 minutes, 54 seconds
2026-09-09 13:13:51,383 - my_experiment - bat_60_ExpoComm_n9_45 - my_run - INFO - Recent Stats | t_env:     150000 | Episode:      750
blue_team_alives_mean:   143.8080	blue_team_win_mean:        0.9840	ep_length_mean:          200.0000	episode_length_mean:     199.0000
epsilon:                   0.8670	grad_norm:               3083727.1531	info_nce_loss:             1.7058	loss:                    445936.6281
q_loss:                  405396.9234	q_taken_mean:             22.9665	red_team_alives_mean:    121.4720	red_team_win_mean:         0.0000
return_mean:              -6.9057	return_std:                0.3671	target_mean:              24.6723	td_error_abs:            384.7321
test_blue_team_alives_mean:144.0000	test_blue_team_win_mean:   0.3333	test_ep_length_mean:     200.0000	test_episode_length_mean:199.0000
test_red_team_alives_mean:143.0000	test_red_team_win_mean:    0.0000	test_return_mean:         -1.0071	test_return_std:           0.0000

2026-09-09 13:13:56,818 - my_experiment - bat_60_ExpoComm_n9_45 - my_run - INFO - t_env: 150200 / 5050000
2026-09-09 13:13:56,819 - my_experiment - bat_60_ExpoComm_n9_45 - my_run - INFO - Estimated time left: 1 days, 12 hours, 22 minutes, 1 seconds. Time passed: 1 hours, 7 minutes, 10 seconds
2026-09-09 13:36:26,039 - my_experiment - bat_60_ExpoComm_n9_45 - my_run - INFO - Recent Stats | t_env:     200000 | Episode:     1000
blue_team_alives_mean:   143.9920	blue_team_win_mean:        1.0000	ep_length_mean:          200.0000	episode_length_mean:     199.0000
epsilon:                   0.8195	grad_norm:               3805512.4750	info_nce_loss:             1.1730	loss:                    494556.3625
q_loss:                  449596.6781	q_taken_mean:             33.4361	red_team_alives_mean:    130.0120	red_team_win_mean:         0.0000
return_mean:              -6.8842	return_std:                0.2285	target_mean:              35.0379	td_error_abs:            403.4546
test_blue_team_alives_mean:144.0000	test_blue_team_win_mean:   0.5000	test_ep_length_mean:     200.0000	test_episode_length_mean:199.0000
test_red_team_alives_mean:140.5000	test_red_team_win_mean:    0.0000	test_return_mean:         -0.9997	test_return_std:           0.0000

2026-09-09 13:36:31,479 - my_experiment - bat_60_ExpoComm_n9_45 - my_run - INFO - t_env: 200200 / 5050000
2026-09-09 13:36:31,479 - my_experiment - bat_60_ExpoComm_n9_45 - my_run - INFO - Estimated time left: 1 days, 12 hours, 29 minutes, 56 seconds. Time passed: 1 hours, 29 minutes, 44 seconds
2026-09-09 13:59:11,705 - my_experiment - bat_60_ExpoComm_n9_45 - my_run - INFO - Recent Stats | t_env:     250000 | Episode:     1250
blue_team_alives_mean:   144.0000	blue_team_win_mean:        0.9520	ep_length_mean:          200.0000	episode_length_mean:     199.0000
epsilon:                   0.7720	grad_norm:               11501915.5500	info_nce_loss:             0.9436	loss:                    934328.5750
q_loss:                  849389.6125	q_taken_mean:             45.5695	red_team_alives_mean:    139.6000	red_team_win_mean:         0.0000
return_mean:              -6.9081	return_std:                0.0889	target_mean:              48.6864	td_error_abs:            647.1690
test_blue_team_alives_mean:144.0000	test_blue_team_win_mean:   0.4000	test_ep_length_mean:     200.0000	test_episode_length_mean:199.0000
test_red_team_alives_mean:141.2000	test_red_team_win_mean:    0.0000	test_return_mean:         -0.9997	test_return_std:           0.0000

2026-09-09 13:59:17,195 - my_experiment - bat_60_ExpoComm_n9_45 - my_run - INFO - t_env: 250200 / 5050000
2026-09-09 13:59:17,195 - my_experiment - bat_60_ExpoComm_n9_45 - my_run - INFO - Estimated time left: 1 days, 12 hours, 25 minutes, 3 seconds. Time passed: 1 hours, 52 minutes, 30 seconds
2026-09-09 14:21:55,735 - my_experiment - bat_60_ExpoComm_n9_45 - my_run - INFO - Recent Stats | t_env:     300000 | Episode:     1500
blue_team_alives_mean:   144.0000	blue_team_win_mean:        0.9680	ep_length_mean:          200.0000	episode_length_mean:     199.0000
epsilon:                   0.7245	grad_norm:               25405521.2000	info_nce_loss:             1.0763	loss:                    1015422.8187
q_loss:                  923111.6750	q_taken_mean:             58.6208	red_team_alives_mean:    139.5560	red_team_win_mean:         0.0000
return_mean:              -6.5571	return_std:                0.0908	target_mean:              60.6531	td_error_abs:            613.8328
test_blue_team_alives_mean:144.0000	test_blue_team_win_mean:   0.4000	test_ep_length_mean:     200.0000	test_episode_length_mean:199.0000
test_red_team_alives_mean:141.2000	test_red_team_win_mean:    0.0000	test_return_mean:         -0.9956	test_return_std:           0.0000

2026-09-09 14:22:01,150 - my_experiment - bat_60_ExpoComm_n9_45 - my_run - INFO - t_env: 300200 / 5050000
2026-09-09 14:22:01,151 - my_experiment - bat_60_ExpoComm_n9_45 - my_run - INFO - Estimated time left: 1 days, 11 hours, 59 minutes, 30 seconds. Time passed: 2 hours, 15 minutes, 14 seconds
2026-09-09 14:44:33,797 - my_experiment - bat_60_ExpoComm_n9_45 - my_run - INFO - Recent Stats | t_env:     350000 | Episode:     1750
blue_team_alives_mean:   143.9960	blue_team_win_mean:        0.8280	ep_length_mean:          200.0000	episode_length_mean:     199.0000
epsilon:                   0.6770	grad_norm:               46022844.8000	info_nce_loss:             1.0799	loss:                    837168.9875
q_loss:                  761062.7188	q_taken_mean:             71.9708	red_team_alives_mean:    140.7520	red_team_win_mean:         0.0000
return_mean:              -6.2507	return_std:                0.0779	target_mean:              73.7554	td_error_abs:            565.5808
test_blue_team_alives_mean:144.0000	test_blue_team_win_mean:   0.2000	test_ep_length_mean:     200.0000	test_episode_length_mean:199.0000
test_red_team_alives_mean:141.8000	test_red_team_win_mean:    0.0000	test_return_mean:         -0.9955	test_return_std:           0.0000

2026-09-09 14:44:39,267 - my_experiment - bat_60_ExpoComm_n9_45 - my_run - INFO - t_env: 350200 / 5050000
2026-09-09 14:44:39,268 - my_experiment - bat_60_ExpoComm_n9_45 - my_run - INFO - Estimated time left: 1 days, 11 hours, 27 minutes, 37 seconds. Time passed: 2 hours, 37 minutes, 52 seconds
2026-09-09 15:07:04,371 - my_experiment - bat_60_ExpoComm_n9_45 - my_run - INFO - Recent Stats | t_env:     400000 | Episode:     2000
blue_team_alives_mean:   144.0000	blue_team_win_mean:        0.4800	ep_length_mean:          200.0000	episode_length_mean:     199.0000
epsilon:                   0.6295	grad_norm:               69988747.2000	info_nce_loss:             0.8716	loss:                    1426462.8625
q_loss:                  1296784.4375	q_taken_mean:             86.7513	red_team_alives_mean:    142.8960	red_team_win_mean:         0.0000
return_mean:              -5.9478	return_std:                0.0640	target_mean:              88.8681	td_error_abs:            735.1230
test_blue_team_alives_mean:144.0000	test_blue_team_win_mean:   0.2000	test_ep_length_mean:     200.0000	test_episode_length_mean:199.0000
test_red_team_alives_mean:141.8000	test_red_team_win_mean:    0.0000	test_return_mean:         -0.9955	test_return_std:           0.0000

2026-09-09 15:07:09,765 - my_experiment - bat_60_ExpoComm_n9_45 - my_run - INFO - t_env: 400200 / 5050000
2026-09-09 15:07:09,765 - my_experiment - bat_60_ExpoComm_n9_45 - my_run - INFO - Estimated time left: 1 days, 10 hours, 53 minutes, 10 seconds. Time passed: 3 hours, 23 seconds
2026-09-09 15:29:31,090 - my_experiment - bat_60_ExpoComm_n9_45 - my_run - INFO - Recent Stats | t_env:     450000 | Episode:     2250
blue_team_alives_mean:   144.0000	blue_team_win_mean:        0.0280	ep_length_mean:          200.0000	episode_length_mean:     199.0000
epsilon:                   0.5820	grad_norm:               111270915.2000	info_nce_loss:             0.6515	loss:                    2297375.5750
q_loss:                  2088523.2750	q_taken_mean:            106.6275	red_team_alives_mean:    143.9720	red_team_win_mean:         0.0000
return_mean:              -5.6142	return_std:                0.0489	target_mean:             111.3433	td_error_abs:            992.2125
test_blue_team_alives_mean:144.0000	test_blue_team_win_mean:   0.0000	test_ep_length_mean:     200.0000	test_episode_length_mean:199.0000
test_red_team_alives_mean:144.0000	test_red_team_win_mean:    0.0000	test_return_mean:         -1.0000	test_return_std:           0.0000

2026-09-09 15:29:36,478 - my_experiment - bat_60_ExpoComm_n9_45 - my_run - INFO - t_env: 450200 / 5050000
2026-09-09 15:29:36,479 - my_experiment - bat_60_ExpoComm_n9_45 - my_run - INFO - Estimated time left: 1 days, 10 hours, 24 minutes, 52 seconds. Time passed: 3 hours, 22 minutes, 49 seconds
2026-09-09 15:51:58,592 - my_experiment - bat_60_ExpoComm_n9_45 - my_run - INFO - Recent Stats | t_env:     500000 | Episode:     2500
blue_team_alives_mean:   144.0000	blue_team_win_mean:        0.3800	ep_length_mean:          200.0000	episode_length_mean:     199.0000
epsilon:                   0.5345	grad_norm:               189345241.6000	info_nce_loss:             0.6408	loss:                    2051641.9250
q_loss:                  1865129.0500	q_taken_mean:            119.4154	red_team_alives_mean:    142.6800	red_team_win_mean:         0.0000
return_mean:              -5.2433	return_std:                0.0531	target_mean:             122.1372	td_error_abs:            879.3782
test_blue_team_alives_mean:144.0000	test_blue_team_win_mean:   0.0000	test_ep_length_mean:     200.0000	test_episode_length_mean:199.0000
test_red_team_alives_mean:144.0000	test_red_team_win_mean:    0.0000	test_return_mean:         -1.0000	test_return_std:           0.0000

2026-09-09 15:52:03,988 - my_experiment - bat_60_ExpoComm_n9_45 - my_run - INFO - t_env: 500200 / 5050000
2026-09-09 15:52:03,989 - my_experiment - bat_60_ExpoComm_n9_45 - my_run - INFO - Estimated time left: 1 days, 10 hours, 3 minutes, 37 seconds. Time passed: 3 hours, 45 minutes, 17 seconds
2026-09-09 15:52:08,429 - my_experiment - bat_60_ExpoComm_n9_45 - my_run - INFO - Saving models to work_dirs/my_experiment/bat_60_ExpoComm_n9_45/my_run/20260909_120607/models/500200
2026-09-09 16:14:33,294 - my_experiment - bat_60_ExpoComm_n9_45 - my_run - INFO - Recent Stats | t_env:     550000 | Episode:     2750
blue_team_alives_mean:   144.0000	blue_team_win_mean:        0.5600	ep_length_mean:          200.0000	episode_length_mean:     199.0000
epsilon:                   0.4870	grad_norm:               179133970.4000	info_nce_loss:             0.9035	loss:                    1807870.0500
q_loss:                  1643518.2000	q_taken_mean:            127.4028	red_team_alives_mean:    142.6400	red_team_win_mean:         0.0000
return_mean:              -4.8731	return_std:                0.0561	target_mean:             129.1205	td_error_abs:            848.3421
test_blue_team_alives_mean:144.0000	test_blue_team_win_mean:   0.0000	test_ep_length_mean:     200.0000	test_episode_length_mean:199.0000
test_red_team_alives_mean:144.0000	test_red_team_win_mean:    0.0000	test_return_mean:         -1.0000	test_return_std:           0.0000

2026-09-09 16:14:38,714 - my_experiment - bat_60_ExpoComm_n9_45 - my_run - INFO - t_env: 550200 / 5050000
2026-09-09 16:14:38,715 - my_experiment - bat_60_ExpoComm_n9_45 - my_run - INFO - Estimated time left: 1 days, 9 hours, 51 minutes, 59 seconds. Time passed: 4 hours, 7 minutes, 52 seconds
2026-09-09 16:37:02,156 - my_experiment - bat_60_ExpoComm_n9_45 - my_run - INFO - Recent Stats | t_env:     600000 | Episode:     3000
blue_team_alives_mean:   143.9240	blue_team_win_mean:        0.5960	ep_length_mean:          200.0000	episode_length_mean:     199.0000
epsilon:                   0.4395	grad_norm:               241789486.4000	info_nce_loss:             0.9345	loss:                    2313540.6000
q_loss:                  2103218.7250	q_taken_mean:            140.3943	red_team_alives_mean:    142.4880	red_team_win_mean:         0.0120
return_mean:              -4.7248	return_std:                0.0917	target_mean:             142.8146	td_error_abs:            968.3933
test_blue_team_alives_mean:144.0000	test_blue_team_win_mean:   0.0000	test_ep_length_mean:     200.0000	test_episode_length_mean:199.0000
test_red_team_alives_mean:144.0000	test_red_team_win_mean:    0.0000	test_return_mean:         -1.0165	test_return_std:           0.0000

2026-09-09 16:37:07,510 - my_experiment - bat_60_ExpoComm_n9_45 - my_run - INFO - t_env: 600200 / 5050000
2026-09-09 16:37:07,510 - my_experiment - bat_60_ExpoComm_n9_45 - my_run - INFO - Estimated time left: 1 days, 9 hours, 20 minutes, 37 seconds. Time passed: 4 hours, 30 minutes, 20 seconds
2026-09-09 16:59:27,925 - my_experiment - bat_60_ExpoComm_n9_45 - my_run - INFO - Recent Stats | t_env:     650000 | Episode:     3250
blue_team_alives_mean:   143.9360	blue_team_win_mean:        0.0640	ep_length_mean:          200.0000	episode_length_mean:     199.0000
epsilon:                   0.3920	grad_norm:               735473768.0000	info_nce_loss:             0.6733	loss:                    1963728.0000
q_loss:                  1844073.3500	q_taken_mean:            152.7195	red_team_alives_mean:    143.8960	red_team_win_mean:         0.0320
return_mean:              -4.9547	return_std:                0.1664	target_mean:             156.1592	td_error_abs:            994.1842
test_blue_team_alives_mean:144.0000	test_blue_team_win_mean:   0.0000	test_ep_length_mean:     200.0000	test_episode_length_mean:199.0000
test_red_team_alives_mean:144.0000	test_red_team_win_mean:    0.0000	test_return_mean:         -1.1890	test_return_std:           0.0000

2026-09-09 16:59:33,340 - my_experiment - bat_60_ExpoComm_n9_45 - my_run - INFO - t_env: 650200 / 5050000
2026-09-09 16:59:33,341 - my_experiment - bat_60_ExpoComm_n9_45 - my_run - INFO - Estimated time left: 1 days, 8 hours, 53 minutes, 47 seconds. Time passed: 4 hours, 52 minutes, 46 seconds
2026-09-09 17:21:55,118 - my_experiment - bat_60_ExpoComm_n9_45 - my_run - INFO - Recent Stats | t_env:     700000 | Episode:     3500
blue_team_alives_mean:   143.9080	blue_team_win_mean:        0.1480	ep_length_mean:          200.0000	episode_length_mean:     199.0000
epsilon:                   0.3445	grad_norm:               218935204.0000	info_nce_loss:             0.3608	loss:                    2385692.7000
q_loss:                  2168811.5625	q_taken_mean:            161.6452	red_team_alives_mean:    143.7760	red_team_win_mean:         0.0280
return_mean:              -3.9288	return_std:                0.1376	target_mean:             162.5398	td_error_abs:            953.5814
test_blue_team_alives_mean:144.0000	test_blue_team_win_mean:   0.0000	test_ep_length_mean:     200.0000	test_episode_length_mean:199.0000
test_red_team_alives_mean:144.0000	test_red_team_win_mean:    0.0000	test_return_mean:         -1.6775	test_return_std:           0.0000

2026-09-09 17:22:00,484 - my_experiment - bat_60_ExpoComm_n9_45 - my_run - INFO - t_env: 700200 / 5050000
2026-09-09 17:22:00,484 - my_experiment - bat_60_ExpoComm_n9_45 - my_run - INFO - Estimated time left: 1 days, 8 hours, 33 minutes, 16 seconds. Time passed: 5 hours, 15 minutes, 13 seconds
2026-09-09 17:44:22,826 - my_experiment - bat_60_ExpoComm_n9_45 - my_run - INFO - Recent Stats | t_env:     750000 | Episode:     3750
blue_team_alives_mean:   143.9840	blue_team_win_mean:        0.0160	ep_length_mean:          200.0000	episode_length_mean:     199.0000
epsilon:                   0.2970	grad_norm:               184267553.6000	info_nce_loss:             0.7634	loss:                    1868773.4250
q_loss:                  1698884.9250	q_taken_mean:            177.2803	red_team_alives_mean:    143.9760	red_team_win_mean:         0.0080
return_mean:              -3.5355	return_std:                0.0584	target_mean:             176.4583	td_error_abs:            842.2472
test_blue_team_alives_mean:144.0000	test_blue_team_win_mean:   0.0000	test_ep_length_mean:     200.0000	test_episode_length_mean:199.0000
test_red_team_alives_mean:144.0000	test_red_team_win_mean:    0.0000	test_return_mean:         -2.7449	test_return_std:           0.0000

2026-09-09 17:44:28,241 - my_experiment - bat_60_ExpoComm_n9_45 - my_run - INFO - t_env: 750200 / 5050000
2026-09-09 17:44:28,242 - my_experiment - bat_60_ExpoComm_n9_45 - my_run - INFO - Estimated time left: 1 days, 8 hours, 11 minutes, 41 seconds. Time passed: 5 hours, 37 minutes, 41 seconds
2026-09-09 18:06:51,504 - my_experiment - bat_60_ExpoComm_n9_45 - my_run - INFO - Recent Stats | t_env:     800000 | Episode:     4000
blue_team_alives_mean:   144.0000	blue_team_win_mean:        0.0000	ep_length_mean:          200.0000	episode_length_mean:     199.0000
epsilon:                   0.2495	grad_norm:               321244700.8000	info_nce_loss:             0.6687	loss:                    2683647.3750
q_loss:                  2439679.4500	q_taken_mean:            184.9398	red_team_alives_mean:    144.0000	red_team_win_mean:         0.0000
return_mean:              -3.4139	return_std:                0.0946	target_mean:             186.2813	td_error_abs:            941.6820
test_blue_team_alives_mean:144.0000	test_blue_team_win_mean:   0.0000	test_ep_length_mean:     200.0000	test_episode_length_mean:199.0000
test_red_team_alives_mean:144.0000	test_red_team_win_mean:    0.0000	test_return_mean:         -3.5143	test_return_std:           0.0000

2026-09-09 18:06:56,855 - my_experiment - bat_60_ExpoComm_n9_45 - my_run - INFO - t_env: 800200 / 5050000
2026-09-09 18:06:56,856 - my_experiment - bat_60_ExpoComm_n9_45 - my_run - INFO - Estimated time left: 1 days, 7 hours, 50 minutes, 26 seconds. Time passed: 6 hours, 10 seconds
2026-09-09 18:29:18,870 - my_experiment - bat_60_ExpoComm_n9_45 - my_run - INFO - Recent Stats | t_env:     850000 | Episode:     4250
blue_team_alives_mean:   144.0000	blue_team_win_mean:        0.0000	ep_length_mean:          200.0000	episode_length_mean:     199.0000
epsilon:                   0.2020	grad_norm:               203676305.6000	info_nce_loss:             0.8831	loss:                    1495056.1000
q_loss:                  1359141.9000	q_taken_mean:            198.5468	red_team_alives_mean:    144.0000	red_team_win_mean:         0.0000
return_mean:              -2.7712	return_std:                0.0505	target_mean:             199.8029	td_error_abs:            757.8978
test_blue_team_alives_mean:144.0000	test_blue_team_win_mean:   0.0000	test_ep_length_mean:     200.0000	test_episode_length_mean:199.0000
test_red_team_alives_mean:144.0000	test_red_team_win_mean:    0.0000	test_return_mean:         -4.0129	test_return_std:           0.0000

2026-09-09 18:29:24,236 - my_experiment - bat_60_ExpoComm_n9_45 - my_run - INFO - t_env: 850200 / 5050000
2026-09-09 18:29:24,237 - my_experiment - bat_60_ExpoComm_n9_45 - my_run - INFO - Estimated time left: 1 days, 7 hours, 26 minutes, 14 seconds. Time passed: 6 hours, 22 minutes, 37 seconds
2026-09-09 18:51:44,354 - my_experiment - bat_60_ExpoComm_n9_45 - my_run - INFO - Recent Stats | t_env:     900000 | Episode:     4500
blue_team_alives_mean:   144.0000	blue_team_win_mean:        0.0000	ep_length_mean:          200.0000	episode_length_mean:     199.0000
epsilon:                   0.1545	grad_norm:               386962457.6000	info_nce_loss:             0.9353	loss:                    1819458.0000
q_loss:                  1654052.7250	q_taken_mean:            209.1497	red_team_alives_mean:    144.0000	red_team_win_mean:         0.0000
return_mean:              -2.7298	return_std:                0.1692	target_mean:             210.4697	td_error_abs:            756.7551
test_blue_team_alives_mean:144.0000	test_blue_team_win_mean:   0.0000	test_ep_length_mean:     200.0000	test_episode_length_mean:199.0000
test_red_team_alives_mean:144.0000	test_red_team_win_mean:    0.0000	test_return_mean:         -5.2479	test_return_std:           0.0000

2026-09-09 18:51:49,716 - my_experiment - bat_60_ExpoComm_n9_45 - my_run - INFO - t_env: 900200 / 5050000
2026-09-09 18:51:49,717 - my_experiment - bat_60_ExpoComm_n9_45 - my_run - INFO - Estimated time left: 1 days, 7 hours, 1 minutes, 9 seconds. Time passed: 6 hours, 45 minutes, 3 seconds
2026-09-09 19:14:11,487 - my_experiment - bat_60_ExpoComm_n9_45 - my_run - INFO - Recent Stats | t_env:     950000 | Episode:     4750
blue_team_alives_mean:   144.0000	blue_team_win_mean:        0.0000	ep_length_mean:          200.0000	episode_length_mean:     199.0000
epsilon:                   0.1070	grad_norm:               361925747.2000	info_nce_loss:             0.6699	loss:                    1392783.3250
q_loss:                  1266166.6750	q_taken_mean:            220.0430	red_team_alives_mean:    144.0000	red_team_win_mean:         0.0000
return_mean:              -2.4862	return_std:                0.2562	target_mean:             220.2690	td_error_abs:            670.6880
test_blue_team_alives_mean:144.0000	test_blue_team_win_mean:   0.0000	test_ep_length_mean:     200.0000	test_episode_length_mean:199.0000
test_red_team_alives_mean:144.0000	test_red_team_win_mean:    0.0000	test_return_mean:         -6.2401	test_return_std:           0.0000

2026-09-09 19:14:16,848 - my_experiment - bat_60_ExpoComm_n9_45 - my_run - INFO - t_env: 950200 / 5050000
2026-09-09 19:14:16,848 - my_experiment - bat_60_ExpoComm_n9_45 - my_run - INFO - Estimated time left: 1 days, 6 hours, 40 minutes, 59 seconds. Time passed: 7 hours, 7 minutes, 30 seconds
2026-09-09 19:36:38,748 - my_experiment - bat_60_ExpoComm_n9_45 - my_run - INFO - Recent Stats | t_env:    1000000 | Episode:     5000
blue_team_alives_mean:   144.0000	blue_team_win_mean:        0.0000	ep_length_mean:          200.0000	episode_length_mean:     199.0000
epsilon:                   0.0595	grad_norm:               732427964.8000	info_nce_loss:             0.4336	loss:                    3521815.0750
q_loss:                  3202031.9250	q_taken_mean:            233.8779	red_team_alives_mean:    144.0000	red_team_win_mean:         0.0000
return_mean:              -2.1346	return_std:                0.2108	target_mean:             234.4421	td_error_abs:            855.9275
test_blue_team_alives_mean:144.0000	test_blue_team_win_mean:   0.0000	test_ep_length_mean:     200.0000	test_episode_length_mean:199.0000
test_red_team_alives_mean:144.0000	test_red_team_win_mean:    0.0000	test_return_mean:         -5.4572	test_return_std:           0.0000

2026-09-09 19:36:44,108 - my_experiment - bat_60_ExpoComm_n9_45 - my_run - INFO - t_env: 1000200 / 5050000
2026-09-09 19:36:44,109 - my_experiment - bat_60_ExpoComm_n9_45 - my_run - INFO - Estimated time left: 1 days, 6 hours, 18 minutes, 42 seconds. Time passed: 7 hours, 29 minutes, 57 seconds
2026-09-09 19:36:48,538 - my_experiment - bat_60_ExpoComm_n9_45 - my_run - INFO - Saving models to work_dirs/my_experiment/bat_60_ExpoComm_n9_45/my_run/20260909_120607/models/1000200
2026-09-09 19:59:04,554 - my_experiment - bat_60_ExpoComm_n9_45 - my_run - INFO - Recent Stats | t_env:    1050000 | Episode:     5250
blue_team_alives_mean:   144.0000	blue_team_win_mean:        0.0000	ep_length_mean:          200.0000	episode_length_mean:     199.0000
epsilon:                   0.0500	grad_norm:               391585628.0000	info_nce_loss:             1.0401	loss:                    2244527.6250
q_loss:                  2040479.7000	q_taken_mean:            228.0679	red_team_alives_mean:    144.0000	red_team_win_mean:         0.0000
return_mean:              -2.3733	return_std:                0.3730	target_mean:             228.3234	td_error_abs:            706.8111
test_blue_team_alives_mean:144.0000	test_blue_team_win_mean:   0.0000	test_ep_length_mean:     200.0000	test_episode_length_mean:199.0000
test_red_team_alives_mean:144.0000	test_red_team_win_mean:    0.0000	test_return_mean:         -4.7589	test_return_std:           0.0000

2026-09-09 19:59:09,937 - my_experiment - bat_60_ExpoComm_n9_45 - my_run - INFO - t_env: 1050200 / 5050000
2026-09-09 19:59:09,937 - my_experiment - bat_60_ExpoComm_n9_45 - my_run - INFO - Estimated time left: 1 days, 5 hours, 54 minutes, 20 seconds. Time passed: 7 hours, 52 minutes, 23 seconds
2026-09-09 20:21:29,633 - my_experiment - bat_60_ExpoComm_n9_45 - my_run - INFO - Recent Stats | t_env:    1100000 | Episode:     5500
blue_team_alives_mean:   144.0000	blue_team_win_mean:        0.0000	ep_length_mean:          200.0000	episode_length_mean:     199.0000
epsilon:                   0.0500	grad_norm:               447417708.8000	info_nce_loss:             0.2611	loss:                    1791980.2250
q_loss:                  1629072.9000	q_taken_mean:            227.8786	red_team_alives_mean:    144.0000	red_team_win_mean:         0.0000
return_mean:              -2.4323	return_std:                0.6016	target_mean:             227.5994	td_error_abs:            617.4829
test_blue_team_alives_mean:144.0000	test_blue_team_win_mean:   0.0000	test_ep_length_mean:     200.0000	test_episode_length_mean:199.0000
test_red_team_alives_mean:144.0000	test_red_team_win_mean:    0.0000	test_return_mean:         -4.3471	test_return_std:           0.0000

2026-09-09 20:21:35,027 - my_experiment - bat_60_ExpoComm_n9_45 - my_run - INFO - t_env: 1100200 / 5050000
2026-09-09 20:21:35,027 - my_experiment - bat_60_ExpoComm_n9_45 - my_run - INFO - Estimated time left: 1 days, 5 hours, 30 minutes, 56 seconds. Time passed: 8 hours, 14 minutes, 48 seconds
