JOB ID: 1860226
Running on node: tikgpu04
Project Directory: /usr/itetnas04/data-scratch-01/pparsons/data/MyExpoComm
--------------------------------
Algorithm:   iql
Environment: MAgent_Battle
Profile:     bat_IQL_RNN_5M
--------------------------------
Conda activated: /usr/itetnas04/data-scratch-01/pparsons/data/conda_envs/ExpoComm
Starting Run...
Exiting Main
Stopping all threads
Thread wandb-AsyncioManager-main is alive! Is daemon: True
Thread joined
Thread ChkStopThr is alive! Is daemon: True
Thread joined
Thread IntMsgThr is alive! Is daemon: True
Thread joined
Exiting script
[1;34mwandb[0m: 
[1;34mwandb[0m: 🚀 View run [33mmy_run-bat_IQL_RNN_5M-20260406_191249[0m at: [34mhttps://wandb.ai/peterparsons02-eth-z-rich/my_experiment/runs/2r0qh5fm[0m
[1;34mwandb[0m: Find logs at: [1;35mwandb/run-20260406_191250-2r0qh5fm/logs[0m
Finished at: Tue Apr  7 02:42:53 CEST 2026
