Gym has been unmaintained since 2022 and does not support NumPy 2.0 amongst other critical functionality.
Please upgrade to Gymnasium, the maintained drop-in replacement of Gym, or contact the authors of your software and request that they upgrade.
Users of this version of Gym should be able to simply replace 'import gym' with 'import gymnasium as gym' in the vast majority of cases.
See the migration guide at https://gymnasium.farama.org/introduction/migration_guide/ for additional information.
src/main.py:81: DeprecationWarning: Using or importing the ABCs from 'collections' instead of from 'collections.abc' is deprecated since Python 3.3, and in 3.10 it will stop working
  if isinstance(v, collections.Mapping):
wandb: [wandb.login()] Loaded credentials for https://api.wandb.ai from /home/pparsons/.netrc.
wandb: Currently logged in as: peterparsons02 (peterparsons02-eth-z-rich) to https://api.wandb.ai. Use `wandb login --relogin` to force relogin
wandb: setting up run r04jp0y4
wandb: Tracking run with wandb version 0.24.1
wandb: Run data is saved locally in /usr/itetnas04/data-scratch-01/pparsons/data/MyExpoComm/wandb/run-20260429_215123-r04jp0y4
wandb: Run `wandb offline` to turn off syncing.
wandb: Syncing run my_run-IMPc50_IQL_RNN_44-20260429_215123
wandb: ⭐️ View project at https://wandb.ai/peterparsons02-eth-z-rich/my_experiment
wandb: 🚀 View run at https://wandb.ai/peterparsons02-eth-z-rich/my_experiment/runs/r04jp0y4
2026-04-29 21:51:25,787 - my_experiment - IMPc50_IQL_RNN_44 - my_run - INFO - Current directory: /usr/itetnas04/data-scratch-01/pparsons/data/MyExpoComm.
2026-04-29 21:51:25,788 - my_experiment - IMPc50_IQL_RNN_44 - my_run - INFO - Experiment Parameters:
2026-04-29 21:51:25,789 - my_experiment - IMPc50_IQL_RNN_44 - my_run - INFO - 

{   'action_selector': 'epsilon_greedy',
    'add_value_last_step': True,
    'agent': 'rnn',
    'agent_output_type': 'q',
    'batch_size': 64,
    'batch_size_run': 1,
    'buffer_cpu_only': True,
    'buffer_size': 2000,
    'checkpoint_path': '',
    'common_reward': True,
    'double_q': True,
    'env': 'struct_marl',
    'env_args': {   'campaign_cost': True,
                    'custom_param': {   'k_comp': 48},
                    'discount_reward': 0.95,
                    'env_correlation': True,
                    'map_name': 'struct_c_100',
                    'n_comp': 50,
                    'obs_all_d_rate': False,
                    'obs_alphas': True,
                    'obs_d_rate': False,
                    'obs_multiple': False,
                    'seed': 44,
                    'state_alphas': True,
                    'state_d_rate': True,
                    'state_obs': True,
                    'struct_type': 'struct'},
    'epsilon_anneal_time': 5000,
    'epsilon_finish': 0.05,
    'epsilon_start': 1.0,
    'evaluate': False,
    'evaluation_epsilon': 0.0,
    'exp_name': 'my_experiment',
    'gamma': 0.95,
    'global_reward': False,
    'grad_norm_clip': 10,
    'hidden_dim': 64,
    'hypergroup': None,
    'label': 'default_label',
    'learner': 'q_learner',
    'learner_log_interval': 25000,
    'load_step': 0,
    'local_results_path': 'results',
    'log_interval': 25000,
    'lr': 0.0005,
    'mac': 'basic_mac',
    'mixer': None,
    'name': 'IMPc50_IQL_RNN_44',
    'obs_agent_id': True,
    'obs_individual_obs': False,
    'obs_last_action': True,
    'optim_alpha': 0.99,
    'optim_eps': 1e-05,
    'render': False,
    'repeat_id': 1,
    'run_name': 'my_run',
    'runner': 'episode',
    'runner_log_interval': 25000,
    'save_model': True,
    'save_model_interval': 50000,
    'save_replay': False,
    'seed': 44,
    'standardise_returns': False,
    'standardise_rewards': True,
    't_max': 2050000,
    'target_update_interval_or_tau': 200,
    'test_greedy': True,
    'test_interval': 25000,
    'test_nepisode': 50,
    'use_cuda': True,
    'use_rnn': True,
    'use_tensorboard': True,
    'work_dir': 'work_dirs/my_experiment/IMPc50_IQL_RNN_44/my_run/20260429_215123'}

2026-04-29 21:51:27,897 - my_experiment - IMPc50_IQL_RNN_44 - my_run - INFO - Beginning training for 2050000 timesteps
2026-04-29 21:51:28,672 - my_experiment - IMPc50_IQL_RNN_44 - my_run - INFO - t_env: 30 / 2050000
2026-04-29 21:51:28,672 - my_experiment - IMPc50_IQL_RNN_44 - my_run - INFO - Estimated time left: 1 minutes, 3 seconds. Time passed: 0 seconds
2026-04-29 21:51:44,586 - my_experiment - IMPc50_IQL_RNN_44 - my_run - INFO - Saving models to work_dirs/my_experiment/IMPc50_IQL_RNN_44/my_run/20260429_215123/models/30
2026-04-29 21:55:51,799 - my_experiment - IMPc50_IQL_RNN_44 - my_run - INFO - Recent Stats | t_env:      25020 | Episode:      834
action_0_mean:             0.3307	action_1_mean:             0.3413	action_2_mean:             0.3280	ep_length_mean:           30.0000
epsilon:                   1.0000	grad_norm:                 0.2488	loss:                      1.0051	q_taken_mean:             -0.0003
return_mean:             -5139.6105	return_std:                0.0000	target_mean:               0.0005	td_error_abs:              0.7701
test_action_0_mean:        0.0000	test_action_1_mean:        0.9120	test_action_2_mean:        0.0880	test_ep_length_mean:      30.0000
test_return_mean:        -2938.5296	test_return_std:         906.4494	
2026-04-29 21:55:52,101 - my_experiment - IMPc50_IQL_RNN_44 - my_run - INFO - t_env: 25050 / 2050000
2026-04-29 21:55:52,101 - my_experiment - IMPc50_IQL_RNN_44 - my_run - INFO - Estimated time left: 5 hours, 55 minutes, 20 seconds. Time passed: 4 minutes, 24 seconds
2026-04-29 22:00:12,257 - my_experiment - IMPc50_IQL_RNN_44 - my_run - INFO - Saving models to work_dirs/my_experiment/IMPc50_IQL_RNN_44/my_run/20260429_215123/models/50040
2026-04-29 22:00:12,272 - my_experiment - IMPc50_IQL_RNN_44 - my_run - INFO - Recent Stats | t_env:      50040 | Episode:     1668
action_0_mean:             0.5142	action_1_mean:             0.2942	action_2_mean:             0.1916	ep_length_mean:           30.0000
epsilon:                   0.0500	grad_norm:                 0.3287	loss:                      0.7194	q_taken_mean:              0.0109
return_mean:             -3425.5909	return_std:              1140.8315	target_mean:               0.0115	td_error_abs:              0.5485
test_action_0_mean:        0.3655	test_action_1_mean:        0.5874	test_action_2_mean:        0.0471	test_ep_length_mean:      30.0000
test_return_mean:        -1942.6265	test_return_std:         856.5249	
2026-04-29 22:00:12,557 - my_experiment - IMPc50_IQL_RNN_44 - my_run - INFO - t_env: 50070 / 2050000
2026-04-29 22:00:12,558 - my_experiment - IMPc50_IQL_RNN_44 - my_run - INFO - Estimated time left: 5 hours, 46 minutes, 59 seconds. Time passed: 8 minutes, 44 seconds
2026-04-29 22:04:43,595 - my_experiment - IMPc50_IQL_RNN_44 - my_run - INFO - Recent Stats | t_env:      75060 | Episode:     2502
action_0_mean:             0.5795	action_1_mean:             0.2736	action_2_mean:             0.1468	ep_length_mean:           30.0000
epsilon:                   0.0500	grad_norm:                 0.5578	loss:                      0.6541	q_taken_mean:              0.0185
return_mean:             -2560.5434	return_std:              944.2986	target_mean:               0.0189	td_error_abs:              0.4848
test_action_0_mean:        0.4726	test_action_1_mean:        0.4878	test_action_2_mean:        0.0396	test_ep_length_mean:      30.0000
test_return_mean:        -1436.2338	test_return_std:         679.2271	
2026-04-29 22:04:43,885 - my_experiment - IMPc50_IQL_RNN_44 - my_run - INFO - t_env: 75090 / 2050000
2026-04-29 22:04:43,886 - my_experiment - IMPc50_IQL_RNN_44 - my_run - INFO - Estimated time left: 5 hours, 56 minutes, 56 seconds. Time passed: 13 minutes, 15 seconds
2026-04-29 22:09:19,189 - my_experiment - IMPc50_IQL_RNN_44 - my_run - INFO - Saving models to work_dirs/my_experiment/IMPc50_IQL_RNN_44/my_run/20260429_215123/models/100050
2026-04-29 22:09:19,535 - my_experiment - IMPc50_IQL_RNN_44 - my_run - INFO - Recent Stats | t_env:     100080 | Episode:     3336
action_0_mean:             0.5983	action_1_mean:             0.2821	action_2_mean:             0.1196	ep_length_mean:           30.0000
epsilon:                   0.0500	grad_norm:                 0.4569	loss:                      0.5490	q_taken_mean:              0.0241
return_mean:             -2086.8370	return_std:              798.5020	target_mean:               0.0243	td_error_abs:              0.4277
test_action_0_mean:        0.4908	test_action_1_mean:        0.4761	test_action_2_mean:        0.0330	test_ep_length_mean:      30.0000
test_return_mean:        -1173.0484	test_return_std:         604.1184	
2026-04-29 22:09:19,848 - my_experiment - IMPc50_IQL_RNN_44 - my_run - INFO - t_env: 100110 / 2050000
2026-04-29 22:09:19,848 - my_experiment - IMPc50_IQL_RNN_44 - my_run - INFO - Estimated time left: 5 hours, 58 minutes, 26 seconds. Time passed: 17 minutes, 51 seconds
2026-04-29 22:13:56,273 - my_experiment - IMPc50_IQL_RNN_44 - my_run - INFO - Recent Stats | t_env:     125100 | Episode:     4170
action_0_mean:             0.6096	action_1_mean:             0.2899	action_2_mean:             0.1005	ep_length_mean:           30.0000
epsilon:                   0.0500	grad_norm:                 0.4486	loss:                      0.4821	q_taken_mean:              0.0283
return_mean:             -1791.2749	return_std:              727.4150	target_mean:               0.0285	td_error_abs:              0.3882
test_action_0_mean:        0.5306	test_action_1_mean:        0.4410	test_action_2_mean:        0.0284	test_ep_length_mean:      30.0000
test_return_mean:        -984.5149	test_return_std:         535.3320	
2026-04-29 22:13:56,644 - my_experiment - IMPc50_IQL_RNN_44 - my_run - INFO - t_env: 125130 / 2050000
2026-04-29 22:13:56,645 - my_experiment - IMPc50_IQL_RNN_44 - my_run - INFO - Estimated time left: 5 hours, 54 minutes, 54 seconds. Time passed: 22 minutes, 28 seconds
2026-04-29 22:18:29,159 - my_experiment - IMPc50_IQL_RNN_44 - my_run - INFO - Saving models to work_dirs/my_experiment/IMPc50_IQL_RNN_44/my_run/20260429_215123/models/150060
2026-04-29 22:18:29,771 - my_experiment - IMPc50_IQL_RNN_44 - my_run - INFO - Recent Stats | t_env:     150120 | Episode:     5004
action_0_mean:             0.6695	action_1_mean:             0.2903	action_2_mean:             0.0402	ep_length_mean:           30.0000
epsilon:                   0.0500	grad_norm:                 0.4591	loss:                      0.3097	q_taken_mean:              0.0376
return_mean:             -869.2570	return_std:              779.0333	target_mean:               0.0377	td_error_abs:              0.2749
test_action_0_mean:        0.6596	test_action_1_mean:        0.3258	test_action_2_mean:        0.0146	test_ep_length_mean:      30.0000
test_return_mean:        -457.3732	test_return_std:         401.4617	
2026-04-29 22:18:30,085 - my_experiment - IMPc50_IQL_RNN_44 - my_run - INFO - t_env: 150150 / 2050000
2026-04-29 22:18:30,086 - my_experiment - IMPc50_IQL_RNN_44 - my_run - INFO - Estimated time left: 5 hours, 46 minutes, 3 seconds. Time passed: 27 minutes, 2 seconds
2026-04-29 22:22:52,752 - my_experiment - IMPc50_IQL_RNN_44 - my_run - INFO - Recent Stats | t_env:     175140 | Episode:     5838
action_0_mean:             0.6628	action_1_mean:             0.3017	action_2_mean:             0.0355	ep_length_mean:           30.0000
epsilon:                   0.0500	grad_norm:                 0.4335	loss:                      0.2516	q_taken_mean:              0.0418
return_mean:             -639.1727	return_std:              377.3223	target_mean:               0.0418	td_error_abs:              0.2521
test_action_0_mean:        0.6613	test_action_1_mean:        0.3235	test_action_2_mean:        0.0153	test_ep_length_mean:      30.0000
test_return_mean:        -308.2904	test_return_std:         294.2026	
2026-04-29 22:22:53,081 - my_experiment - IMPc50_IQL_RNN_44 - my_run - INFO - t_env: 175170 / 2050000
2026-04-29 22:22:53,082 - my_experiment - IMPc50_IQL_RNN_44 - my_run - INFO - Estimated time left: 5 hours, 28 minutes, 27 seconds. Time passed: 31 minutes, 25 seconds
2026-04-29 22:27:24,383 - my_experiment - IMPc50_IQL_RNN_44 - my_run - INFO - Saving models to work_dirs/my_experiment/IMPc50_IQL_RNN_44/my_run/20260429_215123/models/200070
2026-04-29 22:27:25,361 - my_experiment - IMPc50_IQL_RNN_44 - my_run - INFO - Recent Stats | t_env:     200160 | Episode:     6672
action_0_mean:             0.6660	action_1_mean:             0.3044	action_2_mean:             0.0297	ep_length_mean:           30.0000
epsilon:                   0.0500	grad_norm:                 0.2775	loss:                      0.1792	q_taken_mean:              0.0435
return_mean:             -582.3724	return_std:              332.3625	target_mean:               0.0436	td_error_abs:              0.2237
test_action_0_mean:        0.6816	test_action_1_mean:        0.3065	test_action_2_mean:        0.0119	test_ep_length_mean:      30.0000
test_return_mean:        -262.9267	test_return_std:         273.8167	
2026-04-29 22:27:25,678 - my_experiment - IMPc50_IQL_RNN_44 - my_run - INFO - t_env: 200190 / 2050000
2026-04-29 22:27:25,679 - my_experiment - IMPc50_IQL_RNN_44 - my_run - INFO - Estimated time left: 5 hours, 35 minutes, 53 seconds. Time passed: 35 minutes, 57 seconds
2026-04-29 22:32:00,649 - my_experiment - IMPc50_IQL_RNN_44 - my_run - INFO - Recent Stats | t_env:     225180 | Episode:     7506
action_0_mean:             0.6680	action_1_mean:             0.3049	action_2_mean:             0.0270	ep_length_mean:           30.0000
epsilon:                   0.0500	grad_norm:                 0.3078	loss:                      0.1678	q_taken_mean:              0.0432
return_mean:             -560.6109	return_std:              371.7129	target_mean:               0.0433	td_error_abs:              0.2152
test_action_0_mean:        0.7006	test_action_1_mean:        0.2890	test_action_2_mean:        0.0105	test_ep_length_mean:      30.0000
test_return_mean:        -232.5120	test_return_std:         269.0970	
2026-04-29 22:32:00,984 - my_experiment - IMPc50_IQL_RNN_44 - my_run - INFO - t_env: 225210 / 2050000
2026-04-29 22:32:00,985 - my_experiment - IMPc50_IQL_RNN_44 - my_run - INFO - Estimated time left: 5 hours, 34 minutes, 38 seconds. Time passed: 40 minutes, 33 seconds
2026-04-29 22:36:34,578 - my_experiment - IMPc50_IQL_RNN_44 - my_run - INFO - Saving models to work_dirs/my_experiment/IMPc50_IQL_RNN_44/my_run/20260429_215123/models/250080
2026-04-29 22:36:35,779 - my_experiment - IMPc50_IQL_RNN_44 - my_run - INFO - Recent Stats | t_env:     250200 | Episode:     8340
action_0_mean:             0.6681	action_1_mean:             0.3046	action_2_mean:             0.0273	ep_length_mean:           30.0000
epsilon:                   0.0500	grad_norm:                 0.2873	loss:                      0.1416	q_taken_mean:              0.0420
return_mean:             -539.2413	return_std:              337.8088	target_mean:               0.0422	td_error_abs:              0.2052
test_action_0_mean:        0.6870	test_action_1_mean:        0.3031	test_action_2_mean:        0.0100	test_ep_length_mean:      30.0000
test_return_mean:        -225.5086	test_return_std:         261.5418	
2026-04-29 22:36:36,103 - my_experiment - IMPc50_IQL_RNN_44 - my_run - INFO - t_env: 250230 / 2050000
2026-04-29 22:36:36,103 - my_experiment - IMPc50_IQL_RNN_44 - my_run - INFO - Estimated time left: 5 hours, 29 minutes, 50 seconds. Time passed: 45 minutes, 8 seconds
2026-04-29 22:40:58,086 - my_experiment - IMPc50_IQL_RNN_44 - my_run - INFO - Recent Stats | t_env:     275220 | Episode:     9174
action_0_mean:             0.6747	action_1_mean:             0.2981	action_2_mean:             0.0272	ep_length_mean:           30.0000
epsilon:                   0.0500	grad_norm:                 0.2616	loss:                      0.1383	q_taken_mean:              0.0403
return_mean:             -535.9994	return_std:              339.8633	target_mean:               0.0405	td_error_abs:              0.2030
test_action_0_mean:        0.7140	test_action_1_mean:        0.2790	test_action_2_mean:        0.0070	test_ep_length_mean:      30.0000
test_return_mean:        -202.1536	test_return_std:         254.0263	
2026-04-29 22:40:58,417 - my_experiment - IMPc50_IQL_RNN_44 - my_run - INFO - t_env: 275250 / 2050000
2026-04-29 22:40:58,418 - my_experiment - IMPc50_IQL_RNN_44 - my_run - INFO - Estimated time left: 5 hours, 10 minutes, 6 seconds. Time passed: 49 minutes, 30 seconds
2026-04-29 22:45:27,159 - my_experiment - IMPc50_IQL_RNN_44 - my_run - INFO - Saving models to work_dirs/my_experiment/IMPc50_IQL_RNN_44/my_run/20260429_215123/models/300090
2026-04-29 22:45:28,800 - my_experiment - IMPc50_IQL_RNN_44 - my_run - INFO - Recent Stats | t_env:     300240 | Episode:    10008
action_0_mean:             0.6882	action_1_mean:             0.2864	action_2_mean:             0.0255	ep_length_mean:           30.0000
epsilon:                   0.0500	grad_norm:                 0.2351	loss:                      0.1438	q_taken_mean:              0.0390
return_mean:             -526.5814	return_std:              341.9538	target_mean:               0.0391	td_error_abs:              0.2019
test_action_0_mean:        0.6907	test_action_1_mean:        0.3022	test_action_2_mean:        0.0070	test_ep_length_mean:      30.0000
test_return_mean:        -206.1895	test_return_std:         225.9163	
2026-04-29 22:45:29,131 - my_experiment - IMPc50_IQL_RNN_44 - my_run - INFO - t_env: 300270 / 2050000
2026-04-29 22:45:29,131 - my_experiment - IMPc50_IQL_RNN_44 - my_run - INFO - Estimated time left: 5 hours, 15 minutes, 31 seconds. Time passed: 54 minutes, 1 seconds
2026-04-29 22:50:04,433 - my_experiment - IMPc50_IQL_RNN_44 - my_run - INFO - Recent Stats | t_env:     325260 | Episode:    10842
action_0_mean:             0.6824	action_1_mean:             0.2929	action_2_mean:             0.0247	ep_length_mean:           30.0000
epsilon:                   0.0500	grad_norm:                 0.2952	loss:                      0.1306	q_taken_mean:              0.0379
return_mean:             -520.0995	return_std:              336.2810	target_mean:               0.0381	td_error_abs:              0.1945
test_action_0_mean:        0.6923	test_action_1_mean:        0.3015	test_action_2_mean:        0.0062	test_ep_length_mean:      30.0000
test_return_mean:        -192.4395	test_return_std:         208.5525	
2026-04-29 22:50:04,717 - my_experiment - IMPc50_IQL_RNN_44 - my_run - INFO - t_env: 325290 / 2050000
2026-04-29 22:50:04,717 - my_experiment - IMPc50_IQL_RNN_44 - my_run - INFO - Estimated time left: 5 hours, 16 minutes, 37 seconds. Time passed: 58 minutes, 36 seconds
2026-04-29 22:54:37,674 - my_experiment - IMPc50_IQL_RNN_44 - my_run - INFO - Saving models to work_dirs/my_experiment/IMPc50_IQL_RNN_44/my_run/20260429_215123/models/350100
2026-04-29 22:54:39,572 - my_experiment - IMPc50_IQL_RNN_44 - my_run - INFO - Recent Stats | t_env:     350280 | Episode:    11676
action_0_mean:             0.6750	action_1_mean:             0.3000	action_2_mean:             0.0250	ep_length_mean:           30.0000
epsilon:                   0.0500	grad_norm:                 0.3363	loss:                      0.1299	q_taken_mean:              0.0366
return_mean:             -510.6459	return_std:              321.7288	target_mean:               0.0367	td_error_abs:              0.1938
test_action_0_mean:        0.6860	test_action_1_mean:        0.3077	test_action_2_mean:        0.0063	test_ep_length_mean:      30.0000
test_return_mean:        -182.9415	test_return_std:         165.6263	
2026-04-29 22:54:39,876 - my_experiment - IMPc50_IQL_RNN_44 - my_run - INFO - t_env: 350310 / 2050000
2026-04-29 22:54:39,876 - my_experiment - IMPc50_IQL_RNN_44 - my_run - INFO - Estimated time left: 5 hours, 11 minutes, 32 seconds. Time passed: 1 hours, 3 minutes, 11 seconds
2026-04-29 22:59:15,346 - my_experiment - IMPc50_IQL_RNN_44 - my_run - INFO - Recent Stats | t_env:     375300 | Episode:    12510
action_0_mean:             0.6714	action_1_mean:             0.3041	action_2_mean:             0.0245	ep_length_mean:           30.0000
epsilon:                   0.0500	grad_norm:                 0.4204	loss:                      0.1357	q_taken_mean:              0.0359
return_mean:             -502.8217	return_std:              291.0772	target_mean:               0.0361	td_error_abs:              0.1943
test_action_0_mean:        0.6997	test_action_1_mean:        0.2942	test_action_2_mean:        0.0061	test_ep_length_mean:      30.0000
test_return_mean:        -181.5756	test_return_std:         151.5590	
2026-04-29 22:59:15,667 - my_experiment - IMPc50_IQL_RNN_44 - my_run - INFO - t_env: 375330 / 2050000
2026-04-29 22:59:15,668 - my_experiment - IMPc50_IQL_RNN_44 - my_run - INFO - Estimated time left: 5 hours, 7 minutes, 39 seconds. Time passed: 1 hours, 7 minutes, 47 seconds
2026-04-29 23:03:46,691 - my_experiment - IMPc50_IQL_RNN_44 - my_run - INFO - Saving models to work_dirs/my_experiment/IMPc50_IQL_RNN_44/my_run/20260429_215123/models/400110
2026-04-29 23:03:48,930 - my_experiment - IMPc50_IQL_RNN_44 - my_run - INFO - Recent Stats | t_env:     400320 | Episode:    13344
action_0_mean:             0.6655	action_1_mean:             0.3101	action_2_mean:             0.0244	ep_length_mean:           30.0000
epsilon:                   0.0500	grad_norm:                 0.4397	loss:                      0.1379	q_taken_mean:              0.0345
return_mean:             -502.0850	return_std:              275.9243	target_mean:               0.0346	td_error_abs:              0.1975
test_action_0_mean:        0.6541	test_action_1_mean:        0.3392	test_action_2_mean:        0.0068	test_ep_length_mean:      30.0000
test_return_mean:        -182.3839	test_return_std:         139.8134	
2026-04-29 23:03:49,227 - my_experiment - IMPc50_IQL_RNN_44 - my_run - INFO - t_env: 400350 / 2050000
2026-04-29 23:03:49,227 - my_experiment - IMPc50_IQL_RNN_44 - my_run - INFO - Estimated time left: 5 hours, 36 seconds. Time passed: 1 hours, 12 minutes, 21 seconds
2026-04-29 23:08:26,071 - my_experiment - IMPc50_IQL_RNN_44 - my_run - INFO - Recent Stats | t_env:     425340 | Episode:    14178
action_0_mean:             0.6474	action_1_mean:             0.3280	action_2_mean:             0.0246	ep_length_mean:           30.0000
epsilon:                   0.0500	grad_norm:                 0.4371	loss:                      0.1203	q_taken_mean:              0.0340
return_mean:             -492.8987	return_std:              244.2433	target_mean:               0.0341	td_error_abs:              0.1920
test_action_0_mean:        0.6842	test_action_1_mean:        0.3099	test_action_2_mean:        0.0059	test_ep_length_mean:      30.0000
test_return_mean:        -170.4476	test_return_std:         134.2505	
2026-04-29 23:08:26,420 - my_experiment - IMPc50_IQL_RNN_44 - my_run - INFO - t_env: 425370 / 2050000
2026-04-29 23:08:26,420 - my_experiment - IMPc50_IQL_RNN_44 - my_run - INFO - Estimated time left: 4 hours, 59 minutes, 59 seconds. Time passed: 1 hours, 16 minutes, 58 seconds
2026-04-29 23:13:03,191 - my_experiment - IMPc50_IQL_RNN_44 - my_run - INFO - Saving models to work_dirs/my_experiment/IMPc50_IQL_RNN_44/my_run/20260429_215123/models/450120
2026-04-29 23:13:05,818 - my_experiment - IMPc50_IQL_RNN_44 - my_run - INFO - Recent Stats | t_env:     450360 | Episode:    15012
action_0_mean:             0.6302	action_1_mean:             0.3452	action_2_mean:             0.0246	ep_length_mean:           30.0000
epsilon:                   0.0500	grad_norm:                 0.3721	loss:                      0.1193	q_taken_mean:              0.0330
return_mean:             -485.6068	return_std:              220.4069	target_mean:               0.0329	td_error_abs:              0.1942
test_action_0_mean:        0.6579	test_action_1_mean:        0.3359	test_action_2_mean:        0.0062	test_ep_length_mean:      30.0000
test_return_mean:        -177.0403	test_return_std:         132.8487	
2026-04-29 23:13:06,144 - my_experiment - IMPc50_IQL_RNN_44 - my_run - INFO - t_env: 450390 / 2050000
2026-04-29 23:13:06,145 - my_experiment - IMPc50_IQL_RNN_44 - my_run - INFO - Estimated time left: 4 hours, 58 minutes, 3 seconds. Time passed: 1 hours, 21 minutes, 38 seconds
2026-04-29 23:17:45,421 - my_experiment - IMPc50_IQL_RNN_44 - my_run - INFO - Recent Stats | t_env:     475380 | Episode:    15846
action_0_mean:             0.6247	action_1_mean:             0.3516	action_2_mean:             0.0237	ep_length_mean:           30.0000
epsilon:                   0.0500	grad_norm:                 0.3103	loss:                      0.1024	q_taken_mean:              0.0328
return_mean:             -473.9572	return_std:              150.2843	target_mean:               0.0328	td_error_abs:              0.1880
test_action_0_mean:        0.6553	test_action_1_mean:        0.3386	test_action_2_mean:        0.0061	test_ep_length_mean:      30.0000
test_return_mean:        -173.9227	test_return_std:         132.6148	
2026-04-29 23:17:45,720 - my_experiment - IMPc50_IQL_RNN_44 - my_run - INFO - t_env: 475410 / 2050000
2026-04-29 23:17:45,721 - my_experiment - IMPc50_IQL_RNN_44 - my_run - INFO - Estimated time left: 4 hours, 53 minutes, 14 seconds. Time passed: 1 hours, 26 minutes, 17 seconds
2026-04-29 23:22:12,741 - my_experiment - IMPc50_IQL_RNN_44 - my_run - INFO - Saving models to work_dirs/my_experiment/IMPc50_IQL_RNN_44/my_run/20260429_215123/models/500130
2026-04-29 23:22:15,616 - my_experiment - IMPc50_IQL_RNN_44 - my_run - INFO - Recent Stats | t_env:     500400 | Episode:    16680
action_0_mean:             0.6195	action_1_mean:             0.3569	action_2_mean:             0.0235	ep_length_mean:           30.0000
epsilon:                   0.0500	grad_norm:                 0.2301	loss:                      0.0920	q_taken_mean:              0.0322
return_mean:             -470.9279	return_std:              154.7573	target_mean:               0.0322	td_error_abs:              0.1849
test_action_0_mean:        0.6593	test_action_1_mean:        0.3350	test_action_2_mean:        0.0057	test_ep_length_mean:      30.0000
test_return_mean:        -162.1960	test_return_std:         121.2093	
2026-04-29 23:22:15,935 - my_experiment - IMPc50_IQL_RNN_44 - my_run - INFO - t_env: 500430 / 2050000
2026-04-29 23:22:15,935 - my_experiment - IMPc50_IQL_RNN_44 - my_run - INFO - Estimated time left: 4 hours, 38 minutes, 55 seconds. Time passed: 1 hours, 30 minutes, 48 seconds
2026-04-29 23:26:45,005 - my_experiment - IMPc50_IQL_RNN_44 - my_run - INFO - Recent Stats | t_env:     525420 | Episode:    17514
action_0_mean:             0.6264	action_1_mean:             0.3504	action_2_mean:             0.0231	ep_length_mean:           30.0000
epsilon:                   0.0500	grad_norm:                 0.3991	loss:                      0.1075	q_taken_mean:              0.0320
return_mean:             -465.6277	return_std:              206.1069	target_mean:               0.0322	td_error_abs:              0.1855
test_action_0_mean:        0.6993	test_action_1_mean:        0.2947	test_action_2_mean:        0.0060	test_ep_length_mean:      30.0000
test_return_mean:        -167.8512	test_return_std:         136.1689	
2026-04-29 23:26:45,341 - my_experiment - IMPc50_IQL_RNN_44 - my_run - INFO - t_env: 525450 / 2050000
2026-04-29 23:26:45,341 - my_experiment - IMPc50_IQL_RNN_44 - my_run - INFO - Estimated time left: 4 hours, 33 minutes, 35 seconds. Time passed: 1 hours, 35 minutes, 17 seconds
2026-04-29 23:31:29,911 - my_experiment - IMPc50_IQL_RNN_44 - my_run - INFO - Saving models to work_dirs/my_experiment/IMPc50_IQL_RNN_44/my_run/20260429_215123/models/550140
2026-04-29 23:31:33,128 - my_experiment - IMPc50_IQL_RNN_44 - my_run - INFO - Recent Stats | t_env:     550440 | Episode:    18348
action_0_mean:             0.6319	action_1_mean:             0.3449	action_2_mean:             0.0233	ep_length_mean:           30.0000
epsilon:                   0.0500	grad_norm:                 0.4353	loss:                      0.1095	q_taken_mean:              0.0316
return_mean:             -468.2775	return_std:              211.0678	target_mean:               0.0318	td_error_abs:              0.1868
test_action_0_mean:        0.6293	test_action_1_mean:        0.3646	test_action_2_mean:        0.0061	test_ep_length_mean:      30.0000
test_return_mean:        -176.5568	test_return_std:         129.3284	
2026-04-29 23:31:33,509 - my_experiment - IMPc50_IQL_RNN_44 - my_run - INFO - t_env: 550470 / 2050000
2026-04-29 23:31:33,509 - my_experiment - IMPc50_IQL_RNN_44 - my_run - INFO - Estimated time left: 4 hours, 47 minutes, 50 seconds. Time passed: 1 hours, 40 minutes, 5 seconds
2026-04-29 23:36:12,751 - my_experiment - IMPc50_IQL_RNN_44 - my_run - INFO - Recent Stats | t_env:     575460 | Episode:    19182
action_0_mean:             0.6216	action_1_mean:             0.3549	action_2_mean:             0.0235	ep_length_mean:           30.0000
epsilon:                   0.0500	grad_norm:                 0.4586	loss:                      0.1068	q_taken_mean:              0.0316
return_mean:             -469.4930	return_std:              203.7021	target_mean:               0.0318	td_error_abs:              0.1849
test_action_0_mean:        0.6069	test_action_1_mean:        0.3860	test_action_2_mean:        0.0070	test_ep_length_mean:      30.0000
test_return_mean:        -184.1548	test_return_std:         126.5223	
2026-04-29 23:36:13,056 - my_experiment - IMPc50_IQL_RNN_44 - my_run - INFO - t_env: 575490 / 2050000
2026-04-29 23:36:13,057 - my_experiment - IMPc50_IQL_RNN_44 - my_run - INFO - Estimated time left: 4 hours, 34 minutes, 34 seconds. Time passed: 1 hours, 44 minutes, 45 seconds
2026-04-29 23:40:49,191 - my_experiment - IMPc50_IQL_RNN_44 - my_run - INFO - Saving models to work_dirs/my_experiment/IMPc50_IQL_RNN_44/my_run/20260429_215123/models/600150
2026-04-29 23:40:52,621 - my_experiment - IMPc50_IQL_RNN_44 - my_run - INFO - Recent Stats | t_env:     600480 | Episode:    20016
action_0_mean:             0.6214	action_1_mean:             0.3550	action_2_mean:             0.0236	ep_length_mean:           30.0000
epsilon:                   0.0500	grad_norm:                 0.5856	loss:                      0.1073	q_taken_mean:              0.0309
return_mean:             -468.3241	return_std:              197.7401	target_mean:               0.0313	td_error_abs:              0.1890
test_action_0_mean:        0.6030	test_action_1_mean:        0.3901	test_action_2_mean:        0.0069	test_ep_length_mean:      30.0000
test_return_mean:        -180.1702	test_return_std:         114.2464	
2026-04-29 23:40:52,946 - my_experiment - IMPc50_IQL_RNN_44 - my_run - INFO - t_env: 600510 / 2050000
2026-04-29 23:40:52,946 - my_experiment - IMPc50_IQL_RNN_44 - my_run - INFO - Estimated time left: 4 hours, 30 minutes, 14 seconds. Time passed: 1 hours, 49 minutes, 25 seconds
2026-04-29 23:45:36,121 - my_experiment - IMPc50_IQL_RNN_44 - my_run - INFO - Recent Stats | t_env:     625500 | Episode:    20850
action_0_mean:             0.6093	action_1_mean:             0.3672	action_2_mean:             0.0235	ep_length_mean:           30.0000
epsilon:                   0.0500	grad_norm:                 0.5817	loss:                      0.1170	q_taken_mean:              0.0300
return_mean:             -468.3714	return_std:              196.2619	target_mean:               0.0302	td_error_abs:              0.1950
test_action_0_mean:        0.5815	test_action_1_mean:        0.4118	test_action_2_mean:        0.0067	test_ep_length_mean:      30.0000
test_return_mean:        -183.1948	test_return_std:         118.7208	
2026-04-29 23:45:36,462 - my_experiment - IMPc50_IQL_RNN_44 - my_run - INFO - t_env: 625530 / 2050000
2026-04-29 23:45:36,463 - my_experiment - IMPc50_IQL_RNN_44 - my_run - INFO - Estimated time left: 4 hours, 29 minutes, 1 seconds. Time passed: 1 hours, 54 minutes, 8 seconds
2026-04-29 23:50:23,103 - my_experiment - IMPc50_IQL_RNN_44 - my_run - INFO - Saving models to work_dirs/my_experiment/IMPc50_IQL_RNN_44/my_run/20260429_215123/models/650160
2026-04-29 23:50:27,071 - my_experiment - IMPc50_IQL_RNN_44 - my_run - INFO - Recent Stats | t_env:     650520 | Episode:    21684
action_0_mean:             0.5824	action_1_mean:             0.3947	action_2_mean:             0.0230	ep_length_mean:           30.0000
epsilon:                   0.0500	grad_norm:                 0.4296	loss:                      0.0895	q_taken_mean:              0.0299
return_mean:             -468.2800	return_std:              236.3079	target_mean:               0.0299	td_error_abs:              0.1899
test_action_0_mean:        0.5312	test_action_1_mean:        0.4633	test_action_2_mean:        0.0055	test_ep_length_mean:      30.0000
test_return_mean:        -169.6522	test_return_std:          93.0619	
2026-04-29 23:50:27,449 - my_experiment - IMPc50_IQL_RNN_44 - my_run - INFO - t_env: 650550 / 2050000
2026-04-29 23:50:27,449 - my_experiment - IMPc50_IQL_RNN_44 - my_run - INFO - Estimated time left: 4 hours, 31 minutes, 15 seconds. Time passed: 1 hours, 58 minutes, 59 seconds
2026-04-29 23:55:20,184 - my_experiment - IMPc50_IQL_RNN_44 - my_run - INFO - Recent Stats | t_env:     675540 | Episode:    22518
action_0_mean:             0.5466	action_1_mean:             0.4312	action_2_mean:             0.0222	ep_length_mean:           30.0000
epsilon:                   0.0500	grad_norm:                 0.6052	loss:                      0.0955	q_taken_mean:              0.0297
return_mean:             -470.6819	return_std:              310.5999	target_mean:               0.0295	td_error_abs:              0.1954
test_action_0_mean:        0.5465	test_action_1_mean:        0.4478	test_action_2_mean:        0.0057	test_ep_length_mean:      30.0000
test_return_mean:        -165.5581	test_return_std:         102.9353	
2026-04-29 23:55:20,532 - my_experiment - IMPc50_IQL_RNN_44 - my_run - INFO - t_env: 675570 / 2050000
2026-04-29 23:55:20,532 - my_experiment - IMPc50_IQL_RNN_44 - my_run - INFO - Estimated time left: 4 hours, 28 minutes, 20 seconds. Time passed: 2 hours, 3 minutes, 52 seconds
2026-04-29 23:59:53,073 - my_experiment - IMPc50_IQL_RNN_44 - my_run - INFO - Saving models to work_dirs/my_experiment/IMPc50_IQL_RNN_44/my_run/20260429_215123/models/700170
2026-04-29 23:59:57,487 - my_experiment - IMPc50_IQL_RNN_44 - my_run - INFO - Recent Stats | t_env:     700560 | Episode:    23352
action_0_mean:             0.5296	action_1_mean:             0.4483	action_2_mean:             0.0220	ep_length_mean:           30.0000
epsilon:                   0.0500	grad_norm:                 0.7744	loss:                      0.1256	q_taken_mean:              0.0295
return_mean:             -482.4892	return_std:              418.3408	target_mean:               0.0295	td_error_abs:              0.2051
test_action_0_mean:        0.5602	test_action_1_mean:        0.4351	test_action_2_mean:        0.0048	test_ep_length_mean:      30.0000
test_return_mean:        -177.3292	test_return_std:         168.3374	
2026-04-29 23:59:57,807 - my_experiment - IMPc50_IQL_RNN_44 - my_run - INFO - t_env: 700590 / 2050000
2026-04-29 23:59:57,808 - my_experiment - IMPc50_IQL_RNN_44 - my_run - INFO - Estimated time left: 4 hours, 9 minutes, 14 seconds. Time passed: 2 hours, 8 minutes, 29 seconds
2026-04-30 00:04:57,590 - my_experiment - IMPc50_IQL_RNN_44 - my_run - INFO - Recent Stats | t_env:     725580 | Episode:    24186
action_0_mean:             0.5226	action_1_mean:             0.4554	action_2_mean:             0.0219	ep_length_mean:           30.0000
epsilon:                   0.0500	grad_norm:                 0.7219	loss:                      0.1530	q_taken_mean:              0.0296
return_mean:             -495.1137	return_std:              493.5301	target_mean:               0.0296	td_error_abs:              0.2136
test_action_0_mean:        0.5322	test_action_1_mean:        0.4634	test_action_2_mean:        0.0044	test_ep_length_mean:      30.0000
test_return_mean:        -186.0870	test_return_std:         175.9642	
2026-04-30 00:04:57,902 - my_experiment - IMPc50_IQL_RNN_44 - my_run - INFO - t_env: 725610 / 2050000
2026-04-30 00:04:57,902 - my_experiment - IMPc50_IQL_RNN_44 - my_run - INFO - Estimated time left: 4 hours, 24 minutes, 44 seconds. Time passed: 2 hours, 13 minutes, 30 seconds
2026-04-30 00:09:37,060 - my_experiment - IMPc50_IQL_RNN_44 - my_run - INFO - Saving models to work_dirs/my_experiment/IMPc50_IQL_RNN_44/my_run/20260429_215123/models/750180
2026-04-30 00:09:41,234 - my_experiment - IMPc50_IQL_RNN_44 - my_run - INFO - Recent Stats | t_env:     750600 | Episode:    25020
action_0_mean:             0.5013	action_1_mean:             0.4766	action_2_mean:             0.0220	ep_length_mean:           30.0000
epsilon:                   0.0500	grad_norm:                 0.7254	loss:                      0.1542	q_taken_mean:              0.0298
return_mean:             -502.0978	return_std:              512.1216	target_mean:               0.0298	td_error_abs:              0.2170
test_action_0_mean:        0.5159	test_action_1_mean:        0.4795	test_action_2_mean:        0.0046	test_ep_length_mean:      30.0000
test_return_mean:        -191.9896	test_return_std:         180.2413	
2026-04-30 00:09:41,534 - my_experiment - IMPc50_IQL_RNN_44 - my_run - INFO - t_env: 750630 / 2050000
2026-04-30 00:09:41,534 - my_experiment - IMPc50_IQL_RNN_44 - my_run - INFO - Estimated time left: 4 hours, 5 minutes, 29 seconds. Time passed: 2 hours, 18 minutes, 13 seconds
2026-04-30 00:14:39,506 - my_experiment - IMPc50_IQL_RNN_44 - my_run - INFO - Recent Stats | t_env:     775620 | Episode:    25854
action_0_mean:             0.5028	action_1_mean:             0.4747	action_2_mean:             0.0225	ep_length_mean:           30.0000
epsilon:                   0.0500	grad_norm:                 0.9034	loss:                      0.1701	q_taken_mean:              0.0294
return_mean:             -509.0269	return_std:              542.7735	target_mean:               0.0293	td_error_abs:              0.2280
test_action_0_mean:        0.5441	test_action_1_mean:        0.4499	test_action_2_mean:        0.0060	test_ep_length_mean:      30.0000
test_return_mean:        -203.8767	test_return_std:         193.0956	
2026-04-30 00:14:39,923 - my_experiment - IMPc50_IQL_RNN_44 - my_run - INFO - t_env: 775650 / 2050000
2026-04-30 00:14:39,924 - my_experiment - IMPc50_IQL_RNN_44 - my_run - INFO - Estimated time left: 4 hours, 13 minutes, 17 seconds. Time passed: 2 hours, 23 minutes, 12 seconds
2026-04-30 00:19:33,745 - my_experiment - IMPc50_IQL_RNN_44 - my_run - INFO - Saving models to work_dirs/my_experiment/IMPc50_IQL_RNN_44/my_run/20260429_215123/models/800190
2026-04-30 00:19:38,902 - my_experiment - IMPc50_IQL_RNN_44 - my_run - INFO - Recent Stats | t_env:     800640 | Episode:    26688
action_0_mean:             0.4937	action_1_mean:             0.4841	action_2_mean:             0.0222	ep_length_mean:           30.0000
epsilon:                   0.0500	grad_norm:                 0.9343	loss:                      0.3416	q_taken_mean:              0.0283
return_mean:             -514.6780	return_std:              546.6119	target_mean:               0.0283	td_error_abs:              0.2473
test_action_0_mean:        0.4989	test_action_1_mean:        0.4961	test_action_2_mean:        0.0050	test_ep_length_mean:      30.0000
test_return_mean:        -208.4123	test_return_std:         184.1325	
2026-04-30 00:19:39,272 - my_experiment - IMPc50_IQL_RNN_44 - my_run - INFO - t_env: 800670 / 2050000
2026-04-30 00:19:39,272 - my_experiment - IMPc50_IQL_RNN_44 - my_run - INFO - Estimated time left: 4 hours, 9 minutes, 7 seconds. Time passed: 2 hours, 28 minutes, 11 seconds
2026-04-30 00:24:35,879 - my_experiment - IMPc50_IQL_RNN_44 - my_run - INFO - Recent Stats | t_env:     825660 | Episode:    27522
action_0_mean:             0.4903	action_1_mean:             0.4884	action_2_mean:             0.0213	ep_length_mean:           30.0000
epsilon:                   0.0500	grad_norm:                 0.7467	loss:                      0.3290	q_taken_mean:              0.0274
return_mean:             -496.7436	return_std:              431.6333	target_mean:               0.0272	td_error_abs:              0.2482
test_action_0_mean:        0.4410	test_action_1_mean:        0.5542	test_action_2_mean:        0.0048	test_ep_length_mean:      30.0000
test_return_mean:        -195.3402	test_return_std:         116.2770	
2026-04-30 00:24:36,248 - my_experiment - IMPc50_IQL_RNN_44 - my_run - INFO - t_env: 825690 / 2050000
2026-04-30 00:24:36,248 - my_experiment - IMPc50_IQL_RNN_44 - my_run - INFO - Estimated time left: 4 hours, 2 minutes, 11 seconds. Time passed: 2 hours, 33 minutes, 8 seconds
2026-04-30 00:29:24,378 - my_experiment - IMPc50_IQL_RNN_44 - my_run - INFO - Saving models to work_dirs/my_experiment/IMPc50_IQL_RNN_44/my_run/20260429_215123/models/850200
2026-04-30 00:29:29,931 - my_experiment - IMPc50_IQL_RNN_44 - my_run - INFO - Recent Stats | t_env:     850680 | Episode:    28356
action_0_mean:             0.4673	action_1_mean:             0.5111	action_2_mean:             0.0216	ep_length_mean:           30.0000
epsilon:                   0.0500	grad_norm:                 0.7740	loss:                      0.3166	q_taken_mean:              0.0268
return_mean:             -490.5913	return_std:              368.1393	target_mean:               0.0263	td_error_abs:              0.2431
test_action_0_mean:        0.4630	test_action_1_mean:        0.5322	test_action_2_mean:        0.0048	test_ep_length_mean:      30.0000
test_return_mean:        -182.8443	test_return_std:         108.3467	
2026-04-30 00:29:30,312 - my_experiment - IMPc50_IQL_RNN_44 - my_run - INFO - t_env: 850710 / 2050000
2026-04-30 00:29:30,313 - my_experiment - IMPc50_IQL_RNN_44 - my_run - INFO - Estimated time left: 3 hours, 54 minutes, 55 seconds. Time passed: 2 hours, 38 minutes, 2 seconds
2026-04-30 00:34:20,202 - my_experiment - IMPc50_IQL_RNN_44 - my_run - INFO - Recent Stats | t_env:     875700 | Episode:    29190
action_0_mean:             0.4737	action_1_mean:             0.5049	action_2_mean:             0.0213	ep_length_mean:           30.0000
epsilon:                   0.0500	grad_norm:                 0.7967	loss:                      0.3237	q_taken_mean:              0.0260
return_mean:             -487.0604	return_std:              426.6182	target_mean:               0.0256	td_error_abs:              0.2432
test_action_0_mean:        0.4525	test_action_1_mean:        0.5415	test_action_2_mean:        0.0060	test_ep_length_mean:      30.0000
test_return_mean:        -193.9896	test_return_std:         124.6737	
2026-04-30 00:34:20,529 - my_experiment - IMPc50_IQL_RNN_44 - my_run - INFO - t_env: 875730 / 2050000
2026-04-30 00:34:20,530 - my_experiment - IMPc50_IQL_RNN_44 - my_run - INFO - Estimated time left: 3 hours, 47 minutes, 0 seconds. Time passed: 2 hours, 42 minutes, 52 seconds
2026-04-30 00:39:04,937 - my_experiment - IMPc50_IQL_RNN_44 - my_run - INFO - Saving models to work_dirs/my_experiment/IMPc50_IQL_RNN_44/my_run/20260429_215123/models/900210
2026-04-30 00:39:11,299 - my_experiment - IMPc50_IQL_RNN_44 - my_run - INFO - Recent Stats | t_env:     900720 | Episode:    30024
action_0_mean:             0.4682	action_1_mean:             0.5107	action_2_mean:             0.0212	ep_length_mean:           30.0000
epsilon:                   0.0500	grad_norm:                 0.6620	loss:                      0.3142	q_taken_mean:              0.0257
return_mean:             -476.6853	return_std:              341.2136	target_mean:               0.0254	td_error_abs:              0.2372
test_action_0_mean:        0.4234	test_action_1_mean:        0.5712	test_action_2_mean:        0.0054	test_ep_length_mean:      30.0000
test_return_mean:        -188.1545	test_return_std:         114.2416	
2026-04-30 00:39:11,645 - my_experiment - IMPc50_IQL_RNN_44 - my_run - INFO - t_env: 900750 / 2050000
2026-04-30 00:39:11,645 - my_experiment - IMPc50_IQL_RNN_44 - my_run - INFO - Estimated time left: 3 hours, 42 minutes, 51 seconds. Time passed: 2 hours, 47 minutes, 43 seconds
2026-04-30 00:44:17,228 - my_experiment - IMPc50_IQL_RNN_44 - my_run - INFO - Recent Stats | t_env:     925740 | Episode:    30858
action_0_mean:             0.4763	action_1_mean:             0.5019	action_2_mean:             0.0218	ep_length_mean:           30.0000
epsilon:                   0.0500	grad_norm:                 0.4948	loss:                      0.1380	q_taken_mean:              0.0258
return_mean:             -468.8479	return_std:              309.0528	target_mean:               0.0256	td_error_abs:              0.2190
test_action_0_mean:        0.4330	test_action_1_mean:        0.5613	test_action_2_mean:        0.0057	test_ep_length_mean:      30.0000
test_return_mean:        -208.7403	test_return_std:         158.0729	
2026-04-30 00:44:17,510 - my_experiment - IMPc50_IQL_RNN_44 - my_run - INFO - t_env: 925770 / 2050000
2026-04-30 00:44:17,510 - my_experiment - IMPc50_IQL_RNN_44 - my_run - INFO - Estimated time left: 3 hours, 49 minutes, 3 seconds. Time passed: 2 hours, 52 minutes, 49 seconds
2026-04-30 00:49:13,378 - my_experiment - IMPc50_IQL_RNN_44 - my_run - INFO - Saving models to work_dirs/my_experiment/IMPc50_IQL_RNN_44/my_run/20260429_215123/models/950220
2026-04-30 00:49:19,857 - my_experiment - IMPc50_IQL_RNN_44 - my_run - INFO - Recent Stats | t_env:     950760 | Episode:    31692
action_0_mean:             0.4648	action_1_mean:             0.5132	action_2_mean:             0.0220	ep_length_mean:           30.0000
epsilon:                   0.0500	grad_norm:                 0.5664	loss:                      0.1248	q_taken_mean:              0.0256
return_mean:             -475.2111	return_std:              316.5599	target_mean:               0.0254	td_error_abs:              0.2164
test_action_0_mean:        0.4781	test_action_1_mean:        0.5156	test_action_2_mean:        0.0063	test_ep_length_mean:      30.0000
test_return_mean:        -227.4524	test_return_std:         203.5661	
2026-04-30 00:49:20,243 - my_experiment - IMPc50_IQL_RNN_44 - my_run - INFO - t_env: 950790 / 2050000
2026-04-30 00:49:20,243 - my_experiment - IMPc50_IQL_RNN_44 - my_run - INFO - Estimated time left: 3 hours, 41 minutes, 40 seconds. Time passed: 2 hours, 57 minutes, 52 seconds
2026-04-30 00:54:01,570 - my_experiment - IMPc50_IQL_RNN_44 - my_run - INFO - Recent Stats | t_env:     975780 | Episode:    32526
action_0_mean:             0.4542	action_1_mean:             0.5241	action_2_mean:             0.0218	ep_length_mean:           30.0000
epsilon:                   0.0500	grad_norm:                 0.4972	loss:                      0.1100	q_taken_mean:              0.0249
return_mean:             -474.3026	return_std:              308.7221	target_mean:               0.0250	td_error_abs:              0.2127
test_action_0_mean:        0.4722	test_action_1_mean:        0.5216	test_action_2_mean:        0.0062	test_ep_length_mean:      30.0000
test_return_mean:        -227.8066	test_return_std:         200.9341	
2026-04-30 00:54:01,890 - my_experiment - IMPc50_IQL_RNN_44 - my_run - INFO - t_env: 975810 / 2050000
2026-04-30 00:54:01,890 - my_experiment - IMPc50_IQL_RNN_44 - my_run - INFO - Estimated time left: 3 hours, 21 minutes, 31 seconds. Time passed: 3 hours, 2 minutes, 33 seconds
2026-04-30 00:58:36,049 - my_experiment - IMPc50_IQL_RNN_44 - my_run - INFO - Saving models to work_dirs/my_experiment/IMPc50_IQL_RNN_44/my_run/20260429_215123/models/1000230
2026-04-30 00:58:42,593 - my_experiment - IMPc50_IQL_RNN_44 - my_run - INFO - Recent Stats | t_env:    1000800 | Episode:    33360
action_0_mean:             0.4726	action_1_mean:             0.5057	action_2_mean:             0.0217	ep_length_mean:           30.0000
epsilon:                   0.0500	grad_norm:                 0.4735	loss:                      0.0950	q_taken_mean:              0.0252
return_mean:             -469.0942	return_std:              233.8897	target_mean:               0.0252	td_error_abs:              0.2083
test_action_0_mean:        0.5067	test_action_1_mean:        0.4884	test_action_2_mean:        0.0050	test_ep_length_mean:      30.0000
test_return_mean:        -210.6152	test_return_std:         176.0353	
2026-04-30 00:58:42,985 - my_experiment - IMPc50_IQL_RNN_44 - my_run - INFO - t_env: 1000830 / 2050000
2026-04-30 00:58:42,985 - my_experiment - IMPc50_IQL_RNN_44 - my_run - INFO - Estimated time left: 3 hours, 16 minutes, 27 seconds. Time passed: 3 hours, 7 minutes, 15 seconds
2026-04-30 01:03:18,467 - my_experiment - IMPc50_IQL_RNN_44 - my_run - INFO - Recent Stats | t_env:    1025820 | Episode:    34194
action_0_mean:             0.4817	action_1_mean:             0.4967	action_2_mean:             0.0216	ep_length_mean:           30.0000
epsilon:                   0.0500	grad_norm:                 0.4254	loss:                      0.0996	q_taken_mean:              0.0249
return_mean:             -466.2597	return_std:              185.2867	target_mean:               0.0250	td_error_abs:              0.2102
test_action_0_mean:        0.5092	test_action_1_mean:        0.4858	test_action_2_mean:        0.0050	test_ep_length_mean:      30.0000
test_return_mean:        -212.1010	test_return_std:         177.0725	
2026-04-30 01:03:18,784 - my_experiment - IMPc50_IQL_RNN_44 - my_run - INFO - t_env: 1025850 / 2050000
2026-04-30 01:03:18,784 - my_experiment - IMPc50_IQL_RNN_44 - my_run - INFO - Estimated time left: 3 hours, 8 minutes, 9 seconds. Time passed: 3 hours, 11 minutes, 50 seconds
2026-04-30 01:07:40,425 - my_experiment - IMPc50_IQL_RNN_44 - my_run - INFO - Saving models to work_dirs/my_experiment/IMPc50_IQL_RNN_44/my_run/20260429_215123/models/1050240
2026-04-30 01:07:46,949 - my_experiment - IMPc50_IQL_RNN_44 - my_run - INFO - Recent Stats | t_env:    1050840 | Episode:    35028
action_0_mean:             0.5063	action_1_mean:             0.4725	action_2_mean:             0.0212	ep_length_mean:           30.0000
epsilon:                   0.0500	grad_norm:                 0.4595	loss:                      0.0973	q_taken_mean:              0.0251
return_mean:             -456.3740	return_std:              127.8172	target_mean:               0.0251	td_error_abs:              0.2070
test_action_0_mean:        0.5694	test_action_1_mean:        0.4258	test_action_2_mean:        0.0048	test_ep_length_mean:      30.0000
test_return_mean:        -175.6649	test_return_std:         134.7304	
2026-04-30 01:07:47,247 - my_experiment - IMPc50_IQL_RNN_44 - my_run - INFO - t_env: 1050870 / 2050000
2026-04-30 01:07:47,247 - my_experiment - IMPc50_IQL_RNN_44 - my_run - INFO - Estimated time left: 2 hours, 58 minutes, 40 seconds. Time passed: 3 hours, 16 minutes, 19 seconds
2026-04-30 01:12:10,029 - my_experiment - IMPc50_IQL_RNN_44 - my_run - INFO - Recent Stats | t_env:    1075860 | Episode:    35862
action_0_mean:             0.5577	action_1_mean:             0.4213	action_2_mean:             0.0210	ep_length_mean:           30.0000
epsilon:                   0.0500	grad_norm:                 0.4126	loss:                      0.0971	q_taken_mean:              0.0255
return_mean:             -444.2936	return_std:              121.8050	target_mean:               0.0256	td_error_abs:              0.2066
test_action_0_mean:        0.5965	test_action_1_mean:        0.3994	test_action_2_mean:        0.0040	test_ep_length_mean:      30.0000
test_return_mean:        -141.1067	test_return_std:          83.2041	
2026-04-30 01:12:10,305 - my_experiment - IMPc50_IQL_RNN_44 - my_run - INFO - t_env: 1075890 / 2050000
2026-04-30 01:12:10,306 - my_experiment - IMPc50_IQL_RNN_44 - my_run - INFO - Estimated time left: 2 hours, 50 minutes, 41 seconds. Time passed: 3 hours, 20 minutes, 42 seconds
2026-04-30 01:16:31,159 - my_experiment - IMPc50_IQL_RNN_44 - my_run - INFO - Saving models to work_dirs/my_experiment/IMPc50_IQL_RNN_44/my_run/20260429_215123/models/1100250
2026-04-30 01:16:37,542 - my_experiment - IMPc50_IQL_RNN_44 - my_run - INFO - Recent Stats | t_env:    1100880 | Episode:    36696
action_0_mean:             0.6131	action_1_mean:             0.3661	action_2_mean:             0.0207	ep_length_mean:           30.0000
epsilon:                   0.0500	grad_norm:                 0.5567	loss:                      0.1000	q_taken_mean:              0.0266
return_mean:             -435.5282	return_std:              116.9715	target_mean:               0.0264	td_error_abs:              0.2112
test_action_0_mean:        0.6307	test_action_1_mean:        0.3643	test_action_2_mean:        0.0049	test_ep_length_mean:      30.0000
test_return_mean:        -153.7589	test_return_std:         113.1063	
2026-04-30 01:16:37,867 - my_experiment - IMPc50_IQL_RNN_44 - my_run - INFO - t_env: 1100910 / 2050000
2026-04-30 01:16:37,868 - my_experiment - IMPc50_IQL_RNN_44 - my_run - INFO - Estimated time left: 2 hours, 49 minutes, 9 seconds. Time passed: 3 hours, 25 minutes, 9 seconds
2026-04-30 01:21:02,521 - my_experiment - IMPc50_IQL_RNN_44 - my_run - INFO - Recent Stats | t_env:    1125900 | Episode:    37530
action_0_mean:             0.6280	action_1_mean:             0.3512	action_2_mean:             0.0208	ep_length_mean:           30.0000
epsilon:                   0.0500	grad_norm:                 0.6064	loss:                      0.1050	q_taken_mean:              0.0268
return_mean:             -433.3735	return_std:              107.6406	target_mean:               0.0267	td_error_abs:              0.2187
test_action_0_mean:        0.6570	test_action_1_mean:        0.3379	test_action_2_mean:        0.0051	test_ep_length_mean:      30.0000
test_return_mean:        -151.0732	test_return_std:         127.1738	
2026-04-30 01:21:02,854 - my_experiment - IMPc50_IQL_RNN_44 - my_run - INFO - t_env: 1125930 / 2050000
2026-04-30 01:21:02,855 - my_experiment - IMPc50_IQL_RNN_44 - my_run - INFO - Estimated time left: 2 hours, 43 minutes, 6 seconds. Time passed: 3 hours, 29 minutes, 34 seconds
2026-04-30 01:25:18,295 - my_experiment - IMPc50_IQL_RNN_44 - my_run - INFO - Saving models to work_dirs/my_experiment/IMPc50_IQL_RNN_44/my_run/20260429_215123/models/1150260
2026-04-30 01:25:25,199 - my_experiment - IMPc50_IQL_RNN_44 - my_run - INFO - Recent Stats | t_env:    1150920 | Episode:    38364
action_0_mean:             0.6480	action_1_mean:             0.3312	action_2_mean:             0.0208	ep_length_mean:           30.0000
epsilon:                   0.0500	grad_norm:                 0.5974	loss:                      0.0976	q_taken_mean:              0.0276
return_mean:             -438.6890	return_std:              201.4126	target_mean:               0.0274	td_error_abs:              0.2175
test_action_0_mean:        0.7021	test_action_1_mean:        0.2938	test_action_2_mean:        0.0041	test_ep_length_mean:      30.0000
test_return_mean:        -137.6309	test_return_std:         134.6745	
2026-04-30 01:25:25,513 - my_experiment - IMPc50_IQL_RNN_44 - my_run - INFO - t_env: 1150950 / 2050000
2026-04-30 01:25:25,513 - my_experiment - IMPc50_IQL_RNN_44 - my_run - INFO - Estimated time left: 2 hours, 37 minutes, 18 seconds. Time passed: 3 hours, 33 minutes, 57 seconds
2026-04-30 01:30:01,925 - my_experiment - IMPc50_IQL_RNN_44 - my_run - INFO - Recent Stats | t_env:    1175940 | Episode:    39198
action_0_mean:             0.6632	action_1_mean:             0.3159	action_2_mean:             0.0209	ep_length_mean:           30.0000
epsilon:                   0.0500	grad_norm:                 0.5424	loss:                      0.1053	q_taken_mean:              0.0281
return_mean:             -455.8477	return_std:              274.8828	target_mean:               0.0280	td_error_abs:              0.2245
test_action_0_mean:        0.7055	test_action_1_mean:        0.2905	test_action_2_mean:        0.0040	test_ep_length_mean:      30.0000
test_return_mean:        -137.4919	test_return_std:         134.7247	
2026-04-30 01:30:02,258 - my_experiment - IMPc50_IQL_RNN_44 - my_run - INFO - t_env: 1175970 / 2050000
2026-04-30 01:30:02,259 - my_experiment - IMPc50_IQL_RNN_44 - my_run - INFO - Estimated time left: 2 hours, 41 minutes, 7 seconds. Time passed: 3 hours, 38 minutes, 34 seconds
2026-04-30 01:34:35,379 - my_experiment - IMPc50_IQL_RNN_44 - my_run - INFO - Saving models to work_dirs/my_experiment/IMPc50_IQL_RNN_44/my_run/20260429_215123/models/1200270
2026-04-30 01:34:42,783 - my_experiment - IMPc50_IQL_RNN_44 - my_run - INFO - Recent Stats | t_env:    1200960 | Episode:    40032
action_0_mean:             0.6445	action_1_mean:             0.3345	action_2_mean:             0.0210	ep_length_mean:           30.0000
epsilon:                   0.0500	grad_norm:                 0.8604	loss:                      0.1969	q_taken_mean:              0.0278
return_mean:             -484.7725	return_std:              498.9354	target_mean:               0.0273	td_error_abs:              0.2469
test_action_0_mean:        0.6641	test_action_1_mean:        0.3320	test_action_2_mean:        0.0039	test_ep_length_mean:      30.0000
test_return_mean:        -143.9950	test_return_std:         137.5856	
2026-04-30 01:34:43,110 - my_experiment - IMPc50_IQL_RNN_44 - my_run - INFO - t_env: 1200990 / 2050000
2026-04-30 01:34:43,111 - my_experiment - IMPc50_IQL_RNN_44 - my_run - INFO - Estimated time left: 2 hours, 38 minutes, 50 seconds. Time passed: 3 hours, 43 minutes, 15 seconds
2026-04-30 01:39:13,535 - my_experiment - IMPc50_IQL_RNN_44 - my_run - INFO - Recent Stats | t_env:    1225980 | Episode:    40866
action_0_mean:             0.6173	action_1_mean:             0.3619	action_2_mean:             0.0207	ep_length_mean:           30.0000
epsilon:                   0.0500	grad_norm:                 3.1487	loss:                      0.3676	q_taken_mean:              0.0258
return_mean:             -485.6306	return_std:              500.0427	target_mean:               0.0252	td_error_abs:              0.2654
test_action_0_mean:        0.6530	test_action_1_mean:        0.3442	test_action_2_mean:        0.0028	test_ep_length_mean:      30.0000
test_return_mean:        -128.9262	test_return_std:         109.6549	
2026-04-30 01:39:13,872 - my_experiment - IMPc50_IQL_RNN_44 - my_run - INFO - t_env: 1226010 / 2050000
2026-04-30 01:39:13,872 - my_experiment - IMPc50_IQL_RNN_44 - my_run - INFO - Estimated time left: 2 hours, 28 minutes, 37 seconds. Time passed: 3 hours, 47 minutes, 45 seconds
2026-04-30 01:43:41,889 - my_experiment - IMPc50_IQL_RNN_44 - my_run - INFO - Saving models to work_dirs/my_experiment/IMPc50_IQL_RNN_44/my_run/20260429_215123/models/1250280
2026-04-30 01:43:49,565 - my_experiment - IMPc50_IQL_RNN_44 - my_run - INFO - Recent Stats | t_env:    1251000 | Episode:    41700
action_0_mean:             0.6110	action_1_mean:             0.3686	action_2_mean:             0.0204	ep_length_mean:           30.0000
epsilon:                   0.0500	grad_norm:                 7.3735	loss:                      1.2804	q_taken_mean:              0.0206
return_mean:             -488.3345	return_std:              519.1150	target_mean:               0.0203	td_error_abs:              0.3092
test_action_0_mean:        0.6236	test_action_1_mean:        0.3739	test_action_2_mean:        0.0025	test_ep_length_mean:      30.0000
test_return_mean:        -128.9267	test_return_std:          97.0301	
2026-04-30 01:43:49,952 - my_experiment - IMPc50_IQL_RNN_44 - my_run - INFO - t_env: 1251030 / 2050000
2026-04-30 01:43:49,953 - my_experiment - IMPc50_IQL_RNN_44 - my_run - INFO - Estimated time left: 2 hours, 26 minutes, 56 seconds. Time passed: 3 hours, 52 minutes, 22 seconds
2026-04-30 01:48:25,441 - my_experiment - IMPc50_IQL_RNN_44 - my_run - INFO - Recent Stats | t_env:    1276020 | Episode:    42534
action_0_mean:             0.5931	action_1_mean:             0.3867	action_2_mean:             0.0202	ep_length_mean:           30.0000
epsilon:                   0.0500	grad_norm:                 7.4584	loss:                      1.2828	q_taken_mean:              0.0207
return_mean:             -485.1714	return_std:              503.8030	target_mean:               0.0202	td_error_abs:              0.3092
test_action_0_mean:        0.5842	test_action_1_mean:        0.4129	test_action_2_mean:        0.0029	test_ep_length_mean:      30.0000
test_return_mean:        -137.0315	test_return_std:         100.2342	
2026-04-30 01:48:25,826 - my_experiment - IMPc50_IQL_RNN_44 - my_run - INFO - t_env: 1276050 / 2050000
2026-04-30 01:48:25,827 - my_experiment - IMPc50_IQL_RNN_44 - my_run - INFO - Estimated time left: 2 hours, 22 minutes, 13 seconds. Time passed: 3 hours, 56 minutes, 57 seconds
2026-04-30 01:52:50,075 - my_experiment - IMPc50_IQL_RNN_44 - my_run - INFO - Saving models to work_dirs/my_experiment/IMPc50_IQL_RNN_44/my_run/20260429_215123/models/1300290
2026-04-30 01:52:58,328 - my_experiment - IMPc50_IQL_RNN_44 - my_run - INFO - Recent Stats | t_env:    1301040 | Episode:    43368
action_0_mean:             0.5698	action_1_mean:             0.4098	action_2_mean:             0.0204	ep_length_mean:           30.0000
epsilon:                   0.0500	grad_norm:                 7.4716	loss:                      1.2966	q_taken_mean:              0.0200
return_mean:             -480.4750	return_std:              541.0727	target_mean:               0.0195	td_error_abs:              0.3109
test_action_0_mean:        0.5761	test_action_1_mean:        0.4204	test_action_2_mean:        0.0034	test_ep_length_mean:      30.0000
test_return_mean:        -141.4855	test_return_std:         105.5798	
2026-04-30 01:52:58,606 - my_experiment - IMPc50_IQL_RNN_44 - my_run - INFO - t_env: 1301070 / 2050000
2026-04-30 01:52:58,606 - my_experiment - IMPc50_IQL_RNN_44 - my_run - INFO - Estimated time left: 2 hours, 16 minutes, 5 seconds. Time passed: 4 hours, 1 minutes, 30 seconds
2026-04-30 01:57:26,089 - my_experiment - IMPc50_IQL_RNN_44 - my_run - INFO - Recent Stats | t_env:    1326060 | Episode:    44202
action_0_mean:             0.5743	action_1_mean:             0.4055	action_2_mean:             0.0203	ep_length_mean:           30.0000
epsilon:                   0.0500	grad_norm:                 7.5233	loss:                      1.2545	q_taken_mean:              0.0207
return_mean:             -455.4630	return_std:              341.4110	target_mean:               0.0204	td_error_abs:              0.2988
test_action_0_mean:        0.5909	test_action_1_mean:        0.4054	test_action_2_mean:        0.0037	test_ep_length_mean:      30.0000
test_return_mean:        -142.7917	test_return_std:         115.6789	
2026-04-30 01:57:26,366 - my_experiment - IMPc50_IQL_RNN_44 - my_run - INFO - t_env: 1326090 / 2050000
2026-04-30 01:57:26,367 - my_experiment - IMPc50_IQL_RNN_44 - my_run - INFO - Estimated time left: 2 hours, 9 minutes, 7 seconds. Time passed: 4 hours, 5 minutes, 58 seconds
2026-04-30 02:01:39,453 - my_experiment - IMPc50_IQL_RNN_44 - my_run - INFO - Saving models to work_dirs/my_experiment/IMPc50_IQL_RNN_44/my_run/20260429_215123/models/1350300
2026-04-30 02:01:46,878 - my_experiment - IMPc50_IQL_RNN_44 - my_run - INFO - Recent Stats | t_env:    1351080 | Episode:    45036
action_0_mean:             0.5931	action_1_mean:             0.3865	action_2_mean:             0.0204	ep_length_mean:           30.0000
epsilon:                   0.0500	grad_norm:                 6.0018	loss:                      1.2255	q_taken_mean:              0.0206
return_mean:             -459.6442	return_std:              358.1242	target_mean:               0.0203	td_error_abs:              0.2992
test_action_0_mean:        0.6028	test_action_1_mean:        0.3934	test_action_2_mean:        0.0038	test_ep_length_mean:      30.0000
test_return_mean:        -156.2638	test_return_std:         130.5915	
2026-04-30 02:01:47,177 - my_experiment - IMPc50_IQL_RNN_44 - my_run - INFO - t_env: 1351110 / 2050000
2026-04-30 02:01:47,178 - my_experiment - IMPc50_IQL_RNN_44 - my_run - INFO - Estimated time left: 2 hours, 1 minutes, 25 seconds. Time passed: 4 hours, 10 minutes, 19 seconds
2026-04-30 02:06:29,135 - my_experiment - IMPc50_IQL_RNN_44 - my_run - INFO - Recent Stats | t_env:    1376100 | Episode:    45870
action_0_mean:             0.6065	action_1_mean:             0.3728	action_2_mean:             0.0207	ep_length_mean:           30.0000
epsilon:                   0.0500	grad_norm:                 1.7992	loss:                      0.3233	q_taken_mean:              0.0252
return_mean:             -470.9796	return_std:              427.7540	target_mean:               0.0247	td_error_abs:              0.2595
test_action_0_mean:        0.6199	test_action_1_mean:        0.3762	test_action_2_mean:        0.0039	test_ep_length_mean:      30.0000
test_return_mean:        -206.0039	test_return_std:         253.3395	
2026-04-30 02:06:29,415 - my_experiment - IMPc50_IQL_RNN_44 - my_run - INFO - t_env: 1376130 / 2050000
2026-04-30 02:06:29,415 - my_experiment - IMPc50_IQL_RNN_44 - my_run - INFO - Estimated time left: 2 hours, 6 minutes, 41 seconds. Time passed: 4 hours, 15 minutes, 1 seconds
2026-04-30 02:10:59,155 - my_experiment - IMPc50_IQL_RNN_44 - my_run - INFO - Saving models to work_dirs/my_experiment/IMPc50_IQL_RNN_44/my_run/20260429_215123/models/1400310
2026-04-30 02:11:08,492 - my_experiment - IMPc50_IQL_RNN_44 - my_run - INFO - Recent Stats | t_env:    1401120 | Episode:    46704
action_0_mean:             0.5965	action_1_mean:             0.3823	action_2_mean:             0.0212	ep_length_mean:           30.0000
epsilon:                   0.0500	grad_norm:                 1.8428	loss:                      0.4132	q_taken_mean:              0.0233
return_mean:             -482.0497	return_std:              445.9169	target_mean:               0.0229	td_error_abs:              0.2807
test_action_0_mean:        0.6435	test_action_1_mean:        0.3527	test_action_2_mean:        0.0038	test_ep_length_mean:      30.0000
test_return_mean:        -201.8338	test_return_std:         245.2660	
2026-04-30 02:11:08,847 - my_experiment - IMPc50_IQL_RNN_44 - my_run - INFO - t_env: 1401150 / 2050000
2026-04-30 02:11:08,848 - my_experiment - IMPc50_IQL_RNN_44 - my_run - INFO - Estimated time left: 2 hours, 46 seconds. Time passed: 4 hours, 19 minutes, 40 seconds
2026-04-30 02:15:47,852 - my_experiment - IMPc50_IQL_RNN_44 - my_run - INFO - Recent Stats | t_env:    1426140 | Episode:    47538
action_0_mean:             0.5948	action_1_mean:             0.3842	action_2_mean:             0.0210	ep_length_mean:           30.0000
epsilon:                   0.0500	grad_norm:                 3.0474	loss:                      0.6305	q_taken_mean:              0.0210
return_mean:             -486.8253	return_std:              436.2262	target_mean:               0.0208	td_error_abs:              0.3078
test_action_0_mean:        0.6385	test_action_1_mean:        0.3579	test_action_2_mean:        0.0036	test_ep_length_mean:      30.0000
test_return_mean:        -202.2441	test_return_std:         239.7770	
2026-04-30 02:15:48,232 - my_experiment - IMPc50_IQL_RNN_44 - my_run - INFO - t_env: 1426170 / 2050000
2026-04-30 02:15:48,233 - my_experiment - IMPc50_IQL_RNN_44 - my_run - INFO - Estimated time left: 1 hours, 56 minutes, 5 seconds. Time passed: 4 hours, 24 minutes, 20 seconds
2026-04-30 02:20:20,242 - my_experiment - IMPc50_IQL_RNN_44 - my_run - INFO - Saving models to work_dirs/my_experiment/IMPc50_IQL_RNN_44/my_run/20260429_215123/models/1450320
2026-04-30 02:20:29,174 - my_experiment - IMPc50_IQL_RNN_44 - my_run - INFO - Recent Stats | t_env:    1451160 | Episode:    48372
action_0_mean:             0.5871	action_1_mean:             0.3916	action_2_mean:             0.0213	ep_length_mean:           30.0000
epsilon:                   0.0500	grad_norm:                 2.9234	loss:                      0.6627	q_taken_mean:              0.0188
return_mean:             -489.8943	return_std:              417.0776	target_mean:               0.0188	td_error_abs:              0.3155
test_action_0_mean:        0.6362	test_action_1_mean:        0.3588	test_action_2_mean:        0.0050	test_ep_length_mean:      30.0000
test_return_mean:        -212.8061	test_return_std:         244.9396	
2026-04-30 02:20:29,460 - my_experiment - IMPc50_IQL_RNN_44 - my_run - INFO - t_env: 1451190 / 2050000
2026-04-30 02:20:29,460 - my_experiment - IMPc50_IQL_RNN_44 - my_run - INFO - Estimated time left: 1 hours, 52 minutes, 10 seconds. Time passed: 4 hours, 29 minutes, 1 seconds
2026-04-30 02:24:58,898 - my_experiment - IMPc50_IQL_RNN_44 - my_run - INFO - Recent Stats | t_env:    1476180 | Episode:    49206
action_0_mean:             0.5669	action_1_mean:             0.4113	action_2_mean:             0.0218	ep_length_mean:           30.0000
epsilon:                   0.0500	grad_norm:                 2.4427	loss:                      0.5378	q_taken_mean:              0.0201
return_mean:             -492.2483	return_std:              417.6387	target_mean:               0.0204	td_error_abs:              0.3078
test_action_0_mean:        0.6082	test_action_1_mean:        0.3862	test_action_2_mean:        0.0056	test_ep_length_mean:      30.0000
test_return_mean:        -208.1110	test_return_std:         240.4624	
2026-04-30 02:24:59,170 - my_experiment - IMPc50_IQL_RNN_44 - my_run - INFO - t_env: 1476210 / 2050000
2026-04-30 02:24:59,170 - my_experiment - IMPc50_IQL_RNN_44 - my_run - INFO - Estimated time left: 1 hours, 43 minutes, 5 seconds. Time passed: 4 hours, 33 minutes, 31 seconds
2026-04-30 02:29:16,571 - my_experiment - IMPc50_IQL_RNN_44 - my_run - INFO - Saving models to work_dirs/my_experiment/IMPc50_IQL_RNN_44/my_run/20260429_215123/models/1500330
2026-04-30 02:29:24,986 - my_experiment - IMPc50_IQL_RNN_44 - my_run - INFO - Recent Stats | t_env:    1501200 | Episode:    50040
action_0_mean:             0.5567	action_1_mean:             0.4212	action_2_mean:             0.0220	ep_length_mean:           30.0000
epsilon:                   0.0500	grad_norm:                 4.7961	loss:                      0.6748	q_taken_mean:              0.0183
return_mean:             -489.5463	return_std:              373.7288	target_mean:               0.0185	td_error_abs:              0.3308
test_action_0_mean:        0.6012	test_action_1_mean:        0.3933	test_action_2_mean:        0.0055	test_ep_length_mean:      30.0000
test_return_mean:        -172.6090	test_return_std:         161.2574	
2026-04-30 02:29:25,255 - my_experiment - IMPc50_IQL_RNN_44 - my_run - INFO - t_env: 1501230 / 2050000
2026-04-30 02:29:25,256 - my_experiment - IMPc50_IQL_RNN_44 - my_run - INFO - Estimated time left: 1 hours, 37 minutes, 16 seconds. Time passed: 4 hours, 37 minutes, 57 seconds
2026-04-30 02:33:53,012 - my_experiment - IMPc50_IQL_RNN_44 - my_run - INFO - Recent Stats | t_env:    1526220 | Episode:    50874
action_0_mean:             0.5816	action_1_mean:             0.3961	action_2_mean:             0.0224	ep_length_mean:           30.0000
epsilon:                   0.0500	grad_norm:                 4.8768	loss:                      0.5990	q_taken_mean:              0.0185
return_mean:             -494.1684	return_std:              366.2657	target_mean:               0.0189	td_error_abs:              0.3234
test_action_0_mean:        0.5955	test_action_1_mean:        0.3974	test_action_2_mean:        0.0071	test_ep_length_mean:      30.0000
test_return_mean:        -214.1798	test_return_std:         291.5142	
2026-04-30 02:33:53,315 - my_experiment - IMPc50_IQL_RNN_44 - my_run - INFO - t_env: 1526250 / 2050000
2026-04-30 02:33:53,316 - my_experiment - IMPc50_IQL_RNN_44 - my_run - INFO - Estimated time left: 1 hours, 33 minutes, 31 seconds. Time passed: 4 hours, 42 minutes, 25 seconds
2026-04-30 02:38:32,418 - my_experiment - IMPc50_IQL_RNN_44 - my_run - INFO - Saving models to work_dirs/my_experiment/IMPc50_IQL_RNN_44/my_run/20260429_215123/models/1550340
2026-04-30 02:38:41,924 - my_experiment - IMPc50_IQL_RNN_44 - my_run - INFO - Recent Stats | t_env:    1551240 | Episode:    51708
action_0_mean:             0.5928	action_1_mean:             0.3839	action_2_mean:             0.0233	ep_length_mean:           30.0000
epsilon:                   0.0500	grad_norm:                 4.0425	loss:                      0.4281	q_taken_mean:              0.0196
return_mean:             -493.4582	return_std:              320.9138	target_mean:               0.0196	td_error_abs:              0.3147
test_action_0_mean:        0.5817	test_action_1_mean:        0.4114	test_action_2_mean:        0.0070	test_ep_length_mean:      30.0000
test_return_mean:        -213.4828	test_return_std:         289.8371	
2026-04-30 02:38:42,315 - my_experiment - IMPc50_IQL_RNN_44 - my_run - INFO - t_env: 1551270 / 2050000
2026-04-30 02:38:42,315 - my_experiment - IMPc50_IQL_RNN_44 - my_run - INFO - Estimated time left: 1 hours, 36 minutes, 0 seconds. Time passed: 4 hours, 47 minutes, 14 seconds
2026-04-30 02:43:24,902 - my_experiment - IMPc50_IQL_RNN_44 - my_run - INFO - Recent Stats | t_env:    1576260 | Episode:    52542
action_0_mean:             0.5802	action_1_mean:             0.3964	action_2_mean:             0.0234	ep_length_mean:           30.0000
epsilon:                   0.0500	grad_norm:                 4.9672	loss:                      0.4480	q_taken_mean:              0.0195
return_mean:             -502.6069	return_std:              387.3833	target_mean:               0.0201	td_error_abs:              0.3293
test_action_0_mean:        0.5918	test_action_1_mean:        0.4026	test_action_2_mean:        0.0056	test_ep_length_mean:      30.0000
test_return_mean:        -207.5729	test_return_std:         321.5284	
2026-04-30 02:43:25,293 - my_experiment - IMPc50_IQL_RNN_44 - my_run - INFO - t_env: 1576290 / 2050000
2026-04-30 02:43:25,294 - my_experiment - IMPc50_IQL_RNN_44 - my_run - INFO - Estimated time left: 1 hours, 29 minutes, 17 seconds. Time passed: 4 hours, 51 minutes, 57 seconds
2026-04-30 02:48:02,045 - my_experiment - IMPc50_IQL_RNN_44 - my_run - INFO - Saving models to work_dirs/my_experiment/IMPc50_IQL_RNN_44/my_run/20260429_215123/models/1600350
2026-04-30 02:48:12,972 - my_experiment - IMPc50_IQL_RNN_44 - my_run - INFO - Recent Stats | t_env:    1601280 | Episode:    53376
action_0_mean:             0.5794	action_1_mean:             0.3971	action_2_mean:             0.0234	ep_length_mean:           30.0000
epsilon:                   0.0500	grad_norm:                 5.1419	loss:                      0.5173	q_taken_mean:              0.0183
return_mean:             -503.8493	return_std:              400.3639	target_mean:               0.0182	td_error_abs:              0.3384
test_action_0_mean:        0.5808	test_action_1_mean:        0.4136	test_action_2_mean:        0.0057	test_ep_length_mean:      30.0000
test_return_mean:        -211.6393	test_return_std:         341.3693	
2026-04-30 02:48:13,308 - my_experiment - IMPc50_IQL_RNN_44 - my_run - INFO - t_env: 1601310 / 2050000
2026-04-30 02:48:13,309 - my_experiment - IMPc50_IQL_RNN_44 - my_run - INFO - Estimated time left: 1 hours, 26 minutes, 5 seconds. Time passed: 4 hours, 56 minutes, 45 seconds
2026-04-30 02:52:50,991 - my_experiment - IMPc50_IQL_RNN_44 - my_run - INFO - Recent Stats | t_env:    1626300 | Episode:    54210
action_0_mean:             0.5544	action_1_mean:             0.4219	action_2_mean:             0.0237	ep_length_mean:           30.0000
epsilon:                   0.0500	grad_norm:                 2.8920	loss:                      0.5223	q_taken_mean:              0.0183
return_mean:             -505.7603	return_std:              413.3615	target_mean:               0.0185	td_error_abs:              0.3360
test_action_0_mean:        0.5568	test_action_1_mean:        0.4372	test_action_2_mean:        0.0061	test_ep_length_mean:      30.0000
test_return_mean:        -202.5776	test_return_std:         294.8598	
2026-04-30 02:52:51,315 - my_experiment - IMPc50_IQL_RNN_44 - my_run - INFO - t_env: 1626330 / 2050000
2026-04-30 02:52:51,315 - my_experiment - IMPc50_IQL_RNN_44 - my_run - INFO - Estimated time left: 1 hours, 18 minutes, 27 seconds. Time passed: 5 hours, 1 minutes, 23 seconds
2026-04-30 02:57:29,146 - my_experiment - IMPc50_IQL_RNN_44 - my_run - INFO - Saving models to work_dirs/my_experiment/IMPc50_IQL_RNN_44/my_run/20260429_215123/models/1650360
2026-04-30 02:57:39,305 - my_experiment - IMPc50_IQL_RNN_44 - my_run - INFO - Recent Stats | t_env:    1651320 | Episode:    55044
action_0_mean:             0.5384	action_1_mean:             0.4381	action_2_mean:             0.0234	ep_length_mean:           30.0000
epsilon:                   0.0500	grad_norm:                 2.9531	loss:                      0.6216	q_taken_mean:              0.0187
return_mean:             -503.6565	return_std:              385.7547	target_mean:               0.0186	td_error_abs:              0.3409
test_action_0_mean:        0.5461	test_action_1_mean:        0.4478	test_action_2_mean:        0.0061	test_ep_length_mean:      30.0000
test_return_mean:        -207.8623	test_return_std:         305.1111	
2026-04-30 02:57:39,626 - my_experiment - IMPc50_IQL_RNN_44 - my_run - INFO - t_env: 1651350 / 2050000
2026-04-30 02:57:39,626 - my_experiment - IMPc50_IQL_RNN_44 - my_run - INFO - Estimated time left: 1 hours, 16 minutes, 33 seconds. Time passed: 5 hours, 6 minutes, 11 seconds
2026-04-30 03:02:15,103 - my_experiment - IMPc50_IQL_RNN_44 - my_run - INFO - Recent Stats | t_env:    1676340 | Episode:    55878
action_0_mean:             0.5143	action_1_mean:             0.4624	action_2_mean:             0.0233	ep_length_mean:           30.0000
epsilon:                   0.0500	grad_norm:                 2.8646	loss:                      0.6624	q_taken_mean:              0.0185
return_mean:             -515.4557	return_std:              437.9640	target_mean:               0.0186	td_error_abs:              0.3412
test_action_0_mean:        0.5453	test_action_1_mean:        0.4474	test_action_2_mean:        0.0074	test_ep_length_mean:      30.0000
test_return_mean:        -217.8925	test_return_std:         309.4242	
2026-04-30 03:02:15,382 - my_experiment - IMPc50_IQL_RNN_44 - my_run - INFO - t_env: 1676370 / 2050000
2026-04-30 03:02:15,382 - my_experiment - IMPc50_IQL_RNN_44 - my_run - INFO - Estimated time left: 1 hours, 8 minutes, 37 seconds. Time passed: 5 hours, 10 minutes, 47 seconds
2026-04-30 03:06:20,062 - my_experiment - IMPc50_IQL_RNN_44 - my_run - INFO - Saving models to work_dirs/my_experiment/IMPc50_IQL_RNN_44/my_run/20260429_215123/models/1700370
2026-04-30 03:06:30,476 - my_experiment - IMPc50_IQL_RNN_44 - my_run - INFO - Recent Stats | t_env:    1701360 | Episode:    56712
action_0_mean:             0.5345	action_1_mean:             0.4412	action_2_mean:             0.0243	ep_length_mean:           30.0000
epsilon:                   0.0500	grad_norm:                 2.0450	loss:                      0.6985	q_taken_mean:              0.0185
return_mean:             -525.4189	return_std:              465.0503	target_mean:               0.0181	td_error_abs:              0.3379
test_action_0_mean:        0.5599	test_action_1_mean:        0.4320	test_action_2_mean:        0.0081	test_ep_length_mean:      30.0000
test_return_mean:        -217.2188	test_return_std:         286.6212	
2026-04-30 03:06:30,757 - my_experiment - IMPc50_IQL_RNN_44 - my_run - INFO - t_env: 1701390 / 2050000
2026-04-30 03:06:30,757 - my_experiment - IMPc50_IQL_RNN_44 - my_run - INFO - Estimated time left: 59 minutes, 18 seconds. Time passed: 5 hours, 15 minutes, 2 seconds
2026-04-30 03:10:55,985 - my_experiment - IMPc50_IQL_RNN_44 - my_run - INFO - Recent Stats | t_env:    1726380 | Episode:    57546
action_0_mean:             0.5743	action_1_mean:             0.4013	action_2_mean:             0.0244	ep_length_mean:           30.0000
epsilon:                   0.0500	grad_norm:                 1.9242	loss:                      0.8869	q_taken_mean:              0.0167
return_mean:             -536.5803	return_std:              475.6898	target_mean:               0.0167	td_error_abs:              0.3573
test_action_0_mean:        0.5949	test_action_1_mean:        0.3966	test_action_2_mean:        0.0086	test_ep_length_mean:      30.0000
test_return_mean:        -219.7018	test_return_std:         260.4604	
2026-04-30 03:10:56,318 - my_experiment - IMPc50_IQL_RNN_44 - my_run - INFO - t_env: 1726410 / 2050000
2026-04-30 03:10:56,319 - my_experiment - IMPc50_IQL_RNN_44 - my_run - INFO - Estimated time left: 57 minutes, 14 seconds. Time passed: 5 hours, 19 minutes, 28 seconds
2026-04-30 03:15:10,214 - my_experiment - IMPc50_IQL_RNN_44 - my_run - INFO - Saving models to work_dirs/my_experiment/IMPc50_IQL_RNN_44/my_run/20260429_215123/models/1750380
2026-04-30 03:15:21,336 - my_experiment - IMPc50_IQL_RNN_44 - my_run - INFO - Recent Stats | t_env:    1751400 | Episode:    58380
action_0_mean:             0.6028	action_1_mean:             0.3726	action_2_mean:             0.0245	ep_length_mean:           30.0000
epsilon:                   0.0500	grad_norm:                 2.4115	loss:                      0.8415	q_taken_mean:              0.0159
return_mean:             -546.6012	return_std:              496.9735	target_mean:               0.0158	td_error_abs:              0.3596
test_action_0_mean:        0.5893	test_action_1_mean:        0.4016	test_action_2_mean:        0.0091	test_ep_length_mean:      30.0000
test_return_mean:        -238.4426	test_return_std:         291.0329	
2026-04-30 03:15:21,749 - my_experiment - IMPc50_IQL_RNN_44 - my_run - INFO - t_env: 1751430 / 2050000
2026-04-30 03:15:21,750 - my_experiment - IMPc50_IQL_RNN_44 - my_run - INFO - Estimated time left: 52 minutes, 47 seconds. Time passed: 5 hours, 23 minutes, 53 seconds
2026-04-30 03:19:57,949 - my_experiment - IMPc50_IQL_RNN_44 - my_run - INFO - Recent Stats | t_env:    1776420 | Episode:    59214
action_0_mean:             0.6152	action_1_mean:             0.3590	action_2_mean:             0.0258	ep_length_mean:           30.0000
epsilon:                   0.0500	grad_norm:                 2.4294	loss:                      0.7904	q_taken_mean:              0.0140
return_mean:             -548.9803	return_std:              474.9652	target_mean:               0.0141	td_error_abs:              0.3677
test_action_0_mean:        0.5778	test_action_1_mean:        0.4138	test_action_2_mean:        0.0084	test_ep_length_mean:      30.0000
test_return_mean:        -210.8230	test_return_std:         213.1955	
2026-04-30 03:19:58,344 - my_experiment - IMPc50_IQL_RNN_44 - my_run - INFO - t_env: 1776450 / 2050000
2026-04-30 03:19:58,344 - my_experiment - IMPc50_IQL_RNN_44 - my_run - INFO - Estimated time left: 50 minutes, 24 seconds. Time passed: 5 hours, 28 minutes, 30 seconds
2026-04-30 03:24:26,737 - my_experiment - IMPc50_IQL_RNN_44 - my_run - INFO - Saving models to work_dirs/my_experiment/IMPc50_IQL_RNN_44/my_run/20260429_215123/models/1800390
2026-04-30 03:24:38,137 - my_experiment - IMPc50_IQL_RNN_44 - my_run - INFO - Recent Stats | t_env:    1801440 | Episode:    60048
action_0_mean:             0.6240	action_1_mean:             0.3508	action_2_mean:             0.0252	ep_length_mean:           30.0000
epsilon:                   0.0500	grad_norm:                 2.3484	loss:                      0.9221	q_taken_mean:              0.0131
return_mean:             -530.2264	return_std:              409.5287	target_mean:               0.0133	td_error_abs:              0.3784
test_action_0_mean:        0.5929	test_action_1_mean:        0.3997	test_action_2_mean:        0.0074	test_ep_length_mean:      30.0000
test_return_mean:        -213.1958	test_return_std:         261.0218	
2026-04-30 03:24:38,439 - my_experiment - IMPc50_IQL_RNN_44 - my_run - INFO - t_env: 1801470 / 2050000
2026-04-30 03:24:38,439 - my_experiment - IMPc50_IQL_RNN_44 - my_run - INFO - Estimated time left: 46 minutes, 22 seconds. Time passed: 5 hours, 33 minutes, 10 seconds
2026-04-30 03:29:09,937 - my_experiment - IMPc50_IQL_RNN_44 - my_run - INFO - Recent Stats | t_env:    1826460 | Episode:    60882
action_0_mean:             0.6076	action_1_mean:             0.3682	action_2_mean:             0.0242	ep_length_mean:           30.0000
epsilon:                   0.0500	grad_norm:                 2.1870	loss:                      0.8314	q_taken_mean:              0.0142
return_mean:             -519.6993	return_std:              390.9434	target_mean:               0.0141	td_error_abs:              0.3657
test_action_0_mean:        0.5468	test_action_1_mean:        0.4458	test_action_2_mean:        0.0074	test_ep_length_mean:      30.0000
test_return_mean:        -219.5046	test_return_std:         250.1420	
2026-04-30 03:29:10,227 - my_experiment - IMPc50_IQL_RNN_44 - my_run - INFO - t_env: 1826490 / 2050000
2026-04-30 03:29:10,227 - my_experiment - IMPc50_IQL_RNN_44 - my_run - INFO - Estimated time left: 40 minutes, 27 seconds. Time passed: 5 hours, 37 minutes, 42 seconds
2026-04-30 03:33:21,356 - my_experiment - IMPc50_IQL_RNN_44 - my_run - INFO - Saving models to work_dirs/my_experiment/IMPc50_IQL_RNN_44/my_run/20260429_215123/models/1850400
2026-04-30 03:33:32,321 - my_experiment - IMPc50_IQL_RNN_44 - my_run - INFO - Recent Stats | t_env:    1851480 | Episode:    61716
action_0_mean:             0.5740	action_1_mean:             0.4014	action_2_mean:             0.0246	ep_length_mean:           30.0000
epsilon:                   0.0500	grad_norm:                 2.5248	loss:                      1.2005	q_taken_mean:              0.0141
return_mean:             -516.4592	return_std:              411.7031	target_mean:               0.0136	td_error_abs:              0.3678
test_action_0_mean:        0.5368	test_action_1_mean:        0.4566	test_action_2_mean:        0.0066	test_ep_length_mean:      30.0000
test_return_mean:        -209.1619	test_return_std:         254.4186	
2026-04-30 03:33:32,628 - my_experiment - IMPc50_IQL_RNN_44 - my_run - INFO - t_env: 1851510 / 2050000
2026-04-30 03:33:32,628 - my_experiment - IMPc50_IQL_RNN_44 - my_run - INFO - Estimated time left: 34 minutes, 41 seconds. Time passed: 5 hours, 42 minutes, 4 seconds
2026-04-30 03:37:53,079 - my_experiment - IMPc50_IQL_RNN_44 - my_run - INFO - Recent Stats | t_env:    1876500 | Episode:    62550
action_0_mean:             0.5712	action_1_mean:             0.4044	action_2_mean:             0.0245	ep_length_mean:           30.0000
epsilon:                   0.0500	grad_norm:                 3.2542	loss:                      1.3845	q_taken_mean:              0.0129
return_mean:             -506.3912	return_std:              407.2804	target_mean:               0.0123	td_error_abs:              0.3850
test_action_0_mean:        0.5629	test_action_1_mean:        0.4308	test_action_2_mean:        0.0063	test_ep_length_mean:      30.0000
test_return_mean:        -187.2936	test_return_std:         241.9819	
2026-04-30 03:37:53,362 - my_experiment - IMPc50_IQL_RNN_44 - my_run - INFO - t_env: 1876530 / 2050000
2026-04-30 03:37:53,362 - my_experiment - IMPc50_IQL_RNN_44 - my_run - INFO - Estimated time left: 30 minutes, 7 seconds. Time passed: 5 hours, 46 minutes, 25 seconds
2026-04-30 03:41:59,645 - my_experiment - IMPc50_IQL_RNN_44 - my_run - INFO - Saving models to work_dirs/my_experiment/IMPc50_IQL_RNN_44/my_run/20260429_215123/models/1900410
2026-04-30 03:42:10,370 - my_experiment - IMPc50_IQL_RNN_44 - my_run - INFO - Recent Stats | t_env:    1901520 | Episode:    63384
action_0_mean:             0.5720	action_1_mean:             0.4045	action_2_mean:             0.0236	ep_length_mean:           30.0000
epsilon:                   0.0500	grad_norm:                 3.0926	loss:                      1.3991	q_taken_mean:              0.0140
return_mean:             -496.7322	return_std:              406.9132	target_mean:               0.0132	td_error_abs:              0.3852
test_action_0_mean:        0.6115	test_action_1_mean:        0.3826	test_action_2_mean:        0.0060	test_ep_length_mean:      30.0000
test_return_mean:        -176.0594	test_return_std:         203.1593	
2026-04-30 03:42:10,645 - my_experiment - IMPc50_IQL_RNN_44 - my_run - INFO - t_env: 1901550 / 2050000
2026-04-30 03:42:10,646 - my_experiment - IMPc50_IQL_RNN_44 - my_run - INFO - Estimated time left: 25 minutes, 26 seconds. Time passed: 5 hours, 50 minutes, 42 seconds
2026-04-30 03:46:23,693 - my_experiment - IMPc50_IQL_RNN_44 - my_run - INFO - Recent Stats | t_env:    1926540 | Episode:    64218
action_0_mean:             0.5967	action_1_mean:             0.3796	action_2_mean:             0.0237	ep_length_mean:           30.0000
epsilon:                   0.0500	grad_norm:                 3.9898	loss:                      1.2817	q_taken_mean:              0.0147
return_mean:             -501.5087	return_std:              417.7273	target_mean:               0.0136	td_error_abs:              0.3764
test_action_0_mean:        0.6417	test_action_1_mean:        0.3525	test_action_2_mean:        0.0059	test_ep_length_mean:      30.0000
test_return_mean:        -161.7114	test_return_std:         157.1610	
2026-04-30 03:46:23,962 - my_experiment - IMPc50_IQL_RNN_44 - my_run - INFO - t_env: 1926570 / 2050000
2026-04-30 03:46:23,962 - my_experiment - IMPc50_IQL_RNN_44 - my_run - INFO - Estimated time left: 20 minutes, 49 seconds. Time passed: 5 hours, 54 minutes, 56 seconds
2026-04-30 03:50:28,484 - my_experiment - IMPc50_IQL_RNN_44 - my_run - INFO - Saving models to work_dirs/my_experiment/IMPc50_IQL_RNN_44/my_run/20260429_215123/models/1950420
2026-04-30 03:50:40,002 - my_experiment - IMPc50_IQL_RNN_44 - my_run - INFO - Recent Stats | t_env:    1951560 | Episode:    65052
action_0_mean:             0.6334	action_1_mean:             0.3426	action_2_mean:             0.0240	ep_length_mean:           30.0000
epsilon:                   0.0500	grad_norm:                 3.9387	loss:                      1.3160	q_taken_mean:              0.0132
return_mean:             -500.4271	return_std:              376.5687	target_mean:               0.0124	td_error_abs:              0.3855
test_action_0_mean:        0.6923	test_action_1_mean:        0.3015	test_action_2_mean:        0.0062	test_ep_length_mean:      30.0000
test_return_mean:        -191.1247	test_return_std:         242.6458	
2026-04-30 03:50:40,317 - my_experiment - IMPc50_IQL_RNN_44 - my_run - INFO - t_env: 1951590 / 2050000
2026-04-30 03:50:40,318 - my_experiment - IMPc50_IQL_RNN_44 - my_run - INFO - Estimated time left: 16 minutes, 48 seconds. Time passed: 5 hours, 59 minutes, 12 seconds
2026-04-30 03:54:59,987 - my_experiment - IMPc50_IQL_RNN_44 - my_run - INFO - Recent Stats | t_env:    1976580 | Episode:    65886
action_0_mean:             0.6576	action_1_mean:             0.3186	action_2_mean:             0.0238	ep_length_mean:           30.0000
epsilon:                   0.0500	grad_norm:                 3.6244	loss:                      0.9427	q_taken_mean:              0.0141
return_mean:             -498.7454	return_std:              355.1034	target_mean:               0.0133	td_error_abs:              0.3865
test_action_0_mean:        0.7066	test_action_1_mean:        0.2870	test_action_2_mean:        0.0064	test_ep_length_mean:      30.0000
test_return_mean:        -207.5107	test_return_std:         276.5532	
2026-04-30 03:55:00,373 - my_experiment - IMPc50_IQL_RNN_44 - my_run - INFO - t_env: 1976610 / 2050000
2026-04-30 03:55:00,373 - my_experiment - IMPc50_IQL_RNN_44 - my_run - INFO - Estimated time left: 12 minutes, 42 seconds. Time passed: 6 hours, 3 minutes, 32 seconds
2026-04-30 03:59:09,795 - my_experiment - IMPc50_IQL_RNN_44 - my_run - INFO - Saving models to work_dirs/my_experiment/IMPc50_IQL_RNN_44/my_run/20260429_215123/models/2000430
2026-04-30 03:59:21,289 - my_experiment - IMPc50_IQL_RNN_44 - my_run - INFO - Recent Stats | t_env:    2001600 | Episode:    66720
action_0_mean:             0.6622	action_1_mean:             0.3142	action_2_mean:             0.0237	ep_length_mean:           30.0000
epsilon:                   0.0500	grad_norm:                 2.3305	loss:                      0.6896	q_taken_mean:              0.0165
return_mean:             -507.8661	return_std:              365.4978	target_mean:               0.0159	td_error_abs:              0.3612
test_action_0_mean:        0.7065	test_action_1_mean:        0.2864	test_action_2_mean:        0.0071	test_ep_length_mean:      30.0000
test_return_mean:        -243.4972	test_return_std:         350.8126	
2026-04-30 03:59:21,626 - my_experiment - IMPc50_IQL_RNN_44 - my_run - INFO - t_env: 2001630 / 2050000
2026-04-30 03:59:21,627 - my_experiment - IMPc50_IQL_RNN_44 - my_run - INFO - Estimated time left: 8 minutes, 25 seconds. Time passed: 6 hours, 7 minutes, 53 seconds
2026-04-30 04:03:48,775 - my_experiment - IMPc50_IQL_RNN_44 - my_run - INFO - Recent Stats | t_env:    2026620 | Episode:    67554
action_0_mean:             0.6652	action_1_mean:             0.3114	action_2_mean:             0.0234	ep_length_mean:           30.0000
epsilon:                   0.0500	grad_norm:                 2.5385	loss:                      0.6346	q_taken_mean:              0.0161
return_mean:             -508.0043	return_std:              352.8433	target_mean:               0.0158	td_error_abs:              0.3538
test_action_0_mean:        0.6796	test_action_1_mean:        0.3137	test_action_2_mean:        0.0067	test_ep_length_mean:      30.0000
test_return_mean:        -243.4669	test_return_std:         338.0493	
2026-04-30 04:03:49,111 - my_experiment - IMPc50_IQL_RNN_44 - my_run - INFO - t_env: 2026650 / 2050000
2026-04-30 04:03:49,112 - my_experiment - IMPc50_IQL_RNN_44 - my_run - INFO - Estimated time left: 4 minutes, 9 seconds. Time passed: 6 hours, 12 minutes, 21 seconds
2026-04-30 04:08:01,111 - my_experiment - IMPc50_IQL_RNN_44 - my_run - INFO - Finished Training
