JOB ID: 1921611
Running on node: tikgpu03
Project Directory: /usr/itetnas04/data-scratch-01/pparsons/data/MyExpoComm
--------------------------------
Algorithm:   qmix_ExpoComm_one_peer_n7_cont
Environment: IMP_struct_c_50_cc
Profile:     IMPc50_ExpoComm_44
--------------------------------
Conda activated: /usr/itetnas04/data-scratch-01/pparsons/data/conda_envs/ExpoComm
Starting Run...
Exiting Main
Stopping all threads
Thread wandb-AsyncioManager-main is alive! Is daemon: True
Thread joined
Thread ChkStopThr is alive! Is daemon: True
Thread joined
Thread IntMsgThr is alive! Is daemon: True
Thread joined
Exiting script
[1;34mwandb[0m: 
[1;34mwandb[0m: 🚀 View run [33mmy_run-IMPc50_ExpoComm_44-20260429_055755[0m at: [34mhttps://wandb.ai/peterparsons02-eth-z-rich/my_experiment/runs/hyh7zsch[0m
[1;34mwandb[0m: Find logs at: [1;35mwandb/run-20260429_055756-hyh7zsch/logs[0m
Finished at: Wed Apr 29 14:01:15 CEST 2026
