JOB ID: 1921613
Running on node: tikgpu03
Project Directory: /usr/itetnas04/data-scratch-01/pparsons/data/MyExpoComm
--------------------------------
Algorithm:   iql
Environment: IMP_struct_c_50_cc
Profile:     IMPc50_IQL_RNN_44
--------------------------------
Conda activated: /usr/itetnas04/data-scratch-01/pparsons/data/conda_envs/ExpoComm
Starting Run...
Exiting Main
Stopping all threads
Thread wandb-AsyncioManager-main is alive! Is daemon: True
Thread joined
Thread ChkStopThr is alive! Is daemon: True
Thread joined
Thread IntMsgThr is alive! Is daemon: True
Thread joined
Exiting script
[1;34mwandb[0m: 
[1;34mwandb[0m: 🚀 View run [33mmy_run-IMPc50_IQL_RNN_44-20260429_215123[0m at: [34mhttps://wandb.ai/peterparsons02-eth-z-rich/my_experiment/runs/r04jp0y4[0m
[1;34mwandb[0m: Find logs at: [1;35mwandb/run-20260429_215123-r04jp0y4/logs[0m
Finished at: Thu Apr 30 04:08:06 CEST 2026
