JOB ID: 1917716
Running on node: tikgpu03
Project Directory: /usr/itetnas04/data-scratch-01/pparsons/data/MyExpoComm
--------------------------------
Algorithm:   iql
Environment: IMP_struct_c_50_cc
Profile:     IMPc50_IQL_RNN_43
--------------------------------
Conda activated: /usr/itetnas04/data-scratch-01/pparsons/data/conda_envs/ExpoComm
Starting Run...
Exiting Main
Stopping all threads
Thread wandb-AsyncioManager-main is alive! Is daemon: True
Thread joined
Thread ChkStopThr is alive! Is daemon: True
Thread joined
Thread IntMsgThr is alive! Is daemon: True
Thread joined
Exiting script
[1;34mwandb[0m: 
[1;34mwandb[0m: 🚀 View run [33mmy_run-IMPc50_IQL_RNN_43-20260428_084011[0m at: [34mhttps://wandb.ai/peterparsons02-eth-z-rich/my_experiment/runs/f0o7ig8k[0m
[1;34mwandb[0m: Find logs at: [1;35mwandb/run-20260428_084012-f0o7ig8k/logs[0m
Finished at: Tue Apr 28 15:01:51 CEST 2026
