JOB ID: 1930946
Running on node: artongpu02
Project Directory: /usr/itetnas04/data-scratch-01/pparsons/data/MyExpoComm
--------------------------------
Algorithm:   qmix_ExpoComm_one_peer_n7_cont
Environment: IMP_owf_50_cc
Profile:     IMPowf50_ExpoComm_44
--------------------------------
Conda activated: /usr/itetnas04/data-scratch-01/pparsons/data/conda_envs/ExpoComm
Starting Run...
Exiting Main
Stopping all threads
Thread wandb-AsyncioManager-main is alive! Is daemon: True
Thread joined
Thread ChkStopThr is alive! Is daemon: True
Thread joined
Thread IntMsgThr is alive! Is daemon: True
Thread joined
Exiting script
[1;34mwandb[0m: 
[1;34mwandb[0m: 🚀 View run [33mmy_run-IMPowf50_ExpoComm_44-20260430_104152[0m at: [34mhttps://wandb.ai/peterparsons02-eth-z-rich/my_experiment/runs/47p1owyl[0m
[1;34mwandb[0m: Find logs at: [1;35mwandb/run-20260430_104153-47p1owyl/logs[0m
Finished at: Thu Apr 30 18:48:02 CEST 2026
