Gym has been unmaintained since 2022 and does not support NumPy 2.0 amongst other critical functionality.
Please upgrade to Gymnasium, the maintained drop-in replacement of Gym, or contact the authors of your software and request that they upgrade.
Users of this version of Gym should be able to simply replace 'import gym' with 'import gymnasium as gym' in the vast majority of cases.
See the migration guide at https://gymnasium.farama.org/introduction/migration_guide/ for additional information.
src/main.py:81: DeprecationWarning: Using or importing the ABCs from 'collections' instead of from 'collections.abc' is deprecated since Python 3.3, and in 3.10 it will stop working
  if isinstance(v, collections.Mapping):
wandb: [wandb.login()] Loaded credentials for https://api.wandb.ai from /home/pparsons/.netrc.
wandb: Currently logged in as: peterparsons02 (peterparsons02-eth-z-rich) to https://api.wandb.ai. Use `wandb login --relogin` to force relogin
wandb: setting up run 78fa43cj
wandb: Tracking run with wandb version 0.24.1
wandb: Run data is saved locally in /usr/itetnas04/data-scratch-01/pparsons/data/MyExpoComm/wandb/run-20260428_155756-78fa43cj
wandb: Run `wandb offline` to turn off syncing.
wandb: Syncing run my_run-IMPowf100_ExpoComm_43-20260428_155754
wandb: ⭐️ View project at https://wandb.ai/peterparsons02-eth-z-rich/my_experiment
wandb: 🚀 View run at https://wandb.ai/peterparsons02-eth-z-rich/my_experiment/runs/78fa43cj
/usr/itetnas04/data-scratch-01/pparsons/data/conda_envs/ExpoComm/lib/python3.8/site-packages/torch/cuda/__init__.py:88: UserWarning: CUDA initialization: CUDA driver initialization failed, you might not have a CUDA gpu. (Triggered internally at ../c10/cuda/CUDAFunctions.cpp:109.)
  return torch._C._cuda_getDeviceCount() > 0
2026-04-28 15:58:01,587 - my_experiment - IMPowf100_ExpoComm_43 - my_run - WARNING - CUDA flag use_cuda was switched OFF automatically because no CUDA devices are available!
2026-04-28 15:58:01,588 - my_experiment - IMPowf100_ExpoComm_43 - my_run - INFO - Current directory: /usr/itetnas04/data-scratch-01/pparsons/data/MyExpoComm.
2026-04-28 15:58:01,588 - my_experiment - IMPowf100_ExpoComm_43 - my_run - INFO - Experiment Parameters:
2026-04-28 15:58:01,590 - my_experiment - IMPowf100_ExpoComm_43 - my_run - INFO - 

{   'action_selector': 'epsilon_greedy',
    'add_value_last_step': True,
    'agent': 'ExpoComm_one_peer_cont',
    'agent_output_type': 'q',
    'aux_coef': 0.1,
    'batch_size': 64,
    'batch_size_run': 1,
    'buffer_cpu_only': True,
    'buffer_size': 2000,
    'checkpoint_path': '',
    'common_reward': True,
    'double_q': True,
    'env': 'struct_marl',
    'env_args': {   'campaign_cost': True,
                    'custom_param': {   'lev': 3},
                    'discount_reward': 0.95,
                    'env_correlation': False,
                    'map_name': 'owf_100',
                    'n_comp': 100,
                    'obs_all_d_rate': False,
                    'obs_alphas': False,
                    'obs_d_rate': False,
                    'obs_multiple': False,
                    'seed': 43,
                    'state_alphas': False,
                    'state_d_rate': False,
                    'state_obs': True,
                    'struct_type': 'owf'},
    'epsilon_anneal_time': 5000,
    'epsilon_finish': 0.05,
    'epsilon_start': 1.0,
    'evaluate': False,
    'evaluation_epsilon': 0.0,
    'exp_name': 'my_experiment',
    'gamma': 0.95,
    'global_reward': False,
    'grad_norm_clip': 10,
    'hidden_dim': 64,
    'hypergroup': None,
    'hypernet_embed': 64,
    'hypernet_layers': 2,
    'label': 'default_label',
    'learner': 'cont_q_learner',
    'learner_log_interval': 25000,
    'load_step': 0,
    'local_results_path': 'results',
    'log_interval': 25000,
    'lr': 0.0005,
    'mac': 'ExpoComm_mac',
    'mixer': 'qmix',
    'mixing_embed_dim': 64,
    'name': 'IMPowf100_ExpoComm_43',
    'neg_num': 20,
    'obs_agent_id': True,
    'obs_individual_obs': False,
    'obs_last_action': True,
    'one_peer': True,
    'optim_alpha': 0.99,
    'optim_eps': 1e-05,
    'pos_flag': False,
    'render': False,
    'repeat_id': 1,
    'run_name': 'my_run',
    'runner': 'episode',
    'runner_log_interval': 25000,
    'save_model': True,
    'save_model_interval': 50000,
    'save_replay': False,
    'seed': 43,
    'standardise_returns': False,
    'standardise_rewards': True,
    't_max': 2050000,
    'target_update_interval_or_tau': 200,
    'temperature': 0.07,
    'test_greedy': True,
    'test_interval': 25000,
    'test_nepisode': 50,
    'topk_neighbors': 7,
    'use_cuda': False,
    'use_rnn': True,
    'use_tensorboard': True,
    'work_dir': 'work_dirs/my_experiment/IMPowf100_ExpoComm_43/my_run/20260428_155754'}

2026-04-28 15:58:02,782 - my_experiment - IMPowf100_ExpoComm_43 - my_run - INFO - Beginning training for 2050000 timesteps
2026-04-28 15:58:04,137 - my_experiment - IMPowf100_ExpoComm_43 - my_run - INFO - t_env: 20 / 2050000
2026-04-28 15:58:04,137 - my_experiment - IMPowf100_ExpoComm_43 - my_run - INFO - Estimated time left: 1 minutes, 51 seconds. Time passed: 1 seconds
2026-04-28 15:58:19,338 - my_experiment - IMPowf100_ExpoComm_43 - my_run - INFO - Saving models to work_dirs/my_experiment/IMPowf100_ExpoComm_43/my_run/20260428_155754/models/20
2026-04-28 20:16:55,587 - my_experiment - IMPowf100_ExpoComm_43 - my_run - INFO - Recent Stats | t_env:      25000 | Episode:     1250
action_0_mean:             0.3342	action_1_mean:             0.3360	action_2_mean:             0.3297	ep_length_mean:           20.0000
epsilon:                   1.0000	grad_norm:               465.6595	info_nce_loss:             3.0374	loss:                     38.0234
q_loss:                   34.5667	q_taken_mean:              0.0036	return_mean:             -19843.0942	return_std:                0.0000
target_mean:               0.0319	td_error_abs:              5.6668	test_action_0_mean:        0.0000	test_action_1_mean:        1.0000
test_action_2_mean:        0.0000	test_ep_length_mean:      20.0000	test_return_mean:        -15438.1439	test_return_std:         2550.5727

2026-04-28 20:17:08,671 - my_experiment - IMPowf100_ExpoComm_43 - my_run - INFO - t_env: 25020 / 2050000
2026-04-28 20:17:08,672 - my_experiment - IMPowf100_ExpoComm_43 - my_run - INFO - Estimated time left: 14 days, 13 hours, 44 minutes, 54 seconds. Time passed: 4 hours, 19 minutes, 5 seconds
2026-04-29 00:50:02,418 - my_experiment - IMPowf100_ExpoComm_43 - my_run - INFO - Recent Stats | t_env:      50000 | Episode:     2500
action_0_mean:             0.3853	action_1_mean:             0.4102	action_2_mean:             0.2045	ep_length_mean:           20.0000
epsilon:                   0.0500	grad_norm:               236.0950	info_nce_loss:             1.5187	loss:                     19.1057
q_loss:                   17.3688	q_taken_mean:              0.0178	return_mean:             -15478.0417	return_std:              2183.0946
target_mean:               0.0321	td_error_abs:              2.9860	test_action_0_mean:        0.0787	test_action_1_mean:        0.8955
test_action_2_mean:        0.0257	test_ep_length_mean:      20.0000	test_return_mean:        -10076.2747	test_return_std:         1398.3849

2026-04-29 00:50:15,528 - my_experiment - IMPowf100_ExpoComm_43 - my_run - INFO - t_env: 50020 / 2050000
2026-04-29 00:50:15,529 - my_experiment - IMPowf100_ExpoComm_43 - my_run - INFO - Estimated time left: 15 days, 4 hours, 8 minutes, 55 seconds. Time passed: 8 hours, 52 minutes, 12 seconds
2026-04-29 00:50:30,050 - my_experiment - IMPowf100_ExpoComm_43 - my_run - INFO - Saving models to work_dirs/my_experiment/IMPowf100_ExpoComm_43/my_run/20260428_155754/models/50020
2026-04-29 05:23:11,238 - my_experiment - IMPowf100_ExpoComm_43 - my_run - INFO - Recent Stats | t_env:      75000 | Episode:     3750
action_0_mean:             0.2944	action_1_mean:             0.5508	action_2_mean:             0.1548	ep_length_mean:           20.0000
epsilon:                   0.0500	grad_norm:               157.5608	info_nce_loss:             1.0125	loss:                     12.7477
q_loss:                   11.5898	q_taken_mean:              0.0275	return_mean:             -11984.1109	return_std:              1580.1873
target_mean:               0.0371	td_error_abs:              2.0333	test_action_0_mean:        0.0643	test_action_1_mean:        0.9066
test_action_2_mean:        0.0291	test_ep_length_mean:      20.0000	test_return_mean:        -8024.7896	test_return_std:         990.9021

2026-04-29 05:23:24,318 - my_experiment - IMPowf100_ExpoComm_43 - my_run - INFO - t_env: 75020 / 2050000
2026-04-29 05:23:24,319 - my_experiment - IMPowf100_ExpoComm_43 - my_run - INFO - Estimated time left: 14 days, 23 hours, 38 minutes, 21 seconds. Time passed: 13 hours, 25 minutes, 21 seconds
2026-04-29 09:56:00,591 - my_experiment - IMPowf100_ExpoComm_43 - my_run - INFO - Recent Stats | t_env:     100000 | Episode:     5000
action_0_mean:             0.2421	action_1_mean:             0.6277	action_2_mean:             0.1302	ep_length_mean:           20.0000
epsilon:                   0.0500	grad_norm:               118.4801	info_nce_loss:             0.7594	loss:                      9.5638
q_loss:                    8.6954	q_taken_mean:              0.0308	return_mean:             -10162.2203	return_std:              1246.9660
target_mean:               0.0379	td_error_abs:              1.5463	test_action_0_mean:        0.0798	test_action_1_mean:        0.8902
test_action_2_mean:        0.0300	test_ep_length_mean:      20.0000	test_return_mean:        -6930.1563	test_return_std:         788.2784

2026-04-29 09:56:13,669 - my_experiment - IMPowf100_ExpoComm_43 - my_run - INFO - t_env: 100020 / 2050000
2026-04-29 09:56:13,669 - my_experiment - IMPowf100_ExpoComm_43 - my_run - INFO - Estimated time left: 14 days, 18 hours, 39 minutes, 56 seconds. Time passed: 17 hours, 58 minutes, 10 seconds
2026-04-29 09:56:27,015 - my_experiment - IMPowf100_ExpoComm_43 - my_run - INFO - Saving models to work_dirs/my_experiment/IMPowf100_ExpoComm_43/my_run/20260428_155754/models/100020
slurmstepd: error: *** JOB 1920105 ON tikgpu06 CANCELLED AT 2026-04-29T11:56:58 DUE TO TIME LIMIT ***
