JOB ID: 1930917
Running on node: tikgpu07
Project Directory: /usr/itetnas04/data-scratch-01/pparsons/data/MyExpoComm
--------------------------------
Algorithm:   HybridComm
Environment: IMP_owf_100_cc
Profile:     IMPowf100_HybridComm_44
--------------------------------
Conda activated: /usr/itetnas04/data-scratch-01/pparsons/data/conda_envs/ExpoComm
Starting Run...
Exiting Main
Stopping all threads
Thread wandb-AsyncioManager-main is alive! Is daemon: True
Thread joined
Thread ChkStopThr is alive! Is daemon: True
Thread joined
Thread IntMsgThr is alive! Is daemon: True
Thread joined
Exiting script
[1;34mwandb[0m: 
[1;34mwandb[0m: 🚀 View run [33mmy_run-IMPowf100_HybridComm_44-20260429_221243[0m at: [34mhttps://wandb.ai/peterparsons02-eth-z-rich/my_experiment/runs/fede5043[0m
[1;34mwandb[0m: Find logs at: [1;35mwandb/run-20260429_221244-fede5043/logs[0m
Finished at: Thu Apr 30 11:17:18 CEST 2026
