JOB ID: 1814841
Running on node: artongpu05
Project Directory: /usr/itetnas04/data-scratch-01/pparsons/data/MyExpoComm
--------------------------------
Algorithm:   qmix_ExpoComm_one_peer_n7_cont
Environment: IMP_owf_100_cc
Profile:     IMPowf100_ExpoComm
--------------------------------
Conda activated: /usr/itetnas04/data-scratch-01/pparsons/data/conda_envs/ExpoComm
Starting Run...
Exiting Main
Stopping all threads
Thread wandb-AsyncioManager-main is alive! Is daemon: True
Thread joined
Thread ChkStopThr is alive! Is daemon: True
Thread joined
Thread IntMsgThr is alive! Is daemon: True
Thread joined
Exiting script
[1;34mwandb[0m: 
[1;34mwandb[0m: 🚀 View run [33mmy_run-IMPowf100_ExpoComm-20260318_144032[0m at: [34mhttps://wandb.ai/peterparsons02-eth-z-rich/my_experiment/runs/arhmz8yp[0m
[1;34mwandb[0m: Find logs at: [1;35mwandb/run-20260318_144034-arhmz8yp/logs[0m
Finished at: Thu Mar 19 04:33:23 CET 2026
