JOB ID: 1930687
Running on node: artongpu04
Project Directory: /usr/itetnas04/data-scratch-01/pparsons/data/MyExpoComm
--------------------------------
Algorithm:   HybridComm
Environment: IMP_owf_100_cc
Profile:     IMPowf100_HybridComm_43
--------------------------------
Conda activated: /usr/itetnas04/data-scratch-01/pparsons/data/conda_envs/ExpoComm
Starting Run...
Exiting Main
Stopping all threads
Thread wandb-AsyncioManager-main is alive! Is daemon: True
Thread joined
Thread ChkStopThr is alive! Is daemon: True
Thread joined
Thread IntMsgThr is alive! Is daemon: True
Thread joined
Exiting script
[1;34mwandb[0m: 
[1;34mwandb[0m: 🚀 View run [33mmy_run-IMPowf100_HybridComm_43-20260429_233959[0m at: [34mhttps://wandb.ai/peterparsons02-eth-z-rich/my_experiment/runs/ydrkxsjb[0m
[1;34mwandb[0m: Find logs at: [1;35mwandb/run-20260429_234000-ydrkxsjb/logs[0m
Finished at: Thu Apr 30 14:44:16 CEST 2026
