Gym has been unmaintained since 2022 and does not support NumPy 2.0 amongst other critical functionality.
Please upgrade to Gymnasium, the maintained drop-in replacement of Gym, or contact the authors of your software and request that they upgrade.
Users of this version of Gym should be able to simply replace 'import gym' with 'import gymnasium as gym' in the vast majority of cases.
See the migration guide at https://gymnasium.farama.org/introduction/migration_guide/ for additional information.
src/main.py:81: DeprecationWarning: Using or importing the ABCs from 'collections' instead of from 'collections.abc' is deprecated since Python 3.3, and in 3.10 it will stop working
  if isinstance(v, collections.Mapping):
wandb: [wandb.login()] Loaded credentials for https://api.wandb.ai from /home/pparsons/.netrc.
wandb: Currently logged in as: peterparsons02 (peterparsons02-eth-z-rich) to https://api.wandb.ai. Use `wandb login --relogin` to force relogin
wandb: setting up run fede5043
wandb: Tracking run with wandb version 0.24.1
wandb: Run data is saved locally in /usr/itetnas04/data-scratch-01/pparsons/data/MyExpoComm/wandb/run-20260429_221244-fede5043
wandb: Run `wandb offline` to turn off syncing.
wandb: Syncing run my_run-IMPowf100_HybridComm_44-20260429_221243
wandb: ⭐️ View project at https://wandb.ai/peterparsons02-eth-z-rich/my_experiment
wandb: 🚀 View run at https://wandb.ai/peterparsons02-eth-z-rich/my_experiment/runs/fede5043
2026-04-29 22:12:46,007 - my_experiment - IMPowf100_HybridComm_44 - my_run - INFO - Current directory: /usr/itetnas04/data-scratch-01/pparsons/data/MyExpoComm.
2026-04-29 22:12:46,007 - my_experiment - IMPowf100_HybridComm_44 - my_run - INFO - Experiment Parameters:
2026-04-29 22:12:46,008 - my_experiment - IMPowf100_HybridComm_44 - my_run - INFO - 

{   'action_selector': 'epsilon_greedy',
    'add_value_last_step': True,
    'agent': 'ExpoComm_one_peer_cont',
    'agent_output_type': 'q',
    'attention_dim': 32,
    'aux_coef': 0.1,
    'batch_size': 64,
    'batch_size_run': 1,
    'buffer_cpu_only': True,
    'buffer_size': 2000,
    'checkpoint_path': '',
    'common_reward': True,
    'double_q': True,
    'env': 'struct_marl',
    'env_args': {   'campaign_cost': True,
                    'custom_param': {   'lev': 3},
                    'discount_reward': 0.95,
                    'env_correlation': False,
                    'map_name': 'owf_100',
                    'n_comp': 100,
                    'obs_all_d_rate': False,
                    'obs_alphas': False,
                    'obs_d_rate': False,
                    'obs_multiple': False,
                    'seed': 44,
                    'state_alphas': False,
                    'state_d_rate': False,
                    'state_obs': True,
                    'struct_type': 'owf'},
    'epsilon_anneal_time': 5000,
    'epsilon_finish': 0.05,
    'epsilon_start': 1.0,
    'evaluate': False,
    'evaluation_epsilon': 0.0,
    'exp_name': 'my_experiment',
    'gamma': 0.95,
    'global_reward': False,
    'grad_norm_clip': 10,
    'hidden_dim': 64,
    'hypergroup': None,
    'label': 'default_label',
    'learner': 'hybrid_comm_learner',
    'learner_log_interval': 25000,
    'load_step': 0,
    'local_results_path': 'results',
    'log_interval': 25000,
    'lr': 0.0005,
    'mac': 'ExpoComm_mac',
    'mixer': None,
    'name': 'IMPowf100_HybridComm_44',
    'neg_num': 20,
    'obs_agent_id': True,
    'obs_individual_obs': False,
    'obs_last_action': True,
    'one_peer': True,
    'optim_alpha': 0.99,
    'optim_eps': 1e-05,
    'render': False,
    'repeat_id': 1,
    'run_name': 'my_run',
    'runner': 'episode',
    'runner_log_interval': 25000,
    'save_model': True,
    'save_model_interval': 50000,
    'save_replay': False,
    'seed': 44,
    'standardise_returns': False,
    'standardise_rewards': True,
    't_max': 2050000,
    'target_update_interval_or_tau': 200,
    'temperature': 0.07,
    'test_greedy': True,
    'test_interval': 25000,
    'test_nepisode': 50,
    'topk_neighbors': 7,
    'use_cuda': True,
    'use_rnn': True,
    'use_tensorboard': True,
    'work_dir': 'work_dirs/my_experiment/IMPowf100_HybridComm_44/my_run/20260429_221243'}

2026-04-29 22:12:47,800 - my_experiment - IMPowf100_HybridComm_44 - my_run - INFO - Beginning training for 2050000 timesteps
2026-04-29 22:12:48,821 - my_experiment - IMPowf100_HybridComm_44 - my_run - INFO - t_env: 20 / 2050000
2026-04-29 22:12:48,821 - my_experiment - IMPowf100_HybridComm_44 - my_run - INFO - Estimated time left: 1 minutes, 23 seconds. Time passed: 1 seconds
2026-04-29 22:12:59,333 - my_experiment - IMPowf100_HybridComm_44 - my_run - INFO - Saving models to work_dirs/my_experiment/IMPowf100_HybridComm_44/my_run/20260429_221243/models/20
2026-04-29 22:21:25,295 - my_experiment - IMPowf100_HybridComm_44 - my_run - INFO - Recent Stats | t_env:      25000 | Episode:     1250
action_0_mean:             0.3327	action_1_mean:             0.3282	action_2_mean:             0.3390	ep_length_mean:           20.0000
epsilon:                   1.0000	grad_norm:                 0.1375	info_nce_loss:             2.8605	loss:                      1.0932
q_loss:                    0.9939	return_mean:             -20552.5875	return_std:                0.0000	test_action_0_mean:        1.0000
test_action_1_mean:        0.0000	test_action_2_mean:        0.0000	test_ep_length_mean:      20.0000	test_return_mean:        -11570.1245
test_return_std:           0.0000	
2026-04-29 22:21:25,704 - my_experiment - IMPowf100_HybridComm_44 - my_run - INFO - t_env: 25020 / 2050000
2026-04-29 22:21:25,704 - my_experiment - IMPowf100_HybridComm_44 - my_run - INFO - Estimated time left: 11 hours, 37 minutes, 47 seconds. Time passed: 8 minutes, 37 seconds
2026-04-29 22:30:21,412 - my_experiment - IMPowf100_HybridComm_44 - my_run - INFO - Recent Stats | t_env:      50000 | Episode:     2500
action_0_mean:             0.4594	action_1_mean:             0.3446	action_2_mean:             0.1960	ep_length_mean:           20.0000
epsilon:                   0.0500	grad_norm:                 0.4423	info_nce_loss:             1.4302	loss:                      0.7581
q_loss:                    0.7084	return_mean:             -17164.2132	return_std:              880.9643	test_action_0_mean:        0.8501
test_action_1_mean:        0.1499	test_action_2_mean:        0.0000	test_ep_length_mean:      20.0000	test_return_mean:        -11820.3739
test_return_std:         356.9708	
2026-04-29 22:30:21,846 - my_experiment - IMPowf100_HybridComm_44 - my_run - INFO - t_env: 50020 / 2050000
2026-04-29 22:30:21,846 - my_experiment - IMPowf100_HybridComm_44 - my_run - INFO - Estimated time left: 11 hours, 54 minutes, 50 seconds. Time passed: 17 minutes, 34 seconds
2026-04-29 22:30:36,575 - my_experiment - IMPowf100_HybridComm_44 - my_run - INFO - Saving models to work_dirs/my_experiment/IMPowf100_HybridComm_44/my_run/20260429_221243/models/50020
2026-04-29 22:39:10,944 - my_experiment - IMPowf100_HybridComm_44 - my_run - INFO - Recent Stats | t_env:      75000 | Episode:     3750
action_0_mean:             0.5149	action_1_mean:             0.3476	action_2_mean:             0.1375	ep_length_mean:           20.0000
epsilon:                   0.0500	grad_norm:                 3.4865	info_nce_loss:             0.9535	loss:                      0.5700
q_loss:                    0.5369	return_mean:             -15783.5053	return_std:              937.2785	test_action_0_mean:        0.7127
test_action_1_mean:        0.2873	test_action_2_mean:        0.0000	test_ep_length_mean:      20.0000	test_return_mean:        -12191.3994
test_return_std:         688.5290	
2026-04-29 22:39:11,332 - my_experiment - IMPowf100_HybridComm_44 - my_run - INFO - t_env: 75020 / 2050000
2026-04-29 22:39:11,333 - my_experiment - IMPowf100_HybridComm_44 - my_run - INFO - Estimated time left: 11 hours, 37 minutes, 9 seconds. Time passed: 26 minutes, 23 seconds
2026-04-29 22:48:32,657 - my_experiment - IMPowf100_HybridComm_44 - my_run - INFO - Recent Stats | t_env:     100000 | Episode:     5000
action_0_mean:             0.5448	action_1_mean:             0.3466	action_2_mean:             0.1086	ep_length_mean:           20.0000
epsilon:                   0.0500	grad_norm:                 3.6664	info_nce_loss:             0.7151	loss:                      0.5346
q_loss:                    0.5000	return_mean:             -15126.6805	return_std:              971.2759	test_action_0_mean:        0.7179
test_action_1_mean:        0.2779	test_action_2_mean:        0.0042	test_ep_length_mean:      20.0000	test_return_mean:        -12432.7988
test_return_std:         703.1123	
2026-04-29 22:48:33,154 - my_experiment - IMPowf100_HybridComm_44 - my_run - INFO - t_env: 100020 / 2050000
2026-04-29 22:48:33,155 - my_experiment - IMPowf100_HybridComm_44 - my_run - INFO - Estimated time left: 12 hours, 10 minutes, 21 seconds. Time passed: 35 minutes, 45 seconds
2026-04-29 22:48:49,263 - my_experiment - IMPowf100_HybridComm_44 - my_run - INFO - Saving models to work_dirs/my_experiment/IMPowf100_HybridComm_44/my_run/20260429_221243/models/100020
2026-04-29 22:58:42,655 - my_experiment - IMPowf100_HybridComm_44 - my_run - INFO - Recent Stats | t_env:     125000 | Episode:     6250
action_0_mean:             0.5430	action_1_mean:             0.3616	action_2_mean:             0.0954	ep_length_mean:           20.0000
epsilon:                   0.0500	grad_norm:                 5.2316	info_nce_loss:             0.5721	loss:                      0.6320
q_loss:                    0.5858	return_mean:             -14447.8102	return_std:              1179.8965	test_action_0_mean:        0.6147
test_action_1_mean:        0.3719	test_action_2_mean:        0.0134	test_ep_length_mean:      20.0000	test_return_mean:        -11556.2718
test_return_std:         656.4349	
2026-04-29 22:58:43,149 - my_experiment - IMPowf100_HybridComm_44 - my_run - INFO - t_env: 125020 / 2050000
2026-04-29 22:58:43,150 - my_experiment - IMPowf100_HybridComm_44 - my_run - INFO - Estimated time left: 13 hours, 2 minutes, 49 seconds. Time passed: 45 minutes, 55 seconds
2026-04-29 23:09:25,064 - my_experiment - IMPowf100_HybridComm_44 - my_run - INFO - Recent Stats | t_env:     150000 | Episode:     7500
action_0_mean:             0.5244	action_1_mean:             0.4232	action_2_mean:             0.0524	ep_length_mean:           20.0000
epsilon:                   0.0500	grad_norm:                11.2703	info_nce_loss:             0.0000	loss:                      0.5427
q_loss:                    0.5164	return_mean:             -12353.9555	return_std:              1390.6015	test_action_0_mean:        0.4476
test_action_1_mean:        0.5190	test_action_2_mean:        0.0334	test_ep_length_mean:      20.0000	test_return_mean:        -11198.2447
test_return_std:         909.5095	
2026-04-29 23:09:25,564 - my_experiment - IMPowf100_HybridComm_44 - my_run - INFO - t_env: 150020 / 2050000
2026-04-29 23:09:25,565 - my_experiment - IMPowf100_HybridComm_44 - my_run - INFO - Estimated time left: 13 hours, 33 minutes, 43 seconds. Time passed: 56 minutes, 37 seconds
2026-04-29 23:09:42,044 - my_experiment - IMPowf100_HybridComm_44 - my_run - INFO - Saving models to work_dirs/my_experiment/IMPowf100_HybridComm_44/my_run/20260429_221243/models/150020
2026-04-29 23:20:00,633 - my_experiment - IMPowf100_HybridComm_44 - my_run - INFO - Recent Stats | t_env:     175000 | Episode:     8750
action_0_mean:             0.4279	action_1_mean:             0.5135	action_2_mean:             0.0586	ep_length_mean:           20.0000
epsilon:                   0.0500	grad_norm:                13.0746	info_nce_loss:             0.0000	loss:                      0.5561
q_loss:                    0.5298	return_mean:             -11384.6409	return_std:              1222.4091	test_action_0_mean:        0.3363
test_action_1_mean:        0.6193	test_action_2_mean:        0.0443	test_ep_length_mean:      20.0000	test_return_mean:        -10285.4476
test_return_std:         872.4011	
2026-04-29 23:20:01,155 - my_experiment - IMPowf100_HybridComm_44 - my_run - INFO - t_env: 175020 / 2050000
2026-04-29 23:20:01,157 - my_experiment - IMPowf100_HybridComm_44 - my_run - INFO - Estimated time left: 13 hours, 14 minutes, 28 seconds. Time passed: 1 hours, 7 minutes, 13 seconds
2026-04-29 23:30:27,031 - my_experiment - IMPowf100_HybridComm_44 - my_run - INFO - Recent Stats | t_env:     200000 | Episode:    10000
action_0_mean:             0.3287	action_1_mean:             0.6001	action_2_mean:             0.0712	ep_length_mean:           20.0000
epsilon:                   0.0500	grad_norm:                11.4182	info_nce_loss:             0.0000	loss:                      0.6089
q_loss:                    0.5826	return_mean:             -10567.6319	return_std:              1307.6921	test_action_0_mean:        0.2559
test_action_1_mean:        0.6776	test_action_2_mean:        0.0665	test_ep_length_mean:      20.0000	test_return_mean:        -9295.2861
test_return_std:         681.9121	
2026-04-29 23:30:27,508 - my_experiment - IMPowf100_HybridComm_44 - my_run - INFO - t_env: 200020 / 2050000
2026-04-29 23:30:27,509 - my_experiment - IMPowf100_HybridComm_44 - my_run - INFO - Estimated time left: 12 hours, 52 minutes, 29 seconds. Time passed: 1 hours, 17 minutes, 39 seconds
2026-04-29 23:30:42,583 - my_experiment - IMPowf100_HybridComm_44 - my_run - INFO - Saving models to work_dirs/my_experiment/IMPowf100_HybridComm_44/my_run/20260429_221243/models/200020
2026-04-29 23:40:30,207 - my_experiment - IMPowf100_HybridComm_44 - my_run - INFO - Recent Stats | t_env:     225000 | Episode:    11250
action_0_mean:             0.2332	action_1_mean:             0.6812	action_2_mean:             0.0856	ep_length_mean:           20.0000
epsilon:                   0.0500	grad_norm:                11.2459	info_nce_loss:             0.0000	loss:                      0.6415
q_loss:                    0.6122	return_mean:             -9687.2572	return_std:              1371.1545	test_action_0_mean:        0.1739
test_action_1_mean:        0.7504	test_action_2_mean:        0.0756	test_ep_length_mean:      20.0000	test_return_mean:        -8270.1258
test_return_std:         659.9503	
2026-04-29 23:40:30,640 - my_experiment - IMPowf100_HybridComm_44 - my_run - INFO - t_env: 225020 / 2050000
2026-04-29 23:40:30,641 - my_experiment - IMPowf100_HybridComm_44 - my_run - INFO - Estimated time left: 12 hours, 13 minutes, 48 seconds. Time passed: 1 hours, 27 minutes, 42 seconds
2026-04-29 23:49:44,705 - my_experiment - IMPowf100_HybridComm_44 - my_run - INFO - Recent Stats | t_env:     250000 | Episode:    12500
action_0_mean:             0.1709	action_1_mean:             0.7308	action_2_mean:             0.0983	ep_length_mean:           20.0000
epsilon:                   0.0500	grad_norm:                12.9367	info_nce_loss:             0.0000	loss:                      0.5363
q_loss:                    0.5255	return_mean:             -9061.4173	return_std:              1144.0957	test_action_0_mean:        0.1960
test_action_1_mean:        0.7246	test_action_2_mean:        0.0793	test_ep_length_mean:      20.0000	test_return_mean:        -7926.7306
test_return_std:         634.3838	
2026-04-29 23:49:45,161 - my_experiment - IMPowf100_HybridComm_44 - my_run - INFO - t_env: 250020 / 2050000
2026-04-29 23:49:45,161 - my_experiment - IMPowf100_HybridComm_44 - my_run - INFO - Estimated time left: 11 hours, 5 minutes, 25 seconds. Time passed: 1 hours, 36 minutes, 57 seconds
2026-04-29 23:50:01,069 - my_experiment - IMPowf100_HybridComm_44 - my_run - INFO - Saving models to work_dirs/my_experiment/IMPowf100_HybridComm_44/my_run/20260429_221243/models/250020
2026-04-29 23:59:20,421 - my_experiment - IMPowf100_HybridComm_44 - my_run - INFO - Recent Stats | t_env:     275000 | Episode:    13750
action_0_mean:             0.1828	action_1_mean:             0.7256	action_2_mean:             0.0916	ep_length_mean:           20.0000
epsilon:                   0.0500	grad_norm:                 9.0698	info_nce_loss:             0.0000	loss:                      0.4871
q_loss:                    0.4764	return_mean:             -8623.7590	return_std:              1114.4625	test_action_0_mean:        0.2100
test_action_1_mean:        0.7186	test_action_2_mean:        0.0713	test_ep_length_mean:      20.0000	test_return_mean:        -7285.1277
test_return_std:         443.9880	
2026-04-29 23:59:20,886 - my_experiment - IMPowf100_HybridComm_44 - my_run - INFO - t_env: 275020 / 2050000
2026-04-29 23:59:20,887 - my_experiment - IMPowf100_HybridComm_44 - my_run - INFO - Estimated time left: 11 hours, 21 minutes, 16 seconds. Time passed: 1 hours, 46 minutes, 33 seconds
2026-04-30 00:08:45,493 - my_experiment - IMPowf100_HybridComm_44 - my_run - INFO - Recent Stats | t_env:     300000 | Episode:    15000
action_0_mean:             0.2059	action_1_mean:             0.7032	action_2_mean:             0.0910	ep_length_mean:           20.0000
epsilon:                   0.0500	grad_norm:                 7.5075	info_nce_loss:             0.0000	loss:                      0.4577
q_loss:                    0.4407	return_mean:             -8367.5652	return_std:              1113.0624	test_action_0_mean:        0.2415
test_action_1_mean:        0.6881	test_action_2_mean:        0.0704	test_ep_length_mean:      20.0000	test_return_mean:        -7137.6147
test_return_std:         460.9178	
2026-04-30 00:08:45,962 - my_experiment - IMPowf100_HybridComm_44 - my_run - INFO - t_env: 300020 / 2050000
2026-04-30 00:08:45,962 - my_experiment - IMPowf100_HybridComm_44 - my_run - INFO - Estimated time left: 10 hours, 59 minutes, 14 seconds. Time passed: 1 hours, 55 minutes, 58 seconds
2026-04-30 00:09:02,744 - my_experiment - IMPowf100_HybridComm_44 - my_run - INFO - Saving models to work_dirs/my_experiment/IMPowf100_HybridComm_44/my_run/20260429_221243/models/300020
2026-04-30 00:18:39,007 - my_experiment - IMPowf100_HybridComm_44 - my_run - INFO - Recent Stats | t_env:     325000 | Episode:    16250
action_0_mean:             0.2303	action_1_mean:             0.6796	action_2_mean:             0.0902	ep_length_mean:           20.0000
epsilon:                   0.0500	grad_norm:                10.5632	info_nce_loss:             0.0000	loss:                      0.4353
q_loss:                    0.4184	return_mean:             -8099.1063	return_std:              996.2150	test_action_0_mean:        0.2528
test_action_1_mean:        0.6867	test_action_2_mean:        0.0605	test_ep_length_mean:      20.0000	test_return_mean:        -6685.1212
test_return_std:         426.5952	
2026-04-30 00:18:39,490 - my_experiment - IMPowf100_HybridComm_44 - my_run - INFO - t_env: 325020 / 2050000
2026-04-30 00:18:39,491 - my_experiment - IMPowf100_HybridComm_44 - my_run - INFO - Estimated time left: 11 hours, 22 minutes, 32 seconds. Time passed: 2 hours, 5 minutes, 51 seconds
2026-04-30 00:28:27,089 - my_experiment - IMPowf100_HybridComm_44 - my_run - INFO - Recent Stats | t_env:     350000 | Episode:    17500
action_0_mean:             0.2195	action_1_mean:             0.6937	action_2_mean:             0.0868	ep_length_mean:           20.0000
epsilon:                   0.0500	grad_norm:                10.3586	info_nce_loss:             0.0000	loss:                      0.3887
q_loss:                    0.3760	return_mean:             -7710.1141	return_std:              937.3323	test_action_0_mean:        0.1955
test_action_1_mean:        0.7485	test_action_2_mean:        0.0560	test_ep_length_mean:      20.0000	test_return_mean:        -6013.2680
test_return_std:         369.7829	
2026-04-30 00:28:27,540 - my_experiment - IMPowf100_HybridComm_44 - my_run - INFO - t_env: 350020 / 2050000
2026-04-30 00:28:27,541 - my_experiment - IMPowf100_HybridComm_44 - my_run - INFO - Estimated time left: 11 hours, 6 minutes, 26 seconds. Time passed: 2 hours, 15 minutes, 39 seconds
2026-04-30 00:28:43,367 - my_experiment - IMPowf100_HybridComm_44 - my_run - INFO - Saving models to work_dirs/my_experiment/IMPowf100_HybridComm_44/my_run/20260429_221243/models/350020
2026-04-30 00:38:07,294 - my_experiment - IMPowf100_HybridComm_44 - my_run - INFO - Recent Stats | t_env:     375000 | Episode:    18750
action_0_mean:             0.2070	action_1_mean:             0.7156	action_2_mean:             0.0774	ep_length_mean:           20.0000
epsilon:                   0.0500	grad_norm:                 6.8258	info_nce_loss:             0.0000	loss:                      0.3326
q_loss:                    0.3199	return_mean:             -7315.2911	return_std:              949.9451	test_action_0_mean:        0.1668
test_action_1_mean:        0.7670	test_action_2_mean:        0.0663	test_ep_length_mean:      20.0000	test_return_mean:        -6489.1478
test_return_std:         360.8555	
2026-04-30 00:38:07,731 - my_experiment - IMPowf100_HybridComm_44 - my_run - INFO - t_env: 375020 / 2050000
2026-04-30 00:38:07,731 - my_experiment - IMPowf100_HybridComm_44 - my_run - INFO - Estimated time left: 10 hours, 47 minutes, 52 seconds. Time passed: 2 hours, 25 minutes, 19 seconds
2026-04-30 00:47:32,641 - my_experiment - IMPowf100_HybridComm_44 - my_run - INFO - Recent Stats | t_env:     400000 | Episode:    20000
action_0_mean:             0.1857	action_1_mean:             0.7440	action_2_mean:             0.0703	ep_length_mean:           20.0000
epsilon:                   0.0500	grad_norm:                 5.9821	info_nce_loss:             0.0000	loss:                      0.2940
q_loss:                    0.2813	return_mean:             -7015.0345	return_std:              943.4697	test_action_0_mean:        0.1953
test_action_1_mean:        0.7424	test_action_2_mean:        0.0623	test_ep_length_mean:      20.0000	test_return_mean:        -6223.5635
test_return_std:         367.3906	
2026-04-30 00:47:33,104 - my_experiment - IMPowf100_HybridComm_44 - my_run - INFO - t_env: 400020 / 2050000
2026-04-30 00:47:33,105 - my_experiment - IMPowf100_HybridComm_44 - my_run - INFO - Estimated time left: 10 hours, 21 minutes, 54 seconds. Time passed: 2 hours, 34 minutes, 45 seconds
2026-04-30 00:47:49,532 - my_experiment - IMPowf100_HybridComm_44 - my_run - INFO - Saving models to work_dirs/my_experiment/IMPowf100_HybridComm_44/my_run/20260429_221243/models/400020
2026-04-30 00:57:16,238 - my_experiment - IMPowf100_HybridComm_44 - my_run - INFO - Recent Stats | t_env:     425000 | Episode:    21250
action_0_mean:             0.1952	action_1_mean:             0.7396	action_2_mean:             0.0653	ep_length_mean:           20.0000
epsilon:                   0.0500	grad_norm:                 6.6243	info_nce_loss:             0.0000	loss:                      0.2631
q_loss:                    0.2566	return_mean:             -6653.3433	return_std:              905.0852	test_action_0_mean:        0.1659
test_action_1_mean:        0.7719	test_action_2_mean:        0.0623	test_ep_length_mean:      20.0000	test_return_mean:        -5903.1282
test_return_std:         312.9358	
2026-04-30 00:57:16,701 - my_experiment - IMPowf100_HybridComm_44 - my_run - INFO - t_env: 425020 / 2050000
2026-04-30 00:57:16,702 - my_experiment - IMPowf100_HybridComm_44 - my_run - INFO - Estimated time left: 10 hours, 32 minutes, 13 seconds. Time passed: 2 hours, 44 minutes, 28 seconds
2026-04-30 01:06:50,125 - my_experiment - IMPowf100_HybridComm_44 - my_run - INFO - Recent Stats | t_env:     450000 | Episode:    22500
action_0_mean:             0.1814	action_1_mean:             0.7587	action_2_mean:             0.0599	ep_length_mean:           20.0000
epsilon:                   0.0500	grad_norm:                 3.4231	info_nce_loss:             0.0000	loss:                      0.2246
q_loss:                    0.2181	return_mean:             -6279.7368	return_std:              903.8709	test_action_0_mean:        0.1745
test_action_1_mean:        0.7706	test_action_2_mean:        0.0550	test_ep_length_mean:      20.0000	test_return_mean:        -5861.3316
test_return_std:         403.4141	
2026-04-30 01:06:50,587 - my_experiment - IMPowf100_HybridComm_44 - my_run - INFO - t_env: 450020 / 2050000
2026-04-30 01:06:50,587 - my_experiment - IMPowf100_HybridComm_44 - my_run - INFO - Estimated time left: 10 hours, 12 minutes, 8 seconds. Time passed: 2 hours, 54 minutes, 2 seconds
2026-04-30 01:07:06,728 - my_experiment - IMPowf100_HybridComm_44 - my_run - INFO - Saving models to work_dirs/my_experiment/IMPowf100_HybridComm_44/my_run/20260429_221243/models/450020
2026-04-30 01:16:30,112 - my_experiment - IMPowf100_HybridComm_44 - my_run - INFO - Recent Stats | t_env:     475000 | Episode:    23750
action_0_mean:             0.2075	action_1_mean:             0.7381	action_2_mean:             0.0544	ep_length_mean:           20.0000
epsilon:                   0.0500	grad_norm:                 3.8865	info_nce_loss:             0.0000	loss:                      0.1837
q_loss:                    0.1837	return_mean:             -6146.0213	return_std:              914.1302	test_action_0_mean:        0.1919
test_action_1_mean:        0.7377	test_action_2_mean:        0.0704	test_ep_length_mean:      20.0000	test_return_mean:        -6660.5218
test_return_std:         357.2916	
2026-04-30 01:16:30,566 - my_experiment - IMPowf100_HybridComm_44 - my_run - INFO - t_env: 475020 / 2050000
2026-04-30 01:16:30,567 - my_experiment - IMPowf100_HybridComm_44 - my_run - INFO - Estimated time left: 10 hours, 8 minutes, 58 seconds. Time passed: 3 hours, 3 minutes, 42 seconds
2026-04-30 01:26:16,949 - my_experiment - IMPowf100_HybridComm_44 - my_run - INFO - Recent Stats | t_env:     500000 | Episode:    25000
action_0_mean:             0.2128	action_1_mean:             0.7330	action_2_mean:             0.0542	ep_length_mean:           20.0000
epsilon:                   0.0500	grad_norm:                 4.0496	info_nce_loss:             0.0000	loss:                      0.1872
q_loss:                    0.1872	return_mean:             -5923.1188	return_std:              901.0365	test_action_0_mean:        0.1951
test_action_1_mean:        0.7537	test_action_2_mean:        0.0512	test_ep_length_mean:      20.0000	test_return_mean:        -5754.8505
test_return_std:         383.1965	
2026-04-30 01:26:17,408 - my_experiment - IMPowf100_HybridComm_44 - my_run - INFO - t_env: 500020 / 2050000
2026-04-30 01:26:17,409 - my_experiment - IMPowf100_HybridComm_44 - my_run - INFO - Estimated time left: 10 hours, 6 minutes, 23 seconds. Time passed: 3 hours, 13 minutes, 29 seconds
2026-04-30 01:26:34,115 - my_experiment - IMPowf100_HybridComm_44 - my_run - INFO - Saving models to work_dirs/my_experiment/IMPowf100_HybridComm_44/my_run/20260429_221243/models/500020
2026-04-30 01:35:51,304 - my_experiment - IMPowf100_HybridComm_44 - my_run - INFO - Recent Stats | t_env:     525000 | Episode:    26250
action_0_mean:             0.2059	action_1_mean:             0.7404	action_2_mean:             0.0536	ep_length_mean:           20.0000
epsilon:                   0.0500	grad_norm:                 3.2229	info_nce_loss:             0.0000	loss:                      0.1787
q_loss:                    0.1787	return_mean:             -5779.1790	return_std:              867.9432	test_action_0_mean:        0.1480
test_action_1_mean:        0.8042	test_action_2_mean:        0.0478	test_ep_length_mean:      20.0000	test_return_mean:        -5931.8702
test_return_std:         455.0438	
2026-04-30 01:35:51,754 - my_experiment - IMPowf100_HybridComm_44 - my_run - INFO - t_env: 525020 / 2050000
2026-04-30 01:35:51,755 - my_experiment - IMPowf100_HybridComm_44 - my_run - INFO - Estimated time left: 9 hours, 43 minutes, 54 seconds. Time passed: 3 hours, 23 minutes, 3 seconds
2026-04-30 01:45:25,996 - my_experiment - IMPowf100_HybridComm_44 - my_run - INFO - Recent Stats | t_env:     550000 | Episode:    27500
action_0_mean:             0.1989	action_1_mean:             0.7486	action_2_mean:             0.0525	ep_length_mean:           20.0000
epsilon:                   0.0500	grad_norm:                 2.3885	info_nce_loss:             0.0000	loss:                      0.1922
q_loss:                    0.1875	return_mean:             -5814.8388	return_std:              935.1251	test_action_0_mean:        0.1664
test_action_1_mean:        0.7918	test_action_2_mean:        0.0417	test_ep_length_mean:      20.0000	test_return_mean:        -5852.4105
test_return_std:         484.6589	
2026-04-30 01:45:26,456 - my_experiment - IMPowf100_HybridComm_44 - my_run - INFO - t_env: 550020 / 2050000
2026-04-30 01:45:26,457 - my_experiment - IMPowf100_HybridComm_44 - my_run - INFO - Estimated time left: 9 hours, 34 minutes, 41 seconds. Time passed: 3 hours, 32 minutes, 38 seconds
2026-04-30 01:45:42,785 - my_experiment - IMPowf100_HybridComm_44 - my_run - INFO - Saving models to work_dirs/my_experiment/IMPowf100_HybridComm_44/my_run/20260429_221243/models/550020
2026-04-30 01:55:02,058 - my_experiment - IMPowf100_HybridComm_44 - my_run - INFO - Recent Stats | t_env:     575000 | Episode:    28750
action_0_mean:             0.2079	action_1_mean:             0.7410	action_2_mean:             0.0511	ep_length_mean:           20.0000
epsilon:                   0.0500	grad_norm:                 2.5374	info_nce_loss:             0.0000	loss:                      0.2091
q_loss:                    0.2044	return_mean:             -5761.5582	return_std:              930.1949	test_action_0_mean:        0.1740
test_action_1_mean:        0.7822	test_action_2_mean:        0.0438	test_ep_length_mean:      20.0000	test_return_mean:        -5585.0197
test_return_std:         406.8142	
2026-04-30 01:55:02,509 - my_experiment - IMPowf100_HybridComm_44 - my_run - INFO - t_env: 575020 / 2050000
2026-04-30 01:55:02,510 - my_experiment - IMPowf100_HybridComm_44 - my_run - INFO - Estimated time left: 9 hours, 26 minutes, 26 seconds. Time passed: 3 hours, 42 minutes, 14 seconds
2026-04-30 02:04:33,584 - my_experiment - IMPowf100_HybridComm_44 - my_run - INFO - Recent Stats | t_env:     600000 | Episode:    30000
action_0_mean:             0.2051	action_1_mean:             0.7439	action_2_mean:             0.0510	ep_length_mean:           20.0000
epsilon:                   0.0500	grad_norm:                 1.7371	info_nce_loss:             0.0000	loss:                      0.2183
q_loss:                    0.2137	return_mean:             -5578.2083	return_std:              843.8658	test_action_0_mean:        0.1973
test_action_1_mean:        0.7782	test_action_2_mean:        0.0245	test_ep_length_mean:      20.0000	test_return_mean:        -4722.3296
test_return_std:         461.1165	
2026-04-30 02:04:34,039 - my_experiment - IMPowf100_HybridComm_44 - my_run - INFO - t_env: 600020 / 2050000
2026-04-30 02:04:34,040 - my_experiment - IMPowf100_HybridComm_44 - my_run - INFO - Estimated time left: 9 hours, 12 minutes, 28 seconds. Time passed: 3 hours, 51 minutes, 46 seconds
2026-04-30 02:04:49,845 - my_experiment - IMPowf100_HybridComm_44 - my_run - INFO - Saving models to work_dirs/my_experiment/IMPowf100_HybridComm_44/my_run/20260429_221243/models/600020
2026-04-30 02:14:09,132 - my_experiment - IMPowf100_HybridComm_44 - my_run - INFO - Recent Stats | t_env:     625000 | Episode:    31250
action_0_mean:             0.2181	action_1_mean:             0.7342	action_2_mean:             0.0478	ep_length_mean:           20.0000
epsilon:                   0.0500	grad_norm:                 2.4623	info_nce_loss:             0.0000	loss:                      0.2201
q_loss:                    0.2155	return_mean:             -5478.6357	return_std:              825.8514	test_action_0_mean:        0.2131
test_action_1_mean:        0.7633	test_action_2_mean:        0.0236	test_ep_length_mean:      20.0000	test_return_mean:        -4613.5024
test_return_std:         431.1536	
2026-04-30 02:14:09,597 - my_experiment - IMPowf100_HybridComm_44 - my_run - INFO - t_env: 625020 / 2050000
2026-04-30 02:14:09,598 - my_experiment - IMPowf100_HybridComm_44 - my_run - INFO - Estimated time left: 9 hours, 6 minutes, 46 seconds. Time passed: 4 hours, 1 minutes, 21 seconds
2026-04-30 02:23:41,039 - my_experiment - IMPowf100_HybridComm_44 - my_run - INFO - Recent Stats | t_env:     650000 | Episode:    32500
action_0_mean:             0.2312	action_1_mean:             0.7224	action_2_mean:             0.0464	ep_length_mean:           20.0000
epsilon:                   0.0500	grad_norm:                 2.1848	info_nce_loss:             0.0000	loss:                      0.2105
q_loss:                    0.2058	return_mean:             -5308.6605	return_std:              843.7850	test_action_0_mean:        0.2311
test_action_1_mean:        0.7442	test_action_2_mean:        0.0247	test_ep_length_mean:      20.0000	test_return_mean:        -4248.6652
test_return_std:         352.1425	
2026-04-30 02:23:41,492 - my_experiment - IMPowf100_HybridComm_44 - my_run - INFO - t_env: 650020 / 2050000
2026-04-30 02:23:41,493 - my_experiment - IMPowf100_HybridComm_44 - my_run - INFO - Estimated time left: 8 hours, 53 minutes, 45 seconds. Time passed: 4 hours, 10 minutes, 53 seconds
2026-04-30 02:23:57,568 - my_experiment - IMPowf100_HybridComm_44 - my_run - INFO - Saving models to work_dirs/my_experiment/IMPowf100_HybridComm_44/my_run/20260429_221243/models/650020
2026-04-30 02:33:07,513 - my_experiment - IMPowf100_HybridComm_44 - my_run - INFO - Recent Stats | t_env:     675000 | Episode:    33750
action_0_mean:             0.2353	action_1_mean:             0.7199	action_2_mean:             0.0448	ep_length_mean:           20.0000
epsilon:                   0.0500	grad_norm:                 2.6053	info_nce_loss:             0.0000	loss:                      0.1818
q_loss:                    0.1818	return_mean:             -5082.8569	return_std:              768.0461	test_action_0_mean:        0.2249
test_action_1_mean:        0.7475	test_action_2_mean:        0.0275	test_ep_length_mean:      20.0000	test_return_mean:        -4069.4006
test_return_std:         308.9920	
2026-04-30 02:33:07,948 - my_experiment - IMPowf100_HybridComm_44 - my_run - INFO - t_env: 675020 / 2050000
2026-04-30 02:33:07,949 - my_experiment - IMPowf100_HybridComm_44 - my_run - INFO - Estimated time left: 8 hours, 39 minutes, 14 seconds. Time passed: 4 hours, 20 minutes, 20 seconds
2026-04-30 02:42:32,685 - my_experiment - IMPowf100_HybridComm_44 - my_run - INFO - Recent Stats | t_env:     700000 | Episode:    35000
action_0_mean:             0.2452	action_1_mean:             0.7105	action_2_mean:             0.0442	ep_length_mean:           20.0000
epsilon:                   0.0500	grad_norm:                 2.7939	info_nce_loss:             0.0000	loss:                      0.1779
q_loss:                    0.1779	return_mean:             -4951.7954	return_std:              691.6046	test_action_0_mean:        0.2562
test_action_1_mean:        0.7194	test_action_2_mean:        0.0244	test_ep_length_mean:      20.0000	test_return_mean:        -3989.1468
test_return_std:         304.9447	
2026-04-30 02:42:33,138 - my_experiment - IMPowf100_HybridComm_44 - my_run - INFO - t_env: 700020 / 2050000
2026-04-30 02:42:33,139 - my_experiment - IMPowf100_HybridComm_44 - my_run - INFO - Estimated time left: 8 hours, 28 minutes, 39 seconds. Time passed: 4 hours, 29 minutes, 45 seconds
2026-04-30 02:42:49,155 - my_experiment - IMPowf100_HybridComm_44 - my_run - INFO - Saving models to work_dirs/my_experiment/IMPowf100_HybridComm_44/my_run/20260429_221243/models/700020
2026-04-30 02:52:01,805 - my_experiment - IMPowf100_HybridComm_44 - my_run - INFO - Recent Stats | t_env:     725000 | Episode:    36250
action_0_mean:             0.2576	action_1_mean:             0.6994	action_2_mean:             0.0431	ep_length_mean:           20.0000
epsilon:                   0.0500	grad_norm:                 2.8692	info_nce_loss:             0.0000	loss:                      0.1567
q_loss:                    0.1567	return_mean:             -4886.7246	return_std:              730.3605	test_action_0_mean:        0.2534
test_action_1_mean:        0.7205	test_action_2_mean:        0.0260	test_ep_length_mean:      20.0000	test_return_mean:        -3830.0756
test_return_std:         274.5991	
2026-04-30 02:52:02,252 - my_experiment - IMPowf100_HybridComm_44 - my_run - INFO - t_env: 725020 / 2050000
2026-04-30 02:52:02,252 - my_experiment - IMPowf100_HybridComm_44 - my_run - INFO - Estimated time left: 8 hours, 22 minutes, 42 seconds. Time passed: 4 hours, 39 minutes, 14 seconds
2026-04-30 03:01:30,365 - my_experiment - IMPowf100_HybridComm_44 - my_run - INFO - Recent Stats | t_env:     750000 | Episode:    37500
action_0_mean:             0.2592	action_1_mean:             0.6976	action_2_mean:             0.0431	ep_length_mean:           20.0000
epsilon:                   0.0500	grad_norm:                 1.6438	info_nce_loss:             0.0000	loss:                      0.1281
q_loss:                    0.1281	return_mean:             -4841.8544	return_std:              678.5440	test_action_0_mean:        0.2503
test_action_1_mean:        0.7231	test_action_2_mean:        0.0267	test_ep_length_mean:      20.0000	test_return_mean:        -3787.4462
test_return_std:         258.8765	
2026-04-30 03:01:30,824 - my_experiment - IMPowf100_HybridComm_44 - my_run - INFO - t_env: 750020 / 2050000
2026-04-30 03:01:30,824 - my_experiment - IMPowf100_HybridComm_44 - my_run - INFO - Estimated time left: 8 hours, 12 minutes, 45 seconds. Time passed: 4 hours, 48 minutes, 43 seconds
2026-04-30 03:01:47,064 - my_experiment - IMPowf100_HybridComm_44 - my_run - INFO - Saving models to work_dirs/my_experiment/IMPowf100_HybridComm_44/my_run/20260429_221243/models/750020
2026-04-30 03:10:58,182 - my_experiment - IMPowf100_HybridComm_44 - my_run - INFO - Recent Stats | t_env:     775000 | Episode:    38750
action_0_mean:             0.2662	action_1_mean:             0.6906	action_2_mean:             0.0432	ep_length_mean:           20.0000
epsilon:                   0.0500	grad_norm:                 2.3696	info_nce_loss:             0.0000	loss:                      0.1417
q_loss:                    0.1417	return_mean:             -4881.1458	return_std:              713.2159	test_action_0_mean:        0.2306
test_action_1_mean:        0.7306	test_action_2_mean:        0.0388	test_ep_length_mean:      20.0000	test_return_mean:        -4690.5904
test_return_std:         283.9254	
2026-04-30 03:10:58,621 - my_experiment - IMPowf100_HybridComm_44 - my_run - INFO - t_env: 775020 / 2050000
2026-04-30 03:10:58,622 - my_experiment - IMPowf100_HybridComm_44 - my_run - INFO - Estimated time left: 8 hours, 2 minutes, 37 seconds. Time passed: 4 hours, 58 minutes, 10 seconds
2026-04-30 03:20:23,380 - my_experiment - IMPowf100_HybridComm_44 - my_run - INFO - Recent Stats | t_env:     800000 | Episode:    40000
action_0_mean:             0.2698	action_1_mean:             0.6866	action_2_mean:             0.0436	ep_length_mean:           20.0000
epsilon:                   0.0500	grad_norm:                 2.2794	info_nce_loss:             0.0000	loss:                      0.1543
q_loss:                    0.1543	return_mean:             -4886.2691	return_std:              719.1545	test_action_0_mean:        0.2446
test_action_1_mean:        0.7180	test_action_2_mean:        0.0374	test_ep_length_mean:      20.0000	test_return_mean:        -4828.7101
test_return_std:         321.1408	
2026-04-30 03:20:23,835 - my_experiment - IMPowf100_HybridComm_44 - my_run - INFO - t_env: 800020 / 2050000
2026-04-30 03:20:23,836 - my_experiment - IMPowf100_HybridComm_44 - my_run - INFO - Estimated time left: 7 hours, 51 minutes, 0 seconds. Time passed: 5 hours, 7 minutes, 36 seconds
2026-04-30 03:20:39,637 - my_experiment - IMPowf100_HybridComm_44 - my_run - INFO - Saving models to work_dirs/my_experiment/IMPowf100_HybridComm_44/my_run/20260429_221243/models/800020
2026-04-30 03:29:49,947 - my_experiment - IMPowf100_HybridComm_44 - my_run - INFO - Recent Stats | t_env:     825000 | Episode:    41250
action_0_mean:             0.2698	action_1_mean:             0.6859	action_2_mean:             0.0443	ep_length_mean:           20.0000
epsilon:                   0.0500	grad_norm:                 3.5165	info_nce_loss:             0.0000	loss:                      0.1537
q_loss:                    0.1537	return_mean:             -4937.3469	return_std:              813.1894	test_action_0_mean:        0.2312
test_action_1_mean:        0.7311	test_action_2_mean:        0.0377	test_ep_length_mean:      20.0000	test_return_mean:        -4837.3528
test_return_std:         317.4034	
2026-04-30 03:29:50,383 - my_experiment - IMPowf100_HybridComm_44 - my_run - INFO - t_env: 825020 / 2050000
2026-04-30 03:29:50,384 - my_experiment - IMPowf100_HybridComm_44 - my_run - INFO - Estimated time left: 7 hours, 42 minutes, 40 seconds. Time passed: 5 hours, 17 minutes, 2 seconds
2026-04-30 03:39:12,864 - my_experiment - IMPowf100_HybridComm_44 - my_run - INFO - Recent Stats | t_env:     850000 | Episode:    42500
action_0_mean:             0.2681	action_1_mean:             0.6880	action_2_mean:             0.0438	ep_length_mean:           20.0000
epsilon:                   0.0500	grad_norm:                 4.1026	info_nce_loss:             0.0000	loss:                      0.1702
q_loss:                    0.1702	return_mean:             -4942.1729	return_std:              747.1032	test_action_0_mean:        0.2506
test_action_1_mean:        0.7136	test_action_2_mean:        0.0359	test_ep_length_mean:      20.0000	test_return_mean:        -4858.3633
test_return_std:         323.3898	
2026-04-30 03:39:13,308 - my_experiment - IMPowf100_HybridComm_44 - my_run - INFO - t_env: 850020 / 2050000
2026-04-30 03:39:13,309 - my_experiment - IMPowf100_HybridComm_44 - my_run - INFO - Estimated time left: 7 hours, 30 minutes, 19 seconds. Time passed: 5 hours, 26 minutes, 25 seconds
2026-04-30 03:39:28,887 - my_experiment - IMPowf100_HybridComm_44 - my_run - INFO - Saving models to work_dirs/my_experiment/IMPowf100_HybridComm_44/my_run/20260429_221243/models/850020
2026-04-30 03:48:34,415 - my_experiment - IMPowf100_HybridComm_44 - my_run - INFO - Recent Stats | t_env:     875000 | Episode:    43750
action_0_mean:             0.2738	action_1_mean:             0.6822	action_2_mean:             0.0440	ep_length_mean:           20.0000
epsilon:                   0.0500	grad_norm:                 4.5823	info_nce_loss:             0.0000	loss:                      0.1806
q_loss:                    0.1806	return_mean:             -4949.9006	return_std:              755.5282	test_action_0_mean:        0.2606
test_action_1_mean:        0.7046	test_action_2_mean:        0.0348	test_ep_length_mean:      20.0000	test_return_mean:        -4922.4141
test_return_std:         324.9044	
2026-04-30 03:48:34,859 - my_experiment - IMPowf100_HybridComm_44 - my_run - INFO - t_env: 875020 / 2050000
2026-04-30 03:48:34,859 - my_experiment - IMPowf100_HybridComm_44 - my_run - INFO - Estimated time left: 7 hours, 19 minutes, 52 seconds. Time passed: 5 hours, 35 minutes, 47 seconds
2026-04-30 03:57:57,553 - my_experiment - IMPowf100_HybridComm_44 - my_run - INFO - Recent Stats | t_env:     900000 | Episode:    45000
action_0_mean:             0.2828	action_1_mean:             0.6745	action_2_mean:             0.0427	ep_length_mean:           20.0000
epsilon:                   0.0500	grad_norm:                 3.9744	info_nce_loss:             0.0000	loss:                      0.1786
q_loss:                    0.1786	return_mean:             -4937.1687	return_std:              692.4859	test_action_0_mean:        0.2900
test_action_1_mean:        0.6885	test_action_2_mean:        0.0216	test_ep_length_mean:      20.0000	test_return_mean:        -3998.7290
test_return_std:         309.8816	
2026-04-30 03:57:58,003 - my_experiment - IMPowf100_HybridComm_44 - my_run - INFO - t_env: 900020 / 2050000
2026-04-30 03:57:58,004 - my_experiment - IMPowf100_HybridComm_44 - my_run - INFO - Estimated time left: 7 hours, 11 minutes, 44 seconds. Time passed: 5 hours, 45 minutes, 10 seconds
2026-04-30 03:58:13,703 - my_experiment - IMPowf100_HybridComm_44 - my_run - INFO - Saving models to work_dirs/my_experiment/IMPowf100_HybridComm_44/my_run/20260429_221243/models/900020
2026-04-30 04:07:24,232 - my_experiment - IMPowf100_HybridComm_44 - my_run - INFO - Recent Stats | t_env:     925000 | Episode:    46250
action_0_mean:             0.2862	action_1_mean:             0.6716	action_2_mean:             0.0422	ep_length_mean:           20.0000
epsilon:                   0.0500	grad_norm:                 3.7330	info_nce_loss:             0.0000	loss:                      0.1774
q_loss:                    0.1774	return_mean:             -4918.5715	return_std:              661.3234	test_action_0_mean:        0.2866
test_action_1_mean:        0.6917	test_action_2_mean:        0.0217	test_ep_length_mean:      20.0000	test_return_mean:        -3794.7160
test_return_std:         271.9284	
2026-04-30 04:07:24,677 - my_experiment - IMPowf100_HybridComm_44 - my_run - INFO - t_env: 925020 / 2050000
2026-04-30 04:07:24,677 - my_experiment - IMPowf100_HybridComm_44 - my_run - INFO - Estimated time left: 7 hours, 4 minutes, 59 seconds. Time passed: 5 hours, 54 minutes, 36 seconds
2026-04-30 04:16:48,239 - my_experiment - IMPowf100_HybridComm_44 - my_run - INFO - Recent Stats | t_env:     950000 | Episode:    47500
action_0_mean:             0.2836	action_1_mean:             0.6742	action_2_mean:             0.0422	ep_length_mean:           20.0000
epsilon:                   0.0500	grad_norm:                 2.6051	info_nce_loss:             0.0000	loss:                      0.1714
q_loss:                    0.1714	return_mean:             -4866.1987	return_std:              599.1991	test_action_0_mean:        0.2896
test_action_1_mean:        0.6881	test_action_2_mean:        0.0223	test_ep_length_mean:      20.0000	test_return_mean:        -3726.0240
test_return_std:         277.9459	
2026-04-30 04:16:48,692 - my_experiment - IMPowf100_HybridComm_44 - my_run - INFO - t_env: 950020 / 2050000
2026-04-30 04:16:48,692 - my_experiment - IMPowf100_HybridComm_44 - my_run - INFO - Estimated time left: 6 hours, 53 minutes, 36 seconds. Time passed: 6 hours, 4 minutes, 0 seconds
2026-04-30 04:17:04,541 - my_experiment - IMPowf100_HybridComm_44 - my_run - INFO - Saving models to work_dirs/my_experiment/IMPowf100_HybridComm_44/my_run/20260429_221243/models/950020
2026-04-30 04:26:15,392 - my_experiment - IMPowf100_HybridComm_44 - my_run - INFO - Recent Stats | t_env:     975000 | Episode:    48750
action_0_mean:             0.2855	action_1_mean:             0.6718	action_2_mean:             0.0427	ep_length_mean:           20.0000
epsilon:                   0.0500	grad_norm:                 2.2709	info_nce_loss:             0.0000	loss:                      0.1596
q_loss:                    0.1596	return_mean:             -4849.6098	return_std:              635.9370	test_action_0_mean:        0.2752
test_action_1_mean:        0.7010	test_action_2_mean:        0.0238	test_ep_length_mean:      20.0000	test_return_mean:        -3722.7747
test_return_std:         271.2416	
2026-04-30 04:26:15,836 - my_experiment - IMPowf100_HybridComm_44 - my_run - INFO - t_env: 975020 / 2050000
2026-04-30 04:26:15,837 - my_experiment - IMPowf100_HybridComm_44 - my_run - INFO - Estimated time left: 6 hours, 46 minutes, 26 seconds. Time passed: 6 hours, 13 minutes, 28 seconds
2026-04-30 04:35:41,141 - my_experiment - IMPowf100_HybridComm_44 - my_run - INFO - Recent Stats | t_env:    1000000 | Episode:    50000
action_0_mean:             0.2818	action_1_mean:             0.6757	action_2_mean:             0.0425	ep_length_mean:           20.0000
epsilon:                   0.0500	grad_norm:                 2.0201	info_nce_loss:             0.0000	loss:                      0.1608
q_loss:                    0.1608	return_mean:             -4825.9157	return_std:              645.9764	test_action_0_mean:        0.2673
test_action_1_mean:        0.7065	test_action_2_mean:        0.0261	test_ep_length_mean:      20.0000	test_return_mean:        -3687.5254
test_return_std:         275.0759	
2026-04-30 04:35:41,582 - my_experiment - IMPowf100_HybridComm_44 - my_run - INFO - t_env: 1000020 / 2050000
2026-04-30 04:35:41,583 - my_experiment - IMPowf100_HybridComm_44 - my_run - INFO - Estimated time left: 6 hours, 36 minutes, 0 seconds. Time passed: 6 hours, 22 minutes, 53 seconds
2026-04-30 04:35:57,175 - my_experiment - IMPowf100_HybridComm_44 - my_run - INFO - Saving models to work_dirs/my_experiment/IMPowf100_HybridComm_44/my_run/20260429_221243/models/1000020
2026-04-30 04:45:08,280 - my_experiment - IMPowf100_HybridComm_44 - my_run - INFO - Recent Stats | t_env:    1025000 | Episode:    51250
action_0_mean:             0.2756	action_1_mean:             0.6806	action_2_mean:             0.0437	ep_length_mean:           20.0000
epsilon:                   0.0500	grad_norm:                 1.9050	info_nce_loss:             0.0000	loss:                      0.1424
q_loss:                    0.1424	return_mean:             -4823.3329	return_std:              646.3486	test_action_0_mean:        0.2684
test_action_1_mean:        0.7046	test_action_2_mean:        0.0271	test_ep_length_mean:      20.0000	test_return_mean:        -3659.8750
test_return_std:         278.5429	
2026-04-30 04:45:08,732 - my_experiment - IMPowf100_HybridComm_44 - my_run - INFO - t_env: 1025020 / 2050000
2026-04-30 04:45:08,732 - my_experiment - IMPowf100_HybridComm_44 - my_run - INFO - Estimated time left: 6 hours, 27 minutes, 32 seconds. Time passed: 6 hours, 32 minutes, 20 seconds
2026-04-30 04:54:34,862 - my_experiment - IMPowf100_HybridComm_44 - my_run - INFO - Recent Stats | t_env:    1050000 | Episode:    52500
action_0_mean:             0.2711	action_1_mean:             0.6843	action_2_mean:             0.0446	ep_length_mean:           20.0000
epsilon:                   0.0500	grad_norm:                 1.6476	info_nce_loss:             0.0000	loss:                      0.1370
q_loss:                    0.1370	return_mean:             -4849.5830	return_std:              653.1915	test_action_0_mean:        0.2664
test_action_1_mean:        0.7074	test_action_2_mean:        0.0263	test_ep_length_mean:      20.0000	test_return_mean:        -3642.3047
test_return_std:         275.3733	
2026-04-30 04:54:35,317 - my_experiment - IMPowf100_HybridComm_44 - my_run - INFO - t_env: 1050020 / 2050000
2026-04-30 04:54:35,317 - my_experiment - IMPowf100_HybridComm_44 - my_run - INFO - Estimated time left: 6 hours, 17 minutes, 42 seconds. Time passed: 6 hours, 41 minutes, 47 seconds
2026-04-30 04:54:51,206 - my_experiment - IMPowf100_HybridComm_44 - my_run - INFO - Saving models to work_dirs/my_experiment/IMPowf100_HybridComm_44/my_run/20260429_221243/models/1050020
2026-04-30 05:04:07,353 - my_experiment - IMPowf100_HybridComm_44 - my_run - INFO - Recent Stats | t_env:    1075000 | Episode:    53750
action_0_mean:             0.2722	action_1_mean:             0.6841	action_2_mean:             0.0436	ep_length_mean:           20.0000
epsilon:                   0.0500	grad_norm:                 1.4339	info_nce_loss:             0.0000	loss:                      0.1356
q_loss:                    0.1356	return_mean:             -4864.1858	return_std:              635.5651	test_action_0_mean:        0.2602
test_action_1_mean:        0.7131	test_action_2_mean:        0.0267	test_ep_length_mean:      20.0000	test_return_mean:        -3695.6724
test_return_std:         279.0489	
2026-04-30 05:04:07,802 - my_experiment - IMPowf100_HybridComm_44 - my_run - INFO - t_env: 1075020 / 2050000
2026-04-30 05:04:07,803 - my_experiment - IMPowf100_HybridComm_44 - my_run - INFO - Estimated time left: 6 hours, 12 minutes, 6 seconds. Time passed: 6 hours, 51 minutes, 20 seconds
2026-04-30 05:13:38,150 - my_experiment - IMPowf100_HybridComm_44 - my_run - INFO - Recent Stats | t_env:    1100000 | Episode:    55000
action_0_mean:             0.2670	action_1_mean:             0.6900	action_2_mean:             0.0430	ep_length_mean:           20.0000
epsilon:                   0.0500	grad_norm:                 1.0268	info_nce_loss:             0.0000	loss:                      0.1345
q_loss:                    0.1325	return_mean:             -4857.5918	return_std:              576.3097	test_action_0_mean:        0.2614
test_action_1_mean:        0.7133	test_action_2_mean:        0.0253	test_ep_length_mean:      20.0000	test_return_mean:        -3681.8382
test_return_std:         281.8109	
2026-04-30 05:13:38,609 - my_experiment - IMPowf100_HybridComm_44 - my_run - INFO - t_env: 1100020 / 2050000
2026-04-30 05:13:38,610 - my_experiment - IMPowf100_HybridComm_44 - my_run - INFO - Estimated time left: 6 hours, 1 minutes, 30 seconds. Time passed: 7 hours, 50 seconds
2026-04-30 05:13:54,464 - my_experiment - IMPowf100_HybridComm_44 - my_run - INFO - Saving models to work_dirs/my_experiment/IMPowf100_HybridComm_44/my_run/20260429_221243/models/1100020
2026-04-30 05:23:14,448 - my_experiment - IMPowf100_HybridComm_44 - my_run - INFO - Recent Stats | t_env:    1125000 | Episode:    56250
action_0_mean:             0.2636	action_1_mean:             0.6935	action_2_mean:             0.0429	ep_length_mean:           20.0000
epsilon:                   0.0500	grad_norm:                 1.2097	info_nce_loss:             0.0000	loss:                      0.1280
q_loss:                    0.1260	return_mean:             -4915.6701	return_std:              594.6463	test_action_0_mean:        0.2612
test_action_1_mean:        0.7155	test_action_2_mean:        0.0233	test_ep_length_mean:      20.0000	test_return_mean:        -3728.8001
test_return_std:         285.3187	
2026-04-30 05:23:14,903 - my_experiment - IMPowf100_HybridComm_44 - my_run - INFO - t_env: 1125020 / 2050000
2026-04-30 05:23:14,903 - my_experiment - IMPowf100_HybridComm_44 - my_run - INFO - Estimated time left: 5 hours, 55 minutes, 22 seconds. Time passed: 7 hours, 10 minutes, 27 seconds
2026-04-30 05:32:48,125 - my_experiment - IMPowf100_HybridComm_44 - my_run - INFO - Recent Stats | t_env:    1150000 | Episode:    57500
action_0_mean:             0.2573	action_1_mean:             0.6997	action_2_mean:             0.0430	ep_length_mean:           20.0000
epsilon:                   0.0500	grad_norm:                 1.3122	info_nce_loss:             0.0000	loss:                      0.1688
q_loss:                    0.1668	return_mean:             -4896.9014	return_std:              585.4421	test_action_0_mean:        0.2515
test_action_1_mean:        0.7258	test_action_2_mean:        0.0226	test_ep_length_mean:      20.0000	test_return_mean:        -3622.8405
test_return_std:         259.2032	
2026-04-30 05:32:48,574 - my_experiment - IMPowf100_HybridComm_44 - my_run - INFO - t_env: 1150020 / 2050000
2026-04-30 05:32:48,574 - my_experiment - IMPowf100_HybridComm_44 - my_run - INFO - Estimated time left: 5 hours, 44 minutes, 11 seconds. Time passed: 7 hours, 20 minutes, 0 seconds
2026-04-30 05:33:04,508 - my_experiment - IMPowf100_HybridComm_44 - my_run - INFO - Saving models to work_dirs/my_experiment/IMPowf100_HybridComm_44/my_run/20260429_221243/models/1150020
2026-04-30 05:42:22,460 - my_experiment - IMPowf100_HybridComm_44 - my_run - INFO - Recent Stats | t_env:    1175000 | Episode:    58750
action_0_mean:             0.2524	action_1_mean:             0.7044	action_2_mean:             0.0431	ep_length_mean:           20.0000
epsilon:                   0.0500	grad_norm:                 1.5057	info_nce_loss:             0.0000	loss:                      0.1677
q_loss:                    0.1657	return_mean:             -4944.3494	return_std:              598.8654	test_action_0_mean:        0.2483
test_action_1_mean:        0.7291	test_action_2_mean:        0.0226	test_ep_length_mean:      20.0000	test_return_mean:        -3636.7832
test_return_std:         252.5725	
2026-04-30 05:42:22,915 - my_experiment - IMPowf100_HybridComm_44 - my_run - INFO - t_env: 1175020 / 2050000
2026-04-30 05:42:22,916 - my_experiment - IMPowf100_HybridComm_44 - my_run - INFO - Estimated time left: 5 hours, 35 minutes, 1 seconds. Time passed: 7 hours, 29 minutes, 35 seconds
2026-04-30 05:51:56,997 - my_experiment - IMPowf100_HybridComm_44 - my_run - INFO - Recent Stats | t_env:    1200000 | Episode:    60000
action_0_mean:             0.2472	action_1_mean:             0.7086	action_2_mean:             0.0442	ep_length_mean:           20.0000
epsilon:                   0.0500	grad_norm:                 1.5253	info_nce_loss:             0.0000	loss:                      0.1655
q_loss:                    0.1635	return_mean:             -4956.4125	return_std:              618.4496	test_action_0_mean:        0.2474
test_action_1_mean:        0.7301	test_action_2_mean:        0.0226	test_ep_length_mean:      20.0000	test_return_mean:        -3579.5174
test_return_std:         238.1826	
2026-04-30 05:51:57,451 - my_experiment - IMPowf100_HybridComm_44 - my_run - INFO - t_env: 1200020 / 2050000
2026-04-30 05:51:57,452 - my_experiment - IMPowf100_HybridComm_44 - my_run - INFO - Estimated time left: 5 hours, 25 minutes, 33 seconds. Time passed: 7 hours, 39 minutes, 9 seconds
2026-04-30 05:52:13,108 - my_experiment - IMPowf100_HybridComm_44 - my_run - INFO - Saving models to work_dirs/my_experiment/IMPowf100_HybridComm_44/my_run/20260429_221243/models/1200020
2026-04-30 06:01:31,046 - my_experiment - IMPowf100_HybridComm_44 - my_run - INFO - Recent Stats | t_env:    1225000 | Episode:    61250
action_0_mean:             0.2464	action_1_mean:             0.7093	action_2_mean:             0.0443	ep_length_mean:           20.0000
epsilon:                   0.0500	grad_norm:                 1.8019	info_nce_loss:             0.0000	loss:                      0.1741
q_loss:                    0.1741	return_mean:             -4947.2799	return_std:              619.3930	test_action_0_mean:        0.2476
test_action_1_mean:        0.7261	test_action_2_mean:        0.0263	test_ep_length_mean:      20.0000	test_return_mean:        -3719.0094
test_return_std:         237.0197	
2026-04-30 06:01:31,504 - my_experiment - IMPowf100_HybridComm_44 - my_run - INFO - t_env: 1225020 / 2050000
2026-04-30 06:01:31,505 - my_experiment - IMPowf100_HybridComm_44 - my_run - INFO - Estimated time left: 5 hours, 15 minutes, 43 seconds. Time passed: 7 hours, 48 minutes, 43 seconds
2026-04-30 06:11:07,364 - my_experiment - IMPowf100_HybridComm_44 - my_run - INFO - Recent Stats | t_env:    1250000 | Episode:    62500
action_0_mean:             0.2458	action_1_mean:             0.7094	action_2_mean:             0.0448	ep_length_mean:           20.0000
epsilon:                   0.0500	grad_norm:                 1.5663	info_nce_loss:             0.0000	loss:                      0.1671
q_loss:                    0.1671	return_mean:             -4887.3639	return_std:              570.5903	test_action_0_mean:        0.2451
test_action_1_mean:        0.7248	test_action_2_mean:        0.0301	test_ep_length_mean:      20.0000	test_return_mean:        -3844.7943
test_return_std:         240.2860	
2026-04-30 06:11:07,817 - my_experiment - IMPowf100_HybridComm_44 - my_run - INFO - t_env: 1250020 / 2050000
2026-04-30 06:11:07,818 - my_experiment - IMPowf100_HybridComm_44 - my_run - INFO - Estimated time left: 5 hours, 7 minutes, 21 seconds. Time passed: 7 hours, 58 minutes, 20 seconds
2026-04-30 06:11:23,727 - my_experiment - IMPowf100_HybridComm_44 - my_run - INFO - Saving models to work_dirs/my_experiment/IMPowf100_HybridComm_44/my_run/20260429_221243/models/1250020
2026-04-30 06:20:43,164 - my_experiment - IMPowf100_HybridComm_44 - my_run - INFO - Recent Stats | t_env:    1275000 | Episode:    63750
action_0_mean:             0.2466	action_1_mean:             0.7089	action_2_mean:             0.0445	ep_length_mean:           20.0000
epsilon:                   0.0500	grad_norm:                 1.3485	info_nce_loss:             0.0000	loss:                      0.1335
q_loss:                    0.1335	return_mean:             -4862.8985	return_std:              561.9033	test_action_0_mean:        0.2475
test_action_1_mean:        0.7231	test_action_2_mean:        0.0294	test_ep_length_mean:      20.0000	test_return_mean:        -3836.5035
test_return_std:         245.0383	
2026-04-30 06:20:43,629 - my_experiment - IMPowf100_HybridComm_44 - my_run - INFO - t_env: 1275020 / 2050000
2026-04-30 06:20:43,629 - my_experiment - IMPowf100_HybridComm_44 - my_run - INFO - Estimated time left: 4 hours, 57 minutes, 29 seconds. Time passed: 8 hours, 7 minutes, 55 seconds
2026-04-30 06:30:19,188 - my_experiment - IMPowf100_HybridComm_44 - my_run - INFO - Recent Stats | t_env:    1300000 | Episode:    65000
action_0_mean:             0.2497	action_1_mean:             0.7065	action_2_mean:             0.0438	ep_length_mean:           20.0000
epsilon:                   0.0500	grad_norm:                 1.2204	info_nce_loss:             0.0000	loss:                      0.1267
q_loss:                    0.1267	return_mean:             -4776.7301	return_std:              523.4560	test_action_0_mean:        0.2551
test_action_1_mean:        0.7165	test_action_2_mean:        0.0284	test_ep_length_mean:      20.0000	test_return_mean:        -3826.8859
test_return_std:         257.5858	
2026-04-30 06:30:19,657 - my_experiment - IMPowf100_HybridComm_44 - my_run - INFO - t_env: 1300020 / 2050000
2026-04-30 06:30:19,658 - my_experiment - IMPowf100_HybridComm_44 - my_run - INFO - Estimated time left: 4 hours, 48 minutes, 0 seconds. Time passed: 8 hours, 17 minutes, 31 seconds
2026-04-30 06:30:35,560 - my_experiment - IMPowf100_HybridComm_44 - my_run - INFO - Saving models to work_dirs/my_experiment/IMPowf100_HybridComm_44/my_run/20260429_221243/models/1300020
2026-04-30 06:39:54,434 - my_experiment - IMPowf100_HybridComm_44 - my_run - INFO - Recent Stats | t_env:    1325000 | Episode:    66250
action_0_mean:             0.2504	action_1_mean:             0.7061	action_2_mean:             0.0435	ep_length_mean:           20.0000
epsilon:                   0.0500	grad_norm:                 1.0478	info_nce_loss:             0.0000	loss:                      0.1218
q_loss:                    0.1218	return_mean:             -4734.3131	return_std:              521.3480	test_action_0_mean:        0.2560
test_action_1_mean:        0.7155	test_action_2_mean:        0.0284	test_ep_length_mean:      20.0000	test_return_mean:        -3829.9132
test_return_std:         254.6360	
2026-04-30 06:39:54,872 - my_experiment - IMPowf100_HybridComm_44 - my_run - INFO - t_env: 1325020 / 2050000
2026-04-30 06:39:54,873 - my_experiment - IMPowf100_HybridComm_44 - my_run - INFO - Estimated time left: 4 hours, 38 minutes, 0 seconds. Time passed: 8 hours, 27 minutes, 7 seconds
2026-04-30 06:49:26,420 - my_experiment - IMPowf100_HybridComm_44 - my_run - INFO - Recent Stats | t_env:    1350000 | Episode:    67500
action_0_mean:             0.2495	action_1_mean:             0.7063	action_2_mean:             0.0442	ep_length_mean:           20.0000
epsilon:                   0.0500	grad_norm:                 1.0442	info_nce_loss:             0.0000	loss:                      0.1271
q_loss:                    0.1271	return_mean:             -4739.1877	return_std:              550.9697	test_action_0_mean:        0.2740
test_action_1_mean:        0.6987	test_action_2_mean:        0.0273	test_ep_length_mean:      20.0000	test_return_mean:        -3829.0824
test_return_std:         256.9750	
2026-04-30 06:49:26,881 - my_experiment - IMPowf100_HybridComm_44 - my_run - INFO - t_env: 1350020 / 2050000
2026-04-30 06:49:26,881 - my_experiment - IMPowf100_HybridComm_44 - my_run - INFO - Estimated time left: 4 hours, 26 minutes, 55 seconds. Time passed: 8 hours, 36 minutes, 39 seconds
2026-04-30 06:49:42,801 - my_experiment - IMPowf100_HybridComm_44 - my_run - INFO - Saving models to work_dirs/my_experiment/IMPowf100_HybridComm_44/my_run/20260429_221243/models/1350020
2026-04-30 06:59:00,772 - my_experiment - IMPowf100_HybridComm_44 - my_run - INFO - Recent Stats | t_env:    1375000 | Episode:    68750
action_0_mean:             0.2512	action_1_mean:             0.7049	action_2_mean:             0.0439	ep_length_mean:           20.0000
epsilon:                   0.0500	grad_norm:                 1.1661	info_nce_loss:             0.0000	loss:                      0.1372
q_loss:                    0.1372	return_mean:             -4767.2026	return_std:              574.3526	test_action_0_mean:        0.2708
test_action_1_mean:        0.7019	test_action_2_mean:        0.0273	test_ep_length_mean:      20.0000	test_return_mean:        -3760.3862
test_return_std:         262.4400	
2026-04-30 06:59:01,222 - my_experiment - IMPowf100_HybridComm_44 - my_run - INFO - t_env: 1375020 / 2050000
2026-04-30 06:59:01,222 - my_experiment - IMPowf100_HybridComm_44 - my_run - INFO - Estimated time left: 4 hours, 18 minutes, 26 seconds. Time passed: 8 hours, 46 minutes, 13 seconds
2026-04-30 07:08:36,247 - my_experiment - IMPowf100_HybridComm_44 - my_run - INFO - Recent Stats | t_env:    1400000 | Episode:    70000
action_0_mean:             0.2532	action_1_mean:             0.7026	action_2_mean:             0.0442	ep_length_mean:           20.0000
epsilon:                   0.0500	grad_norm:                 1.3248	info_nce_loss:             0.0000	loss:                      0.1449
q_loss:                    0.1449	return_mean:             -4800.1701	return_std:              567.4174	test_action_0_mean:        0.2735
test_action_1_mean:        0.6980	test_action_2_mean:        0.0286	test_ep_length_mean:      20.0000	test_return_mean:        -3836.3104
test_return_std:         259.3555	
2026-04-30 07:08:36,702 - my_experiment - IMPowf100_HybridComm_44 - my_run - INFO - t_env: 1400020 / 2050000
2026-04-30 07:08:36,702 - my_experiment - IMPowf100_HybridComm_44 - my_run - INFO - Estimated time left: 4 hours, 9 minutes, 22 seconds. Time passed: 8 hours, 55 minutes, 48 seconds
2026-04-30 07:08:52,821 - my_experiment - IMPowf100_HybridComm_44 - my_run - INFO - Saving models to work_dirs/my_experiment/IMPowf100_HybridComm_44/my_run/20260429_221243/models/1400020
2026-04-30 07:18:13,468 - my_experiment - IMPowf100_HybridComm_44 - my_run - INFO - Recent Stats | t_env:    1425000 | Episode:    71250
action_0_mean:             0.2492	action_1_mean:             0.7064	action_2_mean:             0.0445	ep_length_mean:           20.0000
epsilon:                   0.0500	grad_norm:                 1.2872	info_nce_loss:             0.0000	loss:                      0.1567
q_loss:                    0.1538	return_mean:             -4806.3177	return_std:              578.3969	test_action_0_mean:        0.2607
test_action_1_mean:        0.7088	test_action_2_mean:        0.0305	test_ep_length_mean:      20.0000	test_return_mean:        -3873.5855
test_return_std:         243.5727	
2026-04-30 07:18:13,923 - my_experiment - IMPowf100_HybridComm_44 - my_run - INFO - t_env: 1425020 / 2050000
2026-04-30 07:18:13,923 - my_experiment - IMPowf100_HybridComm_44 - my_run - INFO - Estimated time left: 4 hours, 30 seconds. Time passed: 9 hours, 5 minutes, 26 seconds
2026-04-30 07:27:45,806 - my_experiment - IMPowf100_HybridComm_44 - my_run - INFO - Recent Stats | t_env:    1450000 | Episode:    72500
action_0_mean:             0.2467	action_1_mean:             0.7091	action_2_mean:             0.0441	ep_length_mean:           20.0000
epsilon:                   0.0500	grad_norm:                 1.4257	info_nce_loss:             0.0000	loss:                      0.1574
q_loss:                    0.1544	return_mean:             -4826.9319	return_std:              551.2529	test_action_0_mean:        0.2613
test_action_1_mean:        0.7088	test_action_2_mean:        0.0300	test_ep_length_mean:      20.0000	test_return_mean:        -3881.5511
test_return_std:         245.3794	
2026-04-30 07:27:46,254 - my_experiment - IMPowf100_HybridComm_44 - my_run - INFO - t_env: 1450020 / 2050000
2026-04-30 07:27:46,255 - my_experiment - IMPowf100_HybridComm_44 - my_run - INFO - Estimated time left: 3 hours, 48 minutes, 55 seconds. Time passed: 9 hours, 14 minutes, 58 seconds
2026-04-30 07:28:01,867 - my_experiment - IMPowf100_HybridComm_44 - my_run - INFO - Saving models to work_dirs/my_experiment/IMPowf100_HybridComm_44/my_run/20260429_221243/models/1450020
2026-04-30 07:37:20,589 - my_experiment - IMPowf100_HybridComm_44 - my_run - INFO - Recent Stats | t_env:    1475000 | Episode:    73750
action_0_mean:             0.2491	action_1_mean:             0.7063	action_2_mean:             0.0445	ep_length_mean:           20.0000
epsilon:                   0.0500	grad_norm:                 1.3208	info_nce_loss:             0.0000	loss:                      0.1490
q_loss:                    0.1460	return_mean:             -4842.5874	return_std:              527.4102	test_action_0_mean:        0.2479
test_action_1_mean:        0.7225	test_action_2_mean:        0.0296	test_ep_length_mean:      20.0000	test_return_mean:        -3794.6011
test_return_std:         241.8170	
2026-04-30 07:37:21,039 - my_experiment - IMPowf100_HybridComm_44 - my_run - INFO - t_env: 1475020 / 2050000
2026-04-30 07:37:21,040 - my_experiment - IMPowf100_HybridComm_44 - my_run - INFO - Estimated time left: 3 hours, 40 minutes, 19 seconds. Time passed: 9 hours, 24 minutes, 33 seconds
2026-04-30 07:46:50,473 - my_experiment - IMPowf100_HybridComm_44 - my_run - INFO - Recent Stats | t_env:    1500000 | Episode:    75000
action_0_mean:             0.2460	action_1_mean:             0.7080	action_2_mean:             0.0461	ep_length_mean:           20.0000
epsilon:                   0.0500	grad_norm:                 1.0635	info_nce_loss:             0.0000	loss:                      0.1430
q_loss:                    0.1400	return_mean:             -4851.3017	return_std:              543.6355	test_action_0_mean:        0.2532
test_action_1_mean:        0.7210	test_action_2_mean:        0.0258	test_ep_length_mean:      20.0000	test_return_mean:        -3647.0915
test_return_std:         234.8677	
2026-04-30 07:46:50,908 - my_experiment - IMPowf100_HybridComm_44 - my_run - INFO - t_env: 1500020 / 2050000
2026-04-30 07:46:50,908 - my_experiment - IMPowf100_HybridComm_44 - my_run - INFO - Estimated time left: 3 hours, 28 minutes, 56 seconds. Time passed: 9 hours, 34 minutes, 3 seconds
2026-04-30 07:47:06,166 - my_experiment - IMPowf100_HybridComm_44 - my_run - INFO - Saving models to work_dirs/my_experiment/IMPowf100_HybridComm_44/my_run/20260429_221243/models/1500020
2026-04-30 07:56:06,949 - my_experiment - IMPowf100_HybridComm_44 - my_run - INFO - Recent Stats | t_env:    1525000 | Episode:    76250
action_0_mean:             0.2496	action_1_mean:             0.7043	action_2_mean:             0.0461	ep_length_mean:           20.0000
epsilon:                   0.0500	grad_norm:                 0.9413	info_nce_loss:             0.0000	loss:                      0.1393
q_loss:                    0.1364	return_mean:             -4821.0994	return_std:              537.6277	test_action_0_mean:        0.2612
test_action_1_mean:        0.7098	test_action_2_mean:        0.0290	test_ep_length_mean:      20.0000	test_return_mean:        -3710.1011
test_return_std:         232.5056	
2026-04-30 07:56:07,394 - my_experiment - IMPowf100_HybridComm_44 - my_run - INFO - t_env: 1525020 / 2050000
2026-04-30 07:56:07,394 - my_experiment - IMPowf100_HybridComm_44 - my_run - INFO - Estimated time left: 3 hours, 14 minutes, 45 seconds. Time passed: 9 hours, 43 minutes, 19 seconds
2026-04-30 08:05:37,468 - my_experiment - IMPowf100_HybridComm_44 - my_run - INFO - Recent Stats | t_env:    1550000 | Episode:    77500
action_0_mean:             0.2654	action_1_mean:             0.6886	action_2_mean:             0.0460	ep_length_mean:           20.0000
epsilon:                   0.0500	grad_norm:                 1.1455	info_nce_loss:             0.0000	loss:                      0.1308
q_loss:                    0.1308	return_mean:             -4836.8135	return_std:              523.4823	test_action_0_mean:        0.2733
test_action_1_mean:        0.6969	test_action_2_mean:        0.0299	test_ep_length_mean:      20.0000	test_return_mean:        -3720.5344
test_return_std:         232.4656	
2026-04-30 08:05:37,924 - my_experiment - IMPowf100_HybridComm_44 - my_run - INFO - t_env: 1550020 / 2050000
2026-04-30 08:05:37,925 - my_experiment - IMPowf100_HybridComm_44 - my_run - INFO - Estimated time left: 3 hours, 10 minutes, 10 seconds. Time passed: 9 hours, 52 minutes, 50 seconds
2026-04-30 08:05:53,310 - my_experiment - IMPowf100_HybridComm_44 - my_run - INFO - Saving models to work_dirs/my_experiment/IMPowf100_HybridComm_44/my_run/20260429_221243/models/1550020
2026-04-30 08:15:07,114 - my_experiment - IMPowf100_HybridComm_44 - my_run - INFO - Recent Stats | t_env:    1575000 | Episode:    78750
action_0_mean:             0.2715	action_1_mean:             0.6817	action_2_mean:             0.0469	ep_length_mean:           20.0000
epsilon:                   0.0500	grad_norm:                 1.0119	info_nce_loss:             0.0000	loss:                      0.1301
q_loss:                    0.1301	return_mean:             -4890.5078	return_std:              533.0888	test_action_0_mean:        0.2832
test_action_1_mean:        0.6832	test_action_2_mean:        0.0336	test_ep_length_mean:      20.0000	test_return_mean:        -3950.3136
test_return_std:         232.4279	
2026-04-30 08:15:07,564 - my_experiment - IMPowf100_HybridComm_44 - my_run - INFO - t_env: 1575020 / 2050000
2026-04-30 08:15:07,564 - my_experiment - IMPowf100_HybridComm_44 - my_run - INFO - Estimated time left: 3 hours, 22 seconds. Time passed: 10 hours, 2 minutes, 19 seconds
2026-04-30 08:24:36,243 - my_experiment - IMPowf100_HybridComm_44 - my_run - INFO - Recent Stats | t_env:    1600000 | Episode:    80000
action_0_mean:             0.2752	action_1_mean:             0.6779	action_2_mean:             0.0470	ep_length_mean:           20.0000
epsilon:                   0.0500	grad_norm:                 0.9394	info_nce_loss:             0.0000	loss:                      0.1223
q_loss:                    0.1223	return_mean:             -4875.0179	return_std:              524.9196	test_action_0_mean:        0.2830
test_action_1_mean:        0.6846	test_action_2_mean:        0.0323	test_ep_length_mean:      20.0000	test_return_mean:        -3877.9859
test_return_std:         225.8303	
2026-04-30 08:24:36,689 - my_experiment - IMPowf100_HybridComm_44 - my_run - INFO - t_env: 1600020 / 2050000
2026-04-30 08:24:36,689 - my_experiment - IMPowf100_HybridComm_44 - my_run - INFO - Estimated time left: 2 hours, 50 minutes, 43 seconds. Time passed: 10 hours, 11 minutes, 48 seconds
2026-04-30 08:24:52,286 - my_experiment - IMPowf100_HybridComm_44 - my_run - INFO - Saving models to work_dirs/my_experiment/IMPowf100_HybridComm_44/my_run/20260429_221243/models/1600020
2026-04-30 08:34:03,573 - my_experiment - IMPowf100_HybridComm_44 - my_run - INFO - Recent Stats | t_env:    1625000 | Episode:    81250
action_0_mean:             0.2833	action_1_mean:             0.6707	action_2_mean:             0.0460	ep_length_mean:           20.0000
epsilon:                   0.0500	grad_norm:                 1.0485	info_nce_loss:             0.0000	loss:                      0.1255
q_loss:                    0.1255	return_mean:             -4842.9997	return_std:              500.0019	test_action_0_mean:        0.2921
test_action_1_mean:        0.6761	test_action_2_mean:        0.0318	test_ep_length_mean:      20.0000	test_return_mean:        -3963.0154
test_return_std:         239.4939	
2026-04-30 08:34:04,013 - my_experiment - IMPowf100_HybridComm_44 - my_run - INFO - t_env: 1625020 / 2050000
2026-04-30 08:34:04,013 - my_experiment - IMPowf100_HybridComm_44 - my_run - INFO - Estimated time left: 2 hours, 40 minutes, 44 seconds. Time passed: 10 hours, 21 minutes, 16 seconds
2026-04-30 08:43:27,644 - my_experiment - IMPowf100_HybridComm_44 - my_run - INFO - Recent Stats | t_env:    1650000 | Episode:    82500
action_0_mean:             0.2866	action_1_mean:             0.6681	action_2_mean:             0.0453	ep_length_mean:           20.0000
epsilon:                   0.0500	grad_norm:                 1.0402	info_nce_loss:             0.0000	loss:                      0.1225
q_loss:                    0.1225	return_mean:             -4825.1001	return_std:              484.0339	test_action_0_mean:        0.2912
test_action_1_mean:        0.6781	test_action_2_mean:        0.0307	test_ep_length_mean:      20.0000	test_return_mean:        -3919.3732
test_return_std:         229.1311	
2026-04-30 08:43:28,086 - my_experiment - IMPowf100_HybridComm_44 - my_run - INFO - t_env: 1650020 / 2050000
2026-04-30 08:43:28,086 - my_experiment - IMPowf100_HybridComm_44 - my_run - INFO - Estimated time left: 2 hours, 30 minutes, 24 seconds. Time passed: 10 hours, 30 minutes, 40 seconds
2026-04-30 08:43:43,522 - my_experiment - IMPowf100_HybridComm_44 - my_run - INFO - Saving models to work_dirs/my_experiment/IMPowf100_HybridComm_44/my_run/20260429_221243/models/1650020
2026-04-30 08:52:53,843 - my_experiment - IMPowf100_HybridComm_44 - my_run - INFO - Recent Stats | t_env:    1675000 | Episode:    83750
action_0_mean:             0.2845	action_1_mean:             0.6702	action_2_mean:             0.0453	ep_length_mean:           20.0000
epsilon:                   0.0500	grad_norm:                 0.9376	info_nce_loss:             0.0000	loss:                      0.1324
q_loss:                    0.1324	return_mean:             -4820.0667	return_std:              495.7725	test_action_0_mean:        0.2918
test_action_1_mean:        0.6774	test_action_2_mean:        0.0308	test_ep_length_mean:      20.0000	test_return_mean:        -3879.9454
test_return_std:         231.8965	
2026-04-30 08:52:54,292 - my_experiment - IMPowf100_HybridComm_44 - my_run - INFO - t_env: 1675020 / 2050000
2026-04-30 08:52:54,292 - my_experiment - IMPowf100_HybridComm_44 - my_run - INFO - Estimated time left: 2 hours, 21 minutes, 32 seconds. Time passed: 10 hours, 40 minutes, 6 seconds
2026-04-30 09:02:27,721 - my_experiment - IMPowf100_HybridComm_44 - my_run - INFO - Recent Stats | t_env:    1700000 | Episode:    85000
action_0_mean:             0.2834	action_1_mean:             0.6724	action_2_mean:             0.0442	ep_length_mean:           20.0000
epsilon:                   0.0500	grad_norm:                 1.1650	info_nce_loss:             0.0000	loss:                      0.1330
q_loss:                    0.1330	return_mean:             -4724.8116	return_std:              493.2902	test_action_0_mean:        0.2808
test_action_1_mean:        0.6915	test_action_2_mean:        0.0277	test_ep_length_mean:      20.0000	test_return_mean:        -3692.4294
test_return_std:         219.3687	
2026-04-30 09:02:28,166 - my_experiment - IMPowf100_HybridComm_44 - my_run - INFO - t_env: 1700020 / 2050000
2026-04-30 09:02:28,167 - my_experiment - IMPowf100_HybridComm_44 - my_run - INFO - Estimated time left: 2 hours, 13 minutes, 53 seconds. Time passed: 10 hours, 49 minutes, 40 seconds
2026-04-30 09:02:43,810 - my_experiment - IMPowf100_HybridComm_44 - my_run - INFO - Saving models to work_dirs/my_experiment/IMPowf100_HybridComm_44/my_run/20260429_221243/models/1700020
2026-04-30 09:11:57,297 - my_experiment - IMPowf100_HybridComm_44 - my_run - INFO - Recent Stats | t_env:    1725000 | Episode:    86250
action_0_mean:             0.2790	action_1_mean:             0.6774	action_2_mean:             0.0436	ep_length_mean:           20.0000
epsilon:                   0.0500	grad_norm:                 1.0624	info_nce_loss:             0.0000	loss:                      0.1348
q_loss:                    0.1348	return_mean:             -4701.2549	return_std:              499.2557	test_action_0_mean:        0.2765
test_action_1_mean:        0.6946	test_action_2_mean:        0.0289	test_ep_length_mean:      20.0000	test_return_mean:        -3740.8105
test_return_std:         214.5570	
2026-04-30 09:11:57,745 - my_experiment - IMPowf100_HybridComm_44 - my_run - INFO - t_env: 1725020 / 2050000
2026-04-30 09:11:57,746 - my_experiment - IMPowf100_HybridComm_44 - my_run - INFO - Estimated time left: 2 hours, 3 minutes, 24 seconds. Time passed: 10 hours, 59 minutes, 9 seconds
2026-04-30 09:21:23,465 - my_experiment - IMPowf100_HybridComm_44 - my_run - INFO - Recent Stats | t_env:    1750000 | Episode:    87500
action_0_mean:             0.2736	action_1_mean:             0.6829	action_2_mean:             0.0435	ep_length_mean:           20.0000
epsilon:                   0.0500	grad_norm:                 1.0050	info_nce_loss:             0.0000	loss:                      0.1319
q_loss:                    0.1319	return_mean:             -4678.7919	return_std:              466.0435	test_action_0_mean:        0.2700
test_action_1_mean:        0.7000	test_action_2_mean:        0.0301	test_ep_length_mean:      20.0000	test_return_mean:        -3701.8717
test_return_std:         209.9515	
2026-04-30 09:21:23,915 - my_experiment - IMPowf100_HybridComm_44 - my_run - INFO - t_env: 1750020 / 2050000
2026-04-30 09:21:23,916 - my_experiment - IMPowf100_HybridComm_44 - my_run - INFO - Estimated time left: 1 hours, 53 minutes, 13 seconds. Time passed: 11 hours, 8 minutes, 36 seconds
2026-04-30 09:21:39,817 - my_experiment - IMPowf100_HybridComm_44 - my_run - INFO - Saving models to work_dirs/my_experiment/IMPowf100_HybridComm_44/my_run/20260429_221243/models/1750020
2026-04-30 09:30:58,803 - my_experiment - IMPowf100_HybridComm_44 - my_run - INFO - Recent Stats | t_env:    1775000 | Episode:    88750
action_0_mean:             0.2716	action_1_mean:             0.6839	action_2_mean:             0.0445	ep_length_mean:           20.0000
epsilon:                   0.0500	grad_norm:                 0.8935	info_nce_loss:             0.0000	loss:                      0.1302
q_loss:                    0.1302	return_mean:             -4730.6153	return_std:              496.5195	test_action_0_mean:        0.2587
test_action_1_mean:        0.7124	test_action_2_mean:        0.0289	test_ep_length_mean:      20.0000	test_return_mean:        -3643.6658
test_return_std:         216.8848	
2026-04-30 09:30:59,259 - my_experiment - IMPowf100_HybridComm_44 - my_run - INFO - t_env: 1775020 / 2050000
2026-04-30 09:30:59,260 - my_experiment - IMPowf100_HybridComm_44 - my_run - INFO - Estimated time left: 1 hours, 45 minutes, 28 seconds. Time passed: 11 hours, 18 minutes, 11 seconds
2026-04-30 09:40:38,533 - my_experiment - IMPowf100_HybridComm_44 - my_run - INFO - Recent Stats | t_env:    1800000 | Episode:    90000
action_0_mean:             0.2602	action_1_mean:             0.6957	action_2_mean:             0.0442	ep_length_mean:           20.0000
epsilon:                   0.0500	grad_norm:                 1.0096	info_nce_loss:             0.0000	loss:                      0.1237
q_loss:                    0.1237	return_mean:             -4704.5904	return_std:              507.9875	test_action_0_mean:        0.2444
test_action_1_mean:        0.7282	test_action_2_mean:        0.0274	test_ep_length_mean:      20.0000	test_return_mean:        -3649.5791
test_return_std:         223.5292	
2026-04-30 09:40:38,982 - my_experiment - IMPowf100_HybridComm_44 - my_run - INFO - t_env: 1800020 / 2050000
2026-04-30 09:40:38,982 - my_experiment - IMPowf100_HybridComm_44 - my_run - INFO - Estimated time left: 1 hours, 36 minutes, 36 seconds. Time passed: 11 hours, 27 minutes, 51 seconds
2026-04-30 09:40:54,903 - my_experiment - IMPowf100_HybridComm_44 - my_run - INFO - Saving models to work_dirs/my_experiment/IMPowf100_HybridComm_44/my_run/20260429_221243/models/1800020
2026-04-30 09:50:15,478 - my_experiment - IMPowf100_HybridComm_44 - my_run - INFO - Recent Stats | t_env:    1825000 | Episode:    91250
action_0_mean:             0.2545	action_1_mean:             0.7011	action_2_mean:             0.0443	ep_length_mean:           20.0000
epsilon:                   0.0500	grad_norm:                 0.9004	info_nce_loss:             0.0000	loss:                      0.1320
q_loss:                    0.1320	return_mean:             -4755.1982	return_std:              513.7226	test_action_0_mean:        0.2419
test_action_1_mean:        0.7276	test_action_2_mean:        0.0305	test_ep_length_mean:      20.0000	test_return_mean:        -3776.0753
test_return_std:         244.0512	
2026-04-30 09:50:15,930 - my_experiment - IMPowf100_HybridComm_44 - my_run - INFO - t_env: 1825020 / 2050000
2026-04-30 09:50:15,931 - my_experiment - IMPowf100_HybridComm_44 - my_run - INFO - Estimated time left: 1 hours, 26 minutes, 32 seconds. Time passed: 11 hours, 37 minutes, 28 seconds
2026-04-30 09:59:53,308 - my_experiment - IMPowf100_HybridComm_44 - my_run - INFO - Recent Stats | t_env:    1850000 | Episode:    92500
action_0_mean:             0.2499	action_1_mean:             0.7051	action_2_mean:             0.0450	ep_length_mean:           20.0000
epsilon:                   0.0500	grad_norm:                 1.1756	info_nce_loss:             0.0000	loss:                      0.1393
q_loss:                    0.1393	return_mean:             -4832.8339	return_std:              531.8362	test_action_0_mean:        0.2305
test_action_1_mean:        0.7393	test_action_2_mean:        0.0302	test_ep_length_mean:      20.0000	test_return_mean:        -3809.1974
test_return_std:         265.7544	
2026-04-30 09:59:53,760 - my_experiment - IMPowf100_HybridComm_44 - my_run - INFO - t_env: 1850020 / 2050000
2026-04-30 09:59:53,761 - my_experiment - IMPowf100_HybridComm_44 - my_run - INFO - Estimated time left: 1 hours, 17 minutes, 2 seconds. Time passed: 11 hours, 47 minutes, 5 seconds
2026-04-30 10:00:09,803 - my_experiment - IMPowf100_HybridComm_44 - my_run - INFO - Saving models to work_dirs/my_experiment/IMPowf100_HybridComm_44/my_run/20260429_221243/models/1850020
2026-04-30 10:09:26,125 - my_experiment - IMPowf100_HybridComm_44 - my_run - INFO - Recent Stats | t_env:    1875000 | Episode:    93750
action_0_mean:             0.2426	action_1_mean:             0.7124	action_2_mean:             0.0451	ep_length_mean:           20.0000
epsilon:                   0.0500	grad_norm:                 1.1443	info_nce_loss:             0.0000	loss:                      0.1492
q_loss:                    0.1492	return_mean:             -4899.3254	return_std:              567.8225	test_action_0_mean:        0.2246
test_action_1_mean:        0.7458	test_action_2_mean:        0.0296	test_ep_length_mean:      20.0000	test_return_mean:        -3792.5465
test_return_std:         271.5459	
2026-04-30 10:09:26,572 - my_experiment - IMPowf100_HybridComm_44 - my_run - INFO - t_env: 1875020 / 2050000
2026-04-30 10:09:26,573 - my_experiment - IMPowf100_HybridComm_44 - my_run - INFO - Estimated time left: 1 hours, 6 minutes, 49 seconds. Time passed: 11 hours, 56 minutes, 38 seconds
2026-04-30 10:19:03,076 - my_experiment - IMPowf100_HybridComm_44 - my_run - INFO - Recent Stats | t_env:    1900000 | Episode:    95000
action_0_mean:             0.2396	action_1_mean:             0.7161	action_2_mean:             0.0443	ep_length_mean:           20.0000
epsilon:                   0.0500	grad_norm:                 1.4996	info_nce_loss:             0.0000	loss:                      0.1586
q_loss:                    0.1586	return_mean:             -4904.3707	return_std:              548.4584	test_action_0_mean:        0.2312
test_action_1_mean:        0.7408	test_action_2_mean:        0.0280	test_ep_length_mean:      20.0000	test_return_mean:        -3792.5722
test_return_std:         289.0837	
2026-04-30 10:19:03,527 - my_experiment - IMPowf100_HybridComm_44 - my_run - INFO - t_env: 1900020 / 2050000
2026-04-30 10:19:03,528 - my_experiment - IMPowf100_HybridComm_44 - my_run - INFO - Estimated time left: 57 minutes, 41 seconds. Time passed: 12 hours, 6 minutes, 15 seconds
2026-04-30 10:19:19,676 - my_experiment - IMPowf100_HybridComm_44 - my_run - INFO - Saving models to work_dirs/my_experiment/IMPowf100_HybridComm_44/my_run/20260429_221243/models/1900020
2026-04-30 10:28:38,672 - my_experiment - IMPowf100_HybridComm_44 - my_run - INFO - Recent Stats | t_env:    1925000 | Episode:    96250
action_0_mean:             0.2374	action_1_mean:             0.7177	action_2_mean:             0.0449	ep_length_mean:           20.0000
epsilon:                   0.0500	grad_norm:                 1.2939	info_nce_loss:             0.0000	loss:                      0.1672
q_loss:                    0.1639	return_mean:             -4945.7163	return_std:              560.4798	test_action_0_mean:        0.2323
test_action_1_mean:        0.7397	test_action_2_mean:        0.0280	test_ep_length_mean:      20.0000	test_return_mean:        -3766.8106
test_return_std:         288.5815	
2026-04-30 10:28:39,127 - my_experiment - IMPowf100_HybridComm_44 - my_run - INFO - t_env: 1925020 / 2050000
2026-04-30 10:28:39,127 - my_experiment - IMPowf100_HybridComm_44 - my_run - INFO - Estimated time left: 47 minutes, 57 seconds. Time passed: 12 hours, 15 minutes, 51 seconds
2026-04-30 10:38:15,018 - my_experiment - IMPowf100_HybridComm_44 - my_run - INFO - Recent Stats | t_env:    1950000 | Episode:    97500
action_0_mean:             0.2374	action_1_mean:             0.7168	action_2_mean:             0.0458	ep_length_mean:           20.0000
epsilon:                   0.0500	grad_norm:                 1.3472	info_nce_loss:             0.0000	loss:                      0.1716
q_loss:                    0.1684	return_mean:             -4975.8605	return_std:              621.3516	test_action_0_mean:        0.2347
test_action_1_mean:        0.7393	test_action_2_mean:        0.0260	test_ep_length_mean:      20.0000	test_return_mean:        -3689.3647
test_return_std:         297.7811	
2026-04-30 10:38:15,474 - my_experiment - IMPowf100_HybridComm_44 - my_run - INFO - t_env: 1950020 / 2050000
2026-04-30 10:38:15,475 - my_experiment - IMPowf100_HybridComm_44 - my_run - INFO - Estimated time left: 38 minutes, 24 seconds. Time passed: 12 hours, 25 minutes, 27 seconds
2026-04-30 10:38:31,423 - my_experiment - IMPowf100_HybridComm_44 - my_run - INFO - Saving models to work_dirs/my_experiment/IMPowf100_HybridComm_44/my_run/20260429_221243/models/1950020
2026-04-30 10:47:59,367 - my_experiment - IMPowf100_HybridComm_44 - my_run - INFO - Recent Stats | t_env:    1975000 | Episode:    98750
action_0_mean:             0.2354	action_1_mean:             0.7189	action_2_mean:             0.0456	ep_length_mean:           20.0000
epsilon:                   0.0500	grad_norm:                 1.2712	info_nce_loss:             0.0000	loss:                      0.1740
q_loss:                    0.1708	return_mean:             -4944.8363	return_std:              605.7411	test_action_0_mean:        0.2384
test_action_1_mean:        0.7316	test_action_2_mean:        0.0300	test_ep_length_mean:      20.0000	test_return_mean:        -3921.9193
test_return_std:         280.7956	
2026-04-30 10:47:59,825 - my_experiment - IMPowf100_HybridComm_44 - my_run - INFO - t_env: 1975020 / 2050000
2026-04-30 10:47:59,825 - my_experiment - IMPowf100_HybridComm_44 - my_run - INFO - Estimated time left: 29 minutes, 12 seconds. Time passed: 12 hours, 35 minutes, 12 seconds
2026-04-30 10:57:38,941 - my_experiment - IMPowf100_HybridComm_44 - my_run - INFO - Recent Stats | t_env:    2000000 | Episode:   100000
action_0_mean:             0.2312	action_1_mean:             0.7220	action_2_mean:             0.0468	ep_length_mean:           20.0000
epsilon:                   0.0500	grad_norm:                 1.3819	info_nce_loss:             0.0000	loss:                      0.1645
q_loss:                    0.1613	return_mean:             -4952.5410	return_std:              583.8850	test_action_0_mean:        0.2263
test_action_1_mean:        0.7427	test_action_2_mean:        0.0310	test_ep_length_mean:      20.0000	test_return_mean:        -4003.0309
test_return_std:         279.4018	
2026-04-30 10:57:39,396 - my_experiment - IMPowf100_HybridComm_44 - my_run - INFO - t_env: 2000020 / 2050000
2026-04-30 10:57:39,397 - my_experiment - IMPowf100_HybridComm_44 - my_run - INFO - Estimated time left: 19 minutes, 18 seconds. Time passed: 12 hours, 44 minutes, 51 seconds
2026-04-30 10:57:55,632 - my_experiment - IMPowf100_HybridComm_44 - my_run - INFO - Saving models to work_dirs/my_experiment/IMPowf100_HybridComm_44/my_run/20260429_221243/models/2000020
2026-04-30 11:07:18,440 - my_experiment - IMPowf100_HybridComm_44 - my_run - INFO - Recent Stats | t_env:    2025000 | Episode:   101250
action_0_mean:             0.2216	action_1_mean:             0.7316	action_2_mean:             0.0468	ep_length_mean:           20.0000
epsilon:                   0.0500	grad_norm:                 1.4250	info_nce_loss:             0.0000	loss:                      0.1607
q_loss:                    0.1575	return_mean:             -4980.9645	return_std:              607.2538	test_action_0_mean:        0.2122
test_action_1_mean:        0.7563	test_action_2_mean:        0.0315	test_ep_length_mean:      20.0000	test_return_mean:        -4015.5740
test_return_std:         274.8550	
2026-04-30 11:07:18,891 - my_experiment - IMPowf100_HybridComm_44 - my_run - INFO - t_env: 2025020 / 2050000
2026-04-30 11:07:18,892 - my_experiment - IMPowf100_HybridComm_44 - my_run - INFO - Estimated time left: 9 minutes, 39 seconds. Time passed: 12 hours, 54 minutes, 31 seconds
2026-04-30 11:16:58,490 - my_experiment - IMPowf100_HybridComm_44 - my_run - INFO - Recent Stats | t_env:    2050000 | Episode:   102500
action_0_mean:             0.2164	action_1_mean:             0.7367	action_2_mean:             0.0468	ep_length_mean:           20.0000
epsilon:                   0.0500	grad_norm:                 1.5315	info_nce_loss:             0.0000	loss:                      0.1744
q_loss:                    0.1744	return_mean:             -5000.6506	return_std:              584.8695	test_action_0_mean:        0.2078
test_action_1_mean:        0.7590	test_action_2_mean:        0.0332	test_ep_length_mean:      20.0000	test_return_mean:        -4110.9905
test_return_std:         270.1524	
2026-04-30 11:16:58,935 - my_experiment - IMPowf100_HybridComm_44 - my_run - INFO - t_env: 2050020 / 2050000
2026-04-30 11:16:58,936 - my_experiment - IMPowf100_HybridComm_44 - my_run - INFO - Estimated time left: -. Time passed: 13 hours, 4 minutes, 11 seconds
2026-04-30 11:17:14,087 - my_experiment - IMPowf100_HybridComm_44 - my_run - INFO - Saving models to work_dirs/my_experiment/IMPowf100_HybridComm_44/my_run/20260429_221243/models/2050020
2026-04-30 11:17:14,110 - my_experiment - IMPowf100_HybridComm_44 - my_run - INFO - Finished Training
