Gym has been unmaintained since 2022 and does not support NumPy 2.0 amongst other critical functionality.
Please upgrade to Gymnasium, the maintained drop-in replacement of Gym, or contact the authors of your software and request that they upgrade.
Users of this version of Gym should be able to simply replace 'import gym' with 'import gymnasium as gym' in the vast majority of cases.
See the migration guide at https://gymnasium.farama.org/introduction/migration_guide/ for additional information.
src/main.py:81: DeprecationWarning: Using or importing the ABCs from 'collections' instead of from 'collections.abc' is deprecated since Python 3.3, and in 3.10 it will stop working
  if isinstance(v, collections.Mapping):
wandb: [wandb.login()] Loaded credentials for https://api.wandb.ai from /home/pparsons/.netrc.
wandb: Currently logged in as: peterparsons02 (peterparsons02-eth-z-rich) to https://api.wandb.ai. Use `wandb login --relogin` to force relogin
wandb: setting up run 87mebwzh
wandb: Tracking run with wandb version 0.24.1
wandb: Run data is saved locally in /usr/itetnas04/data-scratch-01/pparsons/data/MyExpoComm/wandb/run-20260429_215604-87mebwzh
wandb: Run `wandb offline` to turn off syncing.
wandb: Syncing run my_run-IMPowf100_ExpoComm_43-20260429_215602
wandb: ⭐️ View project at https://wandb.ai/peterparsons02-eth-z-rich/my_experiment
wandb: 🚀 View run at https://wandb.ai/peterparsons02-eth-z-rich/my_experiment/runs/87mebwzh
2026-04-29 21:56:08,644 - my_experiment - IMPowf100_ExpoComm_43 - my_run - INFO - Current directory: /usr/itetnas04/data-scratch-01/pparsons/data/MyExpoComm.
2026-04-29 21:56:08,645 - my_experiment - IMPowf100_ExpoComm_43 - my_run - INFO - Experiment Parameters:
2026-04-29 21:56:08,647 - my_experiment - IMPowf100_ExpoComm_43 - my_run - INFO - 

{   'action_selector': 'epsilon_greedy',
    'add_value_last_step': True,
    'agent': 'ExpoComm_one_peer_cont',
    'agent_output_type': 'q',
    'aux_coef': 0.1,
    'batch_size': 64,
    'batch_size_run': 1,
    'buffer_cpu_only': True,
    'buffer_size': 2000,
    'checkpoint_path': '',
    'common_reward': True,
    'double_q': True,
    'env': 'struct_marl',
    'env_args': {   'campaign_cost': True,
                    'custom_param': {   'lev': 3},
                    'discount_reward': 0.95,
                    'env_correlation': False,
                    'map_name': 'owf_100',
                    'n_comp': 100,
                    'obs_all_d_rate': False,
                    'obs_alphas': False,
                    'obs_d_rate': False,
                    'obs_multiple': False,
                    'seed': 43,
                    'state_alphas': False,
                    'state_d_rate': False,
                    'state_obs': True,
                    'struct_type': 'owf'},
    'epsilon_anneal_time': 5000,
    'epsilon_finish': 0.05,
    'epsilon_start': 1.0,
    'evaluate': False,
    'evaluation_epsilon': 0.0,
    'exp_name': 'my_experiment',
    'gamma': 0.95,
    'global_reward': False,
    'grad_norm_clip': 10,
    'hidden_dim': 64,
    'hypergroup': None,
    'hypernet_embed': 64,
    'hypernet_layers': 2,
    'label': 'default_label',
    'learner': 'cont_q_learner',
    'learner_log_interval': 25000,
    'load_step': 0,
    'local_results_path': 'results',
    'log_interval': 25000,
    'lr': 0.0005,
    'mac': 'ExpoComm_mac',
    'mixer': 'qmix',
    'mixing_embed_dim': 64,
    'name': 'IMPowf100_ExpoComm_43',
    'neg_num': 20,
    'obs_agent_id': True,
    'obs_individual_obs': False,
    'obs_last_action': True,
    'one_peer': True,
    'optim_alpha': 0.99,
    'optim_eps': 1e-05,
    'pos_flag': False,
    'render': False,
    'repeat_id': 1,
    'run_name': 'my_run',
    'runner': 'episode',
    'runner_log_interval': 25000,
    'save_model': True,
    'save_model_interval': 50000,
    'save_replay': False,
    'seed': 43,
    'standardise_returns': False,
    'standardise_rewards': True,
    't_max': 2050000,
    'target_update_interval_or_tau': 200,
    'temperature': 0.07,
    'test_greedy': True,
    'test_interval': 25000,
    'test_nepisode': 50,
    'topk_neighbors': 7,
    'use_cuda': True,
    'use_rnn': True,
    'use_tensorboard': True,
    'work_dir': 'work_dirs/my_experiment/IMPowf100_ExpoComm_43/my_run/20260429_215602'}

2026-04-29 21:56:19,431 - my_experiment - IMPowf100_ExpoComm_43 - my_run - INFO - Beginning training for 2050000 timesteps
2026-04-29 21:56:21,144 - my_experiment - IMPowf100_ExpoComm_43 - my_run - INFO - t_env: 20 / 2050000
2026-04-29 21:56:21,145 - my_experiment - IMPowf100_ExpoComm_43 - my_run - INFO - Estimated time left: 2 minutes, 20 seconds. Time passed: 1 seconds
2026-04-29 21:56:47,552 - my_experiment - IMPowf100_ExpoComm_43 - my_run - INFO - Saving models to work_dirs/my_experiment/IMPowf100_ExpoComm_43/my_run/20260429_215602/models/20
2026-04-29 22:10:02,279 - my_experiment - IMPowf100_ExpoComm_43 - my_run - INFO - Recent Stats | t_env:      25000 | Episode:     1250
action_0_mean:             0.3287	action_1_mean:             0.3405	action_2_mean:             0.3307	ep_length_mean:           20.0000
epsilon:                   1.0000	grad_norm:               464.8062	info_nce_loss:             2.9465	loss:                     37.9690
q_loss:                   34.5173	q_taken_mean:              0.0035	return_mean:             -19691.7429	return_std:                0.0000
target_mean:               0.0318	td_error_abs:              5.6573	test_action_0_mean:        0.0000	test_action_1_mean:        1.0000
test_action_2_mean:        0.0000	test_ep_length_mean:      20.0000	test_return_mean:        -15455.4095	test_return_std:         2470.9203

2026-04-29 22:10:03,008 - my_experiment - IMPowf100_ExpoComm_43 - my_run - INFO - t_env: 25020 / 2050000
2026-04-29 22:10:03,009 - my_experiment - IMPowf100_ExpoComm_43 - my_run - INFO - Estimated time left: 18 hours, 29 minutes, 30 seconds. Time passed: 13 minutes, 43 seconds
2026-04-29 22:25:53,674 - my_experiment - IMPowf100_ExpoComm_43 - my_run - INFO - Recent Stats | t_env:      50000 | Episode:     2500
action_0_mean:             0.4496	action_1_mean:             0.3512	action_2_mean:             0.1992	ep_length_mean:           20.0000
epsilon:                   0.0500	grad_norm:               254.0397	info_nce_loss:             1.4732	loss:                     19.0839
q_loss:                   17.3554	q_taken_mean:              0.0130	return_mean:             -15741.6556	return_std:              1946.2713
target_mean:               0.0270	td_error_abs:              2.9915	test_action_0_mean:        0.1460	test_action_1_mean:        0.8283
test_action_2_mean:        0.0257	test_ep_length_mean:      20.0000	test_return_mean:        -10287.8905	test_return_std:         1459.7434

2026-04-29 22:25:54,416 - my_experiment - IMPowf100_ExpoComm_43 - my_run - INFO - t_env: 50020 / 2050000
2026-04-29 22:25:54,416 - my_experiment - IMPowf100_ExpoComm_43 - my_run - INFO - Estimated time left: 21 hours, 8 minutes, 31 seconds. Time passed: 29 minutes, 34 seconds
2026-04-29 22:26:17,725 - my_experiment - IMPowf100_ExpoComm_43 - my_run - INFO - Saving models to work_dirs/my_experiment/IMPowf100_ExpoComm_43/my_run/20260429_215602/models/50020
slurmstepd: error: *** JOB 1930857 ON tikgpu02 CANCELLED AT 2026-04-29T22:33:17 ***
