Gym has been unmaintained since 2022 and does not support NumPy 2.0 amongst other critical functionality.
Please upgrade to Gymnasium, the maintained drop-in replacement of Gym, or contact the authors of your software and request that they upgrade.
Users of this version of Gym should be able to simply replace 'import gym' with 'import gymnasium as gym' in the vast majority of cases.
See the migration guide at https://gymnasium.farama.org/introduction/migration_guide/ for additional information.
src/main.py:81: DeprecationWarning: Using or importing the ABCs from 'collections' instead of from 'collections.abc' is deprecated since Python 3.3, and in 3.10 it will stop working
  if isinstance(v, collections.Mapping):
wandb: [wandb.login()] Loaded credentials for https://api.wandb.ai from /home/pparsons/.netrc.
wandb: Currently logged in as: peterparsons02 (peterparsons02-eth-z-rich) to https://api.wandb.ai. Use `wandb login --relogin` to force relogin
wandb: setting up run mjpol95l
wandb: Tracking run with wandb version 0.24.1
wandb: Run data is saved locally in /usr/itetnas04/data-scratch-01/pparsons/data/MyExpoComm/wandb/run-20260429_012455-mjpol95l
wandb: Run `wandb offline` to turn off syncing.
wandb: Syncing run my_run-IMPowf50_IQL_RNN_43-20260429_012451
wandb: ⭐️ View project at https://wandb.ai/peterparsons02-eth-z-rich/my_experiment
wandb: 🚀 View run at https://wandb.ai/peterparsons02-eth-z-rich/my_experiment/runs/mjpol95l
2026-04-29 01:25:23,423 - my_experiment - IMPowf50_IQL_RNN_43 - my_run - INFO - Current directory: /usr/itetnas04/data-scratch-01/pparsons/data/MyExpoComm.
2026-04-29 01:25:23,424 - my_experiment - IMPowf50_IQL_RNN_43 - my_run - INFO - Experiment Parameters:
2026-04-29 01:25:23,426 - my_experiment - IMPowf50_IQL_RNN_43 - my_run - INFO - 

{   'action_selector': 'epsilon_greedy',
    'add_value_last_step': True,
    'agent': 'rnn',
    'agent_output_type': 'q',
    'batch_size': 64,
    'batch_size_run': 1,
    'buffer_cpu_only': True,
    'buffer_size': 2000,
    'checkpoint_path': '',
    'common_reward': True,
    'double_q': True,
    'env': 'struct_marl',
    'env_args': {   'campaign_cost': True,
                    'custom_param': {   'lev': 3},
                    'discount_reward': 0.95,
                    'env_correlation': False,
                    'map_name': 'owf_50',
                    'n_comp': 50,
                    'obs_all_d_rate': False,
                    'obs_alphas': False,
                    'obs_d_rate': False,
                    'obs_multiple': False,
                    'seed': 43,
                    'state_alphas': False,
                    'state_d_rate': False,
                    'state_obs': True,
                    'struct_type': 'owf'},
    'epsilon_anneal_time': 5000,
    'epsilon_finish': 0.05,
    'epsilon_start': 1.0,
    'evaluate': False,
    'evaluation_epsilon': 0.0,
    'exp_name': 'my_experiment',
    'gamma': 0.95,
    'global_reward': False,
    'grad_norm_clip': 10,
    'hidden_dim': 64,
    'hypergroup': None,
    'label': 'default_label',
    'learner': 'q_learner',
    'learner_log_interval': 25000,
    'load_step': 0,
    'local_results_path': 'results',
    'log_interval': 25000,
    'lr': 0.0005,
    'mac': 'basic_mac',
    'mixer': None,
    'name': 'IMPowf50_IQL_RNN_43',
    'obs_agent_id': True,
    'obs_individual_obs': False,
    'obs_last_action': True,
    'optim_alpha': 0.99,
    'optim_eps': 1e-05,
    'render': False,
    'repeat_id': 1,
    'run_name': 'my_run',
    'runner': 'episode',
    'runner_log_interval': 25000,
    'save_model': True,
    'save_model_interval': 50000,
    'save_replay': False,
    'seed': 43,
    'standardise_returns': False,
    'standardise_rewards': True,
    't_max': 2050000,
    'target_update_interval_or_tau': 200,
    'test_greedy': True,
    'test_interval': 25000,
    'test_nepisode': 50,
    'use_cuda': True,
    'use_rnn': True,
    'use_tensorboard': True,
    'work_dir': 'work_dirs/my_experiment/IMPowf50_IQL_RNN_43/my_run/20260429_012451'}

2026-04-29 01:26:36,175 - my_experiment - IMPowf50_IQL_RNN_43 - my_run - INFO - Beginning training for 2050000 timesteps
2026-04-29 01:27:38,338 - my_experiment - IMPowf50_IQL_RNN_43 - my_run - INFO - t_env: 20 / 2050000
2026-04-29 01:27:38,339 - my_experiment - IMPowf50_IQL_RNN_43 - my_run - INFO - Estimated time left: 1 hours, 24 minutes, 53 seconds. Time passed: 1 minutes, 2 seconds
2026-04-29 01:27:51,567 - my_experiment - IMPowf50_IQL_RNN_43 - my_run - INFO - Saving models to work_dirs/my_experiment/IMPowf50_IQL_RNN_43/my_run/20260429_012451/models/20
2026-04-29 01:32:32,284 - my_experiment - IMPowf50_IQL_RNN_43 - my_run - INFO - Recent Stats | t_env:      25000 | Episode:     1250
action_0_mean:             0.3280	action_1_mean:             0.3350	action_2_mean:             0.3370	ep_length_mean:           20.0000
epsilon:                   1.0000	grad_norm:                 0.1737	loss:                      0.9916	q_taken_mean:              0.0005
return_mean:             -10132.3685	return_std:                0.0000	target_mean:               0.0010	td_error_abs:              0.8060
test_action_0_mean:        0.0275	test_action_1_mean:        0.9725	test_action_2_mean:        0.0000	test_ep_length_mean:      20.0000
test_return_mean:        -7840.2843	test_return_std:         2040.1089	
2026-04-29 01:32:32,513 - my_experiment - IMPowf50_IQL_RNN_43 - my_run - INFO - t_env: 25020 / 2050000
2026-04-29 01:32:32,514 - my_experiment - IMPowf50_IQL_RNN_43 - my_run - INFO - Estimated time left: 6 hours, 37 minutes, 7 seconds. Time passed: 5 minutes, 56 seconds
2026-04-29 01:37:19,151 - my_experiment - IMPowf50_IQL_RNN_43 - my_run - INFO - Recent Stats | t_env:      50000 | Episode:     2500
action_0_mean:             0.5970	action_1_mean:             0.2069	action_2_mean:             0.1961	ep_length_mean:           20.0000
epsilon:                   0.0500	grad_norm:                 0.4430	loss:                      0.7199	q_taken_mean:              0.0033
return_mean:             -8476.7593	return_std:              493.8083	target_mean:               0.0037	td_error_abs:              0.6167
test_action_0_mean:        0.5130	test_action_1_mean:        0.4870	test_action_2_mean:        0.0000	test_ep_length_mean:      20.0000
test_return_mean:        -6855.4933	test_return_std:         1063.8401	
2026-04-29 01:37:19,441 - my_experiment - IMPowf50_IQL_RNN_43 - my_run - INFO - t_env: 50020 / 2050000
2026-04-29 01:37:19,441 - my_experiment - IMPowf50_IQL_RNN_43 - my_run - INFO - Estimated time left: 6 hours, 22 minutes, 33 seconds. Time passed: 10 minutes, 43 seconds
2026-04-29 01:37:29,246 - my_experiment - IMPowf50_IQL_RNN_43 - my_run - INFO - Saving models to work_dirs/my_experiment/IMPowf50_IQL_RNN_43/my_run/20260429_012451/models/50020
2026-04-29 01:43:19,336 - my_experiment - IMPowf50_IQL_RNN_43 - my_run - INFO - Recent Stats | t_env:      75000 | Episode:     3750
action_0_mean:             0.6653	action_1_mean:             0.1586	action_2_mean:             0.1761	ep_length_mean:           20.0000
epsilon:                   0.0500	grad_norm:                 0.4949	loss:                      0.6712	q_taken_mean:              0.0034
return_mean:             -7472.5427	return_std:              586.5190	target_mean:               0.0036	td_error_abs:              0.5695
test_action_0_mean:        0.4743	test_action_1_mean:        0.4868	test_action_2_mean:        0.0389	test_ep_length_mean:      20.0000
test_return_mean:        -6064.4238	test_return_std:         790.2101	
2026-04-29 01:43:19,628 - my_experiment - IMPowf50_IQL_RNN_43 - my_run - INFO - t_env: 75020 / 2050000
2026-04-29 01:43:19,629 - my_experiment - IMPowf50_IQL_RNN_43 - my_run - INFO - Estimated time left: 7 hours, 54 minutes, 14 seconds. Time passed: 16 minutes, 43 seconds
2026-04-29 01:49:16,214 - my_experiment - IMPowf50_IQL_RNN_43 - my_run - INFO - Recent Stats | t_env:     100000 | Episode:     5000
action_0_mean:             0.5982	action_1_mean:             0.2495	action_2_mean:             0.1523	ep_length_mean:           20.0000
epsilon:                   0.0500	grad_norm:                 0.5540	loss:                      0.5979	q_taken_mean:              0.0079
return_mean:             -6690.7028	return_std:              558.4491	target_mean:               0.0082	td_error_abs:              0.5198
test_action_0_mean:        0.4432	test_action_1_mean:        0.5151	test_action_2_mean:        0.0417	test_ep_length_mean:      20.0000
test_return_mean:        -5508.5541	test_return_std:         702.8478	
2026-04-29 01:49:16,500 - my_experiment - IMPowf50_IQL_RNN_43 - my_run - INFO - t_env: 100020 / 2050000
2026-04-29 01:49:16,500 - my_experiment - IMPowf50_IQL_RNN_43 - my_run - INFO - Estimated time left: 7 hours, 43 minutes, 55 seconds. Time passed: 22 minutes, 40 seconds
2026-04-29 01:49:25,545 - my_experiment - IMPowf50_IQL_RNN_43 - my_run - INFO - Saving models to work_dirs/my_experiment/IMPowf50_IQL_RNN_43/my_run/20260429_012451/models/100020
2026-04-29 01:54:25,625 - my_experiment - IMPowf50_IQL_RNN_43 - my_run - INFO - Recent Stats | t_env:     125000 | Episode:     6250
action_0_mean:             0.5597	action_1_mean:             0.3024	action_2_mean:             0.1379	ep_length_mean:           20.0000
epsilon:                   0.0500	grad_norm:                 0.8326	loss:                      0.5486	q_taken_mean:              0.0117
return_mean:             -6236.2293	return_std:              541.8245	target_mean:               0.0122	td_error_abs:              0.5007
test_action_0_mean:        0.4628	test_action_1_mean:        0.4831	test_action_2_mean:        0.0541	test_ep_length_mean:      20.0000
test_return_mean:        -5267.9432	test_return_std:         612.6152	
2026-04-29 01:54:25,869 - my_experiment - IMPowf50_IQL_RNN_43 - my_run - INFO - t_env: 125020 / 2050000
2026-04-29 01:54:25,870 - my_experiment - IMPowf50_IQL_RNN_43 - my_run - INFO - Estimated time left: 6 hours, 37 minutes, 1 seconds. Time passed: 27 minutes, 49 seconds
2026-04-29 01:59:49,897 - my_experiment - IMPowf50_IQL_RNN_43 - my_run - INFO - Recent Stats | t_env:     150000 | Episode:     7500
action_0_mean:             0.6424	action_1_mean:             0.2717	action_2_mean:             0.0859	ep_length_mean:           20.0000
epsilon:                   0.0500	grad_norm:                 0.9036	loss:                      0.4211	q_taken_mean:              0.0156
return_mean:             -5226.4703	return_std:              739.2067	target_mean:               0.0159	td_error_abs:              0.4091
test_action_0_mean:        0.6431	test_action_1_mean:        0.3008	test_action_2_mean:        0.0561	test_ep_length_mean:      20.0000
test_return_mean:        -4910.5037	test_return_std:         242.4076	
2026-04-29 01:59:50,155 - my_experiment - IMPowf50_IQL_RNN_43 - my_run - INFO - t_env: 150020 / 2050000
2026-04-29 01:59:50,155 - my_experiment - IMPowf50_IQL_RNN_43 - my_run - INFO - Estimated time left: 6 hours, 50 minutes, 45 seconds. Time passed: 33 minutes, 13 seconds
2026-04-29 01:59:58,121 - my_experiment - IMPowf50_IQL_RNN_43 - my_run - INFO - Saving models to work_dirs/my_experiment/IMPowf50_IQL_RNN_43/my_run/20260429_012451/models/150020
2026-04-29 02:04:55,424 - my_experiment - IMPowf50_IQL_RNN_43 - my_run - INFO - Recent Stats | t_env:     175000 | Episode:     8750
action_0_mean:             0.5873	action_1_mean:             0.3120	action_2_mean:             0.1007	ep_length_mean:           20.0000
epsilon:                   0.0500	grad_norm:                 1.0184	loss:                      0.3824	q_taken_mean:              0.0164
return_mean:             -4852.6214	return_std:              664.1933	target_mean:               0.0167	td_error_abs:              0.3880
test_action_0_mean:        0.5776	test_action_1_mean:        0.3418	test_action_2_mean:        0.0807	test_ep_length_mean:      20.0000
test_return_mean:        -4643.9296	test_return_std:         247.9335	
2026-04-29 02:04:55,699 - my_experiment - IMPowf50_IQL_RNN_43 - my_run - INFO - t_env: 175020 / 2050000
2026-04-29 02:04:55,700 - my_experiment - IMPowf50_IQL_RNN_43 - my_run - INFO - Estimated time left: 6 hours, 21 minutes, 55 seconds. Time passed: 38 minutes, 19 seconds
2026-04-29 02:10:52,283 - my_experiment - IMPowf50_IQL_RNN_43 - my_run - INFO - Recent Stats | t_env:     200000 | Episode:    10000
action_0_mean:             0.5712	action_1_mean:             0.3327	action_2_mean:             0.0960	ep_length_mean:           20.0000
epsilon:                   0.0500	grad_norm:                 1.0609	loss:                      0.3351	q_taken_mean:              0.0168
return_mean:             -4775.3269	return_std:              593.9311	target_mean:               0.0171	td_error_abs:              0.3587
test_action_0_mean:        0.6278	test_action_1_mean:        0.3046	test_action_2_mean:        0.0677	test_ep_length_mean:      20.0000
test_return_mean:        -4600.5463	test_return_std:         349.0549	
2026-04-29 02:10:52,576 - my_experiment - IMPowf50_IQL_RNN_43 - my_run - INFO - t_env: 200020 / 2050000
2026-04-29 02:10:52,577 - my_experiment - IMPowf50_IQL_RNN_43 - my_run - INFO - Estimated time left: 7 hours, 20 minutes, 8 seconds. Time passed: 44 minutes, 16 seconds
2026-04-29 02:11:02,767 - my_experiment - IMPowf50_IQL_RNN_43 - my_run - INFO - Saving models to work_dirs/my_experiment/IMPowf50_IQL_RNN_43/my_run/20260429_012451/models/200020
2026-04-29 02:17:11,253 - my_experiment - IMPowf50_IQL_RNN_43 - my_run - INFO - Recent Stats | t_env:     225000 | Episode:    11250
action_0_mean:             0.5646	action_1_mean:             0.3342	action_2_mean:             0.1012	ep_length_mean:           20.0000
epsilon:                   0.0500	grad_norm:                 1.1008	loss:                      0.3152	q_taken_mean:              0.0138
return_mean:             -4807.2398	return_std:              612.9193	target_mean:               0.0141	td_error_abs:              0.3487
test_action_0_mean:        0.6210	test_action_1_mean:        0.3009	test_action_2_mean:        0.0781	test_ep_length_mean:      20.0000
test_return_mean:        -4602.1484	test_return_std:         311.8096	
2026-04-29 02:17:11,589 - my_experiment - IMPowf50_IQL_RNN_43 - my_run - INFO - t_env: 225020 / 2050000
2026-04-29 02:17:11,589 - my_experiment - IMPowf50_IQL_RNN_43 - my_run - INFO - Estimated time left: 7 hours, 41 minutes, 7 seconds. Time passed: 50 minutes, 35 seconds
2026-04-29 02:23:02,441 - my_experiment - IMPowf50_IQL_RNN_43 - my_run - INFO - Recent Stats | t_env:     250000 | Episode:    12500
action_0_mean:             0.5431	action_1_mean:             0.3557	action_2_mean:             0.1013	ep_length_mean:           20.0000
epsilon:                   0.0500	grad_norm:                 0.8030	loss:                      0.2987	q_taken_mean:              0.0111
return_mean:             -4754.4505	return_std:              702.9674	target_mean:               0.0113	td_error_abs:              0.3312
test_action_0_mean:        0.6087	test_action_1_mean:        0.3214	test_action_2_mean:        0.0699	test_ep_length_mean:      20.0000
test_return_mean:        -4337.6735	test_return_std:         301.2173	
2026-04-29 02:23:02,768 - my_experiment - IMPowf50_IQL_RNN_43 - my_run - INFO - t_env: 250020 / 2050000
2026-04-29 02:23:02,768 - my_experiment - IMPowf50_IQL_RNN_43 - my_run - INFO - Estimated time left: 7 hours, 1 minutes, 24 seconds. Time passed: 56 minutes, 26 seconds
2026-04-29 02:23:12,398 - my_experiment - IMPowf50_IQL_RNN_43 - my_run - INFO - Saving models to work_dirs/my_experiment/IMPowf50_IQL_RNN_43/my_run/20260429_012451/models/250020
2026-04-29 02:28:35,746 - my_experiment - IMPowf50_IQL_RNN_43 - my_run - INFO - Recent Stats | t_env:     275000 | Episode:    13750
action_0_mean:             0.4890	action_1_mean:             0.4076	action_2_mean:             0.1034	ep_length_mean:           20.0000
epsilon:                   0.0500	grad_norm:                 0.7992	loss:                      0.2619	q_taken_mean:              0.0110
return_mean:             -4540.2287	return_std:              598.6529	target_mean:               0.0111	td_error_abs:              0.3144
test_action_0_mean:        0.5192	test_action_1_mean:        0.4014	test_action_2_mean:        0.0793	test_ep_length_mean:      20.0000
test_return_mean:        -3823.2192	test_return_std:         295.2907	
2026-04-29 02:28:35,979 - my_experiment - IMPowf50_IQL_RNN_43 - my_run - INFO - t_env: 275020 / 2050000
2026-04-29 02:28:35,980 - my_experiment - IMPowf50_IQL_RNN_43 - my_run - INFO - Estimated time left: 6 hours, 34 minutes, 17 seconds. Time passed: 1 hours, 1 minutes, 59 seconds
2026-04-29 02:34:17,981 - my_experiment - IMPowf50_IQL_RNN_43 - my_run - INFO - Recent Stats | t_env:     300000 | Episode:    15000
action_0_mean:             0.4931	action_1_mean:             0.4145	action_2_mean:             0.0924	ep_length_mean:           20.0000
epsilon:                   0.0500	grad_norm:                 0.6137	loss:                      0.2548	q_taken_mean:              0.0124
return_mean:             -4434.6407	return_std:              670.9876	target_mean:               0.0124	td_error_abs:              0.3094
test_action_0_mean:        0.5721	test_action_1_mean:        0.3703	test_action_2_mean:        0.0576	test_ep_length_mean:      20.0000
test_return_mean:        -3878.2226	test_return_std:         306.9425	
2026-04-29 02:34:18,300 - my_experiment - IMPowf50_IQL_RNN_43 - my_run - INFO - t_env: 300020 / 2050000
2026-04-29 02:34:18,300 - my_experiment - IMPowf50_IQL_RNN_43 - my_run - INFO - Estimated time left: 6 hours, 39 minutes, 22 seconds. Time passed: 1 hours, 7 minutes, 42 seconds
2026-04-29 02:34:30,163 - my_experiment - IMPowf50_IQL_RNN_43 - my_run - INFO - Saving models to work_dirs/my_experiment/IMPowf50_IQL_RNN_43/my_run/20260429_012451/models/300020
2026-04-29 02:41:10,296 - my_experiment - IMPowf50_IQL_RNN_43 - my_run - INFO - Recent Stats | t_env:     325000 | Episode:    16250
action_0_mean:             0.4501	action_1_mean:             0.4635	action_2_mean:             0.0864	ep_length_mean:           20.0000
epsilon:                   0.0500	grad_norm:                 0.7991	loss:                      0.2774	q_taken_mean:              0.0132
return_mean:             -4302.0445	return_std:              764.6778	target_mean:               0.0132	td_error_abs:              0.3395
test_action_0_mean:        0.4772	test_action_1_mean:        0.4708	test_action_2_mean:        0.0520	test_ep_length_mean:      20.0000
test_return_mean:        -3615.2088	test_return_std:         259.8429	
2026-04-29 02:41:10,638 - my_experiment - IMPowf50_IQL_RNN_43 - my_run - INFO - t_env: 325020 / 2050000
2026-04-29 02:41:10,638 - my_experiment - IMPowf50_IQL_RNN_43 - my_run - INFO - Estimated time left: 7 hours, 54 minutes, 10 seconds. Time passed: 1 hours, 14 minutes, 34 seconds
2026-04-29 02:47:45,216 - my_experiment - IMPowf50_IQL_RNN_43 - my_run - INFO - Recent Stats | t_env:     350000 | Episode:    17500
action_0_mean:             0.4020	action_1_mean:             0.5174	action_2_mean:             0.0807	ep_length_mean:           20.0000
epsilon:                   0.0500	grad_norm:                 0.7402	loss:                      0.2775	q_taken_mean:              0.0164
return_mean:             -4054.9639	return_std:              727.6216	target_mean:               0.0162	td_error_abs:              0.3401
test_action_0_mean:        0.4175	test_action_1_mean:        0.5352	test_action_2_mean:        0.0473	test_ep_length_mean:      20.0000
test_return_mean:        -3410.2024	test_return_std:         248.0344	
2026-04-29 02:47:45,551 - my_experiment - IMPowf50_IQL_RNN_43 - my_run - INFO - t_env: 350020 / 2050000
2026-04-29 02:47:45,551 - my_experiment - IMPowf50_IQL_RNN_43 - my_run - INFO - Estimated time left: 7 hours, 27 minutes, 33 seconds. Time passed: 1 hours, 21 minutes, 9 seconds
2026-04-29 02:47:57,327 - my_experiment - IMPowf50_IQL_RNN_43 - my_run - INFO - Saving models to work_dirs/my_experiment/IMPowf50_IQL_RNN_43/my_run/20260429_012451/models/350020
2026-04-29 02:54:28,575 - my_experiment - IMPowf50_IQL_RNN_43 - my_run - INFO - Recent Stats | t_env:     375000 | Episode:    18750
action_0_mean:             0.3889	action_1_mean:             0.5296	action_2_mean:             0.0815	ep_length_mean:           20.0000
epsilon:                   0.0500	grad_norm:                 0.7385	loss:                      0.2502	q_taken_mean:              0.0188
return_mean:             -3946.0673	return_std:              633.1372	target_mean:               0.0186	td_error_abs:              0.3234
test_action_0_mean:        0.3544	test_action_1_mean:        0.6006	test_action_2_mean:        0.0450	test_ep_length_mean:      20.0000
test_return_mean:        -3369.0897	test_return_std:         260.4261	
2026-04-29 02:54:28,899 - my_experiment - IMPowf50_IQL_RNN_43 - my_run - INFO - t_env: 375020 / 2050000
2026-04-29 02:54:28,900 - my_experiment - IMPowf50_IQL_RNN_43 - my_run - INFO - Estimated time left: 7 hours, 30 minutes, 24 seconds. Time passed: 1 hours, 27 minutes, 52 seconds
2026-04-29 03:01:18,068 - my_experiment - IMPowf50_IQL_RNN_43 - my_run - INFO - Recent Stats | t_env:     400000 | Episode:    20000
action_0_mean:             0.3313	action_1_mean:             0.5917	action_2_mean:             0.0769	ep_length_mean:           20.0000
epsilon:                   0.0500	grad_norm:                 0.9675	loss:                      0.2385	q_taken_mean:              0.0199
return_mean:             -3808.2588	return_std:              614.1981	target_mean:               0.0198	td_error_abs:              0.3190
test_action_0_mean:        0.2903	test_action_1_mean:        0.6648	test_action_2_mean:        0.0448	test_ep_length_mean:      20.0000
test_return_mean:        -3186.4929	test_return_std:         272.8777	
2026-04-29 03:01:18,399 - my_experiment - IMPowf50_IQL_RNN_43 - my_run - INFO - t_env: 400020 / 2050000
2026-04-29 03:01:18,400 - my_experiment - IMPowf50_IQL_RNN_43 - my_run - INFO - Estimated time left: 7 hours, 30 minutes, 26 seconds. Time passed: 1 hours, 34 minutes, 42 seconds
2026-04-29 03:01:30,411 - my_experiment - IMPowf50_IQL_RNN_43 - my_run - INFO - Saving models to work_dirs/my_experiment/IMPowf50_IQL_RNN_43/my_run/20260429_012451/models/400020
2026-04-29 03:07:47,504 - my_experiment - IMPowf50_IQL_RNN_43 - my_run - INFO - Recent Stats | t_env:     425000 | Episode:    21250
action_0_mean:             0.2329	action_1_mean:             0.6900	action_2_mean:             0.0772	ep_length_mean:           20.0000
epsilon:                   0.0500	grad_norm:                 0.9566	loss:                      0.2172	q_taken_mean:              0.0220
return_mean:             -3565.7047	return_std:              499.3843	target_mean:               0.0219	td_error_abs:              0.3063
test_action_0_mean:        0.1314	test_action_1_mean:        0.8180	test_action_2_mean:        0.0506	test_ep_length_mean:      20.0000
test_return_mean:        -2667.1944	test_return_std:         267.2332	
2026-04-29 03:07:47,788 - my_experiment - IMPowf50_IQL_RNN_43 - my_run - INFO - t_env: 425020 / 2050000
2026-04-29 03:07:47,788 - my_experiment - IMPowf50_IQL_RNN_43 - my_run - INFO - Estimated time left: 7 hours, 1 minutes, 49 seconds. Time passed: 1 hours, 41 minutes, 11 seconds
2026-04-29 03:14:16,629 - my_experiment - IMPowf50_IQL_RNN_43 - my_run - INFO - Recent Stats | t_env:     450000 | Episode:    22500
action_0_mean:             0.1876	action_1_mean:             0.7403	action_2_mean:             0.0721	ep_length_mean:           20.0000
epsilon:                   0.0500	grad_norm:                 0.7225	loss:                      0.1483	q_taken_mean:              0.0261
return_mean:             -3291.2181	return_std:              402.8636	target_mean:               0.0261	td_error_abs:              0.2548
test_action_0_mean:        0.2085	test_action_1_mean:        0.7397	test_action_2_mean:        0.0518	test_ep_length_mean:      20.0000
test_return_mean:        -2585.8955	test_return_std:         214.6171	
2026-04-29 03:14:16,962 - my_experiment - IMPowf50_IQL_RNN_43 - my_run - INFO - t_env: 450020 / 2050000
2026-04-29 03:14:16,963 - my_experiment - IMPowf50_IQL_RNN_43 - my_run - INFO - Estimated time left: 6 hours, 55 minutes, 6 seconds. Time passed: 1 hours, 47 minutes, 40 seconds
2026-04-29 03:14:28,790 - my_experiment - IMPowf50_IQL_RNN_43 - my_run - INFO - Saving models to work_dirs/my_experiment/IMPowf50_IQL_RNN_43/my_run/20260429_012451/models/450020
2026-04-29 03:21:01,021 - my_experiment - IMPowf50_IQL_RNN_43 - my_run - INFO - Recent Stats | t_env:     475000 | Episode:    23750
action_0_mean:             0.2171	action_1_mean:             0.7134	action_2_mean:             0.0695	ep_length_mean:           20.0000
epsilon:                   0.0500	grad_norm:                 0.6570	loss:                      0.1254	q_taken_mean:              0.0268
return_mean:             -3316.7663	return_std:              422.6022	target_mean:               0.0269	td_error_abs:              0.2424
test_action_0_mean:        0.2354	test_action_1_mean:        0.7212	test_action_2_mean:        0.0434	test_ep_length_mean:      20.0000
test_return_mean:        -2536.4847	test_return_std:         229.3256	
2026-04-29 03:21:01,363 - my_experiment - IMPowf50_IQL_RNN_43 - my_run - INFO - t_env: 475020 / 2050000
2026-04-29 03:21:01,364 - my_experiment - IMPowf50_IQL_RNN_43 - my_run - INFO - Estimated time left: 7 hours, 4 minutes, 36 seconds. Time passed: 1 hours, 54 minutes, 25 seconds
2026-04-29 03:27:15,336 - my_experiment - IMPowf50_IQL_RNN_43 - my_run - INFO - Recent Stats | t_env:     500000 | Episode:    25000
action_0_mean:             0.2051	action_1_mean:             0.7290	action_2_mean:             0.0658	ep_length_mean:           20.0000
epsilon:                   0.0500	grad_norm:                 0.6771	loss:                      0.1515	q_taken_mean:              0.0263
return_mean:             -3254.0554	return_std:              425.0099	target_mean:               0.0265	td_error_abs:              0.2485
test_action_0_mean:        0.2189	test_action_1_mean:        0.7396	test_action_2_mean:        0.0415	test_ep_length_mean:      20.0000
test_return_mean:        -2577.4105	test_return_std:         226.9187	
2026-04-29 03:27:15,592 - my_experiment - IMPowf50_IQL_RNN_43 - my_run - INFO - t_env: 500020 / 2050000
2026-04-29 03:27:15,592 - my_experiment - IMPowf50_IQL_RNN_43 - my_run - INFO - Estimated time left: 6 hours, 26 minutes, 41 seconds. Time passed: 2 hours, 39 seconds
2026-04-29 03:27:22,518 - my_experiment - IMPowf50_IQL_RNN_43 - my_run - INFO - Saving models to work_dirs/my_experiment/IMPowf50_IQL_RNN_43/my_run/20260429_012451/models/500020
2026-04-29 03:33:40,437 - my_experiment - IMPowf50_IQL_RNN_43 - my_run - INFO - Recent Stats | t_env:     525000 | Episode:    26250
action_0_mean:             0.2435	action_1_mean:             0.6918	action_2_mean:             0.0647	ep_length_mean:           20.0000
epsilon:                   0.0500	grad_norm:                 0.9082	loss:                      0.1878	q_taken_mean:              0.0262
return_mean:             -3291.8637	return_std:              523.8840	target_mean:               0.0263	td_error_abs:              0.2729
test_action_0_mean:        0.3681	test_action_1_mean:        0.5949	test_action_2_mean:        0.0369	test_ep_length_mean:      20.0000
test_return_mean:        -2851.3477	test_return_std:         212.9579	
2026-04-29 03:33:40,773 - my_experiment - IMPowf50_IQL_RNN_43 - my_run - INFO - t_env: 525020 / 2050000
2026-04-29 03:33:40,773 - my_experiment - IMPowf50_IQL_RNN_43 - my_run - INFO - Estimated time left: 6 hours, 31 minutes, 35 seconds. Time passed: 2 hours, 7 minutes, 4 seconds
2026-04-29 03:40:15,711 - my_experiment - IMPowf50_IQL_RNN_43 - my_run - INFO - Recent Stats | t_env:     550000 | Episode:    27500
action_0_mean:             0.2706	action_1_mean:             0.6642	action_2_mean:             0.0652	ep_length_mean:           20.0000
epsilon:                   0.0500	grad_norm:                 1.1827	loss:                      0.2035	q_taken_mean:              0.0255
return_mean:             -3326.6316	return_std:              527.0116	target_mean:               0.0254	td_error_abs:              0.2827
test_action_0_mean:        0.3905	test_action_1_mean:        0.5719	test_action_2_mean:        0.0376	test_ep_length_mean:      20.0000
test_return_mean:        -2929.2737	test_return_std:         228.0235	
2026-04-29 03:40:16,040 - my_experiment - IMPowf50_IQL_RNN_43 - my_run - INFO - t_env: 550020 / 2050000
2026-04-29 03:40:16,040 - my_experiment - IMPowf50_IQL_RNN_43 - my_run - INFO - Estimated time left: 6 hours, 35 minutes, 15 seconds. Time passed: 2 hours, 13 minutes, 39 seconds
2026-04-29 03:40:27,773 - my_experiment - IMPowf50_IQL_RNN_43 - my_run - INFO - Saving models to work_dirs/my_experiment/IMPowf50_IQL_RNN_43/my_run/20260429_012451/models/550020
2026-04-29 03:46:44,267 - my_experiment - IMPowf50_IQL_RNN_43 - my_run - INFO - Recent Stats | t_env:     575000 | Episode:    28750
action_0_mean:             0.2593	action_1_mean:             0.6734	action_2_mean:             0.0674	ep_length_mean:           20.0000
epsilon:                   0.0500	grad_norm:                 1.2064	loss:                      0.2117	q_taken_mean:              0.0245
return_mean:             -3353.2141	return_std:              519.5461	target_mean:               0.0244	td_error_abs:              0.2876
test_action_0_mean:        0.3170	test_action_1_mean:        0.6452	test_action_2_mean:        0.0379	test_ep_length_mean:      20.0000
test_return_mean:        -2883.5508	test_return_std:         219.8070	
2026-04-29 03:46:44,581 - my_experiment - IMPowf50_IQL_RNN_43 - my_run - INFO - t_env: 575020 / 2050000
2026-04-29 03:46:44,582 - my_experiment - IMPowf50_IQL_RNN_43 - my_run - INFO - Estimated time left: 6 hours, 22 minutes, 3 seconds. Time passed: 2 hours, 20 minutes, 8 seconds
2026-04-29 03:53:30,670 - my_experiment - IMPowf50_IQL_RNN_43 - my_run - INFO - Recent Stats | t_env:     600000 | Episode:    30000
action_0_mean:             0.2533	action_1_mean:             0.6796	action_2_mean:             0.0672	ep_length_mean:           20.0000
epsilon:                   0.0500	grad_norm:                 1.2485	loss:                      0.2232	q_taken_mean:              0.0241
return_mean:             -3330.6740	return_std:              548.9443	target_mean:               0.0239	td_error_abs:              0.2927
test_action_0_mean:        0.3224	test_action_1_mean:        0.6347	test_action_2_mean:        0.0429	test_ep_length_mean:      20.0000
test_return_mean:        -2861.8269	test_return_std:         200.8448	
2026-04-29 03:53:30,995 - my_experiment - IMPowf50_IQL_RNN_43 - my_run - INFO - t_env: 600020 / 2050000
2026-04-29 03:53:30,995 - my_experiment - IMPowf50_IQL_RNN_43 - my_run - INFO - Estimated time left: 6 hours, 32 minutes, 51 seconds. Time passed: 2 hours, 26 minutes, 54 seconds
2026-04-29 03:53:43,034 - my_experiment - IMPowf50_IQL_RNN_43 - my_run - INFO - Saving models to work_dirs/my_experiment/IMPowf50_IQL_RNN_43/my_run/20260429_012451/models/600020
2026-04-29 04:00:16,664 - my_experiment - IMPowf50_IQL_RNN_43 - my_run - INFO - Recent Stats | t_env:     625000 | Episode:    31250
action_0_mean:             0.2513	action_1_mean:             0.6825	action_2_mean:             0.0662	ep_length_mean:           20.0000
epsilon:                   0.0500	grad_norm:                 1.2754	loss:                      0.2042	q_taken_mean:              0.0247
return_mean:             -3219.3189	return_std:              506.2982	target_mean:               0.0245	td_error_abs:              0.2916
test_action_0_mean:        0.3332	test_action_1_mean:        0.6240	test_action_2_mean:        0.0428	test_ep_length_mean:      20.0000
test_return_mean:        -2677.5577	test_return_std:         182.4456	
2026-04-29 04:00:16,990 - my_experiment - IMPowf50_IQL_RNN_43 - my_run - INFO - t_env: 625020 / 2050000
2026-04-29 04:00:16,991 - my_experiment - IMPowf50_IQL_RNN_43 - my_run - INFO - Estimated time left: 6 hours, 25 minutes, 41 seconds. Time passed: 2 hours, 33 minutes, 40 seconds
2026-04-29 04:06:56,980 - my_experiment - IMPowf50_IQL_RNN_43 - my_run - INFO - Recent Stats | t_env:     650000 | Episode:    32500
action_0_mean:             0.2111	action_1_mean:             0.7227	action_2_mean:             0.0662	ep_length_mean:           20.0000
epsilon:                   0.0500	grad_norm:                 0.7505	loss:                      0.1674	q_taken_mean:              0.0262
return_mean:             -3051.2813	return_std:              391.8122	target_mean:               0.0261	td_error_abs:              0.2607
test_action_0_mean:        0.1923	test_action_1_mean:        0.7651	test_action_2_mean:        0.0426	test_ep_length_mean:      20.0000
test_return_mean:        -2287.7558	test_return_std:         181.0863	
2026-04-29 04:06:57,299 - my_experiment - IMPowf50_IQL_RNN_43 - my_run - INFO - t_env: 650020 / 2050000
2026-04-29 04:06:57,299 - my_experiment - IMPowf50_IQL_RNN_43 - my_run - INFO - Estimated time left: 6 hours, 13 minutes, 36 seconds. Time passed: 2 hours, 40 minutes, 21 seconds
2026-04-29 04:07:08,961 - my_experiment - IMPowf50_IQL_RNN_43 - my_run - INFO - Saving models to work_dirs/my_experiment/IMPowf50_IQL_RNN_43/my_run/20260429_012451/models/650020
2026-04-29 04:13:37,789 - my_experiment - IMPowf50_IQL_RNN_43 - my_run - INFO - Recent Stats | t_env:     675000 | Episode:    33750
action_0_mean:             0.1999	action_1_mean:             0.7379	action_2_mean:             0.0622	ep_length_mean:           20.0000
epsilon:                   0.0500	grad_norm:                 0.4402	loss:                      0.1447	q_taken_mean:              0.0282
return_mean:             -2926.5772	return_std:              365.2909	target_mean:               0.0282	td_error_abs:              0.2408
test_action_0_mean:        0.1776	test_action_1_mean:        0.7817	test_action_2_mean:        0.0407	test_ep_length_mean:      20.0000
test_return_mean:        -2197.4244	test_return_std:         177.8679	
2026-04-29 04:13:38,105 - my_experiment - IMPowf50_IQL_RNN_43 - my_run - INFO - t_env: 675020 / 2050000
2026-04-29 04:13:38,106 - my_experiment - IMPowf50_IQL_RNN_43 - my_run - INFO - Estimated time left: 6 hours, 7 minutes, 24 seconds. Time passed: 2 hours, 47 minutes, 1 seconds
2026-04-29 04:20:24,170 - my_experiment - IMPowf50_IQL_RNN_43 - my_run - INFO - Recent Stats | t_env:     700000 | Episode:    35000
action_0_mean:             0.1953	action_1_mean:             0.7456	action_2_mean:             0.0592	ep_length_mean:           20.0000
epsilon:                   0.0500	grad_norm:                 0.3231	loss:                      0.1290	q_taken_mean:              0.0296
return_mean:             -2808.2937	return_std:              334.8570	target_mean:               0.0297	td_error_abs:              0.2286
test_action_0_mean:        0.1727	test_action_1_mean:        0.7869	test_action_2_mean:        0.0405	test_ep_length_mean:      20.0000
test_return_mean:        -2141.6716	test_return_std:         174.1789	
2026-04-29 04:20:24,535 - my_experiment - IMPowf50_IQL_RNN_43 - my_run - INFO - t_env: 700020 / 2050000
2026-04-29 04:20:24,536 - my_experiment - IMPowf50_IQL_RNN_43 - my_run - INFO - Estimated time left: 6 hours, 5 minutes, 46 seconds. Time passed: 2 hours, 53 minutes, 48 seconds
2026-04-29 04:20:36,324 - my_experiment - IMPowf50_IQL_RNN_43 - my_run - INFO - Saving models to work_dirs/my_experiment/IMPowf50_IQL_RNN_43/my_run/20260429_012451/models/700020
2026-04-29 04:27:04,629 - my_experiment - IMPowf50_IQL_RNN_43 - my_run - INFO - Recent Stats | t_env:     725000 | Episode:    36250
action_0_mean:             0.1835	action_1_mean:             0.7607	action_2_mean:             0.0558	ep_length_mean:           20.0000
epsilon:                   0.0500	grad_norm:                 0.3024	loss:                      0.0987	q_taken_mean:              0.0318
return_mean:             -2638.8910	return_std:              252.2050	target_mean:               0.0320	td_error_abs:              0.2089
test_action_0_mean:        0.1684	test_action_1_mean:        0.7982	test_action_2_mean:        0.0334	test_ep_length_mean:      20.0000
test_return_mean:        -2018.5577	test_return_std:         171.4117	
2026-04-29 04:27:04,950 - my_experiment - IMPowf50_IQL_RNN_43 - my_run - INFO - t_env: 725020 / 2050000
2026-04-29 04:27:04,951 - my_experiment - IMPowf50_IQL_RNN_43 - my_run - INFO - Estimated time left: 5 hours, 53 minutes, 41 seconds. Time passed: 3 hours, 28 seconds
2026-04-29 04:33:41,772 - my_experiment - IMPowf50_IQL_RNN_43 - my_run - INFO - Recent Stats | t_env:     750000 | Episode:    37500
action_0_mean:             0.1926	action_1_mean:             0.7542	action_2_mean:             0.0532	ep_length_mean:           20.0000
epsilon:                   0.0500	grad_norm:                 0.2826	loss:                      0.0783	q_taken_mean:              0.0337
return_mean:             -2590.0073	return_std:              255.4337	target_mean:               0.0338	td_error_abs:              0.1895
test_action_0_mean:        0.1727	test_action_1_mean:        0.7968	test_action_2_mean:        0.0305	test_ep_length_mean:      20.0000
test_return_mean:        -1984.7019	test_return_std:         173.4328	
2026-04-29 04:33:42,106 - my_experiment - IMPowf50_IQL_RNN_43 - my_run - INFO - t_env: 750020 / 2050000
2026-04-29 04:33:42,107 - my_experiment - IMPowf50_IQL_RNN_43 - my_run - INFO - Estimated time left: 5 hours, 44 minutes, 11 seconds. Time passed: 3 hours, 7 minutes, 5 seconds
2026-04-29 04:33:53,955 - my_experiment - IMPowf50_IQL_RNN_43 - my_run - INFO - Saving models to work_dirs/my_experiment/IMPowf50_IQL_RNN_43/my_run/20260429_012451/models/750020
2026-04-29 04:40:24,691 - my_experiment - IMPowf50_IQL_RNN_43 - my_run - INFO - Recent Stats | t_env:     775000 | Episode:    38750
action_0_mean:             0.2029	action_1_mean:             0.7464	action_2_mean:             0.0507	ep_length_mean:           20.0000
epsilon:                   0.0500	grad_norm:                 0.3579	loss:                      0.0730	q_taken_mean:              0.0339
return_mean:             -2561.2051	return_std:              256.4982	target_mean:               0.0340	td_error_abs:              0.1881
test_action_0_mean:        0.1643	test_action_1_mean:        0.8069	test_action_2_mean:        0.0288	test_ep_length_mean:      20.0000
test_return_mean:        -1980.0056	test_return_std:         183.5241	
2026-04-29 04:40:25,015 - my_experiment - IMPowf50_IQL_RNN_43 - my_run - INFO - t_env: 775020 / 2050000
2026-04-29 04:40:25,016 - my_experiment - IMPowf50_IQL_RNN_43 - my_run - INFO - Estimated time left: 5 hours, 42 minutes, 28 seconds. Time passed: 3 hours, 13 minutes, 48 seconds
2026-04-29 04:47:01,409 - my_experiment - IMPowf50_IQL_RNN_43 - my_run - INFO - Recent Stats | t_env:     800000 | Episode:    40000
action_0_mean:             0.2001	action_1_mean:             0.7515	action_2_mean:             0.0483	ep_length_mean:           20.0000
epsilon:                   0.0500	grad_norm:                 0.3950	loss:                      0.0800	q_taken_mean:              0.0338
return_mean:             -2489.2624	return_std:              249.0698	target_mean:               0.0339	td_error_abs:              0.1887
test_action_0_mean:        0.1725	test_action_1_mean:        0.8005	test_action_2_mean:        0.0270	test_ep_length_mean:      20.0000
test_return_mean:        -1940.0763	test_return_std:         178.5580	
2026-04-29 04:47:01,729 - my_experiment - IMPowf50_IQL_RNN_43 - my_run - INFO - t_env: 800020 / 2050000
2026-04-29 04:47:01,729 - my_experiment - IMPowf50_IQL_RNN_43 - my_run - INFO - Estimated time left: 5 hours, 30 minutes, 35 seconds. Time passed: 3 hours, 20 minutes, 25 seconds
2026-04-29 04:47:13,561 - my_experiment - IMPowf50_IQL_RNN_43 - my_run - INFO - Saving models to work_dirs/my_experiment/IMPowf50_IQL_RNN_43/my_run/20260429_012451/models/800020
2026-04-29 04:53:45,360 - my_experiment - IMPowf50_IQL_RNN_43 - my_run - INFO - Recent Stats | t_env:     825000 | Episode:    41250
action_0_mean:             0.1992	action_1_mean:             0.7538	action_2_mean:             0.0470	ep_length_mean:           20.0000
epsilon:                   0.0500	grad_norm:                 0.4285	loss:                      0.0852	q_taken_mean:              0.0340
return_mean:             -2448.3846	return_std:              259.3710	target_mean:               0.0342	td_error_abs:              0.1905
test_action_0_mean:        0.1706	test_action_1_mean:        0.8011	test_action_2_mean:        0.0283	test_ep_length_mean:      20.0000
test_return_mean:        -1913.0667	test_return_std:         174.2853	
2026-04-29 04:53:45,726 - my_experiment - IMPowf50_IQL_RNN_43 - my_run - INFO - t_env: 825020 / 2050000
2026-04-29 04:53:45,727 - my_experiment - IMPowf50_IQL_RNN_43 - my_run - INFO - Estimated time left: 5 hours, 29 minutes, 55 seconds. Time passed: 3 hours, 27 minutes, 9 seconds
2026-04-29 05:00:23,330 - my_experiment - IMPowf50_IQL_RNN_43 - my_run - INFO - Recent Stats | t_env:     850000 | Episode:    42500
action_0_mean:             0.2008	action_1_mean:             0.7527	action_2_mean:             0.0465	ep_length_mean:           20.0000
epsilon:                   0.0500	grad_norm:                 0.3905	loss:                      0.0931	q_taken_mean:              0.0340
return_mean:             -2433.3566	return_std:              267.0056	target_mean:               0.0341	td_error_abs:              0.1910
test_action_0_mean:        0.1885	test_action_1_mean:        0.7835	test_action_2_mean:        0.0281	test_ep_length_mean:      20.0000
test_return_mean:        -1911.4646	test_return_std:         174.4187	
2026-04-29 05:00:23,654 - my_experiment - IMPowf50_IQL_RNN_43 - my_run - INFO - t_env: 850020 / 2050000
2026-04-29 05:00:23,654 - my_experiment - IMPowf50_IQL_RNN_43 - my_run - INFO - Estimated time left: 5 hours, 18 minutes, 20 seconds. Time passed: 3 hours, 33 minutes, 47 seconds
2026-04-29 05:00:35,036 - my_experiment - IMPowf50_IQL_RNN_43 - my_run - INFO - Saving models to work_dirs/my_experiment/IMPowf50_IQL_RNN_43/my_run/20260429_012451/models/850020
2026-04-29 05:07:02,378 - my_experiment - IMPowf50_IQL_RNN_43 - my_run - INFO - Recent Stats | t_env:     875000 | Episode:    43750
action_0_mean:             0.2047	action_1_mean:             0.7494	action_2_mean:             0.0459	ep_length_mean:           20.0000
epsilon:                   0.0500	grad_norm:                 0.3615	loss:                      0.0947	q_taken_mean:              0.0337
return_mean:             -2412.1964	return_std:              254.4457	target_mean:               0.0338	td_error_abs:              0.1916
test_action_0_mean:        0.2035	test_action_1_mean:        0.7687	test_action_2_mean:        0.0278	test_ep_length_mean:      20.0000
test_return_mean:        -1935.0835	test_return_std:         172.8104	
2026-04-29 05:07:02,733 - my_experiment - IMPowf50_IQL_RNN_43 - my_run - INFO - t_env: 875020 / 2050000
2026-04-29 05:07:02,734 - my_experiment - IMPowf50_IQL_RNN_43 - my_run - INFO - Estimated time left: 5 hours, 12 minutes, 36 seconds. Time passed: 3 hours, 40 minutes, 26 seconds
2026-04-29 05:13:44,858 - my_experiment - IMPowf50_IQL_RNN_43 - my_run - INFO - Recent Stats | t_env:     900000 | Episode:    45000
action_0_mean:             0.2063	action_1_mean:             0.7482	action_2_mean:             0.0455	ep_length_mean:           20.0000
epsilon:                   0.0500	grad_norm:                 0.2603	loss:                      0.0937	q_taken_mean:              0.0339
return_mean:             -2372.2836	return_std:              243.2549	target_mean:               0.0339	td_error_abs:              0.1902
test_action_0_mean:        0.2298	test_action_1_mean:        0.7401	test_action_2_mean:        0.0302	test_ep_length_mean:      20.0000
test_return_mean:        -1960.3386	test_return_std:         170.9676	
2026-04-29 05:13:45,189 - my_experiment - IMPowf50_IQL_RNN_43 - my_run - INFO - t_env: 900020 / 2050000
2026-04-29 05:13:45,189 - my_experiment - IMPowf50_IQL_RNN_43 - my_run - INFO - Estimated time left: 5 hours, 8 minutes, 32 seconds. Time passed: 3 hours, 47 minutes, 9 seconds
2026-04-29 05:13:56,976 - my_experiment - IMPowf50_IQL_RNN_43 - my_run - INFO - Saving models to work_dirs/my_experiment/IMPowf50_IQL_RNN_43/my_run/20260429_012451/models/900020
2026-04-29 05:20:26,447 - my_experiment - IMPowf50_IQL_RNN_43 - my_run - INFO - Recent Stats | t_env:     925000 | Episode:    46250
action_0_mean:             0.2101	action_1_mean:             0.7446	action_2_mean:             0.0452	ep_length_mean:           20.0000
epsilon:                   0.0500	grad_norm:                 0.2482	loss:                      0.0894	q_taken_mean:              0.0338
return_mean:             -2380.3984	return_std:              248.6042	target_mean:               0.0338	td_error_abs:              0.1940
test_action_0_mean:        0.2202	test_action_1_mean:        0.7500	test_action_2_mean:        0.0298	test_ep_length_mean:      20.0000
test_return_mean:        -1906.8965	test_return_std:         162.7420	
2026-04-29 05:20:26,768 - my_experiment - IMPowf50_IQL_RNN_43 - my_run - INFO - t_env: 925020 / 2050000
2026-04-29 05:20:26,768 - my_experiment - IMPowf50_IQL_RNN_43 - my_run - INFO - Estimated time left: 5 hours, 1 minutes, 10 seconds. Time passed: 3 hours, 53 minutes, 50 seconds
2026-04-29 05:27:10,465 - my_experiment - IMPowf50_IQL_RNN_43 - my_run - INFO - Recent Stats | t_env:     950000 | Episode:    47500
action_0_mean:             0.2127	action_1_mean:             0.7427	action_2_mean:             0.0446	ep_length_mean:           20.0000
epsilon:                   0.0500	grad_norm:                 0.2568	loss:                      0.0928	q_taken_mean:              0.0335
return_mean:             -2371.7089	return_std:              241.9604	target_mean:               0.0334	td_error_abs:              0.1955
test_action_0_mean:        0.2367	test_action_1_mean:        0.7356	test_action_2_mean:        0.0277	test_ep_length_mean:      20.0000
test_return_mean:        -1904.4561	test_return_std:         162.3512	
2026-04-29 05:27:10,800 - my_experiment - IMPowf50_IQL_RNN_43 - my_run - INFO - t_env: 950020 / 2050000
2026-04-29 05:27:10,801 - my_experiment - IMPowf50_IQL_RNN_43 - my_run - INFO - Estimated time left: 4 hours, 56 minutes, 17 seconds. Time passed: 4 hours, 34 seconds
2026-04-29 05:27:22,374 - my_experiment - IMPowf50_IQL_RNN_43 - my_run - INFO - Saving models to work_dirs/my_experiment/IMPowf50_IQL_RNN_43/my_run/20260429_012451/models/950020
2026-04-29 05:33:53,823 - my_experiment - IMPowf50_IQL_RNN_43 - my_run - INFO - Recent Stats | t_env:     975000 | Episode:    48750
action_0_mean:             0.2161	action_1_mean:             0.7396	action_2_mean:             0.0443	ep_length_mean:           20.0000
epsilon:                   0.0500	grad_norm:                 0.3457	loss:                      0.0827	q_taken_mean:              0.0329
return_mean:             -2361.4389	return_std:              230.1928	target_mean:               0.0329	td_error_abs:              0.1936
test_action_0_mean:        0.2283	test_action_1_mean:        0.7445	test_action_2_mean:        0.0272	test_ep_length_mean:      20.0000
test_return_mean:        -1880.8567	test_return_std:         160.7278	
2026-04-29 05:33:54,153 - my_experiment - IMPowf50_IQL_RNN_43 - my_run - INFO - t_env: 975020 / 2050000
2026-04-29 05:33:54,154 - my_experiment - IMPowf50_IQL_RNN_43 - my_run - INFO - Estimated time left: 4 hours, 49 minutes, 3 seconds. Time passed: 4 hours, 7 minutes, 17 seconds
2026-04-29 05:40:34,624 - my_experiment - IMPowf50_IQL_RNN_43 - my_run - INFO - Recent Stats | t_env:    1000000 | Episode:    50000
action_0_mean:             0.2089	action_1_mean:             0.7467	action_2_mean:             0.0444	ep_length_mean:           20.0000
epsilon:                   0.0500	grad_norm:                 0.3373	loss:                      0.0805	q_taken_mean:              0.0325
return_mean:             -2346.8082	return_std:              228.5363	target_mean:               0.0326	td_error_abs:              0.1931
test_action_0_mean:        0.2192	test_action_1_mean:        0.7524	test_action_2_mean:        0.0284	test_ep_length_mean:      20.0000
test_return_mean:        -1841.9910	test_return_std:         152.1515	
2026-04-29 05:40:34,979 - my_experiment - IMPowf50_IQL_RNN_43 - my_run - INFO - t_env: 1000020 / 2050000
2026-04-29 05:40:34,980 - my_experiment - IMPowf50_IQL_RNN_43 - my_run - INFO - Estimated time left: 4 hours, 40 minutes, 34 seconds. Time passed: 4 hours, 13 minutes, 58 seconds
2026-04-29 05:40:46,835 - my_experiment - IMPowf50_IQL_RNN_43 - my_run - INFO - Saving models to work_dirs/my_experiment/IMPowf50_IQL_RNN_43/my_run/20260429_012451/models/1000020
2026-04-29 05:47:20,695 - my_experiment - IMPowf50_IQL_RNN_43 - my_run - INFO - Recent Stats | t_env:    1025000 | Episode:    51250
action_0_mean:             0.2027	action_1_mean:             0.7519	action_2_mean:             0.0454	ep_length_mean:           20.0000
epsilon:                   0.0500	grad_norm:                 0.3562	loss:                      0.0793	q_taken_mean:              0.0319
return_mean:             -2366.3485	return_std:              230.9312	target_mean:               0.0319	td_error_abs:              0.1918
test_action_0_mean:        0.1909	test_action_1_mean:        0.7822	test_action_2_mean:        0.0268	test_ep_length_mean:      20.0000
test_return_mean:        -1761.7747	test_return_std:         138.5139	
2026-04-29 05:47:21,051 - my_experiment - IMPowf50_IQL_RNN_43 - my_run - INFO - t_env: 1025020 / 2050000
2026-04-29 05:47:21,052 - my_experiment - IMPowf50_IQL_RNN_43 - my_run - INFO - Estimated time left: 4 hours, 37 minutes, 28 seconds. Time passed: 4 hours, 20 minutes, 44 seconds
2026-04-29 05:54:07,607 - my_experiment - IMPowf50_IQL_RNN_43 - my_run - INFO - Recent Stats | t_env:    1050000 | Episode:    52500
action_0_mean:             0.1978	action_1_mean:             0.7567	action_2_mean:             0.0455	ep_length_mean:           20.0000
epsilon:                   0.0500	grad_norm:                 0.3718	loss:                      0.0778	q_taken_mean:              0.0312
return_mean:             -2357.5440	return_std:              223.6725	target_mean:               0.0312	td_error_abs:              0.1901
test_action_0_mean:        0.1991	test_action_1_mean:        0.7726	test_action_2_mean:        0.0283	test_ep_length_mean:      20.0000
test_return_mean:        -1795.5855	test_return_std:         138.5202	
2026-04-29 05:54:07,918 - my_experiment - IMPowf50_IQL_RNN_43 - my_run - INFO - t_env: 1050020 / 2050000
2026-04-29 05:54:07,919 - my_experiment - IMPowf50_IQL_RNN_43 - my_run - INFO - Estimated time left: 4 hours, 31 minutes, 14 seconds. Time passed: 4 hours, 27 minutes, 31 seconds
2026-04-29 05:54:19,218 - my_experiment - IMPowf50_IQL_RNN_43 - my_run - INFO - Saving models to work_dirs/my_experiment/IMPowf50_IQL_RNN_43/my_run/20260429_012451/models/1050020
2026-04-29 06:00:48,959 - my_experiment - IMPowf50_IQL_RNN_43 - my_run - INFO - Recent Stats | t_env:    1075000 | Episode:    53750
action_0_mean:             0.1907	action_1_mean:             0.7632	action_2_mean:             0.0462	ep_length_mean:           20.0000
epsilon:                   0.0500	grad_norm:                 0.3705	loss:                      0.0705	q_taken_mean:              0.0304
return_mean:             -2355.5854	return_std:              224.1614	target_mean:               0.0304	td_error_abs:              0.1876
test_action_0_mean:        0.2005	test_action_1_mean:        0.7701	test_action_2_mean:        0.0294	test_ep_length_mean:      20.0000
test_return_mean:        -1781.6208	test_return_std:         137.5323	
2026-04-29 06:00:49,330 - my_experiment - IMPowf50_IQL_RNN_43 - my_run - INFO - t_env: 1075020 / 2050000
2026-04-29 06:00:49,330 - my_experiment - IMPowf50_IQL_RNN_43 - my_run - INFO - Estimated time left: 4 hours, 20 minutes, 54 seconds. Time passed: 4 hours, 34 minutes, 13 seconds
2026-04-29 06:07:31,936 - my_experiment - IMPowf50_IQL_RNN_43 - my_run - INFO - Recent Stats | t_env:    1100000 | Episode:    55000
action_0_mean:             0.1939	action_1_mean:             0.7595	action_2_mean:             0.0465	ep_length_mean:           20.0000
epsilon:                   0.0500	grad_norm:                 0.2705	loss:                      0.0767	q_taken_mean:              0.0300
return_mean:             -2370.6718	return_std:              235.7407	target_mean:               0.0299	td_error_abs:              0.1915
test_action_0_mean:        0.2076	test_action_1_mean:        0.7627	test_action_2_mean:        0.0297	test_ep_length_mean:      20.0000
test_return_mean:        -1851.5415	test_return_std:         137.8732	
2026-04-29 06:07:32,284 - my_experiment - IMPowf50_IQL_RNN_43 - my_run - INFO - t_env: 1100020 / 2050000
2026-04-29 06:07:32,285 - my_experiment - IMPowf50_IQL_RNN_43 - my_run - INFO - Estimated time left: 4 hours, 15 minutes, 11 seconds. Time passed: 4 hours, 40 minutes, 56 seconds
2026-04-29 06:07:44,267 - my_experiment - IMPowf50_IQL_RNN_43 - my_run - INFO - Saving models to work_dirs/my_experiment/IMPowf50_IQL_RNN_43/my_run/20260429_012451/models/1100020
2026-04-29 06:14:13,131 - my_experiment - IMPowf50_IQL_RNN_43 - my_run - INFO - Recent Stats | t_env:    1125000 | Episode:    56250
action_0_mean:             0.2017	action_1_mean:             0.7521	action_2_mean:             0.0462	ep_length_mean:           20.0000
epsilon:                   0.0500	grad_norm:                 0.2230	loss:                      0.0801	q_taken_mean:              0.0292
return_mean:             -2383.9100	return_std:              241.6300	target_mean:               0.0291	td_error_abs:              0.1968
test_action_0_mean:        0.2025	test_action_1_mean:        0.7681	test_action_2_mean:        0.0294	test_ep_length_mean:      20.0000
test_return_mean:        -1841.3550	test_return_std:         142.8504	
2026-04-29 06:14:13,451 - my_experiment - IMPowf50_IQL_RNN_43 - my_run - INFO - t_env: 1125020 / 2050000
2026-04-29 06:14:13,452 - my_experiment - IMPowf50_IQL_RNN_43 - my_run - INFO - Estimated time left: 4 hours, 7 minutes, 22 seconds. Time passed: 4 hours, 47 minutes, 37 seconds
2026-04-29 06:20:55,193 - my_experiment - IMPowf50_IQL_RNN_43 - my_run - INFO - Recent Stats | t_env:    1150000 | Episode:    57500
action_0_mean:             0.2035	action_1_mean:             0.7509	action_2_mean:             0.0456	ep_length_mean:           20.0000
epsilon:                   0.0500	grad_norm:                 0.2378	loss:                      0.0835	q_taken_mean:              0.0284
return_mean:             -2380.0686	return_std:              250.9357	target_mean:               0.0283	td_error_abs:              0.2026
test_action_0_mean:        0.2103	test_action_1_mean:        0.7608	test_action_2_mean:        0.0289	test_ep_length_mean:      20.0000
test_return_mean:        -1861.2042	test_return_std:         154.0593	
2026-04-29 06:20:55,520 - my_experiment - IMPowf50_IQL_RNN_43 - my_run - INFO - t_env: 1150020 / 2050000
2026-04-29 06:20:55,520 - my_experiment - IMPowf50_IQL_RNN_43 - my_run - INFO - Estimated time left: 4 hours, 1 minutes, 14 seconds. Time passed: 4 hours, 54 minutes, 19 seconds
2026-04-29 06:21:07,260 - my_experiment - IMPowf50_IQL_RNN_43 - my_run - INFO - Saving models to work_dirs/my_experiment/IMPowf50_IQL_RNN_43/my_run/20260429_012451/models/1150020
2026-04-29 06:27:38,466 - my_experiment - IMPowf50_IQL_RNN_43 - my_run - INFO - Recent Stats | t_env:    1175000 | Episode:    58750
action_0_mean:             0.2105	action_1_mean:             0.7441	action_2_mean:             0.0455	ep_length_mean:           20.0000
epsilon:                   0.0500	grad_norm:                 0.2038	loss:                      0.0848	q_taken_mean:              0.0279
return_mean:             -2392.2513	return_std:              255.3184	target_mean:               0.0278	td_error_abs:              0.2076
test_action_0_mean:        0.2067	test_action_1_mean:        0.7683	test_action_2_mean:        0.0250	test_ep_length_mean:      20.0000
test_return_mean:        -1890.2050	test_return_std:         181.2152	
2026-04-29 06:27:38,791 - my_experiment - IMPowf50_IQL_RNN_43 - my_run - INFO - t_env: 1175020 / 2050000
2026-04-29 06:27:38,792 - my_experiment - IMPowf50_IQL_RNN_43 - my_run - INFO - Estimated time left: 3 hours, 55 minutes, 14 seconds. Time passed: 5 hours, 1 minutes, 2 seconds
2026-04-29 06:34:22,477 - my_experiment - IMPowf50_IQL_RNN_43 - my_run - INFO - Recent Stats | t_env:    1200000 | Episode:    60000
action_0_mean:             0.2142	action_1_mean:             0.7399	action_2_mean:             0.0459	ep_length_mean:           20.0000
epsilon:                   0.0500	grad_norm:                 0.2243	loss:                      0.0920	q_taken_mean:              0.0271
return_mean:             -2417.5821	return_std:              257.5760	target_mean:               0.0271	td_error_abs:              0.2184
test_action_0_mean:        0.1948	test_action_1_mean:        0.7808	test_action_2_mean:        0.0244	test_ep_length_mean:      20.0000
test_return_mean:        -1906.8480	test_return_std:         186.5373	
2026-04-29 06:34:22,795 - my_experiment - IMPowf50_IQL_RNN_43 - my_run - INFO - t_env: 1200020 / 2050000
2026-04-29 06:34:22,795 - my_experiment - IMPowf50_IQL_RNN_43 - my_run - INFO - Estimated time left: 3 hours, 48 minutes, 55 seconds. Time passed: 5 hours, 7 minutes, 46 seconds
2026-04-29 06:34:34,534 - my_experiment - IMPowf50_IQL_RNN_43 - my_run - INFO - Saving models to work_dirs/my_experiment/IMPowf50_IQL_RNN_43/my_run/20260429_012451/models/1200020
2026-04-29 06:40:54,007 - my_experiment - IMPowf50_IQL_RNN_43 - my_run - INFO - Recent Stats | t_env:    1225000 | Episode:    61250
action_0_mean:             0.2072	action_1_mean:             0.7465	action_2_mean:             0.0462	ep_length_mean:           20.0000
epsilon:                   0.0500	grad_norm:                 0.2530	loss:                      0.0980	q_taken_mean:              0.0260
return_mean:             -2416.4433	return_std:              254.4245	target_mean:               0.0260	td_error_abs:              0.2257
test_action_0_mean:        0.1866	test_action_1_mean:        0.7888	test_action_2_mean:        0.0246	test_ep_length_mean:      20.0000
test_return_mean:        -1861.7436	test_return_std:         193.4980	
2026-04-29 06:40:54,313 - my_experiment - IMPowf50_IQL_RNN_43 - my_run - INFO - t_env: 1225020 / 2050000
2026-04-29 06:40:54,314 - my_experiment - IMPowf50_IQL_RNN_43 - my_run - INFO - Estimated time left: 3 hours, 35 minutes, 19 seconds. Time passed: 5 hours, 14 minutes, 18 seconds
2026-04-29 06:47:30,709 - my_experiment - IMPowf50_IQL_RNN_43 - my_run - INFO - Recent Stats | t_env:    1250000 | Episode:    62500
action_0_mean:             0.2139	action_1_mean:             0.7403	action_2_mean:             0.0457	ep_length_mean:           20.0000
epsilon:                   0.0500	grad_norm:                 0.2689	loss:                      0.1195	q_taken_mean:              0.0249
return_mean:             -2465.3464	return_std:              300.9352	target_mean:               0.0249	td_error_abs:              0.2383
test_action_0_mean:        0.2126	test_action_1_mean:        0.7639	test_action_2_mean:        0.0236	test_ep_length_mean:      20.0000
test_return_mean:        -1902.2262	test_return_std:         195.5375	
2026-04-29 06:47:31,011 - my_experiment - IMPowf50_IQL_RNN_43 - my_run - INFO - t_env: 1250020 / 2050000
2026-04-29 06:47:31,011 - my_experiment - IMPowf50_IQL_RNN_43 - my_run - INFO - Estimated time left: 3 hours, 31 minutes, 33 seconds. Time passed: 5 hours, 20 minutes, 54 seconds
2026-04-29 06:47:42,245 - my_experiment - IMPowf50_IQL_RNN_43 - my_run - INFO - Saving models to work_dirs/my_experiment/IMPowf50_IQL_RNN_43/my_run/20260429_012451/models/1250020
2026-04-29 06:54:06,530 - my_experiment - IMPowf50_IQL_RNN_43 - my_run - INFO - Recent Stats | t_env:    1275000 | Episode:    63750
action_0_mean:             0.2131	action_1_mean:             0.7397	action_2_mean:             0.0473	ep_length_mean:           20.0000
epsilon:                   0.0500	grad_norm:                 0.2926	loss:                      0.1291	q_taken_mean:              0.0238
return_mean:             -2481.3210	return_std:              304.5750	target_mean:               0.0239	td_error_abs:              0.2443
test_action_0_mean:        0.2216	test_action_1_mean:        0.7488	test_action_2_mean:        0.0296	test_ep_length_mean:      20.0000
test_return_mean:        -1992.6526	test_return_std:         198.5057	
2026-04-29 06:54:06,851 - my_experiment - IMPowf50_IQL_RNN_43 - my_run - INFO - t_env: 1275020 / 2050000
2026-04-29 06:54:06,851 - my_experiment - IMPowf50_IQL_RNN_43 - my_run - INFO - Estimated time left: 3 hours, 24 minutes, 30 seconds. Time passed: 5 hours, 27 minutes, 30 seconds
2026-04-29 07:00:46,063 - my_experiment - IMPowf50_IQL_RNN_43 - my_run - INFO - Recent Stats | t_env:    1300000 | Episode:    65000
action_0_mean:             0.2173	action_1_mean:             0.7340	action_2_mean:             0.0487	ep_length_mean:           20.0000
epsilon:                   0.0500	grad_norm:                 0.3055	loss:                      0.1410	q_taken_mean:              0.0227
return_mean:             -2511.4049	return_std:              339.7069	target_mean:               0.0228	td_error_abs:              0.2526
test_action_0_mean:        0.2237	test_action_1_mean:        0.7452	test_action_2_mean:        0.0311	test_ep_length_mean:      20.0000
test_return_mean:        -2011.9699	test_return_std:         188.4192	
2026-04-29 07:00:46,430 - my_experiment - IMPowf50_IQL_RNN_43 - my_run - INFO - t_env: 1300020 / 2050000
2026-04-29 07:00:46,430 - my_experiment - IMPowf50_IQL_RNN_43 - my_run - INFO - Estimated time left: 3 hours, 19 minutes, 47 seconds. Time passed: 5 hours, 34 minutes, 10 seconds
2026-04-29 07:00:57,938 - my_experiment - IMPowf50_IQL_RNN_43 - my_run - INFO - Saving models to work_dirs/my_experiment/IMPowf50_IQL_RNN_43/my_run/20260429_012451/models/1300020
2026-04-29 07:07:25,487 - my_experiment - IMPowf50_IQL_RNN_43 - my_run - INFO - Recent Stats | t_env:    1325000 | Episode:    66250
action_0_mean:             0.2212	action_1_mean:             0.7309	action_2_mean:             0.0479	ep_length_mean:           20.0000
epsilon:                   0.0500	grad_norm:                 0.2796	loss:                      0.1522	q_taken_mean:              0.0216
return_mean:             -2548.0076	return_std:              352.7835	target_mean:               0.0216	td_error_abs:              0.2614
test_action_0_mean:        0.2283	test_action_1_mean:        0.7419	test_action_2_mean:        0.0298	test_ep_length_mean:      20.0000
test_return_mean:        -1955.4016	test_return_std:         173.7949	
2026-04-29 07:07:25,816 - my_experiment - IMPowf50_IQL_RNN_43 - my_run - INFO - t_env: 1325020 / 2050000
2026-04-29 07:07:25,817 - my_experiment - IMPowf50_IQL_RNN_43 - my_run - INFO - Estimated time left: 3 hours, 13 minutes, 1 seconds. Time passed: 5 hours, 40 minutes, 49 seconds
2026-04-29 07:14:09,113 - my_experiment - IMPowf50_IQL_RNN_43 - my_run - INFO - Recent Stats | t_env:    1350000 | Episode:    67500
action_0_mean:             0.2273	action_1_mean:             0.7242	action_2_mean:             0.0485	ep_length_mean:           20.0000
epsilon:                   0.0500	grad_norm:                 0.2547	loss:                      0.1558	q_taken_mean:              0.0212
return_mean:             -2562.3746	return_std:              351.1556	target_mean:               0.0211	td_error_abs:              0.2652
test_action_0_mean:        0.2199	test_action_1_mean:        0.7483	test_action_2_mean:        0.0318	test_ep_length_mean:      20.0000
test_return_mean:        -1941.7302	test_return_std:         168.2360	
2026-04-29 07:14:09,439 - my_experiment - IMPowf50_IQL_RNN_43 - my_run - INFO - t_env: 1350020 / 2050000
2026-04-29 07:14:09,440 - my_experiment - IMPowf50_IQL_RNN_43 - my_run - INFO - Estimated time left: 3 hours, 8 minutes, 21 seconds. Time passed: 5 hours, 47 minutes, 33 seconds
2026-04-29 07:14:20,789 - my_experiment - IMPowf50_IQL_RNN_43 - my_run - INFO - Saving models to work_dirs/my_experiment/IMPowf50_IQL_RNN_43/my_run/20260429_012451/models/1350020
2026-04-29 07:20:49,817 - my_experiment - IMPowf50_IQL_RNN_43 - my_run - INFO - Recent Stats | t_env:    1375000 | Episode:    68750
action_0_mean:             0.2110	action_1_mean:             0.7372	action_2_mean:             0.0518	ep_length_mean:           20.0000
epsilon:                   0.0500	grad_norm:                 0.2388	loss:                      0.1419	q_taken_mean:              0.0212
return_mean:             -2516.0609	return_std:              304.9450	target_mean:               0.0212	td_error_abs:              0.2591
test_action_0_mean:        0.2034	test_action_1_mean:        0.7551	test_action_2_mean:        0.0414	test_ep_length_mean:      20.0000
test_return_mean:        -2023.0946	test_return_std:         176.9958	
2026-04-29 07:20:50,143 - my_experiment - IMPowf50_IQL_RNN_43 - my_run - INFO - t_env: 1375020 / 2050000
2026-04-29 07:20:50,144 - my_experiment - IMPowf50_IQL_RNN_43 - my_run - INFO - Estimated time left: 3 hours, 18 seconds. Time passed: 5 hours, 54 minutes, 13 seconds
2026-04-29 07:27:33,220 - my_experiment - IMPowf50_IQL_RNN_43 - my_run - INFO - Recent Stats | t_env:    1400000 | Episode:    70000
action_0_mean:             0.2117	action_1_mean:             0.7379	action_2_mean:             0.0504	ep_length_mean:           20.0000
epsilon:                   0.0500	grad_norm:                 0.2071	loss:                      0.1509	q_taken_mean:              0.0216
return_mean:             -2515.9340	return_std:              317.0908	target_mean:               0.0215	td_error_abs:              0.2622
test_action_0_mean:        0.1926	test_action_1_mean:        0.7726	test_action_2_mean:        0.0347	test_ep_length_mean:      20.0000
test_return_mean:        -1906.9650	test_return_std:         165.5738	
2026-04-29 07:27:33,555 - my_experiment - IMPowf50_IQL_RNN_43 - my_run - INFO - t_env: 1400020 / 2050000
2026-04-29 07:27:33,555 - my_experiment - IMPowf50_IQL_RNN_43 - my_run - INFO - Estimated time left: 2 hours, 54 minutes, 48 seconds. Time passed: 6 hours, 57 seconds
2026-04-29 07:27:45,430 - my_experiment - IMPowf50_IQL_RNN_43 - my_run - INFO - Saving models to work_dirs/my_experiment/IMPowf50_IQL_RNN_43/my_run/20260429_012451/models/1400020
2026-04-29 07:34:12,136 - my_experiment - IMPowf50_IQL_RNN_43 - my_run - INFO - Recent Stats | t_env:    1425000 | Episode:    71250
action_0_mean:             0.2054	action_1_mean:             0.7444	action_2_mean:             0.0502	ep_length_mean:           20.0000
epsilon:                   0.0500	grad_norm:                 0.2613	loss:                      0.1645	q_taken_mean:              0.0221
return_mean:             -2488.3130	return_std:              288.4012	target_mean:               0.0220	td_error_abs:              0.2647
test_action_0_mean:        0.1834	test_action_1_mean:        0.7743	test_action_2_mean:        0.0423	test_ep_length_mean:      20.0000
test_return_mean:        -1990.0143	test_return_std:         154.7011	
2026-04-29 07:34:12,447 - my_experiment - IMPowf50_IQL_RNN_43 - my_run - INFO - t_env: 1425020 / 2050000
2026-04-29 07:34:12,447 - my_experiment - IMPowf50_IQL_RNN_43 - my_run - INFO - Estimated time left: 2 hours, 46 minutes, 11 seconds. Time passed: 6 hours, 7 minutes, 36 seconds
2026-04-29 07:40:44,153 - my_experiment - IMPowf50_IQL_RNN_43 - my_run - INFO - Recent Stats | t_env:    1450000 | Episode:    72500
action_0_mean:             0.2079	action_1_mean:             0.7424	action_2_mean:             0.0497	ep_length_mean:           20.0000
epsilon:                   0.0500	grad_norm:                 0.2382	loss:                      0.1669	q_taken_mean:              0.0229
return_mean:             -2438.4469	return_std:              287.9541	target_mean:               0.0228	td_error_abs:              0.2625
test_action_0_mean:        0.1806	test_action_1_mean:        0.7754	test_action_2_mean:        0.0440	test_ep_length_mean:      20.0000
test_return_mean:        -2022.6245	test_return_std:         157.0515	
2026-04-29 07:40:44,497 - my_experiment - IMPowf50_IQL_RNN_43 - my_run - INFO - t_env: 1450020 / 2050000
2026-04-29 07:40:44,497 - my_experiment - IMPowf50_IQL_RNN_43 - my_run - INFO - Estimated time left: 2 hours, 36 minutes, 48 seconds. Time passed: 6 hours, 14 minutes, 8 seconds
2026-04-29 07:40:56,086 - my_experiment - IMPowf50_IQL_RNN_43 - my_run - INFO - Saving models to work_dirs/my_experiment/IMPowf50_IQL_RNN_43/my_run/20260429_012451/models/1450020
2026-04-29 07:47:21,918 - my_experiment - IMPowf50_IQL_RNN_43 - my_run - INFO - Recent Stats | t_env:    1475000 | Episode:    73750
action_0_mean:             0.2149	action_1_mean:             0.7347	action_2_mean:             0.0504	ep_length_mean:           20.0000
epsilon:                   0.0500	grad_norm:                 0.2286	loss:                      0.1879	q_taken_mean:              0.0231
return_mean:             -2449.2140	return_std:              313.4987	target_mean:               0.0230	td_error_abs:              0.2673
test_action_0_mean:        0.1811	test_action_1_mean:        0.7699	test_action_2_mean:        0.0490	test_ep_length_mean:      20.0000
test_return_mean:        -2132.7474	test_return_std:         158.3215	
2026-04-29 07:47:22,251 - my_experiment - IMPowf50_IQL_RNN_43 - my_run - INFO - t_env: 1475020 / 2050000
2026-04-29 07:47:22,252 - my_experiment - IMPowf50_IQL_RNN_43 - my_run - INFO - Estimated time left: 2 hours, 32 minutes, 28 seconds. Time passed: 6 hours, 20 minutes, 46 seconds
2026-04-29 07:53:54,384 - my_experiment - IMPowf50_IQL_RNN_43 - my_run - INFO - Recent Stats | t_env:    1500000 | Episode:    75000
action_0_mean:             0.2233	action_1_mean:             0.7288	action_2_mean:             0.0480	ep_length_mean:           20.0000
epsilon:                   0.0500	grad_norm:                 0.2294	loss:                      0.2084	q_taken_mean:              0.0228
return_mean:             -2448.0109	return_std:              313.4376	target_mean:               0.0227	td_error_abs:              0.2740
test_action_0_mean:        0.1825	test_action_1_mean:        0.7771	test_action_2_mean:        0.0405	test_ep_length_mean:      20.0000
test_return_mean:        -2035.2245	test_return_std:         153.7187	
2026-04-29 07:53:54,705 - my_experiment - IMPowf50_IQL_RNN_43 - my_run - INFO - t_env: 1500020 / 2050000
2026-04-29 07:53:54,706 - my_experiment - IMPowf50_IQL_RNN_43 - my_run - INFO - Estimated time left: 2 hours, 23 minutes, 53 seconds. Time passed: 6 hours, 27 minutes, 18 seconds
2026-04-29 07:54:06,238 - my_experiment - IMPowf50_IQL_RNN_43 - my_run - INFO - Saving models to work_dirs/my_experiment/IMPowf50_IQL_RNN_43/my_run/20260429_012451/models/1500020
2026-04-29 08:00:27,522 - my_experiment - IMPowf50_IQL_RNN_43 - my_run - INFO - Recent Stats | t_env:    1525000 | Episode:    76250
action_0_mean:             0.2322	action_1_mean:             0.7197	action_2_mean:             0.0481	ep_length_mean:           20.0000
epsilon:                   0.0500	grad_norm:                 0.2370	loss:                      0.2136	q_taken_mean:              0.0226
return_mean:             -2456.2741	return_std:              309.9723	target_mean:               0.0225	td_error_abs:              0.2816
test_action_0_mean:        0.1861	test_action_1_mean:        0.7721	test_action_2_mean:        0.0418	test_ep_length_mean:      20.0000
test_return_mean:        -2079.9315	test_return_std:         164.2911	
2026-04-29 08:00:27,901 - my_experiment - IMPowf50_IQL_RNN_43 - my_run - INFO - t_env: 1525020 / 2050000
2026-04-29 08:00:27,901 - my_experiment - IMPowf50_IQL_RNN_43 - my_run - INFO - Estimated time left: 2 hours, 17 minutes, 36 seconds. Time passed: 6 hours, 33 minutes, 51 seconds
2026-04-29 08:06:59,517 - my_experiment - IMPowf50_IQL_RNN_43 - my_run - INFO - Recent Stats | t_env:    1550000 | Episode:    77500
action_0_mean:             0.2373	action_1_mean:             0.7151	action_2_mean:             0.0476	ep_length_mean:           20.0000
epsilon:                   0.0500	grad_norm:                 0.1854	loss:                      0.2117	q_taken_mean:              0.0221
return_mean:             -2455.1926	return_std:              305.5516	target_mean:               0.0221	td_error_abs:              0.2851
test_action_0_mean:        0.1912	test_action_1_mean:        0.7707	test_action_2_mean:        0.0382	test_ep_length_mean:      20.0000
test_return_mean:        -2002.3596	test_return_std:         166.2569	
2026-04-29 08:06:59,825 - my_experiment - IMPowf50_IQL_RNN_43 - my_run - INFO - t_env: 1550020 / 2050000
2026-04-29 08:06:59,826 - my_experiment - IMPowf50_IQL_RNN_43 - my_run - INFO - Estimated time left: 2 hours, 10 minutes, 38 seconds. Time passed: 6 hours, 40 minutes, 23 seconds
2026-04-29 08:07:11,018 - my_experiment - IMPowf50_IQL_RNN_43 - my_run - INFO - Saving models to work_dirs/my_experiment/IMPowf50_IQL_RNN_43/my_run/20260429_012451/models/1550020
2026-04-29 08:13:30,278 - my_experiment - IMPowf50_IQL_RNN_43 - my_run - INFO - Recent Stats | t_env:    1575000 | Episode:    78750
action_0_mean:             0.2460	action_1_mean:             0.7057	action_2_mean:             0.0483	ep_length_mean:           20.0000
epsilon:                   0.0500	grad_norm:                 0.2158	loss:                      0.2104	q_taken_mean:              0.0217
return_mean:             -2468.9105	return_std:              294.7438	target_mean:               0.0217	td_error_abs:              0.2885
test_action_0_mean:        0.2007	test_action_1_mean:        0.7568	test_action_2_mean:        0.0424	test_ep_length_mean:      20.0000
test_return_mean:        -2103.3686	test_return_std:         177.4525	
2026-04-29 08:13:30,583 - my_experiment - IMPowf50_IQL_RNN_43 - my_run - INFO - t_env: 1575020 / 2050000
2026-04-29 08:13:30,584 - my_experiment - IMPowf50_IQL_RNN_43 - my_run - INFO - Estimated time left: 2 hours, 3 minutes, 44 seconds. Time passed: 6 hours, 46 minutes, 54 seconds
2026-04-29 08:20:00,726 - my_experiment - IMPowf50_IQL_RNN_43 - my_run - INFO - Recent Stats | t_env:    1600000 | Episode:    80000
action_0_mean:             0.2508	action_1_mean:             0.7030	action_2_mean:             0.0462	ep_length_mean:           20.0000
epsilon:                   0.0500	grad_norm:                 0.2399	loss:                      0.2026	q_taken_mean:              0.0209
return_mean:             -2480.1923	return_std:              293.8854	target_mean:               0.0210	td_error_abs:              0.2910
test_action_0_mean:        0.2249	test_action_1_mean:        0.7392	test_action_2_mean:        0.0359	test_ep_length_mean:      20.0000
test_return_mean:        -2003.3915	test_return_std:         174.5418	
2026-04-29 08:20:01,041 - my_experiment - IMPowf50_IQL_RNN_43 - my_run - INFO - t_env: 1600020 / 2050000
2026-04-29 08:20:01,041 - my_experiment - IMPowf50_IQL_RNN_43 - my_run - INFO - Estimated time left: 1 hours, 57 minutes, 7 seconds. Time passed: 6 hours, 53 minutes, 24 seconds
2026-04-29 08:20:11,861 - my_experiment - IMPowf50_IQL_RNN_43 - my_run - INFO - Saving models to work_dirs/my_experiment/IMPowf50_IQL_RNN_43/my_run/20260429_012451/models/1600020
2026-04-29 08:26:30,871 - my_experiment - IMPowf50_IQL_RNN_43 - my_run - INFO - Recent Stats | t_env:    1625000 | Episode:    81250
action_0_mean:             0.2614	action_1_mean:             0.6940	action_2_mean:             0.0447	ep_length_mean:           20.0000
epsilon:                   0.0500	grad_norm:                 0.2595	loss:                      0.1865	q_taken_mean:              0.0205
return_mean:             -2477.1342	return_std:              296.8524	target_mean:               0.0205	td_error_abs:              0.2931
test_action_0_mean:        0.2483	test_action_1_mean:        0.7176	test_action_2_mean:        0.0341	test_ep_length_mean:      20.0000
test_return_mean:        -2005.2579	test_return_std:         176.3742	
2026-04-29 08:26:31,183 - my_experiment - IMPowf50_IQL_RNN_43 - my_run - INFO - t_env: 1625020 / 2050000
2026-04-29 08:26:31,183 - my_experiment - IMPowf50_IQL_RNN_43 - my_run - INFO - Estimated time left: 1 hours, 50 minutes, 32 seconds. Time passed: 6 hours, 59 minutes, 55 seconds
2026-04-29 08:32:55,086 - my_experiment - IMPowf50_IQL_RNN_43 - my_run - INFO - Recent Stats | t_env:    1650000 | Episode:    82500
action_0_mean:             0.2637	action_1_mean:             0.6915	action_2_mean:             0.0447	ep_length_mean:           20.0000
epsilon:                   0.0500	grad_norm:                 0.2583	loss:                      0.1720	q_taken_mean:              0.0203
return_mean:             -2445.3003	return_std:              276.5349	target_mean:               0.0204	td_error_abs:              0.2804
test_action_0_mean:        0.2716	test_action_1_mean:        0.6943	test_action_2_mean:        0.0341	test_ep_length_mean:      20.0000
test_return_mean:        -2018.1253	test_return_std:         174.1246	
2026-04-29 08:32:55,401 - my_experiment - IMPowf50_IQL_RNN_43 - my_run - INFO - t_env: 1650020 / 2050000
2026-04-29 08:32:55,402 - my_experiment - IMPowf50_IQL_RNN_43 - my_run - INFO - Estimated time left: 1 hours, 42 minutes, 27 seconds. Time passed: 7 hours, 6 minutes, 19 seconds
2026-04-29 08:33:06,788 - my_experiment - IMPowf50_IQL_RNN_43 - my_run - INFO - Saving models to work_dirs/my_experiment/IMPowf50_IQL_RNN_43/my_run/20260429_012451/models/1650020
2026-04-29 08:39:29,891 - my_experiment - IMPowf50_IQL_RNN_43 - my_run - INFO - Recent Stats | t_env:    1675000 | Episode:    83750
action_0_mean:             0.2799	action_1_mean:             0.6757	action_2_mean:             0.0444	ep_length_mean:           20.0000
epsilon:                   0.0500	grad_norm:                 0.2708	loss:                      0.1669	q_taken_mean:              0.0197
return_mean:             -2467.8325	return_std:              289.5865	target_mean:               0.0198	td_error_abs:              0.2772
test_action_0_mean:        0.2802	test_action_1_mean:        0.6885	test_action_2_mean:        0.0314	test_ep_length_mean:      20.0000
test_return_mean:        -1960.1523	test_return_std:         167.1942	
2026-04-29 08:39:30,207 - my_experiment - IMPowf50_IQL_RNN_43 - my_run - INFO - t_env: 1675020 / 2050000
2026-04-29 08:39:30,207 - my_experiment - IMPowf50_IQL_RNN_43 - my_run - INFO - Estimated time left: 1 hours, 38 minutes, 41 seconds. Time passed: 7 hours, 12 minutes, 54 seconds
2026-04-29 08:46:08,336 - my_experiment - IMPowf50_IQL_RNN_43 - my_run - INFO - Recent Stats | t_env:    1700000 | Episode:    85000
action_0_mean:             0.2726	action_1_mean:             0.6824	action_2_mean:             0.0451	ep_length_mean:           20.0000
epsilon:                   0.0500	grad_norm:                 0.2457	loss:                      0.1670	q_taken_mean:              0.0195
return_mean:             -2472.0758	return_std:              302.8666	target_mean:               0.0195	td_error_abs:              0.2709
test_action_0_mean:        0.2745	test_action_1_mean:        0.6967	test_action_2_mean:        0.0287	test_ep_length_mean:      20.0000
test_return_mean:        -1878.6698	test_return_std:         158.6185	
2026-04-29 08:46:08,666 - my_experiment - IMPowf50_IQL_RNN_43 - my_run - INFO - t_env: 1700020 / 2050000
2026-04-29 08:46:08,667 - my_experiment - IMPowf50_IQL_RNN_43 - my_run - INFO - Estimated time left: 1 hours, 32 minutes, 58 seconds. Time passed: 7 hours, 19 minutes, 32 seconds
2026-04-29 08:46:20,236 - my_experiment - IMPowf50_IQL_RNN_43 - my_run - INFO - Saving models to work_dirs/my_experiment/IMPowf50_IQL_RNN_43/my_run/20260429_012451/models/1700020
2026-04-29 08:52:50,349 - my_experiment - IMPowf50_IQL_RNN_43 - my_run - INFO - Recent Stats | t_env:    1725000 | Episode:    86250
action_0_mean:             0.2601	action_1_mean:             0.6949	action_2_mean:             0.0450	ep_length_mean:           20.0000
epsilon:                   0.0500	grad_norm:                 0.3088	loss:                      0.1677	q_taken_mean:              0.0199
return_mean:             -2454.2939	return_std:              294.8565	target_mean:               0.0199	td_error_abs:              0.2714
test_action_0_mean:        0.2602	test_action_1_mean:        0.7132	test_action_2_mean:        0.0266	test_ep_length_mean:      20.0000
test_return_mean:        -1854.9810	test_return_std:         166.6898	
2026-04-29 08:52:50,669 - my_experiment - IMPowf50_IQL_RNN_43 - my_run - INFO - t_env: 1725020 / 2050000
2026-04-29 08:52:50,669 - my_experiment - IMPowf50_IQL_RNN_43 - my_run - INFO - Estimated time left: 1 hours, 27 minutes, 5 seconds. Time passed: 7 hours, 26 minutes, 14 seconds
2026-04-29 08:59:21,189 - my_experiment - IMPowf50_IQL_RNN_43 - my_run - INFO - Recent Stats | t_env:    1750000 | Episode:    87500
action_0_mean:             0.2422	action_1_mean:             0.7127	action_2_mean:             0.0452	ep_length_mean:           20.0000
epsilon:                   0.0500	grad_norm:                 0.2852	loss:                      0.1681	q_taken_mean:              0.0205
return_mean:             -2449.2792	return_std:              296.2905	target_mean:               0.0205	td_error_abs:              0.2650
test_action_0_mean:        0.2265	test_action_1_mean:        0.7454	test_action_2_mean:        0.0280	test_ep_length_mean:      20.0000
test_return_mean:        -1831.4487	test_return_std:         159.7044	
2026-04-29 08:59:21,508 - my_experiment - IMPowf50_IQL_RNN_43 - my_run - INFO - t_env: 1750020 / 2050000
2026-04-29 08:59:21,508 - my_experiment - IMPowf50_IQL_RNN_43 - my_run - INFO - Estimated time left: 1 hours, 18 minutes, 9 seconds. Time passed: 7 hours, 32 minutes, 45 seconds
2026-04-29 08:59:32,943 - my_experiment - IMPowf50_IQL_RNN_43 - my_run - INFO - Saving models to work_dirs/my_experiment/IMPowf50_IQL_RNN_43/my_run/20260429_012451/models/1750020
2026-04-29 09:05:51,652 - my_experiment - IMPowf50_IQL_RNN_43 - my_run - INFO - Recent Stats | t_env:    1775000 | Episode:    88750
action_0_mean:             0.2336	action_1_mean:             0.7211	action_2_mean:             0.0452	ep_length_mean:           20.0000
epsilon:                   0.0500	grad_norm:                 0.2915	loss:                      0.1631	q_taken_mean:              0.0208
return_mean:             -2452.0420	return_std:              288.3783	target_mean:               0.0208	td_error_abs:              0.2635
test_action_0_mean:        0.2079	test_action_1_mean:        0.7648	test_action_2_mean:        0.0273	test_ep_length_mean:      20.0000
test_return_mean:        -1792.2716	test_return_std:         153.5369	
2026-04-29 09:05:51,975 - my_experiment - IMPowf50_IQL_RNN_43 - my_run - INFO - t_env: 1775020 / 2050000
2026-04-29 09:05:51,975 - my_experiment - IMPowf50_IQL_RNN_43 - my_run - INFO - Estimated time left: 1 hours, 11 minutes, 34 seconds. Time passed: 7 hours, 39 minutes, 15 seconds
2026-04-29 09:12:26,815 - my_experiment - IMPowf50_IQL_RNN_43 - my_run - INFO - Recent Stats | t_env:    1800000 | Episode:    90000
action_0_mean:             0.2243	action_1_mean:             0.7310	action_2_mean:             0.0447	ep_length_mean:           20.0000
epsilon:                   0.0500	grad_norm:                 0.2764	loss:                      0.1446	q_taken_mean:              0.0215
return_mean:             -2409.5157	return_std:              266.9327	target_mean:               0.0215	td_error_abs:              0.2527
test_action_0_mean:        0.2121	test_action_1_mean:        0.7612	test_action_2_mean:        0.0267	test_ep_length_mean:      20.0000
test_return_mean:        -1756.8712	test_return_std:         151.4805	
2026-04-29 09:12:27,141 - my_experiment - IMPowf50_IQL_RNN_43 - my_run - INFO - t_env: 1800020 / 2050000
2026-04-29 09:12:27,141 - my_experiment - IMPowf50_IQL_RNN_43 - my_run - INFO - Estimated time left: 1 hours, 5 minutes, 51 seconds. Time passed: 7 hours, 45 minutes, 50 seconds
2026-04-29 09:12:38,296 - my_experiment - IMPowf50_IQL_RNN_43 - my_run - INFO - Saving models to work_dirs/my_experiment/IMPowf50_IQL_RNN_43/my_run/20260429_012451/models/1800020
2026-04-29 09:19:07,716 - my_experiment - IMPowf50_IQL_RNN_43 - my_run - INFO - Recent Stats | t_env:    1825000 | Episode:    91250
action_0_mean:             0.2240	action_1_mean:             0.7322	action_2_mean:             0.0438	ep_length_mean:           20.0000
epsilon:                   0.0500	grad_norm:                 0.3390	loss:                      0.1301	q_taken_mean:              0.0219
return_mean:             -2364.2811	return_std:              243.5828	target_mean:               0.0219	td_error_abs:              0.2487
test_action_0_mean:        0.2207	test_action_1_mean:        0.7517	test_action_2_mean:        0.0276	test_ep_length_mean:      20.0000
test_return_mean:        -1761.8278	test_return_std:         150.1743	
2026-04-29 09:19:08,030 - my_experiment - IMPowf50_IQL_RNN_43 - my_run - INFO - t_env: 1825020 / 2050000
2026-04-29 09:19:08,030 - my_experiment - IMPowf50_IQL_RNN_43 - my_run - INFO - Estimated time left: 1 hours, 7 seconds. Time passed: 7 hours, 52 minutes, 31 seconds
2026-04-29 09:25:32,707 - my_experiment - IMPowf50_IQL_RNN_43 - my_run - INFO - Recent Stats | t_env:    1850000 | Episode:    92500
action_0_mean:             0.2177	action_1_mean:             0.7375	action_2_mean:             0.0448	ep_length_mean:           20.0000
epsilon:                   0.0500	grad_norm:                 0.2459	loss:                      0.1067	q_taken_mean:              0.0225
return_mean:             -2316.6506	return_std:              219.1938	target_mean:               0.0225	td_error_abs:              0.2336
test_action_0_mean:        0.2193	test_action_1_mean:        0.7509	test_action_2_mean:        0.0298	test_ep_length_mean:      20.0000
test_return_mean:        -1737.6194	test_return_std:         138.3186	
2026-04-29 09:25:33,067 - my_experiment - IMPowf50_IQL_RNN_43 - my_run - INFO - t_env: 1850020 / 2050000
2026-04-29 09:25:33,067 - my_experiment - IMPowf50_IQL_RNN_43 - my_run - INFO - Estimated time left: 51 minutes, 19 seconds. Time passed: 7 hours, 58 minutes, 56 seconds
2026-04-29 09:25:44,560 - my_experiment - IMPowf50_IQL_RNN_43 - my_run - INFO - Saving models to work_dirs/my_experiment/IMPowf50_IQL_RNN_43/my_run/20260429_012451/models/1850020
2026-04-29 09:32:08,264 - my_experiment - IMPowf50_IQL_RNN_43 - my_run - INFO - Recent Stats | t_env:    1875000 | Episode:    93750
action_0_mean:             0.2369	action_1_mean:             0.7170	action_2_mean:             0.0460	ep_length_mean:           20.0000
epsilon:                   0.0500	grad_norm:                 0.2375	loss:                      0.1006	q_taken_mean:              0.0227
return_mean:             -2312.5136	return_std:              213.3183	target_mean:               0.0228	td_error_abs:              0.2306
test_action_0_mean:        0.2318	test_action_1_mean:        0.7382	test_action_2_mean:        0.0300	test_ep_length_mean:      20.0000
test_return_mean:        -1716.2212	test_return_std:         136.1044	
2026-04-29 09:32:08,612 - my_experiment - IMPowf50_IQL_RNN_43 - my_run - INFO - t_env: 1875020 / 2050000
2026-04-29 09:32:08,613 - my_experiment - IMPowf50_IQL_RNN_43 - my_run - INFO - Estimated time left: 46 minutes, 8 seconds. Time passed: 8 hours, 5 minutes, 32 seconds
2026-04-29 09:38:43,204 - my_experiment - IMPowf50_IQL_RNN_43 - my_run - INFO - Recent Stats | t_env:    1900000 | Episode:    95000
action_0_mean:             0.2326	action_1_mean:             0.7218	action_2_mean:             0.0456	ep_length_mean:           20.0000
epsilon:                   0.0500	grad_norm:                 0.2161	loss:                      0.1011	q_taken_mean:              0.0231
return_mean:             -2277.9845	return_std:              209.3218	target_mean:               0.0232	td_error_abs:              0.2314
test_action_0_mean:        0.2282	test_action_1_mean:        0.7421	test_action_2_mean:        0.0297	test_ep_length_mean:      20.0000
test_return_mean:        -1687.3675	test_return_std:         136.1207	
2026-04-29 09:38:43,570 - my_experiment - IMPowf50_IQL_RNN_43 - my_run - INFO - t_env: 1900020 / 2050000
2026-04-29 09:38:43,571 - my_experiment - IMPowf50_IQL_RNN_43 - my_run - INFO - Estimated time left: 39 minutes, 29 seconds. Time passed: 8 hours, 12 minutes, 7 seconds
2026-04-29 09:38:55,206 - my_experiment - IMPowf50_IQL_RNN_43 - my_run - INFO - Saving models to work_dirs/my_experiment/IMPowf50_IQL_RNN_43/my_run/20260429_012451/models/1900020
2026-04-29 09:45:19,311 - my_experiment - IMPowf50_IQL_RNN_43 - my_run - INFO - Recent Stats | t_env:    1925000 | Episode:    96250
action_0_mean:             0.2236	action_1_mean:             0.7307	action_2_mean:             0.0457	ep_length_mean:           20.0000
epsilon:                   0.0500	grad_norm:                 0.2062	loss:                      0.1198	q_taken_mean:              0.0235
return_mean:             -2265.1052	return_std:              216.1265	target_mean:               0.0236	td_error_abs:              0.2396
test_action_0_mean:        0.2185	test_action_1_mean:        0.7517	test_action_2_mean:        0.0299	test_ep_length_mean:      20.0000
test_return_mean:        -1691.0392	test_return_std:         137.1066	
2026-04-29 09:45:19,624 - my_experiment - IMPowf50_IQL_RNN_43 - my_run - INFO - t_env: 1925020 / 2050000
2026-04-29 09:45:19,625 - my_experiment - IMPowf50_IQL_RNN_43 - my_run - INFO - Estimated time left: 32 minutes, 59 seconds. Time passed: 8 hours, 18 minutes, 43 seconds
2026-04-29 09:51:52,727 - my_experiment - IMPowf50_IQL_RNN_43 - my_run - INFO - Recent Stats | t_env:    1950000 | Episode:    97500
action_0_mean:             0.2208	action_1_mean:             0.7338	action_2_mean:             0.0453	ep_length_mean:           20.0000
epsilon:                   0.0500	grad_norm:                 0.1478	loss:                      0.1356	q_taken_mean:              0.0242
return_mean:             -2250.8243	return_std:              227.4945	target_mean:               0.0242	td_error_abs:              0.2422
test_action_0_mean:        0.2127	test_action_1_mean:        0.7617	test_action_2_mean:        0.0256	test_ep_length_mean:      20.0000
test_return_mean:        -1615.0553	test_return_std:         135.4556	
2026-04-29 09:51:53,034 - my_experiment - IMPowf50_IQL_RNN_43 - my_run - INFO - t_env: 1950020 / 2050000
2026-04-29 09:51:53,035 - my_experiment - IMPowf50_IQL_RNN_43 - my_run - INFO - Estimated time left: 26 minutes, 13 seconds. Time passed: 8 hours, 25 minutes, 16 seconds
2026-04-29 09:52:04,315 - my_experiment - IMPowf50_IQL_RNN_43 - my_run - INFO - Saving models to work_dirs/my_experiment/IMPowf50_IQL_RNN_43/my_run/20260429_012451/models/1950020
2026-04-29 09:58:29,745 - my_experiment - IMPowf50_IQL_RNN_43 - my_run - INFO - Recent Stats | t_env:    1975000 | Episode:    98750
action_0_mean:             0.2304	action_1_mean:             0.7240	action_2_mean:             0.0456	ep_length_mean:           20.0000
epsilon:                   0.0500	grad_norm:                 0.1581	loss:                      0.1375	q_taken_mean:              0.0245
return_mean:             -2249.7764	return_std:              236.4540	target_mean:               0.0246	td_error_abs:              0.2441
test_action_0_mean:        0.2201	test_action_1_mean:        0.7549	test_action_2_mean:        0.0250	test_ep_length_mean:      20.0000
test_return_mean:        -1616.2300	test_return_std:         133.1273	
2026-04-29 09:58:30,088 - my_experiment - IMPowf50_IQL_RNN_43 - my_run - INFO - t_env: 1975020 / 2050000
2026-04-29 09:58:30,088 - my_experiment - IMPowf50_IQL_RNN_43 - my_run - INFO - Estimated time left: 19 minutes, 50 seconds. Time passed: 8 hours, 31 minutes, 53 seconds
2026-04-29 10:05:05,379 - my_experiment - IMPowf50_IQL_RNN_43 - my_run - INFO - Recent Stats | t_env:    2000000 | Episode:   100000
action_0_mean:             0.2201	action_1_mean:             0.7343	action_2_mean:             0.0456	ep_length_mean:           20.0000
epsilon:                   0.0500	grad_norm:                 0.1602	loss:                      0.1466	q_taken_mean:              0.0250
return_mean:             -2237.1689	return_std:              258.5965	target_mean:               0.0250	td_error_abs:              0.2475
test_action_0_mean:        0.2299	test_action_1_mean:        0.7465	test_action_2_mean:        0.0236	test_ep_length_mean:      20.0000
test_return_mean:        -1609.1177	test_return_std:         135.1875	
2026-04-29 10:05:05,707 - my_experiment - IMPowf50_IQL_RNN_43 - my_run - INFO - t_env: 2000020 / 2050000
2026-04-29 10:05:05,708 - my_experiment - IMPowf50_IQL_RNN_43 - my_run - INFO - Estimated time left: 13 minutes, 10 seconds. Time passed: 8 hours, 38 minutes, 29 seconds
2026-04-29 10:05:17,119 - my_experiment - IMPowf50_IQL_RNN_43 - my_run - INFO - Saving models to work_dirs/my_experiment/IMPowf50_IQL_RNN_43/my_run/20260429_012451/models/2000020
2026-04-29 10:11:38,887 - my_experiment - IMPowf50_IQL_RNN_43 - my_run - INFO - Recent Stats | t_env:    2025000 | Episode:   101250
action_0_mean:             0.2278	action_1_mean:             0.7275	action_2_mean:             0.0447	ep_length_mean:           20.0000
epsilon:                   0.0500	grad_norm:                 0.1688	loss:                      0.1605	q_taken_mean:              0.0252
return_mean:             -2249.6645	return_std:              267.9740	target_mean:               0.0252	td_error_abs:              0.2544
test_action_0_mean:        0.2272	test_action_1_mean:        0.7446	test_action_2_mean:        0.0283	test_ep_length_mean:      20.0000
test_return_mean:        -1679.1261	test_return_std:         131.2570	
2026-04-29 10:11:39,234 - my_experiment - IMPowf50_IQL_RNN_43 - my_run - INFO - t_env: 2025020 / 2050000
2026-04-29 10:11:39,234 - my_experiment - IMPowf50_IQL_RNN_43 - my_run - INFO - Estimated time left: 6 minutes, 33 seconds. Time passed: 8 hours, 45 minutes, 3 seconds
2026-04-29 10:18:08,733 - my_experiment - IMPowf50_IQL_RNN_43 - my_run - INFO - Recent Stats | t_env:    2050000 | Episode:   102500
action_0_mean:             0.2310	action_1_mean:             0.7236	action_2_mean:             0.0454	ep_length_mean:           20.0000
epsilon:                   0.0500	grad_norm:                 0.2163	loss:                      0.1629	q_taken_mean:              0.0250
return_mean:             -2267.3122	return_std:              272.7509	target_mean:               0.0249	td_error_abs:              0.2592
test_action_0_mean:        0.2371	test_action_1_mean:        0.7336	test_action_2_mean:        0.0293	test_ep_length_mean:      20.0000
test_return_mean:        -1669.4491	test_return_std:         126.5591	
2026-04-29 10:18:09,067 - my_experiment - IMPowf50_IQL_RNN_43 - my_run - INFO - t_env: 2050020 / 2050000
2026-04-29 10:18:09,068 - my_experiment - IMPowf50_IQL_RNN_43 - my_run - INFO - Estimated time left: -. Time passed: 8 hours, 51 minutes, 32 seconds
2026-04-29 10:18:20,290 - my_experiment - IMPowf50_IQL_RNN_43 - my_run - INFO - Saving models to work_dirs/my_experiment/IMPowf50_IQL_RNN_43/my_run/20260429_012451/models/2050020
2026-04-29 10:18:20,301 - my_experiment - IMPowf50_IQL_RNN_43 - my_run - INFO - Finished Training
