JOB ID: 1921598
Running on node: artongpu01
Project Directory: /usr/itetnas04/data-scratch-01/pparsons/data/MyExpoComm
--------------------------------
Algorithm:   iql
Environment: IMP_owf_50_cc
Profile:     IMPowf50_IQL_RNN_43
--------------------------------
Conda activated: /usr/itetnas04/data-scratch-01/pparsons/data/conda_envs/ExpoComm
Starting Run...
Exiting Main
Stopping all threads
Thread wandb-AsyncioManager-main is alive! Is daemon: True
Thread joined
Thread ChkStopThr is alive! Is daemon: True
Thread joined
Thread IntMsgThr is alive! Is daemon: True
Thread joined
Exiting script
[1;34mwandb[0m: 
[1;34mwandb[0m: 🚀 View run [33mmy_run-IMPowf50_IQL_RNN_43-20260429_012451[0m at: [34mhttps://wandb.ai/peterparsons02-eth-z-rich/my_experiment/runs/mjpol95l[0m
[1;34mwandb[0m: Find logs at: [1;35mwandb/run-20260429_012455-mjpol95l/logs[0m
Finished at: Wed Apr 29 10:18:33 CEST 2026
