JOB ID: 1932482
Running on node: tikgpu06
Project Directory: /usr/itetnas04/data-scratch-01/pparsons/data/MyExpoComm
--------------------------------
Algorithm:   HybridComm
Environment: IMP_owf_50_cc
Profile:     IMPowf50_HybridComm_44
--------------------------------
Conda activated: /usr/itetnas04/data-scratch-01/pparsons/data/conda_envs/ExpoComm
Starting Run...
Exiting Main
Stopping all threads
Thread wandb-AsyncioManager-main is alive! Is daemon: True
Thread joined
Thread ChkStopThr is alive! Is daemon: True
Thread joined
Thread IntMsgThr is alive! Is daemon: True
Thread joined
Exiting script
[1;34mwandb[0m: 
[1;34mwandb[0m: 🚀 View run [33mmy_run-IMPowf50_HybridComm_44-20260430_111217[0m at: [34mhttps://wandb.ai/peterparsons02-eth-z-rich/my_experiment/runs/he43odlu[0m
[1;34mwandb[0m: Find logs at: [1;35mwandb/run-20260430_111229-he43odlu/logs[0m
Finished at: Thu Apr 30 19:19:20 CEST 2026
