JOB ID: 1931052
Running on node: tikgpu06
Project Directory: /usr/itetnas04/data-scratch-01/pparsons/data/MyExpoComm
--------------------------------
Algorithm:   qmix_ExpoComm_one_peer_n7_cont
Environment: IMP_owf_100_cc
Profile:     IMPowf100_ExpoComm_43
--------------------------------
Conda activated: /usr/itetnas04/data-scratch-01/pparsons/data/conda_envs/ExpoComm
Starting Run...
Exiting Main
Stopping all threads
Thread wandb-AsyncioManager-main is alive! Is daemon: True
Thread joined
Thread ChkStopThr is alive! Is daemon: True
Thread joined
Thread IntMsgThr is alive! Is daemon: True
Thread joined
Exiting script
[1;34mwandb[0m: 
[1;34mwandb[0m: 🚀 View run [33mmy_run-IMPowf100_ExpoComm_43-20260429_223424[0m at: [34mhttps://wandb.ai/peterparsons02-eth-z-rich/my_experiment/runs/j4pifh7e[0m
[1;34mwandb[0m: Find logs at: [1;35mwandb/run-20260429_223426-j4pifh7e/logs[0m
Finished at: Thu Apr 30 11:09:00 CEST 2026
