Gym has been unmaintained since 2022 and does not support NumPy 2.0 amongst other critical functionality.
Please upgrade to Gymnasium, the maintained drop-in replacement of Gym, or contact the authors of your software and request that they upgrade.
Users of this version of Gym should be able to simply replace 'import gym' with 'import gymnasium as gym' in the vast majority of cases.
See the migration guide at https://gymnasium.farama.org/introduction/migration_guide/ for additional information.
src/main.py:81: DeprecationWarning: Using or importing the ABCs from 'collections' instead of from 'collections.abc' is deprecated since Python 3.3, and in 3.10 it will stop working
  if isinstance(v, collections.Mapping):
wandb: [wandb.login()] Loaded credentials for https://api.wandb.ai from /home/pparsons/.netrc.
wandb: Currently logged in as: peterparsons02 (peterparsons02-eth-z-rich) to https://api.wandb.ai. Use `wandb login --relogin` to force relogin
wandb: setting up run t7bnqvnq
wandb: Tracking run with wandb version 0.24.1
wandb: Run data is saved locally in /usr/itetnas04/data-scratch-01/pparsons/data/MyExpoComm/wandb/run-20260429_184730-t7bnqvnq
wandb: Run `wandb offline` to turn off syncing.
wandb: Syncing run my_run-IMPuc50_IQL_RNN_44-20260429_184729
wandb: ⭐️ View project at https://wandb.ai/peterparsons02-eth-z-rich/my_experiment
wandb: 🚀 View run at https://wandb.ai/peterparsons02-eth-z-rich/my_experiment/runs/t7bnqvnq
2026-04-29 18:47:32,061 - my_experiment - IMPuc50_IQL_RNN_44 - my_run - INFO - Current directory: /usr/itetnas04/data-scratch-01/pparsons/data/MyExpoComm.
2026-04-29 18:47:32,062 - my_experiment - IMPuc50_IQL_RNN_44 - my_run - INFO - Experiment Parameters:
2026-04-29 18:47:32,063 - my_experiment - IMPuc50_IQL_RNN_44 - my_run - INFO - 

{   'action_selector': 'epsilon_greedy',
    'add_value_last_step': True,
    'agent': 'rnn',
    'agent_output_type': 'q',
    'batch_size': 64,
    'batch_size_run': 1,
    'buffer_cpu_only': True,
    'buffer_size': 2000,
    'checkpoint_path': '',
    'common_reward': True,
    'double_q': True,
    'env': 'struct_marl',
    'env_args': {   'campaign_cost': True,
                    'custom_param': {   'k_comp': 48},
                    'discount_reward': 0.95,
                    'env_correlation': False,
                    'map_name': 'struct_uc_100',
                    'n_comp': 50,
                    'obs_all_d_rate': False,
                    'obs_alphas': False,
                    'obs_d_rate': False,
                    'obs_multiple': False,
                    'seed': 44,
                    'state_alphas': False,
                    'state_d_rate': True,
                    'state_obs': True,
                    'struct_type': 'struct'},
    'epsilon_anneal_time': 5000,
    'epsilon_finish': 0.05,
    'epsilon_start': 1.0,
    'evaluate': False,
    'evaluation_epsilon': 0.0,
    'exp_name': 'my_experiment',
    'gamma': 0.95,
    'global_reward': False,
    'grad_norm_clip': 10,
    'hidden_dim': 64,
    'hypergroup': None,
    'label': 'default_label',
    'learner': 'q_learner',
    'learner_log_interval': 25000,
    'load_step': 0,
    'local_results_path': 'results',
    'log_interval': 25000,
    'lr': 0.0005,
    'mac': 'basic_mac',
    'mixer': None,
    'name': 'IMPuc50_IQL_RNN_44',
    'obs_agent_id': True,
    'obs_individual_obs': False,
    'obs_last_action': True,
    'optim_alpha': 0.99,
    'optim_eps': 1e-05,
    'render': False,
    'repeat_id': 1,
    'run_name': 'my_run',
    'runner': 'episode',
    'runner_log_interval': 25000,
    'save_model': True,
    'save_model_interval': 200000,
    'save_replay': False,
    'seed': 44,
    'standardise_returns': False,
    'standardise_rewards': True,
    't_max': 2050000,
    'target_update_interval_or_tau': 200,
    'test_greedy': True,
    'test_interval': 25000,
    'test_nepisode': 50,
    'use_cuda': True,
    'use_rnn': True,
    'use_tensorboard': True,
    'work_dir': 'work_dirs/my_experiment/IMPuc50_IQL_RNN_44/my_run/20260429_184729'}

2026-04-29 18:47:35,951 - my_experiment - IMPuc50_IQL_RNN_44 - my_run - INFO - Beginning training for 2050000 timesteps
2026-04-29 18:47:36,561 - my_experiment - IMPuc50_IQL_RNN_44 - my_run - INFO - t_env: 30 / 2050000
2026-04-29 18:47:36,561 - my_experiment - IMPuc50_IQL_RNN_44 - my_run - INFO - Estimated time left: 49 seconds. Time passed: 0 seconds
2026-04-29 18:47:48,682 - my_experiment - IMPuc50_IQL_RNN_44 - my_run - INFO - Saving models to work_dirs/my_experiment/IMPuc50_IQL_RNN_44/my_run/20260429_184729/models/30
2026-04-29 18:51:00,957 - my_experiment - IMPuc50_IQL_RNN_44 - my_run - INFO - Recent Stats | t_env:      25020 | Episode:      834
action_0_mean:             0.3307	action_1_mean:             0.3413	action_2_mean:             0.3280	ep_length_mean:           30.0000
epsilon:                   1.0000	grad_norm:                 0.2298	loss:                      0.9927	q_taken_mean:              0.0003
return_mean:             -5139.6107	return_std:                0.0000	target_mean:               0.0017	td_error_abs:              0.8158
test_action_0_mean:        0.0000	test_action_1_mean:        1.0000	test_action_2_mean:        0.0000	test_ep_length_mean:      30.0000
test_return_mean:        -2074.9763	test_return_std:         1080.6468	
2026-04-29 18:51:01,247 - my_experiment - IMPuc50_IQL_RNN_44 - my_run - INFO - t_env: 25050 / 2050000
2026-04-29 18:51:01,247 - my_experiment - IMPuc50_IQL_RNN_44 - my_run - INFO - Estimated time left: 4 hours, 36 minutes, 5 seconds. Time passed: 3 minutes, 25 seconds
2026-04-29 18:54:19,091 - my_experiment - IMPuc50_IQL_RNN_44 - my_run - INFO - Recent Stats | t_env:      50040 | Episode:     1668
action_0_mean:             0.5297	action_1_mean:             0.2790	action_2_mean:             0.1913	ep_length_mean:           30.0000
epsilon:                   0.0500	grad_norm:                 0.4170	loss:                      1.1312	q_taken_mean:              0.0126
return_mean:             -3641.2691	return_std:              494.7329	target_mean:               0.0130	td_error_abs:              0.6068
test_action_0_mean:        0.3614	test_action_1_mean:        0.6386	test_action_2_mean:        0.0000	test_ep_length_mean:      30.0000
test_return_mean:        -2112.4879	test_return_std:         744.4796	
2026-04-29 18:54:19,316 - my_experiment - IMPuc50_IQL_RNN_44 - my_run - INFO - t_env: 50070 / 2050000
2026-04-29 18:54:19,316 - my_experiment - IMPuc50_IQL_RNN_44 - my_run - INFO - Estimated time left: 4 hours, 23 minutes, 52 seconds. Time passed: 6 minutes, 43 seconds
2026-04-29 18:57:32,547 - my_experiment - IMPuc50_IQL_RNN_44 - my_run - INFO - Recent Stats | t_env:      75060 | Episode:     2502
action_0_mean:             0.6385	action_1_mean:             0.2271	action_2_mean:             0.1344	ep_length_mean:           30.0000
epsilon:                   0.0500	grad_norm:                 1.0630	loss:                      0.9752	q_taken_mean:              0.0155
return_mean:             -3066.2037	return_std:              609.5709	target_mean:               0.0158	td_error_abs:              0.5226
test_action_0_mean:        0.5743	test_action_1_mean:        0.4257	test_action_2_mean:        0.0000	test_ep_length_mean:      30.0000
test_return_mean:        -2072.0330	test_return_std:         496.3197	
2026-04-29 18:57:32,796 - my_experiment - IMPuc50_IQL_RNN_44 - my_run - INFO - t_env: 75090 / 2050000
2026-04-29 18:57:32,797 - my_experiment - IMPuc50_IQL_RNN_44 - my_run - INFO - Estimated time left: 4 hours, 14 minutes, 32 seconds. Time passed: 9 minutes, 56 seconds
2026-04-29 19:01:09,235 - my_experiment - IMPuc50_IQL_RNN_44 - my_run - INFO - Recent Stats | t_env:     100080 | Episode:     3336
action_0_mean:             0.6972	action_1_mean:             0.1901	action_2_mean:             0.1127	ep_length_mean:           30.0000
epsilon:                   0.0500	grad_norm:                 1.1001	loss:                      1.0570	q_taken_mean:              0.0169
return_mean:             -2657.3261	return_std:              606.2778	target_mean:               0.0169	td_error_abs:              0.4776
test_action_0_mean:        0.5931	test_action_1_mean:        0.3904	test_action_2_mean:        0.0165	test_ep_length_mean:      30.0000
test_return_mean:        -1804.3930	test_return_std:         376.3335	
2026-04-29 19:01:09,500 - my_experiment - IMPuc50_IQL_RNN_44 - my_run - INFO - t_env: 100110 / 2050000
2026-04-29 19:01:09,501 - my_experiment - IMPuc50_IQL_RNN_44 - my_run - INFO - Estimated time left: 4 hours, 41 minutes, 28 seconds. Time passed: 13 minutes, 33 seconds
2026-04-29 19:04:53,043 - my_experiment - IMPuc50_IQL_RNN_44 - my_run - INFO - Recent Stats | t_env:     125100 | Episode:     4170
action_0_mean:             0.6731	action_1_mean:             0.2232	action_2_mean:             0.1037	ep_length_mean:           30.0000
epsilon:                   0.0500	grad_norm:                 1.2398	loss:                      0.9877	q_taken_mean:              0.0194
return_mean:             -2366.9448	return_std:              548.7046	target_mean:               0.0191	td_error_abs:              0.4554
test_action_0_mean:        0.5783	test_action_1_mean:        0.3942	test_action_2_mean:        0.0274	test_ep_length_mean:      30.0000
test_return_mean:        -1662.6412	test_return_std:         311.1294	
2026-04-29 19:04:53,307 - my_experiment - IMPuc50_IQL_RNN_44 - my_run - INFO - t_env: 125130 / 2050000
2026-04-29 19:04:53,308 - my_experiment - IMPuc50_IQL_RNN_44 - my_run - INFO - Estimated time left: 4 hours, 46 minutes, 58 seconds. Time passed: 17 minutes, 17 seconds
2026-04-29 19:08:51,428 - my_experiment - IMPuc50_IQL_RNN_44 - my_run - INFO - Recent Stats | t_env:     150120 | Episode:     5004
action_0_mean:             0.7047	action_1_mean:             0.2403	action_2_mean:             0.0550	ep_length_mean:           30.0000
epsilon:                   0.0500	grad_norm:                 1.2906	loss:                      0.8380	q_taken_mean:              0.0271
return_mean:             -1594.4037	return_std:              597.0795	target_mean:               0.0266	td_error_abs:              0.3512
test_action_0_mean:        0.7147	test_action_1_mean:        0.2502	test_action_2_mean:        0.0351	test_ep_length_mean:      30.0000
test_return_mean:        -1385.5108	test_return_std:         100.6279	
2026-04-29 19:08:51,712 - my_experiment - IMPuc50_IQL_RNN_44 - my_run - INFO - t_env: 150150 / 2050000
2026-04-29 19:08:51,713 - my_experiment - IMPuc50_IQL_RNN_44 - my_run - INFO - Estimated time left: 5 hours, 1 minutes, 42 seconds. Time passed: 21 minutes, 15 seconds
2026-04-29 19:12:54,743 - my_experiment - IMPuc50_IQL_RNN_44 - my_run - INFO - Recent Stats | t_env:     175140 | Episode:     5838
action_0_mean:             0.6235	action_1_mean:             0.3225	action_2_mean:             0.0540	ep_length_mean:           30.0000
epsilon:                   0.0500	grad_norm:                 1.6752	loss:                      0.6335	q_taken_mean:              0.0315
return_mean:             -1357.5616	return_std:              438.6619	target_mean:               0.0307	td_error_abs:              0.3316
test_action_0_mean:        0.6328	test_action_1_mean:        0.3273	test_action_2_mean:        0.0399	test_ep_length_mean:      30.0000
test_return_mean:        -1067.0152	test_return_std:          40.7457	
2026-04-29 19:12:55,041 - my_experiment - IMPuc50_IQL_RNN_44 - my_run - INFO - t_env: 175170 / 2050000
2026-04-29 19:12:55,042 - my_experiment - IMPuc50_IQL_RNN_44 - my_run - INFO - Estimated time left: 5 hours, 3 minutes, 53 seconds. Time passed: 25 minutes, 19 seconds
2026-04-29 19:16:46,413 - my_experiment - IMPuc50_IQL_RNN_44 - my_run - INFO - Saving models to work_dirs/my_experiment/IMPuc50_IQL_RNN_44/my_run/20260429_184729/models/200040
2026-04-29 19:16:47,437 - my_experiment - IMPuc50_IQL_RNN_44 - my_run - INFO - Recent Stats | t_env:     200160 | Episode:     6672
action_0_mean:             0.5147	action_1_mean:             0.4298	action_2_mean:             0.0555	ep_length_mean:           30.0000
epsilon:                   0.0500	grad_norm:                 1.5339	loss:                      0.5299	q_taken_mean:              0.0386
return_mean:             -1096.0237	return_std:              294.1203	target_mean:               0.0380	td_error_abs:              0.3050
test_action_0_mean:        0.4933	test_action_1_mean:        0.4657	test_action_2_mean:        0.0410	test_ep_length_mean:      30.0000
test_return_mean:        -726.7694	test_return_std:          51.3264	
2026-04-29 19:16:47,699 - my_experiment - IMPuc50_IQL_RNN_44 - my_run - INFO - t_env: 200190 / 2050000
2026-04-29 19:16:47,700 - my_experiment - IMPuc50_IQL_RNN_44 - my_run - INFO - Estimated time left: 4 hours, 46 minutes, 41 seconds. Time passed: 29 minutes, 11 seconds
2026-04-29 19:20:15,377 - my_experiment - IMPuc50_IQL_RNN_44 - my_run - INFO - Recent Stats | t_env:     225180 | Episode:     7506
action_0_mean:             0.4288	action_1_mean:             0.5200	action_2_mean:             0.0511	ep_length_mean:           30.0000
epsilon:                   0.0500	grad_norm:                 1.4005	loss:                      0.2865	q_taken_mean:              0.0482
return_mean:             -932.1368	return_std:              204.1919	target_mean:               0.0478	td_error_abs:              0.2722
test_action_0_mean:        0.4964	test_action_1_mean:        0.4748	test_action_2_mean:        0.0287	test_ep_length_mean:      30.0000
test_return_mean:        -763.9598	test_return_std:         169.9552	
2026-04-29 19:20:15,633 - my_experiment - IMPuc50_IQL_RNN_44 - my_run - INFO - t_env: 225210 / 2050000
2026-04-29 19:20:15,633 - my_experiment - IMPuc50_IQL_RNN_44 - my_run - INFO - Estimated time left: 4 hours, 12 minutes, 45 seconds. Time passed: 32 minutes, 39 seconds
2026-04-29 19:24:09,127 - my_experiment - IMPuc50_IQL_RNN_44 - my_run - INFO - Recent Stats | t_env:     250200 | Episode:     8340
action_0_mean:             0.4605	action_1_mean:             0.4959	action_2_mean:             0.0436	ep_length_mean:           30.0000
epsilon:                   0.0500	grad_norm:                 1.1559	loss:                      0.1567	q_taken_mean:              0.0572
return_mean:             -832.0723	return_std:              171.9202	target_mean:               0.0571	td_error_abs:              0.2324
test_action_0_mean:        0.5414	test_action_1_mean:        0.4420	test_action_2_mean:        0.0165	test_ep_length_mean:      30.0000
test_return_mean:        -643.5684	test_return_std:         177.7084	
2026-04-29 19:24:09,408 - my_experiment - IMPuc50_IQL_RNN_44 - my_run - INFO - t_env: 250230 / 2050000
2026-04-29 19:24:09,409 - my_experiment - IMPuc50_IQL_RNN_44 - my_run - INFO - Estimated time left: 4 hours, 40 minutes, 16 seconds. Time passed: 36 minutes, 33 seconds
2026-04-29 19:28:08,547 - my_experiment - IMPuc50_IQL_RNN_44 - my_run - INFO - Recent Stats | t_env:     275220 | Episode:     9174
action_0_mean:             0.4430	action_1_mean:             0.5254	action_2_mean:             0.0316	ep_length_mean:           30.0000
epsilon:                   0.0500	grad_norm:                 1.1544	loss:                      0.1175	q_taken_mean:              0.0644
return_mean:             -686.9013	return_std:              138.7880	target_mean:               0.0643	td_error_abs:              0.2041
test_action_0_mean:        0.4760	test_action_1_mean:        0.5137	test_action_2_mean:        0.0103	test_ep_length_mean:      30.0000
test_return_mean:        -559.2214	test_return_std:         177.5062	
2026-04-29 19:28:08,832 - my_experiment - IMPuc50_IQL_RNN_44 - my_run - INFO - t_env: 275250 / 2050000
2026-04-29 19:28:08,833 - my_experiment - IMPuc50_IQL_RNN_44 - my_run - INFO - Estimated time left: 4 hours, 43 minutes, 3 seconds. Time passed: 40 minutes, 32 seconds
2026-04-29 19:32:01,630 - my_experiment - IMPuc50_IQL_RNN_44 - my_run - INFO - Recent Stats | t_env:     300240 | Episode:    10008
action_0_mean:             0.4492	action_1_mean:             0.5243	action_2_mean:             0.0264	ep_length_mean:           30.0000
epsilon:                   0.0500	grad_norm:                 0.7064	loss:                      0.0761	q_taken_mean:              0.0709
return_mean:             -602.1411	return_std:              111.9784	target_mean:               0.0711	td_error_abs:              0.1737
test_action_0_mean:        0.4835	test_action_1_mean:        0.5093	test_action_2_mean:        0.0073	test_ep_length_mean:      30.0000
test_return_mean:        -505.2495	test_return_std:         164.7771	
2026-04-29 19:32:01,894 - my_experiment - IMPuc50_IQL_RNN_44 - my_run - INFO - t_env: 300270 / 2050000
2026-04-29 19:32:01,894 - my_experiment - IMPuc50_IQL_RNN_44 - my_run - INFO - Estimated time left: 4 hours, 31 minutes, 38 seconds. Time passed: 44 minutes, 25 seconds
2026-04-29 19:35:40,500 - my_experiment - IMPuc50_IQL_RNN_44 - my_run - INFO - Recent Stats | t_env:     325260 | Episode:    10842
action_0_mean:             0.4737	action_1_mean:             0.5005	action_2_mean:             0.0258	ep_length_mean:           30.0000
epsilon:                   0.0500	grad_norm:                 0.6033	loss:                      0.0543	q_taken_mean:              0.0756
return_mean:             -589.8917	return_std:              105.5644	target_mean:               0.0757	td_error_abs:              0.1591
test_action_0_mean:        0.5301	test_action_1_mean:        0.4622	test_action_2_mean:        0.0077	test_ep_length_mean:      30.0000
test_return_mean:        -498.8455	test_return_std:         160.7557	
2026-04-29 19:35:40,784 - my_experiment - IMPuc50_IQL_RNN_44 - my_run - INFO - t_env: 325290 / 2050000
2026-04-29 19:35:40,784 - my_experiment - IMPuc50_IQL_RNN_44 - my_run - INFO - Estimated time left: 4 hours, 11 minutes, 28 seconds. Time passed: 48 minutes, 4 seconds
2026-04-29 19:39:10,012 - my_experiment - IMPuc50_IQL_RNN_44 - my_run - INFO - Recent Stats | t_env:     350280 | Episode:    11676
action_0_mean:             0.5067	action_1_mean:             0.4680	action_2_mean:             0.0253	ep_length_mean:           30.0000
epsilon:                   0.0500	grad_norm:                 0.5642	loss:                      0.0449	q_taken_mean:              0.0773
return_mean:             -571.6766	return_std:               88.5896	target_mean:               0.0774	td_error_abs:              0.1521
test_action_0_mean:        0.5385	test_action_1_mean:        0.4528	test_action_2_mean:        0.0087	test_ep_length_mean:      30.0000
test_return_mean:        -316.9816	test_return_std:          46.3229	
2026-04-29 19:39:10,271 - my_experiment - IMPuc50_IQL_RNN_44 - my_run - INFO - t_env: 350310 / 2050000
2026-04-29 19:39:10,271 - my_experiment - IMPuc50_IQL_RNN_44 - my_run - INFO - Estimated time left: 3 hours, 57 minutes, 11 seconds. Time passed: 51 minutes, 34 seconds
2026-04-29 19:42:41,083 - my_experiment - IMPuc50_IQL_RNN_44 - my_run - INFO - Recent Stats | t_env:     375300 | Episode:    12510
action_0_mean:             0.5025	action_1_mean:             0.4731	action_2_mean:             0.0244	ep_length_mean:           30.0000
epsilon:                   0.0500	grad_norm:                 0.4806	loss:                      0.0396	q_taken_mean:              0.0775
return_mean:             -534.1707	return_std:               70.3538	target_mean:               0.0776	td_error_abs:              0.1475
test_action_0_mean:        0.5272	test_action_1_mean:        0.4623	test_action_2_mean:        0.0105	test_ep_length_mean:      30.0000
test_return_mean:        -288.0897	test_return_std:          35.3508	
2026-04-29 19:42:41,326 - my_experiment - IMPuc50_IQL_RNN_44 - my_run - INFO - t_env: 375330 / 2050000
2026-04-29 19:42:41,327 - my_experiment - IMPuc50_IQL_RNN_44 - my_run - INFO - Estimated time left: 3 hours, 55 minutes, 26 seconds. Time passed: 55 minutes, 5 seconds
2026-04-29 19:46:15,400 - my_experiment - IMPuc50_IQL_RNN_44 - my_run - INFO - Saving models to work_dirs/my_experiment/IMPuc50_IQL_RNN_44/my_run/20260429_184729/models/400050
2026-04-29 19:46:17,720 - my_experiment - IMPuc50_IQL_RNN_44 - my_run - INFO - Recent Stats | t_env:     400320 | Episode:    13344
action_0_mean:             0.5608	action_1_mean:             0.4144	action_2_mean:             0.0248	ep_length_mean:           30.0000
epsilon:                   0.0500	grad_norm:                 0.4238	loss:                      0.0379	q_taken_mean:              0.0770
return_mean:             -528.8598	return_std:               68.7085	target_mean:               0.0771	td_error_abs:              0.1473
test_action_0_mean:        0.6148	test_action_1_mean:        0.3735	test_action_2_mean:        0.0117	test_ep_length_mean:      30.0000
test_return_mean:        -295.8327	test_return_std:          40.4663	
2026-04-29 19:46:17,993 - my_experiment - IMPuc50_IQL_RNN_44 - my_run - INFO - t_env: 400350 / 2050000
2026-04-29 19:46:17,994 - my_experiment - IMPuc50_IQL_RNN_44 - my_run - INFO - Estimated time left: 3 hours, 58 minutes, 5 seconds. Time passed: 58 minutes, 42 seconds
2026-04-29 19:50:04,970 - my_experiment - IMPuc50_IQL_RNN_44 - my_run - INFO - Recent Stats | t_env:     425340 | Episode:    14178
action_0_mean:             0.6136	action_1_mean:             0.3613	action_2_mean:             0.0251	ep_length_mean:           30.0000
epsilon:                   0.0500	grad_norm:                 0.3892	loss:                      0.0386	q_taken_mean:              0.0751
return_mean:             -525.8319	return_std:               69.2905	target_mean:               0.0753	td_error_abs:              0.1504
test_action_0_mean:        0.6224	test_action_1_mean:        0.3661	test_action_2_mean:        0.0114	test_ep_length_mean:      30.0000
test_return_mean:        -286.8222	test_return_std:          37.0434	
2026-04-29 19:50:05,245 - my_experiment - IMPuc50_IQL_RNN_44 - my_run - INFO - t_env: 425370 / 2050000
2026-04-29 19:50:05,245 - my_experiment - IMPuc50_IQL_RNN_44 - my_run - INFO - Estimated time left: 4 hours, 5 minutes, 56 seconds. Time passed: 1 hours, 2 minutes, 29 seconds
2026-04-29 19:53:55,057 - my_experiment - IMPuc50_IQL_RNN_44 - my_run - INFO - Recent Stats | t_env:     450360 | Episode:    15012
action_0_mean:             0.6280	action_1_mean:             0.3470	action_2_mean:             0.0251	ep_length_mean:           30.0000
epsilon:                   0.0500	grad_norm:                 0.1782	loss:                      0.0407	q_taken_mean:              0.0725
return_mean:             -520.2864	return_std:               66.4156	target_mean:               0.0725	td_error_abs:              0.1536
test_action_0_mean:        0.5988	test_action_1_mean:        0.3876	test_action_2_mean:        0.0135	test_ep_length_mean:      30.0000
test_return_mean:        -309.8172	test_return_std:          38.9730	
2026-04-29 19:53:55,356 - my_experiment - IMPuc50_IQL_RNN_44 - my_run - INFO - t_env: 450390 / 2050000
2026-04-29 19:53:55,357 - my_experiment - IMPuc50_IQL_RNN_44 - my_run - INFO - Estimated time left: 4 hours, 5 minutes, 11 seconds. Time passed: 1 hours, 6 minutes, 19 seconds
2026-04-29 19:57:32,991 - my_experiment - IMPuc50_IQL_RNN_44 - my_run - INFO - Recent Stats | t_env:     475380 | Episode:    15846
action_0_mean:             0.6001	action_1_mean:             0.3750	action_2_mean:             0.0249	ep_length_mean:           30.0000
epsilon:                   0.0500	grad_norm:                 0.1951	loss:                      0.0432	q_taken_mean:              0.0704
return_mean:             -515.6275	return_std:               68.1579	target_mean:               0.0704	td_error_abs:              0.1586
test_action_0_mean:        0.5675	test_action_1_mean:        0.4194	test_action_2_mean:        0.0131	test_ep_length_mean:      30.0000
test_return_mean:        -301.7285	test_return_std:          44.2080	
2026-04-29 19:57:33,245 - my_experiment - IMPuc50_IQL_RNN_44 - my_run - INFO - t_env: 475410 / 2050000
2026-04-29 19:57:33,246 - my_experiment - IMPuc50_IQL_RNN_44 - my_run - INFO - Estimated time left: 3 hours, 48 minutes, 32 seconds. Time passed: 1 hours, 9 minutes, 57 seconds
2026-04-29 20:01:17,543 - my_experiment - IMPuc50_IQL_RNN_44 - my_run - INFO - Recent Stats | t_env:     500400 | Episode:    16680
action_0_mean:             0.5817	action_1_mean:             0.3942	action_2_mean:             0.0241	ep_length_mean:           30.0000
epsilon:                   0.0500	grad_norm:                 0.2725	loss:                      0.0462	q_taken_mean:              0.0690
return_mean:             -515.0310	return_std:               77.7584	target_mean:               0.0691	td_error_abs:              0.1638
test_action_0_mean:        0.5758	test_action_1_mean:        0.4134	test_action_2_mean:        0.0108	test_ep_length_mean:      30.0000
test_return_mean:        -276.0538	test_return_std:          46.6631	
2026-04-29 20:01:17,832 - my_experiment - IMPuc50_IQL_RNN_44 - my_run - INFO - t_env: 500430 / 2050000
2026-04-29 20:01:17,833 - my_experiment - IMPuc50_IQL_RNN_44 - my_run - INFO - Estimated time left: 3 hours, 51 minutes, 49 seconds. Time passed: 1 hours, 13 minutes, 41 seconds
2026-04-29 20:05:00,959 - my_experiment - IMPuc50_IQL_RNN_44 - my_run - INFO - Recent Stats | t_env:     525420 | Episode:    17514
action_0_mean:             0.5476	action_1_mean:             0.4291	action_2_mean:             0.0233	ep_length_mean:           30.0000
epsilon:                   0.0500	grad_norm:                 0.4058	loss:                      0.0498	q_taken_mean:              0.0681
return_mean:             -505.7277	return_std:               76.4613	target_mean:               0.0682	td_error_abs:              0.1694
test_action_0_mean:        0.5537	test_action_1_mean:        0.4369	test_action_2_mean:        0.0094	test_ep_length_mean:      30.0000
test_return_mean:        -251.0027	test_return_std:          42.6938	
2026-04-29 20:05:01,229 - my_experiment - IMPuc50_IQL_RNN_44 - my_run - INFO - t_env: 525450 / 2050000
2026-04-29 20:05:01,230 - my_experiment - IMPuc50_IQL_RNN_44 - my_run - INFO - Estimated time left: 3 hours, 46 minutes, 52 seconds. Time passed: 1 hours, 17 minutes, 25 seconds
2026-04-29 20:08:49,719 - my_experiment - IMPuc50_IQL_RNN_44 - my_run - INFO - Recent Stats | t_env:     550440 | Episode:    18348
action_0_mean:             0.5328	action_1_mean:             0.4444	action_2_mean:             0.0228	ep_length_mean:           30.0000
epsilon:                   0.0500	grad_norm:                 0.4535	loss:                      0.0514	q_taken_mean:              0.0674
return_mean:             -497.7139	return_std:               75.4215	target_mean:               0.0675	td_error_abs:              0.1716
test_action_0_mean:        0.6040	test_action_1_mean:        0.3868	test_action_2_mean:        0.0092	test_ep_length_mean:      30.0000
test_return_mean:        -239.4977	test_return_std:          44.3412	
2026-04-29 20:08:49,966 - my_experiment - IMPuc50_IQL_RNN_44 - my_run - INFO - t_env: 550470 / 2050000
2026-04-29 20:08:49,966 - my_experiment - IMPuc50_IQL_RNN_44 - my_run - INFO - Estimated time left: 3 hours, 48 minutes, 28 seconds. Time passed: 1 hours, 21 minutes, 14 seconds
2026-04-29 20:12:21,689 - my_experiment - IMPuc50_IQL_RNN_44 - my_run - INFO - Recent Stats | t_env:     575460 | Episode:    19182
action_0_mean:             0.5201	action_1_mean:             0.4578	action_2_mean:             0.0221	ep_length_mean:           30.0000
epsilon:                   0.0500	grad_norm:                 0.5028	loss:                      0.0517	q_taken_mean:              0.0670
return_mean:             -490.7773	return_std:               74.0639	target_mean:               0.0672	td_error_abs:              0.1723
test_action_0_mean:        0.6777	test_action_1_mean:        0.3156	test_action_2_mean:        0.0068	test_ep_length_mean:      30.0000
test_return_mean:        -204.1432	test_return_std:          43.2884	
2026-04-29 20:12:21,940 - my_experiment - IMPuc50_IQL_RNN_44 - my_run - INFO - t_env: 575490 / 2050000
2026-04-29 20:12:21,940 - my_experiment - IMPuc50_IQL_RNN_44 - my_run - INFO - Estimated time left: 3 hours, 28 minutes, 12 seconds. Time passed: 1 hours, 24 minutes, 45 seconds
2026-04-29 20:15:46,785 - my_experiment - IMPuc50_IQL_RNN_44 - my_run - INFO - Saving models to work_dirs/my_experiment/IMPuc50_IQL_RNN_44/my_run/20260429_184729/models/600060
2026-04-29 20:15:50,194 - my_experiment - IMPuc50_IQL_RNN_44 - my_run - INFO - Recent Stats | t_env:     600480 | Episode:    20016
action_0_mean:             0.5544	action_1_mean:             0.4238	action_2_mean:             0.0218	ep_length_mean:           30.0000
epsilon:                   0.0500	grad_norm:                 0.5094	loss:                      0.0517	q_taken_mean:              0.0666
return_mean:             -484.2554	return_std:               73.0923	target_mean:               0.0668	td_error_abs:              0.1716
test_action_0_mean:        0.7175	test_action_1_mean:        0.2764	test_action_2_mean:        0.0062	test_ep_length_mean:      30.0000
test_return_mean:        -190.2539	test_return_std:          38.3172	
2026-04-29 20:15:50,443 - my_experiment - IMPuc50_IQL_RNN_44 - my_run - INFO - t_env: 600510 / 2050000
2026-04-29 20:15:50,444 - my_experiment - IMPuc50_IQL_RNN_44 - my_run - INFO - Estimated time left: 3 hours, 21 minutes, 19 seconds. Time passed: 1 hours, 28 minutes, 14 seconds
2026-04-29 20:19:21,165 - my_experiment - IMPuc50_IQL_RNN_44 - my_run - INFO - Recent Stats | t_env:     625500 | Episode:    20850
action_0_mean:             0.5674	action_1_mean:             0.4111	action_2_mean:             0.0216	ep_length_mean:           30.0000
epsilon:                   0.0500	grad_norm:                 0.4734	loss:                      0.0516	q_taken_mean:              0.0657
return_mean:             -471.8033	return_std:               63.1964	target_mean:               0.0659	td_error_abs:              0.1718
test_action_0_mean:        0.7270	test_action_1_mean:        0.2673	test_action_2_mean:        0.0057	test_ep_length_mean:      30.0000
test_return_mean:        -184.3266	test_return_std:          38.2578	
2026-04-29 20:19:21,426 - my_experiment - IMPuc50_IQL_RNN_44 - my_run - INFO - t_env: 625530 / 2050000
2026-04-29 20:19:21,426 - my_experiment - IMPuc50_IQL_RNN_44 - my_run - INFO - Estimated time left: 3 hours, 20 minutes, 11 seconds. Time passed: 1 hours, 31 minutes, 45 seconds
2026-04-29 20:22:54,458 - my_experiment - IMPuc50_IQL_RNN_44 - my_run - INFO - Recent Stats | t_env:     650520 | Episode:    21684
action_0_mean:             0.5935	action_1_mean:             0.3852	action_2_mean:             0.0213	ep_length_mean:           30.0000
epsilon:                   0.0500	grad_norm:                 0.3957	loss:                      0.0512	q_taken_mean:              0.0648
return_mean:             -465.5521	return_std:               63.0985	target_mean:               0.0650	td_error_abs:              0.1712
test_action_0_mean:        0.7152	test_action_1_mean:        0.2794	test_action_2_mean:        0.0054	test_ep_length_mean:      30.0000
test_return_mean:        -183.4439	test_return_std:          37.1418	
2026-04-29 20:22:54,719 - my_experiment - IMPuc50_IQL_RNN_44 - my_run - INFO - t_env: 650550 / 2050000
2026-04-29 20:22:54,720 - my_experiment - IMPuc50_IQL_RNN_44 - my_run - INFO - Estimated time left: 3 hours, 18 minutes, 50 seconds. Time passed: 1 hours, 35 minutes, 18 seconds
2026-04-29 20:26:25,136 - my_experiment - IMPuc50_IQL_RNN_44 - my_run - INFO - Recent Stats | t_env:     675540 | Episode:    22518
action_0_mean:             0.6115	action_1_mean:             0.3676	action_2_mean:             0.0209	ep_length_mean:           30.0000
epsilon:                   0.0500	grad_norm:                 0.3503	loss:                      0.0517	q_taken_mean:              0.0641
return_mean:             -459.7049	return_std:               62.8218	target_mean:               0.0643	td_error_abs:              0.1709
test_action_0_mean:        0.6987	test_action_1_mean:        0.2964	test_action_2_mean:        0.0050	test_ep_length_mean:      30.0000
test_return_mean:        -182.6630	test_return_std:          35.3508	
2026-04-29 20:26:25,394 - my_experiment - IMPuc50_IQL_RNN_44 - my_run - INFO - t_env: 675570 / 2050000
2026-04-29 20:26:25,395 - my_experiment - IMPuc50_IQL_RNN_44 - my_run - INFO - Estimated time left: 3 hours, 12 minutes, 53 seconds. Time passed: 1 hours, 38 minutes, 49 seconds
2026-04-29 20:29:57,210 - my_experiment - IMPuc50_IQL_RNN_44 - my_run - INFO - Recent Stats | t_env:     700560 | Episode:    23352
action_0_mean:             0.6570	action_1_mean:             0.3223	action_2_mean:             0.0207	ep_length_mean:           30.0000
epsilon:                   0.0500	grad_norm:                 0.3225	loss:                      0.0539	q_taken_mean:              0.0633
return_mean:             -451.9981	return_std:               62.9477	target_mean:               0.0634	td_error_abs:              0.1736
test_action_0_mean:        0.6809	test_action_1_mean:        0.3145	test_action_2_mean:        0.0046	test_ep_length_mean:      30.0000
test_return_mean:        -178.1198	test_return_std:          33.9842	
2026-04-29 20:29:57,479 - my_experiment - IMPuc50_IQL_RNN_44 - my_run - INFO - t_env: 700590 / 2050000
2026-04-29 20:29:57,479 - my_experiment - IMPuc50_IQL_RNN_44 - my_run - INFO - Estimated time left: 3 hours, 10 minutes, 38 seconds. Time passed: 1 hours, 42 minutes, 21 seconds
2026-04-29 20:33:31,614 - my_experiment - IMPuc50_IQL_RNN_44 - my_run - INFO - Recent Stats | t_env:     725580 | Episode:    24186
action_0_mean:             0.6571	action_1_mean:             0.3223	action_2_mean:             0.0206	ep_length_mean:           30.0000
epsilon:                   0.0500	grad_norm:                 0.2636	loss:                      0.0562	q_taken_mean:              0.0624
return_mean:             -449.4296	return_std:               62.2048	target_mean:               0.0625	td_error_abs:              0.1769
test_action_0_mean:        0.6219	test_action_1_mean:        0.3735	test_action_2_mean:        0.0046	test_ep_length_mean:      30.0000
test_return_mean:        -184.0853	test_return_std:          31.3703	
2026-04-29 20:33:31,858 - my_experiment - IMPuc50_IQL_RNN_44 - my_run - INFO - t_env: 725610 / 2050000
2026-04-29 20:33:31,859 - my_experiment - IMPuc50_IQL_RNN_44 - my_run - INFO - Estimated time left: 3 hours, 9 minutes, 7 seconds. Time passed: 1 hours, 45 minutes, 55 seconds
2026-04-29 20:37:01,022 - my_experiment - IMPuc50_IQL_RNN_44 - my_run - INFO - Recent Stats | t_env:     750600 | Episode:    25020
action_0_mean:             0.6455	action_1_mean:             0.3339	action_2_mean:             0.0206	ep_length_mean:           30.0000
epsilon:                   0.0500	grad_norm:                 0.2509	loss:                      0.0581	q_taken_mean:              0.0616
return_mean:             -449.6628	return_std:               61.7805	target_mean:               0.0617	td_error_abs:              0.1784
test_action_0_mean:        0.6153	test_action_1_mean:        0.3802	test_action_2_mean:        0.0045	test_ep_length_mean:      30.0000
test_return_mean:        -178.2567	test_return_std:          30.0860	
2026-04-29 20:37:01,267 - my_experiment - IMPuc50_IQL_RNN_44 - my_run - INFO - t_env: 750630 / 2050000
2026-04-29 20:37:01,268 - my_experiment - IMPuc50_IQL_RNN_44 - my_run - INFO - Estimated time left: 3 hours, 1 minutes, 15 seconds. Time passed: 1 hours, 49 minutes, 25 seconds
2026-04-29 20:40:28,136 - my_experiment - IMPuc50_IQL_RNN_44 - my_run - INFO - Recent Stats | t_env:     775620 | Episode:    25854
action_0_mean:             0.6500	action_1_mean:             0.3294	action_2_mean:             0.0206	ep_length_mean:           30.0000
epsilon:                   0.0500	grad_norm:                 0.2125	loss:                      0.0606	q_taken_mean:              0.0608
return_mean:             -449.9797	return_std:               62.3450	target_mean:               0.0608	td_error_abs:              0.1811
test_action_0_mean:        0.6552	test_action_1_mean:        0.3404	test_action_2_mean:        0.0044	test_ep_length_mean:      30.0000
test_return_mean:        -180.1821	test_return_std:          32.5423	
2026-04-29 20:40:28,375 - my_experiment - IMPuc50_IQL_RNN_44 - my_run - INFO - t_env: 775650 / 2050000
2026-04-29 20:40:28,376 - my_experiment - IMPuc50_IQL_RNN_44 - my_run - INFO - Estimated time left: 2 hours, 55 minutes, 48 seconds. Time passed: 1 hours, 52 minutes, 52 seconds
2026-04-29 20:43:48,029 - my_experiment - IMPuc50_IQL_RNN_44 - my_run - INFO - Saving models to work_dirs/my_experiment/IMPuc50_IQL_RNN_44/my_run/20260429_184729/models/800070
2026-04-29 20:43:52,649 - my_experiment - IMPuc50_IQL_RNN_44 - my_run - INFO - Recent Stats | t_env:     800640 | Episode:    26688
action_0_mean:             0.6641	action_1_mean:             0.3153	action_2_mean:             0.0205	ep_length_mean:           30.0000
epsilon:                   0.0500	grad_norm:                 0.2107	loss:                      0.0629	q_taken_mean:              0.0600
return_mean:             -449.5426	return_std:               62.9413	target_mean:               0.0600	td_error_abs:              0.1848
test_action_0_mean:        0.7027	test_action_1_mean:        0.2928	test_action_2_mean:        0.0045	test_ep_length_mean:      30.0000
test_return_mean:        -180.1391	test_return_std:          37.1928	
2026-04-29 20:43:52,907 - my_experiment - IMPuc50_IQL_RNN_44 - my_run - INFO - t_env: 800670 / 2050000
2026-04-29 20:43:52,907 - my_experiment - IMPuc50_IQL_RNN_44 - my_run - INFO - Estimated time left: 2 hours, 50 minutes, 12 seconds. Time passed: 1 hours, 56 minutes, 16 seconds
2026-04-29 20:47:19,489 - my_experiment - IMPuc50_IQL_RNN_44 - my_run - INFO - Recent Stats | t_env:     825660 | Episode:    27522
action_0_mean:             0.6707	action_1_mean:             0.3086	action_2_mean:             0.0206	ep_length_mean:           30.0000
epsilon:                   0.0500	grad_norm:                 0.2075	loss:                      0.0656	q_taken_mean:              0.0594
return_mean:             -449.5090	return_std:               62.5567	target_mean:               0.0594	td_error_abs:              0.1884
test_action_0_mean:        0.6859	test_action_1_mean:        0.3094	test_action_2_mean:        0.0046	test_ep_length_mean:      30.0000
test_return_mean:        -182.6552	test_return_std:          38.7981	
2026-04-29 20:47:19,740 - my_experiment - IMPuc50_IQL_RNN_44 - my_run - INFO - t_env: 825690 / 2050000
2026-04-29 20:47:19,740 - my_experiment - IMPuc50_IQL_RNN_44 - my_run - INFO - Estimated time left: 2 hours, 48 minutes, 40 seconds. Time passed: 1 hours, 59 minutes, 43 seconds
2026-04-29 20:50:45,085 - my_experiment - IMPuc50_IQL_RNN_44 - my_run - INFO - Recent Stats | t_env:     850680 | Episode:    28356
action_0_mean:             0.6778	action_1_mean:             0.3016	action_2_mean:             0.0207	ep_length_mean:           30.0000
epsilon:                   0.0500	grad_norm:                 0.2102	loss:                      0.0681	q_taken_mean:              0.0587
return_mean:             -447.6191	return_std:               62.3112	target_mean:               0.0587	td_error_abs:              0.1918
test_action_0_mean:        0.7251	test_action_1_mean:        0.2701	test_action_2_mean:        0.0048	test_ep_length_mean:      30.0000
test_return_mean:        -178.5848	test_return_std:          39.7788	
2026-04-29 20:50:45,318 - my_experiment - IMPuc50_IQL_RNN_44 - my_run - INFO - t_env: 850710 / 2050000
2026-04-29 20:50:45,319 - my_experiment - IMPuc50_IQL_RNN_44 - my_run - INFO - Estimated time left: 2 hours, 44 minutes, 14 seconds. Time passed: 2 hours, 3 minutes, 9 seconds
2026-04-29 20:54:09,049 - my_experiment - IMPuc50_IQL_RNN_44 - my_run - INFO - Recent Stats | t_env:     875700 | Episode:    29190
action_0_mean:             0.6888	action_1_mean:             0.2905	action_2_mean:             0.0207	ep_length_mean:           30.0000
epsilon:                   0.0500	grad_norm:                 0.1882	loss:                      0.0705	q_taken_mean:              0.0580
return_mean:             -446.3957	return_std:               62.4964	target_mean:               0.0581	td_error_abs:              0.1959
test_action_0_mean:        0.7277	test_action_1_mean:        0.2676	test_action_2_mean:        0.0047	test_ep_length_mean:      30.0000
test_return_mean:        -180.5273	test_return_std:          40.1081	
2026-04-29 20:54:09,297 - my_experiment - IMPuc50_IQL_RNN_44 - my_run - INFO - t_env: 875730 / 2050000
2026-04-29 20:54:09,298 - my_experiment - IMPuc50_IQL_RNN_44 - my_run - INFO - Estimated time left: 2 hours, 39 minutes, 33 seconds. Time passed: 2 hours, 6 minutes, 33 seconds
2026-04-29 20:57:32,471 - my_experiment - IMPuc50_IQL_RNN_44 - my_run - INFO - Recent Stats | t_env:     900720 | Episode:    30024
action_0_mean:             0.6885	action_1_mean:             0.2908	action_2_mean:             0.0207	ep_length_mean:           30.0000
epsilon:                   0.0500	grad_norm:                 0.1915	loss:                      0.0719	q_taken_mean:              0.0571
return_mean:             -446.8893	return_std:               62.7887	target_mean:               0.0573	td_error_abs:              0.1987
test_action_0_mean:        0.6865	test_action_1_mean:        0.3088	test_action_2_mean:        0.0047	test_ep_length_mean:      30.0000
test_return_mean:        -176.6864	test_return_std:          38.6293	
2026-04-29 20:57:32,729 - my_experiment - IMPuc50_IQL_RNN_44 - my_run - INFO - t_env: 900750 / 2050000
2026-04-29 20:57:32,729 - my_experiment - IMPuc50_IQL_RNN_44 - my_run - INFO - Estimated time left: 2 hours, 35 minutes, 44 seconds. Time passed: 2 hours, 9 minutes, 56 seconds
2026-04-29 21:00:53,691 - my_experiment - IMPuc50_IQL_RNN_44 - my_run - INFO - Recent Stats | t_env:     925740 | Episode:    30858
action_0_mean:             0.6865	action_1_mean:             0.2928	action_2_mean:             0.0207	ep_length_mean:           30.0000
epsilon:                   0.0500	grad_norm:                 0.2506	loss:                      0.0749	q_taken_mean:              0.0562
return_mean:             -446.8162	return_std:               62.5445	target_mean:               0.0564	td_error_abs:              0.2034
test_action_0_mean:        0.6900	test_action_1_mean:        0.3053	test_action_2_mean:        0.0047	test_ep_length_mean:      30.0000
test_return_mean:        -174.9217	test_return_std:          35.1181	
2026-04-29 21:00:53,936 - my_experiment - IMPuc50_IQL_RNN_44 - my_run - INFO - t_env: 925770 / 2050000
2026-04-29 21:00:53,936 - my_experiment - IMPuc50_IQL_RNN_44 - my_run - INFO - Estimated time left: 2 hours, 30 minutes, 40 seconds. Time passed: 2 hours, 13 minutes, 17 seconds
2026-04-29 21:04:14,799 - my_experiment - IMPuc50_IQL_RNN_44 - my_run - INFO - Recent Stats | t_env:     950760 | Episode:    31692
action_0_mean:             0.6884	action_1_mean:             0.2909	action_2_mean:             0.0207	ep_length_mean:           30.0000
epsilon:                   0.0500	grad_norm:                 0.2614	loss:                      0.0761	q_taken_mean:              0.0554
return_mean:             -446.6419	return_std:               62.6143	target_mean:               0.0556	td_error_abs:              0.2054
test_action_0_mean:        0.7145	test_action_1_mean:        0.2809	test_action_2_mean:        0.0046	test_ep_length_mean:      30.0000
test_return_mean:        -171.8919	test_return_std:          35.0252	
2026-04-29 21:04:15,041 - my_experiment - IMPuc50_IQL_RNN_44 - my_run - INFO - t_env: 950790 / 2050000
2026-04-29 21:04:15,041 - my_experiment - IMPuc50_IQL_RNN_44 - my_run - INFO - Estimated time left: 2 hours, 27 minutes, 15 seconds. Time passed: 2 hours, 16 minutes, 39 seconds
2026-04-29 21:07:34,840 - my_experiment - IMPuc50_IQL_RNN_44 - my_run - INFO - Recent Stats | t_env:     975780 | Episode:    32526
action_0_mean:             0.6949	action_1_mean:             0.2843	action_2_mean:             0.0207	ep_length_mean:           30.0000
epsilon:                   0.0500	grad_norm:                 0.2376	loss:                      0.0771	q_taken_mean:              0.0546
return_mean:             -447.5967	return_std:               62.4796	target_mean:               0.0548	td_error_abs:              0.2080
test_action_0_mean:        0.7321	test_action_1_mean:        0.2634	test_action_2_mean:        0.0045	test_ep_length_mean:      30.0000
test_return_mean:        -169.4821	test_return_std:          35.0517	
2026-04-29 21:07:35,087 - my_experiment - IMPuc50_IQL_RNN_44 - my_run - INFO - t_env: 975810 / 2050000
2026-04-29 21:07:35,088 - my_experiment - IMPuc50_IQL_RNN_44 - my_run - INFO - Estimated time left: 2 hours, 23 minutes, 8 seconds. Time passed: 2 hours, 19 minutes, 59 seconds
2026-04-29 21:10:50,582 - my_experiment - IMPuc50_IQL_RNN_44 - my_run - INFO - Saving models to work_dirs/my_experiment/IMPuc50_IQL_RNN_44/my_run/20260429_184729/models/1000080
2026-04-29 21:10:56,283 - my_experiment - IMPuc50_IQL_RNN_44 - my_run - INFO - Recent Stats | t_env:    1000800 | Episode:    33360
action_0_mean:             0.7015	action_1_mean:             0.2778	action_2_mean:             0.0207	ep_length_mean:           30.0000
epsilon:                   0.0500	grad_norm:                 0.2127	loss:                      0.0796	q_taken_mean:              0.0538
return_mean:             -446.6548	return_std:               62.3195	target_mean:               0.0539	td_error_abs:              0.2110
test_action_0_mean:        0.7164	test_action_1_mean:        0.2790	test_action_2_mean:        0.0046	test_ep_length_mean:      30.0000
test_return_mean:        -171.1644	test_return_std:          33.3771	
2026-04-29 21:10:56,571 - my_experiment - IMPuc50_IQL_RNN_44 - my_run - INFO - t_env: 1000830 / 2050000
2026-04-29 21:10:56,572 - my_experiment - IMPuc50_IQL_RNN_44 - my_run - INFO - Estimated time left: 2 hours, 20 minutes, 48 seconds. Time passed: 2 hours, 23 minutes, 20 seconds
2026-04-29 21:14:18,281 - my_experiment - IMPuc50_IQL_RNN_44 - my_run - INFO - Recent Stats | t_env:    1025820 | Episode:    34194
action_0_mean:             0.7083	action_1_mean:             0.2711	action_2_mean:             0.0206	ep_length_mean:           30.0000
epsilon:                   0.0500	grad_norm:                 0.1846	loss:                      0.0818	q_taken_mean:              0.0532
return_mean:             -445.2562	return_std:               61.4025	target_mean:               0.0533	td_error_abs:              0.2121
test_action_0_mean:        0.7389	test_action_1_mean:        0.2564	test_action_2_mean:        0.0046	test_ep_length_mean:      30.0000
test_return_mean:        -175.5982	test_return_std:          36.9226	
2026-04-29 21:14:18,518 - my_experiment - IMPuc50_IQL_RNN_44 - my_run - INFO - t_env: 1025850 / 2050000
2026-04-29 21:14:18,518 - my_experiment - IMPuc50_IQL_RNN_44 - my_run - INFO - Estimated time left: 2 hours, 17 minutes, 46 seconds. Time passed: 2 hours, 26 minutes, 42 seconds
2026-04-29 21:17:39,593 - my_experiment - IMPuc50_IQL_RNN_44 - my_run - INFO - Recent Stats | t_env:    1050840 | Episode:    35028
action_0_mean:             0.7086	action_1_mean:             0.2709	action_2_mean:             0.0205	ep_length_mean:           30.0000
epsilon:                   0.0500	grad_norm:                 0.1211	loss:                      0.0822	q_taken_mean:              0.0529
return_mean:             -446.4301	return_std:               62.5482	target_mean:               0.0529	td_error_abs:              0.2125
test_action_0_mean:        0.7272	test_action_1_mean:        0.2683	test_action_2_mean:        0.0045	test_ep_length_mean:      30.0000
test_return_mean:        -175.7523	test_return_std:          42.1119	
2026-04-29 21:17:39,862 - my_experiment - IMPuc50_IQL_RNN_44 - my_run - INFO - t_env: 1050870 / 2050000
2026-04-29 21:17:39,863 - my_experiment - IMPuc50_IQL_RNN_44 - my_run - INFO - Estimated time left: 2 hours, 14 minutes, 0 seconds. Time passed: 2 hours, 30 minutes, 3 seconds
2026-04-29 21:21:02,759 - my_experiment - IMPuc50_IQL_RNN_44 - my_run - INFO - Recent Stats | t_env:    1075860 | Episode:    35862
action_0_mean:             0.7071	action_1_mean:             0.2724	action_2_mean:             0.0205	ep_length_mean:           30.0000
epsilon:                   0.0500	grad_norm:                 0.1092	loss:                      0.0831	q_taken_mean:              0.0526
return_mean:             -445.9942	return_std:               62.4266	target_mean:               0.0526	td_error_abs:              0.2134
test_action_0_mean:        0.7125	test_action_1_mean:        0.2830	test_action_2_mean:        0.0045	test_ep_length_mean:      30.0000
test_return_mean:        -174.9538	test_return_std:          40.1367	
2026-04-29 21:21:03,001 - my_experiment - IMPuc50_IQL_RNN_44 - my_run - INFO - t_env: 1075890 / 2050000
2026-04-29 21:21:03,001 - my_experiment - IMPuc50_IQL_RNN_44 - my_run - INFO - Estimated time left: 2 hours, 11 minutes, 48 seconds. Time passed: 2 hours, 33 minutes, 27 seconds
2026-04-29 21:24:24,427 - my_experiment - IMPuc50_IQL_RNN_44 - my_run - INFO - Recent Stats | t_env:    1100880 | Episode:    36696
action_0_mean:             0.7014	action_1_mean:             0.2781	action_2_mean:             0.0205	ep_length_mean:           30.0000
epsilon:                   0.0500	grad_norm:                 0.1426	loss:                      0.0844	q_taken_mean:              0.0523
return_mean:             -445.5902	return_std:               62.4658	target_mean:               0.0523	td_error_abs:              0.2159
test_action_0_mean:        0.7055	test_action_1_mean:        0.2900	test_action_2_mean:        0.0045	test_ep_length_mean:      30.0000
test_return_mean:        -175.7219	test_return_std:          42.0608	
2026-04-29 21:24:24,697 - my_experiment - IMPuc50_IQL_RNN_44 - my_run - INFO - t_env: 1100910 / 2050000
2026-04-29 21:24:24,697 - my_experiment - IMPuc50_IQL_RNN_44 - my_run - INFO - Estimated time left: 2 hours, 7 minutes, 30 seconds. Time passed: 2 hours, 36 minutes, 48 seconds
2026-04-29 21:27:47,170 - my_experiment - IMPuc50_IQL_RNN_44 - my_run - INFO - Recent Stats | t_env:    1125900 | Episode:    37530
action_0_mean:             0.6986	action_1_mean:             0.2808	action_2_mean:             0.0206	ep_length_mean:           30.0000
epsilon:                   0.0500	grad_norm:                 0.1505	loss:                      0.0868	q_taken_mean:              0.0520
return_mean:             -446.3657	return_std:               62.1067	target_mean:               0.0521	td_error_abs:              0.2177
test_action_0_mean:        0.7189	test_action_1_mean:        0.2765	test_action_2_mean:        0.0046	test_ep_length_mean:      30.0000
test_return_mean:        -172.8408	test_return_std:          42.3427	
2026-04-29 21:27:47,451 - my_experiment - IMPuc50_IQL_RNN_44 - my_run - INFO - t_env: 1125930 / 2050000
2026-04-29 21:27:47,452 - my_experiment - IMPuc50_IQL_RNN_44 - my_run - INFO - Estimated time left: 2 hours, 4 minutes, 48 seconds. Time passed: 2 hours, 40 minutes, 11 seconds
2026-04-29 21:31:11,602 - my_experiment - IMPuc50_IQL_RNN_44 - my_run - INFO - Recent Stats | t_env:    1150920 | Episode:    38364
action_0_mean:             0.6948	action_1_mean:             0.2845	action_2_mean:             0.0207	ep_length_mean:           30.0000
epsilon:                   0.0500	grad_norm:                 0.2169	loss:                      0.0877	q_taken_mean:              0.0517
return_mean:             -446.9016	return_std:               62.1723	target_mean:               0.0517	td_error_abs:              0.2200
test_action_0_mean:        0.7098	test_action_1_mean:        0.2857	test_action_2_mean:        0.0045	test_ep_length_mean:      30.0000
test_return_mean:        -167.4443	test_return_std:          38.9280	
2026-04-29 21:31:11,854 - my_experiment - IMPuc50_IQL_RNN_44 - my_run - INFO - t_env: 1150950 / 2050000
2026-04-29 21:31:11,855 - my_experiment - IMPuc50_IQL_RNN_44 - my_run - INFO - Estimated time left: 2 hours, 2 minutes, 24 seconds. Time passed: 2 hours, 43 minutes, 35 seconds
2026-04-29 21:34:38,959 - my_experiment - IMPuc50_IQL_RNN_44 - my_run - INFO - Recent Stats | t_env:    1175940 | Episode:    39198
action_0_mean:             0.6897	action_1_mean:             0.2896	action_2_mean:             0.0207	ep_length_mean:           30.0000
epsilon:                   0.0500	grad_norm:                 0.2419	loss:                      0.0896	q_taken_mean:              0.0512
return_mean:             -444.9059	return_std:               61.2519	target_mean:               0.0513	td_error_abs:              0.2216
test_action_0_mean:        0.6856	test_action_1_mean:        0.3097	test_action_2_mean:        0.0046	test_ep_length_mean:      30.0000
test_return_mean:        -169.0858	test_return_std:          32.2908	
2026-04-29 21:34:39,203 - my_experiment - IMPuc50_IQL_RNN_44 - my_run - INFO - t_env: 1175970 / 2050000
2026-04-29 21:34:39,204 - my_experiment - IMPuc50_IQL_RNN_44 - my_run - INFO - Estimated time left: 2 hours, 43 seconds. Time passed: 2 hours, 47 minutes, 3 seconds
2026-04-29 21:37:56,156 - my_experiment - IMPuc50_IQL_RNN_44 - my_run - INFO - Saving models to work_dirs/my_experiment/IMPuc50_IQL_RNN_44/my_run/20260429_184729/models/1200090
2026-04-29 21:38:02,989 - my_experiment - IMPuc50_IQL_RNN_44 - my_run - INFO - Recent Stats | t_env:    1200960 | Episode:    40032
action_0_mean:             0.6837	action_1_mean:             0.2956	action_2_mean:             0.0207	ep_length_mean:           30.0000
epsilon:                   0.0500	grad_norm:                 0.2546	loss:                      0.0922	q_taken_mean:              0.0509
return_mean:             -445.0060	return_std:               61.5068	target_mean:               0.0508	td_error_abs:              0.2237
test_action_0_mean:        0.7014	test_action_1_mean:        0.2941	test_action_2_mean:        0.0046	test_ep_length_mean:      30.0000
test_return_mean:        -169.4048	test_return_std:          34.7891	
2026-04-29 21:38:03,232 - my_experiment - IMPuc50_IQL_RNN_44 - my_run - INFO - t_env: 1200990 / 2050000
2026-04-29 21:38:03,233 - my_experiment - IMPuc50_IQL_RNN_44 - my_run - INFO - Estimated time left: 1 hours, 55 minutes, 23 seconds. Time passed: 2 hours, 50 minutes, 27 seconds
2026-04-29 21:41:28,945 - my_experiment - IMPuc50_IQL_RNN_44 - my_run - INFO - Recent Stats | t_env:    1225980 | Episode:    40866
action_0_mean:             0.6900	action_1_mean:             0.2894	action_2_mean:             0.0206	ep_length_mean:           30.0000
epsilon:                   0.0500	grad_norm:                 0.2217	loss:                      0.0942	q_taken_mean:              0.0505
return_mean:             -445.5945	return_std:               62.4133	target_mean:               0.0504	td_error_abs:              0.2249
test_action_0_mean:        0.7105	test_action_1_mean:        0.2850	test_action_2_mean:        0.0045	test_ep_length_mean:      30.0000
test_return_mean:        -168.4376	test_return_std:          34.2144	
2026-04-29 21:41:29,188 - my_experiment - IMPuc50_IQL_RNN_44 - my_run - INFO - t_env: 1226010 / 2050000
2026-04-29 21:41:29,188 - my_experiment - IMPuc50_IQL_RNN_44 - my_run - INFO - Estimated time left: 1 hours, 53 minutes, 2 seconds. Time passed: 2 hours, 53 minutes, 53 seconds
2026-04-29 21:44:55,370 - my_experiment - IMPuc50_IQL_RNN_44 - my_run - INFO - Recent Stats | t_env:    1251000 | Episode:    41700
action_0_mean:             0.6869	action_1_mean:             0.2927	action_2_mean:             0.0205	ep_length_mean:           30.0000
epsilon:                   0.0500	grad_norm:                 0.2546	loss:                      0.0939	q_taken_mean:              0.0502
return_mean:             -444.7848	return_std:               62.2741	target_mean:               0.0500	td_error_abs:              0.2264
test_action_0_mean:        0.6971	test_action_1_mean:        0.2983	test_action_2_mean:        0.0046	test_ep_length_mean:      30.0000
test_return_mean:        -169.0929	test_return_std:          33.1833	
2026-04-29 21:44:55,606 - my_experiment - IMPuc50_IQL_RNN_44 - my_run - INFO - t_env: 1251030 / 2050000
2026-04-29 21:44:55,607 - my_experiment - IMPuc50_IQL_RNN_44 - my_run - INFO - Estimated time left: 1 hours, 49 minutes, 51 seconds. Time passed: 2 hours, 57 minutes, 19 seconds
2026-04-29 21:48:21,081 - my_experiment - IMPuc50_IQL_RNN_44 - my_run - INFO - Recent Stats | t_env:    1276020 | Episode:    42534
action_0_mean:             0.6875	action_1_mean:             0.2920	action_2_mean:             0.0205	ep_length_mean:           30.0000
epsilon:                   0.0500	grad_norm:                 0.1793	loss:                      0.0961	q_taken_mean:              0.0497
return_mean:             -444.6681	return_std:               62.1138	target_mean:               0.0496	td_error_abs:              0.2283
test_action_0_mean:        0.7171	test_action_1_mean:        0.2783	test_action_2_mean:        0.0046	test_ep_length_mean:      30.0000
test_return_mean:        -169.7761	test_return_std:          33.2274	
2026-04-29 21:48:21,323 - my_experiment - IMPuc50_IQL_RNN_44 - my_run - INFO - t_env: 1276050 / 2050000
2026-04-29 21:48:21,323 - my_experiment - IMPuc50_IQL_RNN_44 - my_run - INFO - Estimated time left: 1 hours, 46 minutes, 3 seconds. Time passed: 3 hours, 45 seconds
2026-04-29 21:51:46,030 - my_experiment - IMPuc50_IQL_RNN_44 - my_run - INFO - Recent Stats | t_env:    1301040 | Episode:    43368
action_0_mean:             0.6914	action_1_mean:             0.2881	action_2_mean:             0.0206	ep_length_mean:           30.0000
epsilon:                   0.0500	grad_norm:                 0.1885	loss:                      0.0969	q_taken_mean:              0.0494
return_mean:             -444.8831	return_std:               62.1249	target_mean:               0.0493	td_error_abs:              0.2296
test_action_0_mean:        0.7512	test_action_1_mean:        0.2441	test_action_2_mean:        0.0046	test_ep_length_mean:      30.0000
test_return_mean:        -165.8408	test_return_std:          32.9535	
2026-04-29 21:51:46,262 - my_experiment - IMPuc50_IQL_RNN_44 - my_run - INFO - t_env: 1301070 / 2050000
2026-04-29 21:51:46,263 - my_experiment - IMPuc50_IQL_RNN_44 - my_run - INFO - Estimated time left: 1 hours, 42 minutes, 14 seconds. Time passed: 3 hours, 4 minutes, 10 seconds
2026-04-29 21:55:09,859 - my_experiment - IMPuc50_IQL_RNN_44 - my_run - INFO - Recent Stats | t_env:    1326060 | Episode:    44202
action_0_mean:             0.6957	action_1_mean:             0.2837	action_2_mean:             0.0206	ep_length_mean:           30.0000
epsilon:                   0.0500	grad_norm:                 0.1571	loss:                      0.0993	q_taken_mean:              0.0488
return_mean:             -445.2125	return_std:               61.4985	target_mean:               0.0488	td_error_abs:              0.2329
test_action_0_mean:        0.7566	test_action_1_mean:        0.2387	test_action_2_mean:        0.0047	test_ep_length_mean:      30.0000
test_return_mean:        -166.0100	test_return_std:          30.8934	
2026-04-29 21:55:10,128 - my_experiment - IMPuc50_IQL_RNN_44 - my_run - INFO - t_env: 1326090 / 2050000
2026-04-29 21:55:10,129 - my_experiment - IMPuc50_IQL_RNN_44 - my_run - INFO - Estimated time left: 1 hours, 38 minutes, 18 seconds. Time passed: 3 hours, 7 minutes, 34 seconds
2026-04-29 21:58:34,165 - my_experiment - IMPuc50_IQL_RNN_44 - my_run - INFO - Recent Stats | t_env:    1351080 | Episode:    45036
action_0_mean:             0.6964	action_1_mean:             0.2830	action_2_mean:             0.0206	ep_length_mean:           30.0000
epsilon:                   0.0500	grad_norm:                 0.1602	loss:                      0.1003	q_taken_mean:              0.0484
return_mean:             -443.9842	return_std:               61.0760	target_mean:               0.0484	td_error_abs:              0.2340
test_action_0_mean:        0.7612	test_action_1_mean:        0.2341	test_action_2_mean:        0.0047	test_ep_length_mean:      30.0000
test_return_mean:        -167.0714	test_return_std:          32.8849	
2026-04-29 21:58:34,417 - my_experiment - IMPuc50_IQL_RNN_44 - my_run - INFO - t_env: 1351110 / 2050000
2026-04-29 21:58:34,418 - my_experiment - IMPuc50_IQL_RNN_44 - my_run - INFO - Estimated time left: 1 hours, 35 minutes, 6 seconds. Time passed: 3 hours, 10 minutes, 58 seconds
2026-04-29 22:02:01,845 - my_experiment - IMPuc50_IQL_RNN_44 - my_run - INFO - Recent Stats | t_env:    1376100 | Episode:    45870
action_0_mean:             0.7014	action_1_mean:             0.2780	action_2_mean:             0.0206	ep_length_mean:           30.0000
epsilon:                   0.0500	grad_norm:                 0.1297	loss:                      0.1007	q_taken_mean:              0.0480
return_mean:             -444.0419	return_std:               61.0083	target_mean:               0.0481	td_error_abs:              0.2339
test_action_0_mean:        0.7363	test_action_1_mean:        0.2592	test_action_2_mean:        0.0045	test_ep_length_mean:      30.0000
test_return_mean:        -172.7799	test_return_std:          32.9556	
2026-04-29 22:02:02,101 - my_experiment - IMPuc50_IQL_RNN_44 - my_run - INFO - t_env: 1376130 / 2050000
2026-04-29 22:02:02,101 - my_experiment - IMPuc50_IQL_RNN_44 - my_run - INFO - Estimated time left: 1 hours, 33 minutes, 13 seconds. Time passed: 3 hours, 14 minutes, 26 seconds
2026-04-29 22:05:21,280 - my_experiment - IMPuc50_IQL_RNN_44 - my_run - INFO - Saving models to work_dirs/my_experiment/IMPuc50_IQL_RNN_44/my_run/20260429_184729/models/1400100
2026-04-29 22:05:29,611 - my_experiment - IMPuc50_IQL_RNN_44 - my_run - INFO - Recent Stats | t_env:    1401120 | Episode:    46704
action_0_mean:             0.6993	action_1_mean:             0.2803	action_2_mean:             0.0204	ep_length_mean:           30.0000
epsilon:                   0.0500	grad_norm:                 0.1415	loss:                      0.1018	q_taken_mean:              0.0479
return_mean:             -441.9104	return_std:               61.1916	target_mean:               0.0480	td_error_abs:              0.2365
test_action_0_mean:        0.7145	test_action_1_mean:        0.2811	test_action_2_mean:        0.0044	test_ep_length_mean:      30.0000
test_return_mean:        -174.0863	test_return_std:          33.0401	
2026-04-29 22:05:29,861 - my_experiment - IMPuc50_IQL_RNN_44 - my_run - INFO - t_env: 1401150 / 2050000
2026-04-29 22:05:29,862 - my_experiment - IMPuc50_IQL_RNN_44 - my_run - INFO - Estimated time left: 1 hours, 29 minutes, 47 seconds. Time passed: 3 hours, 17 minutes, 53 seconds
2026-04-29 22:08:57,891 - my_experiment - IMPuc50_IQL_RNN_44 - my_run - INFO - Recent Stats | t_env:    1426140 | Episode:    47538
action_0_mean:             0.6954	action_1_mean:             0.2843	action_2_mean:             0.0203	ep_length_mean:           30.0000
epsilon:                   0.0500	grad_norm:                 0.1740	loss:                      0.1044	q_taken_mean:              0.0479
return_mean:             -441.8278	return_std:               61.2435	target_mean:               0.0479	td_error_abs:              0.2392
test_action_0_mean:        0.6862	test_action_1_mean:        0.3095	test_action_2_mean:        0.0043	test_ep_length_mean:      30.0000
test_return_mean:        -177.4593	test_return_std:          34.8125	
2026-04-29 22:08:58,136 - my_experiment - IMPuc50_IQL_RNN_44 - my_run - INFO - t_env: 1426170 / 2050000
2026-04-29 22:08:58,136 - my_experiment - IMPuc50_IQL_RNN_44 - my_run - INFO - Estimated time left: 1 hours, 26 minutes, 32 seconds. Time passed: 3 hours, 21 minutes, 22 seconds
2026-04-29 22:12:21,335 - my_experiment - IMPuc50_IQL_RNN_44 - my_run - INFO - Recent Stats | t_env:    1451160 | Episode:    48372
action_0_mean:             0.6897	action_1_mean:             0.2900	action_2_mean:             0.0203	ep_length_mean:           30.0000
epsilon:                   0.0500	grad_norm:                 0.1700	loss:                      0.1050	q_taken_mean:              0.0478
return_mean:             -442.3336	return_std:               61.9456	target_mean:               0.0479	td_error_abs:              0.2400
test_action_0_mean:        0.6807	test_action_1_mean:        0.3152	test_action_2_mean:        0.0042	test_ep_length_mean:      30.0000
test_return_mean:        -176.4091	test_return_std:          36.6286	
2026-04-29 22:12:21,567 - my_experiment - IMPuc50_IQL_RNN_44 - my_run - INFO - t_env: 1451190 / 2050000
2026-04-29 22:12:21,568 - my_experiment - IMPuc50_IQL_RNN_44 - my_run - INFO - Estimated time left: 1 hours, 21 minutes, 8 seconds. Time passed: 3 hours, 24 minutes, 45 seconds
2026-04-29 22:15:47,395 - my_experiment - IMPuc50_IQL_RNN_44 - my_run - INFO - Recent Stats | t_env:    1476180 | Episode:    49206
action_0_mean:             0.6908	action_1_mean:             0.2889	action_2_mean:             0.0202	ep_length_mean:           30.0000
epsilon:                   0.0500	grad_norm:                 0.1971	loss:                      0.1091	q_taken_mean:              0.0477
return_mean:             -442.4161	return_std:               62.0070	target_mean:               0.0477	td_error_abs:              0.2439
test_action_0_mean:        0.6925	test_action_1_mean:        0.3032	test_action_2_mean:        0.0043	test_ep_length_mean:      30.0000
test_return_mean:        -176.1885	test_return_std:          33.5312	
2026-04-29 22:15:47,652 - my_experiment - IMPuc50_IQL_RNN_44 - my_run - INFO - t_env: 1476210 / 2050000
2026-04-29 22:15:47,653 - my_experiment - IMPuc50_IQL_RNN_44 - my_run - INFO - Estimated time left: 1 hours, 18 minutes, 46 seconds. Time passed: 3 hours, 28 minutes, 11 seconds
2026-04-29 22:19:12,300 - my_experiment - IMPuc50_IQL_RNN_44 - my_run - INFO - Recent Stats | t_env:    1501200 | Episode:    50040
action_0_mean:             0.6869	action_1_mean:             0.2929	action_2_mean:             0.0202	ep_length_mean:           30.0000
epsilon:                   0.0500	grad_norm:                 0.1952	loss:                      0.1125	q_taken_mean:              0.0475
return_mean:             -442.0637	return_std:               62.5991	target_mean:               0.0475	td_error_abs:              0.2474
test_action_0_mean:        0.7070	test_action_1_mean:        0.2887	test_action_2_mean:        0.0043	test_ep_length_mean:      30.0000
test_return_mean:        -171.5980	test_return_std:          34.1419	
2026-04-29 22:19:12,533 - my_experiment - IMPuc50_IQL_RNN_44 - my_run - INFO - t_env: 1501230 / 2050000
2026-04-29 22:19:12,534 - my_experiment - IMPuc50_IQL_RNN_44 - my_run - INFO - Estimated time left: 1 hours, 14 minutes, 53 seconds. Time passed: 3 hours, 31 minutes, 36 seconds
2026-04-29 22:22:39,597 - my_experiment - IMPuc50_IQL_RNN_44 - my_run - INFO - Recent Stats | t_env:    1526220 | Episode:    50874
action_0_mean:             0.6937	action_1_mean:             0.2859	action_2_mean:             0.0203	ep_length_mean:           30.0000
epsilon:                   0.0500	grad_norm:                 0.1849	loss:                      0.1137	q_taken_mean:              0.0473
return_mean:             -442.8197	return_std:               62.5758	target_mean:               0.0473	td_error_abs:              0.2487
test_action_0_mean:        0.7303	test_action_1_mean:        0.2653	test_action_2_mean:        0.0044	test_ep_length_mean:      30.0000
test_return_mean:        -170.5371	test_return_std:          33.9068	
2026-04-29 22:22:39,845 - my_experiment - IMPuc50_IQL_RNN_44 - my_run - INFO - t_env: 1526250 / 2050000
2026-04-29 22:22:39,846 - my_experiment - IMPuc50_IQL_RNN_44 - my_run - INFO - Estimated time left: 1 hours, 12 minutes, 19 seconds. Time passed: 3 hours, 35 minutes, 3 seconds
2026-04-29 22:26:04,849 - my_experiment - IMPuc50_IQL_RNN_44 - my_run - INFO - Recent Stats | t_env:    1551240 | Episode:    51708
action_0_mean:             0.6946	action_1_mean:             0.2851	action_2_mean:             0.0203	ep_length_mean:           30.0000
epsilon:                   0.0500	grad_norm:                 0.1439	loss:                      0.1163	q_taken_mean:              0.0470
return_mean:             -441.6664	return_std:               62.0803	target_mean:               0.0469	td_error_abs:              0.2508
test_action_0_mean:        0.7450	test_action_1_mean:        0.2507	test_action_2_mean:        0.0044	test_ep_length_mean:      30.0000
test_return_mean:        -167.7482	test_return_std:          33.7381	
2026-04-29 22:26:05,099 - my_experiment - IMPuc50_IQL_RNN_44 - my_run - INFO - t_env: 1551270 / 2050000
2026-04-29 22:26:05,100 - my_experiment - IMPuc50_IQL_RNN_44 - my_run - INFO - Estimated time left: 1 hours, 8 minutes, 11 seconds. Time passed: 3 hours, 38 minutes, 29 seconds
2026-04-29 22:29:32,693 - my_experiment - IMPuc50_IQL_RNN_44 - my_run - INFO - Recent Stats | t_env:    1576260 | Episode:    52542
action_0_mean:             0.7011	action_1_mean:             0.2786	action_2_mean:             0.0203	ep_length_mean:           30.0000
epsilon:                   0.0500	grad_norm:                 0.1498	loss:                      0.1172	q_taken_mean:              0.0466
return_mean:             -440.6630	return_std:               62.1995	target_mean:               0.0465	td_error_abs:              0.2522
test_action_0_mean:        0.7359	test_action_1_mean:        0.2596	test_action_2_mean:        0.0045	test_ep_length_mean:      30.0000
test_return_mean:        -169.9103	test_return_std:          34.5526	
2026-04-29 22:29:32,922 - my_experiment - IMPuc50_IQL_RNN_44 - my_run - INFO - t_env: 1576290 / 2050000
2026-04-29 22:29:32,923 - my_experiment - IMPuc50_IQL_RNN_44 - my_run - INFO - Estimated time left: 1 hours, 5 minutes, 34 seconds. Time passed: 3 hours, 41 minutes, 56 seconds
2026-04-29 22:32:51,269 - my_experiment - IMPuc50_IQL_RNN_44 - my_run - INFO - Saving models to work_dirs/my_experiment/IMPuc50_IQL_RNN_44/my_run/20260429_184729/models/1600110
2026-04-29 22:33:00,537 - my_experiment - IMPuc50_IQL_RNN_44 - my_run - INFO - Recent Stats | t_env:    1601280 | Episode:    53376
action_0_mean:             0.6924	action_1_mean:             0.2872	action_2_mean:             0.0203	ep_length_mean:           30.0000
epsilon:                   0.0500	grad_norm:                 0.1304	loss:                      0.1160	q_taken_mean:              0.0462
return_mean:             -441.0294	return_std:               62.7569	target_mean:               0.0461	td_error_abs:              0.2515
test_action_0_mean:        0.7312	test_action_1_mean:        0.2643	test_action_2_mean:        0.0045	test_ep_length_mean:      30.0000
test_return_mean:        -171.4949	test_return_std:          34.9282	
2026-04-29 22:33:00,782 - my_experiment - IMPuc50_IQL_RNN_44 - my_run - INFO - t_env: 1601310 / 2050000
2026-04-29 22:33:00,783 - my_experiment - IMPuc50_IQL_RNN_44 - my_run - INFO - Estimated time left: 1 hours, 2 minutes, 7 seconds. Time passed: 3 hours, 45 minutes, 24 seconds
2026-04-29 22:36:30,126 - my_experiment - IMPuc50_IQL_RNN_44 - my_run - INFO - Recent Stats | t_env:    1626300 | Episode:    54210
action_0_mean:             0.6877	action_1_mean:             0.2919	action_2_mean:             0.0204	ep_length_mean:           30.0000
epsilon:                   0.0500	grad_norm:                 0.1263	loss:                      0.1172	q_taken_mean:              0.0456
return_mean:             -441.6946	return_std:               62.9031	target_mean:               0.0456	td_error_abs:              0.2535
test_action_0_mean:        0.7353	test_action_1_mean:        0.2602	test_action_2_mean:        0.0045	test_ep_length_mean:      30.0000
test_return_mean:        -170.5774	test_return_std:          34.0166	
2026-04-29 22:36:30,370 - my_experiment - IMPuc50_IQL_RNN_44 - my_run - INFO - t_env: 1626330 / 2050000
2026-04-29 22:36:30,370 - my_experiment - IMPuc50_IQL_RNN_44 - my_run - INFO - Estimated time left: 59 minutes, 8 seconds. Time passed: 3 hours, 48 minutes, 54 seconds
2026-04-29 22:39:58,438 - my_experiment - IMPuc50_IQL_RNN_44 - my_run - INFO - Recent Stats | t_env:    1651320 | Episode:    55044
action_0_mean:             0.6759	action_1_mean:             0.3037	action_2_mean:             0.0204	ep_length_mean:           30.0000
epsilon:                   0.0500	grad_norm:                 0.1392	loss:                      0.1195	q_taken_mean:              0.0451
return_mean:             -442.2926	return_std:               63.2120	target_mean:               0.0451	td_error_abs:              0.2550
test_action_0_mean:        0.7115	test_action_1_mean:        0.2839	test_action_2_mean:        0.0046	test_ep_length_mean:      30.0000
test_return_mean:        -171.0204	test_return_std:          34.7304	
2026-04-29 22:39:58,676 - my_experiment - IMPuc50_IQL_RNN_44 - my_run - INFO - t_env: 1651350 / 2050000
2026-04-29 22:39:58,677 - my_experiment - IMPuc50_IQL_RNN_44 - my_run - INFO - Estimated time left: 55 minutes, 18 seconds. Time passed: 3 hours, 52 minutes, 22 seconds
2026-04-29 22:43:22,758 - my_experiment - IMPuc50_IQL_RNN_44 - my_run - INFO - Recent Stats | t_env:    1676340 | Episode:    55878
action_0_mean:             0.6751	action_1_mean:             0.3045	action_2_mean:             0.0204	ep_length_mean:           30.0000
epsilon:                   0.0500	grad_norm:                 0.1240	loss:                      0.1192	q_taken_mean:              0.0444
return_mean:             -443.2793	return_std:               64.1551	target_mean:               0.0444	td_error_abs:              0.2549
test_action_0_mean:        0.7191	test_action_1_mean:        0.2762	test_action_2_mean:        0.0047	test_ep_length_mean:      30.0000
test_return_mean:        -175.4693	test_return_std:          39.7834	
2026-04-29 22:43:23,001 - my_experiment - IMPuc50_IQL_RNN_44 - my_run - INFO - t_env: 1676370 / 2050000
2026-04-29 22:43:23,001 - my_experiment - IMPuc50_IQL_RNN_44 - my_run - INFO - Estimated time left: 50 minutes, 51 seconds. Time passed: 3 hours, 55 minutes, 47 seconds
2026-04-29 22:46:47,766 - my_experiment - IMPuc50_IQL_RNN_44 - my_run - INFO - Recent Stats | t_env:    1701360 | Episode:    56712
action_0_mean:             0.6765	action_1_mean:             0.3031	action_2_mean:             0.0204	ep_length_mean:           30.0000
epsilon:                   0.0500	grad_norm:                 0.1266	loss:                      0.1203	q_taken_mean:              0.0441
return_mean:             -442.5534	return_std:               63.7497	target_mean:               0.0441	td_error_abs:              0.2558
test_action_0_mean:        0.7273	test_action_1_mean:        0.2680	test_action_2_mean:        0.0046	test_ep_length_mean:      30.0000
test_return_mean:        -173.1547	test_return_std:          38.8175	
2026-04-29 22:46:48,041 - my_experiment - IMPuc50_IQL_RNN_44 - my_run - INFO - t_env: 1701390 / 2050000
2026-04-29 22:46:48,041 - my_experiment - IMPuc50_IQL_RNN_44 - my_run - INFO - Estimated time left: 47 minutes, 36 seconds. Time passed: 3 hours, 59 minutes, 12 seconds
2026-04-29 22:50:11,381 - my_experiment - IMPuc50_IQL_RNN_44 - my_run - INFO - Recent Stats | t_env:    1726380 | Episode:    57546
action_0_mean:             0.6839	action_1_mean:             0.2957	action_2_mean:             0.0204	ep_length_mean:           30.0000
epsilon:                   0.0500	grad_norm:                 0.1335	loss:                      0.1231	q_taken_mean:              0.0440
return_mean:             -442.4305	return_std:               63.3706	target_mean:               0.0440	td_error_abs:              0.2585
test_action_0_mean:        0.7174	test_action_1_mean:        0.2781	test_action_2_mean:        0.0045	test_ep_length_mean:      30.0000
test_return_mean:        -169.5519	test_return_std:          37.5932	
2026-04-29 22:50:11,653 - my_experiment - IMPuc50_IQL_RNN_44 - my_run - INFO - t_env: 1726410 / 2050000
2026-04-29 22:50:11,654 - my_experiment - IMPuc50_IQL_RNN_44 - my_run - INFO - Estimated time left: 43 minutes, 53 seconds. Time passed: 4 hours, 2 minutes, 35 seconds
2026-04-29 22:53:35,073 - my_experiment - IMPuc50_IQL_RNN_44 - my_run - INFO - Recent Stats | t_env:    1751400 | Episode:    58380
action_0_mean:             0.6939	action_1_mean:             0.2857	action_2_mean:             0.0204	ep_length_mean:           30.0000
epsilon:                   0.0500	grad_norm:                 0.1414	loss:                      0.1227	q_taken_mean:              0.0439
return_mean:             -440.9522	return_std:               63.2628	target_mean:               0.0440	td_error_abs:              0.2582
test_action_0_mean:        0.7411	test_action_1_mean:        0.2542	test_action_2_mean:        0.0046	test_ep_length_mean:      30.0000
test_return_mean:        -169.0562	test_return_std:          38.8665	
2026-04-29 22:53:35,356 - my_experiment - IMPuc50_IQL_RNN_44 - my_run - INFO - t_env: 1751430 / 2050000
2026-04-29 22:53:35,357 - my_experiment - IMPuc50_IQL_RNN_44 - my_run - INFO - Estimated time left: 40 minutes, 30 seconds. Time passed: 4 hours, 5 minutes, 59 seconds
2026-04-29 22:57:03,173 - my_experiment - IMPuc50_IQL_RNN_44 - my_run - INFO - Recent Stats | t_env:    1776420 | Episode:    59214
action_0_mean:             0.7059	action_1_mean:             0.2737	action_2_mean:             0.0204	ep_length_mean:           30.0000
epsilon:                   0.0500	grad_norm:                 0.1388	loss:                      0.1232	q_taken_mean:              0.0439
return_mean:             -439.6876	return_std:               62.9377	target_mean:               0.0438	td_error_abs:              0.2596
test_action_0_mean:        0.7337	test_action_1_mean:        0.2618	test_action_2_mean:        0.0045	test_ep_length_mean:      30.0000
test_return_mean:        -170.7212	test_return_std:          42.9525	
2026-04-29 22:57:03,417 - my_experiment - IMPuc50_IQL_RNN_44 - my_run - INFO - t_env: 1776450 / 2050000
2026-04-29 22:57:03,418 - my_experiment - IMPuc50_IQL_RNN_44 - my_run - INFO - Estimated time left: 37 minutes, 54 seconds. Time passed: 4 hours, 9 minutes, 27 seconds
2026-04-29 23:00:18,816 - my_experiment - IMPuc50_IQL_RNN_44 - my_run - INFO - Saving models to work_dirs/my_experiment/IMPuc50_IQL_RNN_44/my_run/20260429_184729/models/1800120
2026-04-29 23:00:29,248 - my_experiment - IMPuc50_IQL_RNN_44 - my_run - INFO - Recent Stats | t_env:    1801440 | Episode:    60048
action_0_mean:             0.7069	action_1_mean:             0.2727	action_2_mean:             0.0204	ep_length_mean:           30.0000
epsilon:                   0.0500	grad_norm:                 0.1308	loss:                      0.1258	q_taken_mean:              0.0440
return_mean:             -438.8639	return_std:               61.9632	target_mean:               0.0439	td_error_abs:              0.2630
test_action_0_mean:        0.7182	test_action_1_mean:        0.2773	test_action_2_mean:        0.0045	test_ep_length_mean:      30.0000
test_return_mean:        -166.1677	test_return_std:          37.4192	
2026-04-29 23:00:29,522 - my_experiment - IMPuc50_IQL_RNN_44 - my_run - INFO - t_env: 1801470 / 2050000
2026-04-29 23:00:29,522 - my_experiment - IMPuc50_IQL_RNN_44 - my_run - INFO - Estimated time left: 34 minutes, 7 seconds. Time passed: 4 hours, 12 minutes, 53 seconds
2026-04-29 23:03:56,406 - my_experiment - IMPuc50_IQL_RNN_44 - my_run - INFO - Recent Stats | t_env:    1826460 | Episode:    60882
action_0_mean:             0.7033	action_1_mean:             0.2763	action_2_mean:             0.0204	ep_length_mean:           30.0000
epsilon:                   0.0500	grad_norm:                 0.1614	loss:                      0.1292	q_taken_mean:              0.0439
return_mean:             -439.3558	return_std:               62.3033	target_mean:               0.0437	td_error_abs:              0.2658
test_action_0_mean:        0.7151	test_action_1_mean:        0.2805	test_action_2_mean:        0.0045	test_ep_length_mean:      30.0000
test_return_mean:        -167.7700	test_return_std:          38.1501	
2026-04-29 23:03:56,640 - my_experiment - IMPuc50_IQL_RNN_44 - my_run - INFO - t_env: 1826490 / 2050000
2026-04-29 23:03:56,640 - my_experiment - IMPuc50_IQL_RNN_44 - my_run - INFO - Estimated time left: 30 minutes, 50 seconds. Time passed: 4 hours, 16 minutes, 20 seconds
2026-04-29 23:07:20,576 - my_experiment - IMPuc50_IQL_RNN_44 - my_run - INFO - Recent Stats | t_env:    1851480 | Episode:    61716
action_0_mean:             0.6966	action_1_mean:             0.2830	action_2_mean:             0.0204	ep_length_mean:           30.0000
epsilon:                   0.0500	grad_norm:                 0.1579	loss:                      0.1304	q_taken_mean:              0.0434
return_mean:             -439.8045	return_std:               62.2509	target_mean:               0.0433	td_error_abs:              0.2683
test_action_0_mean:        0.7171	test_action_1_mean:        0.2785	test_action_2_mean:        0.0044	test_ep_length_mean:      30.0000
test_return_mean:        -167.5508	test_return_std:          38.8399	
2026-04-29 23:07:20,830 - my_experiment - IMPuc50_IQL_RNN_44 - my_run - INFO - t_env: 1851510 / 2050000
2026-04-29 23:07:20,830 - my_experiment - IMPuc50_IQL_RNN_44 - my_run - INFO - Estimated time left: 26 minutes, 59 seconds. Time passed: 4 hours, 19 minutes, 44 seconds
2026-04-29 23:10:48,683 - my_experiment - IMPuc50_IQL_RNN_44 - my_run - INFO - Recent Stats | t_env:    1876500 | Episode:    62550
action_0_mean:             0.6941	action_1_mean:             0.2855	action_2_mean:             0.0204	ep_length_mean:           30.0000
epsilon:                   0.0500	grad_norm:                 0.1661	loss:                      0.1360	q_taken_mean:              0.0429
return_mean:             -441.6789	return_std:               62.2429	target_mean:               0.0428	td_error_abs:              0.2730
test_action_0_mean:        0.6862	test_action_1_mean:        0.3096	test_action_2_mean:        0.0042	test_ep_length_mean:      30.0000
test_return_mean:        -170.1271	test_return_std:          37.3604	
2026-04-29 23:10:48,935 - my_experiment - IMPuc50_IQL_RNN_44 - my_run - INFO - t_env: 1876530 / 2050000
2026-04-29 23:10:48,935 - my_experiment - IMPuc50_IQL_RNN_44 - my_run - INFO - Estimated time left: 24 minutes, 2 seconds. Time passed: 4 hours, 23 minutes, 12 seconds
2026-04-29 23:14:16,023 - my_experiment - IMPuc50_IQL_RNN_44 - my_run - INFO - Recent Stats | t_env:    1901520 | Episode:    63384
action_0_mean:             0.6856	action_1_mean:             0.2939	action_2_mean:             0.0204	ep_length_mean:           30.0000
epsilon:                   0.0500	grad_norm:                 0.1525	loss:                      0.1395	q_taken_mean:              0.0425
return_mean:             -443.9757	return_std:               62.0447	target_mean:               0.0424	td_error_abs:              0.2757
test_action_0_mean:        0.7021	test_action_1_mean:        0.2936	test_action_2_mean:        0.0043	test_ep_length_mean:      30.0000
test_return_mean:        -166.7727	test_return_std:          32.3891	
2026-04-29 23:14:16,262 - my_experiment - IMPuc50_IQL_RNN_44 - my_run - INFO - t_env: 1901550 / 2050000
2026-04-29 23:14:16,262 - my_experiment - IMPuc50_IQL_RNN_44 - my_run - INFO - Estimated time left: 20 minutes, 30 seconds. Time passed: 4 hours, 26 minutes, 40 seconds
2026-04-29 23:17:42,809 - my_experiment - IMPuc50_IQL_RNN_44 - my_run - INFO - Recent Stats | t_env:    1926540 | Episode:    64218
action_0_mean:             0.6850	action_1_mean:             0.2945	action_2_mean:             0.0205	ep_length_mean:           30.0000
epsilon:                   0.0500	grad_norm:                 0.1501	loss:                      0.1404	q_taken_mean:              0.0419
return_mean:             -445.9072	return_std:               62.5497	target_mean:               0.0420	td_error_abs:              0.2768
test_action_0_mean:        0.7158	test_action_1_mean:        0.2799	test_action_2_mean:        0.0043	test_ep_length_mean:      30.0000
test_return_mean:        -168.5213	test_return_std:          33.1753	
2026-04-29 23:17:43,050 - my_experiment - IMPuc50_IQL_RNN_44 - my_run - INFO - t_env: 1926570 / 2050000
2026-04-29 23:17:43,050 - my_experiment - IMPuc50_IQL_RNN_44 - my_run - INFO - Estimated time left: 17 minutes, 0 seconds. Time passed: 4 hours, 30 minutes, 7 seconds
2026-04-29 23:21:08,352 - my_experiment - IMPuc50_IQL_RNN_44 - my_run - INFO - Recent Stats | t_env:    1951560 | Episode:    65052
action_0_mean:             0.6830	action_1_mean:             0.2965	action_2_mean:             0.0205	ep_length_mean:           30.0000
epsilon:                   0.0500	grad_norm:                 0.1243	loss:                      0.1419	q_taken_mean:              0.0416
return_mean:             -445.4309	return_std:               62.4347	target_mean:               0.0417	td_error_abs:              0.2789
test_action_0_mean:        0.7048	test_action_1_mean:        0.2909	test_action_2_mean:        0.0044	test_ep_length_mean:      30.0000
test_return_mean:        -169.6227	test_return_std:          31.2855	
2026-04-29 23:21:08,599 - my_experiment - IMPuc50_IQL_RNN_44 - my_run - INFO - t_env: 1951590 / 2050000
2026-04-29 23:21:08,599 - my_experiment - IMPuc50_IQL_RNN_44 - my_run - INFO - Estimated time left: 13 minutes, 28 seconds. Time passed: 4 hours, 33 minutes, 32 seconds
2026-04-29 23:24:33,393 - my_experiment - IMPuc50_IQL_RNN_44 - my_run - INFO - Recent Stats | t_env:    1976580 | Episode:    65886
action_0_mean:             0.6868	action_1_mean:             0.2927	action_2_mean:             0.0205	ep_length_mean:           30.0000
epsilon:                   0.0500	grad_norm:                 0.1290	loss:                      0.1416	q_taken_mean:              0.0418
return_mean:             -444.3800	return_std:               61.6965	target_mean:               0.0419	td_error_abs:              0.2788
test_action_0_mean:        0.6963	test_action_1_mean:        0.2993	test_action_2_mean:        0.0044	test_ep_length_mean:      30.0000
test_return_mean:        -170.9565	test_return_std:          31.9294	
2026-04-29 23:24:33,650 - my_experiment - IMPuc50_IQL_RNN_44 - my_run - INFO - t_env: 1976610 / 2050000
2026-04-29 23:24:33,650 - my_experiment - IMPuc50_IQL_RNN_44 - my_run - INFO - Estimated time left: 10 minutes, 1 seconds. Time passed: 4 hours, 36 minutes, 57 seconds
2026-04-29 23:27:48,118 - my_experiment - IMPuc50_IQL_RNN_44 - my_run - INFO - Saving models to work_dirs/my_experiment/IMPuc50_IQL_RNN_44/my_run/20260429_184729/models/2000130
2026-04-29 23:27:59,849 - my_experiment - IMPuc50_IQL_RNN_44 - my_run - INFO - Recent Stats | t_env:    2001600 | Episode:    66720
action_0_mean:             0.6858	action_1_mean:             0.2937	action_2_mean:             0.0205	ep_length_mean:           30.0000
epsilon:                   0.0500	grad_norm:                 0.1233	loss:                      0.1422	q_taken_mean:              0.0420
return_mean:             -443.7171	return_std:               61.8290	target_mean:               0.0421	td_error_abs:              0.2791
test_action_0_mean:        0.6985	test_action_1_mean:        0.2970	test_action_2_mean:        0.0045	test_ep_length_mean:      30.0000
test_return_mean:        -171.0329	test_return_std:          36.8468	
2026-04-29 23:28:00,096 - my_experiment - IMPuc50_IQL_RNN_44 - my_run - INFO - t_env: 2001630 / 2050000
2026-04-29 23:28:00,096 - my_experiment - IMPuc50_IQL_RNN_44 - my_run - INFO - Estimated time left: 6 minutes, 39 seconds. Time passed: 4 hours, 40 minutes, 24 seconds
2026-04-29 23:31:22,559 - my_experiment - IMPuc50_IQL_RNN_44 - my_run - INFO - Recent Stats | t_env:    2026620 | Episode:    67554
action_0_mean:             0.6880	action_1_mean:             0.2915	action_2_mean:             0.0205	ep_length_mean:           30.0000
epsilon:                   0.0500	grad_norm:                 0.1284	loss:                      0.1459	q_taken_mean:              0.0421
return_mean:             -443.4715	return_std:               61.7792	target_mean:               0.0421	td_error_abs:              0.2825
test_action_0_mean:        0.7023	test_action_1_mean:        0.2933	test_action_2_mean:        0.0044	test_ep_length_mean:      30.0000
test_return_mean:        -172.8308	test_return_std:          37.7268	
2026-04-29 23:31:22,806 - my_experiment - IMPuc50_IQL_RNN_44 - my_run - INFO - t_env: 2026650 / 2050000
2026-04-29 23:31:22,807 - my_experiment - IMPuc50_IQL_RNN_44 - my_run - INFO - Estimated time left: 3 minutes, 9 seconds. Time passed: 4 hours, 43 minutes, 46 seconds
2026-04-29 23:34:32,486 - my_experiment - IMPuc50_IQL_RNN_44 - my_run - INFO - Finished Training
