JOB ID: 1920140
Running on node: tikgpu02
Project Directory: /usr/itetnas04/data-scratch-01/pparsons/data/MyExpoComm
--------------------------------
Algorithm:   iql
Environment: IMP_struct_uc_100_cc
Profile:     IMPuc100_IQL_RNN_44
--------------------------------
Conda activated: /usr/itetnas04/data-scratch-01/pparsons/data/conda_envs/ExpoComm
Starting Run...
Exiting Main
Stopping all threads
Thread wandb-AsyncioManager-main is alive! Is daemon: True
Thread joined
Thread ChkStopThr is alive! Is daemon: True
Thread joined
Thread IntMsgThr is alive! Is daemon: True
Thread joined
Exiting script
[1;34mwandb[0m: 
[1;34mwandb[0m: 🚀 View run [33mmy_run-IMPuc100_IQL_RNN_44-20260429_074853[0m at: [34mhttps://wandb.ai/peterparsons02-eth-z-rich/my_experiment/runs/qo3hu2qp[0m
[1;34mwandb[0m: Find logs at: [1;35mwandb/run-20260429_074854-qo3hu2qp/logs[0m
Finished at: Wed Apr 29 14:21:15 CEST 2026
