Gym has been unmaintained since 2022 and does not support NumPy 2.0 amongst other critical functionality.
Please upgrade to Gymnasium, the maintained drop-in replacement of Gym, or contact the authors of your software and request that they upgrade.
Users of this version of Gym should be able to simply replace 'import gym' with 'import gymnasium as gym' in the vast majority of cases.
See the migration guide at https://gymnasium.farama.org/introduction/migration_guide/ for additional information.
src/main.py:81: DeprecationWarning: Using or importing the ABCs from 'collections' instead of from 'collections.abc' is deprecated since Python 3.3, and in 3.10 it will stop working
  if isinstance(v, collections.Mapping):
wandb: [wandb.login()] Loaded credentials for https://api.wandb.ai from /home/pparsons/.netrc.
wandb: Currently logged in as: peterparsons02 (peterparsons02-eth-z-rich) to https://api.wandb.ai. Use `wandb login --relogin` to force relogin
wandb: setting up run u9mz3tek
wandb: Tracking run with wandb version 0.24.1
wandb: Run data is saved locally in /usr/itetnas04/data-scratch-01/pparsons/data/MyExpoComm/wandb/run-20260428_051817-u9mz3tek
wandb: Run `wandb offline` to turn off syncing.
wandb: Syncing run my_run-IMPuc100_HybridComm_43-20260428_051816
wandb: ⭐️ View project at https://wandb.ai/peterparsons02-eth-z-rich/my_experiment
wandb: 🚀 View run at https://wandb.ai/peterparsons02-eth-z-rich/my_experiment/runs/u9mz3tek
2026-04-28 05:18:20,103 - my_experiment - IMPuc100_HybridComm_43 - my_run - INFO - Current directory: /usr/itetnas04/data-scratch-01/pparsons/data/MyExpoComm.
2026-04-28 05:18:20,104 - my_experiment - IMPuc100_HybridComm_43 - my_run - INFO - Experiment Parameters:
2026-04-28 05:18:20,106 - my_experiment - IMPuc100_HybridComm_43 - my_run - INFO - 

{   'action_selector': 'epsilon_greedy',
    'add_value_last_step': True,
    'agent': 'ExpoComm_one_peer_cont',
    'agent_output_type': 'q',
    'attention_dim': 32,
    'aux_coef': 0.1,
    'batch_size': 64,
    'batch_size_run': 1,
    'buffer_cpu_only': True,
    'buffer_size': 2000,
    'checkpoint_path': '',
    'common_reward': True,
    'double_q': True,
    'env': 'struct_marl',
    'env_args': {   'campaign_cost': True,
                    'custom_param': {   'k_comp': 95},
                    'discount_reward': 0.95,
                    'env_correlation': False,
                    'map_name': 'struct_uc_100',
                    'n_comp': 100,
                    'obs_all_d_rate': False,
                    'obs_alphas': False,
                    'obs_d_rate': False,
                    'obs_multiple': False,
                    'seed': 43,
                    'state_alphas': False,
                    'state_d_rate': True,
                    'state_obs': True,
                    'struct_type': 'struct'},
    'epsilon_anneal_time': 5000,
    'epsilon_finish': 0.05,
    'epsilon_start': 1.0,
    'evaluate': False,
    'evaluation_epsilon': 0.0,
    'exp_name': 'my_experiment',
    'gamma': 0.95,
    'global_reward': False,
    'grad_norm_clip': 10,
    'hidden_dim': 64,
    'hypergroup': None,
    'label': 'default_label',
    'learner': 'hybrid_comm_learner',
    'learner_log_interval': 25000,
    'load_step': 0,
    'local_results_path': 'results',
    'log_interval': 25000,
    'lr': 0.0005,
    'mac': 'ExpoComm_mac',
    'mixer': None,
    'name': 'IMPuc100_HybridComm_43',
    'neg_num': 20,
    'obs_agent_id': True,
    'obs_individual_obs': False,
    'obs_last_action': True,
    'one_peer': True,
    'optim_alpha': 0.99,
    'optim_eps': 1e-05,
    'render': False,
    'repeat_id': 1,
    'run_name': 'my_run',
    'runner': 'episode',
    'runner_log_interval': 25000,
    'save_model': True,
    'save_model_interval': 200000,
    'save_replay': False,
    'seed': 43,
    'standardise_returns': False,
    'standardise_rewards': True,
    't_max': 2050000,
    'target_update_interval_or_tau': 200,
    'temperature': 0.07,
    'test_greedy': True,
    'test_interval': 25000,
    'test_nepisode': 50,
    'topk_neighbors': 7,
    'use_cuda': True,
    'use_rnn': True,
    'use_tensorboard': True,
    'work_dir': 'work_dirs/my_experiment/IMPuc100_HybridComm_43/my_run/20260428_051816'}

2026-04-28 05:18:21,660 - my_experiment - IMPuc100_HybridComm_43 - my_run - INFO - Beginning training for 2050000 timesteps
2026-04-28 05:18:22,362 - my_experiment - IMPuc100_HybridComm_43 - my_run - INFO - t_env: 30 / 2050000
2026-04-28 05:18:22,362 - my_experiment - IMPuc100_HybridComm_43 - my_run - INFO - Estimated time left: 57 seconds. Time passed: 0 seconds
2026-04-28 05:18:42,027 - my_experiment - IMPuc100_HybridComm_43 - my_run - INFO - Saving models to work_dirs/my_experiment/IMPuc100_HybridComm_43/my_run/20260428_051816/models/30
2026-04-28 05:25:54,664 - my_experiment - IMPuc100_HybridComm_43 - my_run - INFO - Recent Stats | t_env:      25020 | Episode:      834
action_0_mean:             0.3410	action_1_mean:             0.3240	action_2_mean:             0.3350	ep_length_mean:           30.0000
epsilon:                   1.0000	grad_norm:                 0.1623	info_nce_loss:             2.9855	loss:                      1.1056
q_loss:                    1.0051	return_mean:             -10724.8762	return_std:                0.0000	test_action_0_mean:        0.0000
test_action_1_mean:        1.0000	test_action_2_mean:        0.0000	test_ep_length_mean:      30.0000	test_return_mean:        -2194.8556
test_return_std:         995.0530	
2026-04-28 05:25:55,215 - my_experiment - IMPuc100_HybridComm_43 - my_run - INFO - t_env: 25050 / 2050000
2026-04-28 05:25:55,216 - my_experiment - IMPuc100_HybridComm_43 - my_run - INFO - Estimated time left: 10 hours, 10 minutes, 50 seconds. Time passed: 7 minutes, 33 seconds
2026-04-28 05:33:51,776 - my_experiment - IMPuc100_HybridComm_43 - my_run - INFO - Recent Stats | t_env:      50040 | Episode:     1668
action_0_mean:             0.2697	action_1_mean:             0.5357	action_2_mean:             0.1946	ep_length_mean:           30.0000
epsilon:                   0.0500	grad_norm:                 0.7459	info_nce_loss:             1.4927	loss:                      0.7895
q_loss:                    0.7178	return_mean:             -6779.5151	return_std:              1147.8921	test_action_0_mean:        0.0696
test_action_1_mean:        0.9304	test_action_2_mean:        0.0000	test_ep_length_mean:      30.0000	test_return_mean:        -2392.6441
test_return_std:         972.2776	
2026-04-28 05:33:52,339 - my_experiment - IMPuc100_HybridComm_43 - my_run - INFO - t_env: 50070 / 2050000
2026-04-28 05:33:52,340 - my_experiment - IMPuc100_HybridComm_43 - my_run - INFO - Estimated time left: 10 hours, 35 minutes, 38 seconds. Time passed: 15 minutes, 30 seconds
2026-04-28 05:41:55,682 - my_experiment - IMPuc100_HybridComm_43 - my_run - INFO - Recent Stats | t_env:      75060 | Episode:     2502
action_0_mean:             0.2153	action_1_mean:             0.6484	action_2_mean:             0.1363	ep_length_mean:           30.0000
epsilon:                   0.0500	grad_norm:                 1.2131	info_nce_loss:             0.9952	loss:                      0.7245
q_loss:                    0.6586	return_mean:             -5178.8255	return_std:              1200.1762	test_action_0_mean:        0.0482
test_action_1_mean:        0.9518	test_action_2_mean:        0.0000	test_ep_length_mean:      30.0000	test_return_mean:        -2316.2397
test_return_std:         1085.9468	
2026-04-28 05:41:56,255 - my_experiment - IMPuc100_HybridComm_43 - my_run - INFO - t_env: 75090 / 2050000
2026-04-28 05:41:56,256 - my_experiment - IMPuc100_HybridComm_43 - my_run - INFO - Estimated time left: 10 hours, 36 minutes, 37 seconds. Time passed: 23 minutes, 34 seconds
2026-04-28 05:49:50,017 - my_experiment - IMPuc100_HybridComm_43 - my_run - INFO - Recent Stats | t_env:     100080 | Episode:     3336
action_0_mean:             0.1754	action_1_mean:             0.7182	action_2_mean:             0.1065	ep_length_mean:           30.0000
epsilon:                   0.0500	grad_norm:                 1.7590	info_nce_loss:             0.7464	loss:                      0.7126
q_loss:                    0.6632	return_mean:             -4387.9216	return_std:              1244.3969	test_action_0_mean:        0.0390
test_action_1_mean:        0.9610	test_action_2_mean:        0.0000	test_ep_length_mean:      30.0000	test_return_mean:        -2289.6716
test_return_std:         1082.6169	
2026-04-28 05:49:50,563 - my_experiment - IMPuc100_HybridComm_43 - my_run - INFO - t_env: 100110 / 2050000
2026-04-28 05:49:50,564 - my_experiment - IMPuc100_HybridComm_43 - my_run - INFO - Estimated time left: 10 hours, 16 minutes, 4 seconds. Time passed: 31 minutes, 28 seconds
2026-04-28 05:57:10,780 - my_experiment - IMPuc100_HybridComm_43 - my_run - INFO - Recent Stats | t_env:     125100 | Episode:     4170
action_0_mean:             0.1648	action_1_mean:             0.7455	action_2_mean:             0.0897	ep_length_mean:           30.0000
epsilon:                   0.0500	grad_norm:                 2.1061	info_nce_loss:             0.5971	loss:                      0.7693
q_loss:                    0.7117	return_mean:             -3870.3413	return_std:              1255.0438	test_action_0_mean:        0.0819
test_action_1_mean:        0.9176	test_action_2_mean:        0.0005	test_ep_length_mean:      30.0000	test_return_mean:        -1969.1577
test_return_std:         1007.6005	
2026-04-28 05:57:11,238 - my_experiment - IMPuc100_HybridComm_43 - my_run - INFO - t_env: 125130 / 2050000
2026-04-28 05:57:11,239 - my_experiment - IMPuc100_HybridComm_43 - my_run - INFO - Estimated time left: 9 hours, 25 minutes, 2 seconds. Time passed: 38 minutes, 49 seconds
2026-04-28 06:03:42,194 - my_experiment - IMPuc100_HybridComm_43 - my_run - INFO - Recent Stats | t_env:     150120 | Episode:     5004
action_0_mean:             0.1757	action_1_mean:             0.7975	action_2_mean:             0.0267	ep_length_mean:           30.0000
epsilon:                   0.0500	grad_norm:                 2.1733	info_nce_loss:             0.0000	loss:                      0.5938
q_loss:                    0.5522	return_mean:             -1911.6355	return_std:              1291.1607	test_action_0_mean:        0.2440
test_action_1_mean:        0.7551	test_action_2_mean:        0.0008	test_ep_length_mean:      30.0000	test_return_mean:        -1712.7499
test_return_std:         871.1299	
2026-04-28 06:03:42,634 - my_experiment - IMPuc100_HybridComm_43 - my_run - INFO - t_env: 150150 / 2050000
2026-04-28 06:03:42,635 - my_experiment - IMPuc100_HybridComm_43 - my_run - INFO - Estimated time left: 8 hours, 15 minutes, 19 seconds. Time passed: 45 minutes, 20 seconds
2026-04-28 06:10:12,125 - my_experiment - IMPuc100_HybridComm_43 - my_run - INFO - Recent Stats | t_env:     175140 | Episode:     5838
action_0_mean:             0.2940	action_1_mean:             0.6864	action_2_mean:             0.0196	ep_length_mean:           30.0000
epsilon:                   0.0500	grad_norm:                 2.8455	info_nce_loss:             0.0000	loss:                      0.5291
q_loss:                    0.4960	return_mean:             -1564.2700	return_std:              899.8781	test_action_0_mean:        0.3859
test_action_1_mean:        0.6099	test_action_2_mean:        0.0042	test_ep_length_mean:      30.0000	test_return_mean:        -1313.1688
test_return_std:         709.8248	
2026-04-28 06:10:12,583 - my_experiment - IMPuc100_HybridComm_43 - my_run - INFO - t_env: 175170 / 2050000
2026-04-28 06:10:12,583 - my_experiment - IMPuc100_HybridComm_43 - my_run - INFO - Estimated time left: 8 hours, 7 minutes, 0 seconds. Time passed: 51 minutes, 50 seconds
2026-04-28 06:17:03,817 - my_experiment - IMPuc100_HybridComm_43 - my_run - INFO - Saving models to work_dirs/my_experiment/IMPuc100_HybridComm_43/my_run/20260428_051816/models/200040
2026-04-28 06:17:05,751 - my_experiment - IMPuc100_HybridComm_43 - my_run - INFO - Recent Stats | t_env:     200160 | Episode:     6672
action_0_mean:             0.4283	action_1_mean:             0.5516	action_2_mean:             0.0201	ep_length_mean:           30.0000
epsilon:                   0.0500	grad_norm:                 2.5619	info_nce_loss:             0.0000	loss:                      0.4560
q_loss:                    0.4296	return_mean:             -1396.8004	return_std:              722.5021	test_action_0_mean:        0.5410
test_action_1_mean:        0.4543	test_action_2_mean:        0.0047	test_ep_length_mean:      30.0000	test_return_mean:        -1038.2416
test_return_std:         518.3113	
2026-04-28 06:17:06,231 - my_experiment - IMPuc100_HybridComm_43 - my_run - INFO - t_env: 200190 / 2050000
2026-04-28 06:17:06,232 - my_experiment - IMPuc100_HybridComm_43 - my_run - INFO - Estimated time left: 8 hours, 29 minutes, 42 seconds. Time passed: 58 minutes, 44 seconds
2026-04-28 06:24:02,054 - my_experiment - IMPuc100_HybridComm_43 - my_run - INFO - Recent Stats | t_env:     225180 | Episode:     7506
action_0_mean:             0.5371	action_1_mean:             0.4410	action_2_mean:             0.0218	ep_length_mean:           30.0000
epsilon:                   0.0500	grad_norm:                 1.9379	info_nce_loss:             0.0001	loss:                      0.3639
q_loss:                    0.3336	return_mean:             -1185.5072	return_std:              505.4922	test_action_0_mean:        0.6690
test_action_1_mean:        0.3252	test_action_2_mean:        0.0057	test_ep_length_mean:      30.0000	test_return_mean:        -647.2525
test_return_std:         310.3814	
2026-04-28 06:24:02,531 - my_experiment - IMPuc100_HybridComm_43 - my_run - INFO - t_env: 225210 / 2050000
2026-04-28 06:24:02,532 - my_experiment - IMPuc100_HybridComm_43 - my_run - INFO - Estimated time left: 8 hours, 26 minutes, 2 seconds. Time passed: 1 hours, 5 minutes, 40 seconds
2026-04-28 06:30:59,393 - my_experiment - IMPuc100_HybridComm_43 - my_run - INFO - Recent Stats | t_env:     250200 | Episode:     8340
action_0_mean:             0.6273	action_1_mean:             0.3505	action_2_mean:             0.0222	ep_length_mean:           30.0000
epsilon:                   0.0500	grad_norm:                 1.3377	info_nce_loss:             0.0001	loss:                      0.2200
q_loss:                    0.2027	return_mean:             -1014.1205	return_std:              319.9694	test_action_0_mean:        0.7515
test_action_1_mean:        0.2427	test_action_2_mean:        0.0058	test_ep_length_mean:      30.0000	test_return_mean:        -573.6814
test_return_std:         201.3541	
2026-04-28 06:30:59,891 - my_experiment - IMPuc100_HybridComm_43 - my_run - INFO - t_env: 250230 / 2050000
2026-04-28 06:30:59,892 - my_experiment - IMPuc100_HybridComm_43 - my_run - INFO - Estimated time left: 8 hours, 20 minutes, 22 seconds. Time passed: 1 hours, 12 minutes, 38 seconds
2026-04-28 06:37:50,981 - my_experiment - IMPuc100_HybridComm_43 - my_run - INFO - Recent Stats | t_env:     275220 | Episode:     9174
action_0_mean:             0.6611	action_1_mean:             0.3162	action_2_mean:             0.0226	ep_length_mean:           30.0000
epsilon:                   0.0500	grad_norm:                 1.2871	info_nce_loss:             0.0001	loss:                      0.1919
q_loss:                    0.1772	return_mean:             -1015.0635	return_std:              358.2054	test_action_0_mean:        0.6999
test_action_1_mean:        0.2939	test_action_2_mean:        0.0062	test_ep_length_mean:      30.0000	test_return_mean:        -462.2722
test_return_std:         161.7799	
2026-04-28 06:37:51,460 - my_experiment - IMPuc100_HybridComm_43 - my_run - INFO - t_env: 275250 / 2050000
2026-04-28 06:37:51,461 - my_experiment - IMPuc100_HybridComm_43 - my_run - INFO - Estimated time left: 8 hours, 6 minutes, 33 seconds. Time passed: 1 hours, 19 minutes, 29 seconds
2026-04-28 06:44:43,161 - my_experiment - IMPuc100_HybridComm_43 - my_run - INFO - Recent Stats | t_env:     300240 | Episode:    10008
action_0_mean:             0.6297	action_1_mean:             0.3462	action_2_mean:             0.0241	ep_length_mean:           30.0000
epsilon:                   0.0500	grad_norm:                 0.5893	info_nce_loss:             0.0001	loss:                      0.2591
q_loss:                    0.2356	return_mean:             -984.7470	return_std:              357.3465	test_action_0_mean:        0.6521
test_action_1_mean:        0.3438	test_action_2_mean:        0.0041	test_ep_length_mean:      30.0000	test_return_mean:        -401.1744
test_return_std:         141.8011	
2026-04-28 06:44:43,625 - my_experiment - IMPuc100_HybridComm_43 - my_run - INFO - t_env: 300270 / 2050000
2026-04-28 06:44:43,626 - my_experiment - IMPuc100_HybridComm_43 - my_run - INFO - Estimated time left: 8 hours, 24 seconds. Time passed: 1 hours, 26 minutes, 21 seconds
2026-04-28 06:51:28,075 - my_experiment - IMPuc100_HybridComm_43 - my_run - INFO - Recent Stats | t_env:     325260 | Episode:    10842
action_0_mean:             0.5918	action_1_mean:             0.3841	action_2_mean:             0.0241	ep_length_mean:           30.0000
epsilon:                   0.0500	grad_norm:                 0.5222	info_nce_loss:             0.0001	loss:                      0.2731
q_loss:                    0.2482	return_mean:             -928.6786	return_std:              341.4421	test_action_0_mean:        0.6357
test_action_1_mean:        0.3603	test_action_2_mean:        0.0040	test_ep_length_mean:      30.0000	test_return_mean:        -303.1637
test_return_std:         119.8615	
2026-04-28 06:51:28,548 - my_experiment - IMPuc100_HybridComm_43 - my_run - INFO - t_env: 325290 / 2050000
2026-04-28 06:51:28,548 - my_experiment - IMPuc100_HybridComm_43 - my_run - INFO - Estimated time left: 7 hours, 45 minutes, 12 seconds. Time passed: 1 hours, 33 minutes, 6 seconds
2026-04-28 06:58:05,317 - my_experiment - IMPuc100_HybridComm_43 - my_run - INFO - Recent Stats | t_env:     350280 | Episode:    11676
action_0_mean:             0.6047	action_1_mean:             0.3725	action_2_mean:             0.0229	ep_length_mean:           30.0000
epsilon:                   0.0500	grad_norm:                 0.5224	info_nce_loss:             0.0002	loss:                      0.2898
q_loss:                    0.2635	return_mean:             -891.5451	return_std:              316.5598	test_action_0_mean:        0.6514
test_action_1_mean:        0.3447	test_action_2_mean:        0.0039	test_ep_length_mean:      30.0000	test_return_mean:        -328.1580
test_return_std:         175.5460	
2026-04-28 06:58:05,837 - my_experiment - IMPuc100_HybridComm_43 - my_run - INFO - t_env: 350310 / 2050000
2026-04-28 06:58:05,838 - my_experiment - IMPuc100_HybridComm_43 - my_run - INFO - Estimated time left: 7 hours, 29 minutes, 49 seconds. Time passed: 1 hours, 39 minutes, 44 seconds
2026-04-28 07:04:47,541 - my_experiment - IMPuc100_HybridComm_43 - my_run - INFO - Recent Stats | t_env:     375300 | Episode:    12510
action_0_mean:             0.6314	action_1_mean:             0.3460	action_2_mean:             0.0226	ep_length_mean:           30.0000
epsilon:                   0.0500	grad_norm:                 0.4925	info_nce_loss:             0.0002	loss:                      0.2988
q_loss:                    0.2717	return_mean:             -884.8835	return_std:              314.7373	test_action_0_mean:        0.6145
test_action_1_mean:        0.3816	test_action_2_mean:        0.0039	test_ep_length_mean:      30.0000	test_return_mean:        -316.5956
test_return_std:         156.8365	
2026-04-28 07:04:48,009 - my_experiment - IMPuc100_HybridComm_43 - my_run - INFO - t_env: 375330 / 2050000
2026-04-28 07:04:48,010 - my_experiment - IMPuc100_HybridComm_43 - my_run - INFO - Estimated time left: 7 hours, 28 minutes, 38 seconds. Time passed: 1 hours, 46 minutes, 26 seconds
2026-04-28 07:11:12,736 - my_experiment - IMPuc100_HybridComm_43 - my_run - INFO - Saving models to work_dirs/my_experiment/IMPuc100_HybridComm_43/my_run/20260428_051816/models/400050
2026-04-28 07:11:16,959 - my_experiment - IMPuc100_HybridComm_43 - my_run - INFO - Recent Stats | t_env:     400320 | Episode:    13344
action_0_mean:             0.6537	action_1_mean:             0.3234	action_2_mean:             0.0229	ep_length_mean:           30.0000
epsilon:                   0.0500	grad_norm:                 0.7593	info_nce_loss:             0.0002	loss:                      0.3765
q_loss:                    0.3510	return_mean:             -877.0970	return_std:              323.3967	test_action_0_mean:        0.6498
test_action_1_mean:        0.3466	test_action_2_mean:        0.0035	test_ep_length_mean:      30.0000	test_return_mean:        -299.6044
test_return_std:         165.1478	
2026-04-28 07:11:17,438 - my_experiment - IMPuc100_HybridComm_43 - my_run - INFO - t_env: 400350 / 2050000
2026-04-28 07:11:17,438 - my_experiment - IMPuc100_HybridComm_43 - my_run - INFO - Estimated time left: 7 hours, 7 minutes, 56 seconds. Time passed: 1 hours, 52 minutes, 55 seconds
2026-04-28 07:17:53,399 - my_experiment - IMPuc100_HybridComm_43 - my_run - INFO - Recent Stats | t_env:     425340 | Episode:    14178
action_0_mean:             0.6785	action_1_mean:             0.2992	action_2_mean:             0.0223	ep_length_mean:           30.0000
epsilon:                   0.0500	grad_norm:                 0.6959	info_nce_loss:             0.0002	loss:                      0.3914
q_loss:                    0.3644	return_mean:             -864.1881	return_std:              302.5345	test_action_0_mean:        0.6477
test_action_1_mean:        0.3496	test_action_2_mean:        0.0027	test_ep_length_mean:      30.0000	test_return_mean:        -322.0050
test_return_std:         222.3279	
2026-04-28 07:17:53,875 - my_experiment - IMPuc100_HybridComm_43 - my_run - INFO - t_env: 425370 / 2050000
2026-04-28 07:17:53,876 - my_experiment - IMPuc100_HybridComm_43 - my_run - INFO - Estimated time left: 7 hours, 9 minutes, 1 seconds. Time passed: 1 hours, 59 minutes, 32 seconds
2026-04-28 07:24:34,263 - my_experiment - IMPuc100_HybridComm_43 - my_run - INFO - Recent Stats | t_env:     450360 | Episode:    15012
action_0_mean:             0.7027	action_1_mean:             0.2744	action_2_mean:             0.0229	ep_length_mean:           30.0000
epsilon:                   0.0500	grad_norm:                 0.8454	info_nce_loss:             0.0003	loss:                      0.4958
q_loss:                    0.4594	return_mean:             -885.8887	return_std:              318.1504	test_action_0_mean:        0.6496
test_action_1_mean:        0.3477	test_action_2_mean:        0.0028	test_ep_length_mean:      30.0000	test_return_mean:        -417.3242
test_return_std:         331.1908	
2026-04-28 07:24:34,717 - my_experiment - IMPuc100_HybridComm_43 - my_run - INFO - t_env: 450390 / 2050000
2026-04-28 07:24:34,718 - my_experiment - IMPuc100_HybridComm_43 - my_run - INFO - Estimated time left: 7 hours, 7 minutes, 7 seconds. Time passed: 2 hours, 6 minutes, 13 seconds
2026-04-28 07:31:19,091 - my_experiment - IMPuc100_HybridComm_43 - my_run - INFO - Recent Stats | t_env:     475380 | Episode:    15846
action_0_mean:             0.7029	action_1_mean:             0.2729	action_2_mean:             0.0242	ep_length_mean:           30.0000
epsilon:                   0.0500	grad_norm:                 0.9980	info_nce_loss:             0.0002	loss:                      0.5946
q_loss:                    0.5492	return_mean:             -928.3508	return_std:              348.0353	test_action_0_mean:        0.6531
test_action_1_mean:        0.3444	test_action_2_mean:        0.0025	test_ep_length_mean:      30.0000	test_return_mean:        -456.0991
test_return_std:         342.5555	
2026-04-28 07:31:19,550 - my_experiment - IMPuc100_HybridComm_43 - my_run - INFO - t_env: 475410 / 2050000
2026-04-28 07:31:19,551 - my_experiment - IMPuc100_HybridComm_43 - my_run - INFO - Estimated time left: 7 hours, 4 minutes, 37 seconds. Time passed: 2 hours, 12 minutes, 57 seconds
2026-04-28 07:37:57,352 - my_experiment - IMPuc100_HybridComm_43 - my_run - INFO - Recent Stats | t_env:     500400 | Episode:    16680
action_0_mean:             0.6865	action_1_mean:             0.2893	action_2_mean:             0.0242	ep_length_mean:           30.0000
epsilon:                   0.0500	grad_norm:                 1.0559	info_nce_loss:             0.0003	loss:                      0.5889
q_loss:                    0.5441	return_mean:             -933.0506	return_std:              381.1924	test_action_0_mean:        0.6974
test_action_1_mean:        0.2997	test_action_2_mean:        0.0029	test_ep_length_mean:      30.0000	test_return_mean:        -480.4008
test_return_std:         371.8828	
2026-04-28 07:37:57,850 - my_experiment - IMPuc100_HybridComm_43 - my_run - INFO - t_env: 500430 / 2050000
2026-04-28 07:37:57,851 - my_experiment - IMPuc100_HybridComm_43 - my_run - INFO - Estimated time left: 6 hours, 51 minutes, 8 seconds. Time passed: 2 hours, 19 minutes, 36 seconds
2026-04-28 07:44:48,429 - my_experiment - IMPuc100_HybridComm_43 - my_run - INFO - Recent Stats | t_env:     525420 | Episode:    17514
action_0_mean:             0.6846	action_1_mean:             0.2911	action_2_mean:             0.0243	ep_length_mean:           30.0000
epsilon:                   0.0500	grad_norm:                 0.9620	info_nce_loss:             0.0003	loss:                      0.5568
q_loss:                    0.5062	return_mean:             -931.4945	return_std:              340.2906	test_action_0_mean:        0.6577
test_action_1_mean:        0.3388	test_action_2_mean:        0.0035	test_ep_length_mean:      30.0000	test_return_mean:        -487.0752
test_return_std:         352.6886	
2026-04-28 07:44:48,900 - my_experiment - IMPuc100_HybridComm_43 - my_run - INFO - t_env: 525450 / 2050000
2026-04-28 07:44:48,901 - my_experiment - IMPuc100_HybridComm_43 - my_run - INFO - Estimated time left: 6 hours, 57 minutes, 26 seconds. Time passed: 2 hours, 26 minutes, 27 seconds
2026-04-28 07:51:34,877 - my_experiment - IMPuc100_HybridComm_43 - my_run - INFO - Recent Stats | t_env:     550440 | Episode:    18348
action_0_mean:             0.6506	action_1_mean:             0.3241	action_2_mean:             0.0253	ep_length_mean:           30.0000
epsilon:                   0.0500	grad_norm:                 1.1888	info_nce_loss:             0.0002	loss:                      0.5312
q_loss:                    0.4907	return_mean:             -971.3047	return_std:              404.1984	test_action_0_mean:        0.6695
test_action_1_mean:        0.3270	test_action_2_mean:        0.0035	test_ep_length_mean:      30.0000	test_return_mean:        -474.0021
test_return_std:         329.1480	
2026-04-28 07:51:35,381 - my_experiment - IMPuc100_HybridComm_43 - my_run - INFO - t_env: 550470 / 2050000
2026-04-28 07:51:35,381 - my_experiment - IMPuc100_HybridComm_43 - my_run - INFO - Estimated time left: 6 hours, 46 minutes, 1 seconds. Time passed: 2 hours, 33 minutes, 13 seconds
2026-04-28 07:58:23,848 - my_experiment - IMPuc100_HybridComm_43 - my_run - INFO - Recent Stats | t_env:     575460 | Episode:    19182
action_0_mean:             0.6325	action_1_mean:             0.3420	action_2_mean:             0.0255	ep_length_mean:           30.0000
epsilon:                   0.0500	grad_norm:                 1.0769	info_nce_loss:             0.0002	loss:                      0.4731
q_loss:                    0.4379	return_mean:             -985.5158	return_std:              404.4408	test_action_0_mean:        0.6453
test_action_1_mean:        0.3506	test_action_2_mean:        0.0040	test_ep_length_mean:      30.0000	test_return_mean:        -394.3798
test_return_std:         192.5459	
2026-04-28 07:58:24,327 - my_experiment - IMPuc100_HybridComm_43 - my_run - INFO - t_env: 575490 / 2050000
2026-04-28 07:58:24,328 - my_experiment - IMPuc100_HybridComm_43 - my_run - INFO - Estimated time left: 6 hours, 41 minutes, 40 seconds. Time passed: 2 hours, 40 minutes, 2 seconds
2026-04-28 08:05:02,104 - my_experiment - IMPuc100_HybridComm_43 - my_run - INFO - Saving models to work_dirs/my_experiment/IMPuc100_HybridComm_43/my_run/20260428_051816/models/600060
2026-04-28 08:05:08,685 - my_experiment - IMPuc100_HybridComm_43 - my_run - INFO - Recent Stats | t_env:     600480 | Episode:    20016
action_0_mean:             0.6199	action_1_mean:             0.3540	action_2_mean:             0.0262	ep_length_mean:           30.0000
epsilon:                   0.0500	grad_norm:                 1.0217	info_nce_loss:             0.0002	loss:                      0.3705
q_loss:                    0.3446	return_mean:             -994.5276	return_std:              423.7255	test_action_0_mean:        0.6089
test_action_1_mean:        0.3862	test_action_2_mean:        0.0049	test_ep_length_mean:      30.0000	test_return_mean:        -342.8985
test_return_std:         130.2926	
2026-04-28 08:05:09,155 - my_experiment - IMPuc100_HybridComm_43 - my_run - INFO - t_env: 600510 / 2050000
2026-04-28 08:05:09,156 - my_experiment - IMPuc100_HybridComm_43 - my_run - INFO - Estimated time left: 6 hours, 30 minutes, 52 seconds. Time passed: 2 hours, 46 minutes, 47 seconds
2026-04-28 08:11:33,824 - my_experiment - IMPuc100_HybridComm_43 - my_run - INFO - Recent Stats | t_env:     625500 | Episode:    20850
action_0_mean:             0.6211	action_1_mean:             0.3518	action_2_mean:             0.0270	ep_length_mean:           30.0000
epsilon:                   0.0500	grad_norm:                 3.6538	info_nce_loss:             0.0001	loss:                      0.3562
q_loss:                    0.3357	return_mean:             -1017.3268	return_std:              441.8200	test_action_0_mean:        0.5969
test_action_1_mean:        0.3986	test_action_2_mean:        0.0045	test_ep_length_mean:      30.0000	test_return_mean:        -320.9361
test_return_std:         112.7218	
2026-04-28 08:11:34,277 - my_experiment - IMPuc100_HybridComm_43 - my_run - INFO - t_env: 625530 / 2050000
2026-04-28 08:11:34,278 - my_experiment - IMPuc100_HybridComm_43 - my_run - INFO - Estimated time left: 6 hours, 5 minutes, 26 seconds. Time passed: 2 hours, 53 minutes, 12 seconds
2026-04-28 08:17:59,020 - my_experiment - IMPuc100_HybridComm_43 - my_run - INFO - Recent Stats | t_env:     650520 | Episode:    21684
action_0_mean:             0.6476	action_1_mean:             0.3260	action_2_mean:             0.0265	ep_length_mean:           30.0000
epsilon:                   0.0500	grad_norm:                 3.5210	info_nce_loss:             0.0001	loss:                      0.3704
q_loss:                    0.3486	return_mean:             -1006.4701	return_std:              442.6040	test_action_0_mean:        0.6574
test_action_1_mean:        0.3381	test_action_2_mean:        0.0045	test_ep_length_mean:      30.0000	test_return_mean:        -350.3055
test_return_std:         188.6327	
2026-04-28 08:17:59,459 - my_experiment - IMPuc100_HybridComm_43 - my_run - INFO - t_env: 650550 / 2050000
2026-04-28 08:17:59,460 - my_experiment - IMPuc100_HybridComm_43 - my_run - INFO - Estimated time left: 5 hours, 59 minutes, 4 seconds. Time passed: 2 hours, 59 minutes, 37 seconds
2026-04-28 08:24:19,022 - my_experiment - IMPuc100_HybridComm_43 - my_run - INFO - Recent Stats | t_env:     675540 | Episode:    22518
action_0_mean:             0.6864	action_1_mean:             0.2876	action_2_mean:             0.0261	ep_length_mean:           30.0000
epsilon:                   0.0500	grad_norm:                 3.2221	info_nce_loss:             0.0001	loss:                      0.3453
q_loss:                    0.3179	return_mean:             -982.4686	return_std:              405.0396	test_action_0_mean:        0.7046
test_action_1_mean:        0.2904	test_action_2_mean:        0.0050	test_ep_length_mean:      30.0000	test_return_mean:        -339.2368
test_return_std:         171.1198	
2026-04-28 08:24:19,463 - my_experiment - IMPuc100_HybridComm_43 - my_run - INFO - t_env: 675570 / 2050000
2026-04-28 08:24:19,464 - my_experiment - IMPuc100_HybridComm_43 - my_run - INFO - Estimated time left: 5 hours, 47 minutes, 54 seconds. Time passed: 3 hours, 5 minutes, 57 seconds
2026-04-28 08:30:40,590 - my_experiment - IMPuc100_HybridComm_43 - my_run - INFO - Recent Stats | t_env:     700560 | Episode:    23352
action_0_mean:             0.7262	action_1_mean:             0.2482	action_2_mean:             0.0257	ep_length_mean:           30.0000
epsilon:                   0.0500	grad_norm:                 3.3508	info_nce_loss:             0.0001	loss:                      0.3149
q_loss:                    0.2972	return_mean:             -956.2670	return_std:              389.1174	test_action_0_mean:        0.7545
test_action_1_mean:        0.2405	test_action_2_mean:        0.0050	test_ep_length_mean:      30.0000	test_return_mean:        -344.7475
test_return_std:         187.0785	
2026-04-28 08:30:41,043 - my_experiment - IMPuc100_HybridComm_43 - my_run - INFO - t_env: 700590 / 2050000
2026-04-28 08:30:41,043 - my_experiment - IMPuc100_HybridComm_43 - my_run - INFO - Estimated time left: 5 hours, 42 minutes, 59 seconds. Time passed: 3 hours, 12 minutes, 19 seconds
2026-04-28 08:37:06,075 - my_experiment - IMPuc100_HybridComm_43 - my_run - INFO - Recent Stats | t_env:     725580 | Episode:    24186
action_0_mean:             0.7677	action_1_mean:             0.2078	action_2_mean:             0.0245	ep_length_mean:           30.0000
epsilon:                   0.0500	grad_norm:                 3.2732	info_nce_loss:             0.0001	loss:                      0.3526
q_loss:                    0.3315	return_mean:             -924.4543	return_std:              348.5445	test_action_0_mean:        0.7893
test_action_1_mean:        0.2048	test_action_2_mean:        0.0059	test_ep_length_mean:      30.0000	test_return_mean:        -367.5199
test_return_std:         211.5864	
2026-04-28 08:37:06,529 - my_experiment - IMPuc100_HybridComm_43 - my_run - INFO - t_env: 725610 / 2050000
2026-04-28 08:37:06,530 - my_experiment - IMPuc100_HybridComm_43 - my_run - INFO - Estimated time left: 5 hours, 40 minutes, 5 seconds. Time passed: 3 hours, 18 minutes, 44 seconds
2026-04-28 08:43:33,015 - my_experiment - IMPuc100_HybridComm_43 - my_run - INFO - Recent Stats | t_env:     750600 | Episode:    25020
action_0_mean:             0.8010	action_1_mean:             0.1757	action_2_mean:             0.0234	ep_length_mean:           30.0000
epsilon:                   0.0500	grad_norm:                 1.5741	info_nce_loss:             0.0011	loss:                      0.3908
q_loss:                    0.3622	return_mean:             -890.4015	return_std:              259.2067	test_action_0_mean:        0.8270
test_action_1_mean:        0.1672	test_action_2_mean:        0.0058	test_ep_length_mean:      30.0000	test_return_mean:        -361.6843
test_return_std:         210.7828	
2026-04-28 08:43:33,475 - my_experiment - IMPuc100_HybridComm_43 - my_run - INFO - t_env: 750630 / 2050000
2026-04-28 08:43:33,476 - my_experiment - IMPuc100_HybridComm_43 - my_run - INFO - Estimated time left: 5 hours, 34 minutes, 55 seconds. Time passed: 3 hours, 25 minutes, 11 seconds
2026-04-28 08:50:06,311 - my_experiment - IMPuc100_HybridComm_43 - my_run - INFO - Recent Stats | t_env:     775620 | Episode:    25854
action_0_mean:             0.7931	action_1_mean:             0.1826	action_2_mean:             0.0243	ep_length_mean:           30.0000
epsilon:                   0.0500	grad_norm:                 1.5575	info_nce_loss:             0.0011	loss:                      0.3459
q_loss:                    0.3214	return_mean:             -911.8183	return_std:              274.9832	test_action_0_mean:        0.7973
test_action_1_mean:        0.1973	test_action_2_mean:        0.0053	test_ep_length_mean:      30.0000	test_return_mean:        -339.1023
test_return_std:         181.7079	
2026-04-28 08:50:06,767 - my_experiment - IMPuc100_HybridComm_43 - my_run - INFO - t_env: 775650 / 2050000
2026-04-28 08:50:06,768 - my_experiment - IMPuc100_HybridComm_43 - my_run - INFO - Estimated time left: 5 hours, 33 minutes, 51 seconds. Time passed: 3 hours, 31 minutes, 45 seconds
2026-04-28 08:56:27,000 - my_experiment - IMPuc100_HybridComm_43 - my_run - INFO - Saving models to work_dirs/my_experiment/IMPuc100_HybridComm_43/my_run/20260428_051816/models/800070
2026-04-28 08:56:35,619 - my_experiment - IMPuc100_HybridComm_43 - my_run - INFO - Recent Stats | t_env:     800640 | Episode:    26688
action_0_mean:             0.7823	action_1_mean:             0.1940	action_2_mean:             0.0237	ep_length_mean:           30.0000
epsilon:                   0.0500	grad_norm:                 1.7062	info_nce_loss:             0.0010	loss:                      0.3713
q_loss:                    0.3523	return_mean:             -900.9906	return_std:              273.2131	test_action_0_mean:        0.7784
test_action_1_mean:        0.2166	test_action_2_mean:        0.0050	test_ep_length_mean:      30.0000	test_return_mean:        -332.5837
test_return_std:         176.3377	
2026-04-28 08:56:36,070 - my_experiment - IMPuc100_HybridComm_43 - my_run - INFO - t_env: 800670 / 2050000
2026-04-28 08:56:36,071 - my_experiment - IMPuc100_HybridComm_43 - my_run - INFO - Estimated time left: 5 hours, 23 minutes, 59 seconds. Time passed: 3 hours, 38 minutes, 14 seconds
2026-04-28 09:02:59,242 - my_experiment - IMPuc100_HybridComm_43 - my_run - INFO - Recent Stats | t_env:     825660 | Episode:    27522
action_0_mean:             0.7665	action_1_mean:             0.2103	action_2_mean:             0.0232	ep_length_mean:           30.0000
epsilon:                   0.0500	grad_norm:                 1.5778	info_nce_loss:             0.0011	loss:                      0.3838
q_loss:                    0.3568	return_mean:             -887.9833	return_std:              250.1557	test_action_0_mean:        0.7669
test_action_1_mean:        0.2273	test_action_2_mean:        0.0058	test_ep_length_mean:      30.0000	test_return_mean:        -317.2796
test_return_std:         151.5941	
2026-04-28 09:02:59,678 - my_experiment - IMPuc100_HybridComm_43 - my_run - INFO - t_env: 825690 / 2050000
2026-04-28 09:02:59,679 - my_experiment - IMPuc100_HybridComm_43 - my_run - INFO - Estimated time left: 5 hours, 12 minutes, 51 seconds. Time passed: 3 hours, 44 minutes, 38 seconds
2026-04-28 09:09:14,354 - my_experiment - IMPuc100_HybridComm_43 - my_run - INFO - Recent Stats | t_env:     850680 | Episode:    28356
action_0_mean:             0.7631	action_1_mean:             0.2136	action_2_mean:             0.0233	ep_length_mean:           30.0000
epsilon:                   0.0500	grad_norm:                 1.5565	info_nce_loss:             0.0011	loss:                      0.3161
q_loss:                    0.2953	return_mean:             -887.2545	return_std:              260.5279	test_action_0_mean:        0.7963
test_action_1_mean:        0.1979	test_action_2_mean:        0.0058	test_ep_length_mean:      30.0000	test_return_mean:        -307.2966
test_return_std:         124.6416	
2026-04-28 09:09:14,805 - my_experiment - IMPuc100_HybridComm_43 - my_run - INFO - t_env: 850710 / 2050000
2026-04-28 09:09:14,806 - my_experiment - IMPuc100_HybridComm_43 - my_run - INFO - Estimated time left: 4 hours, 59 minutes, 41 seconds. Time passed: 3 hours, 50 minutes, 53 seconds
2026-04-28 09:15:37,366 - my_experiment - IMPuc100_HybridComm_43 - my_run - INFO - Recent Stats | t_env:     875700 | Episode:    29190
action_0_mean:             0.7746	action_1_mean:             0.2015	action_2_mean:             0.0239	ep_length_mean:           30.0000
epsilon:                   0.0500	grad_norm:                 0.6138	info_nce_loss:             0.0001	loss:                      0.3214
q_loss:                    0.3001	return_mean:             -926.6781	return_std:              309.4262	test_action_0_mean:        0.7926
test_action_1_mean:        0.2012	test_action_2_mean:        0.0062	test_ep_length_mean:      30.0000	test_return_mean:        -301.4599
test_return_std:         115.6017	
2026-04-28 09:15:37,817 - my_experiment - IMPuc100_HybridComm_43 - my_run - INFO - t_env: 875730 / 2050000
2026-04-28 09:15:37,818 - my_experiment - IMPuc100_HybridComm_43 - my_run - INFO - Estimated time left: 4 hours, 59 minutes, 35 seconds. Time passed: 3 hours, 57 minutes, 16 seconds
2026-04-28 09:22:04,980 - my_experiment - IMPuc100_HybridComm_43 - my_run - INFO - Recent Stats | t_env:     900720 | Episode:    30024
action_0_mean:             0.7838	action_1_mean:             0.1927	action_2_mean:             0.0235	ep_length_mean:           30.0000
epsilon:                   0.0500	grad_norm:                 0.7953	info_nce_loss:             0.0001	loss:                      0.3759
q_loss:                    0.3575	return_mean:             -913.0761	return_std:              316.1326	test_action_0_mean:        0.8149
test_action_1_mean:        0.1729	test_action_2_mean:        0.0122	test_ep_length_mean:      30.0000	test_return_mean:        -551.9925
test_return_std:         104.4859	
2026-04-28 09:22:05,428 - my_experiment - IMPuc100_HybridComm_43 - my_run - INFO - t_env: 900750 / 2050000
2026-04-28 09:22:05,429 - my_experiment - IMPuc100_HybridComm_43 - my_run - INFO - Estimated time left: 4 hours, 56 minutes, 44 seconds. Time passed: 4 hours, 3 minutes, 43 seconds
2026-04-28 09:28:33,350 - my_experiment - IMPuc100_HybridComm_43 - my_run - INFO - Recent Stats | t_env:     925740 | Episode:    30858
action_0_mean:             0.7904	action_1_mean:             0.1863	action_2_mean:             0.0234	ep_length_mean:           30.0000
epsilon:                   0.0500	grad_norm:                 0.6671	info_nce_loss:             0.0001	loss:                      0.4307
q_loss:                    0.3994	return_mean:             -904.9931	return_std:              297.6007	test_action_0_mean:        0.8105
test_action_1_mean:        0.1744	test_action_2_mean:        0.0151	test_ep_length_mean:      30.0000	test_return_mean:        -611.1981
test_return_std:         113.0610	
2026-04-28 09:28:33,796 - my_experiment - IMPuc100_HybridComm_43 - my_run - INFO - t_env: 925770 / 2050000
2026-04-28 09:28:33,797 - my_experiment - IMPuc100_HybridComm_43 - my_run - INFO - Estimated time left: 4 hours, 50 minutes, 50 seconds. Time passed: 4 hours, 10 minutes, 12 seconds
2026-04-28 09:34:59,232 - my_experiment - IMPuc100_HybridComm_43 - my_run - INFO - Recent Stats | t_env:     950760 | Episode:    31692
action_0_mean:             0.7937	action_1_mean:             0.1826	action_2_mean:             0.0237	ep_length_mean:           30.0000
epsilon:                   0.0500	grad_norm:                 0.6101	info_nce_loss:             0.0001	loss:                      0.3827
q_loss:                    0.3558	return_mean:             -905.7438	return_std:              290.1698	test_action_0_mean:        0.8229
test_action_1_mean:        0.1630	test_action_2_mean:        0.0141	test_ep_length_mean:      30.0000	test_return_mean:        -601.3846
test_return_std:         134.1221	
2026-04-28 09:34:59,677 - my_experiment - IMPuc100_HybridComm_43 - my_run - INFO - t_env: 950790 / 2050000
2026-04-28 09:34:59,678 - my_experiment - IMPuc100_HybridComm_43 - my_run - INFO - Estimated time left: 4 hours, 42 minutes, 32 seconds. Time passed: 4 hours, 16 minutes, 38 seconds
2026-04-28 09:41:24,932 - my_experiment - IMPuc100_HybridComm_43 - my_run - INFO - Recent Stats | t_env:     975780 | Episode:    32526
action_0_mean:             0.7903	action_1_mean:             0.1859	action_2_mean:             0.0239	ep_length_mean:           30.0000
epsilon:                   0.0500	grad_norm:                 0.6828	info_nce_loss:             0.0001	loss:                      0.4538
q_loss:                    0.4293	return_mean:             -917.6139	return_std:              312.2116	test_action_0_mean:        0.8043
test_action_1_mean:        0.1835	test_action_2_mean:        0.0122	test_ep_length_mean:      30.0000	test_return_mean:        -614.8772
test_return_std:         180.9246	
2026-04-28 09:41:25,404 - my_experiment - IMPuc100_HybridComm_43 - my_run - INFO - t_env: 975810 / 2050000
2026-04-28 09:41:25,405 - my_experiment - IMPuc100_HybridComm_43 - my_run - INFO - Estimated time left: 4 hours, 36 minutes, 0 seconds. Time passed: 4 hours, 23 minutes, 3 seconds
2026-04-28 09:47:43,188 - my_experiment - IMPuc100_HybridComm_43 - my_run - INFO - Saving models to work_dirs/my_experiment/IMPuc100_HybridComm_43/my_run/20260428_051816/models/1000080
2026-04-28 09:47:53,826 - my_experiment - IMPuc100_HybridComm_43 - my_run - INFO - Recent Stats | t_env:    1000800 | Episode:    33360
action_0_mean:             0.7760	action_1_mean:             0.2011	action_2_mean:             0.0229	ep_length_mean:           30.0000
epsilon:                   0.0500	grad_norm:                 0.6230	info_nce_loss:             0.0001	loss:                      0.4169
q_loss:                    0.3957	return_mean:             -872.4096	return_std:              309.9983	test_action_0_mean:        0.7941
test_action_1_mean:        0.1940	test_action_2_mean:        0.0118	test_ep_length_mean:      30.0000	test_return_mean:        -629.0203
test_return_std:         193.2407	
2026-04-28 09:47:54,267 - my_experiment - IMPuc100_HybridComm_43 - my_run - INFO - t_env: 1000830 / 2050000
2026-04-28 09:47:54,268 - my_experiment - IMPuc100_HybridComm_43 - my_run - INFO - Estimated time left: 4 hours, 31 minutes, 46 seconds. Time passed: 4 hours, 29 minutes, 32 seconds
2026-04-28 09:54:21,303 - my_experiment - IMPuc100_HybridComm_43 - my_run - INFO - Recent Stats | t_env:    1025820 | Episode:    34194
action_0_mean:             0.7678	action_1_mean:             0.2093	action_2_mean:             0.0229	ep_length_mean:           30.0000
epsilon:                   0.0500	grad_norm:                 0.4606	info_nce_loss:             0.0001	loss:                      0.4286
q_loss:                    0.3984	return_mean:             -871.1243	return_std:              298.5415	test_action_0_mean:        0.7993
test_action_1_mean:        0.1949	test_action_2_mean:        0.0059	test_ep_length_mean:      30.0000	test_return_mean:        -417.5097
test_return_std:         226.3282	
2026-04-28 09:54:21,745 - my_experiment - IMPuc100_HybridComm_43 - my_run - INFO - t_env: 1025850 / 2050000
2026-04-28 09:54:21,745 - my_experiment - IMPuc100_HybridComm_43 - my_run - INFO - Estimated time left: 4 hours, 24 minutes, 20 seconds. Time passed: 4 hours, 36 minutes, 0 seconds
2026-04-28 10:00:45,060 - my_experiment - IMPuc100_HybridComm_43 - my_run - INFO - Recent Stats | t_env:    1050840 | Episode:    35028
action_0_mean:             0.7719	action_1_mean:             0.2045	action_2_mean:             0.0236	ep_length_mean:           30.0000
epsilon:                   0.0500	grad_norm:                 0.4423	info_nce_loss:             0.0001	loss:                      0.3411
q_loss:                    0.3189	return_mean:             -891.7291	return_std:              351.7789	test_action_0_mean:        0.8147
test_action_1_mean:        0.1822	test_action_2_mean:        0.0031	test_ep_length_mean:      30.0000	test_return_mean:        -350.9661
test_return_std:         215.1420	
2026-04-28 10:00:45,519 - my_experiment - IMPuc100_HybridComm_43 - my_run - INFO - t_env: 1050870 / 2050000
2026-04-28 10:00:45,520 - my_experiment - IMPuc100_HybridComm_43 - my_run - INFO - Estimated time left: 4 hours, 15 minutes, 25 seconds. Time passed: 4 hours, 42 minutes, 23 seconds
2026-04-28 10:07:17,042 - my_experiment - IMPuc100_HybridComm_43 - my_run - INFO - Recent Stats | t_env:    1075860 | Episode:    35862
action_0_mean:             0.7802	action_1_mean:             0.1957	action_2_mean:             0.0240	ep_length_mean:           30.0000
epsilon:                   0.0500	grad_norm:                 0.5091	info_nce_loss:             0.0001	loss:                      0.4548
q_loss:                    0.4223	return_mean:             -901.1017	return_std:              361.4816	test_action_0_mean:        0.8031
test_action_1_mean:        0.1941	test_action_2_mean:        0.0028	test_ep_length_mean:      30.0000	test_return_mean:        -343.2784
test_return_std:         202.6240	
2026-04-28 10:07:17,490 - my_experiment - IMPuc100_HybridComm_43 - my_run - INFO - t_env: 1075890 / 2050000
2026-04-28 10:07:17,491 - my_experiment - IMPuc100_HybridComm_43 - my_run - INFO - Estimated time left: 4 hours, 14 minutes, 20 seconds. Time passed: 4 hours, 48 minutes, 55 seconds
2026-04-28 10:13:48,807 - my_experiment - IMPuc100_HybridComm_43 - my_run - INFO - Recent Stats | t_env:    1100880 | Episode:    36696
action_0_mean:             0.7748	action_1_mean:             0.2016	action_2_mean:             0.0235	ep_length_mean:           30.0000
epsilon:                   0.0500	grad_norm:                 0.4710	info_nce_loss:             0.0001	loss:                      0.4387
q_loss:                    0.3988	return_mean:             -886.0855	return_std:              339.6654	test_action_0_mean:        0.8027
test_action_1_mean:        0.1946	test_action_2_mean:        0.0026	test_ep_length_mean:      30.0000	test_return_mean:        -360.0931
test_return_std:         245.5563	
2026-04-28 10:13:49,276 - my_experiment - IMPuc100_HybridComm_43 - my_run - INFO - t_env: 1100910 / 2050000
2026-04-28 10:13:49,277 - my_experiment - IMPuc100_HybridComm_43 - my_run - INFO - Estimated time left: 4 hours, 7 minutes, 41 seconds. Time passed: 4 hours, 55 minutes, 27 seconds
2026-04-28 10:20:23,157 - my_experiment - IMPuc100_HybridComm_43 - my_run - INFO - Recent Stats | t_env:    1125900 | Episode:    37530
action_0_mean:             0.7690	action_1_mean:             0.2072	action_2_mean:             0.0238	ep_length_mean:           30.0000
epsilon:                   0.0500	grad_norm:                 0.4939	info_nce_loss:             0.0001	loss:                      0.4704
q_loss:                    0.4276	return_mean:             -897.6637	return_std:              312.3699	test_action_0_mean:        0.7829
test_action_1_mean:        0.2145	test_action_2_mean:        0.0026	test_ep_length_mean:      30.0000	test_return_mean:        -355.6089
test_return_std:         246.6325	
2026-04-28 10:20:23,600 - my_experiment - IMPuc100_HybridComm_43 - my_run - INFO - t_env: 1125930 / 2050000
2026-04-28 10:20:23,601 - my_experiment - IMPuc100_HybridComm_43 - my_run - INFO - Estimated time left: 4 hours, 2 minutes, 43 seconds. Time passed: 5 hours, 2 minutes, 1 seconds
2026-04-28 10:26:49,246 - my_experiment - IMPuc100_HybridComm_43 - my_run - INFO - Recent Stats | t_env:    1150920 | Episode:    38364
action_0_mean:             0.7594	action_1_mean:             0.2170	action_2_mean:             0.0236	ep_length_mean:           30.0000
epsilon:                   0.0500	grad_norm:                 0.4531	info_nce_loss:             0.0001	loss:                      0.4253
q_loss:                    0.3866	return_mean:             -888.8819	return_std:              293.2682	test_action_0_mean:        0.7948
test_action_1_mean:        0.2011	test_action_2_mean:        0.0041	test_ep_length_mean:      30.0000	test_return_mean:        -308.8637
test_return_std:         174.5295	
2026-04-28 10:26:49,687 - my_experiment - IMPuc100_HybridComm_43 - my_run - INFO - t_env: 1150950 / 2050000
2026-04-28 10:26:49,688 - my_experiment - IMPuc100_HybridComm_43 - my_run - INFO - Estimated time left: 3 hours, 51 minutes, 13 seconds. Time passed: 5 hours, 8 minutes, 28 seconds
2026-04-28 10:33:18,689 - my_experiment - IMPuc100_HybridComm_43 - my_run - INFO - Recent Stats | t_env:    1175940 | Episode:    39198
action_0_mean:             0.7578	action_1_mean:             0.2195	action_2_mean:             0.0227	ep_length_mean:           30.0000
epsilon:                   0.0500	grad_norm:                 0.4282	info_nce_loss:             0.0002	loss:                      0.4224
q_loss:                    0.3840	return_mean:             -863.3097	return_std:              238.3534	test_action_0_mean:        0.7965
test_action_1_mean:        0.1996	test_action_2_mean:        0.0039	test_ep_length_mean:      30.0000	test_return_mean:        -347.8399
test_return_std:         209.6359	
2026-04-28 10:33:19,170 - my_experiment - IMPuc100_HybridComm_43 - my_run - INFO - t_env: 1175970 / 2050000
2026-04-28 10:33:19,171 - my_experiment - IMPuc100_HybridComm_43 - my_run - INFO - Estimated time left: 3 hours, 46 minutes, 45 seconds. Time passed: 5 hours, 14 minutes, 57 seconds
2026-04-28 10:39:28,760 - my_experiment - IMPuc100_HybridComm_43 - my_run - INFO - Saving models to work_dirs/my_experiment/IMPuc100_HybridComm_43/my_run/20260428_051816/models/1200090
2026-04-28 10:39:41,692 - my_experiment - IMPuc100_HybridComm_43 - my_run - INFO - Recent Stats | t_env:    1200960 | Episode:    40032
action_0_mean:             0.7497	action_1_mean:             0.2280	action_2_mean:             0.0223	ep_length_mean:           30.0000
epsilon:                   0.0500	grad_norm:                 0.3601	info_nce_loss:             0.0002	loss:                      0.3315
q_loss:                    0.3014	return_mean:             -859.3942	return_std:              241.7359	test_action_0_mean:        0.8057
test_action_1_mean:        0.1906	test_action_2_mean:        0.0037	test_ep_length_mean:      30.0000	test_return_mean:        -353.6549
test_return_std:         211.6244	
2026-04-28 10:39:42,139 - my_experiment - IMPuc100_HybridComm_43 - my_run - INFO - t_env: 1200990 / 2050000
2026-04-28 10:39:42,140 - my_experiment - IMPuc100_HybridComm_43 - my_run - INFO - Estimated time left: 3 hours, 36 minutes, 35 seconds. Time passed: 5 hours, 21 minutes, 20 seconds
2026-04-28 10:46:13,784 - my_experiment - IMPuc100_HybridComm_43 - my_run - INFO - Recent Stats | t_env:    1225980 | Episode:    40866
action_0_mean:             0.7585	action_1_mean:             0.2191	action_2_mean:             0.0224	ep_length_mean:           30.0000
epsilon:                   0.0500	grad_norm:                 0.4142	info_nce_loss:             0.0001	loss:                      0.3471
q_loss:                    0.3155	return_mean:             -856.8732	return_std:              229.2956	test_action_0_mean:        0.8107
test_action_1_mean:        0.1854	test_action_2_mean:        0.0039	test_ep_length_mean:      30.0000	test_return_mean:        -291.1870
test_return_std:         136.0943	
2026-04-28 10:46:14,250 - my_experiment - IMPuc100_HybridComm_43 - my_run - INFO - t_env: 1226010 / 2050000
2026-04-28 10:46:14,251 - my_experiment - IMPuc100_HybridComm_43 - my_run - INFO - Estimated time left: 3 hours, 35 minutes, 13 seconds. Time passed: 5 hours, 27 minutes, 52 seconds
2026-04-28 10:52:40,169 - my_experiment - IMPuc100_HybridComm_43 - my_run - INFO - Recent Stats | t_env:    1251000 | Episode:    41700
action_0_mean:             0.7531	action_1_mean:             0.2246	action_2_mean:             0.0223	ep_length_mean:           30.0000
epsilon:                   0.0500	grad_norm:                 0.4881	info_nce_loss:             0.0001	loss:                      0.3425
q_loss:                    0.3185	return_mean:             -841.4732	return_std:              215.6207	test_action_0_mean:        0.8151
test_action_1_mean:        0.1770	test_action_2_mean:        0.0079	test_ep_length_mean:      30.0000	test_return_mean:        -333.7351
test_return_std:         119.1765	
2026-04-28 10:52:40,622 - my_experiment - IMPuc100_HybridComm_43 - my_run - INFO - t_env: 1251030 / 2050000
2026-04-28 10:52:40,623 - my_experiment - IMPuc100_HybridComm_43 - my_run - INFO - Estimated time left: 3 hours, 25 minutes, 38 seconds. Time passed: 5 hours, 34 minutes, 18 seconds
2026-04-28 10:59:10,122 - my_experiment - IMPuc100_HybridComm_43 - my_run - INFO - Recent Stats | t_env:    1276020 | Episode:    42534
action_0_mean:             0.7644	action_1_mean:             0.2129	action_2_mean:             0.0227	ep_length_mean:           30.0000
epsilon:                   0.0500	grad_norm:                 0.5422	info_nce_loss:             0.0001	loss:                      0.3956
q_loss:                    0.3667	return_mean:             -862.1264	return_std:              259.6714	test_action_0_mean:        0.8001
test_action_1_mean:        0.1894	test_action_2_mean:        0.0105	test_ep_length_mean:      30.0000	test_return_mean:        -391.8451
test_return_std:         129.7377	
2026-04-28 10:59:10,581 - my_experiment - IMPuc100_HybridComm_43 - my_run - INFO - t_env: 1276050 / 2050000
2026-04-28 10:59:10,582 - my_experiment - IMPuc100_HybridComm_43 - my_run - INFO - Estimated time left: 3 hours, 21 minutes, 2 seconds. Time passed: 5 hours, 40 minutes, 48 seconds
2026-04-28 11:05:39,835 - my_experiment - IMPuc100_HybridComm_43 - my_run - INFO - Recent Stats | t_env:    1301040 | Episode:    43368
action_0_mean:             0.7567	action_1_mean:             0.2202	action_2_mean:             0.0231	ep_length_mean:           30.0000
epsilon:                   0.0500	grad_norm:                 0.5546	info_nce_loss:             0.0001	loss:                      0.4533
q_loss:                    0.4192	return_mean:             -872.8110	return_std:              268.4866	test_action_0_mean:        0.7741
test_action_1_mean:        0.2153	test_action_2_mean:        0.0105	test_ep_length_mean:      30.0000	test_return_mean:        -353.7534
test_return_std:          97.1975	
2026-04-28 11:05:40,286 - my_experiment - IMPuc100_HybridComm_43 - my_run - INFO - t_env: 1301070 / 2050000
2026-04-28 11:05:40,286 - my_experiment - IMPuc100_HybridComm_43 - my_run - INFO - Estimated time left: 3 hours, 14 minutes, 25 seconds. Time passed: 5 hours, 47 minutes, 18 seconds
2026-04-28 11:12:15,022 - my_experiment - IMPuc100_HybridComm_43 - my_run - INFO - Recent Stats | t_env:    1326060 | Episode:    44202
action_0_mean:             0.7570	action_1_mean:             0.2195	action_2_mean:             0.0234	ep_length_mean:           30.0000
epsilon:                   0.0500	grad_norm:                 0.5971	info_nce_loss:             0.0001	loss:                      0.4614
q_loss:                    0.4265	return_mean:             -888.4403	return_std:              285.3896	test_action_0_mean:        0.7657
test_action_1_mean:        0.2213	test_action_2_mean:        0.0130	test_ep_length_mean:      30.0000	test_return_mean:        -417.1776
test_return_std:          87.7551	
2026-04-28 11:12:15,474 - my_experiment - IMPuc100_HybridComm_43 - my_run - INFO - t_env: 1326090 / 2050000
2026-04-28 11:12:15,475 - my_experiment - IMPuc100_HybridComm_43 - my_run - INFO - Estimated time left: 3 hours, 10 minutes, 34 seconds. Time passed: 5 hours, 53 minutes, 53 seconds
2026-04-28 11:18:52,037 - my_experiment - IMPuc100_HybridComm_43 - my_run - INFO - Recent Stats | t_env:    1351080 | Episode:    45036
action_0_mean:             0.7393	action_1_mean:             0.2371	action_2_mean:             0.0236	ep_length_mean:           30.0000
epsilon:                   0.0500	grad_norm:                 0.6135	info_nce_loss:             0.0001	loss:                      0.5039
q_loss:                    0.4652	return_mean:             -897.7156	return_std:              306.5071	test_action_0_mean:        0.7680
test_action_1_mean:        0.2190	test_action_2_mean:        0.0130	test_ep_length_mean:      30.0000	test_return_mean:        -427.6746
test_return_std:          96.2147	
2026-04-28 11:18:52,499 - my_experiment - IMPuc100_HybridComm_43 - my_run - INFO - t_env: 1351110 / 2050000
2026-04-28 11:18:52,500 - my_experiment - IMPuc100_HybridComm_43 - my_run - INFO - Estimated time left: 3 hours, 4 minutes, 50 seconds. Time passed: 6 hours, 30 seconds
2026-04-28 11:25:31,521 - my_experiment - IMPuc100_HybridComm_43 - my_run - INFO - Recent Stats | t_env:    1376100 | Episode:    45870
action_0_mean:             0.7317	action_1_mean:             0.2436	action_2_mean:             0.0246	ep_length_mean:           30.0000
epsilon:                   0.0500	grad_norm:                 0.6020	info_nce_loss:             0.0001	loss:                      0.5655
q_loss:                    0.5141	return_mean:             -924.7975	return_std:              343.3463	test_action_0_mean:        0.7756
test_action_1_mean:        0.2152	test_action_2_mean:        0.0092	test_ep_length_mean:      30.0000	test_return_mean:        -376.2268
test_return_std:          95.4307	
2026-04-28 11:25:31,994 - my_experiment - IMPuc100_HybridComm_43 - my_run - INFO - t_env: 1376130 / 2050000
2026-04-28 11:25:31,995 - my_experiment - IMPuc100_HybridComm_43 - my_run - INFO - Estimated time left: 2 hours, 59 minutes, 19 seconds. Time passed: 6 hours, 7 minutes, 10 seconds
2026-04-28 11:31:57,117 - my_experiment - IMPuc100_HybridComm_43 - my_run - INFO - Saving models to work_dirs/my_experiment/IMPuc100_HybridComm_43/my_run/20260428_051816/models/1400100
2026-04-28 11:32:12,751 - my_experiment - IMPuc100_HybridComm_43 - my_run - INFO - Recent Stats | t_env:    1401120 | Episode:    46704
action_0_mean:             0.7109	action_1_mean:             0.2639	action_2_mean:             0.0253	ep_length_mean:           30.0000
epsilon:                   0.0500	grad_norm:                 0.6325	info_nce_loss:             0.0001	loss:                      0.5628
q_loss:                    0.5116	return_mean:             -926.3325	return_std:              312.1163	test_action_0_mean:        0.7557
test_action_1_mean:        0.2388	test_action_2_mean:        0.0055	test_ep_length_mean:      30.0000	test_return_mean:        -336.7332
test_return_std:         115.8092	
2026-04-28 11:32:13,213 - my_experiment - IMPuc100_HybridComm_43 - my_run - INFO - t_env: 1401150 / 2050000
2026-04-28 11:32:13,214 - my_experiment - IMPuc100_HybridComm_43 - my_run - INFO - Estimated time left: 2 hours, 53 minutes, 24 seconds. Time passed: 6 hours, 13 minutes, 51 seconds
2026-04-28 11:38:54,237 - my_experiment - IMPuc100_HybridComm_43 - my_run - INFO - Recent Stats | t_env:    1426140 | Episode:    47538
action_0_mean:             0.6958	action_1_mean:             0.2787	action_2_mean:             0.0255	ep_length_mean:           30.0000
epsilon:                   0.0500	grad_norm:                 0.5977	info_nce_loss:             0.0001	loss:                      0.4992
q_loss:                    0.4538	return_mean:             -938.0313	return_std:              310.4640	test_action_0_mean:        0.7539
test_action_1_mean:        0.2398	test_action_2_mean:        0.0064	test_ep_length_mean:      30.0000	test_return_mean:        -346.5642
test_return_std:         107.2856	
2026-04-28 11:38:54,710 - my_experiment - IMPuc100_HybridComm_43 - my_run - INFO - t_env: 1426170 / 2050000
2026-04-28 11:38:54,711 - my_experiment - IMPuc100_HybridComm_43 - my_run - INFO - Estimated time left: 2 hours, 46 minutes, 50 seconds. Time passed: 6 hours, 20 minutes, 33 seconds
2026-04-28 11:45:38,770 - my_experiment - IMPuc100_HybridComm_43 - my_run - INFO - Recent Stats | t_env:    1451160 | Episode:    48372
action_0_mean:             0.6774	action_1_mean:             0.2963	action_2_mean:             0.0264	ep_length_mean:           30.0000
epsilon:                   0.0500	grad_norm:                 0.6667	info_nce_loss:             0.0001	loss:                      0.6228
q_loss:                    0.5662	return_mean:             -964.1793	return_std:              353.6321	test_action_0_mean:        0.7296
test_action_1_mean:        0.2659	test_action_2_mean:        0.0045	test_ep_length_mean:      30.0000	test_return_mean:        -289.0760
test_return_std:         132.4662	
2026-04-28 11:45:39,234 - my_experiment - IMPuc100_HybridComm_43 - my_run - INFO - t_env: 1451190 / 2050000
2026-04-28 11:45:39,235 - my_experiment - IMPuc100_HybridComm_43 - my_run - INFO - Estimated time left: 2 hours, 41 minutes, 21 seconds. Time passed: 6 hours, 27 minutes, 17 seconds
2026-04-28 11:52:10,961 - my_experiment - IMPuc100_HybridComm_43 - my_run - INFO - Recent Stats | t_env:    1476180 | Episode:    49206
action_0_mean:             0.6636	action_1_mean:             0.3098	action_2_mean:             0.0267	ep_length_mean:           30.0000
epsilon:                   0.0500	grad_norm:                 0.6798	info_nce_loss:             0.0001	loss:                      0.6710
q_loss:                    0.6100	return_mean:             -972.7467	return_std:              340.7813	test_action_0_mean:        0.7132
test_action_1_mean:        0.2811	test_action_2_mean:        0.0056	test_ep_length_mean:      30.0000	test_return_mean:        -366.3411
test_return_std:         181.3414	
2026-04-28 11:52:11,418 - my_experiment - IMPuc100_HybridComm_43 - my_run - INFO - t_env: 1476210 / 2050000
2026-04-28 11:52:11,418 - my_experiment - IMPuc100_HybridComm_43 - my_run - INFO - Estimated time left: 2 hours, 29 minutes, 54 seconds. Time passed: 6 hours, 33 minutes, 49 seconds
2026-04-28 11:58:40,321 - my_experiment - IMPuc100_HybridComm_43 - my_run - INFO - Recent Stats | t_env:    1501200 | Episode:    50040
action_0_mean:             0.6692	action_1_mean:             0.3044	action_2_mean:             0.0265	ep_length_mean:           30.0000
epsilon:                   0.0500	grad_norm:                 0.6231	info_nce_loss:             0.0001	loss:                      0.6199
q_loss:                    0.5636	return_mean:             -971.7961	return_std:              314.4228	test_action_0_mean:        0.7390
test_action_1_mean:        0.2555	test_action_2_mean:        0.0055	test_ep_length_mean:      30.0000	test_return_mean:        -371.1291
test_return_std:         197.5525	
2026-04-28 11:58:40,777 - my_experiment - IMPuc100_HybridComm_43 - my_run - INFO - t_env: 1501230 / 2050000
2026-04-28 11:58:40,778 - my_experiment - IMPuc100_HybridComm_43 - my_run - INFO - Estimated time left: 2 hours, 22 minutes, 19 seconds. Time passed: 6 hours, 40 minutes, 19 seconds
2026-04-28 12:05:12,606 - my_experiment - IMPuc100_HybridComm_43 - my_run - INFO - Recent Stats | t_env:    1526220 | Episode:    50874
action_0_mean:             0.6869	action_1_mean:             0.2866	action_2_mean:             0.0265	ep_length_mean:           30.0000
epsilon:                   0.0500	grad_norm:                 0.6654	info_nce_loss:             0.0001	loss:                      0.6711
q_loss:                    0.6101	return_mean:             -979.4551	return_std:              330.2729	test_action_0_mean:        0.7535
test_action_1_mean:        0.2409	test_action_2_mean:        0.0056	test_ep_length_mean:      30.0000	test_return_mean:        -348.5900
test_return_std:         183.0096	
2026-04-28 12:05:13,057 - my_experiment - IMPuc100_HybridComm_43 - my_run - INFO - t_env: 1526250 / 2050000
2026-04-28 12:05:13,058 - my_experiment - IMPuc100_HybridComm_43 - my_run - INFO - Estimated time left: 2 hours, 16 minutes, 51 seconds. Time passed: 6 hours, 46 minutes, 51 seconds
2026-04-28 12:11:38,389 - my_experiment - IMPuc100_HybridComm_43 - my_run - INFO - Recent Stats | t_env:    1551240 | Episode:    51708
action_0_mean:             0.7030	action_1_mean:             0.2709	action_2_mean:             0.0261	ep_length_mean:           30.0000
epsilon:                   0.0500	grad_norm:                 0.7323	info_nce_loss:             0.0001	loss:                      0.7242
q_loss:                    0.6584	return_mean:             -965.3572	return_std:              320.2028	test_action_0_mean:        0.7632
test_action_1_mean:        0.2294	test_action_2_mean:        0.0075	test_ep_length_mean:      30.0000	test_return_mean:        -451.5799
test_return_std:         187.3503	
2026-04-28 12:11:38,851 - my_experiment - IMPuc100_HybridComm_43 - my_run - INFO - t_env: 1551270 / 2050000
2026-04-28 12:11:38,852 - my_experiment - IMPuc100_HybridComm_43 - my_run - INFO - Estimated time left: 2 hours, 8 minutes, 10 seconds. Time passed: 6 hours, 53 minutes, 17 seconds
2026-04-28 12:18:04,191 - my_experiment - IMPuc100_HybridComm_43 - my_run - INFO - Recent Stats | t_env:    1576260 | Episode:    52542
action_0_mean:             0.7244	action_1_mean:             0.2507	action_2_mean:             0.0249	ep_length_mean:           30.0000
epsilon:                   0.0500	grad_norm:                 0.6576	info_nce_loss:             0.0001	loss:                      0.5930
q_loss:                    0.5391	return_mean:             -928.8759	return_std:              282.0444	test_action_0_mean:        0.7674
test_action_1_mean:        0.2248	test_action_2_mean:        0.0077	test_ep_length_mean:      30.0000	test_return_mean:        -470.7926
test_return_std:         164.6704	
2026-04-28 12:18:04,630 - my_experiment - IMPuc100_HybridComm_43 - my_run - INFO - t_env: 1576290 / 2050000
2026-04-28 12:18:04,631 - my_experiment - IMPuc100_HybridComm_43 - my_run - INFO - Estimated time left: 2 hours, 1 minutes, 44 seconds. Time passed: 6 hours, 59 minutes, 42 seconds
2026-04-28 12:24:13,764 - my_experiment - IMPuc100_HybridComm_43 - my_run - INFO - Saving models to work_dirs/my_experiment/IMPuc100_HybridComm_43/my_run/20260428_051816/models/1600110
2026-04-28 12:24:31,137 - my_experiment - IMPuc100_HybridComm_43 - my_run - INFO - Recent Stats | t_env:    1601280 | Episode:    53376
action_0_mean:             0.7533	action_1_mean:             0.2221	action_2_mean:             0.0246	ep_length_mean:           30.0000
epsilon:                   0.0500	grad_norm:                 0.5649	info_nce_loss:             0.0001	loss:                      0.4464
q_loss:                    0.4058	return_mean:             -913.2180	return_std:              280.7808	test_action_0_mean:        0.7846
test_action_1_mean:        0.1988	test_action_2_mean:        0.0166	test_ep_length_mean:      30.0000	test_return_mean:        -604.0373
test_return_std:          90.2537	
2026-04-28 12:24:31,579 - my_experiment - IMPuc100_HybridComm_43 - my_run - INFO - t_env: 1601310 / 2050000
2026-04-28 12:24:31,580 - my_experiment - IMPuc100_HybridComm_43 - my_run - INFO - Estimated time left: 1 hours, 55 minutes, 39 seconds. Time passed: 7 hours, 6 minutes, 9 seconds
2026-04-28 12:30:54,912 - my_experiment - IMPuc100_HybridComm_43 - my_run - INFO - Recent Stats | t_env:    1626300 | Episode:    54210
action_0_mean:             0.7583	action_1_mean:             0.2174	action_2_mean:             0.0242	ep_length_mean:           30.0000
epsilon:                   0.0500	grad_norm:                 0.5280	info_nce_loss:             0.0001	loss:                      0.4092
q_loss:                    0.3720	return_mean:             -903.2354	return_std:              290.3300	test_action_0_mean:        0.7818
test_action_1_mean:        0.2017	test_action_2_mean:        0.0165	test_ep_length_mean:      30.0000	test_return_mean:        -605.1558
test_return_std:          91.2597	
2026-04-28 12:30:55,353 - my_experiment - IMPuc100_HybridComm_43 - my_run - INFO - t_env: 1626330 / 2050000
2026-04-28 12:30:55,354 - my_experiment - IMPuc100_HybridComm_43 - my_run - INFO - Estimated time left: 1 hours, 48 minutes, 18 seconds. Time passed: 7 hours, 12 minutes, 33 seconds
2026-04-28 12:37:22,112 - my_experiment - IMPuc100_HybridComm_43 - my_run - INFO - Recent Stats | t_env:    1651320 | Episode:    55044
action_0_mean:             0.7664	action_1_mean:             0.2101	action_2_mean:             0.0234	ep_length_mean:           30.0000
epsilon:                   0.0500	grad_norm:                 0.4429	info_nce_loss:             0.0001	loss:                      0.2948
q_loss:                    0.2680	return_mean:             -880.9001	return_std:              277.0671	test_action_0_mean:        0.7931
test_action_1_mean:        0.1856	test_action_2_mean:        0.0213	test_ep_length_mean:      30.0000	test_return_mean:        -809.1416
test_return_std:          72.8566	
2026-04-28 12:37:22,561 - my_experiment - IMPuc100_HybridComm_43 - my_run - INFO - t_env: 1651350 / 2050000
2026-04-28 12:37:22,561 - my_experiment - IMPuc100_HybridComm_43 - my_run - INFO - Estimated time left: 1 hours, 42 minutes, 49 seconds. Time passed: 7 hours, 19 minutes, 0 seconds
2026-04-28 12:43:46,859 - my_experiment - IMPuc100_HybridComm_43 - my_run - INFO - Recent Stats | t_env:    1676340 | Episode:    55878
action_0_mean:             0.7737	action_1_mean:             0.2026	action_2_mean:             0.0238	ep_length_mean:           30.0000
epsilon:                   0.0500	grad_norm:                 0.5041	info_nce_loss:             0.0001	loss:                      0.3119
q_loss:                    0.2940	return_mean:             -887.3244	return_std:              294.9329	test_action_0_mean:        0.8037
test_action_1_mean:        0.1770	test_action_2_mean:        0.0193	test_ep_length_mean:      30.0000	test_return_mean:        -700.5301
test_return_std:          77.2858	
2026-04-28 12:43:47,318 - my_experiment - IMPuc100_HybridComm_43 - my_run - INFO - t_env: 1676370 / 2050000
2026-04-28 12:43:47,319 - my_experiment - IMPuc100_HybridComm_43 - my_run - INFO - Estimated time left: 1 hours, 35 minutes, 45 seconds. Time passed: 7 hours, 25 minutes, 25 seconds
2026-04-28 12:50:17,075 - my_experiment - IMPuc100_HybridComm_43 - my_run - INFO - Recent Stats | t_env:    1701360 | Episode:    56712
action_0_mean:             0.7800	action_1_mean:             0.1961	action_2_mean:             0.0239	ep_length_mean:           30.0000
epsilon:                   0.0500	grad_norm:                 0.6748	info_nce_loss:             0.0001	loss:                      0.4078
q_loss:                    0.3957	return_mean:             -892.6423	return_std:              322.0881	test_action_0_mean:        0.8130
test_action_1_mean:        0.1679	test_action_2_mean:        0.0191	test_ep_length_mean:      30.0000	test_return_mean:        -686.6524
test_return_std:          89.5795	
2026-04-28 12:50:17,531 - my_experiment - IMPuc100_HybridComm_43 - my_run - INFO - t_env: 1701390 / 2050000
2026-04-28 12:50:17,532 - my_experiment - IMPuc100_HybridComm_43 - my_run - INFO - Estimated time left: 1 hours, 30 minutes, 36 seconds. Time passed: 7 hours, 31 minutes, 55 seconds
2026-04-28 12:56:46,478 - my_experiment - IMPuc100_HybridComm_43 - my_run - INFO - Recent Stats | t_env:    1726380 | Episode:    57546
action_0_mean:             0.7743	action_1_mean:             0.2013	action_2_mean:             0.0243	ep_length_mean:           30.0000
epsilon:                   0.0500	grad_norm:                 0.7584	info_nce_loss:             0.0001	loss:                      0.4960
q_loss:                    0.4759	return_mean:             -904.5102	return_std:              326.4123	test_action_0_mean:        0.8041
test_action_1_mean:        0.1862	test_action_2_mean:        0.0098	test_ep_length_mean:      30.0000	test_return_mean:        -470.1557
test_return_std:          97.4501	
2026-04-28 12:56:46,923 - my_experiment - IMPuc100_HybridComm_43 - my_run - INFO - t_env: 1726410 / 2050000
2026-04-28 12:56:46,924 - my_experiment - IMPuc100_HybridComm_43 - my_run - INFO - Estimated time left: 1 hours, 23 minutes, 56 seconds. Time passed: 7 hours, 38 minutes, 25 seconds
2026-04-28 13:03:11,369 - my_experiment - IMPuc100_HybridComm_43 - my_run - INFO - Recent Stats | t_env:    1751400 | Episode:    58380
action_0_mean:             0.7800	action_1_mean:             0.1949	action_2_mean:             0.0252	ep_length_mean:           30.0000
epsilon:                   0.0500	grad_norm:                 0.8119	info_nce_loss:             0.0001	loss:                      0.5556
q_loss:                    0.5300	return_mean:             -922.0419	return_std:              355.3991	test_action_0_mean:        0.8077
test_action_1_mean:        0.1825	test_action_2_mean:        0.0098	test_ep_length_mean:      30.0000	test_return_mean:        -466.9521
test_return_std:          84.4381	
2026-04-28 13:03:11,823 - my_experiment - IMPuc100_HybridComm_43 - my_run - INFO - t_env: 1751430 / 2050000
2026-04-28 13:03:11,823 - my_experiment - IMPuc100_HybridComm_43 - my_run - INFO - Estimated time left: 1 hours, 16 minutes, 33 seconds. Time passed: 7 hours, 44 minutes, 50 seconds
2026-04-28 13:09:39,733 - my_experiment - IMPuc100_HybridComm_43 - my_run - INFO - Recent Stats | t_env:    1776420 | Episode:    59214
action_0_mean:             0.7794	action_1_mean:             0.1946	action_2_mean:             0.0260	ep_length_mean:           30.0000
epsilon:                   0.0500	grad_norm:                 0.8070	info_nce_loss:             0.0001	loss:                      0.6454
q_loss:                    0.6117	return_mean:             -938.2295	return_std:              382.2843	test_action_0_mean:        0.7996
test_action_1_mean:        0.1945	test_action_2_mean:        0.0059	test_ep_length_mean:      30.0000	test_return_mean:        -277.3133
test_return_std:         108.8876	
2026-04-28 13:09:40,199 - my_experiment - IMPuc100_HybridComm_43 - my_run - INFO - t_env: 1776450 / 2050000
2026-04-28 13:09:40,199 - my_experiment - IMPuc100_HybridComm_43 - my_run - INFO - Estimated time left: 1 hours, 10 minutes, 46 seconds. Time passed: 7 hours, 51 minutes, 18 seconds
2026-04-28 13:15:56,916 - my_experiment - IMPuc100_HybridComm_43 - my_run - INFO - Saving models to work_dirs/my_experiment/IMPuc100_HybridComm_43/my_run/20260428_051816/models/1800120
2026-04-28 13:16:17,400 - my_experiment - IMPuc100_HybridComm_43 - my_run - INFO - Recent Stats | t_env:    1801440 | Episode:    60048
action_0_mean:             0.7818	action_1_mean:             0.1925	action_2_mean:             0.0257	ep_length_mean:           30.0000
epsilon:                   0.0500	grad_norm:                 0.7352	info_nce_loss:             0.0001	loss:                      0.6165
q_loss:                    0.5749	return_mean:             -937.0219	return_std:              377.0838	test_action_0_mean:        0.7899
test_action_1_mean:        0.2049	test_action_2_mean:        0.0051	test_ep_length_mean:      30.0000	test_return_mean:        -317.8659
test_return_std:         173.6999	
2026-04-28 13:16:17,864 - my_experiment - IMPuc100_HybridComm_43 - my_run - INFO - t_env: 1801470 / 2050000
2026-04-28 13:16:17,864 - my_experiment - IMPuc100_HybridComm_43 - my_run - INFO - Estimated time left: 1 hours, 5 minutes, 50 seconds. Time passed: 7 hours, 57 minutes, 56 seconds
2026-04-28 13:22:53,483 - my_experiment - IMPuc100_HybridComm_43 - my_run - INFO - Recent Stats | t_env:    1826460 | Episode:    60882
action_0_mean:             0.7642	action_1_mean:             0.2100	action_2_mean:             0.0258	ep_length_mean:           30.0000
epsilon:                   0.0500	grad_norm:                 0.5565	info_nce_loss:             0.0002	loss:                      0.5356
q_loss:                    0.4869	return_mean:             -936.3330	return_std:              331.6994	test_action_0_mean:        0.7932
test_action_1_mean:        0.2020	test_action_2_mean:        0.0048	test_ep_length_mean:      30.0000	test_return_mean:        -313.4908
test_return_std:         190.6052	
2026-04-28 13:22:53,935 - my_experiment - IMPuc100_HybridComm_43 - my_run - INFO - t_env: 1826490 / 2050000
2026-04-28 13:22:53,936 - my_experiment - IMPuc100_HybridComm_43 - my_run - INFO - Estimated time left: 58 minutes, 58 seconds. Time passed: 8 hours, 4 minutes, 32 seconds
2026-04-28 13:29:24,526 - my_experiment - IMPuc100_HybridComm_43 - my_run - INFO - Recent Stats | t_env:    1851480 | Episode:    61716
action_0_mean:             0.7583	action_1_mean:             0.2157	action_2_mean:             0.0260	ep_length_mean:           30.0000
epsilon:                   0.0500	grad_norm:                 0.4452	info_nce_loss:             0.0001	loss:                      0.4571
q_loss:                    0.4155	return_mean:             -946.8460	return_std:              339.4887	test_action_0_mean:        0.7880
test_action_1_mean:        0.2077	test_action_2_mean:        0.0042	test_ep_length_mean:      30.0000	test_return_mean:        -308.1233
test_return_std:         196.1719	
2026-04-28 13:29:25,000 - my_experiment - IMPuc100_HybridComm_43 - my_run - INFO - t_env: 1851510 / 2050000
2026-04-28 13:29:25,001 - my_experiment - IMPuc100_HybridComm_43 - my_run - INFO - Estimated time left: 51 minutes, 42 seconds. Time passed: 8 hours, 11 minutes, 3 seconds
2026-04-28 13:36:00,536 - my_experiment - IMPuc100_HybridComm_43 - my_run - INFO - Recent Stats | t_env:    1876500 | Episode:    62550
action_0_mean:             0.7565	action_1_mean:             0.2180	action_2_mean:             0.0254	ep_length_mean:           30.0000
epsilon:                   0.0500	grad_norm:                 0.4330	info_nce_loss:             0.0001	loss:                      0.3936
q_loss:                    0.3622	return_mean:             -937.0036	return_std:              314.9617	test_action_0_mean:        0.7742
test_action_1_mean:        0.2217	test_action_2_mean:        0.0042	test_ep_length_mean:      30.0000	test_return_mean:        -437.3774
test_return_std:         415.6931	
2026-04-28 13:36:01,000 - my_experiment - IMPuc100_HybridComm_43 - my_run - INFO - t_env: 1876530 / 2050000
2026-04-28 13:36:01,001 - my_experiment - IMPuc100_HybridComm_43 - my_run - INFO - Estimated time left: 45 minutes, 45 seconds. Time passed: 8 hours, 17 minutes, 39 seconds
2026-04-28 13:42:37,513 - my_experiment - IMPuc100_HybridComm_43 - my_run - INFO - Recent Stats | t_env:    1901520 | Episode:    63384
action_0_mean:             0.7416	action_1_mean:             0.2338	action_2_mean:             0.0245	ep_length_mean:           30.0000
epsilon:                   0.0500	grad_norm:                 0.4364	info_nce_loss:             0.0001	loss:                      0.3422
q_loss:                    0.3154	return_mean:             -922.5087	return_std:              284.5484	test_action_0_mean:        0.7651
test_action_1_mean:        0.2299	test_action_2_mean:        0.0050	test_ep_length_mean:      30.0000	test_return_mean:        -451.6769
test_return_std:         416.7803	
2026-04-28 13:42:37,973 - my_experiment - IMPuc100_HybridComm_43 - my_run - INFO - t_env: 1901550 / 2050000
2026-04-28 13:42:37,974 - my_experiment - IMPuc100_HybridComm_43 - my_run - INFO - Estimated time left: 39 minutes, 15 seconds. Time passed: 8 hours, 24 minutes, 16 seconds
2026-04-28 13:49:12,369 - my_experiment - IMPuc100_HybridComm_43 - my_run - INFO - Recent Stats | t_env:    1926540 | Episode:    64218
action_0_mean:             0.7267	action_1_mean:             0.2485	action_2_mean:             0.0248	ep_length_mean:           30.0000
epsilon:                   0.0500	grad_norm:                 0.3814	info_nce_loss:             0.0001	loss:                      0.2941
q_loss:                    0.2751	return_mean:             -917.4787	return_std:              272.8871	test_action_0_mean:        0.7552
test_action_1_mean:        0.2392	test_action_2_mean:        0.0056	test_ep_length_mean:      30.0000	test_return_mean:        -408.2568
test_return_std:         341.6619	
2026-04-28 13:49:12,826 - my_experiment - IMPuc100_HybridComm_43 - my_run - INFO - t_env: 1926570 / 2050000
2026-04-28 13:49:12,827 - my_experiment - IMPuc100_HybridComm_43 - my_run - INFO - Estimated time left: 32 minutes, 27 seconds. Time passed: 8 hours, 30 minutes, 51 seconds
2026-04-28 13:55:45,928 - my_experiment - IMPuc100_HybridComm_43 - my_run - INFO - Recent Stats | t_env:    1951560 | Episode:    65052
action_0_mean:             0.7191	action_1_mean:             0.2558	action_2_mean:             0.0251	ep_length_mean:           30.0000
epsilon:                   0.0500	grad_norm:                 0.3892	info_nce_loss:             0.0001	loss:                      0.3566
q_loss:                    0.3320	return_mean:             -920.9694	return_std:              281.2964	test_action_0_mean:        0.7500
test_action_1_mean:        0.2447	test_action_2_mean:        0.0053	test_ep_length_mean:      30.0000	test_return_mean:        -387.8398
test_return_std:         309.1463	
2026-04-28 13:55:46,388 - my_experiment - IMPuc100_HybridComm_43 - my_run - INFO - t_env: 1951590 / 2050000
2026-04-28 13:55:46,389 - my_experiment - IMPuc100_HybridComm_43 - my_run - INFO - Estimated time left: 25 minutes, 47 seconds. Time passed: 8 hours, 37 minutes, 24 seconds
2026-04-28 14:02:20,031 - my_experiment - IMPuc100_HybridComm_43 - my_run - INFO - Recent Stats | t_env:    1976580 | Episode:    65886
action_0_mean:             0.7136	action_1_mean:             0.2625	action_2_mean:             0.0240	ep_length_mean:           30.0000
epsilon:                   0.0500	grad_norm:                 0.4338	info_nce_loss:             0.0001	loss:                      0.3787
q_loss:                    0.3520	return_mean:             -890.2122	return_std:              266.3399	test_action_0_mean:        0.7437
test_action_1_mean:        0.2512	test_action_2_mean:        0.0051	test_ep_length_mean:      30.0000	test_return_mean:        -391.0782
test_return_std:         309.1281	
2026-04-28 14:02:20,485 - my_experiment - IMPuc100_HybridComm_43 - my_run - INFO - t_env: 1976610 / 2050000
2026-04-28 14:02:20,486 - my_experiment - IMPuc100_HybridComm_43 - my_run - INFO - Estimated time left: 19 minutes, 15 seconds. Time passed: 8 hours, 43 minutes, 58 seconds
2026-04-28 14:08:28,113 - my_experiment - IMPuc100_HybridComm_43 - my_run - INFO - Saving models to work_dirs/my_experiment/IMPuc100_HybridComm_43/my_run/20260428_051816/models/2000130
2026-04-28 14:08:50,205 - my_experiment - IMPuc100_HybridComm_43 - my_run - INFO - Recent Stats | t_env:    2001600 | Episode:    66720
action_0_mean:             0.6997	action_1_mean:             0.2769	action_2_mean:             0.0234	ep_length_mean:           30.0000
epsilon:                   0.0500	grad_norm:                 0.3988	info_nce_loss:             0.0001	loss:                      0.3732
q_loss:                    0.3428	return_mean:             -872.2352	return_std:              261.8124	test_action_0_mean:        0.7383
test_action_1_mean:        0.2562	test_action_2_mean:        0.0055	test_ep_length_mean:      30.0000	test_return_mean:        -282.5599
test_return_std:         128.5898	
2026-04-28 14:08:50,665 - my_experiment - IMPuc100_HybridComm_43 - my_run - INFO - t_env: 2001630 / 2050000
2026-04-28 14:08:50,666 - my_experiment - IMPuc100_HybridComm_43 - my_run - INFO - Estimated time left: 12 minutes, 34 seconds. Time passed: 8 hours, 50 minutes, 29 seconds
2026-04-28 14:15:17,803 - my_experiment - IMPuc100_HybridComm_43 - my_run - INFO - Recent Stats | t_env:    2026620 | Episode:    67554
action_0_mean:             0.7012	action_1_mean:             0.2750	action_2_mean:             0.0238	ep_length_mean:           30.0000
epsilon:                   0.0500	grad_norm:                 0.3817	info_nce_loss:             0.0001	loss:                      0.3776
q_loss:                    0.3468	return_mean:             -878.7729	return_std:              257.4163	test_action_0_mean:        0.7421
test_action_1_mean:        0.2544	test_action_2_mean:        0.0034	test_ep_length_mean:      30.0000	test_return_mean:        -250.8371
test_return_std:         128.5829	
2026-04-28 14:15:18,256 - my_experiment - IMPuc100_HybridComm_43 - my_run - INFO - t_env: 2026650 / 2050000
2026-04-28 14:15:18,257 - my_experiment - IMPuc100_HybridComm_43 - my_run - INFO - Estimated time left: 6 minutes, 1 seconds. Time passed: 8 hours, 56 minutes, 56 seconds
2026-04-28 14:21:21,534 - my_experiment - IMPuc100_HybridComm_43 - my_run - INFO - Finished Training
