Gym has been unmaintained since 2022 and does not support NumPy 2.0 amongst other critical functionality.
Please upgrade to Gymnasium, the maintained drop-in replacement of Gym, or contact the authors of your software and request that they upgrade.
Users of this version of Gym should be able to simply replace 'import gym' with 'import gymnasium as gym' in the vast majority of cases.
See the migration guide at https://gymnasium.farama.org/introduction/migration_guide/ for additional information.
src/main.py:81: DeprecationWarning: Using or importing the ABCs from 'collections' instead of from 'collections.abc' is deprecated since Python 3.3, and in 3.10 it will stop working
  if isinstance(v, collections.Mapping):
wandb: [wandb.login()] Loaded credentials for https://api.wandb.ai from /home/pparsons/.netrc.
wandb: Currently logged in as: peterparsons02 (peterparsons02-eth-z-rich) to https://api.wandb.ai. Use `wandb login --relogin` to force relogin
wandb: setting up run 1nci9crs
wandb: Tracking run with wandb version 0.24.1
wandb: Run data is saved locally in /usr/itetnas04/data-scratch-01/pparsons/data/MyExpoComm/wandb/run-20260428_160548-1nci9crs
wandb: Run `wandb offline` to turn off syncing.
wandb: Syncing run my_run-IMPuc100_ExpoComm_44-20260428_160547
wandb: ⭐️ View project at https://wandb.ai/peterparsons02-eth-z-rich/my_experiment
wandb: 🚀 View run at https://wandb.ai/peterparsons02-eth-z-rich/my_experiment/runs/1nci9crs
2026-04-28 16:05:50,558 - my_experiment - IMPuc100_ExpoComm_44 - my_run - INFO - Current directory: /usr/itetnas04/data-scratch-01/pparsons/data/MyExpoComm.
2026-04-28 16:05:50,558 - my_experiment - IMPuc100_ExpoComm_44 - my_run - INFO - Experiment Parameters:
2026-04-28 16:05:50,559 - my_experiment - IMPuc100_ExpoComm_44 - my_run - INFO - 

{   'action_selector': 'epsilon_greedy',
    'add_value_last_step': True,
    'agent': 'ExpoComm_one_peer_cont',
    'agent_output_type': 'q',
    'aux_coef': 0.1,
    'batch_size': 64,
    'batch_size_run': 1,
    'buffer_cpu_only': True,
    'buffer_size': 2000,
    'checkpoint_path': '',
    'common_reward': True,
    'double_q': True,
    'env': 'struct_marl',
    'env_args': {   'campaign_cost': True,
                    'custom_param': {   'k_comp': 95},
                    'discount_reward': 0.95,
                    'env_correlation': False,
                    'map_name': 'struct_uc_100',
                    'n_comp': 100,
                    'obs_all_d_rate': False,
                    'obs_alphas': False,
                    'obs_d_rate': False,
                    'obs_multiple': False,
                    'seed': 44,
                    'state_alphas': False,
                    'state_d_rate': True,
                    'state_obs': True,
                    'struct_type': 'struct'},
    'epsilon_anneal_time': 5000,
    'epsilon_finish': 0.05,
    'epsilon_start': 1.0,
    'evaluate': False,
    'evaluation_epsilon': 0.0,
    'exp_name': 'my_experiment',
    'gamma': 0.95,
    'global_reward': False,
    'grad_norm_clip': 10,
    'hidden_dim': 64,
    'hypergroup': None,
    'hypernet_embed': 64,
    'hypernet_layers': 2,
    'label': 'default_label',
    'learner': 'cont_q_learner',
    'learner_log_interval': 25000,
    'load_step': 0,
    'local_results_path': 'results',
    'log_interval': 25000,
    'lr': 0.0005,
    'mac': 'ExpoComm_mac',
    'mixer': 'qmix',
    'mixing_embed_dim': 64,
    'name': 'IMPuc100_ExpoComm_44',
    'neg_num': 20,
    'obs_agent_id': True,
    'obs_individual_obs': False,
    'obs_last_action': True,
    'one_peer': True,
    'optim_alpha': 0.99,
    'optim_eps': 1e-05,
    'pos_flag': False,
    'render': False,
    'repeat_id': 1,
    'run_name': 'my_run',
    'runner': 'episode',
    'runner_log_interval': 25000,
    'save_model': True,
    'save_model_interval': 200000,
    'save_replay': False,
    'seed': 44,
    'standardise_returns': False,
    'standardise_rewards': True,
    't_max': 2050000,
    'target_update_interval_or_tau': 200,
    'temperature': 0.07,
    'test_greedy': True,
    'test_interval': 25000,
    'test_nepisode': 50,
    'topk_neighbors': 7,
    'use_cuda': True,
    'use_rnn': True,
    'use_tensorboard': True,
    'work_dir': 'work_dirs/my_experiment/IMPuc100_ExpoComm_44/my_run/20260428_160547'}

2026-04-28 16:06:07,108 - my_experiment - IMPuc100_ExpoComm_44 - my_run - INFO - Beginning training for 2050000 timesteps
2026-04-28 16:06:19,730 - my_experiment - IMPuc100_ExpoComm_44 - my_run - INFO - t_env: 30 / 2050000
2026-04-28 16:06:19,731 - my_experiment - IMPuc100_ExpoComm_44 - my_run - INFO - Estimated time left: 17 minutes, 13 seconds. Time passed: 12 seconds
2026-04-28 16:06:28,722 - my_experiment - IMPuc100_ExpoComm_44 - my_run - INFO - Saving models to work_dirs/my_experiment/IMPuc100_ExpoComm_44/my_run/20260428_160547/models/30
2026-04-28 16:11:01,207 - my_experiment - IMPuc100_ExpoComm_44 - my_run - INFO - Recent Stats | t_env:      25020 | Episode:      834
action_0_mean:             0.3317	action_1_mean:             0.3313	action_2_mean:             0.3370	ep_length_mean:           30.0000
epsilon:                   1.0000	grad_norm:                37.5236	info_nce_loss:             2.9762	loss:                      2.2064
q_loss:                    2.0058	q_taken_mean:             -0.0168	return_mean:             -10568.1813	return_std:                0.0000
target_mean:              -0.0070	td_error_abs:              1.2268	test_action_0_mean:        1.0000	test_action_1_mean:        0.0000
test_action_2_mean:        0.0000	test_ep_length_mean:      30.0000	test_return_mean:        -1770.1445	test_return_std:           0.0000

2026-04-28 16:11:01,528 - my_experiment - IMPuc100_ExpoComm_44 - my_run - INFO - t_env: 25050 / 2050000
2026-04-28 16:11:01,529 - my_experiment - IMPuc100_ExpoComm_44 - my_run - INFO - Estimated time left: 6 hours, 20 minutes, 6 seconds. Time passed: 4 minutes, 54 seconds
2026-04-28 16:15:48,883 - my_experiment - IMPuc100_ExpoComm_44 - my_run - INFO - Recent Stats | t_env:      50040 | Episode:     1668
action_0_mean:             0.5387	action_1_mean:             0.2687	action_2_mean:             0.1926	ep_length_mean:           30.0000
epsilon:                   0.0500	grad_norm:                21.0201	info_nce_loss:             1.4881	loss:                      1.2348
q_loss:                    1.1226	q_taken_mean:              0.0050	return_mean:             -6511.2405	return_std:              1090.8612
target_mean:               0.0099	td_error_abs:              0.7385	test_action_0_mean:        0.9780	test_action_1_mean:        0.0220
test_action_2_mean:        0.0000	test_ep_length_mean:      30.0000	test_return_mean:        -1799.1924	test_return_std:         183.8478

2026-04-28 16:15:49,226 - my_experiment - IMPuc100_ExpoComm_44 - my_run - INFO - t_env: 50070 / 2050000
2026-04-28 16:15:49,226 - my_experiment - IMPuc100_ExpoComm_44 - my_run - INFO - Estimated time left: 6 hours, 23 minutes, 16 seconds. Time passed: 9 minutes, 42 seconds
2026-04-28 16:20:53,390 - my_experiment - IMPuc100_ExpoComm_44 - my_run - INFO - Recent Stats | t_env:      75060 | Episode:     2502
action_0_mean:             0.6223	action_1_mean:             0.2437	action_2_mean:             0.1341	ep_length_mean:           30.0000
epsilon:                   0.0500	grad_norm:                15.8039	info_nce_loss:             0.9921	loss:                      0.9211
q_loss:                    0.8462	q_taken_mean:              0.0163	return_mean:             -4856.6803	return_std:              958.6632
target_mean:               0.0195	td_error_abs:              0.5817	test_action_0_mean:        0.9106	test_action_1_mean:        0.0873
test_action_2_mean:        0.0021	test_ep_length_mean:      30.0000	test_return_mean:        -1497.6920	test_return_std:         169.0411

2026-04-28 16:20:53,746 - my_experiment - IMPuc100_ExpoComm_44 - my_run - INFO - t_env: 75090 / 2050000
2026-04-28 16:20:53,746 - my_experiment - IMPuc100_ExpoComm_44 - my_run - INFO - Estimated time left: 6 hours, 40 minutes, 36 seconds. Time passed: 14 minutes, 46 seconds
2026-04-28 16:25:58,008 - my_experiment - IMPuc100_ExpoComm_44 - my_run - INFO - Recent Stats | t_env:     100080 | Episode:     3336
action_0_mean:             0.6193	action_1_mean:             0.2743	action_2_mean:             0.1064	ep_length_mean:           30.0000
epsilon:                   0.0500	grad_norm:                16.0059	info_nce_loss:             0.7441	loss:                      0.7574
q_loss:                    0.6954	q_taken_mean:              0.0266	return_mean:             -3859.5152	return_std:              745.1312
target_mean:               0.0293	td_error_abs:              0.5087	test_action_0_mean:        0.8416	test_action_1_mean:        0.1551
test_action_2_mean:        0.0033	test_ep_length_mean:      30.0000	test_return_mean:        -1197.5871	test_return_std:         136.6340

2026-04-28 16:25:58,405 - my_experiment - IMPuc100_ExpoComm_44 - my_run - INFO - t_env: 100110 / 2050000
2026-04-28 16:25:58,405 - my_experiment - IMPuc100_ExpoComm_44 - my_run - INFO - Estimated time left: 6 hours, 35 minutes, 43 seconds. Time passed: 19 minutes, 51 seconds
2026-04-28 16:30:52,772 - my_experiment - IMPuc100_ExpoComm_44 - my_run - INFO - Recent Stats | t_env:     125100 | Episode:     4170
action_0_mean:             0.6193	action_1_mean:             0.2912	action_2_mean:             0.0895	ep_length_mean:           30.0000
epsilon:                   0.0500	grad_norm:                13.2355	info_nce_loss:             0.5952	loss:                      0.6131
q_loss:                    0.5635	q_taken_mean:              0.0349	return_mean:             -3251.6252	return_std:              614.4257
target_mean:               0.0370	td_error_abs:              0.4300	test_action_0_mean:        0.7551	test_action_1_mean:        0.2413
test_action_2_mean:        0.0036	test_ep_length_mean:      30.0000	test_return_mean:        -1025.1579	test_return_std:         114.7424

2026-04-28 16:30:53,121 - my_experiment - IMPuc100_ExpoComm_44 - my_run - INFO - t_env: 125130 / 2050000
2026-04-28 16:30:53,121 - my_experiment - IMPuc100_ExpoComm_44 - my_run - INFO - Estimated time left: 6 hours, 17 minutes, 53 seconds. Time passed: 24 minutes, 46 seconds
2026-04-28 16:35:39,198 - my_experiment - IMPuc100_ExpoComm_44 - my_run - INFO - Recent Stats | t_env:     150120 | Episode:     5004
action_0_mean:             0.7025	action_1_mean:             0.2715	action_2_mean:             0.0261	ep_length_mean:           30.0000
epsilon:                   0.0500	grad_norm:                 5.7950	info_nce_loss:             0.0000	loss:                      0.1732
q_loss:                    0.1635	q_taken_mean:              0.0521	return_mean:             -1285.0759	return_std:              630.8182
target_mean:               0.0523	td_error_abs:              0.1955	test_action_0_mean:        0.7110	test_action_1_mean:        0.2846
test_action_2_mean:        0.0044	test_ep_length_mean:      30.0000	test_return_mean:        -711.4605	test_return_std:         121.1076

2026-04-28 16:35:39,535 - my_experiment - IMPuc100_ExpoComm_44 - my_run - INFO - t_env: 150150 / 2050000
2026-04-28 16:35:39,536 - my_experiment - IMPuc100_ExpoComm_44 - my_run - INFO - Estimated time left: 6 hours, 2 minutes, 28 seconds. Time passed: 29 minutes, 32 seconds
2026-04-28 16:40:26,152 - my_experiment - IMPuc100_ExpoComm_44 - my_run - INFO - Recent Stats | t_env:     175140 | Episode:     5838
action_0_mean:             0.7170	action_1_mean:             0.2626	action_2_mean:             0.0203	ep_length_mean:           30.0000
epsilon:                   0.0500	grad_norm:                 5.5961	info_nce_loss:             0.0000	loss:                      0.1278
q_loss:                    0.1223	q_taken_mean:              0.0603	return_mean:             -938.3235	return_std:              211.1861
target_mean:               0.0604	td_error_abs:              0.1759	test_action_0_mean:        0.6928	test_action_1_mean:        0.3023
test_action_2_mean:        0.0049	test_ep_length_mean:      30.0000	test_return_mean:        -395.8588	test_return_std:          63.2657

2026-04-28 16:40:26,481 - my_experiment - IMPuc100_ExpoComm_44 - my_run - INFO - t_env: 175170 / 2050000
2026-04-28 16:40:26,482 - my_experiment - IMPuc100_ExpoComm_44 - my_run - INFO - Estimated time left: 5 hours, 58 minutes, 21 seconds. Time passed: 34 minutes, 19 seconds
2026-04-28 16:45:09,484 - my_experiment - IMPuc100_ExpoComm_44 - my_run - INFO - Saving models to work_dirs/my_experiment/IMPuc100_ExpoComm_44/my_run/20260428_160547/models/200040
2026-04-28 16:45:10,967 - my_experiment - IMPuc100_ExpoComm_44 - my_run - INFO - Recent Stats | t_env:     200160 | Episode:     6672
action_0_mean:             0.7195	action_1_mean:             0.2598	action_2_mean:             0.0207	ep_length_mean:           30.0000
epsilon:                   0.0500	grad_norm:                 4.5786	info_nce_loss:             0.0002	loss:                      0.0703
q_loss:                    0.0647	q_taken_mean:              0.0652	return_mean:             -774.1386	return_std:               89.7465
target_mean:               0.0654	td_error_abs:              0.1328	test_action_0_mean:        0.7213	test_action_1_mean:        0.2746
test_action_2_mean:        0.0041	test_ep_length_mean:      30.0000	test_return_mean:        -280.1401	test_return_std:          52.3683

2026-04-28 16:45:11,301 - my_experiment - IMPuc100_ExpoComm_44 - my_run - INFO - t_env: 200190 / 2050000
2026-04-28 16:45:11,301 - my_experiment - IMPuc100_ExpoComm_44 - my_run - INFO - Estimated time left: 5 hours, 50 minutes, 57 seconds. Time passed: 39 minutes, 4 seconds
2026-04-28 16:49:55,667 - my_experiment - IMPuc100_ExpoComm_44 - my_run - INFO - Recent Stats | t_env:     225180 | Episode:     7506
action_0_mean:             0.7604	action_1_mean:             0.2197	action_2_mean:             0.0199	ep_length_mean:           30.0000
epsilon:                   0.0500	grad_norm:                 1.8516	info_nce_loss:             0.0003	loss:                      0.0195
q_loss:                    0.0184	q_taken_mean:              0.0657	return_mean:             -744.5718	return_std:               86.2804
target_mean:               0.0656	td_error_abs:              0.0922	test_action_0_mean:        0.7547	test_action_1_mean:        0.2418
test_action_2_mean:        0.0035	test_ep_length_mean:      30.0000	test_return_mean:        -258.3718	test_return_std:          49.6769

2026-04-28 16:49:55,992 - my_experiment - IMPuc100_ExpoComm_44 - my_run - INFO - t_env: 225210 / 2050000
2026-04-28 16:49:55,993 - my_experiment - IMPuc100_ExpoComm_44 - my_run - INFO - Estimated time left: 5 hours, 46 minutes, 3 seconds. Time passed: 43 minutes, 48 seconds
2026-04-28 16:54:40,300 - my_experiment - IMPuc100_ExpoComm_44 - my_run - INFO - Recent Stats | t_env:     250200 | Episode:     8340
action_0_mean:             0.8010	action_1_mean:             0.1796	action_2_mean:             0.0194	ep_length_mean:           30.0000
epsilon:                   0.0500	grad_norm:                 1.4664	info_nce_loss:             0.0004	loss:                      0.0136
q_loss:                    0.0123	q_taken_mean:              0.0632	return_mean:             -722.4303	return_std:               84.5209
target_mean:               0.0631	td_error_abs:              0.0797	test_action_0_mean:        0.8561	test_action_1_mean:        0.1409
test_action_2_mean:        0.0030	test_ep_length_mean:      30.0000	test_return_mean:        -234.1600	test_return_std:          51.6089

2026-04-28 16:54:40,641 - my_experiment - IMPuc100_ExpoComm_44 - my_run - INFO - t_env: 250230 / 2050000
2026-04-28 16:54:40,642 - my_experiment - IMPuc100_ExpoComm_44 - my_run - INFO - Estimated time left: 5 hours, 41 minutes, 15 seconds. Time passed: 48 minutes, 33 seconds
2026-04-28 16:59:24,542 - my_experiment - IMPuc100_ExpoComm_44 - my_run - INFO - Recent Stats | t_env:     275220 | Episode:     9174
action_0_mean:             0.8144	action_1_mean:             0.1663	action_2_mean:             0.0193	ep_length_mean:           30.0000
epsilon:                   0.0500	grad_norm:                 1.4328	info_nce_loss:             0.0006	loss:                      0.0130
q_loss:                    0.0118	q_taken_mean:              0.0600	return_mean:             -717.8552	return_std:               84.8693
target_mean:               0.0599	td_error_abs:              0.0770	test_action_0_mean:        0.8632	test_action_1_mean:        0.1340
test_action_2_mean:        0.0028	test_ep_length_mean:      30.0000	test_return_mean:        -226.8402	test_return_std:          51.2258

2026-04-28 16:59:24,870 - my_experiment - IMPuc100_ExpoComm_44 - my_run - INFO - t_env: 275250 / 2050000
2026-04-28 16:59:24,871 - my_experiment - IMPuc100_ExpoComm_44 - my_run - INFO - Estimated time left: 5 hours, 36 minutes, 1 seconds. Time passed: 53 minutes, 17 seconds
2026-04-28 17:04:05,050 - my_experiment - IMPuc100_ExpoComm_44 - my_run - INFO - Recent Stats | t_env:     300240 | Episode:    10008
action_0_mean:             0.8182	action_1_mean:             0.1626	action_2_mean:             0.0192	ep_length_mean:           30.0000
epsilon:                   0.0500	grad_norm:                 1.2957	info_nce_loss:             0.0007	loss:                      0.0078
q_loss:                    0.0071	q_taken_mean:              0.0568	return_mean:             -712.2153	return_std:               84.0477
target_mean:               0.0568	td_error_abs:              0.0629	test_action_0_mean:        0.8632	test_action_1_mean:        0.1340
test_action_2_mean:        0.0028	test_ep_length_mean:      30.0000	test_return_mean:        -207.8711	test_return_std:          41.0684

2026-04-28 17:04:05,377 - my_experiment - IMPuc100_ExpoComm_44 - my_run - INFO - t_env: 300270 / 2050000
2026-04-28 17:04:05,378 - my_experiment - IMPuc100_ExpoComm_44 - my_run - INFO - Estimated time left: 5 hours, 26 minutes, 56 seconds. Time passed: 57 minutes, 58 seconds
2026-04-28 17:08:45,263 - my_experiment - IMPuc100_ExpoComm_44 - my_run - INFO - Recent Stats | t_env:     325260 | Episode:    10842
action_0_mean:             0.8285	action_1_mean:             0.1523	action_2_mean:             0.0192	ep_length_mean:           30.0000
epsilon:                   0.0500	grad_norm:                 1.2961	info_nce_loss:             0.0006	loss:                      0.0075
q_loss:                    0.0068	q_taken_mean:              0.0542	return_mean:             -705.1224	return_std:               82.5040
target_mean:               0.0542	td_error_abs:              0.0610	test_action_0_mean:        0.8595	test_action_1_mean:        0.1377
test_action_2_mean:        0.0028	test_ep_length_mean:      30.0000	test_return_mean:        -178.2439	test_return_std:          32.8158

2026-04-28 17:08:45,609 - my_experiment - IMPuc100_ExpoComm_44 - my_run - INFO - t_env: 325290 / 2050000
2026-04-28 17:08:45,609 - my_experiment - IMPuc100_ExpoComm_44 - my_run - INFO - Estimated time left: 5 hours, 21 minutes, 57 seconds. Time passed: 1 hours, 2 minutes, 38 seconds
2026-04-28 17:13:27,170 - my_experiment - IMPuc100_ExpoComm_44 - my_run - INFO - Recent Stats | t_env:     350280 | Episode:    11676
action_0_mean:             0.8361	action_1_mean:             0.1449	action_2_mean:             0.0190	ep_length_mean:           30.0000
epsilon:                   0.0500	grad_norm:                 1.0475	info_nce_loss:             0.0006	loss:                      0.0063
q_loss:                    0.0057	q_taken_mean:              0.0524	return_mean:             -698.3953	return_std:               81.1768
target_mean:               0.0524	td_error_abs:              0.0548	test_action_0_mean:        0.8752	test_action_1_mean:        0.1224
test_action_2_mean:        0.0025	test_ep_length_mean:      30.0000	test_return_mean:        -171.8320	test_return_std:          36.8354

2026-04-28 17:13:27,517 - my_experiment - IMPuc100_ExpoComm_44 - my_run - INFO - t_env: 350310 / 2050000
2026-04-28 17:13:27,517 - my_experiment - IMPuc100_ExpoComm_44 - my_run - INFO - Estimated time left: 5 hours, 19 minutes, 10 seconds. Time passed: 1 hours, 7 minutes, 20 seconds
2026-04-28 17:18:07,239 - my_experiment - IMPuc100_ExpoComm_44 - my_run - INFO - Recent Stats | t_env:     375300 | Episode:    12510
action_0_mean:             0.8393	action_1_mean:             0.1419	action_2_mean:             0.0188	ep_length_mean:           30.0000
epsilon:                   0.0500	grad_norm:                 1.2102	info_nce_loss:             0.0005	loss:                      0.0070
q_loss:                    0.0065	q_taken_mean:              0.0511	return_mean:             -695.5626	return_std:               81.0796
target_mean:               0.0512	td_error_abs:              0.0583	test_action_0_mean:        0.8665	test_action_1_mean:        0.1309
test_action_2_mean:        0.0025	test_ep_length_mean:      30.0000	test_return_mean:        -161.0202	test_return_std:          36.3686

2026-04-28 17:18:07,565 - my_experiment - IMPuc100_ExpoComm_44 - my_run - INFO - t_env: 375330 / 2050000
2026-04-28 17:18:07,565 - my_experiment - IMPuc100_ExpoComm_44 - my_run - INFO - Estimated time left: 5 hours, 12 minutes, 24 seconds. Time passed: 1 hours, 12 minutes, 0 seconds
2026-04-28 17:22:43,411 - my_experiment - IMPuc100_ExpoComm_44 - my_run - INFO - Saving models to work_dirs/my_experiment/IMPuc100_ExpoComm_44/my_run/20260428_160547/models/400050
2026-04-28 17:22:46,457 - my_experiment - IMPuc100_ExpoComm_44 - my_run - INFO - Recent Stats | t_env:     400320 | Episode:    13344
action_0_mean:             0.8487	action_1_mean:             0.1325	action_2_mean:             0.0188	ep_length_mean:           30.0000
epsilon:                   0.0500	grad_norm:                 1.2369	info_nce_loss:             0.0002	loss:                      0.0072
q_loss:                    0.0068	q_taken_mean:              0.0505	return_mean:             -690.7347	return_std:               81.0386
target_mean:               0.0505	td_error_abs:              0.0589	test_action_0_mean:        0.8803	test_action_1_mean:        0.1172
test_action_2_mean:        0.0025	test_ep_length_mean:      30.0000	test_return_mean:        -156.8243	test_return_std:          36.1156

2026-04-28 17:22:46,783 - my_experiment - IMPuc100_ExpoComm_44 - my_run - INFO - t_env: 400350 / 2050000
2026-04-28 17:22:46,784 - my_experiment - IMPuc100_ExpoComm_44 - my_run - INFO - Estimated time left: 5 hours, 6 minutes, 49 seconds. Time passed: 1 hours, 16 minutes, 39 seconds
2026-04-28 17:27:25,126 - my_experiment - IMPuc100_ExpoComm_44 - my_run - INFO - Recent Stats | t_env:     425340 | Episode:    14178
action_0_mean:             0.8537	action_1_mean:             0.1276	action_2_mean:             0.0187	ep_length_mean:           30.0000
epsilon:                   0.0500	grad_norm:                 0.9023	info_nce_loss:             0.0001	loss:                      0.0065
q_loss:                    0.0062	q_taken_mean:              0.0500	return_mean:             -688.9354	return_std:               81.7004
target_mean:               0.0501	td_error_abs:              0.0541	test_action_0_mean:        0.8866	test_action_1_mean:        0.1111
test_action_2_mean:        0.0024	test_ep_length_mean:      30.0000	test_return_mean:        -155.8817	test_return_std:          39.1062

2026-04-28 17:27:25,451 - my_experiment - IMPuc100_ExpoComm_44 - my_run - INFO - t_env: 425370 / 2050000
2026-04-28 17:27:25,451 - my_experiment - IMPuc100_ExpoComm_44 - my_run - INFO - Estimated time left: 5 hours, 1 minutes, 34 seconds. Time passed: 1 hours, 21 minutes, 18 seconds
2026-04-28 17:32:03,401 - my_experiment - IMPuc100_ExpoComm_44 - my_run - INFO - Recent Stats | t_env:     450360 | Episode:    15012
action_0_mean:             0.8578	action_1_mean:             0.1236	action_2_mean:             0.0186	ep_length_mean:           30.0000
epsilon:                   0.0500	grad_norm:                 0.8840	info_nce_loss:             0.0003	loss:                      0.0068
q_loss:                    0.0065	q_taken_mean:              0.0498	return_mean:             -687.6419	return_std:               81.9559
target_mean:               0.0498	td_error_abs:              0.0550	test_action_0_mean:        0.8865	test_action_1_mean:        0.1112
test_action_2_mean:        0.0023	test_ep_length_mean:      30.0000	test_return_mean:        -157.2402	test_return_std:          38.1242

2026-04-28 17:32:03,728 - my_experiment - IMPuc100_ExpoComm_44 - my_run - INFO - t_env: 450390 / 2050000
2026-04-28 17:32:03,728 - my_experiment - IMPuc100_ExpoComm_44 - my_run - INFO - Estimated time left: 4 hours, 56 minutes, 31 seconds. Time passed: 1 hours, 25 minutes, 56 seconds
2026-04-28 17:36:45,319 - my_experiment - IMPuc100_ExpoComm_44 - my_run - INFO - Recent Stats | t_env:     475380 | Episode:    15846
action_0_mean:             0.8627	action_1_mean:             0.1187	action_2_mean:             0.0186	ep_length_mean:           30.0000
epsilon:                   0.0500	grad_norm:                 1.3400	info_nce_loss:             0.0002	loss:                      0.0148
q_loss:                    0.0137	q_taken_mean:              0.0493	return_mean:             -688.0621	return_std:               82.3954
target_mean:               0.0496	td_error_abs:              0.0736	test_action_0_mean:        0.8901	test_action_1_mean:        0.1075
test_action_2_mean:        0.0024	test_ep_length_mean:      30.0000	test_return_mean:        -155.3953	test_return_std:          36.2094

2026-04-28 17:36:45,647 - my_experiment - IMPuc100_ExpoComm_44 - my_run - INFO - t_env: 475410 / 2050000
2026-04-28 17:36:45,648 - my_experiment - IMPuc100_ExpoComm_44 - my_run - INFO - Estimated time left: 4 hours, 55 minutes, 42 seconds. Time passed: 1 hours, 30 minutes, 38 seconds
2026-04-28 17:41:24,132 - my_experiment - IMPuc100_ExpoComm_44 - my_run - INFO - Recent Stats | t_env:     500400 | Episode:    16680
action_0_mean:             0.8613	action_1_mean:             0.1200	action_2_mean:             0.0187	ep_length_mean:           30.0000
epsilon:                   0.0500	grad_norm:                 1.2018	info_nce_loss:             0.0002	loss:                      0.0144
q_loss:                    0.0132	q_taken_mean:              0.0493	return_mean:             -687.7571	return_std:               82.9838
target_mean:               0.0496	td_error_abs:              0.0704	test_action_0_mean:        0.8930	test_action_1_mean:        0.1048
test_action_2_mean:        0.0022	test_ep_length_mean:      30.0000	test_return_mean:        -155.0056	test_return_std:          35.0617

2026-04-28 17:41:24,457 - my_experiment - IMPuc100_ExpoComm_44 - my_run - INFO - t_env: 500430 / 2050000
2026-04-28 17:41:24,457 - my_experiment - IMPuc100_ExpoComm_44 - my_run - INFO - Estimated time left: 4 hours, 47 minutes, 47 seconds. Time passed: 1 hours, 35 minutes, 17 seconds
2026-04-28 17:46:04,208 - my_experiment - IMPuc100_ExpoComm_44 - my_run - INFO - Recent Stats | t_env:     525420 | Episode:    17514
action_0_mean:             0.8624	action_1_mean:             0.1190	action_2_mean:             0.0186	ep_length_mean:           30.0000
epsilon:                   0.0500	grad_norm:                 1.2068	info_nce_loss:             0.0002	loss:                      0.0150
q_loss:                    0.0138	q_taken_mean:              0.0492	return_mean:             -686.5578	return_std:               83.1920
target_mean:               0.0495	td_error_abs:              0.0726	test_action_0_mean:        0.9004	test_action_1_mean:        0.0974
test_action_2_mean:        0.0022	test_ep_length_mean:      30.0000	test_return_mean:        -165.6931	test_return_std:          41.1298

2026-04-28 17:46:04,537 - my_experiment - IMPuc100_ExpoComm_44 - my_run - INFO - t_env: 525450 / 2050000
2026-04-28 17:46:04,538 - my_experiment - IMPuc100_ExpoComm_44 - my_run - INFO - Estimated time left: 4 hours, 44 minutes, 26 seconds. Time passed: 1 hours, 39 minutes, 57 seconds
2026-04-28 17:50:44,126 - my_experiment - IMPuc100_ExpoComm_44 - my_run - INFO - Recent Stats | t_env:     550440 | Episode:    18348
action_0_mean:             0.8602	action_1_mean:             0.1212	action_2_mean:             0.0186	ep_length_mean:           30.0000
epsilon:                   0.0500	grad_norm:                 1.1071	info_nce_loss:             0.0002	loss:                      0.0270
q_loss:                    0.0247	q_taken_mean:              0.0491	return_mean:             -690.6632	return_std:               87.4856
target_mean:               0.0494	td_error_abs:              0.0753	test_action_0_mean:        0.9005	test_action_1_mean:        0.0973
test_action_2_mean:        0.0022	test_ep_length_mean:      30.0000	test_return_mean:        -172.4887	test_return_std:          42.0480

2026-04-28 17:50:44,462 - my_experiment - IMPuc100_ExpoComm_44 - my_run - INFO - t_env: 550470 / 2050000
2026-04-28 17:50:44,463 - my_experiment - IMPuc100_ExpoComm_44 - my_run - INFO - Estimated time left: 4 hours, 39 minutes, 36 seconds. Time passed: 1 hours, 44 minutes, 37 seconds
2026-04-28 17:55:26,138 - my_experiment - IMPuc100_ExpoComm_44 - my_run - INFO - Recent Stats | t_env:     575460 | Episode:    19182
action_0_mean:             0.8569	action_1_mean:             0.1245	action_2_mean:             0.0186	ep_length_mean:           30.0000
epsilon:                   0.0500	grad_norm:                 1.2634	info_nce_loss:             0.0003	loss:                      0.0300
q_loss:                    0.0274	q_taken_mean:              0.0490	return_mean:             -692.6514	return_std:               88.4298
target_mean:               0.0492	td_error_abs:              0.0815	test_action_0_mean:        0.8882	test_action_1_mean:        0.1093
test_action_2_mean:        0.0024	test_ep_length_mean:      30.0000	test_return_mean:        -170.6758	test_return_std:          41.4098

2026-04-28 17:55:26,470 - my_experiment - IMPuc100_ExpoComm_44 - my_run - INFO - t_env: 575490 / 2050000
2026-04-28 17:55:26,471 - my_experiment - IMPuc100_ExpoComm_44 - my_run - INFO - Estimated time left: 4 hours, 36 minutes, 59 seconds. Time passed: 1 hours, 49 minutes, 19 seconds
2026-04-28 18:00:00,862 - my_experiment - IMPuc100_ExpoComm_44 - my_run - INFO - Saving models to work_dirs/my_experiment/IMPuc100_ExpoComm_44/my_run/20260428_160547/models/600060
2026-04-28 18:00:05,448 - my_experiment - IMPuc100_ExpoComm_44 - my_run - INFO - Recent Stats | t_env:     600480 | Episode:    20016
action_0_mean:             0.8491	action_1_mean:             0.1322	action_2_mean:             0.0187	ep_length_mean:           30.0000
epsilon:                   0.0500	grad_norm:                 0.6606	info_nce_loss:             0.0002	loss:                      0.0224
q_loss:                    0.0205	q_taken_mean:              0.0492	return_mean:             -693.9123	return_std:               88.2572
target_mean:               0.0493	td_error_abs:              0.0642	test_action_0_mean:        0.8782	test_action_1_mean:        0.1194
test_action_2_mean:        0.0025	test_ep_length_mean:      30.0000	test_return_mean:        -172.2274	test_return_std:          41.1141

2026-04-28 18:00:05,776 - my_experiment - IMPuc100_ExpoComm_44 - my_run - INFO - t_env: 600510 / 2050000
2026-04-28 18:00:05,777 - my_experiment - IMPuc100_ExpoComm_44 - my_run - INFO - Estimated time left: 4 hours, 29 minutes, 41 seconds. Time passed: 1 hours, 53 minutes, 58 seconds
2026-04-28 18:04:44,419 - my_experiment - IMPuc100_ExpoComm_44 - my_run - INFO - Recent Stats | t_env:     625500 | Episode:    20850
action_0_mean:             0.8545	action_1_mean:             0.1269	action_2_mean:             0.0187	ep_length_mean:           30.0000
epsilon:                   0.0500	grad_norm:                 0.6853	info_nce_loss:             0.0003	loss:                      0.0227
q_loss:                    0.0208	q_taken_mean:              0.0492	return_mean:             -693.5060	return_std:               88.0646
target_mean:               0.0493	td_error_abs:              0.0655	test_action_0_mean:        0.8813	test_action_1_mean:        0.1162
test_action_2_mean:        0.0025	test_ep_length_mean:      30.0000	test_return_mean:        -171.6993	test_return_std:          45.8301

2026-04-28 18:04:44,751 - my_experiment - IMPuc100_ExpoComm_44 - my_run - INFO - t_env: 625530 / 2050000
2026-04-28 18:04:44,752 - my_experiment - IMPuc100_ExpoComm_44 - my_run - INFO - Estimated time left: 4 hours, 24 minutes, 42 seconds. Time passed: 1 hours, 58 minutes, 37 seconds
2026-04-28 18:09:24,805 - my_experiment - IMPuc100_ExpoComm_44 - my_run - INFO - Recent Stats | t_env:     650520 | Episode:    21684
action_0_mean:             0.8528	action_1_mean:             0.1285	action_2_mean:             0.0187	ep_length_mean:           30.0000
epsilon:                   0.0500	grad_norm:                 0.6919	info_nce_loss:             0.0003	loss:                      0.0237
q_loss:                    0.0215	q_taken_mean:              0.0492	return_mean:             -693.7561	return_std:               87.1288
target_mean:               0.0493	td_error_abs:              0.0665	test_action_0_mean:        0.8683	test_action_1_mean:        0.1291
test_action_2_mean:        0.0026	test_ep_length_mean:      30.0000	test_return_mean:        -162.8103	test_return_std:          39.0304

2026-04-28 18:09:25,136 - my_experiment - IMPuc100_ExpoComm_44 - my_run - INFO - t_env: 650550 / 2050000
2026-04-28 18:09:25,137 - my_experiment - IMPuc100_ExpoComm_44 - my_run - INFO - Estimated time left: 4 hours, 21 minutes, 22 seconds. Time passed: 2 hours, 3 minutes, 18 seconds
2026-04-28 18:14:04,872 - my_experiment - IMPuc100_ExpoComm_44 - my_run - INFO - Recent Stats | t_env:     675540 | Episode:    22518
action_0_mean:             0.8532	action_1_mean:             0.1281	action_2_mean:             0.0187	ep_length_mean:           30.0000
epsilon:                   0.0500	grad_norm:                 0.6533	info_nce_loss:             0.0003	loss:                      0.0118
q_loss:                    0.0109	q_taken_mean:              0.0493	return_mean:             -689.7921	return_std:               82.0395
target_mean:               0.0494	td_error_abs:              0.0643	test_action_0_mean:        0.8591	test_action_1_mean:        0.1382
test_action_2_mean:        0.0027	test_ep_length_mean:      30.0000	test_return_mean:        -156.2346	test_return_std:          34.9134

2026-04-28 18:14:05,200 - my_experiment - IMPuc100_ExpoComm_44 - my_run - INFO - t_env: 675570 / 2050000
2026-04-28 18:14:05,200 - my_experiment - IMPuc100_ExpoComm_44 - my_run - INFO - Estimated time left: 4 hours, 16 minutes, 24 seconds. Time passed: 2 hours, 7 minutes, 58 seconds
2026-04-28 18:18:43,138 - my_experiment - IMPuc100_ExpoComm_44 - my_run - INFO - Recent Stats | t_env:     700560 | Episode:    23352
action_0_mean:             0.8527	action_1_mean:             0.1286	action_2_mean:             0.0187	ep_length_mean:           30.0000
epsilon:                   0.0500	grad_norm:                 0.5389	info_nce_loss:             0.0002	loss:                      0.0095
q_loss:                    0.0088	q_taken_mean:              0.0496	return_mean:             -687.3443	return_std:               82.4611
target_mean:               0.0497	td_error_abs:              0.0603	test_action_0_mean:        0.8718	test_action_1_mean:        0.1257
test_action_2_mean:        0.0026	test_ep_length_mean:      30.0000	test_return_mean:        -166.1619	test_return_std:          44.2305

2026-04-28 18:18:43,467 - my_experiment - IMPuc100_ExpoComm_44 - my_run - INFO - t_env: 700590 / 2050000
2026-04-28 18:18:43,468 - my_experiment - IMPuc100_ExpoComm_44 - my_run - INFO - Estimated time left: 4 hours, 10 minutes, 7 seconds. Time passed: 2 hours, 12 minutes, 36 seconds
2026-04-28 18:23:22,922 - my_experiment - IMPuc100_ExpoComm_44 - my_run - INFO - Recent Stats | t_env:     725580 | Episode:    24186
action_0_mean:             0.8599	action_1_mean:             0.1215	action_2_mean:             0.0186	ep_length_mean:           30.0000
epsilon:                   0.0500	grad_norm:                 0.6259	info_nce_loss:             0.0001	loss:                      0.0101
q_loss:                    0.0094	q_taken_mean:              0.0498	return_mean:             -685.7401	return_std:               81.8734
target_mean:               0.0498	td_error_abs:              0.0636	test_action_0_mean:        0.8783	test_action_1_mean:        0.1192
test_action_2_mean:        0.0025	test_ep_length_mean:      30.0000	test_return_mean:        -166.9537	test_return_std:          43.7744

2026-04-28 18:23:23,251 - my_experiment - IMPuc100_ExpoComm_44 - my_run - INFO - t_env: 725610 / 2050000
2026-04-28 18:23:23,252 - my_experiment - IMPuc100_ExpoComm_44 - my_run - INFO - Estimated time left: 4 hours, 6 minutes, 49 seconds. Time passed: 2 hours, 17 minutes, 16 seconds
2026-04-28 18:28:02,117 - my_experiment - IMPuc100_ExpoComm_44 - my_run - INFO - Recent Stats | t_env:     750600 | Episode:    25020
action_0_mean:             0.8603	action_1_mean:             0.1211	action_2_mean:             0.0186	ep_length_mean:           30.0000
epsilon:                   0.0500	grad_norm:                 0.8653	info_nce_loss:             0.0001	loss:                      0.0104
q_loss:                    0.0096	q_taken_mean:              0.0502	return_mean:             -685.4202	return_std:               81.5507
target_mean:               0.0501	td_error_abs:              0.0666	test_action_0_mean:        0.8737	test_action_1_mean:        0.1238
test_action_2_mean:        0.0025	test_ep_length_mean:      30.0000	test_return_mean:        -171.4136	test_return_std:          43.3434

2026-04-28 18:28:02,440 - my_experiment - IMPuc100_ExpoComm_44 - my_run - INFO - t_env: 750630 / 2050000
2026-04-28 18:28:02,441 - my_experiment - IMPuc100_ExpoComm_44 - my_run - INFO - Estimated time left: 4 hours, 1 minutes, 39 seconds. Time passed: 2 hours, 21 minutes, 55 seconds
2026-04-28 18:32:41,478 - my_experiment - IMPuc100_ExpoComm_44 - my_run - INFO - Recent Stats | t_env:     775620 | Episode:    25854
action_0_mean:             0.8623	action_1_mean:             0.1191	action_2_mean:             0.0186	ep_length_mean:           30.0000
epsilon:                   0.0500	grad_norm:                 0.8577	info_nce_loss:             0.0001	loss:                      0.0100
q_loss:                    0.0093	q_taken_mean:              0.0505	return_mean:             -685.5030	return_std:               81.8808
target_mean:               0.0504	td_error_abs:              0.0669	test_action_0_mean:        0.8847	test_action_1_mean:        0.1128
test_action_2_mean:        0.0025	test_ep_length_mean:      30.0000	test_return_mean:        -176.2185	test_return_std:          49.3592

2026-04-28 18:32:41,807 - my_experiment - IMPuc100_ExpoComm_44 - my_run - INFO - t_env: 775650 / 2050000
2026-04-28 18:32:41,807 - my_experiment - IMPuc100_ExpoComm_44 - my_run - INFO - Estimated time left: 3 hours, 57 minutes, 9 seconds. Time passed: 2 hours, 26 minutes, 34 seconds
2026-04-28 18:37:13,906 - my_experiment - IMPuc100_ExpoComm_44 - my_run - INFO - Saving models to work_dirs/my_experiment/IMPuc100_ExpoComm_44/my_run/20260428_160547/models/800070
2026-04-28 18:37:20,074 - my_experiment - IMPuc100_ExpoComm_44 - my_run - INFO - Recent Stats | t_env:     800640 | Episode:    26688
action_0_mean:             0.8648	action_1_mean:             0.1166	action_2_mean:             0.0186	ep_length_mean:           30.0000
epsilon:                   0.0500	grad_norm:                 0.7804	info_nce_loss:             0.0001	loss:                      0.0109
q_loss:                    0.0099	q_taken_mean:              0.0506	return_mean:             -687.0093	return_std:               81.9426
target_mean:               0.0506	td_error_abs:              0.0680	test_action_0_mean:        0.8919	test_action_1_mean:        0.1056
test_action_2_mean:        0.0025	test_ep_length_mean:      30.0000	test_return_mean:        -175.8400	test_return_std:          51.0759

2026-04-28 18:37:20,465 - my_experiment - IMPuc100_ExpoComm_44 - my_run - INFO - t_env: 800670 / 2050000
2026-04-28 18:37:20,466 - my_experiment - IMPuc100_ExpoComm_44 - my_run - INFO - Estimated time left: 3 hours, 51 minutes, 54 seconds. Time passed: 2 hours, 31 minutes, 13 seconds
2026-04-28 18:41:59,058 - my_experiment - IMPuc100_ExpoComm_44 - my_run - INFO - Recent Stats | t_env:     825660 | Episode:    27522
action_0_mean:             0.8670	action_1_mean:             0.1143	action_2_mean:             0.0187	ep_length_mean:           30.0000
epsilon:                   0.0500	grad_norm:                 0.8413	info_nce_loss:             0.0002	loss:                      0.0121
q_loss:                    0.0110	q_taken_mean:              0.0506	return_mean:             -688.8126	return_std:               80.9777
target_mean:               0.0505	td_error_abs:              0.0702	test_action_0_mean:        0.8923	test_action_1_mean:        0.1050
test_action_2_mean:        0.0027	test_ep_length_mean:      30.0000	test_return_mean:        -169.5498	test_return_std:          42.9730

2026-04-28 18:41:59,388 - my_experiment - IMPuc100_ExpoComm_44 - my_run - INFO - t_env: 825690 / 2050000
2026-04-28 18:41:59,389 - my_experiment - IMPuc100_ExpoComm_44 - my_run - INFO - Estimated time left: 3 hours, 47 minutes, 28 seconds. Time passed: 2 hours, 35 minutes, 52 seconds
2026-04-28 18:46:37,487 - my_experiment - IMPuc100_ExpoComm_44 - my_run - INFO - Recent Stats | t_env:     850680 | Episode:    28356
action_0_mean:             0.8650	action_1_mean:             0.1163	action_2_mean:             0.0187	ep_length_mean:           30.0000
epsilon:                   0.0500	grad_norm:                 1.2628	info_nce_loss:             0.0002	loss:                      0.0203
q_loss:                    0.0185	q_taken_mean:              0.0505	return_mean:             -688.4802	return_std:               81.5614
target_mean:               0.0504	td_error_abs:              0.0896	test_action_0_mean:        0.8945	test_action_1_mean:        0.1028
test_action_2_mean:        0.0027	test_ep_length_mean:      30.0000	test_return_mean:        -167.1416	test_return_std:          43.6107

2026-04-28 18:46:37,831 - my_experiment - IMPuc100_ExpoComm_44 - my_run - INFO - t_env: 850710 / 2050000
2026-04-28 18:46:37,832 - my_experiment - IMPuc100_ExpoComm_44 - my_run - INFO - Estimated time left: 3 hours, 42 minutes, 26 seconds. Time passed: 2 hours, 40 minutes, 30 seconds
2026-04-28 18:51:15,773 - my_experiment - IMPuc100_ExpoComm_44 - my_run - INFO - Recent Stats | t_env:     875700 | Episode:    29190
action_0_mean:             0.8683	action_1_mean:             0.1131	action_2_mean:             0.0186	ep_length_mean:           30.0000
epsilon:                   0.0500	grad_norm:                 0.9572	info_nce_loss:             0.0002	loss:                      0.0207
q_loss:                    0.0188	q_taken_mean:              0.0505	return_mean:             -686.9783	return_std:               81.2855
target_mean:               0.0504	td_error_abs:              0.0874	test_action_0_mean:        0.8993	test_action_1_mean:        0.0979
test_action_2_mean:        0.0027	test_ep_length_mean:      30.0000	test_return_mean:        -163.7110	test_return_std:          38.7253

2026-04-28 18:51:16,105 - my_experiment - IMPuc100_ExpoComm_44 - my_run - INFO - t_env: 875730 / 2050000
2026-04-28 18:51:16,105 - my_experiment - IMPuc100_ExpoComm_44 - my_run - INFO - Estimated time left: 3 hours, 37 minutes, 40 seconds. Time passed: 2 hours, 45 minutes, 8 seconds
2026-04-28 18:55:53,319 - my_experiment - IMPuc100_ExpoComm_44 - my_run - INFO - Recent Stats | t_env:     900720 | Episode:    30024
action_0_mean:             0.8696	action_1_mean:             0.1117	action_2_mean:             0.0187	ep_length_mean:           30.0000
epsilon:                   0.0500	grad_norm:                 1.0380	info_nce_loss:             0.0003	loss:                      0.0208
q_loss:                    0.0189	q_taken_mean:              0.0507	return_mean:             -688.7609	return_std:               81.2252
target_mean:               0.0506	td_error_abs:              0.0889	test_action_0_mean:        0.8968	test_action_1_mean:        0.1003
test_action_2_mean:        0.0028	test_ep_length_mean:      30.0000	test_return_mean:        -158.3848	test_return_std:          32.5204

2026-04-28 18:55:53,648 - my_experiment - IMPuc100_ExpoComm_44 - my_run - INFO - t_env: 900750 / 2050000
2026-04-28 18:55:53,648 - my_experiment - IMPuc100_ExpoComm_44 - my_run - INFO - Estimated time left: 3 hours, 32 minutes, 28 seconds. Time passed: 2 hours, 49 minutes, 46 seconds
2026-04-28 19:00:30,800 - my_experiment - IMPuc100_ExpoComm_44 - my_run - INFO - Recent Stats | t_env:     925740 | Episode:    30858
action_0_mean:             0.8727	action_1_mean:             0.1087	action_2_mean:             0.0186	ep_length_mean:           30.0000
epsilon:                   0.0500	grad_norm:                 1.1117	info_nce_loss:             0.0003	loss:                      0.0202
q_loss:                    0.0184	q_taken_mean:              0.0510	return_mean:             -685.9745	return_std:               81.3162
target_mean:               0.0509	td_error_abs:              0.0884	test_action_0_mean:        0.9029	test_action_1_mean:        0.0943
test_action_2_mean:        0.0028	test_ep_length_mean:      30.0000	test_return_mean:        -165.4654	test_return_std:          31.8794

2026-04-28 19:00:31,147 - my_experiment - IMPuc100_ExpoComm_44 - my_run - INFO - t_env: 925770 / 2050000
2026-04-28 19:00:31,147 - my_experiment - IMPuc100_ExpoComm_44 - my_run - INFO - Estimated time left: 3 hours, 27 minutes, 48 seconds. Time passed: 2 hours, 54 minutes, 24 seconds
2026-04-28 19:05:09,819 - my_experiment - IMPuc100_ExpoComm_44 - my_run - INFO - Recent Stats | t_env:     950760 | Episode:    31692
action_0_mean:             0.8768	action_1_mean:             0.1047	action_2_mean:             0.0185	ep_length_mean:           30.0000
epsilon:                   0.0500	grad_norm:                 1.0066	info_nce_loss:             0.0003	loss:                      0.0196
q_loss:                    0.0178	q_taken_mean:              0.0512	return_mean:             -683.7984	return_std:               81.0916
target_mean:               0.0512	td_error_abs:              0.0878	test_action_0_mean:        0.8983	test_action_1_mean:        0.0991
test_action_2_mean:        0.0026	test_ep_length_mean:      30.0000	test_return_mean:        -160.9530	test_return_std:          31.2427

2026-04-28 19:05:10,145 - my_experiment - IMPuc100_ExpoComm_44 - my_run - INFO - t_env: 950790 / 2050000
2026-04-28 19:05:10,145 - my_experiment - IMPuc100_ExpoComm_44 - my_run - INFO - Estimated time left: 3 hours, 24 minutes, 17 seconds. Time passed: 2 hours, 59 minutes, 3 seconds
2026-04-28 19:09:48,767 - my_experiment - IMPuc100_ExpoComm_44 - my_run - INFO - Recent Stats | t_env:     975780 | Episode:    32526
action_0_mean:             0.8790	action_1_mean:             0.1023	action_2_mean:             0.0186	ep_length_mean:           30.0000
epsilon:                   0.0500	grad_norm:                 0.3316	info_nce_loss:             0.0003	loss:                      0.0110
q_loss:                    0.0101	q_taken_mean:              0.0516	return_mean:             -684.5822	return_std:               80.5195
target_mean:               0.0516	td_error_abs:              0.0658	test_action_0_mean:        0.9050	test_action_1_mean:        0.0923
test_action_2_mean:        0.0027	test_ep_length_mean:      30.0000	test_return_mean:        -164.7044	test_return_std:          31.2530

2026-04-28 19:09:49,090 - my_experiment - IMPuc100_ExpoComm_44 - my_run - INFO - t_env: 975810 / 2050000
2026-04-28 19:09:49,091 - my_experiment - IMPuc100_ExpoComm_44 - my_run - INFO - Estimated time left: 3 hours, 19 minutes, 36 seconds. Time passed: 3 hours, 3 minutes, 41 seconds
2026-04-28 19:14:18,631 - my_experiment - IMPuc100_ExpoComm_44 - my_run - INFO - Saving models to work_dirs/my_experiment/IMPuc100_ExpoComm_44/my_run/20260428_160547/models/1000080
2026-04-28 19:14:26,411 - my_experiment - IMPuc100_ExpoComm_44 - my_run - INFO - Recent Stats | t_env:    1000800 | Episode:    33360
action_0_mean:             0.8765	action_1_mean:             0.1048	action_2_mean:             0.0187	ep_length_mean:           30.0000
epsilon:                   0.0500	grad_norm:                 0.3794	info_nce_loss:             0.0003	loss:                      0.0104
q_loss:                    0.0096	q_taken_mean:              0.0517	return_mean:             -685.9468	return_std:               80.9365
target_mean:               0.0517	td_error_abs:              0.0654	test_action_0_mean:        0.9063	test_action_1_mean:        0.0909
test_action_2_mean:        0.0028	test_ep_length_mean:      30.0000	test_return_mean:        -167.0914	test_return_std:          32.4944

2026-04-28 19:14:26,737 - my_experiment - IMPuc100_ExpoComm_44 - my_run - INFO - t_env: 1000830 / 2050000
2026-04-28 19:14:26,738 - my_experiment - IMPuc100_ExpoComm_44 - my_run - INFO - Estimated time left: 3 hours, 14 minutes, 2 seconds. Time passed: 3 hours, 8 minutes, 19 seconds
2026-04-28 19:19:03,772 - my_experiment - IMPuc100_ExpoComm_44 - my_run - INFO - Recent Stats | t_env:    1025820 | Episode:    34194
action_0_mean:             0.8793	action_1_mean:             0.1021	action_2_mean:             0.0186	ep_length_mean:           30.0000
epsilon:                   0.0500	grad_norm:                 0.3541	info_nce_loss:             0.0001	loss:                      0.0110
q_loss:                    0.0101	q_taken_mean:              0.0518	return_mean:             -684.2954	return_std:               80.6039
target_mean:               0.0517	td_error_abs:              0.0653	test_action_0_mean:        0.9075	test_action_1_mean:        0.0899
test_action_2_mean:        0.0026	test_ep_length_mean:      30.0000	test_return_mean:        -168.6243	test_return_std:          33.3870

2026-04-28 19:19:04,100 - my_experiment - IMPuc100_ExpoComm_44 - my_run - INFO - t_env: 1025850 / 2050000
2026-04-28 19:19:04,100 - my_experiment - IMPuc100_ExpoComm_44 - my_run - INFO - Estimated time left: 3 hours, 9 minutes, 13 seconds. Time passed: 3 hours, 12 minutes, 56 seconds
2026-04-28 19:23:40,122 - my_experiment - IMPuc100_ExpoComm_44 - my_run - INFO - Recent Stats | t_env:    1050840 | Episode:    35028
action_0_mean:             0.8780	action_1_mean:             0.1033	action_2_mean:             0.0187	ep_length_mean:           30.0000
epsilon:                   0.0500	grad_norm:                 0.2861	info_nce_loss:             0.0001	loss:                      0.0114
q_loss:                    0.0105	q_taken_mean:              0.0519	return_mean:             -687.2580	return_std:               81.3175
target_mean:               0.0519	td_error_abs:              0.0669	test_action_0_mean:        0.9080	test_action_1_mean:        0.0894
test_action_2_mean:        0.0026	test_ep_length_mean:      30.0000	test_return_mean:        -176.5081	test_return_std:          40.4119

2026-04-28 19:23:40,461 - my_experiment - IMPuc100_ExpoComm_44 - my_run - INFO - t_env: 1050870 / 2050000
2026-04-28 19:23:40,461 - my_experiment - IMPuc100_ExpoComm_44 - my_run - INFO - Estimated time left: 3 hours, 3 minutes, 55 seconds. Time passed: 3 hours, 17 minutes, 33 seconds
2026-04-28 19:28:16,865 - my_experiment - IMPuc100_ExpoComm_44 - my_run - INFO - Recent Stats | t_env:    1075860 | Episode:    35862
action_0_mean:             0.8786	action_1_mean:             0.1027	action_2_mean:             0.0187	ep_length_mean:           30.0000
epsilon:                   0.0500	grad_norm:                 0.3250	info_nce_loss:             0.0001	loss:                      0.0117
q_loss:                    0.0108	q_taken_mean:              0.0520	return_mean:             -690.0525	return_std:               81.4772
target_mean:               0.0520	td_error_abs:              0.0681	test_action_0_mean:        0.9135	test_action_1_mean:        0.0839
test_action_2_mean:        0.0026	test_ep_length_mean:      30.0000	test_return_mean:        -187.4141	test_return_std:          44.7065

2026-04-28 19:28:17,190 - my_experiment - IMPuc100_ExpoComm_44 - my_run - INFO - t_env: 1075890 / 2050000
2026-04-28 19:28:17,191 - my_experiment - IMPuc100_ExpoComm_44 - my_run - INFO - Estimated time left: 2 hours, 59 minutes, 33 seconds. Time passed: 3 hours, 22 minutes, 10 seconds
2026-04-28 19:32:56,116 - my_experiment - IMPuc100_ExpoComm_44 - my_run - INFO - Recent Stats | t_env:    1100880 | Episode:    36696
action_0_mean:             0.8806	action_1_mean:             0.1007	action_2_mean:             0.0187	ep_length_mean:           30.0000
epsilon:                   0.0500	grad_norm:                 0.4917	info_nce_loss:             0.0001	loss:                      0.0122
q_loss:                    0.0111	q_taken_mean:              0.0521	return_mean:             -688.5151	return_std:               81.9348
target_mean:               0.0520	td_error_abs:              0.0698	test_action_0_mean:        0.9074	test_action_1_mean:        0.0900
test_action_2_mean:        0.0026	test_ep_length_mean:      30.0000	test_return_mean:        -185.2792	test_return_std:          43.5600

2026-04-28 19:32:56,440 - my_experiment - IMPuc100_ExpoComm_44 - my_run - INFO - t_env: 1100910 / 2050000
2026-04-28 19:32:56,440 - my_experiment - IMPuc100_ExpoComm_44 - my_run - INFO - Estimated time left: 2 hours, 56 minutes, 32 seconds. Time passed: 3 hours, 26 minutes, 49 seconds
2026-04-28 19:37:35,610 - my_experiment - IMPuc100_ExpoComm_44 - my_run - INFO - Recent Stats | t_env:    1125900 | Episode:    37530
action_0_mean:             0.8811	action_1_mean:             0.1001	action_2_mean:             0.0187	ep_length_mean:           30.0000
epsilon:                   0.0500	grad_norm:                 0.7412	info_nce_loss:             0.0001	loss:                      0.0162
q_loss:                    0.0152	q_taken_mean:              0.0523	return_mean:             -688.4377	return_std:               81.9703
target_mean:               0.0522	td_error_abs:              0.0830	test_action_0_mean:        0.9080	test_action_1_mean:        0.0896
test_action_2_mean:        0.0025	test_ep_length_mean:      30.0000	test_return_mean:        -186.1160	test_return_std:          47.4190

2026-04-28 19:37:35,935 - my_experiment - IMPuc100_ExpoComm_44 - my_run - INFO - t_env: 1125930 / 2050000
2026-04-28 19:37:35,936 - my_experiment - IMPuc100_ExpoComm_44 - my_run - INFO - Estimated time left: 2 hours, 52 minutes, 2 seconds. Time passed: 3 hours, 31 minutes, 28 seconds
2026-04-28 19:42:14,978 - my_experiment - IMPuc100_ExpoComm_44 - my_run - INFO - Recent Stats | t_env:    1150920 | Episode:    38364
action_0_mean:             0.8754	action_1_mean:             0.1058	action_2_mean:             0.0188	ep_length_mean:           30.0000
epsilon:                   0.0500	grad_norm:                 0.6629	info_nce_loss:             0.0001	loss:                      0.0164
q_loss:                    0.0154	q_taken_mean:              0.0525	return_mean:             -690.8301	return_std:               83.3846
target_mean:               0.0525	td_error_abs:              0.0840	test_action_0_mean:        0.9077	test_action_1_mean:        0.0897
test_action_2_mean:        0.0025	test_ep_length_mean:      30.0000	test_return_mean:        -189.6923	test_return_std:          51.5807

2026-04-28 19:42:15,304 - my_experiment - IMPuc100_ExpoComm_44 - my_run - INFO - t_env: 1150950 / 2050000
2026-04-28 19:42:15,305 - my_experiment - IMPuc100_ExpoComm_44 - my_run - INFO - Estimated time left: 2 hours, 47 minutes, 18 seconds. Time passed: 3 hours, 36 minutes, 8 seconds
2026-04-28 19:46:53,865 - my_experiment - IMPuc100_ExpoComm_44 - my_run - INFO - Recent Stats | t_env:    1175940 | Episode:    39198
action_0_mean:             0.8735	action_1_mean:             0.1078	action_2_mean:             0.0188	ep_length_mean:           30.0000
epsilon:                   0.0500	grad_norm:                 0.6720	info_nce_loss:             0.0001	loss:                      0.0166
q_loss:                    0.0156	q_taken_mean:              0.0528	return_mean:             -688.8021	return_std:               83.5618
target_mean:               0.0528	td_error_abs:              0.0839	test_action_0_mean:        0.9039	test_action_1_mean:        0.0936
test_action_2_mean:        0.0026	test_ep_length_mean:      30.0000	test_return_mean:        -184.5633	test_return_std:          52.8743

2026-04-28 19:46:54,191 - my_experiment - IMPuc100_ExpoComm_44 - my_run - INFO - t_env: 1175970 / 2050000
2026-04-28 19:46:54,192 - my_experiment - IMPuc100_ExpoComm_44 - my_run - INFO - Estimated time left: 2 hours, 42 minutes, 22 seconds. Time passed: 3 hours, 40 minutes, 47 seconds
2026-04-28 19:51:22,770 - my_experiment - IMPuc100_ExpoComm_44 - my_run - INFO - Saving models to work_dirs/my_experiment/IMPuc100_ExpoComm_44/my_run/20260428_160547/models/1200090
2026-04-28 19:51:32,209 - my_experiment - IMPuc100_ExpoComm_44 - my_run - INFO - Recent Stats | t_env:    1200960 | Episode:    40032
action_0_mean:             0.8688	action_1_mean:             0.1125	action_2_mean:             0.0188	ep_length_mean:           30.0000
epsilon:                   0.0500	grad_norm:                 0.7330	info_nce_loss:             0.0001	loss:                      0.0167
q_loss:                    0.0160	q_taken_mean:              0.0531	return_mean:             -686.8261	return_std:               83.2523
target_mean:               0.0531	td_error_abs:              0.0848	test_action_0_mean:        0.9041	test_action_1_mean:        0.0934
test_action_2_mean:        0.0025	test_ep_length_mean:      30.0000	test_return_mean:        -179.6757	test_return_std:          51.3794

2026-04-28 19:51:32,540 - my_experiment - IMPuc100_ExpoComm_44 - my_run - INFO - t_env: 1200990 / 2050000
2026-04-28 19:51:32,540 - my_experiment - IMPuc100_ExpoComm_44 - my_run - INFO - Estimated time left: 2 hours, 37 minutes, 25 seconds. Time passed: 3 hours, 45 minutes, 25 seconds
2026-04-28 19:56:12,209 - my_experiment - IMPuc100_ExpoComm_44 - my_run - INFO - Recent Stats | t_env:    1225980 | Episode:    40866
action_0_mean:             0.8675	action_1_mean:             0.1137	action_2_mean:             0.0188	ep_length_mean:           30.0000
epsilon:                   0.0500	grad_norm:                 0.7629	info_nce_loss:             0.0001	loss:                      0.0167
q_loss:                    0.0160	q_taken_mean:              0.0536	return_mean:             -687.5499	return_std:               82.8953
target_mean:               0.0536	td_error_abs:              0.0844	test_action_0_mean:        0.9044	test_action_1_mean:        0.0932
test_action_2_mean:        0.0024	test_ep_length_mean:      30.0000	test_return_mean:        -183.6617	test_return_std:          54.6749

2026-04-28 19:56:12,533 - my_experiment - IMPuc100_ExpoComm_44 - my_run - INFO - t_env: 1226010 / 2050000
2026-04-28 19:56:12,533 - my_experiment - IMPuc100_ExpoComm_44 - my_run - INFO - Estimated time left: 2 hours, 33 minutes, 41 seconds. Time passed: 3 hours, 50 minutes, 5 seconds
2026-04-28 20:00:49,127 - my_experiment - IMPuc100_ExpoComm_44 - my_run - INFO - Recent Stats | t_env:    1251000 | Episode:    41700
action_0_mean:             0.8670	action_1_mean:             0.1143	action_2_mean:             0.0187	ep_length_mean:           30.0000
epsilon:                   0.0500	grad_norm:                 0.6359	info_nce_loss:             0.0001	loss:                      0.0137
q_loss:                    0.0127	q_taken_mean:              0.0542	return_mean:             -687.3475	return_std:               82.5585
target_mean:               0.0542	td_error_abs:              0.0740	test_action_0_mean:        0.9054	test_action_1_mean:        0.0922
test_action_2_mean:        0.0024	test_ep_length_mean:      30.0000	test_return_mean:        -191.0763	test_return_std:          55.6411

2026-04-28 20:00:49,454 - my_experiment - IMPuc100_ExpoComm_44 - my_run - INFO - t_env: 1251030 / 2050000
2026-04-28 20:00:49,455 - my_experiment - IMPuc100_ExpoComm_44 - my_run - INFO - Estimated time left: 2 hours, 27 minutes, 22 seconds. Time passed: 3 hours, 54 minutes, 42 seconds
2026-04-28 20:05:25,737 - my_experiment - IMPuc100_ExpoComm_44 - my_run - INFO - Recent Stats | t_env:    1276020 | Episode:    42534
action_0_mean:             0.8714	action_1_mean:             0.1100	action_2_mean:             0.0186	ep_length_mean:           30.0000
epsilon:                   0.0500	grad_norm:                 0.6435	info_nce_loss:             0.0001	loss:                      0.0133
q_loss:                    0.0123	q_taken_mean:              0.0545	return_mean:             -685.5310	return_std:               81.0961
target_mean:               0.0545	td_error_abs:              0.0740	test_action_0_mean:        0.9072	test_action_1_mean:        0.0905
test_action_2_mean:        0.0023	test_ep_length_mean:      30.0000	test_return_mean:        -192.5115	test_return_std:          54.8613

2026-04-28 20:05:26,061 - my_experiment - IMPuc100_ExpoComm_44 - my_run - INFO - t_env: 1276050 / 2050000
2026-04-28 20:05:26,061 - my_experiment - IMPuc100_ExpoComm_44 - my_run - INFO - Estimated time left: 2 hours, 22 minutes, 36 seconds. Time passed: 3 hours, 59 minutes, 18 seconds
2026-04-28 20:10:02,088 - my_experiment - IMPuc100_ExpoComm_44 - my_run - INFO - Recent Stats | t_env:    1301040 | Episode:    43368
action_0_mean:             0.8755	action_1_mean:             0.1058	action_2_mean:             0.0186	ep_length_mean:           30.0000
epsilon:                   0.0500	grad_norm:                 1.0620	info_nce_loss:             0.0001	loss:                      0.0145
q_loss:                    0.0134	q_taken_mean:              0.0544	return_mean:             -687.2713	return_std:               81.2441
target_mean:               0.0545	td_error_abs:              0.0797	test_action_0_mean:        0.9168	test_action_1_mean:        0.0810
test_action_2_mean:        0.0022	test_ep_length_mean:      30.0000	test_return_mean:        -252.9543	test_return_std:          73.9505

2026-04-28 20:10:02,414 - my_experiment - IMPuc100_ExpoComm_44 - my_run - INFO - t_env: 1301070 / 2050000
2026-04-28 20:10:02,414 - my_experiment - IMPuc100_ExpoComm_44 - my_run - INFO - Estimated time left: 2 hours, 17 minutes, 52 seconds. Time passed: 4 hours, 3 minutes, 55 seconds
2026-04-28 20:14:40,195 - my_experiment - IMPuc100_ExpoComm_44 - my_run - INFO - Recent Stats | t_env:    1326060 | Episode:    44202
action_0_mean:             0.8797	action_1_mean:             0.1016	action_2_mean:             0.0187	ep_length_mean:           30.0000
epsilon:                   0.0500	grad_norm:                 1.2605	info_nce_loss:             0.0001	loss:                      0.0148
q_loss:                    0.0134	q_taken_mean:              0.0546	return_mean:             -688.3890	return_std:               81.8183
target_mean:               0.0546	td_error_abs:              0.0814	test_action_0_mean:        0.9139	test_action_1_mean:        0.0839
test_action_2_mean:        0.0022	test_ep_length_mean:      30.0000	test_return_mean:        -244.4829	test_return_std:          68.5788

2026-04-28 20:14:40,525 - my_experiment - IMPuc100_ExpoComm_44 - my_run - INFO - t_env: 1326090 / 2050000
2026-04-28 20:14:40,526 - my_experiment - IMPuc100_ExpoComm_44 - my_run - INFO - Estimated time left: 2 hours, 14 minutes, 6 seconds. Time passed: 4 hours, 8 minutes, 33 seconds
2026-04-28 20:19:19,127 - my_experiment - IMPuc100_ExpoComm_44 - my_run - INFO - Recent Stats | t_env:    1351080 | Episode:    45036
action_0_mean:             0.8771	action_1_mean:             0.1042	action_2_mean:             0.0187	ep_length_mean:           30.0000
epsilon:                   0.0500	grad_norm:                 1.1816	info_nce_loss:             0.0001	loss:                      0.0156
q_loss:                    0.0142	q_taken_mean:              0.0546	return_mean:             -689.0134	return_std:               82.0154
target_mean:               0.0546	td_error_abs:              0.0849	test_action_0_mean:        0.9015	test_action_1_mean:        0.0962
test_action_2_mean:        0.0023	test_ep_length_mean:      30.0000	test_return_mean:        -240.4732	test_return_std:          64.1889

2026-04-28 20:19:19,453 - my_experiment - IMPuc100_ExpoComm_44 - my_run - INFO - t_env: 1351110 / 2050000
2026-04-28 20:19:19,453 - my_experiment - IMPuc100_ExpoComm_44 - my_run - INFO - Estimated time left: 2 hours, 9 minutes, 51 seconds. Time passed: 4 hours, 13 minutes, 12 seconds
2026-04-28 20:23:56,356 - my_experiment - IMPuc100_ExpoComm_44 - my_run - INFO - Recent Stats | t_env:    1376100 | Episode:    45870
action_0_mean:             0.8773	action_1_mean:             0.1040	action_2_mean:             0.0187	ep_length_mean:           30.0000
epsilon:                   0.0500	grad_norm:                 1.0180	info_nce_loss:             0.0001	loss:                      0.0153
q_loss:                    0.0142	q_taken_mean:              0.0545	return_mean:             -688.2161	return_std:               82.4707
target_mean:               0.0545	td_error_abs:              0.0844	test_action_0_mean:        0.8976	test_action_1_mean:        0.1000
test_action_2_mean:        0.0023	test_ep_length_mean:      30.0000	test_return_mean:        -229.5108	test_return_std:          60.5616

2026-04-28 20:23:56,679 - my_experiment - IMPuc100_ExpoComm_44 - my_run - INFO - t_env: 1376130 / 2050000
2026-04-28 20:23:56,679 - my_experiment - IMPuc100_ExpoComm_44 - my_run - INFO - Estimated time left: 2 hours, 4 minutes, 26 seconds. Time passed: 4 hours, 17 minutes, 49 seconds
2026-04-28 20:28:21,939 - my_experiment - IMPuc100_ExpoComm_44 - my_run - INFO - Saving models to work_dirs/my_experiment/IMPuc100_ExpoComm_44/my_run/20260428_160547/models/1400100
2026-04-28 20:28:32,886 - my_experiment - IMPuc100_ExpoComm_44 - my_run - INFO - Recent Stats | t_env:    1401120 | Episode:    46704
action_0_mean:             0.8770	action_1_mean:             0.1043	action_2_mean:             0.0187	ep_length_mean:           30.0000
epsilon:                   0.0500	grad_norm:                 1.1140	info_nce_loss:             0.0001	loss:                      0.0156
q_loss:                    0.0144	q_taken_mean:              0.0547	return_mean:             -687.0755	return_std:               82.8700
target_mean:               0.0548	td_error_abs:              0.0847	test_action_0_mean:        0.8982	test_action_1_mean:        0.0994
test_action_2_mean:        0.0023	test_ep_length_mean:      30.0000	test_return_mean:        -226.9988	test_return_std:          60.1452

2026-04-28 20:28:33,210 - my_experiment - IMPuc100_ExpoComm_44 - my_run - INFO - t_env: 1401150 / 2050000
2026-04-28 20:28:33,211 - my_experiment - IMPuc100_ExpoComm_44 - my_run - INFO - Estimated time left: 1 hours, 59 minutes, 31 seconds. Time passed: 4 hours, 22 minutes, 26 seconds
2026-04-28 20:33:09,307 - my_experiment - IMPuc100_ExpoComm_44 - my_run - INFO - Recent Stats | t_env:    1426140 | Episode:    47538
action_0_mean:             0.8771	action_1_mean:             0.1042	action_2_mean:             0.0187	ep_length_mean:           30.0000
epsilon:                   0.0500	grad_norm:                 0.7892	info_nce_loss:             0.0001	loss:                      0.0157
q_loss:                    0.0145	q_taken_mean:              0.0550	return_mean:             -686.8183	return_std:               82.5297
target_mean:               0.0550	td_error_abs:              0.0829	test_action_0_mean:        0.8961	test_action_1_mean:        0.1012
test_action_2_mean:        0.0026	test_ep_length_mean:      30.0000	test_return_mean:        -176.1953	test_return_std:          34.9657

2026-04-28 20:33:09,651 - my_experiment - IMPuc100_ExpoComm_44 - my_run - INFO - t_env: 1426170 / 2050000
2026-04-28 20:33:09,651 - my_experiment - IMPuc100_ExpoComm_44 - my_run - INFO - Estimated time left: 1 hours, 54 minutes, 52 seconds. Time passed: 4 hours, 27 minutes, 2 seconds
2026-04-28 20:37:47,370 - my_experiment - IMPuc100_ExpoComm_44 - my_run - INFO - Recent Stats | t_env:    1451160 | Episode:    48372
action_0_mean:             0.8762	action_1_mean:             0.1051	action_2_mean:             0.0188	ep_length_mean:           30.0000
epsilon:                   0.0500	grad_norm:                 0.5574	info_nce_loss:             0.0001	loss:                      0.0159
q_loss:                    0.0147	q_taken_mean:              0.0552	return_mean:             -687.3426	return_std:               81.8461
target_mean:               0.0552	td_error_abs:              0.0815	test_action_0_mean:        0.8920	test_action_1_mean:        0.1054
test_action_2_mean:        0.0027	test_ep_length_mean:      30.0000	test_return_mean:        -179.9264	test_return_std:          37.5221

2026-04-28 20:37:47,700 - my_experiment - IMPuc100_ExpoComm_44 - my_run - INFO - t_env: 1451190 / 2050000
2026-04-28 20:37:47,700 - my_experiment - IMPuc100_ExpoComm_44 - my_run - INFO - Estimated time left: 1 hours, 50 minutes, 54 seconds. Time passed: 4 hours, 31 minutes, 40 seconds
2026-04-28 20:42:24,045 - my_experiment - IMPuc100_ExpoComm_44 - my_run - INFO - Recent Stats | t_env:    1476180 | Episode:    49206
action_0_mean:             0.8764	action_1_mean:             0.1049	action_2_mean:             0.0187	ep_length_mean:           30.0000
epsilon:                   0.0500	grad_norm:                 0.4439	info_nce_loss:             0.0001	loss:                      0.0157
q_loss:                    0.0145	q_taken_mean:              0.0553	return_mean:             -686.7975	return_std:               82.0448
target_mean:               0.0553	td_error_abs:              0.0794	test_action_0_mean:        0.9024	test_action_1_mean:        0.0949
test_action_2_mean:        0.0027	test_ep_length_mean:      30.0000	test_return_mean:        -179.7439	test_return_std:          38.6189

2026-04-28 20:42:24,369 - my_experiment - IMPuc100_ExpoComm_44 - my_run - INFO - t_env: 1476210 / 2050000
2026-04-28 20:42:24,370 - my_experiment - IMPuc100_ExpoComm_44 - my_run - INFO - Estimated time left: 1 hours, 45 minutes, 44 seconds. Time passed: 4 hours, 36 minutes, 17 seconds
2026-04-28 20:47:00,223 - my_experiment - IMPuc100_ExpoComm_44 - my_run - INFO - Recent Stats | t_env:    1501200 | Episode:    50040
action_0_mean:             0.8797	action_1_mean:             0.1016	action_2_mean:             0.0187	ep_length_mean:           30.0000
epsilon:                   0.0500	grad_norm:                 0.4664	info_nce_loss:             0.0002	loss:                      0.0164
q_loss:                    0.0149	q_taken_mean:              0.0554	return_mean:             -686.8435	return_std:               81.2005
target_mean:               0.0555	td_error_abs:              0.0810	test_action_0_mean:        0.9024	test_action_1_mean:        0.0949
test_action_2_mean:        0.0027	test_ep_length_mean:      30.0000	test_return_mean:        -179.5111	test_return_std:          37.9594

2026-04-28 20:47:00,548 - my_experiment - IMPuc100_ExpoComm_44 - my_run - INFO - t_env: 1501230 / 2050000
2026-04-28 20:47:00,549 - my_experiment - IMPuc100_ExpoComm_44 - my_run - INFO - Estimated time left: 1 hours, 40 minutes, 57 seconds. Time passed: 4 hours, 40 minutes, 53 seconds
2026-04-28 20:51:37,508 - my_experiment - IMPuc100_ExpoComm_44 - my_run - INFO - Recent Stats | t_env:    1526220 | Episode:    50874
action_0_mean:             0.8801	action_1_mean:             0.1012	action_2_mean:             0.0187	ep_length_mean:           30.0000
epsilon:                   0.0500	grad_norm:                 0.3497	info_nce_loss:             0.0001	loss:                      0.0164
q_loss:                    0.0152	q_taken_mean:              0.0554	return_mean:             -687.1861	return_std:               81.1647
target_mean:               0.0555	td_error_abs:              0.0817	test_action_0_mean:        0.8971	test_action_1_mean:        0.1001
test_action_2_mean:        0.0027	test_ep_length_mean:      30.0000	test_return_mean:        -175.9772	test_return_std:          36.6427

2026-04-28 20:51:37,837 - my_experiment - IMPuc100_ExpoComm_44 - my_run - INFO - t_env: 1526250 / 2050000
2026-04-28 20:51:37,837 - my_experiment - IMPuc100_ExpoComm_44 - my_run - INFO - Estimated time left: 1 hours, 36 minutes, 44 seconds. Time passed: 4 hours, 45 minutes, 30 seconds
2026-04-28 20:56:14,554 - my_experiment - IMPuc100_ExpoComm_44 - my_run - INFO - Recent Stats | t_env:    1551240 | Episode:    51708
action_0_mean:             0.8777	action_1_mean:             0.1036	action_2_mean:             0.0187	ep_length_mean:           30.0000
epsilon:                   0.0500	grad_norm:                 0.4779	info_nce_loss:             0.0001	loss:                      0.0168
q_loss:                    0.0155	q_taken_mean:              0.0556	return_mean:             -686.5364	return_std:               80.7208
target_mean:               0.0557	td_error_abs:              0.0814	test_action_0_mean:        0.8883	test_action_1_mean:        0.1090
test_action_2_mean:        0.0026	test_ep_length_mean:      30.0000	test_return_mean:        -160.6901	test_return_std:          35.9136

2026-04-28 20:56:14,881 - my_experiment - IMPuc100_ExpoComm_44 - my_run - INFO - t_env: 1551270 / 2050000
2026-04-28 20:56:14,882 - my_experiment - IMPuc100_ExpoComm_44 - my_run - INFO - Estimated time left: 1 hours, 32 minutes, 2 seconds. Time passed: 4 hours, 50 minutes, 7 seconds
2026-04-28 21:00:52,411 - my_experiment - IMPuc100_ExpoComm_44 - my_run - INFO - Recent Stats | t_env:    1576260 | Episode:    52542
action_0_mean:             0.8771	action_1_mean:             0.1042	action_2_mean:             0.0187	ep_length_mean:           30.0000
epsilon:                   0.0500	grad_norm:                 0.4977	info_nce_loss:             0.0001	loss:                      0.0169
q_loss:                    0.0156	q_taken_mean:              0.0557	return_mean:             -685.1789	return_std:               80.9176
target_mean:               0.0557	td_error_abs:              0.0817	test_action_0_mean:        0.8915	test_action_1_mean:        0.1059
test_action_2_mean:        0.0026	test_ep_length_mean:      30.0000	test_return_mean:        -160.2326	test_return_std:          35.2230

2026-04-28 21:00:52,743 - my_experiment - IMPuc100_ExpoComm_44 - my_run - INFO - t_env: 1576290 / 2050000
2026-04-28 21:00:52,744 - my_experiment - IMPuc100_ExpoComm_44 - my_run - INFO - Estimated time left: 1 hours, 27 minutes, 40 seconds. Time passed: 4 hours, 54 minutes, 45 seconds
2026-04-28 21:05:16,858 - my_experiment - IMPuc100_ExpoComm_44 - my_run - INFO - Saving models to work_dirs/my_experiment/IMPuc100_ExpoComm_44/my_run/20260428_160547/models/1600110
2026-04-28 21:05:29,609 - my_experiment - IMPuc100_ExpoComm_44 - my_run - INFO - Recent Stats | t_env:    1601280 | Episode:    53376
action_0_mean:             0.8791	action_1_mean:             0.1021	action_2_mean:             0.0187	ep_length_mean:           30.0000
epsilon:                   0.0500	grad_norm:                 0.7339	info_nce_loss:             0.0001	loss:                      0.0173
q_loss:                    0.0163	q_taken_mean:              0.0559	return_mean:             -685.8320	return_std:               81.4024
target_mean:               0.0559	td_error_abs:              0.0830	test_action_0_mean:        0.8833	test_action_1_mean:        0.1142
test_action_2_mean:        0.0025	test_ep_length_mean:      30.0000	test_return_mean:        -160.0846	test_return_std:          36.9555

2026-04-28 21:05:29,938 - my_experiment - IMPuc100_ExpoComm_44 - my_run - INFO - t_env: 1601310 / 2050000
2026-04-28 21:05:29,938 - my_experiment - IMPuc100_ExpoComm_44 - my_run - INFO - Estimated time left: 1 hours, 22 minutes, 50 seconds. Time passed: 4 hours, 59 minutes, 22 seconds
2026-04-28 21:10:08,838 - my_experiment - IMPuc100_ExpoComm_44 - my_run - INFO - Recent Stats | t_env:    1626300 | Episode:    54210
action_0_mean:             0.8802	action_1_mean:             0.1011	action_2_mean:             0.0187	ep_length_mean:           30.0000
epsilon:                   0.0500	grad_norm:                 0.8197	info_nce_loss:             0.0000	loss:                      0.0174
q_loss:                    0.0164	q_taken_mean:              0.0559	return_mean:             -686.7702	return_std:               82.6557
target_mean:               0.0559	td_error_abs:              0.0825	test_action_0_mean:        0.8825	test_action_1_mean:        0.1149
test_action_2_mean:        0.0025	test_ep_length_mean:      30.0000	test_return_mean:        -160.3677	test_return_std:          38.2893

2026-04-28 21:10:09,163 - my_experiment - IMPuc100_ExpoComm_44 - my_run - INFO - t_env: 1626330 / 2050000
2026-04-28 21:10:09,164 - my_experiment - IMPuc100_ExpoComm_44 - my_run - INFO - Estimated time left: 1 hours, 18 minutes, 48 seconds. Time passed: 5 hours, 4 minutes, 2 seconds
2026-04-28 21:14:46,293 - my_experiment - IMPuc100_ExpoComm_44 - my_run - INFO - Recent Stats | t_env:    1651320 | Episode:    55044
action_0_mean:             0.8770	action_1_mean:             0.1043	action_2_mean:             0.0187	ep_length_mean:           30.0000
epsilon:                   0.0500	grad_norm:                 0.9082	info_nce_loss:             0.0001	loss:                      0.0188
q_loss:                    0.0174	q_taken_mean:              0.0561	return_mean:             -687.8047	return_std:               82.2511
target_mean:               0.0561	td_error_abs:              0.0834	test_action_0_mean:        0.8836	test_action_1_mean:        0.1139
test_action_2_mean:        0.0026	test_ep_length_mean:      30.0000	test_return_mean:        -167.9269	test_return_std:          41.4409

2026-04-28 21:14:46,619 - my_experiment - IMPuc100_ExpoComm_44 - my_run - INFO - t_env: 1651350 / 2050000
2026-04-28 21:14:46,620 - my_experiment - IMPuc100_ExpoComm_44 - my_run - INFO - Estimated time left: 1 hours, 13 minutes, 40 seconds. Time passed: 5 hours, 8 minutes, 39 seconds
2026-04-28 21:19:24,067 - my_experiment - IMPuc100_ExpoComm_44 - my_run - INFO - Recent Stats | t_env:    1676340 | Episode:    55878
action_0_mean:             0.8780	action_1_mean:             0.1032	action_2_mean:             0.0188	ep_length_mean:           30.0000
epsilon:                   0.0500	grad_norm:                 0.8975	info_nce_loss:             0.0001	loss:                      0.0187
q_loss:                    0.0173	q_taken_mean:              0.0563	return_mean:             -688.1275	return_std:               82.9266
target_mean:               0.0562	td_error_abs:              0.0846	test_action_0_mean:        0.8818	test_action_1_mean:        0.1157
test_action_2_mean:        0.0025	test_ep_length_mean:      30.0000	test_return_mean:        -167.0179	test_return_std:          40.3241

2026-04-28 21:19:24,390 - my_experiment - IMPuc100_ExpoComm_44 - my_run - INFO - t_env: 1676370 / 2050000
2026-04-28 21:19:24,391 - my_experiment - IMPuc100_ExpoComm_44 - my_run - INFO - Estimated time left: 1 hours, 9 minutes, 8 seconds. Time passed: 5 hours, 13 minutes, 17 seconds
2026-04-28 21:24:00,430 - my_experiment - IMPuc100_ExpoComm_44 - my_run - INFO - Recent Stats | t_env:    1701360 | Episode:    56712
action_0_mean:             0.8787	action_1_mean:             0.1025	action_2_mean:             0.0188	ep_length_mean:           30.0000
epsilon:                   0.0500	grad_norm:                 0.9998	info_nce_loss:             0.0002	loss:                      0.0193
q_loss:                    0.0179	q_taken_mean:              0.0564	return_mean:             -688.5254	return_std:               82.7574
target_mean:               0.0564	td_error_abs:              0.0864	test_action_0_mean:        0.8882	test_action_1_mean:        0.1093
test_action_2_mean:        0.0025	test_ep_length_mean:      30.0000	test_return_mean:        -168.6938	test_return_std:          40.1812

2026-04-28 21:24:00,753 - my_experiment - IMPuc100_ExpoComm_44 - my_run - INFO - t_env: 1701390 / 2050000
2026-04-28 21:24:00,754 - my_experiment - IMPuc100_ExpoComm_44 - my_run - INFO - Estimated time left: 1 hours, 4 minutes, 10 seconds. Time passed: 5 hours, 17 minutes, 53 seconds
2026-04-28 21:28:36,521 - my_experiment - IMPuc100_ExpoComm_44 - my_run - INFO - Recent Stats | t_env:    1726380 | Episode:    57546
action_0_mean:             0.8806	action_1_mean:             0.1007	action_2_mean:             0.0187	ep_length_mean:           30.0000
epsilon:                   0.0500	grad_norm:                 0.8283	info_nce_loss:             0.0002	loss:                      0.0198
q_loss:                    0.0180	q_taken_mean:              0.0566	return_mean:             -688.2898	return_std:               81.6123
target_mean:               0.0566	td_error_abs:              0.0868	test_action_0_mean:        0.9031	test_action_1_mean:        0.0943
test_action_2_mean:        0.0026	test_ep_length_mean:      30.0000	test_return_mean:        -175.7508	test_return_std:          41.0126

2026-04-28 21:28:36,842 - my_experiment - IMPuc100_ExpoComm_44 - my_run - INFO - t_env: 1726410 / 2050000
2026-04-28 21:28:36,843 - my_experiment - IMPuc100_ExpoComm_44 - my_run - INFO - Estimated time left: 59 minutes, 30 seconds. Time passed: 5 hours, 22 minutes, 29 seconds
2026-04-28 21:33:12,877 - my_experiment - IMPuc100_ExpoComm_44 - my_run - INFO - Recent Stats | t_env:    1751400 | Episode:    58380
action_0_mean:             0.8802	action_1_mean:             0.1011	action_2_mean:             0.0188	ep_length_mean:           30.0000
epsilon:                   0.0500	grad_norm:                 0.7530	info_nce_loss:             0.0002	loss:                      0.0203
q_loss:                    0.0184	q_taken_mean:              0.0569	return_mean:             -688.0948	return_std:               80.2451
target_mean:               0.0569	td_error_abs:              0.0882	test_action_0_mean:        0.9087	test_action_1_mean:        0.0887
test_action_2_mean:        0.0026	test_ep_length_mean:      30.0000	test_return_mean:        -181.2257	test_return_std:          42.0381

2026-04-28 21:33:13,204 - my_experiment - IMPuc100_ExpoComm_44 - my_run - INFO - t_env: 1751430 / 2050000
2026-04-28 21:33:13,204 - my_experiment - IMPuc100_ExpoComm_44 - my_run - INFO - Estimated time left: 54 minutes, 57 seconds. Time passed: 5 hours, 27 minutes, 6 seconds
2026-04-28 21:37:50,710 - my_experiment - IMPuc100_ExpoComm_44 - my_run - INFO - Recent Stats | t_env:    1776420 | Episode:    59214
action_0_mean:             0.8831	action_1_mean:             0.0982	action_2_mean:             0.0187	ep_length_mean:           30.0000
epsilon:                   0.0500	grad_norm:                 0.7588	info_nce_loss:             0.0002	loss:                      0.0201
q_loss:                    0.0182	q_taken_mean:              0.0570	return_mean:             -686.4207	return_std:               80.4480
target_mean:               0.0571	td_error_abs:              0.0895	test_action_0_mean:        0.9090	test_action_1_mean:        0.0885
test_action_2_mean:        0.0026	test_ep_length_mean:      30.0000	test_return_mean:        -185.0596	test_return_std:          46.5844

2026-04-28 21:37:51,038 - my_experiment - IMPuc100_ExpoComm_44 - my_run - INFO - t_env: 1776450 / 2050000
2026-04-28 21:37:51,039 - my_experiment - IMPuc100_ExpoComm_44 - my_run - INFO - Estimated time left: 50 minutes, 37 seconds. Time passed: 5 hours, 31 minutes, 43 seconds
2026-04-28 21:42:12,355 - my_experiment - IMPuc100_ExpoComm_44 - my_run - INFO - Saving models to work_dirs/my_experiment/IMPuc100_ExpoComm_44/my_run/20260428_160547/models/1800120
2026-04-28 21:42:26,534 - my_experiment - IMPuc100_ExpoComm_44 - my_run - INFO - Recent Stats | t_env:    1801440 | Episode:    60048
action_0_mean:             0.8834	action_1_mean:             0.0979	action_2_mean:             0.0187	ep_length_mean:           30.0000
epsilon:                   0.0500	grad_norm:                 0.5664	info_nce_loss:             0.0002	loss:                      0.0195
q_loss:                    0.0178	q_taken_mean:              0.0573	return_mean:             -686.0770	return_std:               79.6066
target_mean:               0.0573	td_error_abs:              0.0886	test_action_0_mean:        0.9133	test_action_1_mean:        0.0841
test_action_2_mean:        0.0026	test_ep_length_mean:      30.0000	test_return_mean:        -186.6644	test_return_std:          48.3126

2026-04-28 21:42:26,856 - my_experiment - IMPuc100_ExpoComm_44 - my_run - INFO - t_env: 1801470 / 2050000
2026-04-28 21:42:26,857 - my_experiment - IMPuc100_ExpoComm_44 - my_run - INFO - Estimated time left: 45 minutes, 39 seconds. Time passed: 5 hours, 36 minutes, 19 seconds
2026-04-28 21:47:02,062 - my_experiment - IMPuc100_ExpoComm_44 - my_run - INFO - Recent Stats | t_env:    1826460 | Episode:    60882
action_0_mean:             0.8852	action_1_mean:             0.0961	action_2_mean:             0.0187	ep_length_mean:           30.0000
epsilon:                   0.0500	grad_norm:                 0.4988	info_nce_loss:             0.0002	loss:                      0.0190
q_loss:                    0.0173	q_taken_mean:              0.0576	return_mean:             -686.6448	return_std:               80.3064
target_mean:               0.0576	td_error_abs:              0.0878	test_action_0_mean:        0.9122	test_action_1_mean:        0.0852
test_action_2_mean:        0.0026	test_ep_length_mean:      30.0000	test_return_mean:        -187.7811	test_return_std:          49.6746

2026-04-28 21:47:02,387 - my_experiment - IMPuc100_ExpoComm_44 - my_run - INFO - t_env: 1826490 / 2050000
2026-04-28 21:47:02,388 - my_experiment - IMPuc100_ExpoComm_44 - my_run - INFO - Estimated time left: 41 minutes, 1 seconds. Time passed: 5 hours, 40 minutes, 55 seconds
2026-04-28 21:51:37,590 - my_experiment - IMPuc100_ExpoComm_44 - my_run - INFO - Recent Stats | t_env:    1851480 | Episode:    61716
action_0_mean:             0.8867	action_1_mean:             0.0946	action_2_mean:             0.0187	ep_length_mean:           30.0000
epsilon:                   0.0500	grad_norm:                 0.5238	info_nce_loss:             0.0002	loss:                      0.0189
q_loss:                    0.0172	q_taken_mean:              0.0578	return_mean:             -686.6841	return_std:               80.7634
target_mean:               0.0578	td_error_abs:              0.0877	test_action_0_mean:        0.9105	test_action_1_mean:        0.0870
test_action_2_mean:        0.0026	test_ep_length_mean:      30.0000	test_return_mean:        -183.7842	test_return_std:          47.5618

2026-04-28 21:51:37,917 - my_experiment - IMPuc100_ExpoComm_44 - my_run - INFO - t_env: 1851510 / 2050000
2026-04-28 21:51:37,918 - my_experiment - IMPuc100_ExpoComm_44 - my_run - INFO - Estimated time left: 36 minutes, 25 seconds. Time passed: 5 hours, 45 minutes, 30 seconds
2026-04-28 21:56:14,985 - my_experiment - IMPuc100_ExpoComm_44 - my_run - INFO - Recent Stats | t_env:    1876500 | Episode:    62550
action_0_mean:             0.8884	action_1_mean:             0.0929	action_2_mean:             0.0187	ep_length_mean:           30.0000
epsilon:                   0.0500	grad_norm:                 0.4705	info_nce_loss:             0.0003	loss:                      0.0188
q_loss:                    0.0171	q_taken_mean:              0.0580	return_mean:             -687.2200	return_std:               81.0449
target_mean:               0.0580	td_error_abs:              0.0877	test_action_0_mean:        0.8963	test_action_1_mean:        0.1010
test_action_2_mean:        0.0027	test_ep_length_mean:      30.0000	test_return_mean:        -179.9356	test_return_std:          47.0351

2026-04-28 21:56:15,313 - my_experiment - IMPuc100_ExpoComm_44 - my_run - INFO - t_env: 1876530 / 2050000
2026-04-28 21:56:15,314 - my_experiment - IMPuc100_ExpoComm_44 - my_run - INFO - Estimated time left: 32 minutes, 3 seconds. Time passed: 5 hours, 50 minutes, 8 seconds
2026-04-28 22:00:51,987 - my_experiment - IMPuc100_ExpoComm_44 - my_run - INFO - Recent Stats | t_env:    1901520 | Episode:    63384
action_0_mean:             0.8883	action_1_mean:             0.0930	action_2_mean:             0.0188	ep_length_mean:           30.0000
epsilon:                   0.0500	grad_norm:                 0.3664	info_nce_loss:             0.0004	loss:                      0.0188
q_loss:                    0.0171	q_taken_mean:              0.0580	return_mean:             -688.1557	return_std:               81.1389
target_mean:               0.0580	td_error_abs:              0.0871	test_action_0_mean:        0.8974	test_action_1_mean:        0.1000
test_action_2_mean:        0.0027	test_ep_length_mean:      30.0000	test_return_mean:        -167.7005	test_return_std:          37.6303

2026-04-28 22:00:52,313 - my_experiment - IMPuc100_ExpoComm_44 - my_run - INFO - t_env: 1901550 / 2050000
2026-04-28 22:00:52,314 - my_experiment - IMPuc100_ExpoComm_44 - my_run - INFO - Estimated time left: 27 minutes, 23 seconds. Time passed: 5 hours, 54 minutes, 45 seconds
2026-04-28 22:05:27,647 - my_experiment - IMPuc100_ExpoComm_44 - my_run - INFO - Recent Stats | t_env:    1926540 | Episode:    64218
action_0_mean:             0.8885	action_1_mean:             0.0927	action_2_mean:             0.0188	ep_length_mean:           30.0000
epsilon:                   0.0500	grad_norm:                 0.6225	info_nce_loss:             0.0004	loss:                      0.0192
q_loss:                    0.0175	q_taken_mean:              0.0582	return_mean:             -688.0644	return_std:               81.8138
target_mean:               0.0582	td_error_abs:              0.0877	test_action_0_mean:        0.8974	test_action_1_mean:        0.0999
test_action_2_mean:        0.0027	test_ep_length_mean:      30.0000	test_return_mean:        -168.7126	test_return_std:          38.4847

2026-04-28 22:05:27,972 - my_experiment - IMPuc100_ExpoComm_44 - my_run - INFO - t_env: 1926570 / 2050000
2026-04-28 22:05:27,972 - my_experiment - IMPuc100_ExpoComm_44 - my_run - INFO - Estimated time left: 22 minutes, 39 seconds. Time passed: 5 hours, 59 minutes, 20 seconds
2026-04-28 22:10:06,857 - my_experiment - IMPuc100_ExpoComm_44 - my_run - INFO - Recent Stats | t_env:    1951560 | Episode:    65052
action_0_mean:             0.8896	action_1_mean:             0.0917	action_2_mean:             0.0188	ep_length_mean:           30.0000
epsilon:                   0.0500	grad_norm:                 0.5941	info_nce_loss:             0.0003	loss:                      0.0194
q_loss:                    0.0176	q_taken_mean:              0.0587	return_mean:             -686.3710	return_std:               81.0126
target_mean:               0.0586	td_error_abs:              0.0875	test_action_0_mean:        0.8991	test_action_1_mean:        0.0983
test_action_2_mean:        0.0026	test_ep_length_mean:      30.0000	test_return_mean:        -177.1463	test_return_std:          39.8394

2026-04-28 22:10:07,186 - my_experiment - IMPuc100_ExpoComm_44 - my_run - INFO - t_env: 1951590 / 2050000
2026-04-28 22:10:07,187 - my_experiment - IMPuc100_ExpoComm_44 - my_run - INFO - Estimated time left: 18 minutes, 18 seconds. Time passed: 6 hours, 4 minutes, 0 seconds
2026-04-28 22:14:44,083 - my_experiment - IMPuc100_ExpoComm_44 - my_run - INFO - Recent Stats | t_env:    1976580 | Episode:    65886
action_0_mean:             0.8819	action_1_mean:             0.0993	action_2_mean:             0.0188	ep_length_mean:           30.0000
epsilon:                   0.0500	grad_norm:                 0.5228	info_nce_loss:             0.0003	loss:                      0.0193
q_loss:                    0.0175	q_taken_mean:              0.0590	return_mean:             -686.4759	return_std:               80.6393
target_mean:               0.0589	td_error_abs:              0.0874	test_action_0_mean:        0.8924	test_action_1_mean:        0.1051
test_action_2_mean:        0.0025	test_ep_length_mean:      30.0000	test_return_mean:        -173.3182	test_return_std:          38.5202

2026-04-28 22:14:44,405 - my_experiment - IMPuc100_ExpoComm_44 - my_run - INFO - t_env: 1976610 / 2050000
2026-04-28 22:14:44,406 - my_experiment - IMPuc100_ExpoComm_44 - my_run - INFO - Estimated time left: 13 minutes, 33 seconds. Time passed: 6 hours, 8 minutes, 37 seconds
2026-04-28 22:19:05,273 - my_experiment - IMPuc100_ExpoComm_44 - my_run - INFO - Saving models to work_dirs/my_experiment/IMPuc100_ExpoComm_44/my_run/20260428_160547/models/2000130
2026-04-28 22:19:21,497 - my_experiment - IMPuc100_ExpoComm_44 - my_run - INFO - Recent Stats | t_env:    2001600 | Episode:    66720
action_0_mean:             0.8798	action_1_mean:             0.1014	action_2_mean:             0.0188	ep_length_mean:           30.0000
epsilon:                   0.0500	grad_norm:                 0.5612	info_nce_loss:             0.0001	loss:                      0.0187
q_loss:                    0.0173	q_taken_mean:              0.0593	return_mean:             -685.9752	return_std:               81.3012
target_mean:               0.0593	td_error_abs:              0.0874	test_action_0_mean:        0.9044	test_action_1_mean:        0.0932
test_action_2_mean:        0.0024	test_ep_length_mean:      30.0000	test_return_mean:        -176.4196	test_return_std:          38.5443

2026-04-28 22:19:21,820 - my_experiment - IMPuc100_ExpoComm_44 - my_run - INFO - t_env: 2001630 / 2050000
2026-04-28 22:19:21,821 - my_experiment - IMPuc100_ExpoComm_44 - my_run - INFO - Estimated time left: 8 minutes, 56 seconds. Time passed: 6 hours, 13 minutes, 14 seconds
2026-04-28 22:23:57,858 - my_experiment - IMPuc100_ExpoComm_44 - my_run - INFO - Recent Stats | t_env:    2026620 | Episode:    67554
action_0_mean:             0.8807	action_1_mean:             0.1005	action_2_mean:             0.0187	ep_length_mean:           30.0000
epsilon:                   0.0500	grad_norm:                 0.8837	info_nce_loss:             0.0002	loss:                      0.0219
q_loss:                    0.0202	q_taken_mean:              0.0597	return_mean:             -685.6623	return_std:               81.0427
target_mean:               0.0596	td_error_abs:              0.0951	test_action_0_mean:        0.9098	test_action_1_mean:        0.0878
test_action_2_mean:        0.0024	test_ep_length_mean:      30.0000	test_return_mean:        -187.7086	test_return_std:          40.7370

2026-04-28 22:23:58,403 - my_experiment - IMPuc100_ExpoComm_44 - my_run - INFO - t_env: 2026650 / 2050000
2026-04-28 22:23:58,404 - my_experiment - IMPuc100_ExpoComm_44 - my_run - INFO - Estimated time left: 4 minutes, 18 seconds. Time passed: 6 hours, 17 minutes, 51 seconds
2026-04-28 22:28:18,407 - my_experiment - IMPuc100_ExpoComm_44 - my_run - INFO - Finished Training
