Gym has been unmaintained since 2022 and does not support NumPy 2.0 amongst other critical functionality.
Please upgrade to Gymnasium, the maintained drop-in replacement of Gym, or contact the authors of your software and request that they upgrade.
Users of this version of Gym should be able to simply replace 'import gym' with 'import gymnasium as gym' in the vast majority of cases.
See the migration guide at https://gymnasium.farama.org/introduction/migration_guide/ for additional information.
src/main.py:81: DeprecationWarning: Using or importing the ABCs from 'collections' instead of from 'collections.abc' is deprecated since Python 3.3, and in 3.10 it will stop working
  if isinstance(v, collections.Mapping):
wandb: [wandb.login()] Loaded credentials for https://api.wandb.ai from /home/pparsons/.netrc.
wandb: Currently logged in as: peterparsons02 (peterparsons02-eth-z-rich) to https://api.wandb.ai. Use `wandb login --relogin` to force relogin
wandb: setting up run d3tbzhjx
wandb: Tracking run with wandb version 0.24.1
wandb: Run data is saved locally in /usr/itetnas04/data-scratch-01/pparsons/data/MyExpoComm/wandb/run-20260427_222012-d3tbzhjx
wandb: Run `wandb offline` to turn off syncing.
wandb: Syncing run my_run-IMPuc50_HybridComm_43-20260427_222010
wandb: ⭐️ View project at https://wandb.ai/peterparsons02-eth-z-rich/my_experiment
wandb: 🚀 View run at https://wandb.ai/peterparsons02-eth-z-rich/my_experiment/runs/d3tbzhjx
2026-04-27 22:20:16,377 - my_experiment - IMPuc50_HybridComm_43 - my_run - INFO - Current directory: /usr/itetnas04/data-scratch-01/pparsons/data/MyExpoComm.
2026-04-27 22:20:16,377 - my_experiment - IMPuc50_HybridComm_43 - my_run - INFO - Experiment Parameters:
2026-04-27 22:20:16,379 - my_experiment - IMPuc50_HybridComm_43 - my_run - INFO - 

{   'action_selector': 'epsilon_greedy',
    'add_value_last_step': True,
    'agent': 'ExpoComm_one_peer_cont',
    'agent_output_type': 'q',
    'attention_dim': 32,
    'aux_coef': 0.1,
    'batch_size': 64,
    'batch_size_run': 1,
    'buffer_cpu_only': True,
    'buffer_size': 2000,
    'checkpoint_path': '',
    'common_reward': True,
    'double_q': True,
    'env': 'struct_marl',
    'env_args': {   'campaign_cost': True,
                    'custom_param': {   'k_comp': 48},
                    'discount_reward': 0.95,
                    'env_correlation': False,
                    'map_name': 'struct_uc_100',
                    'n_comp': 50,
                    'obs_all_d_rate': False,
                    'obs_alphas': False,
                    'obs_d_rate': False,
                    'obs_multiple': False,
                    'seed': 43,
                    'state_alphas': False,
                    'state_d_rate': True,
                    'state_obs': True,
                    'struct_type': 'struct'},
    'epsilon_anneal_time': 5000,
    'epsilon_finish': 0.05,
    'epsilon_start': 1.0,
    'evaluate': False,
    'evaluation_epsilon': 0.0,
    'exp_name': 'my_experiment',
    'gamma': 0.95,
    'global_reward': False,
    'grad_norm_clip': 10,
    'hidden_dim': 64,
    'hypergroup': None,
    'label': 'default_label',
    'learner': 'hybrid_comm_learner',
    'learner_log_interval': 25000,
    'load_step': 0,
    'local_results_path': 'results',
    'log_interval': 25000,
    'lr': 0.0005,
    'mac': 'ExpoComm_mac',
    'mixer': None,
    'name': 'IMPuc50_HybridComm_43',
    'neg_num': 20,
    'obs_agent_id': True,
    'obs_individual_obs': False,
    'obs_last_action': True,
    'one_peer': True,
    'optim_alpha': 0.99,
    'optim_eps': 1e-05,
    'render': False,
    'repeat_id': 1,
    'run_name': 'my_run',
    'runner': 'episode',
    'runner_log_interval': 25000,
    'save_model': True,
    'save_model_interval': 200000,
    'save_replay': False,
    'seed': 43,
    'standardise_returns': False,
    'standardise_rewards': True,
    't_max': 2050000,
    'target_update_interval_or_tau': 200,
    'temperature': 0.07,
    'test_greedy': True,
    'test_interval': 25000,
    'test_nepisode': 50,
    'topk_neighbors': 7,
    'use_cuda': True,
    'use_rnn': True,
    'use_tensorboard': True,
    'work_dir': 'work_dirs/my_experiment/IMPuc50_HybridComm_43/my_run/20260427_222010'}

2026-04-27 22:20:34,175 - my_experiment - IMPuc50_HybridComm_43 - my_run - INFO - Beginning training for 2050000 timesteps
2026-04-27 22:20:45,343 - my_experiment - IMPuc50_HybridComm_43 - my_run - INFO - t_env: 30 / 2050000
2026-04-27 22:20:45,343 - my_experiment - IMPuc50_HybridComm_43 - my_run - INFO - Estimated time left: 15 minutes, 14 seconds. Time passed: 11 seconds
2026-04-27 22:20:51,163 - my_experiment - IMPuc50_HybridComm_43 - my_run - INFO - Saving models to work_dirs/my_experiment/IMPuc50_HybridComm_43/my_run/20260427_222010/models/30
2026-04-27 22:24:27,524 - my_experiment - IMPuc50_HybridComm_43 - my_run - INFO - Recent Stats | t_env:      25020 | Episode:      834
action_0_mean:             0.3433	action_1_mean:             0.3167	action_2_mean:             0.3400	ep_length_mean:           30.0000
epsilon:                   1.0000	grad_norm:                 0.2374	info_nce_loss:             3.0142	loss:                      1.1119
q_loss:                    1.0108	return_mean:             -5409.6061	return_std:                0.0000	test_action_0_mean:        0.0000
test_action_1_mean:        0.0000	test_action_2_mean:        1.0000	test_ep_length_mean:      30.0000	test_return_mean:        -15785.7608
test_return_std:           0.0000	
2026-04-27 22:24:27,815 - my_experiment - IMPuc50_HybridComm_43 - my_run - INFO - t_env: 25050 / 2050000
2026-04-27 22:24:27,816 - my_experiment - IMPuc50_HybridComm_43 - my_run - INFO - Estimated time left: 5 hours, 5 seconds. Time passed: 3 minutes, 53 seconds
2026-04-27 22:28:04,577 - my_experiment - IMPuc50_HybridComm_43 - my_run - INFO - Recent Stats | t_env:      50040 | Episode:     1668
action_0_mean:             0.3765	action_1_mean:             0.4185	action_2_mean:             0.2050	ep_length_mean:           30.0000
epsilon:                   0.0500	grad_norm:                 1.3654	info_nce_loss:             1.5071	loss:                      0.9059
q_loss:                    0.8236	return_mean:             -3945.3831	return_std:              1034.9796	test_action_0_mean:        0.2640
test_action_1_mean:        0.2360	test_action_2_mean:        0.5000	test_ep_length_mean:      30.0000	test_return_mean:        -9098.5144
test_return_std:         516.3173	
2026-04-27 22:28:04,857 - my_experiment - IMPuc50_HybridComm_43 - my_run - INFO - t_env: 50070 / 2050000
2026-04-27 22:28:04,857 - my_experiment - IMPuc50_HybridComm_43 - my_run - INFO - Estimated time left: 4 hours, 49 minutes, 8 seconds. Time passed: 7 minutes, 30 seconds
2026-04-27 22:31:32,687 - my_experiment - IMPuc50_HybridComm_43 - my_run - INFO - Recent Stats | t_env:      75060 | Episode:     2502
action_0_mean:             0.5090	action_1_mean:             0.3474	action_2_mean:             0.1437	ep_length_mean:           30.0000
epsilon:                   0.0500	grad_norm:                 1.9112	info_nce_loss:             1.0047	loss:                      0.9343
q_loss:                    0.8794	return_mean:             -3266.4657	return_std:              1047.5200	test_action_0_mean:        0.3871
test_action_1_mean:        0.2796	test_action_2_mean:        0.3333	test_ep_length_mean:      30.0000	test_return_mean:        -6763.8411
test_return_std:         514.0961	
2026-04-27 22:31:32,930 - my_experiment - IMPuc50_HybridComm_43 - my_run - INFO - t_env: 75090 / 2050000
2026-04-27 22:31:32,930 - my_experiment - IMPuc50_HybridComm_43 - my_run - INFO - Estimated time left: 4 hours, 33 minutes, 43 seconds. Time passed: 10 minutes, 58 seconds
2026-04-27 22:34:59,624 - my_experiment - IMPuc50_HybridComm_43 - my_run - INFO - Recent Stats | t_env:     100080 | Episode:     3336
action_0_mean:             0.6110	action_1_mean:             0.2766	action_2_mean:             0.1124	ep_length_mean:           30.0000
epsilon:                   0.0500	grad_norm:                 1.7122	info_nce_loss:             0.7536	loss:                      0.8063
q_loss:                    0.7555	return_mean:             -2877.3180	return_std:              916.7500	test_action_0_mean:        0.5403
test_action_1_mean:        0.2097	test_action_2_mean:        0.2500	test_ep_length_mean:      30.0000	test_return_mean:        -5570.6616
test_return_std:         385.5721	
2026-04-27 22:34:59,878 - my_experiment - IMPuc50_HybridComm_43 - my_run - INFO - t_env: 100110 / 2050000
2026-04-27 22:34:59,878 - my_experiment - IMPuc50_HybridComm_43 - my_run - INFO - Estimated time left: 4 hours, 28 minutes, 48 seconds. Time passed: 14 minutes, 25 seconds
2026-04-27 22:38:25,777 - my_experiment - IMPuc50_HybridComm_43 - my_run - INFO - Recent Stats | t_env:     125100 | Episode:     4170
action_0_mean:             0.6754	action_1_mean:             0.2307	action_2_mean:             0.0939	ep_length_mean:           30.0000
epsilon:                   0.0500	grad_norm:                 1.4400	info_nce_loss:             0.6029	loss:                      0.6943
q_loss:                    0.6492	return_mean:             -2653.6989	return_std:              843.6302	test_action_0_mean:        0.6227
test_action_1_mean:        0.1773	test_action_2_mean:        0.2000	test_ep_length_mean:      30.0000	test_return_mean:        -4855.7276
test_return_std:         351.5087	
2026-04-27 22:38:26,031 - my_experiment - IMPuc50_HybridComm_43 - my_run - INFO - t_env: 125130 / 2050000
2026-04-27 22:38:26,032 - my_experiment - IMPuc50_HybridComm_43 - my_run - INFO - Estimated time left: 4 hours, 24 minutes, 20 seconds. Time passed: 17 minutes, 51 seconds
2026-04-27 22:41:51,261 - my_experiment - IMPuc50_HybridComm_43 - my_run - INFO - Recent Stats | t_env:     150120 | Episode:     5004
action_0_mean:             0.7945	action_1_mean:             0.1754	action_2_mean:             0.0301	ep_length_mean:           30.0000
epsilon:                   0.0500	grad_norm:                 1.6533	info_nce_loss:             0.0002	loss:                      0.5691
q_loss:                    0.5354	return_mean:             -1898.4462	return_std:              941.2350	test_action_0_mean:        0.8227
test_action_1_mean:        0.1773	test_action_2_mean:        0.0000	test_ep_length_mean:      30.0000	test_return_mean:        -2096.8001
test_return_std:         351.5087	
2026-04-27 22:41:51,509 - my_experiment - IMPuc50_HybridComm_43 - my_run - INFO - t_env: 150150 / 2050000
2026-04-27 22:41:51,510 - my_experiment - IMPuc50_HybridComm_43 - my_run - INFO - Estimated time left: 4 hours, 20 minutes, 2 seconds. Time passed: 21 minutes, 17 seconds
2026-04-27 22:45:19,432 - my_experiment - IMPuc50_HybridComm_43 - my_run - INFO - Recent Stats | t_env:     175140 | Episode:     5838
action_0_mean:             0.9011	action_1_mean:             0.0782	action_2_mean:             0.0207	ep_length_mean:           30.0000
epsilon:                   0.0500	grad_norm:                 1.2425	info_nce_loss:             0.0002	loss:                      0.4888
q_loss:                    0.4624	return_mean:             -1677.1726	return_std:              609.1488	test_action_0_mean:        0.9171
test_action_1_mean:        0.0829	test_action_2_mean:        0.0000	test_ep_length_mean:      30.0000	test_return_mean:        -2012.7711
test_return_std:         144.9818	
2026-04-27 22:45:19,734 - my_experiment - IMPuc50_HybridComm_43 - my_run - INFO - t_env: 175170 / 2050000
2026-04-27 22:45:19,735 - my_experiment - IMPuc50_HybridComm_43 - my_run - INFO - Estimated time left: 4 hours, 20 minutes, 2 seconds. Time passed: 24 minutes, 45 seconds
2026-04-27 22:48:52,744 - my_experiment - IMPuc50_HybridComm_43 - my_run - INFO - Saving models to work_dirs/my_experiment/IMPuc50_HybridComm_43/my_run/20260427_222010/models/200040
2026-04-27 22:48:53,779 - my_experiment - IMPuc50_HybridComm_43 - my_run - INFO - Recent Stats | t_env:     200160 | Episode:     6672
action_0_mean:             0.9271	action_1_mean:             0.0498	action_2_mean:             0.0231	ep_length_mean:           30.0000
epsilon:                   0.0500	grad_norm:                 0.7383	info_nce_loss:             0.0002	loss:                      0.3224
q_loss:                    0.2931	return_mean:             -1466.0444	return_std:              462.9902	test_action_0_mean:        0.9603
test_action_1_mean:        0.0381	test_action_2_mean:        0.0016	test_ep_length_mean:      30.0000	test_return_mean:        -1649.6617
test_return_std:          51.8321	
2026-04-27 22:48:54,052 - my_experiment - IMPuc50_HybridComm_43 - my_run - INFO - t_env: 200190 / 2050000
2026-04-27 22:48:54,053 - my_experiment - IMPuc50_HybridComm_43 - my_run - INFO - Estimated time left: 4 hours, 24 minutes, 5 seconds. Time passed: 28 minutes, 19 seconds
2026-04-27 22:52:35,904 - my_experiment - IMPuc50_HybridComm_43 - my_run - INFO - Recent Stats | t_env:     225180 | Episode:     7506
action_0_mean:             0.8984	action_1_mean:             0.0757	action_2_mean:             0.0260	ep_length_mean:           30.0000
epsilon:                   0.0500	grad_norm:                 0.6374	info_nce_loss:             0.0002	loss:                      0.2666
q_loss:                    0.2424	return_mean:             -1246.3637	return_std:              386.5162	test_action_0_mean:        0.9127
test_action_1_mean:        0.0837	test_action_2_mean:        0.0035	test_ep_length_mean:      30.0000	test_return_mean:        -1303.4591
test_return_std:          57.9966	
2026-04-27 22:52:36,213 - my_experiment - IMPuc50_HybridComm_43 - my_run - INFO - t_env: 225210 / 2050000
2026-04-27 22:52:36,214 - my_experiment - IMPuc50_HybridComm_43 - my_run - INFO - Estimated time left: 4 hours, 30 minutes, 2 seconds. Time passed: 32 minutes, 2 seconds
2026-04-27 22:56:21,805 - my_experiment - IMPuc50_HybridComm_43 - my_run - INFO - Recent Stats | t_env:     250200 | Episode:     8340
action_0_mean:             0.8389	action_1_mean:             0.1338	action_2_mean:             0.0273	ep_length_mean:           30.0000
epsilon:                   0.0500	grad_norm:                 0.6279	info_nce_loss:             0.0002	loss:                      0.2322
q_loss:                    0.2111	return_mean:             -1002.2675	return_std:              292.7637	test_action_0_mean:        0.7962
test_action_1_mean:        0.1975	test_action_2_mean:        0.0062	test_ep_length_mean:      30.0000	test_return_mean:        -978.4382
test_return_std:          23.6707	
2026-04-27 22:56:22,116 - my_experiment - IMPuc50_HybridComm_43 - my_run - INFO - t_env: 250230 / 2050000
2026-04-27 22:56:22,117 - my_experiment - IMPuc50_HybridComm_43 - my_run - INFO - Estimated time left: 4 hours, 30 minutes, 49 seconds. Time passed: 35 minutes, 47 seconds
2026-04-27 23:00:05,669 - my_experiment - IMPuc50_HybridComm_43 - my_run - INFO - Recent Stats | t_env:     275220 | Episode:     9174
action_0_mean:             0.7607	action_1_mean:             0.2102	action_2_mean:             0.0291	ep_length_mean:           30.0000
epsilon:                   0.0500	grad_norm:                 0.4092	info_nce_loss:             0.0002	loss:                      0.1448
q_loss:                    0.1316	return_mean:             -794.7786	return_std:              231.5439	test_action_0_mean:        0.7085
test_action_1_mean:        0.2832	test_action_2_mean:        0.0083	test_ep_length_mean:      30.0000	test_return_mean:        -630.1328
test_return_std:          29.6642	
2026-04-27 23:00:05,965 - my_experiment - IMPuc50_HybridComm_43 - my_run - INFO - t_env: 275250 / 2050000
2026-04-27 23:00:05,965 - my_experiment - IMPuc50_HybridComm_43 - my_run - INFO - Estimated time left: 4 hours, 24 minutes, 38 seconds. Time passed: 39 minutes, 31 seconds
2026-04-27 23:03:47,553 - my_experiment - IMPuc50_HybridComm_43 - my_run - INFO - Recent Stats | t_env:     300240 | Episode:    10008
action_0_mean:             0.6889	action_1_mean:             0.2811	action_2_mean:             0.0301	ep_length_mean:           30.0000
epsilon:                   0.0500	grad_norm:                 0.3809	info_nce_loss:             0.0002	loss:                      0.1084
q_loss:                    0.0986	return_mean:             -630.2868	return_std:              174.9842	test_action_0_mean:        0.5801
test_action_1_mean:        0.4098	test_action_2_mean:        0.0101	test_ep_length_mean:      30.0000	test_return_mean:        -287.4978
test_return_std:          38.2615	
2026-04-27 23:03:47,814 - my_experiment - IMPuc50_HybridComm_43 - my_run - INFO - t_env: 300270 / 2050000
2026-04-27 23:03:47,815 - my_experiment - IMPuc50_HybridComm_43 - my_run - INFO - Estimated time left: 4 hours, 18 minutes, 34 seconds. Time passed: 43 minutes, 13 seconds
2026-04-27 23:07:28,549 - my_experiment - IMPuc50_HybridComm_43 - my_run - INFO - Recent Stats | t_env:     325260 | Episode:    10842
action_0_mean:             0.6394	action_1_mean:             0.3320	action_2_mean:             0.0286	ep_length_mean:           30.0000
epsilon:                   0.0500	grad_norm:                 0.5550	info_nce_loss:             0.0001	loss:                      0.0908
q_loss:                    0.0825	return_mean:             -567.4576	return_std:              147.8450	test_action_0_mean:        0.5682
test_action_1_mean:        0.4220	test_action_2_mean:        0.0098	test_ep_length_mean:      30.0000	test_return_mean:        -277.3759
test_return_std:          41.5536	
2026-04-27 23:07:28,825 - my_experiment - IMPuc50_HybridComm_43 - my_run - INFO - t_env: 325290 / 2050000
2026-04-27 23:07:28,825 - my_experiment - IMPuc50_HybridComm_43 - my_run - INFO - Estimated time left: 4 hours, 13 minutes, 54 seconds. Time passed: 46 minutes, 54 seconds
2026-04-27 23:11:09,030 - my_experiment - IMPuc50_HybridComm_43 - my_run - INFO - Recent Stats | t_env:     350280 | Episode:    11676
action_0_mean:             0.6165	action_1_mean:             0.3564	action_2_mean:             0.0271	ep_length_mean:           30.0000
epsilon:                   0.0500	grad_norm:                 0.4844	info_nce_loss:             0.0001	loss:                      0.0729
q_loss:                    0.0673	return_mean:             -550.5437	return_std:              143.2376	test_action_0_mean:        0.5294
test_action_1_mean:        0.4619	test_action_2_mean:        0.0087	test_ep_length_mean:      30.0000	test_return_mean:        -267.9144
test_return_std:          46.6744	
2026-04-27 23:11:09,314 - my_experiment - IMPuc50_HybridComm_43 - my_run - INFO - t_env: 350310 / 2050000
2026-04-27 23:11:09,315 - my_experiment - IMPuc50_HybridComm_43 - my_run - INFO - Estimated time left: 4 hours, 9 minutes, 38 seconds. Time passed: 50 minutes, 35 seconds
2026-04-27 23:14:51,302 - my_experiment - IMPuc50_HybridComm_43 - my_run - INFO - Recent Stats | t_env:     375300 | Episode:    12510
action_0_mean:             0.6181	action_1_mean:             0.3556	action_2_mean:             0.0264	ep_length_mean:           30.0000
epsilon:                   0.0500	grad_norm:                 0.4646	info_nce_loss:             0.0001	loss:                      0.0719
q_loss:                    0.0676	return_mean:             -543.7199	return_std:              147.1043	test_action_0_mean:        0.5755
test_action_1_mean:        0.4174	test_action_2_mean:        0.0071	test_ep_length_mean:      30.0000	test_return_mean:        -238.5312
test_return_std:          49.1179	
2026-04-27 23:14:51,579 - my_experiment - IMPuc50_HybridComm_43 - my_run - INFO - t_env: 375330 / 2050000
2026-04-27 23:14:51,580 - my_experiment - IMPuc50_HybridComm_43 - my_run - INFO - Estimated time left: 4 hours, 7 minutes, 56 seconds. Time passed: 54 minutes, 17 seconds
2026-04-27 23:18:30,147 - my_experiment - IMPuc50_HybridComm_43 - my_run - INFO - Saving models to work_dirs/my_experiment/IMPuc50_HybridComm_43/my_run/20260427_222010/models/400050
2026-04-27 23:18:32,486 - my_experiment - IMPuc50_HybridComm_43 - my_run - INFO - Recent Stats | t_env:     400320 | Episode:    13344
action_0_mean:             0.6302	action_1_mean:             0.3446	action_2_mean:             0.0252	ep_length_mean:           30.0000
epsilon:                   0.0500	grad_norm:                 0.4660	info_nce_loss:             0.0000	loss:                      0.0763
q_loss:                    0.0716	return_mean:             -533.2172	return_std:              140.1292	test_action_0_mean:        0.6074
test_action_1_mean:        0.3866	test_action_2_mean:        0.0060	test_ep_length_mean:      30.0000	test_return_mean:        -257.7690
test_return_std:          75.7655	
2026-04-27 23:18:32,766 - my_experiment - IMPuc50_HybridComm_43 - my_run - INFO - t_env: 400350 / 2050000
2026-04-27 23:18:32,767 - my_experiment - IMPuc50_HybridComm_43 - my_run - INFO - Estimated time left: 4 hours, 3 minutes, 3 seconds. Time passed: 57 minutes, 58 seconds
2026-04-27 23:22:14,147 - my_experiment - IMPuc50_HybridComm_43 - my_run - INFO - Recent Stats | t_env:     425340 | Episode:    14178
action_0_mean:             0.6347	action_1_mean:             0.3409	action_2_mean:             0.0244	ep_length_mean:           30.0000
epsilon:                   0.0500	grad_norm:                 0.4623	info_nce_loss:             0.0000	loss:                      0.0785
q_loss:                    0.0736	return_mean:             -523.8505	return_std:              134.4706	test_action_0_mean:        0.6629
test_action_1_mean:        0.3302	test_action_2_mean:        0.0069	test_ep_length_mean:      30.0000	test_return_mean:        -252.6996
test_return_std:          76.0347	
2026-04-27 23:22:14,465 - my_experiment - IMPuc50_HybridComm_43 - my_run - INFO - t_env: 425370 / 2050000
2026-04-27 23:22:14,466 - my_experiment - IMPuc50_HybridComm_43 - my_run - INFO - Estimated time left: 3 hours, 59 minutes, 55 seconds. Time passed: 1 hours, 1 minutes, 40 seconds
2026-04-27 23:25:57,942 - my_experiment - IMPuc50_HybridComm_43 - my_run - INFO - Recent Stats | t_env:     450360 | Episode:    15012
action_0_mean:             0.6249	action_1_mean:             0.3511	action_2_mean:             0.0240	ep_length_mean:           30.0000
epsilon:                   0.0500	grad_norm:                 0.2353	info_nce_loss:             0.0001	loss:                      0.0830
q_loss:                    0.0777	return_mean:             -521.2058	return_std:              119.6620	test_action_0_mean:        0.6155
test_action_1_mean:        0.3776	test_action_2_mean:        0.0069	test_ep_length_mean:      30.0000	test_return_mean:        -255.2348
test_return_std:          75.8065	
2026-04-27 23:25:58,270 - my_experiment - IMPuc50_HybridComm_43 - my_run - INFO - t_env: 450390 / 2050000
2026-04-27 23:25:58,271 - my_experiment - IMPuc50_HybridComm_43 - my_run - INFO - Estimated time left: 3 hours, 58 minutes, 28 seconds. Time passed: 1 hours, 5 minutes, 24 seconds
2026-04-27 23:29:39,137 - my_experiment - IMPuc50_HybridComm_43 - my_run - INFO - Recent Stats | t_env:     475380 | Episode:    15846
action_0_mean:             0.6090	action_1_mean:             0.3673	action_2_mean:             0.0236	ep_length_mean:           30.0000
epsilon:                   0.0500	grad_norm:                 0.2879	info_nce_loss:             0.0001	loss:                      0.0848
q_loss:                    0.0783	return_mean:             -522.4114	return_std:              126.5312	test_action_0_mean:        0.5951
test_action_1_mean:        0.3982	test_action_2_mean:        0.0068	test_ep_length_mean:      30.0000	test_return_mean:        -257.1946
test_return_std:          78.0286	
2026-04-27 23:29:39,412 - my_experiment - IMPuc50_HybridComm_43 - my_run - INFO - t_env: 475410 / 2050000
2026-04-27 23:29:39,413 - my_experiment - IMPuc50_HybridComm_43 - my_run - INFO - Estimated time left: 3 hours, 51 minutes, 57 seconds. Time passed: 1 hours, 9 minutes, 5 seconds
2026-04-27 23:33:16,044 - my_experiment - IMPuc50_HybridComm_43 - my_run - INFO - Recent Stats | t_env:     500400 | Episode:    16680
action_0_mean:             0.6048	action_1_mean:             0.3713	action_2_mean:             0.0239	ep_length_mean:           30.0000
epsilon:                   0.0500	grad_norm:                 0.3138	info_nce_loss:             0.0001	loss:                      0.0890
q_loss:                    0.0826	return_mean:             -525.4602	return_std:              129.7714	test_action_0_mean:        0.5819
test_action_1_mean:        0.4083	test_action_2_mean:        0.0098	test_ep_length_mean:      30.0000	test_return_mean:        -278.8249
test_return_std:          76.3240	
2026-04-27 23:33:16,315 - my_experiment - IMPuc50_HybridComm_43 - my_run - INFO - t_env: 500430 / 2050000
2026-04-27 23:33:16,315 - my_experiment - IMPuc50_HybridComm_43 - my_run - INFO - Estimated time left: 3 hours, 43 minutes, 53 seconds. Time passed: 1 hours, 12 minutes, 42 seconds
2026-04-27 23:36:55,133 - my_experiment - IMPuc50_HybridComm_43 - my_run - INFO - Recent Stats | t_env:     525420 | Episode:    17514
action_0_mean:             0.6166	action_1_mean:             0.3596	action_2_mean:             0.0238	ep_length_mean:           30.0000
epsilon:                   0.0500	grad_norm:                 0.3098	info_nce_loss:             0.0001	loss:                      0.1001
q_loss:                    0.0926	return_mean:             -518.4846	return_std:              131.3263	test_action_0_mean:        0.5600
test_action_1_mean:        0.4299	test_action_2_mean:        0.0102	test_ep_length_mean:      30.0000	test_return_mean:        -259.1838
test_return_std:          51.7309	
2026-04-27 23:36:55,410 - my_experiment - IMPuc50_HybridComm_43 - my_run - INFO - t_env: 525450 / 2050000
2026-04-27 23:36:55,410 - my_experiment - IMPuc50_HybridComm_43 - my_run - INFO - Estimated time left: 3 hours, 42 minutes, 30 seconds. Time passed: 1 hours, 16 minutes, 21 seconds
2026-04-27 23:40:36,815 - my_experiment - IMPuc50_HybridComm_43 - my_run - INFO - Recent Stats | t_env:     550440 | Episode:    18348
action_0_mean:             0.6237	action_1_mean:             0.3525	action_2_mean:             0.0238	ep_length_mean:           30.0000
epsilon:                   0.0500	grad_norm:                 0.3139	info_nce_loss:             0.0001	loss:                      0.0952
q_loss:                    0.0900	return_mean:             -521.2781	return_std:              146.2988	test_action_0_mean:        0.5762
test_action_1_mean:        0.4155	test_action_2_mean:        0.0082	test_ep_length_mean:      30.0000	test_return_mean:        -249.1638
test_return_std:          57.9578	
2026-04-27 23:40:37,132 - my_experiment - IMPuc50_HybridComm_43 - my_run - INFO - t_env: 550470 / 2050000
2026-04-27 23:40:37,132 - my_experiment - IMPuc50_HybridComm_43 - my_run - INFO - Estimated time left: 3 hours, 41 minutes, 28 seconds. Time passed: 1 hours, 20 minutes, 2 seconds
2026-04-27 23:44:16,517 - my_experiment - IMPuc50_HybridComm_43 - my_run - INFO - Recent Stats | t_env:     575460 | Episode:    19182
action_0_mean:             0.6182	action_1_mean:             0.3578	action_2_mean:             0.0239	ep_length_mean:           30.0000
epsilon:                   0.0500	grad_norm:                 0.3125	info_nce_loss:             0.0001	loss:                      0.0940
q_loss:                    0.0890	return_mean:             -520.0305	return_std:              149.0759	test_action_0_mean:        0.5880
test_action_1_mean:        0.4033	test_action_2_mean:        0.0087	test_ep_length_mean:      30.0000	test_return_mean:        -247.2674
test_return_std:          56.2575	
2026-04-27 23:44:16,798 - my_experiment - IMPuc50_HybridComm_43 - my_run - INFO - t_env: 575490 / 2050000
2026-04-27 23:44:16,798 - my_experiment - IMPuc50_HybridComm_43 - my_run - INFO - Estimated time left: 3 hours, 35 minutes, 45 seconds. Time passed: 1 hours, 23 minutes, 42 seconds
2026-04-27 23:47:55,033 - my_experiment - IMPuc50_HybridComm_43 - my_run - INFO - Saving models to work_dirs/my_experiment/IMPuc50_HybridComm_43/my_run/20260427_222010/models/600060
2026-04-27 23:47:58,651 - my_experiment - IMPuc50_HybridComm_43 - my_run - INFO - Recent Stats | t_env:     600480 | Episode:    20016
action_0_mean:             0.6223	action_1_mean:             0.3532	action_2_mean:             0.0245	ep_length_mean:           30.0000
epsilon:                   0.0500	grad_norm:                 0.2553	info_nce_loss:             0.0001	loss:                      0.0944
q_loss:                    0.0905	return_mean:             -526.8594	return_std:              160.8276	test_action_0_mean:        0.6395
test_action_1_mean:        0.3518	test_action_2_mean:        0.0087	test_ep_length_mean:      30.0000	test_return_mean:        -267.5636
test_return_std:          73.4621	
2026-04-27 23:47:58,918 - my_experiment - IMPuc50_HybridComm_43 - my_run - INFO - t_env: 600510 / 2050000
2026-04-27 23:47:58,918 - my_experiment - IMPuc50_HybridComm_43 - my_run - INFO - Estimated time left: 3 hours, 34 minutes, 28 seconds. Time passed: 1 hours, 27 minutes, 24 seconds
2026-04-27 23:51:40,339 - my_experiment - IMPuc50_HybridComm_43 - my_run - INFO - Recent Stats | t_env:     625500 | Episode:    20850
action_0_mean:             0.6111	action_1_mean:             0.3647	action_2_mean:             0.0242	ep_length_mean:           30.0000
epsilon:                   0.0500	grad_norm:                 0.2596	info_nce_loss:             0.0001	loss:                      0.0905
q_loss:                    0.0853	return_mean:             -523.0980	return_std:              158.4553	test_action_0_mean:        0.6377
test_action_1_mean:        0.3489	test_action_2_mean:        0.0133	test_ep_length_mean:      30.0000	test_return_mean:        -294.4758
test_return_std:          70.2084	
2026-04-27 23:51:40,602 - my_experiment - IMPuc50_HybridComm_43 - my_run - INFO - t_env: 625530 / 2050000
2026-04-27 23:51:40,603 - my_experiment - IMPuc50_HybridComm_43 - my_run - INFO - Estimated time left: 3 hours, 30 minutes, 21 seconds. Time passed: 1 hours, 31 minutes, 6 seconds
2026-04-27 23:55:23,426 - my_experiment - IMPuc50_HybridComm_43 - my_run - INFO - Recent Stats | t_env:     650520 | Episode:    21684
action_0_mean:             0.5907	action_1_mean:             0.3845	action_2_mean:             0.0248	ep_length_mean:           30.0000
epsilon:                   0.0500	grad_norm:                 0.3149	info_nce_loss:             0.0001	loss:                      0.1006
q_loss:                    0.0945	return_mean:             -531.8226	return_std:              157.6478	test_action_0_mean:        0.6402
test_action_1_mean:        0.3468	test_action_2_mean:        0.0130	test_ep_length_mean:      30.0000	test_return_mean:        -297.9979
test_return_std:          81.8909	
2026-04-27 23:55:23,706 - my_experiment - IMPuc50_HybridComm_43 - my_run - INFO - t_env: 650550 / 2050000
2026-04-27 23:55:23,707 - my_experiment - IMPuc50_HybridComm_43 - my_run - INFO - Estimated time left: 3 hours, 27 minutes, 58 seconds. Time passed: 1 hours, 34 minutes, 49 seconds
2026-04-27 23:59:05,711 - my_experiment - IMPuc50_HybridComm_43 - my_run - INFO - Recent Stats | t_env:     675540 | Episode:    22518
action_0_mean:             0.5685	action_1_mean:             0.4062	action_2_mean:             0.0253	ep_length_mean:           30.0000
epsilon:                   0.0500	grad_norm:                 0.3099	info_nce_loss:             0.0001	loss:                      0.0987
q_loss:                    0.0910	return_mean:             -542.6727	return_std:              197.4386	test_action_0_mean:        0.6062
test_action_1_mean:        0.3801	test_action_2_mean:        0.0137	test_ep_length_mean:      30.0000	test_return_mean:        -303.3328
test_return_std:          77.5031	
2026-04-27 23:59:05,981 - my_experiment - IMPuc50_HybridComm_43 - my_run - INFO - t_env: 675570 / 2050000
2026-04-27 23:59:05,981 - my_experiment - IMPuc50_HybridComm_43 - my_run - INFO - Estimated time left: 3 hours, 23 minutes, 30 seconds. Time passed: 1 hours, 38 minutes, 31 seconds
2026-04-28 00:02:48,339 - my_experiment - IMPuc50_HybridComm_43 - my_run - INFO - Recent Stats | t_env:     700560 | Episode:    23352
action_0_mean:             0.5629	action_1_mean:             0.4120	action_2_mean:             0.0251	ep_length_mean:           30.0000
epsilon:                   0.0500	grad_norm:                 0.3266	info_nce_loss:             0.0001	loss:                      0.1109
q_loss:                    0.1020	return_mean:             -542.3554	return_std:              192.3866	test_action_0_mean:        0.5932
test_action_1_mean:        0.3938	test_action_2_mean:        0.0130	test_ep_length_mean:      30.0000	test_return_mean:        -300.8883
test_return_std:          75.0251	
2026-04-28 00:02:48,620 - my_experiment - IMPuc50_HybridComm_43 - my_run - INFO - t_env: 700590 / 2050000
2026-04-28 00:02:48,621 - my_experiment - IMPuc50_HybridComm_43 - my_run - INFO - Estimated time left: 3 hours, 20 minutes, 7 seconds. Time passed: 1 hours, 42 minutes, 14 seconds
2026-04-28 00:06:26,959 - my_experiment - IMPuc50_HybridComm_43 - my_run - INFO - Recent Stats | t_env:     725580 | Episode:    24186
action_0_mean:             0.5526	action_1_mean:             0.4227	action_2_mean:             0.0248	ep_length_mean:           30.0000
epsilon:                   0.0500	grad_norm:                 0.3269	info_nce_loss:             0.0001	loss:                      0.1168
q_loss:                    0.1061	return_mean:             -539.8846	return_std:              178.4982	test_action_0_mean:        0.5650
test_action_1_mean:        0.4211	test_action_2_mean:        0.0139	test_ep_length_mean:      30.0000	test_return_mean:        -294.5378
test_return_std:          62.9950	
2026-04-28 00:06:27,227 - my_experiment - IMPuc50_HybridComm_43 - my_run - INFO - t_env: 725610 / 2050000
2026-04-28 00:06:27,227 - my_experiment - IMPuc50_HybridComm_43 - my_run - INFO - Estimated time left: 3 hours, 12 minutes, 51 seconds. Time passed: 1 hours, 45 minutes, 53 seconds
2026-04-28 00:10:05,982 - my_experiment - IMPuc50_HybridComm_43 - my_run - INFO - Recent Stats | t_env:     750600 | Episode:    25020
action_0_mean:             0.5683	action_1_mean:             0.4066	action_2_mean:             0.0251	ep_length_mean:           30.0000
epsilon:                   0.0500	grad_norm:                 0.3017	info_nce_loss:             0.0001	loss:                      0.1341
q_loss:                    0.1219	return_mean:             -544.3587	return_std:              180.5730	test_action_0_mean:        0.5920
test_action_1_mean:        0.4012	test_action_2_mean:        0.0068	test_ep_length_mean:      30.0000	test_return_mean:        -244.5003
test_return_std:          64.8218	
2026-04-28 00:10:06,265 - my_experiment - IMPuc50_HybridComm_43 - my_run - INFO - t_env: 750630 / 2050000
2026-04-28 00:10:06,265 - my_experiment - IMPuc50_HybridComm_43 - my_run - INFO - Estimated time left: 3 hours, 9 minutes, 35 seconds. Time passed: 1 hours, 49 minutes, 32 seconds
2026-04-28 00:13:47,786 - my_experiment - IMPuc50_HybridComm_43 - my_run - INFO - Recent Stats | t_env:     775620 | Episode:    25854
action_0_mean:             0.5772	action_1_mean:             0.3976	action_2_mean:             0.0252	ep_length_mean:           30.0000
epsilon:                   0.0500	grad_norm:                 0.2684	info_nce_loss:             0.0001	loss:                      0.1250
q_loss:                    0.1136	return_mean:             -546.6727	return_std:              182.8972	test_action_0_mean:        0.5654
test_action_1_mean:        0.4280	test_action_2_mean:        0.0067	test_ep_length_mean:      30.0000	test_return_mean:        -234.7302
test_return_std:          58.2586	
2026-04-28 00:13:48,059 - my_experiment - IMPuc50_HybridComm_43 - my_run - INFO - t_env: 775650 / 2050000
2026-04-28 00:13:48,059 - my_experiment - IMPuc50_HybridComm_43 - my_run - INFO - Estimated time left: 3 hours, 8 minutes, 16 seconds. Time passed: 1 hours, 53 minutes, 13 seconds
2026-04-28 00:17:25,382 - my_experiment - IMPuc50_HybridComm_43 - my_run - INFO - Saving models to work_dirs/my_experiment/IMPuc50_HybridComm_43/my_run/20260427_222010/models/800070
2026-04-28 00:17:30,230 - my_experiment - IMPuc50_HybridComm_43 - my_run - INFO - Recent Stats | t_env:     800640 | Episode:    26688
action_0_mean:             0.5832	action_1_mean:             0.3922	action_2_mean:             0.0246	ep_length_mean:           30.0000
epsilon:                   0.0500	grad_norm:                 0.2860	info_nce_loss:             0.0001	loss:                      0.1366
q_loss:                    0.1270	return_mean:             -539.2195	return_std:              139.2216	test_action_0_mean:        0.5751
test_action_1_mean:        0.4182	test_action_2_mean:        0.0067	test_ep_length_mean:      30.0000	test_return_mean:        -234.6745
test_return_std:          58.1948	
2026-04-28 00:17:30,495 - my_experiment - IMPuc50_HybridComm_43 - my_run - INFO - t_env: 800670 / 2050000
2026-04-28 00:17:30,496 - my_experiment - IMPuc50_HybridComm_43 - my_run - INFO - Estimated time left: 3 hours, 5 minutes, 6 seconds. Time passed: 1 hours, 56 minutes, 56 seconds
2026-04-28 00:21:10,512 - my_experiment - IMPuc50_HybridComm_43 - my_run - INFO - Recent Stats | t_env:     825660 | Episode:    27522
action_0_mean:             0.5828	action_1_mean:             0.3922	action_2_mean:             0.0250	ep_length_mean:           30.0000
epsilon:                   0.0500	grad_norm:                 0.2821	info_nce_loss:             0.0002	loss:                      0.1363
q_loss:                    0.1267	return_mean:             -540.2837	return_std:              140.6253	test_action_0_mean:        0.6017
test_action_1_mean:        0.3918	test_action_2_mean:        0.0065	test_ep_length_mean:      30.0000	test_return_mean:        -235.6592
test_return_std:          64.0787	
2026-04-28 00:21:10,822 - my_experiment - IMPuc50_HybridComm_43 - my_run - INFO - t_env: 825690 / 2050000
2026-04-28 00:21:10,823 - my_experiment - IMPuc50_HybridComm_43 - my_run - INFO - Estimated time left: 2 hours, 59 minutes, 41 seconds. Time passed: 2 hours, 36 seconds
2026-04-28 00:24:48,569 - my_experiment - IMPuc50_HybridComm_43 - my_run - INFO - Recent Stats | t_env:     850680 | Episode:    28356
action_0_mean:             0.5922	action_1_mean:             0.3823	action_2_mean:             0.0254	ep_length_mean:           30.0000
epsilon:                   0.0500	grad_norm:                 0.3233	info_nce_loss:             0.0002	loss:                      0.1748
q_loss:                    0.1616	return_mean:             -543.6083	return_std:              153.6013	test_action_0_mean:        0.6196
test_action_1_mean:        0.3732	test_action_2_mean:        0.0072	test_ep_length_mean:      30.0000	test_return_mean:        -228.2258
test_return_std:          52.6016	
2026-04-28 00:24:48,881 - my_experiment - IMPuc50_HybridComm_43 - my_run - INFO - t_env: 850710 / 2050000
2026-04-28 00:24:48,881 - my_experiment - IMPuc50_HybridComm_43 - my_run - INFO - Estimated time left: 2 hours, 54 minutes, 12 seconds. Time passed: 2 hours, 4 minutes, 14 seconds
2026-04-28 00:28:27,105 - my_experiment - IMPuc50_HybridComm_43 - my_run - INFO - Recent Stats | t_env:     875700 | Episode:    29190
action_0_mean:             0.5889	action_1_mean:             0.3861	action_2_mean:             0.0250	ep_length_mean:           30.0000
epsilon:                   0.0500	grad_norm:                 0.3728	info_nce_loss:             0.0001	loss:                      0.1845
q_loss:                    0.1742	return_mean:             -543.0863	return_std:              154.4993	test_action_0_mean:        0.6025
test_action_1_mean:        0.3907	test_action_2_mean:        0.0068	test_ep_length_mean:      30.0000	test_return_mean:        -232.3943
test_return_std:          60.1091	
2026-04-28 00:28:27,375 - my_experiment - IMPuc50_HybridComm_43 - my_run - INFO - t_env: 875730 / 2050000
2026-04-28 00:28:27,375 - my_experiment - IMPuc50_HybridComm_43 - my_run - INFO - Estimated time left: 2 hours, 50 minutes, 54 seconds. Time passed: 2 hours, 7 minutes, 53 seconds
2026-04-28 00:32:06,776 - my_experiment - IMPuc50_HybridComm_43 - my_run - INFO - Recent Stats | t_env:     900720 | Episode:    30024
action_0_mean:             0.5955	action_1_mean:             0.3798	action_2_mean:             0.0247	ep_length_mean:           30.0000
epsilon:                   0.0500	grad_norm:                 0.3720	info_nce_loss:             0.0001	loss:                      0.1996
q_loss:                    0.1917	return_mean:             -534.4154	return_std:              143.4460	test_action_0_mean:        0.6423
test_action_1_mean:        0.3507	test_action_2_mean:        0.0070	test_ep_length_mean:      30.0000	test_return_mean:        -249.3352
test_return_std:          73.1015	
2026-04-28 00:32:07,088 - my_experiment - IMPuc50_HybridComm_43 - my_run - INFO - t_env: 900750 / 2050000
2026-04-28 00:32:07,088 - my_experiment - IMPuc50_HybridComm_43 - my_run - INFO - Estimated time left: 2 hours, 48 minutes, 12 seconds. Time passed: 2 hours, 11 minutes, 32 seconds
2026-04-28 00:35:49,923 - my_experiment - IMPuc50_HybridComm_43 - my_run - INFO - Recent Stats | t_env:     925740 | Episode:    30858
action_0_mean:             0.6057	action_1_mean:             0.3690	action_2_mean:             0.0254	ep_length_mean:           30.0000
epsilon:                   0.0500	grad_norm:                 0.3665	info_nce_loss:             0.0001	loss:                      0.2135
q_loss:                    0.2016	return_mean:             -535.7746	return_std:              144.6447	test_action_0_mean:        0.6539
test_action_1_mean:        0.3393	test_action_2_mean:        0.0068	test_ep_length_mean:      30.0000	test_return_mean:        -245.1797
test_return_std:          72.0390	
2026-04-28 00:35:50,195 - my_experiment - IMPuc50_HybridComm_43 - my_run - INFO - t_env: 925770 / 2050000
2026-04-28 00:35:50,196 - my_experiment - IMPuc50_HybridComm_43 - my_run - INFO - Estimated time left: 2 hours, 47 minutes, 4 seconds. Time passed: 2 hours, 15 minutes, 16 seconds
2026-04-28 00:39:32,225 - my_experiment - IMPuc50_HybridComm_43 - my_run - INFO - Recent Stats | t_env:     950760 | Episode:    31692
action_0_mean:             0.6041	action_1_mean:             0.3704	action_2_mean:             0.0255	ep_length_mean:           30.0000
epsilon:                   0.0500	grad_norm:                 0.3658	info_nce_loss:             0.0001	loss:                      0.2131
q_loss:                    0.2012	return_mean:             -539.7668	return_std:              146.5620	test_action_0_mean:        0.6199
test_action_1_mean:        0.3734	test_action_2_mean:        0.0067	test_ep_length_mean:      30.0000	test_return_mean:        -248.7179
test_return_std:          72.7213	
2026-04-28 00:39:32,537 - my_experiment - IMPuc50_HybridComm_43 - my_run - INFO - t_env: 950790 / 2050000
2026-04-28 00:39:32,537 - my_experiment - IMPuc50_HybridComm_43 - my_run - INFO - Estimated time left: 2 hours, 42 minutes, 48 seconds. Time passed: 2 hours, 18 minutes, 58 seconds
2026-04-28 00:43:10,556 - my_experiment - IMPuc50_HybridComm_43 - my_run - INFO - Recent Stats | t_env:     975780 | Episode:    32526
action_0_mean:             0.5969	action_1_mean:             0.3780	action_2_mean:             0.0251	ep_length_mean:           30.0000
epsilon:                   0.0500	grad_norm:                 0.3511	info_nce_loss:             0.0000	loss:                      0.1880
q_loss:                    0.1814	return_mean:             -536.4801	return_std:              140.8911	test_action_0_mean:        0.6224
test_action_1_mean:        0.3713	test_action_2_mean:        0.0063	test_ep_length_mean:      30.0000	test_return_mean:        -248.4119
test_return_std:          77.0451	
2026-04-28 00:43:10,836 - my_experiment - IMPuc50_HybridComm_43 - my_run - INFO - t_env: 975810 / 2050000
2026-04-28 00:43:10,836 - my_experiment - IMPuc50_HybridComm_43 - my_run - INFO - Estimated time left: 2 hours, 36 minutes, 12 seconds. Time passed: 2 hours, 22 minutes, 36 seconds
2026-04-28 00:46:45,297 - my_experiment - IMPuc50_HybridComm_43 - my_run - INFO - Saving models to work_dirs/my_experiment/IMPuc50_HybridComm_43/my_run/20260427_222010/models/1000080
2026-04-28 00:46:51,524 - my_experiment - IMPuc50_HybridComm_43 - my_run - INFO - Recent Stats | t_env:    1000800 | Episode:    33360
action_0_mean:             0.5992	action_1_mean:             0.3747	action_2_mean:             0.0261	ep_length_mean:           30.0000
epsilon:                   0.0500	grad_norm:                 0.2976	info_nce_loss:             0.0001	loss:                      0.1731
q_loss:                    0.1640	return_mean:             -545.9636	return_std:              146.7353	test_action_0_mean:        0.6368
test_action_1_mean:        0.3527	test_action_2_mean:        0.0105	test_ep_length_mean:      30.0000	test_return_mean:        -320.2783
test_return_std:          72.7161	
2026-04-28 00:46:51,795 - my_experiment - IMPuc50_HybridComm_43 - my_run - INFO - t_env: 1000830 / 2050000
2026-04-28 00:46:51,796 - my_experiment - IMPuc50_HybridComm_43 - my_run - INFO - Estimated time left: 2 hours, 34 minutes, 25 seconds. Time passed: 2 hours, 26 minutes, 17 seconds
2026-04-28 00:50:31,145 - my_experiment - IMPuc50_HybridComm_43 - my_run - INFO - Recent Stats | t_env:    1025820 | Episode:    34194
action_0_mean:             0.5881	action_1_mean:             0.3860	action_2_mean:             0.0259	ep_length_mean:           30.0000
epsilon:                   0.0500	grad_norm:                 0.2732	info_nce_loss:             0.0001	loss:                      0.1623
q_loss:                    0.1505	return_mean:             -551.4665	return_std:              151.9186	test_action_0_mean:        0.6189
test_action_1_mean:        0.3707	test_action_2_mean:        0.0104	test_ep_length_mean:      30.0000	test_return_mean:        -317.4405
test_return_std:          71.5354	
2026-04-28 00:50:31,424 - my_experiment - IMPuc50_HybridComm_43 - my_run - INFO - t_env: 1025850 / 2050000
2026-04-28 00:50:31,424 - my_experiment - IMPuc50_HybridComm_43 - my_run - INFO - Estimated time left: 2 hours, 29 minutes, 50 seconds. Time passed: 2 hours, 29 minutes, 57 seconds
2026-04-28 00:54:11,632 - my_experiment - IMPuc50_HybridComm_43 - my_run - INFO - Recent Stats | t_env:    1050840 | Episode:    35028
action_0_mean:             0.5872	action_1_mean:             0.3873	action_2_mean:             0.0256	ep_length_mean:           30.0000
epsilon:                   0.0500	grad_norm:                 0.2638	info_nce_loss:             0.0001	loss:                      0.1475
q_loss:                    0.1370	return_mean:             -548.8009	return_std:              143.6835	test_action_0_mean:        0.5945
test_action_1_mean:        0.3953	test_action_2_mean:        0.0103	test_ep_length_mean:      30.0000	test_return_mean:        -316.0075
test_return_std:          70.2865	
2026-04-28 00:54:11,894 - my_experiment - IMPuc50_HybridComm_43 - my_run - INFO - t_env: 1050870 / 2050000
2026-04-28 00:54:11,894 - my_experiment - IMPuc50_HybridComm_43 - my_run - INFO - Estimated time left: 2 hours, 26 minutes, 44 seconds. Time passed: 2 hours, 33 minutes, 37 seconds
2026-04-28 00:57:49,615 - my_experiment - IMPuc50_HybridComm_43 - my_run - INFO - Recent Stats | t_env:    1075860 | Episode:    35862
action_0_mean:             0.5969	action_1_mean:             0.3779	action_2_mean:             0.0252	ep_length_mean:           30.0000
epsilon:                   0.0500	grad_norm:                 0.2478	info_nce_loss:             0.0001	loss:                      0.1366
q_loss:                    0.1271	return_mean:             -541.5179	return_std:              138.8136	test_action_0_mean:        0.6198
test_action_1_mean:        0.3697	test_action_2_mean:        0.0105	test_ep_length_mean:      30.0000	test_return_mean:        -306.7943
test_return_std:          64.0647	
2026-04-28 00:57:49,876 - my_experiment - IMPuc50_HybridComm_43 - my_run - INFO - t_env: 1075890 / 2050000
2026-04-28 00:57:49,876 - my_experiment - IMPuc50_HybridComm_43 - my_run - INFO - Estimated time left: 2 hours, 21 minutes, 26 seconds. Time passed: 2 hours, 37 minutes, 15 seconds
2026-04-28 01:01:29,502 - my_experiment - IMPuc50_HybridComm_43 - my_run - INFO - Recent Stats | t_env:    1100880 | Episode:    36696
action_0_mean:             0.6093	action_1_mean:             0.3656	action_2_mean:             0.0251	ep_length_mean:           30.0000
epsilon:                   0.0500	grad_norm:                 0.2220	info_nce_loss:             0.0002	loss:                      0.1239
q_loss:                    0.1127	return_mean:             -537.5864	return_std:              130.5532	test_action_0_mean:        0.6152
test_action_1_mean:        0.3749	test_action_2_mean:        0.0099	test_ep_length_mean:      30.0000	test_return_mean:        -305.5493
test_return_std:          72.6408	
2026-04-28 01:01:29,770 - my_experiment - IMPuc50_HybridComm_43 - my_run - INFO - t_env: 1100910 / 2050000
2026-04-28 01:01:29,771 - my_experiment - IMPuc50_HybridComm_43 - my_run - INFO - Estimated time left: 2 hours, 19 minutes, 1 seconds. Time passed: 2 hours, 40 minutes, 55 seconds
2026-04-28 01:05:10,104 - my_experiment - IMPuc50_HybridComm_43 - my_run - INFO - Recent Stats | t_env:    1125900 | Episode:    37530
action_0_mean:             0.5981	action_1_mean:             0.3774	action_2_mean:             0.0245	ep_length_mean:           30.0000
epsilon:                   0.0500	grad_norm:                 0.2343	info_nce_loss:             0.0001	loss:                      0.1289
q_loss:                    0.1200	return_mean:             -527.2080	return_std:              121.6639	test_action_0_mean:        0.6102
test_action_1_mean:        0.3845	test_action_2_mean:        0.0053	test_ep_length_mean:      30.0000	test_return_mean:        -229.4637
test_return_std:          74.3376	
2026-04-28 01:05:10,375 - my_experiment - IMPuc50_HybridComm_43 - my_run - INFO - t_env: 1125930 / 2050000
2026-04-28 01:05:10,376 - my_experiment - IMPuc50_HybridComm_43 - my_run - INFO - Estimated time left: 2 hours, 15 minutes, 47 seconds. Time passed: 2 hours, 44 minutes, 36 seconds
2026-04-28 01:08:52,221 - my_experiment - IMPuc50_HybridComm_43 - my_run - INFO - Recent Stats | t_env:    1150920 | Episode:    38364
action_0_mean:             0.5964	action_1_mean:             0.3792	action_2_mean:             0.0244	ep_length_mean:           30.0000
epsilon:                   0.0500	grad_norm:                 0.2471	info_nce_loss:             0.0001	loss:                      0.1268
q_loss:                    0.1181	return_mean:             -521.1245	return_std:              117.6603	test_action_0_mean:        0.6098
test_action_1_mean:        0.3848	test_action_2_mean:        0.0054	test_ep_length_mean:      30.0000	test_return_mean:        -210.6148
test_return_std:          56.2432	
2026-04-28 01:08:52,496 - my_experiment - IMPuc50_HybridComm_43 - my_run - INFO - t_env: 1150950 / 2050000
2026-04-28 01:08:52,497 - my_experiment - IMPuc50_HybridComm_43 - my_run - INFO - Estimated time left: 2 hours, 13 minutes, 1 seconds. Time passed: 2 hours, 48 minutes, 18 seconds
2026-04-28 01:12:32,049 - my_experiment - IMPuc50_HybridComm_43 - my_run - INFO - Recent Stats | t_env:    1175940 | Episode:    39198
action_0_mean:             0.5868	action_1_mean:             0.3893	action_2_mean:             0.0240	ep_length_mean:           30.0000
epsilon:                   0.0500	grad_norm:                 0.2419	info_nce_loss:             0.0001	loss:                      0.1224
q_loss:                    0.1141	return_mean:             -513.1694	return_std:              109.8375	test_action_0_mean:        0.6217
test_action_1_mean:        0.3734	test_action_2_mean:        0.0049	test_ep_length_mean:      30.0000	test_return_mean:        -211.4646
test_return_std:          61.0260	
2026-04-28 01:12:32,325 - my_experiment - IMPuc50_HybridComm_43 - my_run - INFO - t_env: 1175970 / 2050000
2026-04-28 01:12:32,326 - my_experiment - IMPuc50_HybridComm_43 - my_run - INFO - Estimated time left: 2 hours, 7 minutes, 59 seconds. Time passed: 2 hours, 51 minutes, 58 seconds
2026-04-28 01:16:03,569 - my_experiment - IMPuc50_HybridComm_43 - my_run - INFO - Saving models to work_dirs/my_experiment/IMPuc50_HybridComm_43/my_run/20260427_222010/models/1200090
2026-04-28 01:16:11,022 - my_experiment - IMPuc50_HybridComm_43 - my_run - INFO - Recent Stats | t_env:    1200960 | Episode:    40032
action_0_mean:             0.5891	action_1_mean:             0.3871	action_2_mean:             0.0238	ep_length_mean:           30.0000
epsilon:                   0.0500	grad_norm:                 0.2373	info_nce_loss:             0.0001	loss:                      0.1250
q_loss:                    0.1164	return_mean:             -511.3168	return_std:              105.4830	test_action_0_mean:        0.6327
test_action_1_mean:        0.3625	test_action_2_mean:        0.0047	test_ep_length_mean:      30.0000	test_return_mean:        -212.3270
test_return_std:          65.3776	
2026-04-28 01:16:11,284 - my_experiment - IMPuc50_HybridComm_43 - my_run - INFO - t_env: 1200990 / 2050000
2026-04-28 01:16:11,285 - my_experiment - IMPuc50_HybridComm_43 - my_run - INFO - Estimated time left: 2 hours, 3 minutes, 49 seconds. Time passed: 2 hours, 55 minutes, 37 seconds
2026-04-28 01:19:50,354 - my_experiment - IMPuc50_HybridComm_43 - my_run - INFO - Recent Stats | t_env:    1225980 | Episode:    40866
action_0_mean:             0.5891	action_1_mean:             0.3871	action_2_mean:             0.0238	ep_length_mean:           30.0000
epsilon:                   0.0500	grad_norm:                 0.2787	info_nce_loss:             0.0001	loss:                      0.1784
q_loss:                    0.1650	return_mean:             -513.4890	return_std:              128.4154	test_action_0_mean:        0.6308
test_action_1_mean:        0.3648	test_action_2_mean:        0.0044	test_ep_length_mean:      30.0000	test_return_mean:        -209.2389
test_return_std:          70.6066	
2026-04-28 01:19:50,623 - my_experiment - IMPuc50_HybridComm_43 - my_run - INFO - t_env: 1226010 / 2050000
2026-04-28 01:19:50,624 - my_experiment - IMPuc50_HybridComm_43 - my_run - INFO - Estimated time left: 2 hours, 23 seconds. Time passed: 2 hours, 59 minutes, 16 seconds
2026-04-28 01:23:29,352 - my_experiment - IMPuc50_HybridComm_43 - my_run - INFO - Recent Stats | t_env:    1251000 | Episode:    41700
action_0_mean:             0.5987	action_1_mean:             0.3775	action_2_mean:             0.0237	ep_length_mean:           30.0000
epsilon:                   0.0500	grad_norm:                 0.3302	info_nce_loss:             0.0001	loss:                      0.2487
q_loss:                    0.2261	return_mean:             -517.4947	return_std:              138.1973	test_action_0_mean:        0.6343
test_action_1_mean:        0.3611	test_action_2_mean:        0.0046	test_ep_length_mean:      30.0000	test_return_mean:        -204.9653
test_return_std:          67.7610	
2026-04-28 01:23:29,614 - my_experiment - IMPuc50_HybridComm_43 - my_run - INFO - t_env: 1251030 / 2050000
2026-04-28 01:23:29,614 - my_experiment - IMPuc50_HybridComm_43 - my_run - INFO - Estimated time left: 1 hours, 56 minutes, 33 seconds. Time passed: 3 hours, 2 minutes, 55 seconds
2026-04-28 01:27:08,867 - my_experiment - IMPuc50_HybridComm_43 - my_run - INFO - Recent Stats | t_env:    1276020 | Episode:    42534
action_0_mean:             0.6084	action_1_mean:             0.3679	action_2_mean:             0.0237	ep_length_mean:           30.0000
epsilon:                   0.0500	grad_norm:                 0.3761	info_nce_loss:             0.0001	loss:                      0.3306
q_loss:                    0.3106	return_mean:             -514.5254	return_std:              135.2643	test_action_0_mean:        0.6451
test_action_1_mean:        0.3506	test_action_2_mean:        0.0043	test_ep_length_mean:      30.0000	test_return_mean:        -207.8977
test_return_std:          73.9806	
2026-04-28 01:27:09,137 - my_experiment - IMPuc50_HybridComm_43 - my_run - INFO - t_env: 1276050 / 2050000
2026-04-28 01:27:09,138 - my_experiment - IMPuc50_HybridComm_43 - my_run - INFO - Estimated time left: 1 hours, 53 minutes, 10 seconds. Time passed: 3 hours, 6 minutes, 34 seconds
2026-04-28 01:30:46,664 - my_experiment - IMPuc50_HybridComm_43 - my_run - INFO - Recent Stats | t_env:    1301040 | Episode:    43368
action_0_mean:             0.6207	action_1_mean:             0.3550	action_2_mean:             0.0243	ep_length_mean:           30.0000
epsilon:                   0.0500	grad_norm:                 0.3826	info_nce_loss:             0.0001	loss:                      0.3529
q_loss:                    0.3309	return_mean:             -528.5343	return_std:              159.1560	test_action_0_mean:        0.6531
test_action_1_mean:        0.3424	test_action_2_mean:        0.0046	test_ep_length_mean:      30.0000	test_return_mean:        -210.5968
test_return_std:          73.2243	
2026-04-28 01:30:46,928 - my_experiment - IMPuc50_HybridComm_43 - my_run - INFO - t_env: 1301070 / 2050000
2026-04-28 01:30:46,929 - my_experiment - IMPuc50_HybridComm_43 - my_run - INFO - Estimated time left: 1 hours, 48 minutes, 39 seconds. Time passed: 3 hours, 10 minutes, 12 seconds
2026-04-28 01:34:26,246 - my_experiment - IMPuc50_HybridComm_43 - my_run - INFO - Recent Stats | t_env:    1326060 | Episode:    44202
action_0_mean:             0.6279	action_1_mean:             0.3475	action_2_mean:             0.0246	ep_length_mean:           30.0000
epsilon:                   0.0500	grad_norm:                 0.4255	info_nce_loss:             0.0001	loss:                      0.3694
q_loss:                    0.3458	return_mean:             -537.0452	return_std:              170.7588	test_action_0_mean:        0.6271
test_action_1_mean:        0.3679	test_action_2_mean:        0.0050	test_ep_length_mean:      30.0000	test_return_mean:        -213.3033
test_return_std:          69.3463	
2026-04-28 01:34:26,521 - my_experiment - IMPuc50_HybridComm_43 - my_run - INFO - t_env: 1326090 / 2050000
2026-04-28 01:34:26,521 - my_experiment - IMPuc50_HybridComm_43 - my_run - INFO - Estimated time left: 1 hours, 45 minutes, 53 seconds. Time passed: 3 hours, 13 minutes, 52 seconds
2026-04-28 01:38:06,602 - my_experiment - IMPuc50_HybridComm_43 - my_run - INFO - Recent Stats | t_env:    1351080 | Episode:    45036
action_0_mean:             0.6252	action_1_mean:             0.3504	action_2_mean:             0.0244	ep_length_mean:           30.0000
epsilon:                   0.0500	grad_norm:                 0.3856	info_nce_loss:             0.0001	loss:                      0.3357
q_loss:                    0.3152	return_mean:             -530.5769	return_std:              141.4938	test_action_0_mean:        0.6248
test_action_1_mean:        0.3680	test_action_2_mean:        0.0071	test_ep_length_mean:      30.0000	test_return_mean:        -223.1917
test_return_std:          52.6022	
2026-04-28 01:38:06,884 - my_experiment - IMPuc50_HybridComm_43 - my_run - INFO - t_env: 1351110 / 2050000
2026-04-28 01:38:06,884 - my_experiment - IMPuc50_HybridComm_43 - my_run - INFO - Estimated time left: 1 hours, 42 minutes, 35 seconds. Time passed: 3 hours, 17 minutes, 32 seconds
2026-04-28 01:41:48,198 - my_experiment - IMPuc50_HybridComm_43 - my_run - INFO - Recent Stats | t_env:    1376100 | Episode:    45870
action_0_mean:             0.6196	action_1_mean:             0.3559	action_2_mean:             0.0245	ep_length_mean:           30.0000
epsilon:                   0.0500	grad_norm:                 0.3119	info_nce_loss:             0.0001	loss:                      0.2614
q_loss:                    0.2477	return_mean:             -530.2751	return_std:              138.8404	test_action_0_mean:        0.5990
test_action_1_mean:        0.3937	test_action_2_mean:        0.0073	test_ep_length_mean:      30.0000	test_return_mean:        -225.6674
test_return_std:          51.1491	
2026-04-28 01:41:48,467 - my_experiment - IMPuc50_HybridComm_43 - my_run - INFO - t_env: 1376130 / 2050000
2026-04-28 01:41:48,468 - my_experiment - IMPuc50_HybridComm_43 - my_run - INFO - Estimated time left: 1 hours, 39 minutes, 27 seconds. Time passed: 3 hours, 21 minutes, 14 seconds
2026-04-28 01:45:22,098 - my_experiment - IMPuc50_HybridComm_43 - my_run - INFO - Saving models to work_dirs/my_experiment/IMPuc50_HybridComm_43/my_run/20260427_222010/models/1400100
2026-04-28 01:45:30,803 - my_experiment - IMPuc50_HybridComm_43 - my_run - INFO - Recent Stats | t_env:    1401120 | Episode:    46704
action_0_mean:             0.6103	action_1_mean:             0.3649	action_2_mean:             0.0247	ep_length_mean:           30.0000
epsilon:                   0.0500	grad_norm:                 0.2729	info_nce_loss:             0.0001	loss:                      0.2035
q_loss:                    0.1850	return_mean:             -534.9274	return_std:              145.6567	test_action_0_mean:        0.5825
test_action_1_mean:        0.4100	test_action_2_mean:        0.0075	test_ep_length_mean:      30.0000	test_return_mean:        -226.2816
test_return_std:          53.8845	
2026-04-28 01:45:31,083 - my_experiment - IMPuc50_HybridComm_43 - my_run - INFO - t_env: 1401150 / 2050000
2026-04-28 01:45:31,084 - my_experiment - IMPuc50_HybridComm_43 - my_run - INFO - Estimated time left: 1 hours, 36 minutes, 13 seconds. Time passed: 3 hours, 24 minutes, 56 seconds
2026-04-28 01:49:12,064 - my_experiment - IMPuc50_HybridComm_43 - my_run - INFO - Recent Stats | t_env:    1426140 | Episode:    47538
action_0_mean:             0.5942	action_1_mean:             0.3812	action_2_mean:             0.0246	ep_length_mean:           30.0000
epsilon:                   0.0500	grad_norm:                 0.2858	info_nce_loss:             0.0002	loss:                      0.2130
q_loss:                    0.1936	return_mean:             -531.9622	return_std:              152.2617	test_action_0_mean:        0.5761
test_action_1_mean:        0.4162	test_action_2_mean:        0.0077	test_ep_length_mean:      30.0000	test_return_mean:        -219.5642
test_return_std:          49.3998	
2026-04-28 01:49:12,343 - my_experiment - IMPuc50_HybridComm_43 - my_run - INFO - t_env: 1426170 / 2050000
2026-04-28 01:49:12,344 - my_experiment - IMPuc50_HybridComm_43 - my_run - INFO - Estimated time left: 1 hours, 31 minutes, 56 seconds. Time passed: 3 hours, 28 minutes, 38 seconds
2026-04-28 01:52:51,524 - my_experiment - IMPuc50_HybridComm_43 - my_run - INFO - Recent Stats | t_env:    1451160 | Episode:    48372
action_0_mean:             0.5850	action_1_mean:             0.3908	action_2_mean:             0.0242	ep_length_mean:           30.0000
epsilon:                   0.0500	grad_norm:                 0.3365	info_nce_loss:             0.0002	loss:                      0.2740
q_loss:                    0.2491	return_mean:             -528.4636	return_std:              149.2221	test_action_0_mean:        0.5827
test_action_1_mean:        0.4101	test_action_2_mean:        0.0072	test_ep_length_mean:      30.0000	test_return_mean:        -221.1271
test_return_std:          59.8061	
2026-04-28 01:52:51,832 - my_experiment - IMPuc50_HybridComm_43 - my_run - INFO - t_env: 1451190 / 2050000
2026-04-28 01:52:51,832 - my_experiment - IMPuc50_HybridComm_43 - my_run - INFO - Estimated time left: 1 hours, 27 minutes, 33 seconds. Time passed: 3 hours, 32 minutes, 17 seconds
2026-04-28 01:56:32,969 - my_experiment - IMPuc50_HybridComm_43 - my_run - INFO - Recent Stats | t_env:    1476180 | Episode:    49206
action_0_mean:             0.5900	action_1_mean:             0.3861	action_2_mean:             0.0239	ep_length_mean:           30.0000
epsilon:                   0.0500	grad_norm:                 0.3480	info_nce_loss:             0.0002	loss:                      0.2836
q_loss:                    0.2578	return_mean:             -526.3218	return_std:              146.8758	test_action_0_mean:        0.5716
test_action_1_mean:        0.4235	test_action_2_mean:        0.0049	test_ep_length_mean:      30.0000	test_return_mean:        -205.2269
test_return_std:          63.1246	
2026-04-28 01:56:33,238 - my_experiment - IMPuc50_HybridComm_43 - my_run - INFO - t_env: 1476210 / 2050000
2026-04-28 01:56:33,239 - my_experiment - IMPuc50_HybridComm_43 - my_run - INFO - Estimated time left: 1 hours, 24 minutes, 37 seconds. Time passed: 3 hours, 35 minutes, 59 seconds
2026-04-28 02:00:14,753 - my_experiment - IMPuc50_HybridComm_43 - my_run - INFO - Recent Stats | t_env:    1501200 | Episode:    50040
action_0_mean:             0.5852	action_1_mean:             0.3905	action_2_mean:             0.0243	ep_length_mean:           30.0000
epsilon:                   0.0500	grad_norm:                 0.4068	info_nce_loss:             0.0002	loss:                      0.2857
q_loss:                    0.2597	return_mean:             -533.4814	return_std:              169.5043	test_action_0_mean:        0.5797
test_action_1_mean:        0.4158	test_action_2_mean:        0.0045	test_ep_length_mean:      30.0000	test_return_mean:        -207.2610
test_return_std:          69.1546	
2026-04-28 02:00:15,058 - my_experiment - IMPuc50_HybridComm_43 - my_run - INFO - t_env: 1501230 / 2050000
2026-04-28 02:00:15,059 - my_experiment - IMPuc50_HybridComm_43 - my_run - INFO - Estimated time left: 1 hours, 21 minutes, 5 seconds. Time passed: 3 hours, 39 minutes, 40 seconds
2026-04-28 02:03:58,648 - my_experiment - IMPuc50_HybridComm_43 - my_run - INFO - Recent Stats | t_env:    1526220 | Episode:    50874
action_0_mean:             0.5804	action_1_mean:             0.3953	action_2_mean:             0.0243	ep_length_mean:           30.0000
epsilon:                   0.0500	grad_norm:                 0.4383	info_nce_loss:             0.0002	loss:                      0.3068
q_loss:                    0.2789	return_mean:             -534.9211	return_std:              166.3097	test_action_0_mean:        0.5775
test_action_1_mean:        0.4153	test_action_2_mean:        0.0072	test_ep_length_mean:      30.0000	test_return_mean:        -229.9965
test_return_std:          64.1465	
2026-04-28 02:03:58,933 - my_experiment - IMPuc50_HybridComm_43 - my_run - INFO - t_env: 1526250 / 2050000
2026-04-28 02:03:58,934 - my_experiment - IMPuc50_HybridComm_43 - my_run - INFO - Estimated time left: 1 hours, 18 minutes, 6 seconds. Time passed: 3 hours, 43 minutes, 24 seconds
2026-04-28 02:07:40,902 - my_experiment - IMPuc50_HybridComm_43 - my_run - INFO - Recent Stats | t_env:    1551240 | Episode:    51708
action_0_mean:             0.5810	action_1_mean:             0.3949	action_2_mean:             0.0240	ep_length_mean:           30.0000
epsilon:                   0.0500	grad_norm:                 0.4338	info_nce_loss:             0.0001	loss:                      0.2830
q_loss:                    0.2573	return_mean:             -528.9531	return_std:              143.2654	test_action_0_mean:        0.5643
test_action_1_mean:        0.4287	test_action_2_mean:        0.0070	test_ep_length_mean:      30.0000	test_return_mean:        -230.6382
test_return_std:          64.3289	
2026-04-28 02:07:41,177 - my_experiment - IMPuc50_HybridComm_43 - my_run - INFO - t_env: 1551270 / 2050000
2026-04-28 02:07:41,178 - my_experiment - IMPuc50_HybridComm_43 - my_run - INFO - Estimated time left: 1 hours, 13 minutes, 50 seconds. Time passed: 3 hours, 47 minutes, 7 seconds
2026-04-28 02:11:22,828 - my_experiment - IMPuc50_HybridComm_43 - my_run - INFO - Recent Stats | t_env:    1576260 | Episode:    52542
action_0_mean:             0.5718	action_1_mean:             0.4040	action_2_mean:             0.0243	ep_length_mean:           30.0000
epsilon:                   0.0500	grad_norm:                 0.3633	info_nce_loss:             0.0001	loss:                      0.2217
q_loss:                    0.2015	return_mean:             -528.6530	return_std:              144.7262	test_action_0_mean:        0.5521
test_action_1_mean:        0.4350	test_action_2_mean:        0.0130	test_ep_length_mean:      30.0000	test_return_mean:        -298.2371
test_return_std:          51.8000	
2026-04-28 02:11:23,108 - my_experiment - IMPuc50_HybridComm_43 - my_run - INFO - t_env: 1576290 / 2050000
2026-04-28 02:11:23,109 - my_experiment - IMPuc50_HybridComm_43 - my_run - INFO - Estimated time left: 1 hours, 10 minutes, 1 seconds. Time passed: 3 hours, 50 minutes, 48 seconds
2026-04-28 02:14:58,734 - my_experiment - IMPuc50_HybridComm_43 - my_run - INFO - Saving models to work_dirs/my_experiment/IMPuc50_HybridComm_43/my_run/20260427_222010/models/1600110
2026-04-28 02:15:09,108 - my_experiment - IMPuc50_HybridComm_43 - my_run - INFO - Recent Stats | t_env:    1601280 | Episode:    53376
action_0_mean:             0.5548	action_1_mean:             0.4204	action_2_mean:             0.0248	ep_length_mean:           30.0000
epsilon:                   0.0500	grad_norm:                 0.3883	info_nce_loss:             0.0001	loss:                      0.2004
q_loss:                    0.1847	return_mean:             -537.6108	return_std:              157.1942	test_action_0_mean:        0.5318
test_action_1_mean:        0.4547	test_action_2_mean:        0.0134	test_ep_length_mean:      30.0000	test_return_mean:        -305.9815
test_return_std:          55.7697	
2026-04-28 02:15:09,424 - my_experiment - IMPuc50_HybridComm_43 - my_run - INFO - t_env: 1601310 / 2050000
2026-04-28 02:15:09,425 - my_experiment - IMPuc50_HybridComm_43 - my_run - INFO - Estimated time left: 1 hours, 7 minutes, 38 seconds. Time passed: 3 hours, 54 minutes, 35 seconds
2026-04-28 02:18:55,520 - my_experiment - IMPuc50_HybridComm_43 - my_run - INFO - Recent Stats | t_env:    1626300 | Episode:    54210
action_0_mean:             0.5373	action_1_mean:             0.4382	action_2_mean:             0.0244	ep_length_mean:           30.0000
epsilon:                   0.0500	grad_norm:                 0.3721	info_nce_loss:             0.0000	loss:                      0.2234
q_loss:                    0.2104	return_mean:             -531.1796	return_std:              135.7707	test_action_0_mean:        0.5068
test_action_1_mean:        0.4787	test_action_2_mean:        0.0145	test_ep_length_mean:      30.0000	test_return_mean:        -318.0399
test_return_std:          51.6413	
2026-04-28 02:18:55,800 - my_experiment - IMPuc50_HybridComm_43 - my_run - INFO - t_env: 1626330 / 2050000
2026-04-28 02:18:55,801 - my_experiment - IMPuc50_HybridComm_43 - my_run - INFO - Estimated time left: 1 hours, 3 minutes, 53 seconds. Time passed: 3 hours, 58 minutes, 21 seconds
2026-04-28 02:22:41,206 - my_experiment - IMPuc50_HybridComm_43 - my_run - INFO - Recent Stats | t_env:    1651320 | Episode:    55044
action_0_mean:             0.5194	action_1_mean:             0.4563	action_2_mean:             0.0243	ep_length_mean:           30.0000
epsilon:                   0.0500	grad_norm:                 0.3300	info_nce_loss:             0.0000	loss:                      0.1879
q_loss:                    0.1781	return_mean:             -530.9955	return_std:              136.1943	test_action_0_mean:        0.4938
test_action_1_mean:        0.4935	test_action_2_mean:        0.0127	test_ep_length_mean:      30.0000	test_return_mean:        -301.5836
test_return_std:          47.9070	
2026-04-28 02:22:41,475 - my_experiment - IMPuc50_HybridComm_43 - my_run - INFO - t_env: 1651350 / 2050000
2026-04-28 02:22:41,475 - my_experiment - IMPuc50_HybridComm_43 - my_run - INFO - Estimated time left: 59 minutes, 55 seconds. Time passed: 4 hours, 2 minutes, 7 seconds
2026-04-28 02:26:30,422 - my_experiment - IMPuc50_HybridComm_43 - my_run - INFO - Recent Stats | t_env:    1676340 | Episode:    55878
action_0_mean:             0.5094	action_1_mean:             0.4662	action_2_mean:             0.0244	ep_length_mean:           30.0000
epsilon:                   0.0500	grad_norm:                 0.3527	info_nce_loss:             0.0000	loss:                      0.1968
q_loss:                    0.1900	return_mean:             -535.8847	return_std:              138.2271	test_action_0_mean:        0.4765
test_action_1_mean:        0.5107	test_action_2_mean:        0.0128	test_ep_length_mean:      30.0000	test_return_mean:        -309.6447
test_return_std:          49.3198	
2026-04-28 02:26:30,741 - my_experiment - IMPuc50_HybridComm_43 - my_run - INFO - t_env: 1676370 / 2050000
2026-04-28 02:26:30,742 - my_experiment - IMPuc50_HybridComm_43 - my_run - INFO - Estimated time left: 57 minutes, 3 seconds. Time passed: 4 hours, 5 minutes, 56 seconds
2026-04-28 02:30:15,921 - my_experiment - IMPuc50_HybridComm_43 - my_run - INFO - Recent Stats | t_env:    1701360 | Episode:    56712
action_0_mean:             0.4870	action_1_mean:             0.4886	action_2_mean:             0.0244	ep_length_mean:           30.0000
epsilon:                   0.0500	grad_norm:                 0.3320	info_nce_loss:             0.0001	loss:                      0.2005
q_loss:                    0.1934	return_mean:             -536.7777	return_std:              129.2318	test_action_0_mean:        0.4790
test_action_1_mean:        0.5140	test_action_2_mean:        0.0070	test_ep_length_mean:      30.0000	test_return_mean:        -242.1098
test_return_std:          58.0801	
2026-04-28 02:30:16,191 - my_experiment - IMPuc50_HybridComm_43 - my_run - INFO - t_env: 1701390 / 2050000
2026-04-28 02:30:16,193 - my_experiment - IMPuc50_HybridComm_43 - my_run - INFO - Estimated time left: 52 minutes, 21 seconds. Time passed: 4 hours, 9 minutes, 42 seconds
2026-04-28 02:34:02,401 - my_experiment - IMPuc50_HybridComm_43 - my_run - INFO - Recent Stats | t_env:    1726380 | Episode:    57546
action_0_mean:             0.4751	action_1_mean:             0.5002	action_2_mean:             0.0247	ep_length_mean:           30.0000
epsilon:                   0.0500	grad_norm:                 0.3616	info_nce_loss:             0.0002	loss:                      0.2726
q_loss:                    0.2564	return_mean:             -545.4937	return_std:              145.0380	test_action_0_mean:        0.4909
test_action_1_mean:        0.5021	test_action_2_mean:        0.0070	test_ep_length_mean:      30.0000	test_return_mean:        -255.6070
test_return_std:          82.0679	
2026-04-28 02:34:02,728 - my_experiment - IMPuc50_HybridComm_43 - my_run - INFO - t_env: 1726410 / 2050000
2026-04-28 02:34:02,728 - my_experiment - IMPuc50_HybridComm_43 - my_run - INFO - Estimated time left: 48 minutes, 49 seconds. Time passed: 4 hours, 13 minutes, 28 seconds
2026-04-28 02:37:51,424 - my_experiment - IMPuc50_HybridComm_43 - my_run - INFO - Recent Stats | t_env:    1751400 | Episode:    58380
action_0_mean:             0.4707	action_1_mean:             0.5043	action_2_mean:             0.0250	ep_length_mean:           30.0000
epsilon:                   0.0500	grad_norm:                 0.3370	info_nce_loss:             0.0002	loss:                      0.2576
q_loss:                    0.2380	return_mean:             -549.6341	return_std:              141.1447	test_action_0_mean:        0.4854
test_action_1_mean:        0.5082	test_action_2_mean:        0.0064	test_ep_length_mean:      30.0000	test_return_mean:        -243.3158
test_return_std:          78.1546	
2026-04-28 02:37:51,707 - my_experiment - IMPuc50_HybridComm_43 - my_run - INFO - t_env: 1751430 / 2050000
2026-04-28 02:37:51,707 - my_experiment - IMPuc50_HybridComm_43 - my_run - INFO - Estimated time left: 45 minutes, 32 seconds. Time passed: 4 hours, 17 minutes, 17 seconds
2026-04-28 02:41:41,015 - my_experiment - IMPuc50_HybridComm_43 - my_run - INFO - Recent Stats | t_env:    1776420 | Episode:    59214
action_0_mean:             0.4640	action_1_mean:             0.5109	action_2_mean:             0.0251	ep_length_mean:           30.0000
epsilon:                   0.0500	grad_norm:                 0.3886	info_nce_loss:             0.0002	loss:                      0.2592
q_loss:                    0.2431	return_mean:             -549.0234	return_std:              138.9230	test_action_0_mean:        0.4734
test_action_1_mean:        0.5210	test_action_2_mean:        0.0056	test_ep_length_mean:      30.0000	test_return_mean:        -236.5068
test_return_std:          80.1707	
2026-04-28 02:41:41,301 - my_experiment - IMPuc50_HybridComm_43 - my_run - INFO - t_env: 1776450 / 2050000
2026-04-28 02:41:41,301 - my_experiment - IMPuc50_HybridComm_43 - my_run - INFO - Estimated time left: 41 minutes, 50 seconds. Time passed: 4 hours, 21 minutes, 7 seconds
2026-04-28 02:45:17,355 - my_experiment - IMPuc50_HybridComm_43 - my_run - INFO - Saving models to work_dirs/my_experiment/IMPuc50_HybridComm_43/my_run/20260427_222010/models/1800120
2026-04-28 02:45:29,086 - my_experiment - IMPuc50_HybridComm_43 - my_run - INFO - Recent Stats | t_env:    1801440 | Episode:    60048
action_0_mean:             0.4481	action_1_mean:             0.5270	action_2_mean:             0.0249	ep_length_mean:           30.0000
epsilon:                   0.0500	grad_norm:                 0.3582	info_nce_loss:             0.0002	loss:                      0.2540
q_loss:                    0.2345	return_mean:             -550.2654	return_std:              143.2332	test_action_0_mean:        0.4820
test_action_1_mean:        0.5125	test_action_2_mean:        0.0055	test_ep_length_mean:      30.0000	test_return_mean:        -234.4550
test_return_std:          85.7765	
2026-04-28 02:45:29,413 - my_experiment - IMPuc50_HybridComm_43 - my_run - INFO - t_env: 1801470 / 2050000
2026-04-28 02:45:29,413 - my_experiment - IMPuc50_HybridComm_43 - my_run - INFO - Estimated time left: 37 minutes, 45 seconds. Time passed: 4 hours, 24 minutes, 55 seconds
2026-04-28 02:49:16,818 - my_experiment - IMPuc50_HybridComm_43 - my_run - INFO - Recent Stats | t_env:    1826460 | Episode:    60882
action_0_mean:             0.4483	action_1_mean:             0.5267	action_2_mean:             0.0250	ep_length_mean:           30.0000
epsilon:                   0.0500	grad_norm:                 0.3681	info_nce_loss:             0.0002	loss:                      0.2601
q_loss:                    0.2401	return_mean:             -553.4542	return_std:              146.4545	test_action_0_mean:        0.4555
test_action_1_mean:        0.5340	test_action_2_mean:        0.0104	test_ep_length_mean:      30.0000	test_return_mean:        -310.0670
test_return_std:          80.5305	
2026-04-28 02:49:17,101 - my_experiment - IMPuc50_HybridComm_43 - my_run - INFO - t_env: 1826490 / 2050000
2026-04-28 02:49:17,102 - my_experiment - IMPuc50_HybridComm_43 - my_run - INFO - Estimated time left: 33 minutes, 53 seconds. Time passed: 4 hours, 28 minutes, 42 seconds
2026-04-28 02:53:01,523 - my_experiment - IMPuc50_HybridComm_43 - my_run - INFO - Recent Stats | t_env:    1851480 | Episode:    61716
action_0_mean:             0.4435	action_1_mean:             0.5323	action_2_mean:             0.0242	ep_length_mean:           30.0000
epsilon:                   0.0500	grad_norm:                 0.3115	info_nce_loss:             0.0002	loss:                      0.1897
q_loss:                    0.1760	return_mean:             -538.5872	return_std:              117.5945	test_action_0_mean:        0.4529
test_action_1_mean:        0.5369	test_action_2_mean:        0.0102	test_ep_length_mean:      30.0000	test_return_mean:        -287.5475
test_return_std:          48.7766	
2026-04-28 02:53:01,819 - my_experiment - IMPuc50_HybridComm_43 - my_run - INFO - t_env: 1851510 / 2050000
2026-04-28 02:53:01,819 - my_experiment - IMPuc50_HybridComm_43 - my_run - INFO - Estimated time left: 29 minutes, 42 seconds. Time passed: 4 hours, 32 minutes, 27 seconds
2026-04-28 02:56:42,030 - my_experiment - IMPuc50_HybridComm_43 - my_run - INFO - Recent Stats | t_env:    1876500 | Episode:    62550
action_0_mean:             0.4494	action_1_mean:             0.5263	action_2_mean:             0.0243	ep_length_mean:           30.0000
epsilon:                   0.0500	grad_norm:                 0.3287	info_nce_loss:             0.0001	loss:                      0.1873
q_loss:                    0.1738	return_mean:             -538.9304	return_std:              123.4423	test_action_0_mean:        0.4752
test_action_1_mean:        0.5147	test_action_2_mean:        0.0101	test_ep_length_mean:      30.0000	test_return_mean:        -292.9145
test_return_std:          61.6508	
2026-04-28 02:56:42,313 - my_experiment - IMPuc50_HybridComm_43 - my_run - INFO - t_env: 1876530 / 2050000
2026-04-28 02:56:42,314 - my_experiment - IMPuc50_HybridComm_43 - my_run - INFO - Estimated time left: 25 minutes, 28 seconds. Time passed: 4 hours, 36 minutes, 8 seconds
2026-04-28 03:00:25,301 - my_experiment - IMPuc50_HybridComm_43 - my_run - INFO - Recent Stats | t_env:    1901520 | Episode:    63384
action_0_mean:             0.4816	action_1_mean:             0.4941	action_2_mean:             0.0243	ep_length_mean:           30.0000
epsilon:                   0.0500	grad_norm:                 0.2799	info_nce_loss:             0.0002	loss:                      0.2082
q_loss:                    0.1893	return_mean:             -543.4467	return_std:              129.3179	test_action_0_mean:        0.4989
test_action_1_mean:        0.4905	test_action_2_mean:        0.0105	test_ep_length_mean:      30.0000	test_return_mean:        -299.1915
test_return_std:          63.8414	
2026-04-28 03:00:25,609 - my_experiment - IMPuc50_HybridComm_43 - my_run - INFO - t_env: 1901550 / 2050000
2026-04-28 03:00:25,610 - my_experiment - IMPuc50_HybridComm_43 - my_run - INFO - Estimated time left: 22 minutes, 4 seconds. Time passed: 4 hours, 39 minutes, 51 seconds
2026-04-28 03:04:11,113 - my_experiment - IMPuc50_HybridComm_43 - my_run - INFO - Recent Stats | t_env:    1926540 | Episode:    64218
action_0_mean:             0.5052	action_1_mean:             0.4699	action_2_mean:             0.0248	ep_length_mean:           30.0000
epsilon:                   0.0500	grad_norm:                 0.2943	info_nce_loss:             0.0001	loss:                      0.2146
q_loss:                    0.1951	return_mean:             -545.7967	return_std:              134.4820	test_action_0_mean:        0.5141
test_action_1_mean:        0.4757	test_action_2_mean:        0.0102	test_ep_length_mean:      30.0000	test_return_mean:        -299.0967
test_return_std:          66.3135	
2026-04-28 03:04:11,422 - my_experiment - IMPuc50_HybridComm_43 - my_run - INFO - t_env: 1926570 / 2050000
2026-04-28 03:04:11,423 - my_experiment - IMPuc50_HybridComm_43 - my_run - INFO - Estimated time left: 18 minutes, 33 seconds. Time passed: 4 hours, 43 minutes, 37 seconds
2026-04-28 03:07:53,440 - my_experiment - IMPuc50_HybridComm_43 - my_run - INFO - Recent Stats | t_env:    1951560 | Episode:    65052
action_0_mean:             0.5196	action_1_mean:             0.4557	action_2_mean:             0.0247	ep_length_mean:           30.0000
epsilon:                   0.0500	grad_norm:                 0.3279	info_nce_loss:             0.0001	loss:                      0.2175
q_loss:                    0.2022	return_mean:             -540.6160	return_std:              134.3581	test_action_0_mean:        0.5437
test_action_1_mean:        0.4509	test_action_2_mean:        0.0054	test_ep_length_mean:      30.0000	test_return_mean:        -217.5594
test_return_std:          64.4287	
2026-04-28 03:07:53,715 - my_experiment - IMPuc50_HybridComm_43 - my_run - INFO - t_env: 1951590 / 2050000
2026-04-28 03:07:53,716 - my_experiment - IMPuc50_HybridComm_43 - my_run - INFO - Estimated time left: 14 minutes, 34 seconds. Time passed: 4 hours, 47 minutes, 19 seconds
2026-04-28 03:11:37,999 - my_experiment - IMPuc50_HybridComm_43 - my_run - INFO - Recent Stats | t_env:    1976580 | Episode:    65886
action_0_mean:             0.5379	action_1_mean:             0.4375	action_2_mean:             0.0246	ep_length_mean:           30.0000
epsilon:                   0.0500	grad_norm:                 0.2989	info_nce_loss:             0.0001	loss:                      0.2189
q_loss:                    0.2035	return_mean:             -540.9760	return_std:              136.9868	test_action_0_mean:        0.5487
test_action_1_mean:        0.4460	test_action_2_mean:        0.0053	test_ep_length_mean:      30.0000	test_return_mean:        -221.7176
test_return_std:          69.0865	
2026-04-28 03:11:38,266 - my_experiment - IMPuc50_HybridComm_43 - my_run - INFO - t_env: 1976610 / 2050000
2026-04-28 03:11:38,267 - my_experiment - IMPuc50_HybridComm_43 - my_run - INFO - Estimated time left: 10 minutes, 58 seconds. Time passed: 4 hours, 51 minutes, 4 seconds
2026-04-28 03:15:10,067 - my_experiment - IMPuc50_HybridComm_43 - my_run - INFO - Saving models to work_dirs/my_experiment/IMPuc50_HybridComm_43/my_run/20260427_222010/models/2000130
2026-04-28 03:15:23,049 - my_experiment - IMPuc50_HybridComm_43 - my_run - INFO - Recent Stats | t_env:    2001600 | Episode:    66720
action_0_mean:             0.5397	action_1_mean:             0.4361	action_2_mean:             0.0243	ep_length_mean:           30.0000
epsilon:                   0.0500	grad_norm:                 0.2776	info_nce_loss:             0.0001	loss:                      0.2186
q_loss:                    0.2032	return_mean:             -534.3071	return_std:              125.8701	test_action_0_mean:        0.5642
test_action_1_mean:        0.4303	test_action_2_mean:        0.0056	test_ep_length_mean:      30.0000	test_return_mean:        -214.7543
test_return_std:          58.3036	
2026-04-28 03:15:23,326 - my_experiment - IMPuc50_HybridComm_43 - my_run - INFO - t_env: 2001630 / 2050000
2026-04-28 03:15:23,327 - my_experiment - IMPuc50_HybridComm_43 - my_run - INFO - Estimated time left: 7 minutes, 15 seconds. Time passed: 4 hours, 54 minutes, 49 seconds
2026-04-28 03:19:07,421 - my_experiment - IMPuc50_HybridComm_43 - my_run - INFO - Recent Stats | t_env:    2026620 | Episode:    67554
action_0_mean:             0.5218	action_1_mean:             0.4544	action_2_mean:             0.0239	ep_length_mean:           30.0000
epsilon:                   0.0500	grad_norm:                 0.2601	info_nce_loss:             0.0001	loss:                      0.1923
q_loss:                    0.1793	return_mean:             -525.4544	return_std:              116.7760	test_action_0_mean:        0.5495
test_action_1_mean:        0.4456	test_action_2_mean:        0.0049	test_ep_length_mean:      30.0000	test_return_mean:        -204.3014
test_return_std:          56.8265	
2026-04-28 03:19:07,687 - my_experiment - IMPuc50_HybridComm_43 - my_run - INFO - t_env: 2026650 / 2050000
2026-04-28 03:19:07,688 - my_experiment - IMPuc50_HybridComm_43 - my_run - INFO - Estimated time left: 3 minutes, 29 seconds. Time passed: 4 hours, 58 minutes, 33 seconds
2026-04-28 03:22:34,330 - my_experiment - IMPuc50_HybridComm_43 - my_run - INFO - Finished Training
