JOB ID: 1917782
Running on node: tikgpu02
Project Directory: /usr/itetnas04/data-scratch-01/pparsons/data/MyExpoComm
--------------------------------
Algorithm:   qmix_ExpoComm_one_peer_n7_cont
Environment: IMP_struct_uc_100_cc
Profile:     IMPuc100_ExpoComm_43
--------------------------------
Conda activated: /usr/itetnas04/data-scratch-01/pparsons/data/conda_envs/ExpoComm
Starting Run...
Exiting Main
Stopping all threads
Thread wandb-AsyncioManager-main is alive! Is daemon: True
Thread joined
Thread ChkStopThr is alive! Is daemon: True
Thread joined
Thread IntMsgThr is alive! Is daemon: True
Thread joined
Exiting script
[1;34mwandb[0m: 
[1;34mwandb[0m: 🚀 View run [33mmy_run-IMPuc100_ExpoComm_43-20260427_203735[0m at: [34mhttps://wandb.ai/peterparsons02-eth-z-rich/my_experiment/runs/3xoe36ry[0m
[1;34mwandb[0m: Find logs at: [1;35mwandb/run-20260427_203735-3xoe36ry/logs[0m
Finished at: Tue Apr 28 05:17:36 CEST 2026
