JOB ID: 1930622
Running on node: tikgpu07
Project Directory: /usr/itetnas04/data-scratch-01/pparsons/data/MyExpoComm
--------------------------------
Algorithm:   qmix_ExpoComm_one_peer_n7_cont
Environment: IMP_struct_uc_50_cc
Profile:     IMPuc50_ExpoComm_44
--------------------------------
Conda activated: /usr/itetnas04/data-scratch-01/pparsons/data/conda_envs/ExpoComm
Starting Run...
Exiting Main
Stopping all threads
Thread wandb-AsyncioManager-main is alive! Is daemon: True
Thread joined
Thread ChkStopThr is alive! Is daemon: True
Thread joined
Thread IntMsgThr is alive! Is daemon: True
Thread joined
Exiting script
[1;34mwandb[0m: 
[1;34mwandb[0m: 🚀 View run [33mmy_run-IMPuc50_ExpoComm_44-20260429_183410[0m at: [34mhttps://wandb.ai/peterparsons02-eth-z-rich/my_experiment/runs/loh53w5b[0m
[1;34mwandb[0m: Find logs at: [1;35mwandb/run-20260429_183413-loh53w5b/logs[0m
Finished at: Wed Apr 29 23:39:22 CEST 2026
