JOB ID: 1917987
Running on node: artongpu03
Project Directory: /usr/itetnas04/data-scratch-01/pparsons/data/MyExpoComm
--------------------------------
Algorithm:   qmix_ExpoComm_one_peer_n7_cont
Environment: IMP_struct_uc_50_cc
Profile:     IMPuc50_ExpoComm_43
--------------------------------
Conda activated: /usr/itetnas04/data-scratch-01/pparsons/data/conda_envs/ExpoComm
Starting Run...
Exiting Main
Stopping all threads
Thread wandb-AsyncioManager-main is alive! Is daemon: True
Thread joined
Thread ChkStopThr is alive! Is daemon: True
Thread joined
Thread IntMsgThr is alive! Is daemon: True
Thread joined
Exiting script
[1;34mwandb[0m: 
[1;34mwandb[0m: 🚀 View run [33mmy_run-IMPuc50_ExpoComm_43-20260427_215411[0m at: [34mhttps://wandb.ai/peterparsons02-eth-z-rich/my_experiment/runs/yhop3dfw[0m
[1;34mwandb[0m: Find logs at: [1;35mwandb/run-20260427_215413-yhop3dfw/logs[0m
Finished at: Tue Apr 28 02:55:05 CEST 2026
