JOB ID: 1930679
Running on node: tikgpu03
Project Directory: /usr/itetnas04/data-scratch-01/pparsons/data/MyExpoComm
--------------------------------
Algorithm:   iql
Environment: IMP_struct_uc_50_cc
Profile:     IMPuc50_IQL_RNN_44
--------------------------------
Conda activated: /usr/itetnas04/data-scratch-01/pparsons/data/conda_envs/ExpoComm
Starting Run...
Exiting Main
Stopping all threads
Thread wandb-AsyncioManager-main is alive! Is daemon: True
Thread joined
Thread ChkStopThr is alive! Is daemon: True
Thread joined
Thread IntMsgThr is alive! Is daemon: True
Thread joined
Exiting script
[1;34mwandb[0m: 
[1;34mwandb[0m: 🚀 View run [33mmy_run-IMPuc50_IQL_RNN_44-20260429_184729[0m at: [34mhttps://wandb.ai/peterparsons02-eth-z-rich/my_experiment/runs/t7bnqvnq[0m
[1;34mwandb[0m: Find logs at: [1;35mwandb/run-20260429_184730-t7bnqvnq/logs[0m
Finished at: Wed Apr 29 23:34:36 CEST 2026
